2026-09-10 09:59:53,276 INFO o.a.j.u.JMeterUtils: Setting Locale to en_EN
2026-09-10 09:59:53,293 INFO o.a.j.JMeter: Loading user properties from: /home/avituo/projects/tcc/tcc-container/.tools/apache-jmeter-5.6.3/bin/user.properties
2026-09-10 09:59:53,293 INFO o.a.j.JMeter: Loading system properties from: /home/avituo/projects/tcc/tcc-container/.tools/apache-jmeter-5.6.3/bin/system.properties
2026-09-10 09:59:53,293 INFO o.a.j.JMeter: Loading additional properties from: /home/avituo/projects/tcc/tcc-container/benchmark/jmeter/benchmark.properties
2026-09-10 09:59:53,294 INFO o.a.j.JMeter: Loading additional properties from: /tmp/tcc-benchmark-auth.uj3Pzg/auth.properties
2026-09-10 09:59:53,294 INFO o.a.j.JMeter: Setting JMeter property: threads=100
2026-09-10 09:59:53,294 INFO o.a.j.JMeter: Setting JMeter property: duration_seconds=30
2026-09-10 09:59:53,294 INFO o.a.j.JMeter: Setting JMeter property: target_host=localhost
2026-09-10 09:59:53,294 INFO o.a.j.JMeter: Setting JMeter property: target_port=18080
2026-09-10 09:59:53,294 INFO o.a.j.JMeter: Setting JMeter property: tcc.order.id=20000000-0000-4000-8000-000000000001
2026-09-10 09:59:53,294 INFO o.a.j.JMeter: Setting JMeter property: repetition=2
2026-09-10 09:59:53,300 INFO o.a.j.JMeter: Copyright (c) 1998-2024 The Apache Software Foundation
2026-09-10 09:59:53,300 INFO o.a.j.JMeter: Version 5.6.3
2026-09-10 09:59:53,300 INFO o.a.j.JMeter: java.version=21.0.11
2026-09-10 09:59:53,300 INFO o.a.j.JMeter: java.vm.name=OpenJDK 64-Bit Server VM
2026-09-10 09:59:53,300 INFO o.a.j.JMeter: os.name=Linux
2026-09-10 09:59:53,300 INFO o.a.j.JMeter: os.arch=amd64
2026-09-10 09:59:53,300 INFO o.a.j.JMeter: os.version=7.0.11-76070011-generic
2026-09-10 09:59:53,300 INFO o.a.j.JMeter: file.encoding=UTF-8
2026-09-10 09:59:53,300 INFO o.a.j.JMeter: java.awt.headless=true
2026-09-10 09:59:53,300 INFO o.a.j.JMeter: Max memory     =1073741824
2026-09-10 09:59:53,301 INFO o.a.j.JMeter: Available Processors =16
2026-09-10 09:59:53,309 INFO o.a.j.JMeter: Default Locale=English (EN)
2026-09-10 09:59:53,309 INFO o.a.j.JMeter: JMeter  Locale=English (EN)
2026-09-10 09:59:53,310 INFO o.a.j.JMeter: JMeterHome=/home/avituo/projects/tcc/tcc-container/.tools/apache-jmeter-5.6.3
2026-09-10 09:59:53,310 INFO o.a.j.JMeter: user.dir  =/home/avituo/projects/tcc/tcc-container
2026-09-10 09:59:53,310 INFO o.a.j.JMeter: PWD       =/home/avituo/projects/tcc/tcc-container
2026-09-10 09:59:53,321 INFO o.a.j.JMeter: IP: 192.168.1.16 Name: pop-os FullName: pop-os.home
2026-09-10 09:59:53,333 INFO o.a.j.s.FileServer: Default base='/home/avituo/projects/tcc/tcc-container'
2026-09-10 09:59:53,335 INFO o.a.j.s.FileServer: Set new base='/home/avituo/projects/tcc/tcc-container/benchmark/jmeter'
2026-09-10 09:59:53,498 INFO o.a.j.s.SaveService: Testplan (JMX) version: 2.2. Testlog (JTL) version: 2.2
2026-09-10 09:59:53,522 INFO o.a.j.s.SaveService: Using SaveService properties version 5.0
2026-09-10 09:59:53,525 INFO o.a.j.s.SaveService: Using SaveService properties file encoding UTF-8
2026-09-10 09:59:53,529 INFO o.a.j.s.SaveService: Loading file: /home/avituo/projects/tcc/tcc-container/benchmark/jmeter/tcc-order-create-v1.jmx
2026-09-10 09:59:53,578 INFO o.a.j.p.h.s.HTTPSamplerBase: Parser for text/html is org.apache.jmeter.protocol.http.parser.LagartoBasedHtmlParser
2026-09-10 09:59:53,578 INFO o.a.j.p.h.s.HTTPSamplerBase: Parser for application/xhtml+xml is org.apache.jmeter.protocol.http.parser.LagartoBasedHtmlParser
2026-09-10 09:59:53,578 INFO o.a.j.p.h.s.HTTPSamplerBase: Parser for application/xml is org.apache.jmeter.protocol.http.parser.LagartoBasedHtmlParser
2026-09-10 09:59:53,578 INFO o.a.j.p.h.s.HTTPSamplerBase: Parser for text/xml is org.apache.jmeter.protocol.http.parser.LagartoBasedHtmlParser
2026-09-10 09:59:53,578 INFO o.a.j.p.h.s.HTTPSamplerBase: Parser for text/vnd.wap.wml is org.apache.jmeter.protocol.http.parser.RegexpHTMLParser
2026-09-10 09:59:53,578 INFO o.a.j.p.h.s.HTTPSamplerBase: Parser for text/css is org.apache.jmeter.protocol.http.parser.CssParser
2026-09-10 09:59:53,609 INFO o.a.j.JMeter: Creating summariser <summary>
2026-09-10 09:59:53,627 INFO o.a.j.e.StandardJMeterEngine: Running the test!
2026-09-10 09:59:53,628 INFO o.a.j.s.SampleEvent: List of sample_variables: []
2026-09-10 09:59:53,628 INFO o.a.j.s.SampleEvent: List of sample_variables: []
2026-09-10 09:59:53,633 INFO o.a.j.e.u.CompoundVariable: Note: Function class names must contain the string: '.functions.'
2026-09-10 09:59:53,633 INFO o.a.j.e.u.CompoundVariable: Note: Function class names must not contain the string: '.gui.'
2026-09-10 09:59:53,892 INFO o.a.j.JMeter: Running test (1789045193892)
2026-09-10 09:59:53,914 INFO o.a.j.e.StandardJMeterEngine: Starting ThreadGroup: 1 : TCC order-create
2026-09-10 09:59:53,915 INFO o.a.j.e.StandardJMeterEngine: Starting 100 threads for group TCC order-create.
2026-09-10 09:59:53,915 INFO o.a.j.e.StandardJMeterEngine: Thread will continue on error
2026-09-10 09:59:53,915 INFO o.a.j.t.ThreadGroup: Starting thread group... number=1 threads=100 ramp-up=0 delayedStart=false
2026-09-10 09:59:53,921 INFO o.a.j.t.JMeterThread: Thread started: TCC order-create 1-1
2026-09-10 09:59:53,921 INFO o.a.j.t.JMeterThread: Thread started: TCC order-create 1-2
2026-09-10 09:59:53,921 INFO o.a.j.t.JMeterThread: Thread started: TCC order-create 1-3
2026-09-10 09:59:53,922 INFO o.a.j.t.JMeterThread: Thread started: TCC order-create 1-4
2026-09-10 09:59:53,922 INFO o.a.j.t.JMeterThread: Thread started: TCC order-create 1-5
2026-09-10 09:59:53,923 INFO o.a.j.t.JMeterThread: Thread started: TCC order-create 1-6
2026-09-10 09:59:53,924 INFO o.a.j.t.JMeterThread: Thread started: TCC order-create 1-7
2026-09-10 09:59:53,924 INFO o.a.j.t.JMeterThread: Thread started: TCC order-create 1-8
2026-09-10 09:59:53,925 INFO o.a.j.t.JMeterThread: Thread started: TCC order-create 1-9
2026-09-10 09:59:53,926 INFO o.a.j.t.JMeterThread: Thread started: TCC order-create 1-10
2026-09-10 09:59:53,926 INFO o.a.j.t.JMeterThread: Thread started: TCC order-create 1-11
2026-09-10 09:59:53,927 INFO o.a.j.t.JMeterThread: Thread started: TCC order-create 1-12
2026-09-10 09:59:53,928 INFO o.a.j.t.JMeterThread: Thread started: TCC order-create 1-13
2026-09-10 09:59:53,928 INFO o.a.j.t.JMeterThread: Thread started: TCC order-create 1-14
2026-09-10 09:59:53,929 INFO o.a.j.t.JMeterThread: Thread started: TCC order-create 1-15
2026-09-10 09:59:53,930 INFO o.a.j.t.JMeterThread: Thread started: TCC order-create 1-16
2026-09-10 09:59:53,931 INFO o.a.j.t.JMeterThread: Thread started: TCC order-create 1-17
2026-09-10 09:59:53,932 INFO o.a.j.t.JMeterThread: Thread started: TCC order-create 1-18
2026-09-10 09:59:53,933 INFO o.a.j.t.JMeterThread: Thread started: TCC order-create 1-19
2026-09-10 09:59:53,933 INFO o.a.j.t.JMeterThread: Thread started: TCC order-create 1-20
2026-09-10 09:59:53,934 INFO o.a.j.t.JMeterThread: Thread started: TCC order-create 1-21
2026-09-10 09:59:53,934 INFO o.a.j.t.JMeterThread: Thread started: TCC order-create 1-22
2026-09-10 09:59:53,935 INFO o.a.j.t.JMeterThread: Thread started: TCC order-create 1-23
2026-09-10 09:59:53,936 INFO o.a.j.t.JMeterThread: Thread started: TCC order-create 1-24
2026-09-10 09:59:53,936 INFO o.a.j.t.JMeterThread: Thread started: TCC order-create 1-25
2026-09-10 09:59:53,936 INFO o.a.j.t.JMeterThread: Thread started: TCC order-create 1-26
2026-09-10 09:59:53,937 INFO o.a.j.t.JMeterThread: Thread started: TCC order-create 1-27
2026-09-10 09:59:53,937 INFO o.a.j.t.JMeterThread: Thread started: TCC order-create 1-28
2026-09-10 09:59:53,938 INFO o.a.j.t.JMeterThread: Thread started: TCC order-create 1-29
2026-09-10 09:59:53,938 INFO o.a.j.t.JMeterThread: Thread started: TCC order-create 1-30
2026-09-10 09:59:53,938 INFO o.a.j.t.JMeterThread: Thread started: TCC order-create 1-31
2026-09-10 09:59:53,939 INFO o.a.j.t.JMeterThread: Thread started: TCC order-create 1-32
2026-09-10 09:59:53,940 INFO o.a.j.t.JMeterThread: Thread started: TCC order-create 1-33
2026-09-10 09:59:53,940 INFO o.a.j.t.JMeterThread: Thread started: TCC order-create 1-34
2026-09-10 09:59:53,941 INFO o.a.j.t.JMeterThread: Thread started: TCC order-create 1-36
2026-09-10 09:59:53,941 INFO o.a.j.t.JMeterThread: Thread started: TCC order-create 1-35
2026-09-10 09:59:53,942 INFO o.a.j.t.JMeterThread: Thread started: TCC order-create 1-37
2026-09-10 09:59:53,943 INFO o.a.j.t.JMeterThread: Thread started: TCC order-create 1-39
2026-09-10 09:59:53,944 INFO o.a.j.t.JMeterThread: Thread started: TCC order-create 1-38
2026-09-10 09:59:53,944 INFO o.a.j.t.JMeterThread: Thread started: TCC order-create 1-40
2026-09-10 09:59:53,946 INFO o.a.j.t.JMeterThread: Thread started: TCC order-create 1-41
2026-09-10 09:59:53,946 INFO o.a.j.t.JMeterThread: Thread started: TCC order-create 1-42
2026-09-10 09:59:53,947 INFO o.a.j.t.JMeterThread: Thread started: TCC order-create 1-43
2026-09-10 09:59:53,947 INFO o.a.j.t.JMeterThread: Thread started: TCC order-create 1-44
2026-09-10 09:59:53,948 INFO o.a.j.t.JMeterThread: Thread started: TCC order-create 1-45
2026-09-10 09:59:53,949 INFO o.a.j.t.JMeterThread: Thread started: TCC order-create 1-46
2026-09-10 09:59:53,950 INFO o.a.j.t.JMeterThread: Thread started: TCC order-create 1-47
2026-09-10 09:59:53,951 INFO o.a.j.t.JMeterThread: Thread started: TCC order-create 1-48
2026-09-10 09:59:53,951 INFO o.a.j.t.JMeterThread: Thread started: TCC order-create 1-49
2026-09-10 09:59:53,952 INFO o.a.j.t.JMeterThread: Thread started: TCC order-create 1-50
2026-09-10 09:59:53,953 INFO o.a.j.t.JMeterThread: Thread started: TCC order-create 1-51
2026-09-10 09:59:53,954 INFO o.a.j.t.JMeterThread: Thread started: TCC order-create 1-53
2026-09-10 09:59:53,954 INFO o.a.j.t.JMeterThread: Thread started: TCC order-create 1-52
2026-09-10 09:59:53,954 INFO o.a.j.t.JMeterThread: Thread started: TCC order-create 1-54
2026-09-10 09:59:53,955 INFO o.a.j.t.JMeterThread: Thread started: TCC order-create 1-55
2026-09-10 09:59:53,956 INFO o.a.j.t.JMeterThread: Thread started: TCC order-create 1-56
2026-09-10 09:59:53,956 INFO o.a.j.t.JMeterThread: Thread started: TCC order-create 1-57
2026-09-10 09:59:53,957 INFO o.a.j.t.JMeterThread: Thread started: TCC order-create 1-58
2026-09-10 09:59:53,958 INFO o.a.j.t.JMeterThread: Thread started: TCC order-create 1-59
2026-09-10 09:59:53,958 INFO o.a.j.t.JMeterThread: Thread started: TCC order-create 1-60
2026-09-10 09:59:53,959 INFO o.a.j.t.JMeterThread: Thread started: TCC order-create 1-61
2026-09-10 09:59:53,960 INFO o.a.j.t.JMeterThread: Thread started: TCC order-create 1-62
2026-09-10 09:59:53,961 INFO o.a.j.t.JMeterThread: Thread started: TCC order-create 1-63
2026-09-10 09:59:53,961 INFO o.a.j.t.JMeterThread: Thread started: TCC order-create 1-64
2026-09-10 09:59:53,962 INFO o.a.j.t.JMeterThread: Thread started: TCC order-create 1-65
2026-09-10 09:59:53,963 INFO o.a.j.t.JMeterThread: Thread started: TCC order-create 1-66
2026-09-10 09:59:53,964 INFO o.a.j.t.JMeterThread: Thread started: TCC order-create 1-67
2026-09-10 09:59:53,964 INFO o.a.j.t.JMeterThread: Thread started: TCC order-create 1-68
2026-09-10 09:59:53,965 INFO o.a.j.t.JMeterThread: Thread started: TCC order-create 1-69
2026-09-10 09:59:53,966 INFO o.a.j.t.JMeterThread: Thread started: TCC order-create 1-70
2026-09-10 09:59:53,967 INFO o.a.j.t.JMeterThread: Thread started: TCC order-create 1-71
2026-09-10 09:59:53,967 INFO o.a.j.t.JMeterThread: Thread started: TCC order-create 1-72
2026-09-10 09:59:53,968 INFO o.a.j.t.JMeterThread: Thread started: TCC order-create 1-73
2026-09-10 09:59:53,969 INFO o.a.j.t.JMeterThread: Thread started: TCC order-create 1-74
2026-09-10 09:59:53,969 INFO o.a.j.t.JMeterThread: Thread started: TCC order-create 1-75
2026-09-10 09:59:53,970 INFO o.a.j.t.JMeterThread: Thread started: TCC order-create 1-76
2026-09-10 09:59:53,971 INFO o.a.j.t.JMeterThread: Thread started: TCC order-create 1-77
2026-09-10 09:59:53,971 INFO o.a.j.t.JMeterThread: Thread started: TCC order-create 1-78
2026-09-10 09:59:53,972 INFO o.a.j.t.JMeterThread: Thread started: TCC order-create 1-79
2026-09-10 09:59:53,973 INFO o.a.j.t.JMeterThread: Thread started: TCC order-create 1-80
2026-09-10 09:59:53,973 INFO o.a.j.t.JMeterThread: Thread started: TCC order-create 1-81
2026-09-10 09:59:53,974 INFO o.a.j.t.JMeterThread: Thread started: TCC order-create 1-82
2026-09-10 09:59:53,975 INFO o.a.j.t.JMeterThread: Thread started: TCC order-create 1-83
2026-09-10 09:59:53,975 INFO o.a.j.t.JMeterThread: Thread started: TCC order-create 1-84
2026-09-10 09:59:53,976 INFO o.a.j.t.JMeterThread: Thread started: TCC order-create 1-85
2026-09-10 09:59:53,977 INFO o.a.j.t.JMeterThread: Thread started: TCC order-create 1-86
2026-09-10 09:59:53,977 INFO o.a.j.t.JMeterThread: Thread started: TCC order-create 1-87
2026-09-10 09:59:53,978 INFO o.a.j.t.JMeterThread: Thread started: TCC order-create 1-88
2026-09-10 09:59:53,978 INFO o.a.j.t.JMeterThread: Thread started: TCC order-create 1-89
2026-09-10 09:59:53,979 INFO o.a.j.t.JMeterThread: Thread started: TCC order-create 1-90
2026-09-10 09:59:53,979 INFO o.a.j.t.JMeterThread: Thread started: TCC order-create 1-91
2026-09-10 09:59:53,980 INFO o.a.j.t.JMeterThread: Thread started: TCC order-create 1-92
2026-09-10 09:59:53,980 INFO o.a.j.t.JMeterThread: Thread started: TCC order-create 1-93
2026-09-10 09:59:53,981 INFO o.a.j.t.JMeterThread: Thread started: TCC order-create 1-94
2026-09-10 09:59:53,981 INFO o.a.j.t.JMeterThread: Thread started: TCC order-create 1-95
2026-09-10 09:59:53,982 INFO o.a.j.t.JMeterThread: Thread started: TCC order-create 1-96
2026-09-10 09:59:53,984 INFO o.a.j.t.JMeterThread: Thread started: TCC order-create 1-99
2026-09-10 09:59:53,984 INFO o.a.j.t.JMeterThread: Thread started: TCC order-create 1-97
2026-09-10 09:59:53,984 INFO o.a.j.t.ThreadGroup: Started thread group number 1
2026-09-10 09:59:53,984 INFO o.a.j.t.JMeterThread: Thread started: TCC order-create 1-98
2026-09-10 09:59:53,984 INFO o.a.j.e.StandardJMeterEngine: All thread groups have been started
2026-09-10 09:59:53,984 INFO o.a.j.t.JMeterThread: Thread started: TCC order-create 1-100
2026-09-10 09:59:54,715 INFO o.a.j.p.h.s.HTTPHCAbstractImpl: Local host = pop-os
2026-09-10 09:59:54,722 INFO o.a.j.p.h.s.HTTPHC4Impl: HTTP request retry count = 0
2026-09-10 09:59:54,724 INFO o.a.j.s.SampleResult: Note: Sample TimeStamps are START times
2026-09-10 09:59:54,724 INFO o.a.j.s.SampleResult: sampleresult.default.encoding is set to UTF-8
2026-09-10 09:59:54,724 INFO o.a.j.s.SampleResult: sampleresult.useNanoTime=true
2026-09-10 09:59:54,724 INFO o.a.j.s.SampleResult: sampleresult.nanoThreadSleep=5000
2026-09-10 10:00:00,026 INFO o.a.j.r.Summariser: summary +     91 in 00:00:06 =   14.8/s Avg:  2791 Min:   370 Max:  5206 Err:     0 (0.00%) Active: 100 Started: 100 Finished: 0
2026-09-10 10:00:23,978 INFO o.a.j.t.JMeterThread: Stopping because end time detected by thread: TCC order-create 1-48
2026-09-10 10:00:23,979 INFO o.a.j.t.JMeterThread: Thread finished: TCC order-create 1-48
2026-09-10 10:00:24,030 INFO o.a.j.t.JMeterThread: Stopping because end time detected by thread: TCC order-create 1-11
2026-09-10 10:00:24,030 INFO o.a.j.t.JMeterThread: Thread finished: TCC order-create 1-11
2026-09-10 10:00:24,080 INFO o.a.j.t.JMeterThread: Stopping because end time detected by thread: TCC order-create 1-45
2026-09-10 10:00:24,081 INFO o.a.j.t.JMeterThread: Thread finished: TCC order-create 1-45
2026-09-10 10:00:24,133 INFO o.a.j.t.JMeterThread: Stopping because end time detected by thread: TCC order-create 1-93
2026-09-10 10:00:24,133 INFO o.a.j.t.JMeterThread: Thread finished: TCC order-create 1-93
2026-09-10 10:00:24,185 INFO o.a.j.t.JMeterThread: Stopping because end time detected by thread: TCC order-create 1-63
2026-09-10 10:00:24,185 INFO o.a.j.t.JMeterThread: Thread finished: TCC order-create 1-63
2026-09-10 10:00:24,238 INFO o.a.j.t.JMeterThread: Stopping because end time detected by thread: TCC order-create 1-59
2026-09-10 10:00:24,238 INFO o.a.j.t.JMeterThread: Thread finished: TCC order-create 1-59
2026-09-10 10:00:24,290 INFO o.a.j.t.JMeterThread: Stopping because end time detected by thread: TCC order-create 1-54
2026-09-10 10:00:24,291 INFO o.a.j.t.JMeterThread: Thread finished: TCC order-create 1-54
2026-09-10 10:00:24,343 INFO o.a.j.t.JMeterThread: Stopping because end time detected by thread: TCC order-create 1-90
2026-09-10 10:00:24,344 INFO o.a.j.t.JMeterThread: Thread finished: TCC order-create 1-90
2026-09-10 10:00:24,399 INFO o.a.j.t.JMeterThread: Stopping because end time detected by thread: TCC order-create 1-20
2026-09-10 10:00:24,399 INFO o.a.j.t.JMeterThread: Thread finished: TCC order-create 1-20
2026-09-10 10:00:24,460 INFO o.a.j.t.JMeterThread: Stopping because end time detected by thread: TCC order-create 1-21
2026-09-10 10:00:24,461 INFO o.a.j.t.JMeterThread: Thread finished: TCC order-create 1-21
2026-09-10 10:00:24,513 INFO o.a.j.t.JMeterThread: Stopping because end time detected by thread: TCC order-create 1-29
2026-09-10 10:00:24,513 INFO o.a.j.t.JMeterThread: Thread finished: TCC order-create 1-29
2026-09-10 10:00:24,566 INFO o.a.j.t.JMeterThread: Stopping because end time detected by thread: TCC order-create 1-34
2026-09-10 10:00:24,566 INFO o.a.j.t.JMeterThread: Thread finished: TCC order-create 1-34
2026-09-10 10:00:24,618 INFO o.a.j.t.JMeterThread: Stopping because end time detected by thread: TCC order-create 1-36
2026-09-10 10:00:24,619 INFO o.a.j.t.JMeterThread: Thread finished: TCC order-create 1-36
2026-09-10 10:00:24,669 INFO o.a.j.t.JMeterThread: Stopping because end time detected by thread: TCC order-create 1-57
2026-09-10 10:00:24,669 INFO o.a.j.t.JMeterThread: Thread finished: TCC order-create 1-57
2026-09-10 10:00:24,723 INFO o.a.j.t.JMeterThread: Stopping because end time detected by thread: TCC order-create 1-65
2026-09-10 10:00:24,723 INFO o.a.j.t.JMeterThread: Thread finished: TCC order-create 1-65
2026-09-10 10:00:24,778 INFO o.a.j.t.JMeterThread: Stopping because end time detected by thread: TCC order-create 1-84
2026-09-10 10:00:24,778 INFO o.a.j.t.JMeterThread: Thread finished: TCC order-create 1-84
2026-09-10 10:00:24,832 INFO o.a.j.t.JMeterThread: Stopping because end time detected by thread: TCC order-create 1-24
2026-09-10 10:00:24,833 INFO o.a.j.t.JMeterThread: Thread finished: TCC order-create 1-24
2026-09-10 10:00:24,887 INFO o.a.j.t.JMeterThread: Stopping because end time detected by thread: TCC order-create 1-78
2026-09-10 10:00:24,887 INFO o.a.j.t.JMeterThread: Thread finished: TCC order-create 1-78
2026-09-10 10:00:24,939 INFO o.a.j.t.JMeterThread: Stopping because end time detected by thread: TCC order-create 1-10
2026-09-10 10:00:24,940 INFO o.a.j.t.JMeterThread: Thread finished: TCC order-create 1-10
2026-09-10 10:00:24,993 INFO o.a.j.t.JMeterThread: Stopping because end time detected by thread: TCC order-create 1-43
2026-09-10 10:00:24,993 INFO o.a.j.t.JMeterThread: Thread finished: TCC order-create 1-43
2026-09-10 10:00:25,047 INFO o.a.j.t.JMeterThread: Stopping because end time detected by thread: TCC order-create 1-23
2026-09-10 10:00:25,047 INFO o.a.j.t.JMeterThread: Thread finished: TCC order-create 1-23
2026-09-10 10:00:25,101 INFO o.a.j.t.JMeterThread: Stopping because end time detected by thread: TCC order-create 1-55
2026-09-10 10:00:25,101 INFO o.a.j.t.JMeterThread: Thread finished: TCC order-create 1-55
2026-09-10 10:00:25,155 INFO o.a.j.t.JMeterThread: Stopping because end time detected by thread: TCC order-create 1-41
2026-09-10 10:00:25,155 INFO o.a.j.t.JMeterThread: Thread finished: TCC order-create 1-41
2026-09-10 10:00:25,209 INFO o.a.j.t.JMeterThread: Stopping because end time detected by thread: TCC order-create 1-79
2026-09-10 10:00:25,209 INFO o.a.j.t.JMeterThread: Thread finished: TCC order-create 1-79
2026-09-10 10:00:25,263 INFO o.a.j.t.JMeterThread: Stopping because end time detected by thread: TCC order-create 1-81
2026-09-10 10:00:25,263 INFO o.a.j.t.JMeterThread: Thread finished: TCC order-create 1-81
2026-09-10 10:00:25,315 INFO o.a.j.t.JMeterThread: Stopping because end time detected by thread: TCC order-create 1-53
2026-09-10 10:00:25,315 INFO o.a.j.t.JMeterThread: Thread finished: TCC order-create 1-53
2026-09-10 10:00:25,374 INFO o.a.j.t.JMeterThread: Stopping because end time detected by thread: TCC order-create 1-35
2026-09-10 10:00:25,374 INFO o.a.j.t.JMeterThread: Thread finished: TCC order-create 1-35
2026-09-10 10:00:25,425 INFO o.a.j.t.JMeterThread: Stopping because end time detected by thread: TCC order-create 1-8
2026-09-10 10:00:25,425 INFO o.a.j.t.JMeterThread: Thread finished: TCC order-create 1-8
2026-09-10 10:00:25,477 INFO o.a.j.t.JMeterThread: Stopping because end time detected by thread: TCC order-create 1-92
2026-09-10 10:00:25,477 INFO o.a.j.t.JMeterThread: Thread finished: TCC order-create 1-92
2026-09-10 10:00:25,529 INFO o.a.j.t.JMeterThread: Stopping because end time detected by thread: TCC order-create 1-97
2026-09-10 10:00:25,530 INFO o.a.j.t.JMeterThread: Thread finished: TCC order-create 1-97
2026-09-10 10:00:25,582 INFO o.a.j.t.JMeterThread: Stopping because end time detected by thread: TCC order-create 1-89
2026-09-10 10:00:25,582 INFO o.a.j.t.JMeterThread: Thread finished: TCC order-create 1-89
2026-09-10 10:00:25,637 INFO o.a.j.t.JMeterThread: Stopping because end time detected by thread: TCC order-create 1-2
2026-09-10 10:00:25,637 INFO o.a.j.t.JMeterThread: Thread finished: TCC order-create 1-2
2026-09-10 10:00:25,690 INFO o.a.j.t.JMeterThread: Stopping because end time detected by thread: TCC order-create 1-37
2026-09-10 10:00:25,690 INFO o.a.j.t.JMeterThread: Thread finished: TCC order-create 1-37
2026-09-10 10:00:25,740 INFO o.a.j.t.JMeterThread: Stopping because end time detected by thread: TCC order-create 1-15
2026-09-10 10:00:25,741 INFO o.a.j.t.JMeterThread: Thread finished: TCC order-create 1-15
2026-09-10 10:00:25,793 INFO o.a.j.t.JMeterThread: Stopping because end time detected by thread: TCC order-create 1-38
2026-09-10 10:00:25,793 INFO o.a.j.t.JMeterThread: Thread finished: TCC order-create 1-38
2026-09-10 10:00:25,846 INFO o.a.j.t.JMeterThread: Stopping because end time detected by thread: TCC order-create 1-96
2026-09-10 10:00:25,846 INFO o.a.j.t.JMeterThread: Thread finished: TCC order-create 1-96
2026-09-10 10:00:25,902 INFO o.a.j.t.JMeterThread: Stopping because end time detected by thread: TCC order-create 1-14
2026-09-10 10:00:25,902 INFO o.a.j.t.JMeterThread: Thread finished: TCC order-create 1-14
2026-09-10 10:00:25,962 INFO o.a.j.t.JMeterThread: Stopping because end time detected by thread: TCC order-create 1-73
2026-09-10 10:00:25,962 INFO o.a.j.t.JMeterThread: Thread finished: TCC order-create 1-73
2026-09-10 10:00:26,016 INFO o.a.j.t.JMeterThread: Stopping because end time detected by thread: TCC order-create 1-69
2026-09-10 10:00:26,016 INFO o.a.j.t.JMeterThread: Thread finished: TCC order-create 1-69
2026-09-10 10:00:26,070 INFO o.a.j.t.JMeterThread: Stopping because end time detected by thread: TCC order-create 1-47
2026-09-10 10:00:26,071 INFO o.a.j.t.JMeterThread: Thread finished: TCC order-create 1-47
2026-09-10 10:00:26,126 INFO o.a.j.t.JMeterThread: Stopping because end time detected by thread: TCC order-create 1-100
2026-09-10 10:00:26,126 INFO o.a.j.t.JMeterThread: Thread finished: TCC order-create 1-100
2026-09-10 10:00:26,176 INFO o.a.j.t.JMeterThread: Stopping because end time detected by thread: TCC order-create 1-18
2026-09-10 10:00:26,176 INFO o.a.j.t.JMeterThread: Thread finished: TCC order-create 1-18
2026-09-10 10:00:26,229 INFO o.a.j.t.JMeterThread: Stopping because end time detected by thread: TCC order-create 1-19
2026-09-10 10:00:26,229 INFO o.a.j.t.JMeterThread: Thread finished: TCC order-create 1-19
2026-09-10 10:00:26,280 INFO o.a.j.t.JMeterThread: Stopping because end time detected by thread: TCC order-create 1-9
2026-09-10 10:00:26,280 INFO o.a.j.t.JMeterThread: Thread finished: TCC order-create 1-9
2026-09-10 10:00:26,330 INFO o.a.j.t.JMeterThread: Stopping because end time detected by thread: TCC order-create 1-67
2026-09-10 10:00:26,330 INFO o.a.j.t.JMeterThread: Thread finished: TCC order-create 1-67
2026-09-10 10:00:26,386 INFO o.a.j.t.JMeterThread: Stopping because end time detected by thread: TCC order-create 1-25
2026-09-10 10:00:26,386 INFO o.a.j.t.JMeterThread: Thread finished: TCC order-create 1-25
2026-09-10 10:00:26,438 INFO o.a.j.t.JMeterThread: Stopping because end time detected by thread: TCC order-create 1-66
2026-09-10 10:00:26,439 INFO o.a.j.t.JMeterThread: Thread finished: TCC order-create 1-66
2026-09-10 10:00:26,492 INFO o.a.j.t.JMeterThread: Stopping because end time detected by thread: TCC order-create 1-28
2026-09-10 10:00:26,492 INFO o.a.j.t.JMeterThread: Thread finished: TCC order-create 1-28
2026-09-10 10:00:26,545 INFO o.a.j.t.JMeterThread: Stopping because end time detected by thread: TCC order-create 1-40
2026-09-10 10:00:26,545 INFO o.a.j.t.JMeterThread: Thread finished: TCC order-create 1-40
2026-09-10 10:00:26,599 INFO o.a.j.t.JMeterThread: Stopping because end time detected by thread: TCC order-create 1-44
2026-09-10 10:00:26,599 INFO o.a.j.t.JMeterThread: Thread finished: TCC order-create 1-44
2026-09-10 10:00:26,650 INFO o.a.j.t.JMeterThread: Stopping because end time detected by thread: TCC order-create 1-72
2026-09-10 10:00:26,650 INFO o.a.j.t.JMeterThread: Thread finished: TCC order-create 1-72
2026-09-10 10:00:26,704 INFO o.a.j.t.JMeterThread: Stopping because end time detected by thread: TCC order-create 1-86
2026-09-10 10:00:26,705 INFO o.a.j.t.JMeterThread: Thread finished: TCC order-create 1-86
2026-09-10 10:00:26,756 INFO o.a.j.t.JMeterThread: Stopping because end time detected by thread: TCC order-create 1-98
2026-09-10 10:00:26,756 INFO o.a.j.t.JMeterThread: Thread finished: TCC order-create 1-98
2026-09-10 10:00:26,813 INFO o.a.j.t.JMeterThread: Stopping because end time detected by thread: TCC order-create 1-51
2026-09-10 10:00:26,813 INFO o.a.j.t.JMeterThread: Thread finished: TCC order-create 1-51
2026-09-10 10:00:26,864 INFO o.a.j.t.JMeterThread: Stopping because end time detected by thread: TCC order-create 1-32
2026-09-10 10:00:26,864 INFO o.a.j.t.JMeterThread: Thread finished: TCC order-create 1-32
2026-09-10 10:00:26,914 INFO o.a.j.t.JMeterThread: Stopping because end time detected by thread: TCC order-create 1-26
2026-09-10 10:00:26,914 INFO o.a.j.t.JMeterThread: Thread finished: TCC order-create 1-26
2026-09-10 10:00:26,965 INFO o.a.j.t.JMeterThread: Stopping because end time detected by thread: TCC order-create 1-60
2026-09-10 10:00:26,965 INFO o.a.j.t.JMeterThread: Thread finished: TCC order-create 1-60
2026-09-10 10:00:27,015 INFO o.a.j.t.JMeterThread: Stopping because end time detected by thread: TCC order-create 1-58
2026-09-10 10:00:27,015 INFO o.a.j.t.JMeterThread: Thread finished: TCC order-create 1-58
2026-09-10 10:00:27,068 INFO o.a.j.t.JMeterThread: Stopping because end time detected by thread: TCC order-create 1-56
2026-09-10 10:00:27,068 INFO o.a.j.t.JMeterThread: Thread finished: TCC order-create 1-56
2026-09-10 10:00:27,121 INFO o.a.j.t.JMeterThread: Stopping because end time detected by thread: TCC order-create 1-6
2026-09-10 10:00:27,121 INFO o.a.j.t.JMeterThread: Thread finished: TCC order-create 1-6
2026-09-10 10:00:27,176 INFO o.a.j.t.JMeterThread: Stopping because end time detected by thread: TCC order-create 1-1
2026-09-10 10:00:27,176 INFO o.a.j.t.JMeterThread: Thread finished: TCC order-create 1-1
2026-09-10 10:00:27,228 INFO o.a.j.t.JMeterThread: Stopping because end time detected by thread: TCC order-create 1-50
2026-09-10 10:00:27,228 INFO o.a.j.t.JMeterThread: Thread finished: TCC order-create 1-50
2026-09-10 10:00:27,277 INFO o.a.j.t.JMeterThread: Stopping because end time detected by thread: TCC order-create 1-99
2026-09-10 10:00:27,277 INFO o.a.j.t.JMeterThread: Thread finished: TCC order-create 1-99
2026-09-10 10:00:27,329 INFO o.a.j.t.JMeterThread: Stopping because end time detected by thread: TCC order-create 1-88
2026-09-10 10:00:27,329 INFO o.a.j.t.JMeterThread: Thread finished: TCC order-create 1-88
2026-09-10 10:00:27,381 INFO o.a.j.t.JMeterThread: Stopping because end time detected by thread: TCC order-create 1-76
2026-09-10 10:00:27,381 INFO o.a.j.t.JMeterThread: Thread finished: TCC order-create 1-76
2026-09-10 10:00:27,435 INFO o.a.j.t.JMeterThread: Stopping because end time detected by thread: TCC order-create 1-87
2026-09-10 10:00:27,435 INFO o.a.j.t.JMeterThread: Thread finished: TCC order-create 1-87
2026-09-10 10:00:27,489 INFO o.a.j.t.JMeterThread: Stopping because end time detected by thread: TCC order-create 1-7
2026-09-10 10:00:27,489 INFO o.a.j.t.JMeterThread: Thread finished: TCC order-create 1-7
2026-09-10 10:00:27,538 INFO o.a.j.t.JMeterThread: Stopping because end time detected by thread: TCC order-create 1-94
2026-09-10 10:00:27,538 INFO o.a.j.t.JMeterThread: Thread finished: TCC order-create 1-94
2026-09-10 10:00:27,591 INFO o.a.j.t.JMeterThread: Stopping because end time detected by thread: TCC order-create 1-13
2026-09-10 10:00:27,591 INFO o.a.j.t.JMeterThread: Thread finished: TCC order-create 1-13
2026-09-10 10:00:27,642 INFO o.a.j.t.JMeterThread: Stopping because end time detected by thread: TCC order-create 1-42
2026-09-10 10:00:27,642 INFO o.a.j.t.JMeterThread: Thread finished: TCC order-create 1-42
2026-09-10 10:00:27,693 INFO o.a.j.t.JMeterThread: Stopping because end time detected by thread: TCC order-create 1-71
2026-09-10 10:00:27,693 INFO o.a.j.t.JMeterThread: Thread finished: TCC order-create 1-71
2026-09-10 10:00:27,745 INFO o.a.j.t.JMeterThread: Stopping because end time detected by thread: TCC order-create 1-64
2026-09-10 10:00:27,745 INFO o.a.j.t.JMeterThread: Thread finished: TCC order-create 1-64
2026-09-10 10:00:27,796 INFO o.a.j.t.JMeterThread: Stopping because end time detected by thread: TCC order-create 1-74
2026-09-10 10:00:27,796 INFO o.a.j.t.JMeterThread: Thread finished: TCC order-create 1-74
2026-09-10 10:00:27,850 INFO o.a.j.t.JMeterThread: Stopping because end time detected by thread: TCC order-create 1-62
2026-09-10 10:00:27,850 INFO o.a.j.t.JMeterThread: Thread finished: TCC order-create 1-62
2026-09-10 10:00:27,902 INFO o.a.j.t.JMeterThread: Stopping because end time detected by thread: TCC order-create 1-12
2026-09-10 10:00:27,903 INFO o.a.j.t.JMeterThread: Thread finished: TCC order-create 1-12
2026-09-10 10:00:27,954 INFO o.a.j.t.JMeterThread: Stopping because end time detected by thread: TCC order-create 1-85
2026-09-10 10:00:27,954 INFO o.a.j.t.JMeterThread: Thread finished: TCC order-create 1-85
2026-09-10 10:00:28,005 INFO o.a.j.t.JMeterThread: Stopping because end time detected by thread: TCC order-create 1-30
2026-09-10 10:00:28,005 INFO o.a.j.t.JMeterThread: Thread finished: TCC order-create 1-30
2026-09-10 10:00:28,059 INFO o.a.j.t.JMeterThread: Stopping because end time detected by thread: TCC order-create 1-39
2026-09-10 10:00:28,059 INFO o.a.j.t.JMeterThread: Thread finished: TCC order-create 1-39
2026-09-10 10:00:28,112 INFO o.a.j.t.JMeterThread: Stopping because end time detected by thread: TCC order-create 1-33
2026-09-10 10:00:28,112 INFO o.a.j.t.JMeterThread: Thread finished: TCC order-create 1-33
2026-09-10 10:00:28,163 INFO o.a.j.t.JMeterThread: Stopping because end time detected by thread: TCC order-create 1-17
2026-09-10 10:00:28,163 INFO o.a.j.t.JMeterThread: Thread finished: TCC order-create 1-17
2026-09-10 10:00:28,212 INFO o.a.j.t.JMeterThread: Stopping because end time detected by thread: TCC order-create 1-31
2026-09-10 10:00:28,212 INFO o.a.j.t.JMeterThread: Thread finished: TCC order-create 1-31
2026-09-10 10:00:28,265 INFO o.a.j.t.JMeterThread: Stopping because end time detected by thread: TCC order-create 1-4
2026-09-10 10:00:28,265 INFO o.a.j.t.JMeterThread: Thread finished: TCC order-create 1-4
2026-09-10 10:00:28,318 INFO o.a.j.t.JMeterThread: Stopping because end time detected by thread: TCC order-create 1-16
2026-09-10 10:00:28,318 INFO o.a.j.t.JMeterThread: Thread finished: TCC order-create 1-16
2026-09-10 10:00:28,378 INFO o.a.j.t.JMeterThread: Stopping because end time detected by thread: TCC order-create 1-49
2026-09-10 10:00:28,378 INFO o.a.j.t.JMeterThread: Thread finished: TCC order-create 1-49
2026-09-10 10:00:28,430 INFO o.a.j.t.JMeterThread: Stopping because end time detected by thread: TCC order-create 1-82
2026-09-10 10:00:28,430 INFO o.a.j.t.JMeterThread: Thread finished: TCC order-create 1-82
2026-09-10 10:00:28,483 INFO o.a.j.t.JMeterThread: Stopping because end time detected by thread: TCC order-create 1-22
2026-09-10 10:00:28,483 INFO o.a.j.t.JMeterThread: Thread finished: TCC order-create 1-22
2026-09-10 10:00:28,533 INFO o.a.j.t.JMeterThread: Stopping because end time detected by thread: TCC order-create 1-75
2026-09-10 10:00:28,534 INFO o.a.j.t.JMeterThread: Thread finished: TCC order-create 1-75
2026-09-10 10:00:28,587 INFO o.a.j.t.JMeterThread: Stopping because end time detected by thread: TCC order-create 1-3
2026-09-10 10:00:28,587 INFO o.a.j.t.JMeterThread: Thread finished: TCC order-create 1-3
2026-09-10 10:00:28,637 INFO o.a.j.t.JMeterThread: Stopping because end time detected by thread: TCC order-create 1-52
2026-09-10 10:00:28,638 INFO o.a.j.t.JMeterThread: Thread finished: TCC order-create 1-52
2026-09-10 10:00:28,688 INFO o.a.j.t.JMeterThread: Stopping because end time detected by thread: TCC order-create 1-95
2026-09-10 10:00:28,688 INFO o.a.j.t.JMeterThread: Thread finished: TCC order-create 1-95
2026-09-10 10:00:28,739 INFO o.a.j.t.JMeterThread: Stopping because end time detected by thread: TCC order-create 1-70
2026-09-10 10:00:28,739 INFO o.a.j.t.JMeterThread: Thread finished: TCC order-create 1-70
2026-09-10 10:00:28,790 INFO o.a.j.t.JMeterThread: Stopping because end time detected by thread: TCC order-create 1-68
2026-09-10 10:00:28,790 INFO o.a.j.t.JMeterThread: Thread finished: TCC order-create 1-68
2026-09-10 10:00:28,842 INFO o.a.j.t.JMeterThread: Stopping because end time detected by thread: TCC order-create 1-83
2026-09-10 10:00:28,843 INFO o.a.j.t.JMeterThread: Thread finished: TCC order-create 1-83
2026-09-10 10:00:28,895 INFO o.a.j.t.JMeterThread: Stopping because end time detected by thread: TCC order-create 1-77
2026-09-10 10:00:28,895 INFO o.a.j.t.JMeterThread: Thread finished: TCC order-create 1-77
2026-09-10 10:00:28,952 INFO o.a.j.t.JMeterThread: Stopping because end time detected by thread: TCC order-create 1-80
2026-09-10 10:00:28,952 INFO o.a.j.t.JMeterThread: Thread finished: TCC order-create 1-80
2026-09-10 10:00:29,008 INFO o.a.j.t.JMeterThread: Stopping because end time detected by thread: TCC order-create 1-27
2026-09-10 10:00:29,009 INFO o.a.j.t.JMeterThread: Thread finished: TCC order-create 1-27
2026-09-10 10:00:29,058 INFO o.a.j.t.JMeterThread: Stopping because end time detected by thread: TCC order-create 1-5
2026-09-10 10:00:29,058 INFO o.a.j.t.JMeterThread: Thread finished: TCC order-create 1-5
2026-09-10 10:00:29,110 INFO o.a.j.t.JMeterThread: Stopping because end time detected by thread: TCC order-create 1-46
2026-09-10 10:00:29,110 INFO o.a.j.t.JMeterThread: Thread finished: TCC order-create 1-46
2026-09-10 10:00:29,162 INFO o.a.j.t.JMeterThread: Stopping because end time detected by thread: TCC order-create 1-61
2026-09-10 10:00:29,162 INFO o.a.j.t.JMeterThread: Thread finished: TCC order-create 1-61
2026-09-10 10:00:29,212 INFO o.a.j.t.JMeterThread: Stopping because end time detected by thread: TCC order-create 1-91
2026-09-10 10:00:29,212 INFO o.a.j.t.JMeterThread: Thread finished: TCC order-create 1-91
2026-09-10 10:00:29,213 INFO o.a.j.e.StandardJMeterEngine: Notifying test listeners of end of test
2026-09-10 10:00:29,217 INFO o.a.j.r.Summariser: summary +    549 in 00:00:29 =   18.8/s Avg:  5325 Min:  5168 Max:  5679 Err:     0 (0.00%) Active: 0 Started: 100 Finished: 100
2026-09-10 10:00:29,218 INFO o.a.j.r.Summariser: summary =    640 in 00:00:35 =   18.1/s Avg:  4964 Min:   370 Max:  5679 Err:     0 (0.00%)
