2026-09-10 04:58:02,083 INFO o.a.j.u.JMeterUtils: Setting Locale to en_EN
2026-09-10 04:58:02,098 INFO o.a.j.JMeter: Loading user properties from: /home/avituo/projects/tcc/tcc-container/.tools/apache-jmeter-5.6.3/bin/user.properties
2026-09-10 04:58:02,098 INFO o.a.j.JMeter: Loading system properties from: /home/avituo/projects/tcc/tcc-container/.tools/apache-jmeter-5.6.3/bin/system.properties
2026-09-10 04:58:02,098 INFO o.a.j.JMeter: Loading additional properties from: /home/avituo/projects/tcc/tcc-container/benchmark/jmeter/benchmark.properties
2026-09-10 04:58:02,099 INFO o.a.j.JMeter: Loading additional properties from: /tmp/tcc-benchmark-auth.QiW4gL/auth.properties
2026-09-10 04:58:02,099 INFO o.a.j.JMeter: Loading additional properties from: /home/avituo/projects/tcc/tcc-container/benchmark/results/laravel-13.20.0/final/orders/c50/r5/monolith/thread-counters.properties
2026-09-10 04:58:02,099 INFO o.a.j.JMeter: Setting JMeter property: threads=50
2026-09-10 04:58:02,099 INFO o.a.j.JMeter: Setting JMeter property: duration_seconds=120
2026-09-10 04:58:02,099 INFO o.a.j.JMeter: Setting JMeter property: target_host=localhost
2026-09-10 04:58:02,099 INFO o.a.j.JMeter: Setting JMeter property: target_port=18000
2026-09-10 04:58:02,099 INFO o.a.j.JMeter: Setting JMeter property: tcc.order.id=1
2026-09-10 04:58:02,099 INFO o.a.j.JMeter: Setting JMeter property: repetition=5
2026-09-10 04:58:02,106 INFO o.a.j.JMeter: Copyright (c) 1998-2024 The Apache Software Foundation
2026-09-10 04:58:02,107 INFO o.a.j.JMeter: Version 5.6.3
2026-09-10 04:58:02,107 INFO o.a.j.JMeter: java.version=21.0.11
2026-09-10 04:58:02,107 INFO o.a.j.JMeter: java.vm.name=OpenJDK 64-Bit Server VM
2026-09-10 04:58:02,107 INFO o.a.j.JMeter: os.name=Linux
2026-09-10 04:58:02,107 INFO o.a.j.JMeter: os.arch=amd64
2026-09-10 04:58:02,107 INFO o.a.j.JMeter: os.version=7.0.11-76070011-generic
2026-09-10 04:58:02,107 INFO o.a.j.JMeter: file.encoding=UTF-8
2026-09-10 04:58:02,107 INFO o.a.j.JMeter: java.awt.headless=true
2026-09-10 04:58:02,107 INFO o.a.j.JMeter: Max memory     =1073741824
2026-09-10 04:58:02,107 INFO o.a.j.JMeter: Available Processors =16
2026-09-10 04:58:02,115 INFO o.a.j.JMeter: Default Locale=English (EN)
2026-09-10 04:58:02,116 INFO o.a.j.JMeter: JMeter  Locale=English (EN)
2026-09-10 04:58:02,116 INFO o.a.j.JMeter: JMeterHome=/home/avituo/projects/tcc/tcc-container/.tools/apache-jmeter-5.6.3
2026-09-10 04:58:02,116 INFO o.a.j.JMeter: user.dir  =/home/avituo/projects/tcc/tcc-container
2026-09-10 04:58:02,116 INFO o.a.j.JMeter: PWD       =/home/avituo/projects/tcc/tcc-container
2026-09-10 04:58:02,130 INFO o.a.j.JMeter: IP: 192.168.1.16 Name: pop-os FullName: pop-os.home
2026-09-10 04:58:02,143 INFO o.a.j.s.FileServer: Default base='/home/avituo/projects/tcc/tcc-container'
2026-09-10 04:58:02,145 INFO o.a.j.s.FileServer: Set new base='/home/avituo/projects/tcc/tcc-container/benchmark/jmeter'
2026-09-10 04:58:02,317 INFO o.a.j.s.SaveService: Testplan (JMX) version: 2.2. Testlog (JTL) version: 2.2
2026-09-10 04:58:02,343 INFO o.a.j.s.SaveService: Using SaveService properties version 5.0
2026-09-10 04:58:02,346 INFO o.a.j.s.SaveService: Using SaveService properties file encoding UTF-8
2026-09-10 04:58:02,350 INFO o.a.j.s.SaveService: Loading file: /home/avituo/projects/tcc/tcc-container/benchmark/jmeter/tcc-orders-v1.jmx
2026-09-10 04:58:02,406 INFO o.a.j.p.h.s.HTTPSamplerBase: Parser for text/html is org.apache.jmeter.protocol.http.parser.LagartoBasedHtmlParser
2026-09-10 04:58:02,406 INFO o.a.j.p.h.s.HTTPSamplerBase: Parser for application/xhtml+xml is org.apache.jmeter.protocol.http.parser.LagartoBasedHtmlParser
2026-09-10 04:58:02,406 INFO o.a.j.p.h.s.HTTPSamplerBase: Parser for application/xml is org.apache.jmeter.protocol.http.parser.LagartoBasedHtmlParser
2026-09-10 04:58:02,406 INFO o.a.j.p.h.s.HTTPSamplerBase: Parser for text/xml is org.apache.jmeter.protocol.http.parser.LagartoBasedHtmlParser
2026-09-10 04:58:02,406 INFO o.a.j.p.h.s.HTTPSamplerBase: Parser for text/vnd.wap.wml is org.apache.jmeter.protocol.http.parser.RegexpHTMLParser
2026-09-10 04:58:02,406 INFO o.a.j.p.h.s.HTTPSamplerBase: Parser for text/css is org.apache.jmeter.protocol.http.parser.CssParser
2026-09-10 04:58:02,434 INFO o.a.j.JMeter: Creating summariser <summary>
2026-09-10 04:58:02,450 INFO o.a.j.e.StandardJMeterEngine: Running the test!
2026-09-10 04:58:02,451 INFO o.a.j.s.SampleEvent: List of sample_variables: []
2026-09-10 04:58:02,452 INFO o.a.j.s.SampleEvent: List of sample_variables: []
2026-09-10 04:58:02,459 INFO o.a.j.e.u.CompoundVariable: Note: Function class names must contain the string: '.functions.'
2026-09-10 04:58:02,459 INFO o.a.j.e.u.CompoundVariable: Note: Function class names must not contain the string: '.gui.'
2026-09-10 04:58:02,715 INFO o.a.j.JMeter: Running test (1789027082715)
2026-09-10 04:58:02,736 INFO o.a.j.e.StandardJMeterEngine: Starting ThreadGroup: 1 : TCC orders
2026-09-10 04:58:02,736 INFO o.a.j.e.StandardJMeterEngine: Starting 50 threads for group TCC orders.
2026-09-10 04:58:02,737 INFO o.a.j.e.StandardJMeterEngine: Thread will continue on error
2026-09-10 04:58:02,737 INFO o.a.j.t.ThreadGroup: Starting thread group... number=1 threads=50 ramp-up=0 delayedStart=false
2026-09-10 04:58:02,743 INFO o.a.j.t.JMeterThread: Thread started: TCC orders 1-1
2026-09-10 04:58:02,743 INFO o.a.j.t.JMeterThread: Thread started: TCC orders 1-3
2026-09-10 04:58:02,743 INFO o.a.j.t.JMeterThread: Thread started: TCC orders 1-5
2026-09-10 04:58:02,743 INFO o.a.j.t.JMeterThread: Thread started: TCC orders 1-2
2026-09-10 04:58:02,743 INFO o.a.j.t.JMeterThread: Thread started: TCC orders 1-4
2026-09-10 04:58:02,744 INFO o.a.j.t.JMeterThread: Thread started: TCC orders 1-6
2026-09-10 04:58:02,744 INFO o.a.j.t.JMeterThread: Thread started: TCC orders 1-7
2026-09-10 04:58:02,745 INFO o.a.j.t.JMeterThread: Thread started: TCC orders 1-8
2026-09-10 04:58:02,745 INFO o.a.j.t.JMeterThread: Thread started: TCC orders 1-9
2026-09-10 04:58:02,746 INFO o.a.j.t.JMeterThread: Thread started: TCC orders 1-10
2026-09-10 04:58:02,747 INFO o.a.j.t.JMeterThread: Thread started: TCC orders 1-11
2026-09-10 04:58:02,748 INFO o.a.j.t.JMeterThread: Thread started: TCC orders 1-12
2026-09-10 04:58:02,749 INFO o.a.j.t.JMeterThread: Thread started: TCC orders 1-13
2026-09-10 04:58:02,750 INFO o.a.j.t.JMeterThread: Thread started: TCC orders 1-14
2026-09-10 04:58:02,751 INFO o.a.j.t.JMeterThread: Thread started: TCC orders 1-15
2026-09-10 04:58:02,752 INFO o.a.j.t.JMeterThread: Thread started: TCC orders 1-16
2026-09-10 04:58:02,752 INFO o.a.j.t.JMeterThread: Thread started: TCC orders 1-17
2026-09-10 04:58:02,753 INFO o.a.j.t.JMeterThread: Thread started: TCC orders 1-18
2026-09-10 04:58:02,754 INFO o.a.j.t.JMeterThread: Thread started: TCC orders 1-19
2026-09-10 04:58:02,755 INFO o.a.j.t.JMeterThread: Thread started: TCC orders 1-20
2026-09-10 04:58:02,756 INFO o.a.j.t.JMeterThread: Thread started: TCC orders 1-21
2026-09-10 04:58:02,756 INFO o.a.j.t.JMeterThread: Thread started: TCC orders 1-22
2026-09-10 04:58:02,757 INFO o.a.j.t.JMeterThread: Thread started: TCC orders 1-23
2026-09-10 04:58:02,758 INFO o.a.j.t.JMeterThread: Thread started: TCC orders 1-24
2026-09-10 04:58:02,759 INFO o.a.j.t.JMeterThread: Thread started: TCC orders 1-25
2026-09-10 04:58:02,759 INFO o.a.j.t.JMeterThread: Thread started: TCC orders 1-26
2026-09-10 04:58:02,760 INFO o.a.j.t.JMeterThread: Thread started: TCC orders 1-27
2026-09-10 04:58:02,760 INFO o.a.j.t.JMeterThread: Thread started: TCC orders 1-28
2026-09-10 04:58:02,761 INFO o.a.j.t.JMeterThread: Thread started: TCC orders 1-29
2026-09-10 04:58:02,762 INFO o.a.j.t.JMeterThread: Thread started: TCC orders 1-30
2026-09-10 04:58:02,762 INFO o.a.j.t.JMeterThread: Thread started: TCC orders 1-31
2026-09-10 04:58:02,763 INFO o.a.j.t.JMeterThread: Thread started: TCC orders 1-32
2026-09-10 04:58:02,763 INFO o.a.j.t.JMeterThread: Thread started: TCC orders 1-33
2026-09-10 04:58:02,764 INFO o.a.j.t.JMeterThread: Thread started: TCC orders 1-34
2026-09-10 04:58:02,765 INFO o.a.j.t.JMeterThread: Thread started: TCC orders 1-35
2026-09-10 04:58:02,765 INFO o.a.j.t.JMeterThread: Thread started: TCC orders 1-36
2026-09-10 04:58:02,765 INFO o.a.j.t.JMeterThread: Thread started: TCC orders 1-37
2026-09-10 04:58:02,766 INFO o.a.j.t.JMeterThread: Thread started: TCC orders 1-38
2026-09-10 04:58:02,766 INFO o.a.j.t.JMeterThread: Thread started: TCC orders 1-39
2026-09-10 04:58:02,767 INFO o.a.j.t.JMeterThread: Thread started: TCC orders 1-40
2026-09-10 04:58:02,768 INFO o.a.j.t.JMeterThread: Thread started: TCC orders 1-41
2026-09-10 04:58:02,768 INFO o.a.j.t.JMeterThread: Thread started: TCC orders 1-42
2026-09-10 04:58:02,769 INFO o.a.j.p.h.s.HTTPHCAbstractImpl: Local host = pop-os
2026-09-10 04:58:02,769 INFO o.a.j.t.JMeterThread: Thread started: TCC orders 1-43
2026-09-10 04:58:02,770 INFO o.a.j.t.JMeterThread: Thread started: TCC orders 1-44
2026-09-10 04:58:02,770 INFO o.a.j.t.JMeterThread: Thread started: TCC orders 1-45
2026-09-10 04:58:02,771 INFO o.a.j.t.JMeterThread: Thread started: TCC orders 1-46
2026-09-10 04:58:02,771 INFO o.a.j.t.JMeterThread: Thread started: TCC orders 1-47
2026-09-10 04:58:02,772 INFO o.a.j.t.JMeterThread: Thread started: TCC orders 1-48
2026-09-10 04:58:02,772 INFO o.a.j.t.JMeterThread: Thread started: TCC orders 1-49
2026-09-10 04:58:02,773 INFO o.a.j.t.ThreadGroup: Started thread group number 1
2026-09-10 04:58:02,773 INFO o.a.j.e.StandardJMeterEngine: All thread groups have been started
2026-09-10 04:58:02,773 INFO o.a.j.t.JMeterThread: Thread started: TCC orders 1-50
2026-09-10 04:58:02,776 INFO o.a.j.p.h.s.HTTPHC4Impl: HTTP request retry count = 0
2026-09-10 04:58:02,777 INFO o.a.j.s.SampleResult: Note: Sample TimeStamps are START times
2026-09-10 04:58:02,777 INFO o.a.j.s.SampleResult: sampleresult.default.encoding is set to UTF-8
2026-09-10 04:58:02,777 INFO o.a.j.s.SampleResult: sampleresult.useNanoTime=true
2026-09-10 04:58:02,778 INFO o.a.j.s.SampleResult: sampleresult.nanoThreadSleep=5000
2026-09-10 04:58:03,897 INFO o.a.j.r.Summariser: summary +      1 in 00:00:01 =    0.8/s Avg:   471 Min:   471 Max:   471 Err:     0 (0.00%) Active: 50 Started: 50 Finished: 0
2026-09-10 04:58:30,024 INFO o.a.j.r.Summariser: summary +   1068 in 00:00:26 =   40.9/s Avg:  1228 Min:    94 Max:  1601 Err:     0 (0.00%) Active: 50 Started: 50 Finished: 0
2026-09-10 04:58:30,025 INFO o.a.j.r.Summariser: summary =   1069 in 00:00:27 =   39.1/s Avg:  1228 Min:    94 Max:  1601 Err:     0 (0.00%)
2026-09-10 04:59:00,028 INFO o.a.j.r.Summariser: summary +   1202 in 00:00:30 =   40.1/s Avg:  1248 Min:  1208 Max:  1282 Err:     0 (0.00%) Active: 50 Started: 50 Finished: 0
2026-09-10 04:59:00,028 INFO o.a.j.r.Summariser: summary =   2271 in 00:00:57 =   39.6/s Avg:  1238 Min:    94 Max:  1601 Err:     0 (0.00%)
2026-09-10 04:59:30,020 INFO o.a.j.r.Summariser: summary +   1197 in 00:00:30 =   39.9/s Avg:  1251 Min:  1216 Max:  1324 Err:     0 (0.00%) Active: 50 Started: 50 Finished: 0
2026-09-10 04:59:30,020 INFO o.a.j.r.Summariser: summary =   3468 in 00:01:27 =   39.7/s Avg:  1243 Min:    94 Max:  1601 Err:     0 (0.00%)
2026-09-10 05:00:00,042 INFO o.a.j.r.Summariser: summary +   1200 in 00:00:30 =   40.0/s Avg:  1249 Min:  1206 Max:  1344 Err:     0 (0.00%) Active: 50 Started: 50 Finished: 0
2026-09-10 05:00:00,043 INFO o.a.j.r.Summariser: summary =   4668 in 00:01:57 =   39.8/s Avg:  1244 Min:    94 Max:  1601 Err:     0 (0.00%)
2026-09-10 05:00:02,762 INFO o.a.j.t.JMeterThread: Stopping because end time detected by thread: TCC orders 1-6
2026-09-10 05:00:02,762 INFO o.a.j.t.JMeterThread: Thread finished: TCC orders 1-6
2026-09-10 05:00:02,788 INFO o.a.j.t.JMeterThread: Stopping because end time detected by thread: TCC orders 1-40
2026-09-10 05:00:02,788 INFO o.a.j.t.JMeterThread: Thread finished: TCC orders 1-40
2026-09-10 05:00:02,814 INFO o.a.j.t.JMeterThread: Stopping because end time detected by thread: TCC orders 1-46
2026-09-10 05:00:02,815 INFO o.a.j.t.JMeterThread: Thread finished: TCC orders 1-46
2026-09-10 05:00:02,840 INFO o.a.j.t.JMeterThread: Stopping because end time detected by thread: TCC orders 1-14
2026-09-10 05:00:02,840 INFO o.a.j.t.JMeterThread: Thread finished: TCC orders 1-14
2026-09-10 05:00:02,867 INFO o.a.j.t.JMeterThread: Stopping because end time detected by thread: TCC orders 1-36
2026-09-10 05:00:02,868 INFO o.a.j.t.JMeterThread: Thread finished: TCC orders 1-36
2026-09-10 05:00:02,892 INFO o.a.j.t.JMeterThread: Stopping because end time detected by thread: TCC orders 1-9
2026-09-10 05:00:02,893 INFO o.a.j.t.JMeterThread: Thread finished: TCC orders 1-9
2026-09-10 05:00:02,919 INFO o.a.j.t.JMeterThread: Stopping because end time detected by thread: TCC orders 1-37
2026-09-10 05:00:02,919 INFO o.a.j.t.JMeterThread: Thread finished: TCC orders 1-37
2026-09-10 05:00:02,943 INFO o.a.j.t.JMeterThread: Stopping because end time detected by thread: TCC orders 1-47
2026-09-10 05:00:02,944 INFO o.a.j.t.JMeterThread: Thread finished: TCC orders 1-47
2026-09-10 05:00:02,970 INFO o.a.j.t.JMeterThread: Stopping because end time detected by thread: TCC orders 1-49
2026-09-10 05:00:02,970 INFO o.a.j.t.JMeterThread: Thread finished: TCC orders 1-49
2026-09-10 05:00:02,995 INFO o.a.j.t.JMeterThread: Stopping because end time detected by thread: TCC orders 1-30
2026-09-10 05:00:02,995 INFO o.a.j.t.JMeterThread: Thread finished: TCC orders 1-30
2026-09-10 05:00:03,029 INFO o.a.j.t.JMeterThread: Stopping because end time detected by thread: TCC orders 1-22
2026-09-10 05:00:03,029 INFO o.a.j.t.JMeterThread: Thread finished: TCC orders 1-22
2026-09-10 05:00:03,061 INFO o.a.j.t.JMeterThread: Stopping because end time detected by thread: TCC orders 1-50
2026-09-10 05:00:03,061 INFO o.a.j.t.JMeterThread: Thread finished: TCC orders 1-50
2026-09-10 05:00:03,089 INFO o.a.j.t.JMeterThread: Stopping because end time detected by thread: TCC orders 1-7
2026-09-10 05:00:03,089 INFO o.a.j.t.JMeterThread: Thread finished: TCC orders 1-7
2026-09-10 05:00:03,122 INFO o.a.j.t.JMeterThread: Stopping because end time detected by thread: TCC orders 1-44
2026-09-10 05:00:03,123 INFO o.a.j.t.JMeterThread: Thread finished: TCC orders 1-44
2026-09-10 05:00:03,149 INFO o.a.j.t.JMeterThread: Stopping because end time detected by thread: TCC orders 1-45
2026-09-10 05:00:03,150 INFO o.a.j.t.JMeterThread: Thread finished: TCC orders 1-45
2026-09-10 05:00:03,175 INFO o.a.j.t.JMeterThread: Stopping because end time detected by thread: TCC orders 1-43
2026-09-10 05:00:03,175 INFO o.a.j.t.JMeterThread: Thread finished: TCC orders 1-43
2026-09-10 05:00:03,199 INFO o.a.j.t.JMeterThread: Stopping because end time detected by thread: TCC orders 1-24
2026-09-10 05:00:03,199 INFO o.a.j.t.JMeterThread: Thread finished: TCC orders 1-24
2026-09-10 05:00:03,223 INFO o.a.j.t.JMeterThread: Stopping because end time detected by thread: TCC orders 1-38
2026-09-10 05:00:03,223 INFO o.a.j.t.JMeterThread: Thread finished: TCC orders 1-38
2026-09-10 05:00:03,247 INFO o.a.j.t.JMeterThread: Stopping because end time detected by thread: TCC orders 1-20
2026-09-10 05:00:03,247 INFO o.a.j.t.JMeterThread: Thread finished: TCC orders 1-20
2026-09-10 05:00:03,271 INFO o.a.j.t.JMeterThread: Stopping because end time detected by thread: TCC orders 1-5
2026-09-10 05:00:03,271 INFO o.a.j.t.JMeterThread: Thread finished: TCC orders 1-5
2026-09-10 05:00:03,296 INFO o.a.j.t.JMeterThread: Stopping because end time detected by thread: TCC orders 1-4
2026-09-10 05:00:03,296 INFO o.a.j.t.JMeterThread: Thread finished: TCC orders 1-4
2026-09-10 05:00:03,320 INFO o.a.j.t.JMeterThread: Stopping because end time detected by thread: TCC orders 1-34
2026-09-10 05:00:03,320 INFO o.a.j.t.JMeterThread: Thread finished: TCC orders 1-34
2026-09-10 05:00:03,344 INFO o.a.j.t.JMeterThread: Stopping because end time detected by thread: TCC orders 1-25
2026-09-10 05:00:03,344 INFO o.a.j.t.JMeterThread: Thread finished: TCC orders 1-25
2026-09-10 05:00:03,369 INFO o.a.j.t.JMeterThread: Stopping because end time detected by thread: TCC orders 1-39
2026-09-10 05:00:03,369 INFO o.a.j.t.JMeterThread: Thread finished: TCC orders 1-39
2026-09-10 05:00:03,393 INFO o.a.j.t.JMeterThread: Stopping because end time detected by thread: TCC orders 1-48
2026-09-10 05:00:03,393 INFO o.a.j.t.JMeterThread: Thread finished: TCC orders 1-48
2026-09-10 05:00:03,417 INFO o.a.j.t.JMeterThread: Stopping because end time detected by thread: TCC orders 1-10
2026-09-10 05:00:03,417 INFO o.a.j.t.JMeterThread: Thread finished: TCC orders 1-10
2026-09-10 05:00:03,441 INFO o.a.j.t.JMeterThread: Stopping because end time detected by thread: TCC orders 1-28
2026-09-10 05:00:03,441 INFO o.a.j.t.JMeterThread: Thread finished: TCC orders 1-28
2026-09-10 05:00:03,466 INFO o.a.j.t.JMeterThread: Stopping because end time detected by thread: TCC orders 1-26
2026-09-10 05:00:03,466 INFO o.a.j.t.JMeterThread: Thread finished: TCC orders 1-26
2026-09-10 05:00:03,491 INFO o.a.j.t.JMeterThread: Stopping because end time detected by thread: TCC orders 1-23
2026-09-10 05:00:03,491 INFO o.a.j.t.JMeterThread: Thread finished: TCC orders 1-23
2026-09-10 05:00:03,515 INFO o.a.j.t.JMeterThread: Stopping because end time detected by thread: TCC orders 1-18
2026-09-10 05:00:03,515 INFO o.a.j.t.JMeterThread: Thread finished: TCC orders 1-18
2026-09-10 05:00:03,539 INFO o.a.j.t.JMeterThread: Stopping because end time detected by thread: TCC orders 1-27
2026-09-10 05:00:03,539 INFO o.a.j.t.JMeterThread: Thread finished: TCC orders 1-27
2026-09-10 05:00:03,563 INFO o.a.j.t.JMeterThread: Stopping because end time detected by thread: TCC orders 1-31
2026-09-10 05:00:03,564 INFO o.a.j.t.JMeterThread: Thread finished: TCC orders 1-31
2026-09-10 05:00:03,588 INFO o.a.j.t.JMeterThread: Stopping because end time detected by thread: TCC orders 1-1
2026-09-10 05:00:03,589 INFO o.a.j.t.JMeterThread: Thread finished: TCC orders 1-1
2026-09-10 05:00:03,615 INFO o.a.j.t.JMeterThread: Stopping because end time detected by thread: TCC orders 1-41
2026-09-10 05:00:03,615 INFO o.a.j.t.JMeterThread: Thread finished: TCC orders 1-41
2026-09-10 05:00:03,639 INFO o.a.j.t.JMeterThread: Stopping because end time detected by thread: TCC orders 1-42
2026-09-10 05:00:03,640 INFO o.a.j.t.JMeterThread: Thread finished: TCC orders 1-42
2026-09-10 05:00:03,664 INFO o.a.j.t.JMeterThread: Stopping because end time detected by thread: TCC orders 1-16
2026-09-10 05:00:03,664 INFO o.a.j.t.JMeterThread: Thread finished: TCC orders 1-16
2026-09-10 05:00:03,688 INFO o.a.j.t.JMeterThread: Stopping because end time detected by thread: TCC orders 1-2
2026-09-10 05:00:03,688 INFO o.a.j.t.JMeterThread: Thread finished: TCC orders 1-2
2026-09-10 05:00:03,713 INFO o.a.j.t.JMeterThread: Stopping because end time detected by thread: TCC orders 1-35
2026-09-10 05:00:03,713 INFO o.a.j.t.JMeterThread: Thread finished: TCC orders 1-35
2026-09-10 05:00:03,737 INFO o.a.j.t.JMeterThread: Stopping because end time detected by thread: TCC orders 1-15
2026-09-10 05:00:03,737 INFO o.a.j.t.JMeterThread: Thread finished: TCC orders 1-15
2026-09-10 05:00:03,762 INFO o.a.j.t.JMeterThread: Stopping because end time detected by thread: TCC orders 1-19
2026-09-10 05:00:03,762 INFO o.a.j.t.JMeterThread: Thread finished: TCC orders 1-19
2026-09-10 05:00:03,786 INFO o.a.j.t.JMeterThread: Stopping because end time detected by thread: TCC orders 1-29
2026-09-10 05:00:03,786 INFO o.a.j.t.JMeterThread: Thread finished: TCC orders 1-29
2026-09-10 05:00:03,811 INFO o.a.j.t.JMeterThread: Stopping because end time detected by thread: TCC orders 1-11
2026-09-10 05:00:03,811 INFO o.a.j.t.JMeterThread: Thread finished: TCC orders 1-11
2026-09-10 05:00:03,835 INFO o.a.j.t.JMeterThread: Stopping because end time detected by thread: TCC orders 1-33
2026-09-10 05:00:03,835 INFO o.a.j.t.JMeterThread: Thread finished: TCC orders 1-33
2026-09-10 05:00:03,859 INFO o.a.j.t.JMeterThread: Stopping because end time detected by thread: TCC orders 1-3
2026-09-10 05:00:03,860 INFO o.a.j.t.JMeterThread: Thread finished: TCC orders 1-3
2026-09-10 05:00:03,884 INFO o.a.j.t.JMeterThread: Stopping because end time detected by thread: TCC orders 1-8
2026-09-10 05:00:03,885 INFO o.a.j.t.JMeterThread: Thread finished: TCC orders 1-8
2026-09-10 05:00:03,910 INFO o.a.j.t.JMeterThread: Stopping because end time detected by thread: TCC orders 1-32
2026-09-10 05:00:03,910 INFO o.a.j.t.JMeterThread: Thread finished: TCC orders 1-32
2026-09-10 05:00:03,934 INFO o.a.j.t.JMeterThread: Stopping because end time detected by thread: TCC orders 1-12
2026-09-10 05:00:03,934 INFO o.a.j.t.JMeterThread: Thread finished: TCC orders 1-12
2026-09-10 05:00:03,958 INFO o.a.j.t.JMeterThread: Stopping because end time detected by thread: TCC orders 1-17
2026-09-10 05:00:03,958 INFO o.a.j.t.JMeterThread: Thread finished: TCC orders 1-17
2026-09-10 05:00:03,984 INFO o.a.j.t.JMeterThread: Stopping because end time detected by thread: TCC orders 1-21
2026-09-10 05:00:03,985 INFO o.a.j.t.JMeterThread: Thread finished: TCC orders 1-21
2026-09-10 05:00:04,016 INFO o.a.j.t.JMeterThread: Stopping because end time detected by thread: TCC orders 1-13
2026-09-10 05:00:04,016 INFO o.a.j.t.JMeterThread: Thread finished: TCC orders 1-13
2026-09-10 05:00:04,016 INFO o.a.j.e.StandardJMeterEngine: Notifying test listeners of end of test
2026-09-10 05:00:04,019 INFO o.a.j.r.Summariser: summary +    158 in 00:00:04 =   39.7/s Avg:  1262 Min:  1220 Max:  1295 Err:     0 (0.00%) Active: 0 Started: 50 Finished: 50
2026-09-10 05:00:04,019 INFO o.a.j.r.Summariser: summary =   4826 in 00:02:01 =   39.8/s Avg:  1245 Min:    94 Max:  1601 Err:     0 (0.00%)
