2026-09-10 04:57:25,950 INFO o.a.j.u.JMeterUtils: Setting Locale to en_EN
2026-09-10 04:57:25,965 INFO o.a.j.JMeter: Loading user properties from: /home/avituo/projects/tcc/tcc-container/.tools/apache-jmeter-5.6.3/bin/user.properties
2026-09-10 04:57:25,965 INFO o.a.j.JMeter: Loading system properties from: /home/avituo/projects/tcc/tcc-container/.tools/apache-jmeter-5.6.3/bin/system.properties
2026-09-10 04:57:25,965 INFO o.a.j.JMeter: Loading additional properties from: /home/avituo/projects/tcc/tcc-container/benchmark/jmeter/benchmark.properties
2026-09-10 04:57:25,965 INFO o.a.j.JMeter: Loading additional properties from: /tmp/tcc-benchmark-auth.QiW4gL/auth.properties
2026-09-10 04:57:25,966 INFO o.a.j.JMeter: Setting JMeter property: threads=50
2026-09-10 04:57:25,966 INFO o.a.j.JMeter: Setting JMeter property: duration_seconds=30
2026-09-10 04:57:25,966 INFO o.a.j.JMeter: Setting JMeter property: target_host=localhost
2026-09-10 04:57:25,966 INFO o.a.j.JMeter: Setting JMeter property: target_port=18000
2026-09-10 04:57:25,966 INFO o.a.j.JMeter: Setting JMeter property: tcc.order.id=1
2026-09-10 04:57:25,966 INFO o.a.j.JMeter: Setting JMeter property: repetition=5
2026-09-10 04:57:25,972 INFO o.a.j.JMeter: Copyright (c) 1998-2024 The Apache Software Foundation
2026-09-10 04:57:25,972 INFO o.a.j.JMeter: Version 5.6.3
2026-09-10 04:57:25,972 INFO o.a.j.JMeter: java.version=21.0.11
2026-09-10 04:57:25,972 INFO o.a.j.JMeter: java.vm.name=OpenJDK 64-Bit Server VM
2026-09-10 04:57:25,972 INFO o.a.j.JMeter: os.name=Linux
2026-09-10 04:57:25,972 INFO o.a.j.JMeter: os.arch=amd64
2026-09-10 04:57:25,972 INFO o.a.j.JMeter: os.version=7.0.11-76070011-generic
2026-09-10 04:57:25,972 INFO o.a.j.JMeter: file.encoding=UTF-8
2026-09-10 04:57:25,972 INFO o.a.j.JMeter: java.awt.headless=true
2026-09-10 04:57:25,973 INFO o.a.j.JMeter: Max memory     =1073741824
2026-09-10 04:57:25,973 INFO o.a.j.JMeter: Available Processors =16
2026-09-10 04:57:25,981 INFO o.a.j.JMeter: Default Locale=English (EN)
2026-09-10 04:57:25,981 INFO o.a.j.JMeter: JMeter  Locale=English (EN)
2026-09-10 04:57:25,981 INFO o.a.j.JMeter: JMeterHome=/home/avituo/projects/tcc/tcc-container/.tools/apache-jmeter-5.6.3
2026-09-10 04:57:25,981 INFO o.a.j.JMeter: user.dir  =/home/avituo/projects/tcc/tcc-container
2026-09-10 04:57:25,981 INFO o.a.j.JMeter: PWD       =/home/avituo/projects/tcc/tcc-container
2026-09-10 04:57:25,992 INFO o.a.j.JMeter: IP: 192.168.1.16 Name: pop-os FullName: pop-os.home
2026-09-10 04:57:26,004 INFO o.a.j.s.FileServer: Default base='/home/avituo/projects/tcc/tcc-container'
2026-09-10 04:57:26,006 INFO o.a.j.s.FileServer: Set new base='/home/avituo/projects/tcc/tcc-container/benchmark/jmeter'
2026-09-10 04:57:26,184 INFO o.a.j.s.SaveService: Testplan (JMX) version: 2.2. Testlog (JTL) version: 2.2
2026-09-10 04:57:26,209 INFO o.a.j.s.SaveService: Using SaveService properties version 5.0
2026-09-10 04:57:26,213 INFO o.a.j.s.SaveService: Using SaveService properties file encoding UTF-8
2026-09-10 04:57:26,217 INFO o.a.j.s.SaveService: Loading file: /home/avituo/projects/tcc/tcc-container/benchmark/jmeter/tcc-orders-v1.jmx
2026-09-10 04:57:26,266 INFO o.a.j.p.h.s.HTTPSamplerBase: Parser for text/html is org.apache.jmeter.protocol.http.parser.LagartoBasedHtmlParser
2026-09-10 04:57:26,266 INFO o.a.j.p.h.s.HTTPSamplerBase: Parser for application/xhtml+xml is org.apache.jmeter.protocol.http.parser.LagartoBasedHtmlParser
2026-09-10 04:57:26,266 INFO o.a.j.p.h.s.HTTPSamplerBase: Parser for application/xml is org.apache.jmeter.protocol.http.parser.LagartoBasedHtmlParser
2026-09-10 04:57:26,266 INFO o.a.j.p.h.s.HTTPSamplerBase: Parser for text/xml is org.apache.jmeter.protocol.http.parser.LagartoBasedHtmlParser
2026-09-10 04:57:26,266 INFO o.a.j.p.h.s.HTTPSamplerBase: Parser for text/vnd.wap.wml is org.apache.jmeter.protocol.http.parser.RegexpHTMLParser
2026-09-10 04:57:26,266 INFO o.a.j.p.h.s.HTTPSamplerBase: Parser for text/css is org.apache.jmeter.protocol.http.parser.CssParser
2026-09-10 04:57:26,294 INFO o.a.j.JMeter: Creating summariser <summary>
2026-09-10 04:57:26,313 INFO o.a.j.e.StandardJMeterEngine: Running the test!
2026-09-10 04:57:26,314 INFO o.a.j.s.SampleEvent: List of sample_variables: []
2026-09-10 04:57:26,314 INFO o.a.j.s.SampleEvent: List of sample_variables: []
2026-09-10 04:57:26,321 INFO o.a.j.e.u.CompoundVariable: Note: Function class names must contain the string: '.functions.'
2026-09-10 04:57:26,321 INFO o.a.j.e.u.CompoundVariable: Note: Function class names must not contain the string: '.gui.'
2026-09-10 04:57:26,579 INFO o.a.j.JMeter: Running test (1789027046579)
2026-09-10 04:57:26,601 INFO o.a.j.e.StandardJMeterEngine: Starting ThreadGroup: 1 : TCC orders
2026-09-10 04:57:26,601 INFO o.a.j.e.StandardJMeterEngine: Starting 50 threads for group TCC orders.
2026-09-10 04:57:26,601 INFO o.a.j.e.StandardJMeterEngine: Thread will continue on error
2026-09-10 04:57:26,601 INFO o.a.j.t.ThreadGroup: Starting thread group... number=1 threads=50 ramp-up=0 delayedStart=false
2026-09-10 04:57:26,607 INFO o.a.j.t.JMeterThread: Thread started: TCC orders 1-4
2026-09-10 04:57:26,607 INFO o.a.j.t.JMeterThread: Thread started: TCC orders 1-3
2026-09-10 04:57:26,607 INFO o.a.j.t.JMeterThread: Thread started: TCC orders 1-2
2026-09-10 04:57:26,607 INFO o.a.j.t.JMeterThread: Thread started: TCC orders 1-1
2026-09-10 04:57:26,608 INFO o.a.j.t.JMeterThread: Thread started: TCC orders 1-5
2026-09-10 04:57:26,609 INFO o.a.j.t.JMeterThread: Thread started: TCC orders 1-6
2026-09-10 04:57:26,610 INFO o.a.j.t.JMeterThread: Thread started: TCC orders 1-7
2026-09-10 04:57:26,610 INFO o.a.j.t.JMeterThread: Thread started: TCC orders 1-8
2026-09-10 04:57:26,611 INFO o.a.j.t.JMeterThread: Thread started: TCC orders 1-9
2026-09-10 04:57:26,611 INFO o.a.j.t.JMeterThread: Thread started: TCC orders 1-10
2026-09-10 04:57:26,613 INFO o.a.j.t.JMeterThread: Thread started: TCC orders 1-11
2026-09-10 04:57:26,613 INFO o.a.j.t.JMeterThread: Thread started: TCC orders 1-12
2026-09-10 04:57:26,614 INFO o.a.j.t.JMeterThread: Thread started: TCC orders 1-13
2026-09-10 04:57:26,615 INFO o.a.j.t.JMeterThread: Thread started: TCC orders 1-14
2026-09-10 04:57:26,615 INFO o.a.j.t.JMeterThread: Thread started: TCC orders 1-15
2026-09-10 04:57:26,616 INFO o.a.j.t.JMeterThread: Thread started: TCC orders 1-16
2026-09-10 04:57:26,617 INFO o.a.j.t.JMeterThread: Thread started: TCC orders 1-17
2026-09-10 04:57:26,618 INFO o.a.j.t.JMeterThread: Thread started: TCC orders 1-18
2026-09-10 04:57:26,618 INFO o.a.j.t.JMeterThread: Thread started: TCC orders 1-19
2026-09-10 04:57:26,619 INFO o.a.j.t.JMeterThread: Thread started: TCC orders 1-20
2026-09-10 04:57:26,620 INFO o.a.j.t.JMeterThread: Thread started: TCC orders 1-21
2026-09-10 04:57:26,620 INFO o.a.j.t.JMeterThread: Thread started: TCC orders 1-22
2026-09-10 04:57:26,621 INFO o.a.j.t.JMeterThread: Thread started: TCC orders 1-23
2026-09-10 04:57:26,621 INFO o.a.j.t.JMeterThread: Thread started: TCC orders 1-24
2026-09-10 04:57:26,622 INFO o.a.j.t.JMeterThread: Thread started: TCC orders 1-25
2026-09-10 04:57:26,622 INFO o.a.j.t.JMeterThread: Thread started: TCC orders 1-26
2026-09-10 04:57:26,623 INFO o.a.j.t.JMeterThread: Thread started: TCC orders 1-27
2026-09-10 04:57:26,624 INFO o.a.j.t.JMeterThread: Thread started: TCC orders 1-28
2026-09-10 04:57:26,624 INFO o.a.j.t.JMeterThread: Thread started: TCC orders 1-29
2026-09-10 04:57:26,625 INFO o.a.j.t.JMeterThread: Thread started: TCC orders 1-30
2026-09-10 04:57:26,625 INFO o.a.j.t.JMeterThread: Thread started: TCC orders 1-31
2026-09-10 04:57:26,626 INFO o.a.j.t.JMeterThread: Thread started: TCC orders 1-33
2026-09-10 04:57:26,627 INFO o.a.j.t.JMeterThread: Thread started: TCC orders 1-34
2026-09-10 04:57:26,627 INFO o.a.j.t.JMeterThread: Thread started: TCC orders 1-35
2026-09-10 04:57:26,628 INFO o.a.j.t.JMeterThread: Thread started: TCC orders 1-36
2026-09-10 04:57:26,628 INFO o.a.j.t.JMeterThread: Thread started: TCC orders 1-32
2026-09-10 04:57:26,628 INFO o.a.j.t.JMeterThread: Thread started: TCC orders 1-37
2026-09-10 04:57:26,629 INFO o.a.j.t.JMeterThread: Thread started: TCC orders 1-38
2026-09-10 04:57:26,629 INFO o.a.j.t.JMeterThread: Thread started: TCC orders 1-39
2026-09-10 04:57:26,630 INFO o.a.j.t.JMeterThread: Thread started: TCC orders 1-40
2026-09-10 04:57:26,630 INFO o.a.j.t.JMeterThread: Thread started: TCC orders 1-41
2026-09-10 04:57:26,631 INFO o.a.j.p.h.s.HTTPHCAbstractImpl: Local host = pop-os
2026-09-10 04:57:26,631 INFO o.a.j.t.JMeterThread: Thread started: TCC orders 1-42
2026-09-10 04:57:26,632 INFO o.a.j.t.JMeterThread: Thread started: TCC orders 1-43
2026-09-10 04:57:26,632 INFO o.a.j.t.JMeterThread: Thread started: TCC orders 1-44
2026-09-10 04:57:26,633 INFO o.a.j.t.JMeterThread: Thread started: TCC orders 1-45
2026-09-10 04:57:26,633 INFO o.a.j.t.JMeterThread: Thread started: TCC orders 1-46
2026-09-10 04:57:26,634 INFO o.a.j.t.JMeterThread: Thread started: TCC orders 1-47
2026-09-10 04:57:26,634 INFO o.a.j.t.JMeterThread: Thread started: TCC orders 1-48
2026-09-10 04:57:26,634 INFO o.a.j.t.JMeterThread: Thread started: TCC orders 1-49
2026-09-10 04:57:26,635 INFO o.a.j.t.ThreadGroup: Started thread group number 1
2026-09-10 04:57:26,635 INFO o.a.j.e.StandardJMeterEngine: All thread groups have been started
2026-09-10 04:57:26,635 INFO o.a.j.t.JMeterThread: Thread started: TCC orders 1-50
2026-09-10 04:57:26,639 INFO o.a.j.p.h.s.HTTPHC4Impl: HTTP request retry count = 0
2026-09-10 04:57:26,640 INFO o.a.j.s.SampleResult: Note: Sample TimeStamps are START times
2026-09-10 04:57:26,640 INFO o.a.j.s.SampleResult: sampleresult.default.encoding is set to UTF-8
2026-09-10 04:57:26,640 INFO o.a.j.s.SampleResult: sampleresult.useNanoTime=true
2026-09-10 04:57:26,640 INFO o.a.j.s.SampleResult: sampleresult.nanoThreadSleep=5000
2026-09-10 04:57:30,031 INFO o.a.j.r.Summariser: summary +    116 in 00:00:03 =   33.6/s Avg:  1068 Min:    92 Max:  1643 Err:     0 (0.00%) Active: 50 Started: 50 Finished: 0
2026-09-10 04:57:56,631 INFO o.a.j.t.JMeterThread: Stopping because end time detected by thread: TCC orders 1-13
2026-09-10 04:57:56,631 INFO o.a.j.t.JMeterThread: Thread finished: TCC orders 1-13
2026-09-10 04:57:56,656 INFO o.a.j.t.JMeterThread: Stopping because end time detected by thread: TCC orders 1-3
2026-09-10 04:57:56,657 INFO o.a.j.t.JMeterThread: Thread finished: TCC orders 1-3
2026-09-10 04:57:56,683 INFO o.a.j.t.JMeterThread: Stopping because end time detected by thread: TCC orders 1-12
2026-09-10 04:57:56,683 INFO o.a.j.t.JMeterThread: Thread finished: TCC orders 1-12
2026-09-10 04:57:56,708 INFO o.a.j.t.JMeterThread: Stopping because end time detected by thread: TCC orders 1-43
2026-09-10 04:57:56,708 INFO o.a.j.t.JMeterThread: Thread finished: TCC orders 1-43
2026-09-10 04:57:56,733 INFO o.a.j.t.JMeterThread: Stopping because end time detected by thread: TCC orders 1-28
2026-09-10 04:57:56,733 INFO o.a.j.t.JMeterThread: Thread finished: TCC orders 1-28
2026-09-10 04:57:56,758 INFO o.a.j.t.JMeterThread: Stopping because end time detected by thread: TCC orders 1-21
2026-09-10 04:57:56,758 INFO o.a.j.t.JMeterThread: Thread finished: TCC orders 1-21
2026-09-10 04:57:56,782 INFO o.a.j.t.JMeterThread: Stopping because end time detected by thread: TCC orders 1-15
2026-09-10 04:57:56,782 INFO o.a.j.t.JMeterThread: Thread finished: TCC orders 1-15
2026-09-10 04:57:56,807 INFO o.a.j.t.JMeterThread: Stopping because end time detected by thread: TCC orders 1-44
2026-09-10 04:57:56,807 INFO o.a.j.t.JMeterThread: Thread finished: TCC orders 1-44
2026-09-10 04:57:56,830 INFO o.a.j.t.JMeterThread: Stopping because end time detected by thread: TCC orders 1-42
2026-09-10 04:57:56,831 INFO o.a.j.t.JMeterThread: Thread finished: TCC orders 1-42
2026-09-10 04:57:56,856 INFO o.a.j.t.JMeterThread: Stopping because end time detected by thread: TCC orders 1-32
2026-09-10 04:57:56,856 INFO o.a.j.t.JMeterThread: Thread finished: TCC orders 1-32
2026-09-10 04:57:56,879 INFO o.a.j.t.JMeterThread: Stopping because end time detected by thread: TCC orders 1-34
2026-09-10 04:57:56,879 INFO o.a.j.t.JMeterThread: Thread finished: TCC orders 1-34
2026-09-10 04:57:56,904 INFO o.a.j.t.JMeterThread: Stopping because end time detected by thread: TCC orders 1-36
2026-09-10 04:57:56,904 INFO o.a.j.t.JMeterThread: Thread finished: TCC orders 1-36
2026-09-10 04:57:56,927 INFO o.a.j.t.JMeterThread: Stopping because end time detected by thread: TCC orders 1-41
2026-09-10 04:57:56,928 INFO o.a.j.t.JMeterThread: Thread finished: TCC orders 1-41
2026-09-10 04:57:56,953 INFO o.a.j.t.JMeterThread: Stopping because end time detected by thread: TCC orders 1-20
2026-09-10 04:57:56,953 INFO o.a.j.t.JMeterThread: Thread finished: TCC orders 1-20
2026-09-10 04:57:56,978 INFO o.a.j.t.JMeterThread: Stopping because end time detected by thread: TCC orders 1-7
2026-09-10 04:57:56,978 INFO o.a.j.t.JMeterThread: Thread finished: TCC orders 1-7
2026-09-10 04:57:57,010 INFO o.a.j.t.JMeterThread: Stopping because end time detected by thread: TCC orders 1-26
2026-09-10 04:57:57,010 INFO o.a.j.t.JMeterThread: Thread finished: TCC orders 1-26
2026-09-10 04:57:57,035 INFO o.a.j.t.JMeterThread: Stopping because end time detected by thread: TCC orders 1-2
2026-09-10 04:57:57,035 INFO o.a.j.t.JMeterThread: Thread finished: TCC orders 1-2
2026-09-10 04:57:57,060 INFO o.a.j.t.JMeterThread: Stopping because end time detected by thread: TCC orders 1-8
2026-09-10 04:57:57,060 INFO o.a.j.t.JMeterThread: Thread finished: TCC orders 1-8
2026-09-10 04:57:57,087 INFO o.a.j.t.JMeterThread: Stopping because end time detected by thread: TCC orders 1-25
2026-09-10 04:57:57,087 INFO o.a.j.t.JMeterThread: Thread finished: TCC orders 1-25
2026-09-10 04:57:57,112 INFO o.a.j.t.JMeterThread: Stopping because end time detected by thread: TCC orders 1-5
2026-09-10 04:57:57,112 INFO o.a.j.t.JMeterThread: Thread finished: TCC orders 1-5
2026-09-10 04:57:57,137 INFO o.a.j.t.JMeterThread: Stopping because end time detected by thread: TCC orders 1-23
2026-09-10 04:57:57,137 INFO o.a.j.t.JMeterThread: Thread finished: TCC orders 1-23
2026-09-10 04:57:57,162 INFO o.a.j.t.JMeterThread: Stopping because end time detected by thread: TCC orders 1-6
2026-09-10 04:57:57,162 INFO o.a.j.t.JMeterThread: Thread finished: TCC orders 1-6
2026-09-10 04:57:57,188 INFO o.a.j.t.JMeterThread: Stopping because end time detected by thread: TCC orders 1-37
2026-09-10 04:57:57,188 INFO o.a.j.t.JMeterThread: Thread finished: TCC orders 1-37
2026-09-10 04:57:57,212 INFO o.a.j.t.JMeterThread: Stopping because end time detected by thread: TCC orders 1-40
2026-09-10 04:57:57,212 INFO o.a.j.t.JMeterThread: Thread finished: TCC orders 1-40
2026-09-10 04:57:57,238 INFO o.a.j.t.JMeterThread: Stopping because end time detected by thread: TCC orders 1-48
2026-09-10 04:57:57,238 INFO o.a.j.t.JMeterThread: Thread finished: TCC orders 1-48
2026-09-10 04:57:57,263 INFO o.a.j.t.JMeterThread: Stopping because end time detected by thread: TCC orders 1-17
2026-09-10 04:57:57,263 INFO o.a.j.t.JMeterThread: Thread finished: TCC orders 1-17
2026-09-10 04:57:57,288 INFO o.a.j.t.JMeterThread: Stopping because end time detected by thread: TCC orders 1-30
2026-09-10 04:57:57,288 INFO o.a.j.t.JMeterThread: Thread finished: TCC orders 1-30
2026-09-10 04:57:57,313 INFO o.a.j.t.JMeterThread: Stopping because end time detected by thread: TCC orders 1-35
2026-09-10 04:57:57,313 INFO o.a.j.t.JMeterThread: Thread finished: TCC orders 1-35
2026-09-10 04:57:57,339 INFO o.a.j.t.JMeterThread: Stopping because end time detected by thread: TCC orders 1-29
2026-09-10 04:57:57,339 INFO o.a.j.t.JMeterThread: Thread finished: TCC orders 1-29
2026-09-10 04:57:57,364 INFO o.a.j.t.JMeterThread: Stopping because end time detected by thread: TCC orders 1-33
2026-09-10 04:57:57,364 INFO o.a.j.t.JMeterThread: Thread finished: TCC orders 1-33
2026-09-10 04:57:57,390 INFO o.a.j.t.JMeterThread: Stopping because end time detected by thread: TCC orders 1-47
2026-09-10 04:57:57,390 INFO o.a.j.t.JMeterThread: Thread finished: TCC orders 1-47
2026-09-10 04:57:57,415 INFO o.a.j.t.JMeterThread: Stopping because end time detected by thread: TCC orders 1-27
2026-09-10 04:57:57,415 INFO o.a.j.t.JMeterThread: Thread finished: TCC orders 1-27
2026-09-10 04:57:57,440 INFO o.a.j.t.JMeterThread: Stopping because end time detected by thread: TCC orders 1-9
2026-09-10 04:57:57,440 INFO o.a.j.t.JMeterThread: Thread finished: TCC orders 1-9
2026-09-10 04:57:57,465 INFO o.a.j.t.JMeterThread: Stopping because end time detected by thread: TCC orders 1-46
2026-09-10 04:57:57,465 INFO o.a.j.t.JMeterThread: Thread finished: TCC orders 1-46
2026-09-10 04:57:57,490 INFO o.a.j.t.JMeterThread: Stopping because end time detected by thread: TCC orders 1-31
2026-09-10 04:57:57,490 INFO o.a.j.t.JMeterThread: Thread finished: TCC orders 1-31
2026-09-10 04:57:57,515 INFO o.a.j.t.JMeterThread: Stopping because end time detected by thread: TCC orders 1-38
2026-09-10 04:57:57,515 INFO o.a.j.t.JMeterThread: Thread finished: TCC orders 1-38
2026-09-10 04:57:57,540 INFO o.a.j.t.JMeterThread: Stopping because end time detected by thread: TCC orders 1-18
2026-09-10 04:57:57,540 INFO o.a.j.t.JMeterThread: Thread finished: TCC orders 1-18
2026-09-10 04:57:57,564 INFO o.a.j.t.JMeterThread: Stopping because end time detected by thread: TCC orders 1-11
2026-09-10 04:57:57,565 INFO o.a.j.t.JMeterThread: Thread finished: TCC orders 1-11
2026-09-10 04:57:57,591 INFO o.a.j.t.JMeterThread: Stopping because end time detected by thread: TCC orders 1-4
2026-09-10 04:57:57,591 INFO o.a.j.t.JMeterThread: Thread finished: TCC orders 1-4
2026-09-10 04:57:57,615 INFO o.a.j.t.JMeterThread: Stopping because end time detected by thread: TCC orders 1-10
2026-09-10 04:57:57,616 INFO o.a.j.t.JMeterThread: Thread finished: TCC orders 1-10
2026-09-10 04:57:57,640 INFO o.a.j.t.JMeterThread: Stopping because end time detected by thread: TCC orders 1-24
2026-09-10 04:57:57,640 INFO o.a.j.t.JMeterThread: Thread finished: TCC orders 1-24
2026-09-10 04:57:57,665 INFO o.a.j.t.JMeterThread: Stopping because end time detected by thread: TCC orders 1-14
2026-09-10 04:57:57,665 INFO o.a.j.t.JMeterThread: Thread finished: TCC orders 1-14
2026-09-10 04:57:57,690 INFO o.a.j.t.JMeterThread: Stopping because end time detected by thread: TCC orders 1-1
2026-09-10 04:57:57,690 INFO o.a.j.t.JMeterThread: Thread finished: TCC orders 1-1
2026-09-10 04:57:57,714 INFO o.a.j.t.JMeterThread: Stopping because end time detected by thread: TCC orders 1-50
2026-09-10 04:57:57,714 INFO o.a.j.t.JMeterThread: Thread finished: TCC orders 1-50
2026-09-10 04:57:57,739 INFO o.a.j.t.JMeterThread: Stopping because end time detected by thread: TCC orders 1-45
2026-09-10 04:57:57,739 INFO o.a.j.t.JMeterThread: Thread finished: TCC orders 1-45
2026-09-10 04:57:57,764 INFO o.a.j.t.JMeterThread: Stopping because end time detected by thread: TCC orders 1-49
2026-09-10 04:57:57,764 INFO o.a.j.t.JMeterThread: Thread finished: TCC orders 1-49
2026-09-10 04:57:57,789 INFO o.a.j.t.JMeterThread: Stopping because end time detected by thread: TCC orders 1-16
2026-09-10 04:57:57,789 INFO o.a.j.t.JMeterThread: Thread finished: TCC orders 1-16
2026-09-10 04:57:57,813 INFO o.a.j.t.JMeterThread: Stopping because end time detected by thread: TCC orders 1-22
2026-09-10 04:57:57,814 INFO o.a.j.t.JMeterThread: Thread finished: TCC orders 1-22
2026-09-10 04:57:57,839 INFO o.a.j.t.JMeterThread: Stopping because end time detected by thread: TCC orders 1-39
2026-09-10 04:57:57,839 INFO o.a.j.t.JMeterThread: Thread finished: TCC orders 1-39
2026-09-10 04:57:57,864 INFO o.a.j.t.JMeterThread: Stopping because end time detected by thread: TCC orders 1-19
2026-09-10 04:57:57,864 INFO o.a.j.t.JMeterThread: Thread finished: TCC orders 1-19
2026-09-10 04:57:57,864 INFO o.a.j.e.StandardJMeterEngine: Notifying test listeners of end of test
2026-09-10 04:57:57,867 INFO o.a.j.r.Summariser: summary +   1106 in 00:00:28 =   39.7/s Avg:  1257 Min:  1219 Max:  1288 Err:     0 (0.00%) Active: 0 Started: 50 Finished: 50
2026-09-10 04:57:57,867 INFO o.a.j.r.Summariser: summary =   1222 in 00:00:31 =   39.1/s Avg:  1239 Min:    92 Max:  1643 Err:     0 (0.00%)
