2026-09-10 01:54:55,612 INFO o.a.j.u.JMeterUtils: Setting Locale to en_EN
2026-09-10 01:54:55,630 INFO o.a.j.JMeter: Loading user properties from: /home/avituo/projects/tcc/tcc-container/.tools/apache-jmeter-5.6.3/bin/user.properties
2026-09-10 01:54:55,630 INFO o.a.j.JMeter: Loading system properties from: /home/avituo/projects/tcc/tcc-container/.tools/apache-jmeter-5.6.3/bin/system.properties
2026-09-10 01:54:55,630 INFO o.a.j.JMeter: Loading additional properties from: /home/avituo/projects/tcc/tcc-container/benchmark/jmeter/benchmark.properties
2026-09-10 01:54:55,630 INFO o.a.j.JMeter: Loading additional properties from: /tmp/tcc-benchmark-auth.WgobSi/auth.properties
2026-09-10 01:54:55,630 INFO o.a.j.JMeter: Loading additional properties from: /home/avituo/projects/tcc/tcc-container/benchmark/results/laravel-13.20.0/final/products/c25/r4/monolith/thread-counters.properties
2026-09-10 01:54:55,631 INFO o.a.j.JMeter: Setting JMeter property: threads=25
2026-09-10 01:54:55,631 INFO o.a.j.JMeter: Setting JMeter property: duration_seconds=120
2026-09-10 01:54:55,631 INFO o.a.j.JMeter: Setting JMeter property: target_host=localhost
2026-09-10 01:54:55,631 INFO o.a.j.JMeter: Setting JMeter property: target_port=18000
2026-09-10 01:54:55,631 INFO o.a.j.JMeter: Setting JMeter property: tcc.order.id=1
2026-09-10 01:54:55,631 INFO o.a.j.JMeter: Setting JMeter property: repetition=4
2026-09-10 01:54:55,639 INFO o.a.j.JMeter: Copyright (c) 1998-2024 The Apache Software Foundation
2026-09-10 01:54:55,639 INFO o.a.j.JMeter: Version 5.6.3
2026-09-10 01:54:55,639 INFO o.a.j.JMeter: java.version=21.0.11
2026-09-10 01:54:55,639 INFO o.a.j.JMeter: java.vm.name=OpenJDK 64-Bit Server VM
2026-09-10 01:54:55,639 INFO o.a.j.JMeter: os.name=Linux
2026-09-10 01:54:55,639 INFO o.a.j.JMeter: os.arch=amd64
2026-09-10 01:54:55,639 INFO o.a.j.JMeter: os.version=7.0.11-76070011-generic
2026-09-10 01:54:55,639 INFO o.a.j.JMeter: file.encoding=UTF-8
2026-09-10 01:54:55,639 INFO o.a.j.JMeter: java.awt.headless=true
2026-09-10 01:54:55,639 INFO o.a.j.JMeter: Max memory     =1073741824
2026-09-10 01:54:55,639 INFO o.a.j.JMeter: Available Processors =16
2026-09-10 01:54:55,647 INFO o.a.j.JMeter: Default Locale=English (EN)
2026-09-10 01:54:55,648 INFO o.a.j.JMeter: JMeter  Locale=English (EN)
2026-09-10 01:54:55,648 INFO o.a.j.JMeter: JMeterHome=/home/avituo/projects/tcc/tcc-container/.tools/apache-jmeter-5.6.3
2026-09-10 01:54:55,648 INFO o.a.j.JMeter: user.dir  =/home/avituo/projects/tcc/tcc-container
2026-09-10 01:54:55,648 INFO o.a.j.JMeter: PWD       =/home/avituo/projects/tcc/tcc-container
2026-09-10 01:54:55,660 INFO o.a.j.JMeter: IP: 192.168.1.16 Name: pop-os FullName: pop-os.home
2026-09-10 01:54:55,671 INFO o.a.j.s.FileServer: Default base='/home/avituo/projects/tcc/tcc-container'
2026-09-10 01:54:55,673 INFO o.a.j.s.FileServer: Set new base='/home/avituo/projects/tcc/tcc-container/benchmark/jmeter'
2026-09-10 01:54:55,853 INFO o.a.j.s.SaveService: Testplan (JMX) version: 2.2. Testlog (JTL) version: 2.2
2026-09-10 01:54:55,877 INFO o.a.j.s.SaveService: Using SaveService properties version 5.0
2026-09-10 01:54:55,880 INFO o.a.j.s.SaveService: Using SaveService properties file encoding UTF-8
2026-09-10 01:54:55,883 INFO o.a.j.s.SaveService: Loading file: /home/avituo/projects/tcc/tcc-container/benchmark/jmeter/tcc-products-v1.jmx
2026-09-10 01:54:55,940 INFO o.a.j.p.h.s.HTTPSamplerBase: Parser for text/html is org.apache.jmeter.protocol.http.parser.LagartoBasedHtmlParser
2026-09-10 01:54:55,940 INFO o.a.j.p.h.s.HTTPSamplerBase: Parser for application/xhtml+xml is org.apache.jmeter.protocol.http.parser.LagartoBasedHtmlParser
2026-09-10 01:54:55,940 INFO o.a.j.p.h.s.HTTPSamplerBase: Parser for application/xml is org.apache.jmeter.protocol.http.parser.LagartoBasedHtmlParser
2026-09-10 01:54:55,940 INFO o.a.j.p.h.s.HTTPSamplerBase: Parser for text/xml is org.apache.jmeter.protocol.http.parser.LagartoBasedHtmlParser
2026-09-10 01:54:55,940 INFO o.a.j.p.h.s.HTTPSamplerBase: Parser for text/vnd.wap.wml is org.apache.jmeter.protocol.http.parser.RegexpHTMLParser
2026-09-10 01:54:55,940 INFO o.a.j.p.h.s.HTTPSamplerBase: Parser for text/css is org.apache.jmeter.protocol.http.parser.CssParser
2026-09-10 01:54:55,968 INFO o.a.j.JMeter: Creating summariser <summary>
2026-09-10 01:54:55,984 INFO o.a.j.e.StandardJMeterEngine: Running the test!
2026-09-10 01:54:55,985 INFO o.a.j.s.SampleEvent: List of sample_variables: []
2026-09-10 01:54:55,985 INFO o.a.j.s.SampleEvent: List of sample_variables: []
2026-09-10 01:54:55,990 INFO o.a.j.e.u.CompoundVariable: Note: Function class names must contain the string: '.functions.'
2026-09-10 01:54:55,991 INFO o.a.j.e.u.CompoundVariable: Note: Function class names must not contain the string: '.gui.'
2026-09-10 01:54:56,230 INFO o.a.j.JMeter: Running test (1789016096230)
2026-09-10 01:54:56,249 INFO o.a.j.e.StandardJMeterEngine: Starting ThreadGroup: 1 : TCC products
2026-09-10 01:54:56,249 INFO o.a.j.e.StandardJMeterEngine: Starting 25 threads for group TCC products.
2026-09-10 01:54:56,249 INFO o.a.j.e.StandardJMeterEngine: Thread will continue on error
2026-09-10 01:54:56,249 INFO o.a.j.t.ThreadGroup: Starting thread group... number=1 threads=25 ramp-up=0 delayedStart=false
2026-09-10 01:54:56,256 INFO o.a.j.t.JMeterThread: Thread started: TCC products 1-3
2026-09-10 01:54:56,256 INFO o.a.j.t.JMeterThread: Thread started: TCC products 1-1
2026-09-10 01:54:56,256 INFO o.a.j.t.JMeterThread: Thread started: TCC products 1-2
2026-09-10 01:54:56,256 INFO o.a.j.t.JMeterThread: Thread started: TCC products 1-5
2026-09-10 01:54:56,256 INFO o.a.j.t.JMeterThread: Thread started: TCC products 1-4
2026-09-10 01:54:56,256 INFO o.a.j.t.JMeterThread: Thread started: TCC products 1-6
2026-09-10 01:54:56,257 INFO o.a.j.t.JMeterThread: Thread started: TCC products 1-7
2026-09-10 01:54:56,258 INFO o.a.j.t.JMeterThread: Thread started: TCC products 1-8
2026-09-10 01:54:56,258 INFO o.a.j.t.JMeterThread: Thread started: TCC products 1-9
2026-09-10 01:54:56,259 INFO o.a.j.t.JMeterThread: Thread started: TCC products 1-10
2026-09-10 01:54:56,259 INFO o.a.j.t.JMeterThread: Thread started: TCC products 1-11
2026-09-10 01:54:56,260 INFO o.a.j.t.JMeterThread: Thread started: TCC products 1-12
2026-09-10 01:54:56,261 INFO o.a.j.t.JMeterThread: Thread started: TCC products 1-13
2026-09-10 01:54:56,262 INFO o.a.j.t.JMeterThread: Thread started: TCC products 1-14
2026-09-10 01:54:56,263 INFO o.a.j.t.JMeterThread: Thread started: TCC products 1-15
2026-09-10 01:54:56,264 INFO o.a.j.t.JMeterThread: Thread started: TCC products 1-16
2026-09-10 01:54:56,265 INFO o.a.j.t.JMeterThread: Thread started: TCC products 1-17
2026-09-10 01:54:56,265 INFO o.a.j.t.JMeterThread: Thread started: TCC products 1-18
2026-09-10 01:54:56,266 INFO o.a.j.t.JMeterThread: Thread started: TCC products 1-19
2026-09-10 01:54:56,267 INFO o.a.j.t.JMeterThread: Thread started: TCC products 1-20
2026-09-10 01:54:56,267 INFO o.a.j.t.JMeterThread: Thread started: TCC products 1-21
2026-09-10 01:54:56,268 INFO o.a.j.t.JMeterThread: Thread started: TCC products 1-22
2026-09-10 01:54:56,269 INFO o.a.j.t.JMeterThread: Thread started: TCC products 1-23
2026-09-10 01:54:56,269 INFO o.a.j.t.JMeterThread: Thread started: TCC products 1-24
2026-09-10 01:54:56,269 INFO o.a.j.t.ThreadGroup: Started thread group number 1
2026-09-10 01:54:56,269 INFO o.a.j.e.StandardJMeterEngine: All thread groups have been started
2026-09-10 01:54:56,269 INFO o.a.j.t.JMeterThread: Thread started: TCC products 1-25
2026-09-10 01:54:56,275 INFO o.a.j.p.h.s.HTTPHCAbstractImpl: Local host = pop-os
2026-09-10 01:54:56,281 INFO o.a.j.p.h.s.HTTPHC4Impl: HTTP request retry count = 0
2026-09-10 01:54:56,282 INFO o.a.j.s.SampleResult: Note: Sample TimeStamps are START times
2026-09-10 01:54:56,282 INFO o.a.j.s.SampleResult: sampleresult.default.encoding is set to UTF-8
2026-09-10 01:54:56,282 INFO o.a.j.s.SampleResult: sampleresult.useNanoTime=true
2026-09-10 01:54:56,283 INFO o.a.j.s.SampleResult: sampleresult.nanoThreadSleep=5000
2026-09-10 01:55:00,013 INFO o.a.j.r.Summariser: summary +    265 in 00:00:04 =   70.1/s Avg:   264 Min:    29 Max:   476 Err:     0 (0.00%) Active: 25 Started: 25 Finished: 0
2026-09-10 01:55:30,014 INFO o.a.j.r.Summariser: summary +   2717 in 00:00:30 =   90.6/s Avg:   275 Min:   254 Max:   298 Err:     0 (0.00%) Active: 25 Started: 25 Finished: 0
2026-09-10 01:55:30,014 INFO o.a.j.r.Summariser: summary =   2982 in 00:00:34 =   88.3/s Avg:   274 Min:    29 Max:   476 Err:     0 (0.00%)
2026-09-10 01:56:00,001 INFO o.a.j.r.Summariser: summary +   2685 in 00:00:30 =   89.5/s Avg:   278 Min:   258 Max:   377 Err:     0 (0.00%) Active: 25 Started: 25 Finished: 0
2026-09-10 01:56:00,002 INFO o.a.j.r.Summariser: summary =   5667 in 00:01:04 =   88.9/s Avg:   276 Min:    29 Max:   476 Err:     0 (0.00%)
2026-09-10 01:56:30,010 INFO o.a.j.r.Summariser: summary +   2742 in 00:00:30 =   91.4/s Avg:   273 Min:   253 Max:   333 Err:     0 (0.00%) Active: 25 Started: 25 Finished: 0
2026-09-10 01:56:30,011 INFO o.a.j.r.Summariser: summary =   8409 in 00:01:34 =   89.7/s Avg:   275 Min:    29 Max:   476 Err:     0 (0.00%)
2026-09-10 01:56:56,265 INFO o.a.j.t.JMeterThread: Stopping because end time detected by thread: TCC products 1-7
2026-09-10 01:56:56,265 INFO o.a.j.t.JMeterThread: Thread finished: TCC products 1-7
2026-09-10 01:56:56,275 INFO o.a.j.t.JMeterThread: Stopping because end time detected by thread: TCC products 1-18
2026-09-10 01:56:56,276 INFO o.a.j.t.JMeterThread: Thread finished: TCC products 1-18
2026-09-10 01:56:56,286 INFO o.a.j.t.JMeterThread: Stopping because end time detected by thread: TCC products 1-5
2026-09-10 01:56:56,287 INFO o.a.j.t.JMeterThread: Thread finished: TCC products 1-5
2026-09-10 01:56:56,297 INFO o.a.j.t.JMeterThread: Stopping because end time detected by thread: TCC products 1-24
2026-09-10 01:56:56,297 INFO o.a.j.t.JMeterThread: Thread finished: TCC products 1-24
2026-09-10 01:56:56,307 INFO o.a.j.t.JMeterThread: Stopping because end time detected by thread: TCC products 1-12
2026-09-10 01:56:56,308 INFO o.a.j.t.JMeterThread: Thread finished: TCC products 1-12
2026-09-10 01:56:56,318 INFO o.a.j.t.JMeterThread: Stopping because end time detected by thread: TCC products 1-21
2026-09-10 01:56:56,318 INFO o.a.j.t.JMeterThread: Thread finished: TCC products 1-21
2026-09-10 01:56:56,328 INFO o.a.j.t.JMeterThread: Stopping because end time detected by thread: TCC products 1-3
2026-09-10 01:56:56,328 INFO o.a.j.t.JMeterThread: Thread finished: TCC products 1-3
2026-09-10 01:56:56,338 INFO o.a.j.t.JMeterThread: Stopping because end time detected by thread: TCC products 1-13
2026-09-10 01:56:56,338 INFO o.a.j.t.JMeterThread: Thread finished: TCC products 1-13
2026-09-10 01:56:56,348 INFO o.a.j.t.JMeterThread: Stopping because end time detected by thread: TCC products 1-16
2026-09-10 01:56:56,348 INFO o.a.j.t.JMeterThread: Thread finished: TCC products 1-16
2026-09-10 01:56:56,358 INFO o.a.j.t.JMeterThread: Stopping because end time detected by thread: TCC products 1-10
2026-09-10 01:56:56,359 INFO o.a.j.t.JMeterThread: Thread finished: TCC products 1-10
2026-09-10 01:56:56,369 INFO o.a.j.t.JMeterThread: Stopping because end time detected by thread: TCC products 1-9
2026-09-10 01:56:56,369 INFO o.a.j.t.JMeterThread: Thread finished: TCC products 1-9
2026-09-10 01:56:56,379 INFO o.a.j.t.JMeterThread: Stopping because end time detected by thread: TCC products 1-17
2026-09-10 01:56:56,380 INFO o.a.j.t.JMeterThread: Thread finished: TCC products 1-17
2026-09-10 01:56:56,389 INFO o.a.j.t.JMeterThread: Stopping because end time detected by thread: TCC products 1-22
2026-09-10 01:56:56,390 INFO o.a.j.t.JMeterThread: Thread finished: TCC products 1-22
2026-09-10 01:56:56,400 INFO o.a.j.t.JMeterThread: Stopping because end time detected by thread: TCC products 1-4
2026-09-10 01:56:56,400 INFO o.a.j.t.JMeterThread: Thread finished: TCC products 1-4
2026-09-10 01:56:56,411 INFO o.a.j.t.JMeterThread: Stopping because end time detected by thread: TCC products 1-15
2026-09-10 01:56:56,411 INFO o.a.j.t.JMeterThread: Thread finished: TCC products 1-15
2026-09-10 01:56:56,421 INFO o.a.j.t.JMeterThread: Stopping because end time detected by thread: TCC products 1-23
2026-09-10 01:56:56,421 INFO o.a.j.t.JMeterThread: Thread finished: TCC products 1-23
2026-09-10 01:56:56,432 INFO o.a.j.t.JMeterThread: Stopping because end time detected by thread: TCC products 1-20
2026-09-10 01:56:56,432 INFO o.a.j.t.JMeterThread: Thread finished: TCC products 1-20
2026-09-10 01:56:56,442 INFO o.a.j.t.JMeterThread: Stopping because end time detected by thread: TCC products 1-1
2026-09-10 01:56:56,443 INFO o.a.j.t.JMeterThread: Thread finished: TCC products 1-1
2026-09-10 01:56:56,453 INFO o.a.j.t.JMeterThread: Stopping because end time detected by thread: TCC products 1-8
2026-09-10 01:56:56,453 INFO o.a.j.t.JMeterThread: Thread finished: TCC products 1-8
2026-09-10 01:56:56,463 INFO o.a.j.t.JMeterThread: Stopping because end time detected by thread: TCC products 1-6
2026-09-10 01:56:56,463 INFO o.a.j.t.JMeterThread: Thread finished: TCC products 1-6
2026-09-10 01:56:56,474 INFO o.a.j.t.JMeterThread: Stopping because end time detected by thread: TCC products 1-2
2026-09-10 01:56:56,474 INFO o.a.j.t.JMeterThread: Thread finished: TCC products 1-2
2026-09-10 01:56:56,485 INFO o.a.j.t.JMeterThread: Stopping because end time detected by thread: TCC products 1-14
2026-09-10 01:56:56,485 INFO o.a.j.t.JMeterThread: Thread finished: TCC products 1-14
2026-09-10 01:56:56,497 INFO o.a.j.t.JMeterThread: Stopping because end time detected by thread: TCC products 1-19
2026-09-10 01:56:56,497 INFO o.a.j.t.JMeterThread: Thread finished: TCC products 1-19
2026-09-10 01:56:56,507 INFO o.a.j.t.JMeterThread: Stopping because end time detected by thread: TCC products 1-11
2026-09-10 01:56:56,508 INFO o.a.j.t.JMeterThread: Thread finished: TCC products 1-11
2026-09-10 01:56:56,518 INFO o.a.j.t.JMeterThread: Stopping because end time detected by thread: TCC products 1-25
2026-09-10 01:56:56,518 INFO o.a.j.t.JMeterThread: Thread finished: TCC products 1-25
2026-09-10 01:56:56,518 INFO o.a.j.e.StandardJMeterEngine: Notifying test listeners of end of test
2026-09-10 01:56:56,521 INFO o.a.j.r.Summariser: summary +   2418 in 00:00:27 =   91.2/s Avg:   273 Min:   258 Max:   302 Err:     0 (0.00%) Active: 0 Started: 25 Finished: 25
2026-09-10 01:56:56,521 INFO o.a.j.r.Summariser: summary =  10827 in 00:02:00 =   90.0/s Avg:   275 Min:    29 Max:   476 Err:     0 (0.00%)
