2026-09-10 04:40:14,036 INFO o.a.j.u.JMeterUtils: Setting Locale to en_EN
2026-09-10 04:40:14,052 INFO o.a.j.JMeter: Loading user properties from: /home/avituo/projects/tcc/tcc-container/.tools/apache-jmeter-5.6.3/bin/user.properties
2026-09-10 04:40:14,052 INFO o.a.j.JMeter: Loading system properties from: /home/avituo/projects/tcc/tcc-container/.tools/apache-jmeter-5.6.3/bin/system.properties
2026-09-10 04:40:14,052 INFO o.a.j.JMeter: Loading additional properties from: /home/avituo/projects/tcc/tcc-container/benchmark/jmeter/benchmark.properties
2026-09-10 04:40:14,052 INFO o.a.j.JMeter: Loading additional properties from: /tmp/tcc-benchmark-auth.yIMDS6/auth.properties
2026-09-10 04:40:14,052 INFO o.a.j.JMeter: Loading additional properties from: /home/avituo/projects/tcc/tcc-container/benchmark/results/laravel-13.20.0/final/orders/c50/r2/monolith/thread-counters.properties
2026-09-10 04:40:14,053 INFO o.a.j.JMeter: Setting JMeter property: threads=50
2026-09-10 04:40:14,053 INFO o.a.j.JMeter: Setting JMeter property: duration_seconds=120
2026-09-10 04:40:14,053 INFO o.a.j.JMeter: Setting JMeter property: target_host=localhost
2026-09-10 04:40:14,053 INFO o.a.j.JMeter: Setting JMeter property: target_port=18000
2026-09-10 04:40:14,053 INFO o.a.j.JMeter: Setting JMeter property: tcc.order.id=1
2026-09-10 04:40:14,053 INFO o.a.j.JMeter: Setting JMeter property: repetition=2
2026-09-10 04:40:14,060 INFO o.a.j.JMeter: Copyright (c) 1998-2024 The Apache Software Foundation
2026-09-10 04:40:14,060 INFO o.a.j.JMeter: Version 5.6.3
2026-09-10 04:40:14,060 INFO o.a.j.JMeter: java.version=21.0.11
2026-09-10 04:40:14,060 INFO o.a.j.JMeter: java.vm.name=OpenJDK 64-Bit Server VM
2026-09-10 04:40:14,060 INFO o.a.j.JMeter: os.name=Linux
2026-09-10 04:40:14,061 INFO o.a.j.JMeter: os.arch=amd64
2026-09-10 04:40:14,061 INFO o.a.j.JMeter: os.version=7.0.11-76070011-generic
2026-09-10 04:40:14,061 INFO o.a.j.JMeter: file.encoding=UTF-8
2026-09-10 04:40:14,061 INFO o.a.j.JMeter: java.awt.headless=true
2026-09-10 04:40:14,061 INFO o.a.j.JMeter: Max memory     =1073741824
2026-09-10 04:40:14,061 INFO o.a.j.JMeter: Available Processors =16
2026-09-10 04:40:14,069 INFO o.a.j.JMeter: Default Locale=English (EN)
2026-09-10 04:40:14,069 INFO o.a.j.JMeter: JMeter  Locale=English (EN)
2026-09-10 04:40:14,070 INFO o.a.j.JMeter: JMeterHome=/home/avituo/projects/tcc/tcc-container/.tools/apache-jmeter-5.6.3
2026-09-10 04:40:14,070 INFO o.a.j.JMeter: user.dir  =/home/avituo/projects/tcc/tcc-container
2026-09-10 04:40:14,070 INFO o.a.j.JMeter: PWD       =/home/avituo/projects/tcc/tcc-container
2026-09-10 04:40:14,077 INFO o.a.j.JMeter: IP: 192.168.1.16 Name: pop-os FullName: pop-os.home
2026-09-10 04:40:14,089 INFO o.a.j.s.FileServer: Default base='/home/avituo/projects/tcc/tcc-container'
2026-09-10 04:40:14,091 INFO o.a.j.s.FileServer: Set new base='/home/avituo/projects/tcc/tcc-container/benchmark/jmeter'
2026-09-10 04:40:14,250 INFO o.a.j.s.SaveService: Testplan (JMX) version: 2.2. Testlog (JTL) version: 2.2
2026-09-10 04:40:14,274 INFO o.a.j.s.SaveService: Using SaveService properties version 5.0
2026-09-10 04:40:14,277 INFO o.a.j.s.SaveService: Using SaveService properties file encoding UTF-8
2026-09-10 04:40:14,280 INFO o.a.j.s.SaveService: Loading file: /home/avituo/projects/tcc/tcc-container/benchmark/jmeter/tcc-orders-v1.jmx
2026-09-10 04:40:14,331 INFO o.a.j.p.h.s.HTTPSamplerBase: Parser for text/html is org.apache.jmeter.protocol.http.parser.LagartoBasedHtmlParser
2026-09-10 04:40:14,331 INFO o.a.j.p.h.s.HTTPSamplerBase: Parser for application/xhtml+xml is org.apache.jmeter.protocol.http.parser.LagartoBasedHtmlParser
2026-09-10 04:40:14,332 INFO o.a.j.p.h.s.HTTPSamplerBase: Parser for application/xml is org.apache.jmeter.protocol.http.parser.LagartoBasedHtmlParser
2026-09-10 04:40:14,332 INFO o.a.j.p.h.s.HTTPSamplerBase: Parser for text/xml is org.apache.jmeter.protocol.http.parser.LagartoBasedHtmlParser
2026-09-10 04:40:14,332 INFO o.a.j.p.h.s.HTTPSamplerBase: Parser for text/vnd.wap.wml is org.apache.jmeter.protocol.http.parser.RegexpHTMLParser
2026-09-10 04:40:14,332 INFO o.a.j.p.h.s.HTTPSamplerBase: Parser for text/css is org.apache.jmeter.protocol.http.parser.CssParser
2026-09-10 04:40:14,359 INFO o.a.j.JMeter: Creating summariser <summary>
2026-09-10 04:40:14,381 INFO o.a.j.e.StandardJMeterEngine: Running the test!
2026-09-10 04:40:14,381 INFO o.a.j.s.SampleEvent: List of sample_variables: []
2026-09-10 04:40:14,381 INFO o.a.j.s.SampleEvent: List of sample_variables: []
2026-09-10 04:40:14,389 INFO o.a.j.e.u.CompoundVariable: Note: Function class names must contain the string: '.functions.'
2026-09-10 04:40:14,389 INFO o.a.j.e.u.CompoundVariable: Note: Function class names must not contain the string: '.gui.'
2026-09-10 04:40:14,634 INFO o.a.j.JMeter: Running test (1789026014634)
2026-09-10 04:40:14,653 INFO o.a.j.e.StandardJMeterEngine: Starting ThreadGroup: 1 : TCC orders
2026-09-10 04:40:14,654 INFO o.a.j.e.StandardJMeterEngine: Starting 50 threads for group TCC orders.
2026-09-10 04:40:14,654 INFO o.a.j.e.StandardJMeterEngine: Thread will continue on error
2026-09-10 04:40:14,654 INFO o.a.j.t.ThreadGroup: Starting thread group... number=1 threads=50 ramp-up=0 delayedStart=false
2026-09-10 04:40:14,661 INFO o.a.j.t.JMeterThread: Thread started: TCC orders 1-4
2026-09-10 04:40:14,661 INFO o.a.j.t.JMeterThread: Thread started: TCC orders 1-3
2026-09-10 04:40:14,661 INFO o.a.j.t.JMeterThread: Thread started: TCC orders 1-6
2026-09-10 04:40:14,661 INFO o.a.j.t.JMeterThread: Thread started: TCC orders 1-1
2026-09-10 04:40:14,661 INFO o.a.j.t.JMeterThread: Thread started: TCC orders 1-2
2026-09-10 04:40:14,661 INFO o.a.j.t.JMeterThread: Thread started: TCC orders 1-5
2026-09-10 04:40:14,662 INFO o.a.j.t.JMeterThread: Thread started: TCC orders 1-7
2026-09-10 04:40:14,662 INFO o.a.j.t.JMeterThread: Thread started: TCC orders 1-8
2026-09-10 04:40:14,663 INFO o.a.j.t.JMeterThread: Thread started: TCC orders 1-9
2026-09-10 04:40:14,664 INFO o.a.j.t.JMeterThread: Thread started: TCC orders 1-10
2026-09-10 04:40:14,664 INFO o.a.j.t.JMeterThread: Thread started: TCC orders 1-11
2026-09-10 04:40:14,665 INFO o.a.j.t.JMeterThread: Thread started: TCC orders 1-12
2026-09-10 04:40:14,665 INFO o.a.j.t.JMeterThread: Thread started: TCC orders 1-13
2026-09-10 04:40:14,667 INFO o.a.j.t.JMeterThread: Thread started: TCC orders 1-14
2026-09-10 04:40:14,667 INFO o.a.j.t.JMeterThread: Thread started: TCC orders 1-15
2026-09-10 04:40:14,668 INFO o.a.j.t.JMeterThread: Thread started: TCC orders 1-16
2026-09-10 04:40:14,669 INFO o.a.j.t.JMeterThread: Thread started: TCC orders 1-17
2026-09-10 04:40:14,670 INFO o.a.j.t.JMeterThread: Thread started: TCC orders 1-18
2026-09-10 04:40:14,670 INFO o.a.j.t.JMeterThread: Thread started: TCC orders 1-19
2026-09-10 04:40:14,671 INFO o.a.j.t.JMeterThread: Thread started: TCC orders 1-20
2026-09-10 04:40:14,671 INFO o.a.j.t.JMeterThread: Thread started: TCC orders 1-21
2026-09-10 04:40:14,672 INFO o.a.j.t.JMeterThread: Thread started: TCC orders 1-22
2026-09-10 04:40:14,673 INFO o.a.j.t.JMeterThread: Thread started: TCC orders 1-23
2026-09-10 04:40:14,673 INFO o.a.j.t.JMeterThread: Thread started: TCC orders 1-24
2026-09-10 04:40:14,674 INFO o.a.j.t.JMeterThread: Thread started: TCC orders 1-25
2026-09-10 04:40:14,674 INFO o.a.j.t.JMeterThread: Thread started: TCC orders 1-26
2026-09-10 04:40:14,675 INFO o.a.j.t.JMeterThread: Thread started: TCC orders 1-28
2026-09-10 04:40:14,675 INFO o.a.j.t.JMeterThread: Thread started: TCC orders 1-27
2026-09-10 04:40:14,675 INFO o.a.j.t.JMeterThread: Thread started: TCC orders 1-29
2026-09-10 04:40:14,676 INFO o.a.j.t.JMeterThread: Thread started: TCC orders 1-30
2026-09-10 04:40:14,676 INFO o.a.j.t.JMeterThread: Thread started: TCC orders 1-31
2026-09-10 04:40:14,677 INFO o.a.j.t.JMeterThread: Thread started: TCC orders 1-33
2026-09-10 04:40:14,677 INFO o.a.j.t.JMeterThread: Thread started: TCC orders 1-32
2026-09-10 04:40:14,677 INFO o.a.j.t.JMeterThread: Thread started: TCC orders 1-34
2026-09-10 04:40:14,678 INFO o.a.j.t.JMeterThread: Thread started: TCC orders 1-35
2026-09-10 04:40:14,678 INFO o.a.j.t.JMeterThread: Thread started: TCC orders 1-36
2026-09-10 04:40:14,679 INFO o.a.j.t.JMeterThread: Thread started: TCC orders 1-37
2026-09-10 04:40:14,679 INFO o.a.j.t.JMeterThread: Thread started: TCC orders 1-38
2026-09-10 04:40:14,679 INFO o.a.j.t.JMeterThread: Thread started: TCC orders 1-39
2026-09-10 04:40:14,680 INFO o.a.j.t.JMeterThread: Thread started: TCC orders 1-40
2026-09-10 04:40:14,680 INFO o.a.j.t.JMeterThread: Thread started: TCC orders 1-41
2026-09-10 04:40:14,681 INFO o.a.j.t.JMeterThread: Thread started: TCC orders 1-42
2026-09-10 04:40:14,681 INFO o.a.j.t.JMeterThread: Thread started: TCC orders 1-43
2026-09-10 04:40:14,681 INFO o.a.j.t.JMeterThread: Thread started: TCC orders 1-44
2026-09-10 04:40:14,682 INFO o.a.j.t.JMeterThread: Thread started: TCC orders 1-45
2026-09-10 04:40:14,682 INFO o.a.j.t.JMeterThread: Thread started: TCC orders 1-46
2026-09-10 04:40:14,682 INFO o.a.j.t.JMeterThread: Thread started: TCC orders 1-47
2026-09-10 04:40:14,683 INFO o.a.j.t.JMeterThread: Thread started: TCC orders 1-48
2026-09-10 04:40:14,683 INFO o.a.j.t.ThreadGroup: Started thread group number 1
2026-09-10 04:40:14,683 INFO o.a.j.t.JMeterThread: Thread started: TCC orders 1-49
2026-09-10 04:40:14,683 INFO o.a.j.e.StandardJMeterEngine: All thread groups have been started
2026-09-10 04:40:14,683 INFO o.a.j.t.JMeterThread: Thread started: TCC orders 1-50
2026-09-10 04:40:14,686 INFO o.a.j.p.h.s.HTTPHCAbstractImpl: Local host = pop-os
2026-09-10 04:40:14,692 INFO o.a.j.p.h.s.HTTPHC4Impl: HTTP request retry count = 0
2026-09-10 04:40:14,693 INFO o.a.j.s.SampleResult: Note: Sample TimeStamps are START times
2026-09-10 04:40:14,693 INFO o.a.j.s.SampleResult: sampleresult.default.encoding is set to UTF-8
2026-09-10 04:40:14,693 INFO o.a.j.s.SampleResult: sampleresult.useNanoTime=true
2026-09-10 04:40:14,693 INFO o.a.j.s.SampleResult: sampleresult.nanoThreadSleep=5000
2026-09-10 04:40:30,022 INFO o.a.j.r.Summariser: summary +    595 in 00:00:15 =   38.7/s Avg:  1210 Min:    92 Max:  1552 Err:     0 (0.00%) Active: 50 Started: 50 Finished: 0
2026-09-10 04:41:00,012 INFO o.a.j.r.Summariser: summary +   1196 in 00:00:30 =   39.9/s Avg:  1252 Min:  1218 Max:  1297 Err:     0 (0.00%) Active: 50 Started: 50 Finished: 0
2026-09-10 04:41:00,012 INFO o.a.j.r.Summariser: summary =   1791 in 00:00:45 =   39.5/s Avg:  1238 Min:    92 Max:  1552 Err:     0 (0.00%)
2026-09-10 04:41:30,000 INFO o.a.j.r.Summariser: summary +   1189 in 00:00:30 =   39.6/s Avg:  1260 Min:  1219 Max:  1315 Err:     0 (0.00%) Active: 50 Started: 50 Finished: 0
2026-09-10 04:41:30,000 INFO o.a.j.r.Summariser: summary =   2980 in 00:01:15 =   39.5/s Avg:  1247 Min:    92 Max:  1552 Err:     0 (0.00%)
2026-09-10 04:42:00,022 INFO o.a.j.r.Summariser: summary +   1196 in 00:00:30 =   39.8/s Avg:  1254 Min:  1216 Max:  1324 Err:     0 (0.00%) Active: 50 Started: 50 Finished: 0
2026-09-10 04:42:00,022 INFO o.a.j.r.Summariser: summary =   4176 in 00:01:45 =   39.6/s Avg:  1249 Min:    92 Max:  1552 Err:     0 (0.00%)
2026-09-10 04:42:14,683 INFO o.a.j.t.JMeterThread: Stopping because end time detected by thread: TCC orders 1-28
2026-09-10 04:42:14,683 INFO o.a.j.t.JMeterThread: Thread finished: TCC orders 1-28
2026-09-10 04:42:14,708 INFO o.a.j.t.JMeterThread: Stopping because end time detected by thread: TCC orders 1-19
2026-09-10 04:42:14,708 INFO o.a.j.t.JMeterThread: Thread finished: TCC orders 1-19
2026-09-10 04:42:14,733 INFO o.a.j.t.JMeterThread: Stopping because end time detected by thread: TCC orders 1-32
2026-09-10 04:42:14,733 INFO o.a.j.t.JMeterThread: Thread finished: TCC orders 1-32
2026-09-10 04:42:14,757 INFO o.a.j.t.JMeterThread: Stopping because end time detected by thread: TCC orders 1-42
2026-09-10 04:42:14,757 INFO o.a.j.t.JMeterThread: Thread finished: TCC orders 1-42
2026-09-10 04:42:14,782 INFO o.a.j.t.JMeterThread: Stopping because end time detected by thread: TCC orders 1-30
2026-09-10 04:42:14,782 INFO o.a.j.t.JMeterThread: Thread finished: TCC orders 1-30
2026-09-10 04:42:14,806 INFO o.a.j.t.JMeterThread: Stopping because end time detected by thread: TCC orders 1-14
2026-09-10 04:42:14,807 INFO o.a.j.t.JMeterThread: Thread finished: TCC orders 1-14
2026-09-10 04:42:14,831 INFO o.a.j.t.JMeterThread: Stopping because end time detected by thread: TCC orders 1-16
2026-09-10 04:42:14,831 INFO o.a.j.t.JMeterThread: Thread finished: TCC orders 1-16
2026-09-10 04:42:14,856 INFO o.a.j.t.JMeterThread: Stopping because end time detected by thread: TCC orders 1-12
2026-09-10 04:42:14,857 INFO o.a.j.t.JMeterThread: Thread finished: TCC orders 1-12
2026-09-10 04:42:14,880 INFO o.a.j.t.JMeterThread: Stopping because end time detected by thread: TCC orders 1-6
2026-09-10 04:42:14,881 INFO o.a.j.t.JMeterThread: Thread finished: TCC orders 1-6
2026-09-10 04:42:14,905 INFO o.a.j.t.JMeterThread: Stopping because end time detected by thread: TCC orders 1-37
2026-09-10 04:42:14,906 INFO o.a.j.t.JMeterThread: Thread finished: TCC orders 1-37
2026-09-10 04:42:14,930 INFO o.a.j.t.JMeterThread: Stopping because end time detected by thread: TCC orders 1-18
2026-09-10 04:42:14,931 INFO o.a.j.t.JMeterThread: Thread finished: TCC orders 1-18
2026-09-10 04:42:14,955 INFO o.a.j.t.JMeterThread: Stopping because end time detected by thread: TCC orders 1-25
2026-09-10 04:42:14,956 INFO o.a.j.t.JMeterThread: Thread finished: TCC orders 1-25
2026-09-10 04:42:14,981 INFO o.a.j.t.JMeterThread: Stopping because end time detected by thread: TCC orders 1-11
2026-09-10 04:42:14,981 INFO o.a.j.t.JMeterThread: Thread finished: TCC orders 1-11
2026-09-10 04:42:15,012 INFO o.a.j.t.JMeterThread: Stopping because end time detected by thread: TCC orders 1-40
2026-09-10 04:42:15,013 INFO o.a.j.t.JMeterThread: Thread finished: TCC orders 1-40
2026-09-10 04:42:15,038 INFO o.a.j.t.JMeterThread: Stopping because end time detected by thread: TCC orders 1-5
2026-09-10 04:42:15,038 INFO o.a.j.t.JMeterThread: Thread finished: TCC orders 1-5
2026-09-10 04:42:15,062 INFO o.a.j.t.JMeterThread: Stopping because end time detected by thread: TCC orders 1-33
2026-09-10 04:42:15,062 INFO o.a.j.t.JMeterThread: Thread finished: TCC orders 1-33
2026-09-10 04:42:15,087 INFO o.a.j.t.JMeterThread: Stopping because end time detected by thread: TCC orders 1-26
2026-09-10 04:42:15,087 INFO o.a.j.t.JMeterThread: Thread finished: TCC orders 1-26
2026-09-10 04:42:15,111 INFO o.a.j.t.JMeterThread: Stopping because end time detected by thread: TCC orders 1-1
2026-09-10 04:42:15,111 INFO o.a.j.t.JMeterThread: Thread finished: TCC orders 1-1
2026-09-10 04:42:15,137 INFO o.a.j.t.JMeterThread: Stopping because end time detected by thread: TCC orders 1-10
2026-09-10 04:42:15,138 INFO o.a.j.t.JMeterThread: Thread finished: TCC orders 1-10
2026-09-10 04:42:15,162 INFO o.a.j.t.JMeterThread: Stopping because end time detected by thread: TCC orders 1-43
2026-09-10 04:42:15,162 INFO o.a.j.t.JMeterThread: Thread finished: TCC orders 1-43
2026-09-10 04:42:15,187 INFO o.a.j.t.JMeterThread: Stopping because end time detected by thread: TCC orders 1-23
2026-09-10 04:42:15,187 INFO o.a.j.t.JMeterThread: Thread finished: TCC orders 1-23
2026-09-10 04:42:15,212 INFO o.a.j.t.JMeterThread: Stopping because end time detected by thread: TCC orders 1-3
2026-09-10 04:42:15,212 INFO o.a.j.t.JMeterThread: Thread finished: TCC orders 1-3
2026-09-10 04:42:15,238 INFO o.a.j.t.JMeterThread: Stopping because end time detected by thread: TCC orders 1-48
2026-09-10 04:42:15,238 INFO o.a.j.t.JMeterThread: Thread finished: TCC orders 1-48
2026-09-10 04:42:15,263 INFO o.a.j.t.JMeterThread: Stopping because end time detected by thread: TCC orders 1-49
2026-09-10 04:42:15,263 INFO o.a.j.t.JMeterThread: Thread finished: TCC orders 1-49
2026-09-10 04:42:15,288 INFO o.a.j.t.JMeterThread: Stopping because end time detected by thread: TCC orders 1-22
2026-09-10 04:42:15,288 INFO o.a.j.t.JMeterThread: Thread finished: TCC orders 1-22
2026-09-10 04:42:15,313 INFO o.a.j.t.JMeterThread: Stopping because end time detected by thread: TCC orders 1-46
2026-09-10 04:42:15,313 INFO o.a.j.t.JMeterThread: Thread finished: TCC orders 1-46
2026-09-10 04:42:15,338 INFO o.a.j.t.JMeterThread: Stopping because end time detected by thread: TCC orders 1-15
2026-09-10 04:42:15,338 INFO o.a.j.t.JMeterThread: Thread finished: TCC orders 1-15
2026-09-10 04:42:15,363 INFO o.a.j.t.JMeterThread: Stopping because end time detected by thread: TCC orders 1-50
2026-09-10 04:42:15,364 INFO o.a.j.t.JMeterThread: Thread finished: TCC orders 1-50
2026-09-10 04:42:15,388 INFO o.a.j.t.JMeterThread: Stopping because end time detected by thread: TCC orders 1-17
2026-09-10 04:42:15,388 INFO o.a.j.t.JMeterThread: Thread finished: TCC orders 1-17
2026-09-10 04:42:15,412 INFO o.a.j.t.JMeterThread: Stopping because end time detected by thread: TCC orders 1-24
2026-09-10 04:42:15,412 INFO o.a.j.t.JMeterThread: Thread finished: TCC orders 1-24
2026-09-10 04:42:15,437 INFO o.a.j.t.JMeterThread: Stopping because end time detected by thread: TCC orders 1-27
2026-09-10 04:42:15,437 INFO o.a.j.t.JMeterThread: Thread finished: TCC orders 1-27
2026-09-10 04:42:15,468 INFO o.a.j.t.JMeterThread: Stopping because end time detected by thread: TCC orders 1-38
2026-09-10 04:42:15,468 INFO o.a.j.t.JMeterThread: Thread finished: TCC orders 1-38
2026-09-10 04:42:15,500 INFO o.a.j.t.JMeterThread: Stopping because end time detected by thread: TCC orders 1-31
2026-09-10 04:42:15,501 INFO o.a.j.t.JMeterThread: Thread finished: TCC orders 1-31
2026-09-10 04:42:15,527 INFO o.a.j.t.JMeterThread: Stopping because end time detected by thread: TCC orders 1-47
2026-09-10 04:42:15,527 INFO o.a.j.t.JMeterThread: Thread finished: TCC orders 1-47
2026-09-10 04:42:15,553 INFO o.a.j.t.JMeterThread: Stopping because end time detected by thread: TCC orders 1-21
2026-09-10 04:42:15,553 INFO o.a.j.t.JMeterThread: Thread finished: TCC orders 1-21
2026-09-10 04:42:15,579 INFO o.a.j.t.JMeterThread: Stopping because end time detected by thread: TCC orders 1-41
2026-09-10 04:42:15,579 INFO o.a.j.t.JMeterThread: Thread finished: TCC orders 1-41
2026-09-10 04:42:15,604 INFO o.a.j.t.JMeterThread: Stopping because end time detected by thread: TCC orders 1-4
2026-09-10 04:42:15,604 INFO o.a.j.t.JMeterThread: Thread finished: TCC orders 1-4
2026-09-10 04:42:15,630 INFO o.a.j.t.JMeterThread: Stopping because end time detected by thread: TCC orders 1-20
2026-09-10 04:42:15,630 INFO o.a.j.t.JMeterThread: Thread finished: TCC orders 1-20
2026-09-10 04:42:15,655 INFO o.a.j.t.JMeterThread: Stopping because end time detected by thread: TCC orders 1-39
2026-09-10 04:42:15,655 INFO o.a.j.t.JMeterThread: Thread finished: TCC orders 1-39
2026-09-10 04:42:15,680 INFO o.a.j.t.JMeterThread: Stopping because end time detected by thread: TCC orders 1-2
2026-09-10 04:42:15,681 INFO o.a.j.t.JMeterThread: Thread finished: TCC orders 1-2
2026-09-10 04:42:15,706 INFO o.a.j.t.JMeterThread: Stopping because end time detected by thread: TCC orders 1-34
2026-09-10 04:42:15,706 INFO o.a.j.t.JMeterThread: Thread finished: TCC orders 1-34
2026-09-10 04:42:15,731 INFO o.a.j.t.JMeterThread: Stopping because end time detected by thread: TCC orders 1-7
2026-09-10 04:42:15,732 INFO o.a.j.t.JMeterThread: Thread finished: TCC orders 1-7
2026-09-10 04:42:15,756 INFO o.a.j.t.JMeterThread: Stopping because end time detected by thread: TCC orders 1-29
2026-09-10 04:42:15,757 INFO o.a.j.t.JMeterThread: Thread finished: TCC orders 1-29
2026-09-10 04:42:15,781 INFO o.a.j.t.JMeterThread: Stopping because end time detected by thread: TCC orders 1-8
2026-09-10 04:42:15,781 INFO o.a.j.t.JMeterThread: Thread finished: TCC orders 1-8
2026-09-10 04:42:15,806 INFO o.a.j.t.JMeterThread: Stopping because end time detected by thread: TCC orders 1-44
2026-09-10 04:42:15,806 INFO o.a.j.t.JMeterThread: Thread finished: TCC orders 1-44
2026-09-10 04:42:15,831 INFO o.a.j.t.JMeterThread: Stopping because end time detected by thread: TCC orders 1-36
2026-09-10 04:42:15,832 INFO o.a.j.t.JMeterThread: Thread finished: TCC orders 1-36
2026-09-10 04:42:15,855 INFO o.a.j.t.JMeterThread: Stopping because end time detected by thread: TCC orders 1-9
2026-09-10 04:42:15,855 INFO o.a.j.t.JMeterThread: Thread finished: TCC orders 1-9
2026-09-10 04:42:15,880 INFO o.a.j.t.JMeterThread: Stopping because end time detected by thread: TCC orders 1-45
2026-09-10 04:42:15,880 INFO o.a.j.t.JMeterThread: Thread finished: TCC orders 1-45
2026-09-10 04:42:15,905 INFO o.a.j.t.JMeterThread: Stopping because end time detected by thread: TCC orders 1-13
2026-09-10 04:42:15,905 INFO o.a.j.t.JMeterThread: Thread finished: TCC orders 1-13
2026-09-10 04:42:15,930 INFO o.a.j.t.JMeterThread: Stopping because end time detected by thread: TCC orders 1-35
2026-09-10 04:42:15,930 INFO o.a.j.t.JMeterThread: Thread finished: TCC orders 1-35
2026-09-10 04:42:15,931 INFO o.a.j.e.StandardJMeterEngine: Notifying test listeners of end of test
2026-09-10 04:42:15,934 INFO o.a.j.r.Summariser: summary +    633 in 00:00:16 =   39.8/s Avg:  1254 Min:  1211 Max:  1296 Err:     0 (0.00%) Active: 0 Started: 50 Finished: 50
2026-09-10 04:42:15,934 INFO o.a.j.r.Summariser: summary =   4809 in 00:02:01 =   39.6/s Avg:  1250 Min:    92 Max:  1552 Err:     0 (0.00%)
