2026-09-10 05:59:20,949 INFO o.a.j.u.JMeterUtils: Setting Locale to en_EN
2026-09-10 05:59:20,967 INFO o.a.j.JMeter: Loading user properties from: /home/avituo/projects/tcc/tcc-container/.tools/apache-jmeter-5.6.3/bin/user.properties
2026-09-10 05:59:20,968 INFO o.a.j.JMeter: Loading system properties from: /home/avituo/projects/tcc/tcc-container/.tools/apache-jmeter-5.6.3/bin/system.properties
2026-09-10 05:59:20,968 INFO o.a.j.JMeter: Loading additional properties from: /home/avituo/projects/tcc/tcc-container/benchmark/jmeter/benchmark.properties
2026-09-10 05:59:20,968 INFO o.a.j.JMeter: Loading additional properties from: /tmp/tcc-benchmark-auth.K9HPIT/auth.properties
2026-09-10 05:59:20,968 INFO o.a.j.JMeter: Loading additional properties from: /home/avituo/projects/tcc/tcc-container/benchmark/results/laravel-13.20.0/final/order-show/c10/r3/microservices/thread-counters.properties
2026-09-10 05:59:20,968 INFO o.a.j.JMeter: Setting JMeter property: threads=10
2026-09-10 05:59:20,968 INFO o.a.j.JMeter: Setting JMeter property: duration_seconds=120
2026-09-10 05:59:20,968 INFO o.a.j.JMeter: Setting JMeter property: target_host=localhost
2026-09-10 05:59:20,968 INFO o.a.j.JMeter: Setting JMeter property: target_port=18080
2026-09-10 05:59:20,969 INFO o.a.j.JMeter: Setting JMeter property: tcc.order.id=20000000-0000-4000-8000-000000000001
2026-09-10 05:59:20,969 INFO o.a.j.JMeter: Setting JMeter property: repetition=3
2026-09-10 05:59:20,975 INFO o.a.j.JMeter: Copyright (c) 1998-2024 The Apache Software Foundation
2026-09-10 05:59:20,976 INFO o.a.j.JMeter: Version 5.6.3
2026-09-10 05:59:20,976 INFO o.a.j.JMeter: java.version=21.0.11
2026-09-10 05:59:20,976 INFO o.a.j.JMeter: java.vm.name=OpenJDK 64-Bit Server VM
2026-09-10 05:59:20,976 INFO o.a.j.JMeter: os.name=Linux
2026-09-10 05:59:20,976 INFO o.a.j.JMeter: os.arch=amd64
2026-09-10 05:59:20,976 INFO o.a.j.JMeter: os.version=7.0.11-76070011-generic
2026-09-10 05:59:20,976 INFO o.a.j.JMeter: file.encoding=UTF-8
2026-09-10 05:59:20,976 INFO o.a.j.JMeter: java.awt.headless=true
2026-09-10 05:59:20,976 INFO o.a.j.JMeter: Max memory     =1073741824
2026-09-10 05:59:20,976 INFO o.a.j.JMeter: Available Processors =16
2026-09-10 05:59:20,985 INFO o.a.j.JMeter: Default Locale=English (EN)
2026-09-10 05:59:20,986 INFO o.a.j.JMeter: JMeter  Locale=English (EN)
2026-09-10 05:59:20,986 INFO o.a.j.JMeter: JMeterHome=/home/avituo/projects/tcc/tcc-container/.tools/apache-jmeter-5.6.3
2026-09-10 05:59:20,986 INFO o.a.j.JMeter: user.dir  =/home/avituo/projects/tcc/tcc-container
2026-09-10 05:59:20,986 INFO o.a.j.JMeter: PWD       =/home/avituo/projects/tcc/tcc-container
2026-09-10 05:59:20,997 INFO o.a.j.JMeter: IP: 192.168.1.16 Name: pop-os FullName: pop-os.home
2026-09-10 05:59:21,010 INFO o.a.j.s.FileServer: Default base='/home/avituo/projects/tcc/tcc-container'
2026-09-10 05:59:21,011 INFO o.a.j.s.FileServer: Set new base='/home/avituo/projects/tcc/tcc-container/benchmark/jmeter'
2026-09-10 05:59:21,185 INFO o.a.j.s.SaveService: Testplan (JMX) version: 2.2. Testlog (JTL) version: 2.2
2026-09-10 05:59:21,210 INFO o.a.j.s.SaveService: Using SaveService properties version 5.0
2026-09-10 05:59:21,213 INFO o.a.j.s.SaveService: Using SaveService properties file encoding UTF-8
2026-09-10 05:59:21,217 INFO o.a.j.s.SaveService: Loading file: /home/avituo/projects/tcc/tcc-container/benchmark/jmeter/tcc-order-show-v1.jmx
2026-09-10 05:59:21,267 INFO o.a.j.p.h.s.HTTPSamplerBase: Parser for text/html is org.apache.jmeter.protocol.http.parser.LagartoBasedHtmlParser
2026-09-10 05:59:21,267 INFO o.a.j.p.h.s.HTTPSamplerBase: Parser for application/xhtml+xml is org.apache.jmeter.protocol.http.parser.LagartoBasedHtmlParser
2026-09-10 05:59:21,267 INFO o.a.j.p.h.s.HTTPSamplerBase: Parser for application/xml is org.apache.jmeter.protocol.http.parser.LagartoBasedHtmlParser
2026-09-10 05:59:21,268 INFO o.a.j.p.h.s.HTTPSamplerBase: Parser for text/xml is org.apache.jmeter.protocol.http.parser.LagartoBasedHtmlParser
2026-09-10 05:59:21,268 INFO o.a.j.p.h.s.HTTPSamplerBase: Parser for text/vnd.wap.wml is org.apache.jmeter.protocol.http.parser.RegexpHTMLParser
2026-09-10 05:59:21,268 INFO o.a.j.p.h.s.HTTPSamplerBase: Parser for text/css is org.apache.jmeter.protocol.http.parser.CssParser
2026-09-10 05:59:21,299 INFO o.a.j.JMeter: Creating summariser <summary>
2026-09-10 05:59:21,321 INFO o.a.j.e.StandardJMeterEngine: Running the test!
2026-09-10 05:59:21,321 INFO o.a.j.s.SampleEvent: List of sample_variables: []
2026-09-10 05:59:21,321 INFO o.a.j.s.SampleEvent: List of sample_variables: []
2026-09-10 05:59:21,326 INFO o.a.j.e.u.CompoundVariable: Note: Function class names must contain the string: '.functions.'
2026-09-10 05:59:21,326 INFO o.a.j.e.u.CompoundVariable: Note: Function class names must not contain the string: '.gui.'
2026-09-10 05:59:21,577 INFO o.a.j.JMeter: Running test (1789030761577)
2026-09-10 05:59:21,600 INFO o.a.j.e.StandardJMeterEngine: Starting ThreadGroup: 1 : TCC order-show
2026-09-10 05:59:21,601 INFO o.a.j.e.StandardJMeterEngine: Starting 10 threads for group TCC order-show.
2026-09-10 05:59:21,601 INFO o.a.j.e.StandardJMeterEngine: Thread will continue on error
2026-09-10 05:59:21,601 INFO o.a.j.t.ThreadGroup: Starting thread group... number=1 threads=10 ramp-up=0 delayedStart=false
2026-09-10 05:59:21,607 INFO o.a.j.t.JMeterThread: Thread started: TCC order-show 1-1
2026-09-10 05:59:21,607 INFO o.a.j.t.JMeterThread: Thread started: TCC order-show 1-3
2026-09-10 05:59:21,607 INFO o.a.j.t.JMeterThread: Thread started: TCC order-show 1-2
2026-09-10 05:59:21,607 INFO o.a.j.t.JMeterThread: Thread started: TCC order-show 1-4
2026-09-10 05:59:21,607 INFO o.a.j.t.JMeterThread: Thread started: TCC order-show 1-5
2026-09-10 05:59:21,608 INFO o.a.j.t.JMeterThread: Thread started: TCC order-show 1-6
2026-09-10 05:59:21,609 INFO o.a.j.t.JMeterThread: Thread started: TCC order-show 1-7
2026-09-10 05:59:21,609 INFO o.a.j.t.JMeterThread: Thread started: TCC order-show 1-8
2026-09-10 05:59:21,610 INFO o.a.j.t.JMeterThread: Thread started: TCC order-show 1-9
2026-09-10 05:59:21,610 INFO o.a.j.t.ThreadGroup: Started thread group number 1
2026-09-10 05:59:21,610 INFO o.a.j.e.StandardJMeterEngine: All thread groups have been started
2026-09-10 05:59:21,611 INFO o.a.j.t.JMeterThread: Thread started: TCC order-show 1-10
2026-09-10 05:59:21,624 INFO o.a.j.p.h.s.HTTPHCAbstractImpl: Local host = pop-os
2026-09-10 05:59:21,630 INFO o.a.j.p.h.s.HTTPHC4Impl: HTTP request retry count = 0
2026-09-10 05:59:21,631 INFO o.a.j.s.SampleResult: Note: Sample TimeStamps are START times
2026-09-10 05:59:21,631 INFO o.a.j.s.SampleResult: sampleresult.default.encoding is set to UTF-8
2026-09-10 05:59:21,631 INFO o.a.j.s.SampleResult: sampleresult.useNanoTime=true
2026-09-10 05:59:21,631 INFO o.a.j.s.SampleResult: sampleresult.nanoThreadSleep=5000
2026-09-10 05:59:30,002 INFO o.a.j.r.Summariser: summary +   1003 in 00:00:08 =  119.1/s Avg:    74 Min:    14 Max:   142 Err:     0 (0.00%) Active: 10 Started: 10 Finished: 0
2026-09-10 06:00:00,003 INFO o.a.j.r.Summariser: summary +   4215 in 00:00:30 =  140.5/s Avg:    70 Min:    62 Max:    86 Err:     0 (0.00%) Active: 10 Started: 10 Finished: 0
2026-09-10 06:00:00,003 INFO o.a.j.r.Summariser: summary =   5218 in 00:00:38 =  135.8/s Avg:    71 Min:    14 Max:   142 Err:     0 (0.00%)
2026-09-10 06:00:30,005 INFO o.a.j.r.Summariser: summary +   4268 in 00:00:30 =  142.3/s Avg:    69 Min:    64 Max:    92 Err:     0 (0.00%) Active: 10 Started: 10 Finished: 0
2026-09-10 06:00:30,005 INFO o.a.j.r.Summariser: summary =   9486 in 00:01:08 =  138.6/s Avg:    70 Min:    14 Max:   142 Err:     0 (0.00%)
2026-09-10 06:01:00,003 INFO o.a.j.r.Summariser: summary +   4323 in 00:00:30 =  144.1/s Avg:    69 Min:    64 Max:    94 Err:     0 (0.00%) Active: 10 Started: 10 Finished: 0
2026-09-10 06:01:00,003 INFO o.a.j.r.Summariser: summary =  13809 in 00:01:38 =  140.3/s Avg:    70 Min:    14 Max:   142 Err:     0 (0.00%)
2026-09-10 06:01:21,611 INFO o.a.j.t.JMeterThread: Stopping because end time detected by thread: TCC order-show 1-7
2026-09-10 06:01:21,611 INFO o.a.j.t.JMeterThread: Thread finished: TCC order-show 1-7
2026-09-10 06:01:21,618 INFO o.a.j.t.JMeterThread: Stopping because end time detected by thread: TCC order-show 1-2
2026-09-10 06:01:21,618 INFO o.a.j.t.JMeterThread: Thread finished: TCC order-show 1-2
2026-09-10 06:01:21,625 INFO o.a.j.t.JMeterThread: Stopping because end time detected by thread: TCC order-show 1-4
2026-09-10 06:01:21,625 INFO o.a.j.t.JMeterThread: Thread finished: TCC order-show 1-4
2026-09-10 06:01:21,632 INFO o.a.j.t.JMeterThread: Stopping because end time detected by thread: TCC order-show 1-6
2026-09-10 06:01:21,632 INFO o.a.j.t.JMeterThread: Thread finished: TCC order-show 1-6
2026-09-10 06:01:21,639 INFO o.a.j.t.JMeterThread: Stopping because end time detected by thread: TCC order-show 1-5
2026-09-10 06:01:21,639 INFO o.a.j.t.JMeterThread: Thread finished: TCC order-show 1-5
2026-09-10 06:01:21,647 INFO o.a.j.t.JMeterThread: Stopping because end time detected by thread: TCC order-show 1-1
2026-09-10 06:01:21,647 INFO o.a.j.t.JMeterThread: Thread finished: TCC order-show 1-1
2026-09-10 06:01:21,654 INFO o.a.j.t.JMeterThread: Stopping because end time detected by thread: TCC order-show 1-3
2026-09-10 06:01:21,654 INFO o.a.j.t.JMeterThread: Thread finished: TCC order-show 1-3
2026-09-10 06:01:21,661 INFO o.a.j.t.JMeterThread: Stopping because end time detected by thread: TCC order-show 1-8
2026-09-10 06:01:21,662 INFO o.a.j.t.JMeterThread: Thread finished: TCC order-show 1-8
2026-09-10 06:01:21,669 INFO o.a.j.t.JMeterThread: Stopping because end time detected by thread: TCC order-show 1-10
2026-09-10 06:01:21,669 INFO o.a.j.t.JMeterThread: Thread finished: TCC order-show 1-10
2026-09-10 06:01:21,676 INFO o.a.j.t.JMeterThread: Stopping because end time detected by thread: TCC order-show 1-9
2026-09-10 06:01:21,676 INFO o.a.j.t.JMeterThread: Thread finished: TCC order-show 1-9
2026-09-10 06:01:21,676 INFO o.a.j.e.StandardJMeterEngine: Notifying test listeners of end of test
2026-09-10 06:01:21,679 INFO o.a.j.r.Summariser: summary +   3137 in 00:00:22 =  144.7/s Avg:    68 Min:    64 Max:    79 Err:     0 (0.00%) Active: 0 Started: 10 Finished: 10
2026-09-10 06:01:21,679 INFO o.a.j.r.Summariser: summary =  16946 in 00:02:00 =  141.1/s Avg:    69 Min:    14 Max:   142 Err:     0 (0.00%)
