2026-09-10 01:40:24,536 INFO o.a.j.u.JMeterUtils: Setting Locale to en_EN
2026-09-10 01:40:24,552 INFO o.a.j.JMeter: Loading user properties from: /home/avituo/projects/tcc/tcc-container/.tools/apache-jmeter-5.6.3/bin/user.properties
2026-09-10 01:40:24,552 INFO o.a.j.JMeter: Loading system properties from: /home/avituo/projects/tcc/tcc-container/.tools/apache-jmeter-5.6.3/bin/system.properties
2026-09-10 01:40:24,553 INFO o.a.j.JMeter: Loading additional properties from: /home/avituo/projects/tcc/tcc-container/benchmark/jmeter/benchmark.properties
2026-09-10 01:40:24,553 INFO o.a.j.JMeter: Loading additional properties from: /tmp/tcc-benchmark-auth.Iuqm5M/auth.properties
2026-09-10 01:40:24,553 INFO o.a.j.JMeter: Loading additional properties from: /home/avituo/projects/tcc/tcc-container/benchmark/results/laravel-13.20.0/final/products/c25/r2/monolith/thread-counters.properties
2026-09-10 01:40:24,553 INFO o.a.j.JMeter: Setting JMeter property: threads=25
2026-09-10 01:40:24,553 INFO o.a.j.JMeter: Setting JMeter property: duration_seconds=120
2026-09-10 01:40:24,553 INFO o.a.j.JMeter: Setting JMeter property: target_host=localhost
2026-09-10 01:40:24,553 INFO o.a.j.JMeter: Setting JMeter property: target_port=18000
2026-09-10 01:40:24,553 INFO o.a.j.JMeter: Setting JMeter property: tcc.order.id=1
2026-09-10 01:40:24,553 INFO o.a.j.JMeter: Setting JMeter property: repetition=2
2026-09-10 01:40:24,560 INFO o.a.j.JMeter: Copyright (c) 1998-2024 The Apache Software Foundation
2026-09-10 01:40:24,560 INFO o.a.j.JMeter: Version 5.6.3
2026-09-10 01:40:24,561 INFO o.a.j.JMeter: java.version=21.0.11
2026-09-10 01:40:24,561 INFO o.a.j.JMeter: java.vm.name=OpenJDK 64-Bit Server VM
2026-09-10 01:40:24,561 INFO o.a.j.JMeter: os.name=Linux
2026-09-10 01:40:24,561 INFO o.a.j.JMeter: os.arch=amd64
2026-09-10 01:40:24,561 INFO o.a.j.JMeter: os.version=7.0.11-76070011-generic
2026-09-10 01:40:24,561 INFO o.a.j.JMeter: file.encoding=UTF-8
2026-09-10 01:40:24,561 INFO o.a.j.JMeter: java.awt.headless=true
2026-09-10 01:40:24,561 INFO o.a.j.JMeter: Max memory     =1073741824
2026-09-10 01:40:24,561 INFO o.a.j.JMeter: Available Processors =16
2026-09-10 01:40:24,569 INFO o.a.j.JMeter: Default Locale=English (EN)
2026-09-10 01:40:24,569 INFO o.a.j.JMeter: JMeter  Locale=English (EN)
2026-09-10 01:40:24,569 INFO o.a.j.JMeter: JMeterHome=/home/avituo/projects/tcc/tcc-container/.tools/apache-jmeter-5.6.3
2026-09-10 01:40:24,569 INFO o.a.j.JMeter: user.dir  =/home/avituo/projects/tcc/tcc-container
2026-09-10 01:40:24,570 INFO o.a.j.JMeter: PWD       =/home/avituo/projects/tcc/tcc-container
2026-09-10 01:40:24,578 INFO o.a.j.JMeter: IP: 192.168.1.16 Name: pop-os FullName: pop-os.home
2026-09-10 01:40:24,589 INFO o.a.j.s.FileServer: Default base='/home/avituo/projects/tcc/tcc-container'
2026-09-10 01:40:24,592 INFO o.a.j.s.FileServer: Set new base='/home/avituo/projects/tcc/tcc-container/benchmark/jmeter'
2026-09-10 01:40:24,777 INFO o.a.j.s.SaveService: Testplan (JMX) version: 2.2. Testlog (JTL) version: 2.2
2026-09-10 01:40:24,802 INFO o.a.j.s.SaveService: Using SaveService properties version 5.0
2026-09-10 01:40:24,805 INFO o.a.j.s.SaveService: Using SaveService properties file encoding UTF-8
2026-09-10 01:40:24,809 INFO o.a.j.s.SaveService: Loading file: /home/avituo/projects/tcc/tcc-container/benchmark/jmeter/tcc-products-v1.jmx
2026-09-10 01:40:24,859 INFO o.a.j.p.h.s.HTTPSamplerBase: Parser for text/html is org.apache.jmeter.protocol.http.parser.LagartoBasedHtmlParser
2026-09-10 01:40:24,859 INFO o.a.j.p.h.s.HTTPSamplerBase: Parser for application/xhtml+xml is org.apache.jmeter.protocol.http.parser.LagartoBasedHtmlParser
2026-09-10 01:40:24,859 INFO o.a.j.p.h.s.HTTPSamplerBase: Parser for application/xml is org.apache.jmeter.protocol.http.parser.LagartoBasedHtmlParser
2026-09-10 01:40:24,859 INFO o.a.j.p.h.s.HTTPSamplerBase: Parser for text/xml is org.apache.jmeter.protocol.http.parser.LagartoBasedHtmlParser
2026-09-10 01:40:24,860 INFO o.a.j.p.h.s.HTTPSamplerBase: Parser for text/vnd.wap.wml is org.apache.jmeter.protocol.http.parser.RegexpHTMLParser
2026-09-10 01:40:24,860 INFO o.a.j.p.h.s.HTTPSamplerBase: Parser for text/css is org.apache.jmeter.protocol.http.parser.CssParser
2026-09-10 01:40:24,888 INFO o.a.j.JMeter: Creating summariser <summary>
2026-09-10 01:40:24,905 INFO o.a.j.e.StandardJMeterEngine: Running the test!
2026-09-10 01:40:24,906 INFO o.a.j.s.SampleEvent: List of sample_variables: []
2026-09-10 01:40:24,906 INFO o.a.j.s.SampleEvent: List of sample_variables: []
2026-09-10 01:40:24,911 INFO o.a.j.e.u.CompoundVariable: Note: Function class names must contain the string: '.functions.'
2026-09-10 01:40:24,911 INFO o.a.j.e.u.CompoundVariable: Note: Function class names must not contain the string: '.gui.'
2026-09-10 01:40:25,159 INFO o.a.j.JMeter: Running test (1789015225159)
2026-09-10 01:40:25,178 INFO o.a.j.e.StandardJMeterEngine: Starting ThreadGroup: 1 : TCC products
2026-09-10 01:40:25,179 INFO o.a.j.e.StandardJMeterEngine: Starting 25 threads for group TCC products.
2026-09-10 01:40:25,179 INFO o.a.j.e.StandardJMeterEngine: Thread will continue on error
2026-09-10 01:40:25,179 INFO o.a.j.t.ThreadGroup: Starting thread group... number=1 threads=25 ramp-up=0 delayedStart=false
2026-09-10 01:40:25,186 INFO o.a.j.t.JMeterThread: Thread started: TCC products 1-5
2026-09-10 01:40:25,186 INFO o.a.j.t.JMeterThread: Thread started: TCC products 1-3
2026-09-10 01:40:25,186 INFO o.a.j.t.JMeterThread: Thread started: TCC products 1-1
2026-09-10 01:40:25,186 INFO o.a.j.t.JMeterThread: Thread started: TCC products 1-4
2026-09-10 01:40:25,186 INFO o.a.j.t.JMeterThread: Thread started: TCC products 1-2
2026-09-10 01:40:25,187 INFO o.a.j.t.JMeterThread: Thread started: TCC products 1-6
2026-09-10 01:40:25,188 INFO o.a.j.t.JMeterThread: Thread started: TCC products 1-7
2026-09-10 01:40:25,188 INFO o.a.j.t.JMeterThread: Thread started: TCC products 1-8
2026-09-10 01:40:25,189 INFO o.a.j.t.JMeterThread: Thread started: TCC products 1-9
2026-09-10 01:40:25,190 INFO o.a.j.t.JMeterThread: Thread started: TCC products 1-10
2026-09-10 01:40:25,190 INFO o.a.j.t.JMeterThread: Thread started: TCC products 1-11
2026-09-10 01:40:25,191 INFO o.a.j.t.JMeterThread: Thread started: TCC products 1-12
2026-09-10 01:40:25,192 INFO o.a.j.t.JMeterThread: Thread started: TCC products 1-13
2026-09-10 01:40:25,193 INFO o.a.j.t.JMeterThread: Thread started: TCC products 1-14
2026-09-10 01:40:25,194 INFO o.a.j.t.JMeterThread: Thread started: TCC products 1-15
2026-09-10 01:40:25,195 INFO o.a.j.t.JMeterThread: Thread started: TCC products 1-16
2026-09-10 01:40:25,196 INFO o.a.j.t.JMeterThread: Thread started: TCC products 1-17
2026-09-10 01:40:25,197 INFO o.a.j.t.JMeterThread: Thread started: TCC products 1-18
2026-09-10 01:40:25,197 INFO o.a.j.t.JMeterThread: Thread started: TCC products 1-19
2026-09-10 01:40:25,198 INFO o.a.j.t.JMeterThread: Thread started: TCC products 1-20
2026-09-10 01:40:25,199 INFO o.a.j.t.JMeterThread: Thread started: TCC products 1-21
2026-09-10 01:40:25,199 INFO o.a.j.t.JMeterThread: Thread started: TCC products 1-22
2026-09-10 01:40:25,200 INFO o.a.j.t.JMeterThread: Thread started: TCC products 1-23
2026-09-10 01:40:25,200 INFO o.a.j.t.JMeterThread: Thread started: TCC products 1-24
2026-09-10 01:40:25,201 INFO o.a.j.t.ThreadGroup: Started thread group number 1
2026-09-10 01:40:25,201 INFO o.a.j.e.StandardJMeterEngine: All thread groups have been started
2026-09-10 01:40:25,201 INFO o.a.j.t.JMeterThread: Thread started: TCC products 1-25
2026-09-10 01:40:25,206 INFO o.a.j.p.h.s.HTTPHCAbstractImpl: Local host = pop-os
2026-09-10 01:40:25,212 INFO o.a.j.p.h.s.HTTPHC4Impl: HTTP request retry count = 0
2026-09-10 01:40:25,213 INFO o.a.j.s.SampleResult: Note: Sample TimeStamps are START times
2026-09-10 01:40:25,213 INFO o.a.j.s.SampleResult: sampleresult.default.encoding is set to UTF-8
2026-09-10 01:40:25,213 INFO o.a.j.s.SampleResult: sampleresult.useNanoTime=true
2026-09-10 01:40:25,213 INFO o.a.j.s.SampleResult: sampleresult.nanoThreadSleep=5000
2026-09-10 01:40:30,018 INFO o.a.j.r.Summariser: summary +    358 in 00:00:05 =   73.7/s Avg:   269 Min:    32 Max:   494 Err:     0 (0.00%) Active: 25 Started: 25 Finished: 0
2026-09-10 01:41:00,017 INFO o.a.j.r.Summariser: summary +   2685 in 00:00:30 =   89.5/s Avg:   278 Min:   256 Max:   336 Err:     0 (0.00%) Active: 25 Started: 25 Finished: 0
2026-09-10 01:41:00,018 INFO o.a.j.r.Summariser: summary =   3043 in 00:00:35 =   87.3/s Avg:   277 Min:    32 Max:   494 Err:     0 (0.00%)
2026-09-10 01:41:30,015 INFO o.a.j.r.Summariser: summary +   2722 in 00:00:30 =   90.7/s Avg:   274 Min:   256 Max:   342 Err:     0 (0.00%) Active: 25 Started: 25 Finished: 0
2026-09-10 01:41:30,015 INFO o.a.j.r.Summariser: summary =   5765 in 00:01:05 =   88.9/s Avg:   276 Min:    32 Max:   494 Err:     0 (0.00%)
2026-09-10 01:42:00,009 INFO o.a.j.r.Summariser: summary +   2732 in 00:00:30 =   91.1/s Avg:   274 Min:   257 Max:   330 Err:     0 (0.00%) Active: 25 Started: 25 Finished: 0
2026-09-10 01:42:00,009 INFO o.a.j.r.Summariser: summary =   8497 in 00:01:35 =   89.6/s Avg:   275 Min:    32 Max:   494 Err:     0 (0.00%)
2026-09-10 01:42:25,195 INFO o.a.j.t.JMeterThread: Stopping because end time detected by thread: TCC products 1-8
2026-09-10 01:42:25,195 INFO o.a.j.t.JMeterThread: Thread finished: TCC products 1-8
2026-09-10 01:42:25,205 INFO o.a.j.t.JMeterThread: Stopping because end time detected by thread: TCC products 1-13
2026-09-10 01:42:25,205 INFO o.a.j.t.JMeterThread: Thread finished: TCC products 1-13
2026-09-10 01:42:25,216 INFO o.a.j.t.JMeterThread: Stopping because end time detected by thread: TCC products 1-10
2026-09-10 01:42:25,216 INFO o.a.j.t.JMeterThread: Thread finished: TCC products 1-10
2026-09-10 01:42:25,227 INFO o.a.j.t.JMeterThread: Stopping because end time detected by thread: TCC products 1-23
2026-09-10 01:42:25,227 INFO o.a.j.t.JMeterThread: Thread finished: TCC products 1-23
2026-09-10 01:42:25,237 INFO o.a.j.t.JMeterThread: Stopping because end time detected by thread: TCC products 1-7
2026-09-10 01:42:25,237 INFO o.a.j.t.JMeterThread: Thread finished: TCC products 1-7
2026-09-10 01:42:25,248 INFO o.a.j.t.JMeterThread: Stopping because end time detected by thread: TCC products 1-17
2026-09-10 01:42:25,248 INFO o.a.j.t.JMeterThread: Thread finished: TCC products 1-17
2026-09-10 01:42:25,260 INFO o.a.j.t.JMeterThread: Stopping because end time detected by thread: TCC products 1-11
2026-09-10 01:42:25,260 INFO o.a.j.t.JMeterThread: Thread finished: TCC products 1-11
2026-09-10 01:42:25,271 INFO o.a.j.t.JMeterThread: Stopping because end time detected by thread: TCC products 1-2
2026-09-10 01:42:25,271 INFO o.a.j.t.JMeterThread: Thread finished: TCC products 1-2
2026-09-10 01:42:25,283 INFO o.a.j.t.JMeterThread: Stopping because end time detected by thread: TCC products 1-9
2026-09-10 01:42:25,283 INFO o.a.j.t.JMeterThread: Thread finished: TCC products 1-9
2026-09-10 01:42:25,294 INFO o.a.j.t.JMeterThread: Stopping because end time detected by thread: TCC products 1-3
2026-09-10 01:42:25,294 INFO o.a.j.t.JMeterThread: Thread finished: TCC products 1-3
2026-09-10 01:42:25,306 INFO o.a.j.t.JMeterThread: Stopping because end time detected by thread: TCC products 1-5
2026-09-10 01:42:25,306 INFO o.a.j.t.JMeterThread: Thread finished: TCC products 1-5
2026-09-10 01:42:25,317 INFO o.a.j.t.JMeterThread: Stopping because end time detected by thread: TCC products 1-20
2026-09-10 01:42:25,318 INFO o.a.j.t.JMeterThread: Thread finished: TCC products 1-20
2026-09-10 01:42:25,328 INFO o.a.j.t.JMeterThread: Stopping because end time detected by thread: TCC products 1-6
2026-09-10 01:42:25,328 INFO o.a.j.t.JMeterThread: Thread finished: TCC products 1-6
2026-09-10 01:42:25,340 INFO o.a.j.t.JMeterThread: Stopping because end time detected by thread: TCC products 1-21
2026-09-10 01:42:25,340 INFO o.a.j.t.JMeterThread: Thread finished: TCC products 1-21
2026-09-10 01:42:25,351 INFO o.a.j.t.JMeterThread: Stopping because end time detected by thread: TCC products 1-19
2026-09-10 01:42:25,351 INFO o.a.j.t.JMeterThread: Thread finished: TCC products 1-19
2026-09-10 01:42:25,362 INFO o.a.j.t.JMeterThread: Stopping because end time detected by thread: TCC products 1-1
2026-09-10 01:42:25,362 INFO o.a.j.t.JMeterThread: Thread finished: TCC products 1-1
2026-09-10 01:42:25,373 INFO o.a.j.t.JMeterThread: Stopping because end time detected by thread: TCC products 1-15
2026-09-10 01:42:25,373 INFO o.a.j.t.JMeterThread: Thread finished: TCC products 1-15
2026-09-10 01:42:25,384 INFO o.a.j.t.JMeterThread: Stopping because end time detected by thread: TCC products 1-25
2026-09-10 01:42:25,384 INFO o.a.j.t.JMeterThread: Thread finished: TCC products 1-25
2026-09-10 01:42:25,394 INFO o.a.j.t.JMeterThread: Stopping because end time detected by thread: TCC products 1-22
2026-09-10 01:42:25,395 INFO o.a.j.t.JMeterThread: Thread finished: TCC products 1-22
2026-09-10 01:42:25,406 INFO o.a.j.t.JMeterThread: Stopping because end time detected by thread: TCC products 1-18
2026-09-10 01:42:25,406 INFO o.a.j.t.JMeterThread: Thread finished: TCC products 1-18
2026-09-10 01:42:25,416 INFO o.a.j.t.JMeterThread: Stopping because end time detected by thread: TCC products 1-12
2026-09-10 01:42:25,416 INFO o.a.j.t.JMeterThread: Thread finished: TCC products 1-12
2026-09-10 01:42:25,427 INFO o.a.j.t.JMeterThread: Stopping because end time detected by thread: TCC products 1-4
2026-09-10 01:42:25,428 INFO o.a.j.t.JMeterThread: Thread finished: TCC products 1-4
2026-09-10 01:42:25,439 INFO o.a.j.t.JMeterThread: Stopping because end time detected by thread: TCC products 1-24
2026-09-10 01:42:25,439 INFO o.a.j.t.JMeterThread: Thread finished: TCC products 1-24
2026-09-10 01:42:25,450 INFO o.a.j.t.JMeterThread: Stopping because end time detected by thread: TCC products 1-14
2026-09-10 01:42:25,450 INFO o.a.j.t.JMeterThread: Thread finished: TCC products 1-14
2026-09-10 01:42:25,461 INFO o.a.j.t.JMeterThread: Stopping because end time detected by thread: TCC products 1-16
2026-09-10 01:42:25,461 INFO o.a.j.t.JMeterThread: Thread finished: TCC products 1-16
2026-09-10 01:42:25,462 INFO o.a.j.e.StandardJMeterEngine: Notifying test listeners of end of test
2026-09-10 01:42:25,464 INFO o.a.j.r.Summariser: summary +   2322 in 00:00:25 =   91.2/s Avg:   273 Min:   250 Max:   299 Err:     0 (0.00%) Active: 0 Started: 25 Finished: 25
2026-09-10 01:42:25,464 INFO o.a.j.r.Summariser: summary =  10819 in 00:02:00 =   89.9/s Avg:   275 Min:    32 Max:   494 Err:     0 (0.00%)
