2026-09-10 08:51:18,146 INFO o.a.j.u.JMeterUtils: Setting Locale to en_EN
2026-09-10 08:51:18,163 INFO o.a.j.JMeter: Loading user properties from: /home/avituo/projects/tcc/tcc-container/.tools/apache-jmeter-5.6.3/bin/user.properties
2026-09-10 08:51:18,163 INFO o.a.j.JMeter: Loading system properties from: /home/avituo/projects/tcc/tcc-container/.tools/apache-jmeter-5.6.3/bin/system.properties
2026-09-10 08:51:18,163 INFO o.a.j.JMeter: Loading additional properties from: /home/avituo/projects/tcc/tcc-container/benchmark/jmeter/benchmark.properties
2026-09-10 08:51:18,163 INFO o.a.j.JMeter: Loading additional properties from: /tmp/tcc-benchmark-auth.NwZdhy/auth.properties
2026-09-10 08:51:18,163 INFO o.a.j.JMeter: Loading additional properties from: /home/avituo/projects/tcc/tcc-container/benchmark/results/laravel-13.20.0/final/order-create/c25/r2/monolith/thread-counters.properties
2026-09-10 08:51:18,164 INFO o.a.j.JMeter: Setting JMeter property: threads=25
2026-09-10 08:51:18,164 INFO o.a.j.JMeter: Setting JMeter property: duration_seconds=120
2026-09-10 08:51:18,164 INFO o.a.j.JMeter: Setting JMeter property: target_host=localhost
2026-09-10 08:51:18,164 INFO o.a.j.JMeter: Setting JMeter property: target_port=18000
2026-09-10 08:51:18,164 INFO o.a.j.JMeter: Setting JMeter property: tcc.order.id=1
2026-09-10 08:51:18,164 INFO o.a.j.JMeter: Setting JMeter property: repetition=2
2026-09-10 08:51:18,170 INFO o.a.j.JMeter: Copyright (c) 1998-2024 The Apache Software Foundation
2026-09-10 08:51:18,171 INFO o.a.j.JMeter: Version 5.6.3
2026-09-10 08:51:18,171 INFO o.a.j.JMeter: java.version=21.0.11
2026-09-10 08:51:18,171 INFO o.a.j.JMeter: java.vm.name=OpenJDK 64-Bit Server VM
2026-09-10 08:51:18,171 INFO o.a.j.JMeter: os.name=Linux
2026-09-10 08:51:18,171 INFO o.a.j.JMeter: os.arch=amd64
2026-09-10 08:51:18,171 INFO o.a.j.JMeter: os.version=7.0.11-76070011-generic
2026-09-10 08:51:18,171 INFO o.a.j.JMeter: file.encoding=UTF-8
2026-09-10 08:51:18,171 INFO o.a.j.JMeter: java.awt.headless=true
2026-09-10 08:51:18,171 INFO o.a.j.JMeter: Max memory     =1073741824
2026-09-10 08:51:18,171 INFO o.a.j.JMeter: Available Processors =16
2026-09-10 08:51:18,180 INFO o.a.j.JMeter: Default Locale=English (EN)
2026-09-10 08:51:18,180 INFO o.a.j.JMeter: JMeter  Locale=English (EN)
2026-09-10 08:51:18,180 INFO o.a.j.JMeter: JMeterHome=/home/avituo/projects/tcc/tcc-container/.tools/apache-jmeter-5.6.3
2026-09-10 08:51:18,181 INFO o.a.j.JMeter: user.dir  =/home/avituo/projects/tcc/tcc-container
2026-09-10 08:51:18,181 INFO o.a.j.JMeter: PWD       =/home/avituo/projects/tcc/tcc-container
2026-09-10 08:51:18,188 INFO o.a.j.JMeter: IP: 192.168.1.16 Name: pop-os FullName: pop-os.home
2026-09-10 08:51:18,200 INFO o.a.j.s.FileServer: Default base='/home/avituo/projects/tcc/tcc-container'
2026-09-10 08:51:18,202 INFO o.a.j.s.FileServer: Set new base='/home/avituo/projects/tcc/tcc-container/benchmark/jmeter'
2026-09-10 08:51:18,386 INFO o.a.j.s.SaveService: Testplan (JMX) version: 2.2. Testlog (JTL) version: 2.2
2026-09-10 08:51:18,414 INFO o.a.j.s.SaveService: Using SaveService properties version 5.0
2026-09-10 08:51:18,418 INFO o.a.j.s.SaveService: Using SaveService properties file encoding UTF-8
2026-09-10 08:51:18,422 INFO o.a.j.s.SaveService: Loading file: /home/avituo/projects/tcc/tcc-container/benchmark/jmeter/tcc-order-create-v1.jmx
2026-09-10 08:51:18,472 INFO o.a.j.p.h.s.HTTPSamplerBase: Parser for text/html is org.apache.jmeter.protocol.http.parser.LagartoBasedHtmlParser
2026-09-10 08:51:18,472 INFO o.a.j.p.h.s.HTTPSamplerBase: Parser for application/xhtml+xml is org.apache.jmeter.protocol.http.parser.LagartoBasedHtmlParser
2026-09-10 08:51:18,472 INFO o.a.j.p.h.s.HTTPSamplerBase: Parser for application/xml is org.apache.jmeter.protocol.http.parser.LagartoBasedHtmlParser
2026-09-10 08:51:18,472 INFO o.a.j.p.h.s.HTTPSamplerBase: Parser for text/xml is org.apache.jmeter.protocol.http.parser.LagartoBasedHtmlParser
2026-09-10 08:51:18,472 INFO o.a.j.p.h.s.HTTPSamplerBase: Parser for text/vnd.wap.wml is org.apache.jmeter.protocol.http.parser.RegexpHTMLParser
2026-09-10 08:51:18,472 INFO o.a.j.p.h.s.HTTPSamplerBase: Parser for text/css is org.apache.jmeter.protocol.http.parser.CssParser
2026-09-10 08:51:18,506 INFO o.a.j.JMeter: Creating summariser <summary>
2026-09-10 08:51:18,525 INFO o.a.j.e.StandardJMeterEngine: Running the test!
2026-09-10 08:51:18,526 INFO o.a.j.s.SampleEvent: List of sample_variables: []
2026-09-10 08:51:18,526 INFO o.a.j.s.SampleEvent: List of sample_variables: []
2026-09-10 08:51:18,532 INFO o.a.j.e.u.CompoundVariable: Note: Function class names must contain the string: '.functions.'
2026-09-10 08:51:18,532 INFO o.a.j.e.u.CompoundVariable: Note: Function class names must not contain the string: '.gui.'
2026-09-10 08:51:18,777 INFO o.a.j.JMeter: Running test (1789041078777)
2026-09-10 08:51:18,796 INFO o.a.j.e.StandardJMeterEngine: Starting ThreadGroup: 1 : TCC order-create
2026-09-10 08:51:18,797 INFO o.a.j.e.StandardJMeterEngine: Starting 25 threads for group TCC order-create.
2026-09-10 08:51:18,797 INFO o.a.j.e.StandardJMeterEngine: Thread will continue on error
2026-09-10 08:51:18,797 INFO o.a.j.t.ThreadGroup: Starting thread group... number=1 threads=25 ramp-up=0 delayedStart=false
2026-09-10 08:51:18,803 INFO o.a.j.t.JMeterThread: Thread started: TCC order-create 1-2
2026-09-10 08:51:18,803 INFO o.a.j.t.JMeterThread: Thread started: TCC order-create 1-3
2026-09-10 08:51:18,803 INFO o.a.j.t.JMeterThread: Thread started: TCC order-create 1-1
2026-09-10 08:51:18,804 INFO o.a.j.t.JMeterThread: Thread started: TCC order-create 1-4
2026-09-10 08:51:18,804 INFO o.a.j.t.JMeterThread: Thread started: TCC order-create 1-5
2026-09-10 08:51:18,805 INFO o.a.j.t.JMeterThread: Thread started: TCC order-create 1-6
2026-09-10 08:51:18,805 INFO o.a.j.t.JMeterThread: Thread started: TCC order-create 1-7
2026-09-10 08:51:18,806 INFO o.a.j.t.JMeterThread: Thread started: TCC order-create 1-8
2026-09-10 08:51:18,807 INFO o.a.j.t.JMeterThread: Thread started: TCC order-create 1-9
2026-09-10 08:51:18,807 INFO o.a.j.t.JMeterThread: Thread started: TCC order-create 1-10
2026-09-10 08:51:18,808 INFO o.a.j.t.JMeterThread: Thread started: TCC order-create 1-11
2026-09-10 08:51:18,809 INFO o.a.j.t.JMeterThread: Thread started: TCC order-create 1-12
2026-09-10 08:51:18,810 INFO o.a.j.t.JMeterThread: Thread started: TCC order-create 1-13
2026-09-10 08:51:18,810 INFO o.a.j.t.JMeterThread: Thread started: TCC order-create 1-14
2026-09-10 08:51:18,811 INFO o.a.j.t.JMeterThread: Thread started: TCC order-create 1-15
2026-09-10 08:51:18,813 INFO o.a.j.t.JMeterThread: Thread started: TCC order-create 1-16
2026-09-10 08:51:18,813 INFO o.a.j.t.JMeterThread: Thread started: TCC order-create 1-17
2026-09-10 08:51:18,814 INFO o.a.j.t.JMeterThread: Thread started: TCC order-create 1-18
2026-09-10 08:51:18,814 INFO o.a.j.t.JMeterThread: Thread started: TCC order-create 1-19
2026-09-10 08:51:18,815 INFO o.a.j.t.JMeterThread: Thread started: TCC order-create 1-20
2026-09-10 08:51:18,816 INFO o.a.j.t.JMeterThread: Thread started: TCC order-create 1-21
2026-09-10 08:51:18,816 INFO o.a.j.t.JMeterThread: Thread started: TCC order-create 1-22
2026-09-10 08:51:18,817 INFO o.a.j.t.JMeterThread: Thread started: TCC order-create 1-23
2026-09-10 08:51:18,817 INFO o.a.j.t.JMeterThread: Thread started: TCC order-create 1-24
2026-09-10 08:51:18,818 INFO o.a.j.t.ThreadGroup: Started thread group number 1
2026-09-10 08:51:18,818 INFO o.a.j.e.StandardJMeterEngine: All thread groups have been started
2026-09-10 08:51:18,818 INFO o.a.j.t.JMeterThread: Thread started: TCC order-create 1-25
2026-09-10 08:51:19,688 INFO o.a.j.p.h.s.HTTPHCAbstractImpl: Local host = pop-os
2026-09-10 08:51:19,694 INFO o.a.j.p.h.s.HTTPHC4Impl: HTTP request retry count = 0
2026-09-10 08:51:19,695 INFO o.a.j.s.SampleResult: Note: Sample TimeStamps are START times
2026-09-10 08:51:19,696 INFO o.a.j.s.SampleResult: sampleresult.default.encoding is set to UTF-8
2026-09-10 08:51:19,696 INFO o.a.j.s.SampleResult: sampleresult.useNanoTime=true
2026-09-10 08:51:19,696 INFO o.a.j.s.SampleResult: sampleresult.nanoThreadSleep=5000
2026-09-10 08:51:30,001 INFO o.a.j.r.Summariser: summary +    379 in 00:00:11 =   33.8/s Avg:   649 Min:    80 Max:   728 Err:     0 (0.00%) Active: 25 Started: 25 Finished: 0
2026-09-10 08:52:00,028 INFO o.a.j.r.Summariser: summary +   1143 in 00:00:30 =   38.1/s Avg:   656 Min:   612 Max:   778 Err:     0 (0.00%) Active: 25 Started: 25 Finished: 0
2026-09-10 08:52:00,029 INFO o.a.j.r.Summariser: summary =   1522 in 00:00:41 =   36.9/s Avg:   654 Min:    80 Max:   778 Err:     0 (0.00%)
2026-09-10 08:52:30,016 INFO o.a.j.r.Summariser: summary +   1138 in 00:00:30 =   37.9/s Avg:   656 Min:   612 Max:   732 Err:     0 (0.00%) Active: 25 Started: 25 Finished: 0
2026-09-10 08:52:30,017 INFO o.a.j.r.Summariser: summary =   2660 in 00:01:11 =   37.3/s Avg:   655 Min:    80 Max:   778 Err:     0 (0.00%)
2026-09-10 08:53:00,012 INFO o.a.j.r.Summariser: summary +   1098 in 00:00:30 =   36.6/s Avg:   684 Min:   617 Max:  1570 Err:     0 (0.00%) Active: 25 Started: 25 Finished: 0
2026-09-10 08:53:00,012 INFO o.a.j.r.Summariser: summary =   3758 in 00:01:41 =   37.1/s Avg:   663 Min:    80 Max:  1570 Err:     0 (0.00%)
2026-09-10 08:53:18,838 INFO o.a.j.t.JMeterThread: Stopping because end time detected by thread: TCC order-create 1-5
2026-09-10 08:53:18,838 INFO o.a.j.t.JMeterThread: Thread finished: TCC order-create 1-5
2026-09-10 08:53:18,862 INFO o.a.j.t.JMeterThread: Stopping because end time detected by thread: TCC order-create 1-6
2026-09-10 08:53:18,862 INFO o.a.j.t.JMeterThread: Thread finished: TCC order-create 1-6
2026-09-10 08:53:18,886 INFO o.a.j.t.JMeterThread: Stopping because end time detected by thread: TCC order-create 1-7
2026-09-10 08:53:18,886 INFO o.a.j.t.JMeterThread: Thread finished: TCC order-create 1-7
2026-09-10 08:53:18,912 INFO o.a.j.t.JMeterThread: Stopping because end time detected by thread: TCC order-create 1-15
2026-09-10 08:53:18,912 INFO o.a.j.t.JMeterThread: Thread finished: TCC order-create 1-15
2026-09-10 08:53:18,936 INFO o.a.j.t.JMeterThread: Stopping because end time detected by thread: TCC order-create 1-4
2026-09-10 08:53:18,936 INFO o.a.j.t.JMeterThread: Thread finished: TCC order-create 1-4
2026-09-10 08:53:18,960 INFO o.a.j.t.JMeterThread: Stopping because end time detected by thread: TCC order-create 1-1
2026-09-10 08:53:18,961 INFO o.a.j.t.JMeterThread: Thread finished: TCC order-create 1-1
2026-09-10 08:53:18,987 INFO o.a.j.t.JMeterThread: Stopping because end time detected by thread: TCC order-create 1-24
2026-09-10 08:53:18,987 INFO o.a.j.t.JMeterThread: Thread finished: TCC order-create 1-24
2026-09-10 08:53:19,020 INFO o.a.j.t.JMeterThread: Stopping because end time detected by thread: TCC order-create 1-21
2026-09-10 08:53:19,021 INFO o.a.j.t.JMeterThread: Thread finished: TCC order-create 1-21
2026-09-10 08:53:19,046 INFO o.a.j.t.JMeterThread: Stopping because end time detected by thread: TCC order-create 1-23
2026-09-10 08:53:19,046 INFO o.a.j.t.JMeterThread: Thread finished: TCC order-create 1-23
2026-09-10 08:53:19,072 INFO o.a.j.t.JMeterThread: Stopping because end time detected by thread: TCC order-create 1-22
2026-09-10 08:53:19,072 INFO o.a.j.t.JMeterThread: Thread finished: TCC order-create 1-22
2026-09-10 08:53:19,099 INFO o.a.j.t.JMeterThread: Stopping because end time detected by thread: TCC order-create 1-25
2026-09-10 08:53:19,099 INFO o.a.j.t.JMeterThread: Thread finished: TCC order-create 1-25
2026-09-10 08:53:19,124 INFO o.a.j.t.JMeterThread: Stopping because end time detected by thread: TCC order-create 1-9
2026-09-10 08:53:19,124 INFO o.a.j.t.JMeterThread: Thread finished: TCC order-create 1-9
2026-09-10 08:53:19,149 INFO o.a.j.t.JMeterThread: Stopping because end time detected by thread: TCC order-create 1-8
2026-09-10 08:53:19,149 INFO o.a.j.t.JMeterThread: Thread finished: TCC order-create 1-8
2026-09-10 08:53:19,172 INFO o.a.j.t.JMeterThread: Stopping because end time detected by thread: TCC order-create 1-2
2026-09-10 08:53:19,172 INFO o.a.j.t.JMeterThread: Thread finished: TCC order-create 1-2
2026-09-10 08:53:19,197 INFO o.a.j.t.JMeterThread: Stopping because end time detected by thread: TCC order-create 1-14
2026-09-10 08:53:19,198 INFO o.a.j.t.JMeterThread: Thread finished: TCC order-create 1-14
2026-09-10 08:53:19,221 INFO o.a.j.t.JMeterThread: Stopping because end time detected by thread: TCC order-create 1-10
2026-09-10 08:53:19,221 INFO o.a.j.t.JMeterThread: Thread finished: TCC order-create 1-10
2026-09-10 08:53:19,248 INFO o.a.j.t.JMeterThread: Stopping because end time detected by thread: TCC order-create 1-12
2026-09-10 08:53:19,248 INFO o.a.j.t.JMeterThread: Thread finished: TCC order-create 1-12
2026-09-10 08:53:19,272 INFO o.a.j.t.JMeterThread: Stopping because end time detected by thread: TCC order-create 1-16
2026-09-10 08:53:19,272 INFO o.a.j.t.JMeterThread: Thread finished: TCC order-create 1-16
2026-09-10 08:53:19,298 INFO o.a.j.t.JMeterThread: Stopping because end time detected by thread: TCC order-create 1-17
2026-09-10 08:53:19,298 INFO o.a.j.t.JMeterThread: Thread finished: TCC order-create 1-17
2026-09-10 08:53:19,323 INFO o.a.j.t.JMeterThread: Stopping because end time detected by thread: TCC order-create 1-3
2026-09-10 08:53:19,323 INFO o.a.j.t.JMeterThread: Thread finished: TCC order-create 1-3
2026-09-10 08:53:19,348 INFO o.a.j.t.JMeterThread: Stopping because end time detected by thread: TCC order-create 1-20
2026-09-10 08:53:19,348 INFO o.a.j.t.JMeterThread: Thread finished: TCC order-create 1-20
2026-09-10 08:53:19,373 INFO o.a.j.t.JMeterThread: Stopping because end time detected by thread: TCC order-create 1-13
2026-09-10 08:53:19,373 INFO o.a.j.t.JMeterThread: Thread finished: TCC order-create 1-13
2026-09-10 08:53:19,398 INFO o.a.j.t.JMeterThread: Stopping because end time detected by thread: TCC order-create 1-18
2026-09-10 08:53:19,398 INFO o.a.j.t.JMeterThread: Thread finished: TCC order-create 1-18
2026-09-10 08:53:19,422 INFO o.a.j.t.JMeterThread: Stopping because end time detected by thread: TCC order-create 1-11
2026-09-10 08:53:19,422 INFO o.a.j.t.JMeterThread: Thread finished: TCC order-create 1-11
2026-09-10 08:53:19,445 INFO o.a.j.t.JMeterThread: Stopping because end time detected by thread: TCC order-create 1-19
2026-09-10 08:53:19,445 INFO o.a.j.t.JMeterThread: Thread finished: TCC order-create 1-19
2026-09-10 08:53:19,445 INFO o.a.j.e.StandardJMeterEngine: Notifying test listeners of end of test
2026-09-10 08:53:19,449 INFO o.a.j.r.Summariser: summary +    735 in 00:00:19 =   37.8/s Avg:   660 Min:   613 Max:   778 Err:     0 (0.00%) Active: 0 Started: 25 Finished: 25
2026-09-10 08:53:19,449 INFO o.a.j.r.Summariser: summary =   4493 in 00:02:01 =   37.2/s Avg:   663 Min:    80 Max:  1570 Err:     0 (0.00%)
