2026-09-10 08:50:42,613 INFO o.a.j.u.JMeterUtils: Setting Locale to en_EN
2026-09-10 08:50:42,630 INFO o.a.j.JMeter: Loading user properties from: /home/avituo/projects/tcc/tcc-container/.tools/apache-jmeter-5.6.3/bin/user.properties
2026-09-10 08:50:42,630 INFO o.a.j.JMeter: Loading system properties from: /home/avituo/projects/tcc/tcc-container/.tools/apache-jmeter-5.6.3/bin/system.properties
2026-09-10 08:50:42,630 INFO o.a.j.JMeter: Loading additional properties from: /home/avituo/projects/tcc/tcc-container/benchmark/jmeter/benchmark.properties
2026-09-10 08:50:42,630 INFO o.a.j.JMeter: Loading additional properties from: /tmp/tcc-benchmark-auth.NwZdhy/auth.properties
2026-09-10 08:50:42,630 INFO o.a.j.JMeter: Setting JMeter property: threads=25
2026-09-10 08:50:42,630 INFO o.a.j.JMeter: Setting JMeter property: duration_seconds=30
2026-09-10 08:50:42,630 INFO o.a.j.JMeter: Setting JMeter property: target_host=localhost
2026-09-10 08:50:42,630 INFO o.a.j.JMeter: Setting JMeter property: target_port=18000
2026-09-10 08:50:42,631 INFO o.a.j.JMeter: Setting JMeter property: tcc.order.id=1
2026-09-10 08:50:42,631 INFO o.a.j.JMeter: Setting JMeter property: repetition=2
2026-09-10 08:50:42,636 INFO o.a.j.JMeter: Copyright (c) 1998-2024 The Apache Software Foundation
2026-09-10 08:50:42,636 INFO o.a.j.JMeter: Version 5.6.3
2026-09-10 08:50:42,637 INFO o.a.j.JMeter: java.version=21.0.11
2026-09-10 08:50:42,637 INFO o.a.j.JMeter: java.vm.name=OpenJDK 64-Bit Server VM
2026-09-10 08:50:42,637 INFO o.a.j.JMeter: os.name=Linux
2026-09-10 08:50:42,637 INFO o.a.j.JMeter: os.arch=amd64
2026-09-10 08:50:42,637 INFO o.a.j.JMeter: os.version=7.0.11-76070011-generic
2026-09-10 08:50:42,637 INFO o.a.j.JMeter: file.encoding=UTF-8
2026-09-10 08:50:42,637 INFO o.a.j.JMeter: java.awt.headless=true
2026-09-10 08:50:42,637 INFO o.a.j.JMeter: Max memory     =1073741824
2026-09-10 08:50:42,637 INFO o.a.j.JMeter: Available Processors =16
2026-09-10 08:50:42,646 INFO o.a.j.JMeter: Default Locale=English (EN)
2026-09-10 08:50:42,646 INFO o.a.j.JMeter: JMeter  Locale=English (EN)
2026-09-10 08:50:42,646 INFO o.a.j.JMeter: JMeterHome=/home/avituo/projects/tcc/tcc-container/.tools/apache-jmeter-5.6.3
2026-09-10 08:50:42,646 INFO o.a.j.JMeter: user.dir  =/home/avituo/projects/tcc/tcc-container
2026-09-10 08:50:42,646 INFO o.a.j.JMeter: PWD       =/home/avituo/projects/tcc/tcc-container
2026-09-10 08:50:42,657 INFO o.a.j.JMeter: IP: 192.168.1.16 Name: pop-os FullName: pop-os.home
2026-09-10 08:50:42,670 INFO o.a.j.s.FileServer: Default base='/home/avituo/projects/tcc/tcc-container'
2026-09-10 08:50:42,672 INFO o.a.j.s.FileServer: Set new base='/home/avituo/projects/tcc/tcc-container/benchmark/jmeter'
2026-09-10 08:50:42,837 INFO o.a.j.s.SaveService: Testplan (JMX) version: 2.2. Testlog (JTL) version: 2.2
2026-09-10 08:50:42,861 INFO o.a.j.s.SaveService: Using SaveService properties version 5.0
2026-09-10 08:50:42,865 INFO o.a.j.s.SaveService: Using SaveService properties file encoding UTF-8
2026-09-10 08:50:42,869 INFO o.a.j.s.SaveService: Loading file: /home/avituo/projects/tcc/tcc-container/benchmark/jmeter/tcc-order-create-v1.jmx
2026-09-10 08:50:42,920 INFO o.a.j.p.h.s.HTTPSamplerBase: Parser for text/html is org.apache.jmeter.protocol.http.parser.LagartoBasedHtmlParser
2026-09-10 08:50:42,921 INFO o.a.j.p.h.s.HTTPSamplerBase: Parser for application/xhtml+xml is org.apache.jmeter.protocol.http.parser.LagartoBasedHtmlParser
2026-09-10 08:50:42,921 INFO o.a.j.p.h.s.HTTPSamplerBase: Parser for application/xml is org.apache.jmeter.protocol.http.parser.LagartoBasedHtmlParser
2026-09-10 08:50:42,921 INFO o.a.j.p.h.s.HTTPSamplerBase: Parser for text/xml is org.apache.jmeter.protocol.http.parser.LagartoBasedHtmlParser
2026-09-10 08:50:42,921 INFO o.a.j.p.h.s.HTTPSamplerBase: Parser for text/vnd.wap.wml is org.apache.jmeter.protocol.http.parser.RegexpHTMLParser
2026-09-10 08:50:42,921 INFO o.a.j.p.h.s.HTTPSamplerBase: Parser for text/css is org.apache.jmeter.protocol.http.parser.CssParser
2026-09-10 08:50:42,958 INFO o.a.j.JMeter: Creating summariser <summary>
2026-09-10 08:50:42,979 INFO o.a.j.e.StandardJMeterEngine: Running the test!
2026-09-10 08:50:42,980 INFO o.a.j.s.SampleEvent: List of sample_variables: []
2026-09-10 08:50:42,980 INFO o.a.j.s.SampleEvent: List of sample_variables: []
2026-09-10 08:50:42,984 INFO o.a.j.e.u.CompoundVariable: Note: Function class names must contain the string: '.functions.'
2026-09-10 08:50:42,984 INFO o.a.j.e.u.CompoundVariable: Note: Function class names must not contain the string: '.gui.'
2026-09-10 08:50:43,238 INFO o.a.j.JMeter: Running test (1789041043238)
2026-09-10 08:50:43,257 INFO o.a.j.e.StandardJMeterEngine: Starting ThreadGroup: 1 : TCC order-create
2026-09-10 08:50:43,258 INFO o.a.j.e.StandardJMeterEngine: Starting 25 threads for group TCC order-create.
2026-09-10 08:50:43,258 INFO o.a.j.e.StandardJMeterEngine: Thread will continue on error
2026-09-10 08:50:43,258 INFO o.a.j.t.ThreadGroup: Starting thread group... number=1 threads=25 ramp-up=0 delayedStart=false
2026-09-10 08:50:43,265 INFO o.a.j.t.JMeterThread: Thread started: TCC order-create 1-3
2026-09-10 08:50:43,265 INFO o.a.j.t.JMeterThread: Thread started: TCC order-create 1-2
2026-09-10 08:50:43,265 INFO o.a.j.t.JMeterThread: Thread started: TCC order-create 1-1
2026-09-10 08:50:43,266 INFO o.a.j.t.JMeterThread: Thread started: TCC order-create 1-4
2026-09-10 08:50:43,266 INFO o.a.j.t.JMeterThread: Thread started: TCC order-create 1-5
2026-09-10 08:50:43,267 INFO o.a.j.t.JMeterThread: Thread started: TCC order-create 1-6
2026-09-10 08:50:43,268 INFO o.a.j.t.JMeterThread: Thread started: TCC order-create 1-7
2026-09-10 08:50:43,268 INFO o.a.j.t.JMeterThread: Thread started: TCC order-create 1-8
2026-09-10 08:50:43,269 INFO o.a.j.t.JMeterThread: Thread started: TCC order-create 1-9
2026-09-10 08:50:43,270 INFO o.a.j.t.JMeterThread: Thread started: TCC order-create 1-10
2026-09-10 08:50:43,271 INFO o.a.j.t.JMeterThread: Thread started: TCC order-create 1-11
2026-09-10 08:50:43,271 INFO o.a.j.t.JMeterThread: Thread started: TCC order-create 1-12
2026-09-10 08:50:43,272 INFO o.a.j.t.JMeterThread: Thread started: TCC order-create 1-13
2026-09-10 08:50:43,273 INFO o.a.j.t.JMeterThread: Thread started: TCC order-create 1-14
2026-09-10 08:50:43,274 INFO o.a.j.t.JMeterThread: Thread started: TCC order-create 1-15
2026-09-10 08:50:43,275 INFO o.a.j.t.JMeterThread: Thread started: TCC order-create 1-16
2026-09-10 08:50:43,275 INFO o.a.j.t.JMeterThread: Thread started: TCC order-create 1-17
2026-09-10 08:50:43,276 INFO o.a.j.t.JMeterThread: Thread started: TCC order-create 1-18
2026-09-10 08:50:43,277 INFO o.a.j.t.JMeterThread: Thread started: TCC order-create 1-19
2026-09-10 08:50:43,277 INFO o.a.j.t.JMeterThread: Thread started: TCC order-create 1-20
2026-09-10 08:50:43,278 INFO o.a.j.t.JMeterThread: Thread started: TCC order-create 1-21
2026-09-10 08:50:43,278 INFO o.a.j.t.JMeterThread: Thread started: TCC order-create 1-22
2026-09-10 08:50:43,279 INFO o.a.j.t.JMeterThread: Thread started: TCC order-create 1-23
2026-09-10 08:50:43,280 INFO o.a.j.t.ThreadGroup: Started thread group number 1
2026-09-10 08:50:43,280 INFO o.a.j.t.JMeterThread: Thread started: TCC order-create 1-24
2026-09-10 08:50:43,280 INFO o.a.j.e.StandardJMeterEngine: All thread groups have been started
2026-09-10 08:50:43,280 INFO o.a.j.t.JMeterThread: Thread started: TCC order-create 1-25
2026-09-10 08:50:44,058 INFO o.a.j.p.h.s.HTTPHCAbstractImpl: Local host = pop-os
2026-09-10 08:50:44,065 INFO o.a.j.p.h.s.HTTPHC4Impl: HTTP request retry count = 0
2026-09-10 08:50:44,067 INFO o.a.j.s.SampleResult: Note: Sample TimeStamps are START times
2026-09-10 08:50:44,067 INFO o.a.j.s.SampleResult: sampleresult.default.encoding is set to UTF-8
2026-09-10 08:50:44,067 INFO o.a.j.s.SampleResult: sampleresult.useNanoTime=true
2026-09-10 08:50:44,067 INFO o.a.j.s.SampleResult: sampleresult.nanoThreadSleep=5000
2026-09-10 08:51:00,029 INFO o.a.j.r.Summariser: summary +    593 in 00:00:17 =   35.3/s Avg:   653 Min:   114 Max:   817 Err:     0 (0.00%) Active: 25 Started: 25 Finished: 0
2026-09-10 08:51:13,288 INFO o.a.j.t.JMeterThread: Stopping because end time detected by thread: TCC order-create 1-22
2026-09-10 08:51:13,288 INFO o.a.j.t.JMeterThread: Thread finished: TCC order-create 1-22
2026-09-10 08:51:13,312 INFO o.a.j.t.JMeterThread: Stopping because end time detected by thread: TCC order-create 1-7
2026-09-10 08:51:13,312 INFO o.a.j.t.JMeterThread: Thread finished: TCC order-create 1-7
2026-09-10 08:51:13,337 INFO o.a.j.t.JMeterThread: Stopping because end time detected by thread: TCC order-create 1-20
2026-09-10 08:51:13,338 INFO o.a.j.t.JMeterThread: Thread finished: TCC order-create 1-20
2026-09-10 08:51:13,365 INFO o.a.j.t.JMeterThread: Stopping because end time detected by thread: TCC order-create 1-23
2026-09-10 08:51:13,365 INFO o.a.j.t.JMeterThread: Thread finished: TCC order-create 1-23
2026-09-10 08:51:13,390 INFO o.a.j.t.JMeterThread: Stopping because end time detected by thread: TCC order-create 1-3
2026-09-10 08:51:13,390 INFO o.a.j.t.JMeterThread: Thread finished: TCC order-create 1-3
2026-09-10 08:51:13,415 INFO o.a.j.t.JMeterThread: Stopping because end time detected by thread: TCC order-create 1-2
2026-09-10 08:51:13,415 INFO o.a.j.t.JMeterThread: Thread finished: TCC order-create 1-2
2026-09-10 08:51:13,442 INFO o.a.j.t.JMeterThread: Stopping because end time detected by thread: TCC order-create 1-17
2026-09-10 08:51:13,442 INFO o.a.j.t.JMeterThread: Thread finished: TCC order-create 1-17
2026-09-10 08:51:13,469 INFO o.a.j.t.JMeterThread: Stopping because end time detected by thread: TCC order-create 1-4
2026-09-10 08:51:13,469 INFO o.a.j.t.JMeterThread: Thread finished: TCC order-create 1-4
2026-09-10 08:51:13,496 INFO o.a.j.t.JMeterThread: Stopping because end time detected by thread: TCC order-create 1-18
2026-09-10 08:51:13,496 INFO o.a.j.t.JMeterThread: Thread finished: TCC order-create 1-18
2026-09-10 08:51:13,520 INFO o.a.j.t.JMeterThread: Stopping because end time detected by thread: TCC order-create 1-9
2026-09-10 08:51:13,520 INFO o.a.j.t.JMeterThread: Thread finished: TCC order-create 1-9
2026-09-10 08:51:13,546 INFO o.a.j.t.JMeterThread: Stopping because end time detected by thread: TCC order-create 1-12
2026-09-10 08:51:13,546 INFO o.a.j.t.JMeterThread: Thread finished: TCC order-create 1-12
2026-09-10 08:51:13,576 INFO o.a.j.t.JMeterThread: Stopping because end time detected by thread: TCC order-create 1-1
2026-09-10 08:51:13,577 INFO o.a.j.t.JMeterThread: Thread finished: TCC order-create 1-1
2026-09-10 08:51:13,602 INFO o.a.j.t.JMeterThread: Stopping because end time detected by thread: TCC order-create 1-24
2026-09-10 08:51:13,603 INFO o.a.j.t.JMeterThread: Thread finished: TCC order-create 1-24
2026-09-10 08:51:13,629 INFO o.a.j.t.JMeterThread: Stopping because end time detected by thread: TCC order-create 1-10
2026-09-10 08:51:13,630 INFO o.a.j.t.JMeterThread: Thread finished: TCC order-create 1-10
2026-09-10 08:51:13,657 INFO o.a.j.t.JMeterThread: Stopping because end time detected by thread: TCC order-create 1-21
2026-09-10 08:51:13,657 INFO o.a.j.t.JMeterThread: Thread finished: TCC order-create 1-21
2026-09-10 08:51:13,684 INFO o.a.j.t.JMeterThread: Stopping because end time detected by thread: TCC order-create 1-14
2026-09-10 08:51:13,684 INFO o.a.j.t.JMeterThread: Thread finished: TCC order-create 1-14
2026-09-10 08:51:13,711 INFO o.a.j.t.JMeterThread: Stopping because end time detected by thread: TCC order-create 1-5
2026-09-10 08:51:13,711 INFO o.a.j.t.JMeterThread: Thread finished: TCC order-create 1-5
2026-09-10 08:51:13,738 INFO o.a.j.t.JMeterThread: Stopping because end time detected by thread: TCC order-create 1-15
2026-09-10 08:51:13,738 INFO o.a.j.t.JMeterThread: Thread finished: TCC order-create 1-15
2026-09-10 08:51:13,763 INFO o.a.j.t.JMeterThread: Stopping because end time detected by thread: TCC order-create 1-16
2026-09-10 08:51:13,763 INFO o.a.j.t.JMeterThread: Thread finished: TCC order-create 1-16
2026-09-10 08:51:13,791 INFO o.a.j.t.JMeterThread: Stopping because end time detected by thread: TCC order-create 1-6
2026-09-10 08:51:13,791 INFO o.a.j.t.JMeterThread: Thread finished: TCC order-create 1-6
2026-09-10 08:51:13,816 INFO o.a.j.t.JMeterThread: Stopping because end time detected by thread: TCC order-create 1-19
2026-09-10 08:51:13,816 INFO o.a.j.t.JMeterThread: Thread finished: TCC order-create 1-19
2026-09-10 08:51:13,843 INFO o.a.j.t.JMeterThread: Stopping because end time detected by thread: TCC order-create 1-8
2026-09-10 08:51:13,843 INFO o.a.j.t.JMeterThread: Thread finished: TCC order-create 1-8
2026-09-10 08:51:13,869 INFO o.a.j.t.JMeterThread: Stopping because end time detected by thread: TCC order-create 1-13
2026-09-10 08:51:13,869 INFO o.a.j.t.JMeterThread: Thread finished: TCC order-create 1-13
2026-09-10 08:51:13,899 INFO o.a.j.t.JMeterThread: Stopping because end time detected by thread: TCC order-create 1-11
2026-09-10 08:51:13,899 INFO o.a.j.t.JMeterThread: Thread finished: TCC order-create 1-11
2026-09-10 08:51:13,925 INFO o.a.j.t.JMeterThread: Stopping because end time detected by thread: TCC order-create 1-25
2026-09-10 08:51:13,925 INFO o.a.j.t.JMeterThread: Thread finished: TCC order-create 1-25
2026-09-10 08:51:13,926 INFO o.a.j.e.StandardJMeterEngine: Notifying test listeners of end of test
2026-09-10 08:51:13,928 INFO o.a.j.r.Summariser: summary +    529 in 00:00:14 =   38.1/s Avg:   655 Min:   609 Max:   765 Err:     0 (0.00%) Active: 0 Started: 25 Finished: 25
2026-09-10 08:51:13,928 INFO o.a.j.r.Summariser: summary =   1122 in 00:00:31 =   36.6/s Avg:   654 Min:   114 Max:   817 Err:     0 (0.00%)
