2026-09-10 01:18:59,425 INFO o.a.j.u.JMeterUtils: Setting Locale to en_EN
2026-09-10 01:18:59,446 INFO o.a.j.JMeter: Loading user properties from: /home/avituo/projects/tcc/tcc-container/.tools/apache-jmeter-5.6.3/bin/user.properties
2026-09-10 01:18:59,447 INFO o.a.j.JMeter: Loading system properties from: /home/avituo/projects/tcc/tcc-container/.tools/apache-jmeter-5.6.3/bin/system.properties
2026-09-10 01:18:59,447 INFO o.a.j.JMeter: Loading additional properties from: /home/avituo/projects/tcc/tcc-container/benchmark/jmeter/benchmark.properties
2026-09-10 01:18:59,447 INFO o.a.j.JMeter: Loading additional properties from: /tmp/tcc-benchmark-auth.pgorz3/auth.properties
2026-09-10 01:18:59,447 INFO o.a.j.JMeter: Loading additional properties from: /home/avituo/projects/tcc/tcc-container/benchmark/results/laravel-13.20.0/final/products/c10/r4/monolith/thread-counters.properties
2026-09-10 01:18:59,447 INFO o.a.j.JMeter: Setting JMeter property: threads=10
2026-09-10 01:18:59,447 INFO o.a.j.JMeter: Setting JMeter property: duration_seconds=120
2026-09-10 01:18:59,447 INFO o.a.j.JMeter: Setting JMeter property: target_host=localhost
2026-09-10 01:18:59,447 INFO o.a.j.JMeter: Setting JMeter property: target_port=18000
2026-09-10 01:18:59,447 INFO o.a.j.JMeter: Setting JMeter property: tcc.order.id=1
2026-09-10 01:18:59,448 INFO o.a.j.JMeter: Setting JMeter property: repetition=4
2026-09-10 01:18:59,455 INFO o.a.j.JMeter: Copyright (c) 1998-2024 The Apache Software Foundation
2026-09-10 01:18:59,455 INFO o.a.j.JMeter: Version 5.6.3
2026-09-10 01:18:59,455 INFO o.a.j.JMeter: java.version=21.0.11
2026-09-10 01:18:59,455 INFO o.a.j.JMeter: java.vm.name=OpenJDK 64-Bit Server VM
2026-09-10 01:18:59,455 INFO o.a.j.JMeter: os.name=Linux
2026-09-10 01:18:59,455 INFO o.a.j.JMeter: os.arch=amd64
2026-09-10 01:18:59,455 INFO o.a.j.JMeter: os.version=7.0.11-76070011-generic
2026-09-10 01:18:59,455 INFO o.a.j.JMeter: file.encoding=UTF-8
2026-09-10 01:18:59,455 INFO o.a.j.JMeter: java.awt.headless=true
2026-09-10 01:18:59,456 INFO o.a.j.JMeter: Max memory     =1073741824
2026-09-10 01:18:59,456 INFO o.a.j.JMeter: Available Processors =16
2026-09-10 01:18:59,467 INFO o.a.j.JMeter: Default Locale=English (EN)
2026-09-10 01:18:59,467 INFO o.a.j.JMeter: JMeter  Locale=English (EN)
2026-09-10 01:18:59,467 INFO o.a.j.JMeter: JMeterHome=/home/avituo/projects/tcc/tcc-container/.tools/apache-jmeter-5.6.3
2026-09-10 01:18:59,468 INFO o.a.j.JMeter: user.dir  =/home/avituo/projects/tcc/tcc-container
2026-09-10 01:18:59,468 INFO o.a.j.JMeter: PWD       =/home/avituo/projects/tcc/tcc-container
2026-09-10 01:18:59,484 INFO o.a.j.JMeter: IP: 192.168.1.16 Name: pop-os FullName: pop-os.home
2026-09-10 01:18:59,497 INFO o.a.j.s.FileServer: Default base='/home/avituo/projects/tcc/tcc-container'
2026-09-10 01:18:59,499 INFO o.a.j.s.FileServer: Set new base='/home/avituo/projects/tcc/tcc-container/benchmark/jmeter'
2026-09-10 01:18:59,664 INFO o.a.j.s.SaveService: Testplan (JMX) version: 2.2. Testlog (JTL) version: 2.2
2026-09-10 01:18:59,688 INFO o.a.j.s.SaveService: Using SaveService properties version 5.0
2026-09-10 01:18:59,691 INFO o.a.j.s.SaveService: Using SaveService properties file encoding UTF-8
2026-09-10 01:18:59,695 INFO o.a.j.s.SaveService: Loading file: /home/avituo/projects/tcc/tcc-container/benchmark/jmeter/tcc-products-v1.jmx
2026-09-10 01:18:59,745 INFO o.a.j.p.h.s.HTTPSamplerBase: Parser for text/html is org.apache.jmeter.protocol.http.parser.LagartoBasedHtmlParser
2026-09-10 01:18:59,745 INFO o.a.j.p.h.s.HTTPSamplerBase: Parser for application/xhtml+xml is org.apache.jmeter.protocol.http.parser.LagartoBasedHtmlParser
2026-09-10 01:18:59,745 INFO o.a.j.p.h.s.HTTPSamplerBase: Parser for application/xml is org.apache.jmeter.protocol.http.parser.LagartoBasedHtmlParser
2026-09-10 01:18:59,745 INFO o.a.j.p.h.s.HTTPSamplerBase: Parser for text/xml is org.apache.jmeter.protocol.http.parser.LagartoBasedHtmlParser
2026-09-10 01:18:59,745 INFO o.a.j.p.h.s.HTTPSamplerBase: Parser for text/vnd.wap.wml is org.apache.jmeter.protocol.http.parser.RegexpHTMLParser
2026-09-10 01:18:59,745 INFO o.a.j.p.h.s.HTTPSamplerBase: Parser for text/css is org.apache.jmeter.protocol.http.parser.CssParser
2026-09-10 01:18:59,773 INFO o.a.j.JMeter: Creating summariser <summary>
2026-09-10 01:18:59,794 INFO o.a.j.e.StandardJMeterEngine: Running the test!
2026-09-10 01:18:59,794 INFO o.a.j.s.SampleEvent: List of sample_variables: []
2026-09-10 01:18:59,794 INFO o.a.j.s.SampleEvent: List of sample_variables: []
2026-09-10 01:18:59,801 INFO o.a.j.e.u.CompoundVariable: Note: Function class names must contain the string: '.functions.'
2026-09-10 01:18:59,801 INFO o.a.j.e.u.CompoundVariable: Note: Function class names must not contain the string: '.gui.'
2026-09-10 01:19:00,051 INFO o.a.j.JMeter: Running test (1789013940051)
2026-09-10 01:19:00,072 INFO o.a.j.e.StandardJMeterEngine: Starting ThreadGroup: 1 : TCC products
2026-09-10 01:19:00,073 INFO o.a.j.e.StandardJMeterEngine: Starting 10 threads for group TCC products.
2026-09-10 01:19:00,073 INFO o.a.j.e.StandardJMeterEngine: Thread will continue on error
2026-09-10 01:19:00,073 INFO o.a.j.t.ThreadGroup: Starting thread group... number=1 threads=10 ramp-up=0 delayedStart=false
2026-09-10 01:19:00,079 INFO o.a.j.t.JMeterThread: Thread started: TCC products 1-1
2026-09-10 01:19:00,079 INFO o.a.j.t.JMeterThread: Thread started: TCC products 1-4
2026-09-10 01:19:00,079 INFO o.a.j.t.JMeterThread: Thread started: TCC products 1-3
2026-09-10 01:19:00,079 INFO o.a.j.t.JMeterThread: Thread started: TCC products 1-2
2026-09-10 01:19:00,080 INFO o.a.j.t.JMeterThread: Thread started: TCC products 1-5
2026-09-10 01:19:00,080 INFO o.a.j.t.JMeterThread: Thread started: TCC products 1-6
2026-09-10 01:19:00,081 INFO o.a.j.t.JMeterThread: Thread started: TCC products 1-7
2026-09-10 01:19:00,082 INFO o.a.j.t.JMeterThread: Thread started: TCC products 1-8
2026-09-10 01:19:00,082 INFO o.a.j.t.JMeterThread: Thread started: TCC products 1-9
2026-09-10 01:19:00,083 INFO o.a.j.t.ThreadGroup: Started thread group number 1
2026-09-10 01:19:00,083 INFO o.a.j.e.StandardJMeterEngine: All thread groups have been started
2026-09-10 01:19:00,083 INFO o.a.j.t.JMeterThread: Thread started: TCC products 1-10
2026-09-10 01:19:00,095 INFO o.a.j.p.h.s.HTTPHCAbstractImpl: Local host = pop-os
2026-09-10 01:19:00,101 INFO o.a.j.p.h.s.HTTPHC4Impl: HTTP request retry count = 0
2026-09-10 01:19:00,102 INFO o.a.j.s.SampleResult: Note: Sample TimeStamps are START times
2026-09-10 01:19:00,102 INFO o.a.j.s.SampleResult: sampleresult.default.encoding is set to UTF-8
2026-09-10 01:19:00,102 INFO o.a.j.s.SampleResult: sampleresult.useNanoTime=true
2026-09-10 01:19:00,102 INFO o.a.j.s.SampleResult: sampleresult.nanoThreadSleep=5000
2026-09-10 01:19:01,122 INFO o.a.j.r.Summariser: summary +      1 in 00:00:01 =    0.9/s Avg:   159 Min:   159 Max:   159 Err:     0 (0.00%) Active: 10 Started: 10 Finished: 0
2026-09-10 01:19:30,011 INFO o.a.j.r.Summariser: summary +   2612 in 00:00:29 =   90.4/s Avg:   110 Min:    25 Max:   214 Err:     0 (0.00%) Active: 10 Started: 10 Finished: 0
2026-09-10 01:19:30,011 INFO o.a.j.r.Summariser: summary =   2613 in 00:00:30 =   87.2/s Avg:   110 Min:    25 Max:   214 Err:     0 (0.00%)
2026-09-10 01:20:00,010 INFO o.a.j.r.Summariser: summary +   2702 in 00:00:30 =   90.1/s Avg:   110 Min:   101 Max:   150 Err:     0 (0.00%) Active: 10 Started: 10 Finished: 0
2026-09-10 01:20:00,010 INFO o.a.j.r.Summariser: summary =   5315 in 00:01:00 =   88.6/s Avg:   110 Min:    25 Max:   214 Err:     0 (0.00%)
2026-09-10 01:20:30,014 INFO o.a.j.r.Summariser: summary +   2717 in 00:00:30 =   90.6/s Avg:   109 Min:   100 Max:   139 Err:     0 (0.00%) Active: 10 Started: 10 Finished: 0
2026-09-10 01:20:30,014 INFO o.a.j.r.Summariser: summary =   8032 in 00:01:30 =   89.3/s Avg:   110 Min:    25 Max:   214 Err:     0 (0.00%)
2026-09-10 01:21:00,011 INFO o.a.j.r.Summariser: summary +   2757 in 00:00:30 =   91.9/s Avg:   108 Min:    99 Max:   131 Err:     0 (0.00%) Active: 10 Started: 10 Finished: 0
2026-09-10 01:21:00,012 INFO o.a.j.r.Summariser: summary =  10789 in 00:02:00 =   89.9/s Avg:   109 Min:    25 Max:   214 Err:     0 (0.00%)
2026-09-10 01:21:00,079 INFO o.a.j.t.JMeterThread: Stopping because end time detected by thread: TCC products 1-6
2026-09-10 01:21:00,079 INFO o.a.j.t.JMeterThread: Thread finished: TCC products 1-6
2026-09-10 01:21:00,090 INFO o.a.j.t.JMeterThread: Stopping because end time detected by thread: TCC products 1-2
2026-09-10 01:21:00,090 INFO o.a.j.t.JMeterThread: Thread finished: TCC products 1-2
2026-09-10 01:21:00,101 INFO o.a.j.t.JMeterThread: Stopping because end time detected by thread: TCC products 1-5
2026-09-10 01:21:00,101 INFO o.a.j.t.JMeterThread: Thread finished: TCC products 1-5
2026-09-10 01:21:00,112 INFO o.a.j.t.JMeterThread: Stopping because end time detected by thread: TCC products 1-9
2026-09-10 01:21:00,112 INFO o.a.j.t.JMeterThread: Thread finished: TCC products 1-9
2026-09-10 01:21:00,122 INFO o.a.j.t.JMeterThread: Stopping because end time detected by thread: TCC products 1-10
2026-09-10 01:21:00,123 INFO o.a.j.t.JMeterThread: Thread finished: TCC products 1-10
2026-09-10 01:21:00,133 INFO o.a.j.t.JMeterThread: Stopping because end time detected by thread: TCC products 1-8
2026-09-10 01:21:00,133 INFO o.a.j.t.JMeterThread: Thread finished: TCC products 1-8
2026-09-10 01:21:00,143 INFO o.a.j.t.JMeterThread: Stopping because end time detected by thread: TCC products 1-1
2026-09-10 01:21:00,143 INFO o.a.j.t.JMeterThread: Thread finished: TCC products 1-1
2026-09-10 01:21:00,153 INFO o.a.j.t.JMeterThread: Stopping because end time detected by thread: TCC products 1-3
2026-09-10 01:21:00,153 INFO o.a.j.t.JMeterThread: Thread finished: TCC products 1-3
2026-09-10 01:21:00,163 INFO o.a.j.t.JMeterThread: Stopping because end time detected by thread: TCC products 1-4
2026-09-10 01:21:00,163 INFO o.a.j.t.JMeterThread: Thread finished: TCC products 1-4
2026-09-10 01:21:00,173 INFO o.a.j.t.JMeterThread: Stopping because end time detected by thread: TCC products 1-7
2026-09-10 01:21:00,174 INFO o.a.j.t.JMeterThread: Thread finished: TCC products 1-7
2026-09-10 01:21:00,174 INFO o.a.j.e.StandardJMeterEngine: Notifying test listeners of end of test
2026-09-10 01:21:00,177 INFO o.a.j.r.Summariser: summary +     15 in 00:00:00 =   90.9/s Avg:   112 Min:   104 Max:   117 Err:     0 (0.00%) Active: 0 Started: 10 Finished: 10
2026-09-10 01:21:00,177 INFO o.a.j.r.Summariser: summary =  10804 in 00:02:00 =   89.9/s Avg:   109 Min:    25 Max:   214 Err:     0 (0.00%)
