 Container tcc-monolith-experiment-mysql-1 Running 
 Container tcc-monolith-experiment-monolith-1 Running 
 Container tcc-monolith-experiment-mysql-1 Waiting 
 Container tcc-monolith-experiment-mysql-1 Healthy 
Reset target: tcc_monolith_experiment

   INFO  Clearing cached bootstrap files.  

  config ......................................................... 1.33ms DONE
  cache .......................................................... 1.37ms DONE
  compiled ....................................................... 0.49ms DONE
  events ......................................................... 0.36ms DONE
  routes ......................................................... 0.39ms DONE
  views .......................................................... 5.20ms DONE


  Dropping all tables .......................................... 309.35ms DONE

   INFO  Preparing database.  

  Creating migration table ...................................... 46.48ms DONE

   INFO  Running migrations.  

  0001_01_01_000000_create_users_table ......................... 204.32ms DONE
  0001_01_01_000001_create_cache_table ......................... 168.02ms DONE
  0001_01_01_000002_create_jobs_table .......................... 189.83ms DONE
  2024_01_01_000000_create_passkeys_table ...................... 199.86ms DONE
  2025_08_14_170933_add_two_factor_columns_to_users_table ...... 247.38ms DONE
  2026_06_07_225747_create_products_table ....................... 69.48ms DONE
  2026_06_07_230312_create_orders_table ........................ 154.83ms DONE
  2026_06_10_030037_create_order_product_table ................. 300.82ms DONE
  2026_07_22_183123_add_snapshots_and_idempotency_to_orders .... 387.63ms DONE
  2026_07_22_183124_add_snapshots_to_order_product ............. 365.45ms DONE
  2026_07_22_184119_align_commerce_schema_for_equivalence ...... 670.77ms DONE
  2026_07_29_140158_add_commerce_api_parity_columns ............ 496.34ms DONE


   INFO  Seeding database.  


   INFO  Configuration cached successfully.  


   INFO  Routes cached successfully.  

database=tcc_monolith_experiment
user_count=100
product_count=1000
order_count=5000
order_item_count=10000
status_distribution={"pending":2500,"paid":1500,"cancelled":1000}
orders_per_user_min=50
orders_per_user_max=50
logical_fingerprint=44cb257fd1b0fbd23dde712b5250ca3d002eded4c2a9e911c74c80c94eb073a7
order_mapping_1=1
order_mapping_5000=5000
benchmark_dataset=VALID
