2026-09-10 04:22:12,730 INFO o.a.j.u.JMeterUtils: Setting Locale to en_EN
2026-09-10 04:22:12,746 INFO o.a.j.JMeter: Loading user properties from: /home/avituo/projects/tcc/tcc-container/.tools/apache-jmeter-5.6.3/bin/user.properties
2026-09-10 04:22:12,747 INFO o.a.j.JMeter: Loading system properties from: /home/avituo/projects/tcc/tcc-container/.tools/apache-jmeter-5.6.3/bin/system.properties
2026-09-10 04:22:12,747 INFO o.a.j.JMeter: Loading additional properties from: /home/avituo/projects/tcc/tcc-container/benchmark/jmeter/benchmark.properties
2026-09-10 04:22:12,747 INFO o.a.j.JMeter: Loading additional properties from: /tmp/tcc-benchmark-auth.Haum5U/auth.properties
2026-09-10 04:22:12,747 INFO o.a.j.JMeter: Loading additional properties from: /home/avituo/projects/tcc/tcc-container/benchmark/results/laravel-13.20.0/final/orders/c25/r5/monolith/thread-counters.properties
2026-09-10 04:22:12,747 INFO o.a.j.JMeter: Setting JMeter property: threads=25
2026-09-10 04:22:12,747 INFO o.a.j.JMeter: Setting JMeter property: duration_seconds=120
2026-09-10 04:22:12,747 INFO o.a.j.JMeter: Setting JMeter property: target_host=localhost
2026-09-10 04:22:12,747 INFO o.a.j.JMeter: Setting JMeter property: target_port=18000
2026-09-10 04:22:12,747 INFO o.a.j.JMeter: Setting JMeter property: tcc.order.id=1
2026-09-10 04:22:12,748 INFO o.a.j.JMeter: Setting JMeter property: repetition=5
2026-09-10 04:22:12,754 INFO o.a.j.JMeter: Copyright (c) 1998-2024 The Apache Software Foundation
2026-09-10 04:22:12,754 INFO o.a.j.JMeter: Version 5.6.3
2026-09-10 04:22:12,754 INFO o.a.j.JMeter: java.version=21.0.11
2026-09-10 04:22:12,754 INFO o.a.j.JMeter: java.vm.name=OpenJDK 64-Bit Server VM
2026-09-10 04:22:12,754 INFO o.a.j.JMeter: os.name=Linux
2026-09-10 04:22:12,754 INFO o.a.j.JMeter: os.arch=amd64
2026-09-10 04:22:12,754 INFO o.a.j.JMeter: os.version=7.0.11-76070011-generic
2026-09-10 04:22:12,754 INFO o.a.j.JMeter: file.encoding=UTF-8
2026-09-10 04:22:12,755 INFO o.a.j.JMeter: java.awt.headless=true
2026-09-10 04:22:12,755 INFO o.a.j.JMeter: Max memory     =1073741824
2026-09-10 04:22:12,755 INFO o.a.j.JMeter: Available Processors =16
2026-09-10 04:22:12,763 INFO o.a.j.JMeter: Default Locale=English (EN)
2026-09-10 04:22:12,763 INFO o.a.j.JMeter: JMeter  Locale=English (EN)
2026-09-10 04:22:12,764 INFO o.a.j.JMeter: JMeterHome=/home/avituo/projects/tcc/tcc-container/.tools/apache-jmeter-5.6.3
2026-09-10 04:22:12,764 INFO o.a.j.JMeter: user.dir  =/home/avituo/projects/tcc/tcc-container
2026-09-10 04:22:12,764 INFO o.a.j.JMeter: PWD       =/home/avituo/projects/tcc/tcc-container
2026-09-10 04:22:12,779 INFO o.a.j.JMeter: IP: 192.168.1.16 Name: pop-os FullName: pop-os.home
2026-09-10 04:22:12,791 INFO o.a.j.s.FileServer: Default base='/home/avituo/projects/tcc/tcc-container'
2026-09-10 04:22:12,793 INFO o.a.j.s.FileServer: Set new base='/home/avituo/projects/tcc/tcc-container/benchmark/jmeter'
2026-09-10 04:22:12,963 INFO o.a.j.s.SaveService: Testplan (JMX) version: 2.2. Testlog (JTL) version: 2.2
2026-09-10 04:22:12,986 INFO o.a.j.s.SaveService: Using SaveService properties version 5.0
2026-09-10 04:22:12,989 INFO o.a.j.s.SaveService: Using SaveService properties file encoding UTF-8
2026-09-10 04:22:12,993 INFO o.a.j.s.SaveService: Loading file: /home/avituo/projects/tcc/tcc-container/benchmark/jmeter/tcc-orders-v1.jmx
2026-09-10 04:22:13,041 INFO o.a.j.p.h.s.HTTPSamplerBase: Parser for text/html is org.apache.jmeter.protocol.http.parser.LagartoBasedHtmlParser
2026-09-10 04:22:13,041 INFO o.a.j.p.h.s.HTTPSamplerBase: Parser for application/xhtml+xml is org.apache.jmeter.protocol.http.parser.LagartoBasedHtmlParser
2026-09-10 04:22:13,041 INFO o.a.j.p.h.s.HTTPSamplerBase: Parser for application/xml is org.apache.jmeter.protocol.http.parser.LagartoBasedHtmlParser
2026-09-10 04:22:13,042 INFO o.a.j.p.h.s.HTTPSamplerBase: Parser for text/xml is org.apache.jmeter.protocol.http.parser.LagartoBasedHtmlParser
2026-09-10 04:22:13,042 INFO o.a.j.p.h.s.HTTPSamplerBase: Parser for text/vnd.wap.wml is org.apache.jmeter.protocol.http.parser.RegexpHTMLParser
2026-09-10 04:22:13,042 INFO o.a.j.p.h.s.HTTPSamplerBase: Parser for text/css is org.apache.jmeter.protocol.http.parser.CssParser
2026-09-10 04:22:13,070 INFO o.a.j.JMeter: Creating summariser <summary>
2026-09-10 04:22:13,088 INFO o.a.j.e.StandardJMeterEngine: Running the test!
2026-09-10 04:22:13,089 INFO o.a.j.s.SampleEvent: List of sample_variables: []
2026-09-10 04:22:13,089 INFO o.a.j.s.SampleEvent: List of sample_variables: []
2026-09-10 04:22:13,096 INFO o.a.j.e.u.CompoundVariable: Note: Function class names must contain the string: '.functions.'
2026-09-10 04:22:13,096 INFO o.a.j.e.u.CompoundVariable: Note: Function class names must not contain the string: '.gui.'
2026-09-10 04:22:13,347 INFO o.a.j.JMeter: Running test (1789024933347)
2026-09-10 04:22:13,368 INFO o.a.j.e.StandardJMeterEngine: Starting ThreadGroup: 1 : TCC orders
2026-09-10 04:22:13,368 INFO o.a.j.e.StandardJMeterEngine: Starting 25 threads for group TCC orders.
2026-09-10 04:22:13,368 INFO o.a.j.e.StandardJMeterEngine: Thread will continue on error
2026-09-10 04:22:13,369 INFO o.a.j.t.ThreadGroup: Starting thread group... number=1 threads=25 ramp-up=0 delayedStart=false
2026-09-10 04:22:13,375 INFO o.a.j.t.JMeterThread: Thread started: TCC orders 1-4
2026-09-10 04:22:13,375 INFO o.a.j.t.JMeterThread: Thread started: TCC orders 1-1
2026-09-10 04:22:13,375 INFO o.a.j.t.JMeterThread: Thread started: TCC orders 1-5
2026-09-10 04:22:13,375 INFO o.a.j.t.JMeterThread: Thread started: TCC orders 1-2
2026-09-10 04:22:13,375 INFO o.a.j.t.JMeterThread: Thread started: TCC orders 1-3
2026-09-10 04:22:13,376 INFO o.a.j.t.JMeterThread: Thread started: TCC orders 1-6
2026-09-10 04:22:13,377 INFO o.a.j.t.JMeterThread: Thread started: TCC orders 1-7
2026-09-10 04:22:13,377 INFO o.a.j.t.JMeterThread: Thread started: TCC orders 1-8
2026-09-10 04:22:13,378 INFO o.a.j.t.JMeterThread: Thread started: TCC orders 1-9
2026-09-10 04:22:13,379 INFO o.a.j.t.JMeterThread: Thread started: TCC orders 1-10
2026-09-10 04:22:13,379 INFO o.a.j.t.JMeterThread: Thread started: TCC orders 1-11
2026-09-10 04:22:13,380 INFO o.a.j.t.JMeterThread: Thread started: TCC orders 1-12
2026-09-10 04:22:13,381 INFO o.a.j.t.JMeterThread: Thread started: TCC orders 1-13
2026-09-10 04:22:13,382 INFO o.a.j.t.JMeterThread: Thread started: TCC orders 1-14
2026-09-10 04:22:13,383 INFO o.a.j.t.JMeterThread: Thread started: TCC orders 1-15
2026-09-10 04:22:13,384 INFO o.a.j.t.JMeterThread: Thread started: TCC orders 1-16
2026-09-10 04:22:13,384 INFO o.a.j.t.JMeterThread: Thread started: TCC orders 1-17
2026-09-10 04:22:13,385 INFO o.a.j.t.JMeterThread: Thread started: TCC orders 1-18
2026-09-10 04:22:13,386 INFO o.a.j.t.JMeterThread: Thread started: TCC orders 1-19
2026-09-10 04:22:13,387 INFO o.a.j.t.JMeterThread: Thread started: TCC orders 1-20
2026-09-10 04:22:13,387 INFO o.a.j.t.JMeterThread: Thread started: TCC orders 1-21
2026-09-10 04:22:13,388 INFO o.a.j.t.JMeterThread: Thread started: TCC orders 1-22
2026-09-10 04:22:13,389 INFO o.a.j.t.JMeterThread: Thread started: TCC orders 1-23
2026-09-10 04:22:13,389 INFO o.a.j.t.JMeterThread: Thread started: TCC orders 1-24
2026-09-10 04:22:13,389 INFO o.a.j.t.ThreadGroup: Started thread group number 1
2026-09-10 04:22:13,389 INFO o.a.j.e.StandardJMeterEngine: All thread groups have been started
2026-09-10 04:22:13,389 INFO o.a.j.t.JMeterThread: Thread started: TCC orders 1-25
2026-09-10 04:22:13,396 INFO o.a.j.p.h.s.HTTPHCAbstractImpl: Local host = pop-os
2026-09-10 04:22:13,401 INFO o.a.j.p.h.s.HTTPHC4Impl: HTTP request retry count = 0
2026-09-10 04:22:13,403 INFO o.a.j.s.SampleResult: Note: Sample TimeStamps are START times
2026-09-10 04:22:13,403 INFO o.a.j.s.SampleResult: sampleresult.default.encoding is set to UTF-8
2026-09-10 04:22:13,403 INFO o.a.j.s.SampleResult: sampleresult.useNanoTime=true
2026-09-10 04:22:13,403 INFO o.a.j.s.SampleResult: sampleresult.nanoThreadSleep=5000
2026-09-10 04:22:30,013 INFO o.a.j.r.Summariser: summary +    643 in 00:00:17 =   38.6/s Avg:   609 Min:    36 Max:   889 Err:     0 (0.00%) Active: 25 Started: 25 Finished: 0
2026-09-10 04:23:00,022 INFO o.a.j.r.Summariser: summary +   1191 in 00:00:30 =   39.7/s Avg:   629 Min:   605 Max:   672 Err:     0 (0.00%) Active: 25 Started: 25 Finished: 0
2026-09-10 04:23:00,022 INFO o.a.j.r.Summariser: summary =   1834 in 00:00:47 =   39.3/s Avg:   622 Min:    36 Max:   889 Err:     0 (0.00%)
2026-09-10 04:23:30,029 INFO o.a.j.r.Summariser: summary +   1199 in 00:00:30 =   40.0/s Avg:   625 Min:   608 Max:   657 Err:     0 (0.00%) Active: 25 Started: 25 Finished: 0
2026-09-10 04:23:30,029 INFO o.a.j.r.Summariser: summary =   3033 in 00:01:17 =   39.6/s Avg:   623 Min:    36 Max:   889 Err:     0 (0.00%)
2026-09-10 04:24:00,021 INFO o.a.j.r.Summariser: summary +   1203 in 00:00:30 =   40.1/s Avg:   622 Min:   596 Max:   691 Err:     0 (0.00%) Active: 25 Started: 25 Finished: 0
2026-09-10 04:24:00,021 INFO o.a.j.r.Summariser: summary =   4236 in 00:01:47 =   39.7/s Avg:   623 Min:    36 Max:   889 Err:     0 (0.00%)
2026-09-10 04:24:13,377 INFO o.a.j.t.JMeterThread: Stopping because end time detected by thread: TCC orders 1-2
2026-09-10 04:24:13,377 INFO o.a.j.t.JMeterThread: Thread finished: TCC orders 1-2
2026-09-10 04:24:13,403 INFO o.a.j.t.JMeterThread: Stopping because end time detected by thread: TCC orders 1-6
2026-09-10 04:24:13,404 INFO o.a.j.t.JMeterThread: Thread finished: TCC orders 1-6
2026-09-10 04:24:13,428 INFO o.a.j.t.JMeterThread: Stopping because end time detected by thread: TCC orders 1-22
2026-09-10 04:24:13,428 INFO o.a.j.t.JMeterThread: Thread finished: TCC orders 1-22
2026-09-10 04:24:13,453 INFO o.a.j.t.JMeterThread: Stopping because end time detected by thread: TCC orders 1-24
2026-09-10 04:24:13,453 INFO o.a.j.t.JMeterThread: Thread finished: TCC orders 1-24
2026-09-10 04:24:13,478 INFO o.a.j.t.JMeterThread: Stopping because end time detected by thread: TCC orders 1-21
2026-09-10 04:24:13,479 INFO o.a.j.t.JMeterThread: Thread finished: TCC orders 1-21
2026-09-10 04:24:13,503 INFO o.a.j.t.JMeterThread: Stopping because end time detected by thread: TCC orders 1-4
2026-09-10 04:24:13,503 INFO o.a.j.t.JMeterThread: Thread finished: TCC orders 1-4
2026-09-10 04:24:13,529 INFO o.a.j.t.JMeterThread: Stopping because end time detected by thread: TCC orders 1-1
2026-09-10 04:24:13,529 INFO o.a.j.t.JMeterThread: Thread finished: TCC orders 1-1
2026-09-10 04:24:13,556 INFO o.a.j.t.JMeterThread: Stopping because end time detected by thread: TCC orders 1-18
2026-09-10 04:24:13,556 INFO o.a.j.t.JMeterThread: Thread finished: TCC orders 1-18
2026-09-10 04:24:13,582 INFO o.a.j.t.JMeterThread: Stopping because end time detected by thread: TCC orders 1-5
2026-09-10 04:24:13,582 INFO o.a.j.t.JMeterThread: Thread finished: TCC orders 1-5
2026-09-10 04:24:13,608 INFO o.a.j.t.JMeterThread: Stopping because end time detected by thread: TCC orders 1-9
2026-09-10 04:24:13,608 INFO o.a.j.t.JMeterThread: Thread finished: TCC orders 1-9
2026-09-10 04:24:13,633 INFO o.a.j.t.JMeterThread: Stopping because end time detected by thread: TCC orders 1-15
2026-09-10 04:24:13,633 INFO o.a.j.t.JMeterThread: Thread finished: TCC orders 1-15
2026-09-10 04:24:13,658 INFO o.a.j.t.JMeterThread: Stopping because end time detected by thread: TCC orders 1-14
2026-09-10 04:24:13,658 INFO o.a.j.t.JMeterThread: Thread finished: TCC orders 1-14
2026-09-10 04:24:13,683 INFO o.a.j.t.JMeterThread: Stopping because end time detected by thread: TCC orders 1-23
2026-09-10 04:24:13,684 INFO o.a.j.t.JMeterThread: Thread finished: TCC orders 1-23
2026-09-10 04:24:13,708 INFO o.a.j.t.JMeterThread: Stopping because end time detected by thread: TCC orders 1-19
2026-09-10 04:24:13,708 INFO o.a.j.t.JMeterThread: Thread finished: TCC orders 1-19
2026-09-10 04:24:13,733 INFO o.a.j.t.JMeterThread: Stopping because end time detected by thread: TCC orders 1-13
2026-09-10 04:24:13,733 INFO o.a.j.t.JMeterThread: Thread finished: TCC orders 1-13
2026-09-10 04:24:13,758 INFO o.a.j.t.JMeterThread: Stopping because end time detected by thread: TCC orders 1-8
2026-09-10 04:24:13,758 INFO o.a.j.t.JMeterThread: Thread finished: TCC orders 1-8
2026-09-10 04:24:13,782 INFO o.a.j.t.JMeterThread: Stopping because end time detected by thread: TCC orders 1-16
2026-09-10 04:24:13,782 INFO o.a.j.t.JMeterThread: Thread finished: TCC orders 1-16
2026-09-10 04:24:13,808 INFO o.a.j.t.JMeterThread: Stopping because end time detected by thread: TCC orders 1-3
2026-09-10 04:24:13,808 INFO o.a.j.t.JMeterThread: Thread finished: TCC orders 1-3
2026-09-10 04:24:13,831 INFO o.a.j.t.JMeterThread: Stopping because end time detected by thread: TCC orders 1-7
2026-09-10 04:24:13,831 INFO o.a.j.t.JMeterThread: Thread finished: TCC orders 1-7
2026-09-10 04:24:13,855 INFO o.a.j.t.JMeterThread: Stopping because end time detected by thread: TCC orders 1-12
2026-09-10 04:24:13,856 INFO o.a.j.t.JMeterThread: Thread finished: TCC orders 1-12
2026-09-10 04:24:13,879 INFO o.a.j.t.JMeterThread: Stopping because end time detected by thread: TCC orders 1-10
2026-09-10 04:24:13,879 INFO o.a.j.t.JMeterThread: Thread finished: TCC orders 1-10
2026-09-10 04:24:13,904 INFO o.a.j.t.JMeterThread: Stopping because end time detected by thread: TCC orders 1-11
2026-09-10 04:24:13,904 INFO o.a.j.t.JMeterThread: Thread finished: TCC orders 1-11
2026-09-10 04:24:13,927 INFO o.a.j.t.JMeterThread: Stopping because end time detected by thread: TCC orders 1-17
2026-09-10 04:24:13,927 INFO o.a.j.t.JMeterThread: Thread finished: TCC orders 1-17
2026-09-10 04:24:13,952 INFO o.a.j.t.JMeterThread: Stopping because end time detected by thread: TCC orders 1-20
2026-09-10 04:24:13,952 INFO o.a.j.t.JMeterThread: Thread finished: TCC orders 1-20
2026-09-10 04:24:13,975 INFO o.a.j.t.JMeterThread: Stopping because end time detected by thread: TCC orders 1-25
2026-09-10 04:24:13,976 INFO o.a.j.t.JMeterThread: Thread finished: TCC orders 1-25
2026-09-10 04:24:13,976 INFO o.a.j.e.StandardJMeterEngine: Notifying test listeners of end of test
2026-09-10 04:24:13,979 INFO o.a.j.r.Summariser: summary +    556 in 00:00:14 =   39.8/s Avg:   627 Min:   606 Max:   653 Err:     0 (0.00%) Active: 0 Started: 25 Finished: 25
2026-09-10 04:24:13,979 INFO o.a.j.r.Summariser: summary =   4792 in 00:02:01 =   39.7/s Avg:   623 Min:    36 Max:   889 Err:     0 (0.00%)
