2026-09-10 04:21:37,021 INFO o.a.j.u.JMeterUtils: Setting Locale to en_EN
2026-09-10 04:21:37,037 INFO o.a.j.JMeter: Loading user properties from: /home/avituo/projects/tcc/tcc-container/.tools/apache-jmeter-5.6.3/bin/user.properties
2026-09-10 04:21:37,038 INFO o.a.j.JMeter: Loading system properties from: /home/avituo/projects/tcc/tcc-container/.tools/apache-jmeter-5.6.3/bin/system.properties
2026-09-10 04:21:37,038 INFO o.a.j.JMeter: Loading additional properties from: /home/avituo/projects/tcc/tcc-container/benchmark/jmeter/benchmark.properties
2026-09-10 04:21:37,038 INFO o.a.j.JMeter: Loading additional properties from: /tmp/tcc-benchmark-auth.Haum5U/auth.properties
2026-09-10 04:21:37,038 INFO o.a.j.JMeter: Setting JMeter property: threads=25
2026-09-10 04:21:37,038 INFO o.a.j.JMeter: Setting JMeter property: duration_seconds=30
2026-09-10 04:21:37,038 INFO o.a.j.JMeter: Setting JMeter property: target_host=localhost
2026-09-10 04:21:37,038 INFO o.a.j.JMeter: Setting JMeter property: target_port=18000
2026-09-10 04:21:37,038 INFO o.a.j.JMeter: Setting JMeter property: tcc.order.id=1
2026-09-10 04:21:37,038 INFO o.a.j.JMeter: Setting JMeter property: repetition=5
2026-09-10 04:21:37,044 INFO o.a.j.JMeter: Copyright (c) 1998-2024 The Apache Software Foundation
2026-09-10 04:21:37,045 INFO o.a.j.JMeter: Version 5.6.3
2026-09-10 04:21:37,045 INFO o.a.j.JMeter: java.version=21.0.11
2026-09-10 04:21:37,045 INFO o.a.j.JMeter: java.vm.name=OpenJDK 64-Bit Server VM
2026-09-10 04:21:37,045 INFO o.a.j.JMeter: os.name=Linux
2026-09-10 04:21:37,045 INFO o.a.j.JMeter: os.arch=amd64
2026-09-10 04:21:37,045 INFO o.a.j.JMeter: os.version=7.0.11-76070011-generic
2026-09-10 04:21:37,045 INFO o.a.j.JMeter: file.encoding=UTF-8
2026-09-10 04:21:37,045 INFO o.a.j.JMeter: java.awt.headless=true
2026-09-10 04:21:37,045 INFO o.a.j.JMeter: Max memory     =1073741824
2026-09-10 04:21:37,045 INFO o.a.j.JMeter: Available Processors =16
2026-09-10 04:21:37,053 INFO o.a.j.JMeter: Default Locale=English (EN)
2026-09-10 04:21:37,053 INFO o.a.j.JMeter: JMeter  Locale=English (EN)
2026-09-10 04:21:37,053 INFO o.a.j.JMeter: JMeterHome=/home/avituo/projects/tcc/tcc-container/.tools/apache-jmeter-5.6.3
2026-09-10 04:21:37,053 INFO o.a.j.JMeter: user.dir  =/home/avituo/projects/tcc/tcc-container
2026-09-10 04:21:37,053 INFO o.a.j.JMeter: PWD       =/home/avituo/projects/tcc/tcc-container
2026-09-10 04:21:37,204 INFO o.a.j.JMeter: IP: 192.168.1.16 Name: pop-os FullName: pop-os.home
2026-09-10 04:21:37,217 INFO o.a.j.s.FileServer: Default base='/home/avituo/projects/tcc/tcc-container'
2026-09-10 04:21:37,219 INFO o.a.j.s.FileServer: Set new base='/home/avituo/projects/tcc/tcc-container/benchmark/jmeter'
2026-09-10 04:21:37,395 INFO o.a.j.s.SaveService: Testplan (JMX) version: 2.2. Testlog (JTL) version: 2.2
2026-09-10 04:21:37,420 INFO o.a.j.s.SaveService: Using SaveService properties version 5.0
2026-09-10 04:21:37,424 INFO o.a.j.s.SaveService: Using SaveService properties file encoding UTF-8
2026-09-10 04:21:37,427 INFO o.a.j.s.SaveService: Loading file: /home/avituo/projects/tcc/tcc-container/benchmark/jmeter/tcc-orders-v1.jmx
2026-09-10 04:21:37,477 INFO o.a.j.p.h.s.HTTPSamplerBase: Parser for text/html is org.apache.jmeter.protocol.http.parser.LagartoBasedHtmlParser
2026-09-10 04:21:37,477 INFO o.a.j.p.h.s.HTTPSamplerBase: Parser for application/xhtml+xml is org.apache.jmeter.protocol.http.parser.LagartoBasedHtmlParser
2026-09-10 04:21:37,477 INFO o.a.j.p.h.s.HTTPSamplerBase: Parser for application/xml is org.apache.jmeter.protocol.http.parser.LagartoBasedHtmlParser
2026-09-10 04:21:37,477 INFO o.a.j.p.h.s.HTTPSamplerBase: Parser for text/xml is org.apache.jmeter.protocol.http.parser.LagartoBasedHtmlParser
2026-09-10 04:21:37,477 INFO o.a.j.p.h.s.HTTPSamplerBase: Parser for text/vnd.wap.wml is org.apache.jmeter.protocol.http.parser.RegexpHTMLParser
2026-09-10 04:21:37,477 INFO o.a.j.p.h.s.HTTPSamplerBase: Parser for text/css is org.apache.jmeter.protocol.http.parser.CssParser
2026-09-10 04:21:37,506 INFO o.a.j.JMeter: Creating summariser <summary>
2026-09-10 04:21:37,524 INFO o.a.j.e.StandardJMeterEngine: Running the test!
2026-09-10 04:21:37,525 INFO o.a.j.s.SampleEvent: List of sample_variables: []
2026-09-10 04:21:37,525 INFO o.a.j.s.SampleEvent: List of sample_variables: []
2026-09-10 04:21:37,531 INFO o.a.j.e.u.CompoundVariable: Note: Function class names must contain the string: '.functions.'
2026-09-10 04:21:37,531 INFO o.a.j.e.u.CompoundVariable: Note: Function class names must not contain the string: '.gui.'
2026-09-10 04:21:37,774 INFO o.a.j.JMeter: Running test (1789024897774)
2026-09-10 04:21:37,795 INFO o.a.j.e.StandardJMeterEngine: Starting ThreadGroup: 1 : TCC orders
2026-09-10 04:21:37,795 INFO o.a.j.e.StandardJMeterEngine: Starting 25 threads for group TCC orders.
2026-09-10 04:21:37,795 INFO o.a.j.e.StandardJMeterEngine: Thread will continue on error
2026-09-10 04:21:37,795 INFO o.a.j.t.ThreadGroup: Starting thread group... number=1 threads=25 ramp-up=0 delayedStart=false
2026-09-10 04:21:37,802 INFO o.a.j.t.JMeterThread: Thread started: TCC orders 1-1
2026-09-10 04:21:37,802 INFO o.a.j.t.JMeterThread: Thread started: TCC orders 1-3
2026-09-10 04:21:37,802 INFO o.a.j.t.JMeterThread: Thread started: TCC orders 1-2
2026-09-10 04:21:37,802 INFO o.a.j.t.JMeterThread: Thread started: TCC orders 1-4
2026-09-10 04:21:37,802 INFO o.a.j.t.JMeterThread: Thread started: TCC orders 1-5
2026-09-10 04:21:37,803 INFO o.a.j.t.JMeterThread: Thread started: TCC orders 1-6
2026-09-10 04:21:37,803 INFO o.a.j.t.JMeterThread: Thread started: TCC orders 1-7
2026-09-10 04:21:37,804 INFO o.a.j.t.JMeterThread: Thread started: TCC orders 1-8
2026-09-10 04:21:37,804 INFO o.a.j.t.JMeterThread: Thread started: TCC orders 1-9
2026-09-10 04:21:37,805 INFO o.a.j.t.JMeterThread: Thread started: TCC orders 1-10
2026-09-10 04:21:37,806 INFO o.a.j.t.JMeterThread: Thread started: TCC orders 1-11
2026-09-10 04:21:37,807 INFO o.a.j.t.JMeterThread: Thread started: TCC orders 1-12
2026-09-10 04:21:37,808 INFO o.a.j.t.JMeterThread: Thread started: TCC orders 1-13
2026-09-10 04:21:37,809 INFO o.a.j.t.JMeterThread: Thread started: TCC orders 1-14
2026-09-10 04:21:37,809 INFO o.a.j.t.JMeterThread: Thread started: TCC orders 1-15
2026-09-10 04:21:37,810 INFO o.a.j.t.JMeterThread: Thread started: TCC orders 1-16
2026-09-10 04:21:37,811 INFO o.a.j.t.JMeterThread: Thread started: TCC orders 1-17
2026-09-10 04:21:37,812 INFO o.a.j.t.JMeterThread: Thread started: TCC orders 1-18
2026-09-10 04:21:37,813 INFO o.a.j.t.JMeterThread: Thread started: TCC orders 1-19
2026-09-10 04:21:37,813 INFO o.a.j.t.JMeterThread: Thread started: TCC orders 1-20
2026-09-10 04:21:37,813 INFO o.a.j.t.JMeterThread: Thread started: TCC orders 1-21
2026-09-10 04:21:37,816 INFO o.a.j.t.JMeterThread: Thread started: TCC orders 1-22
2026-09-10 04:21:37,817 INFO o.a.j.t.JMeterThread: Thread started: TCC orders 1-23
2026-09-10 04:21:37,817 INFO o.a.j.t.JMeterThread: Thread started: TCC orders 1-24
2026-09-10 04:21:37,818 INFO o.a.j.t.ThreadGroup: Started thread group number 1
2026-09-10 04:21:37,818 INFO o.a.j.e.StandardJMeterEngine: All thread groups have been started
2026-09-10 04:21:37,818 INFO o.a.j.t.JMeterThread: Thread started: TCC orders 1-25
2026-09-10 04:21:37,822 INFO o.a.j.p.h.s.HTTPHCAbstractImpl: Local host = pop-os
2026-09-10 04:21:37,827 INFO o.a.j.p.h.s.HTTPHC4Impl: HTTP request retry count = 0
2026-09-10 04:21:37,828 INFO o.a.j.s.SampleResult: Note: Sample TimeStamps are START times
2026-09-10 04:21:37,829 INFO o.a.j.s.SampleResult: sampleresult.default.encoding is set to UTF-8
2026-09-10 04:21:37,829 INFO o.a.j.s.SampleResult: sampleresult.useNanoTime=true
2026-09-10 04:21:37,829 INFO o.a.j.s.SampleResult: sampleresult.nanoThreadSleep=5000
2026-09-10 04:22:00,029 INFO o.a.j.r.Summariser: summary +    865 in 00:00:22 =   38.9/s Avg:   618 Min:    63 Max:   939 Err:     0 (0.00%) Active: 25 Started: 25 Finished: 0
2026-09-10 04:22:07,813 INFO o.a.j.t.JMeterThread: Stopping because end time detected by thread: TCC orders 1-6
2026-09-10 04:22:07,814 INFO o.a.j.t.JMeterThread: Thread finished: TCC orders 1-6
2026-09-10 04:22:07,838 INFO o.a.j.t.JMeterThread: Stopping because end time detected by thread: TCC orders 1-20
2026-09-10 04:22:07,838 INFO o.a.j.t.JMeterThread: Thread finished: TCC orders 1-20
2026-09-10 04:22:07,862 INFO o.a.j.t.JMeterThread: Stopping because end time detected by thread: TCC orders 1-4
2026-09-10 04:22:07,863 INFO o.a.j.t.JMeterThread: Thread finished: TCC orders 1-4
2026-09-10 04:22:07,887 INFO o.a.j.t.JMeterThread: Stopping because end time detected by thread: TCC orders 1-5
2026-09-10 04:22:07,887 INFO o.a.j.t.JMeterThread: Thread finished: TCC orders 1-5
2026-09-10 04:22:07,912 INFO o.a.j.t.JMeterThread: Stopping because end time detected by thread: TCC orders 1-23
2026-09-10 04:22:07,912 INFO o.a.j.t.JMeterThread: Thread finished: TCC orders 1-23
2026-09-10 04:22:07,937 INFO o.a.j.t.JMeterThread: Stopping because end time detected by thread: TCC orders 1-17
2026-09-10 04:22:07,937 INFO o.a.j.t.JMeterThread: Thread finished: TCC orders 1-17
2026-09-10 04:22:07,961 INFO o.a.j.t.JMeterThread: Stopping because end time detected by thread: TCC orders 1-8
2026-09-10 04:22:07,961 INFO o.a.j.t.JMeterThread: Thread finished: TCC orders 1-8
2026-09-10 04:22:07,985 INFO o.a.j.t.JMeterThread: Stopping because end time detected by thread: TCC orders 1-1
2026-09-10 04:22:07,985 INFO o.a.j.t.JMeterThread: Thread finished: TCC orders 1-1
2026-09-10 04:22:08,017 INFO o.a.j.t.JMeterThread: Stopping because end time detected by thread: TCC orders 1-18
2026-09-10 04:22:08,017 INFO o.a.j.t.JMeterThread: Thread finished: TCC orders 1-18
2026-09-10 04:22:08,042 INFO o.a.j.t.JMeterThread: Stopping because end time detected by thread: TCC orders 1-24
2026-09-10 04:22:08,042 INFO o.a.j.t.JMeterThread: Thread finished: TCC orders 1-24
2026-09-10 04:22:08,067 INFO o.a.j.t.JMeterThread: Stopping because end time detected by thread: TCC orders 1-12
2026-09-10 04:22:08,067 INFO o.a.j.t.JMeterThread: Thread finished: TCC orders 1-12
2026-09-10 04:22:08,092 INFO o.a.j.t.JMeterThread: Stopping because end time detected by thread: TCC orders 1-16
2026-09-10 04:22:08,092 INFO o.a.j.t.JMeterThread: Thread finished: TCC orders 1-16
2026-09-10 04:22:08,117 INFO o.a.j.t.JMeterThread: Stopping because end time detected by thread: TCC orders 1-25
2026-09-10 04:22:08,117 INFO o.a.j.t.JMeterThread: Thread finished: TCC orders 1-25
2026-09-10 04:22:08,143 INFO o.a.j.t.JMeterThread: Stopping because end time detected by thread: TCC orders 1-2
2026-09-10 04:22:08,143 INFO o.a.j.t.JMeterThread: Thread finished: TCC orders 1-2
2026-09-10 04:22:08,168 INFO o.a.j.t.JMeterThread: Stopping because end time detected by thread: TCC orders 1-13
2026-09-10 04:22:08,168 INFO o.a.j.t.JMeterThread: Thread finished: TCC orders 1-13
2026-09-10 04:22:08,193 INFO o.a.j.t.JMeterThread: Stopping because end time detected by thread: TCC orders 1-15
2026-09-10 04:22:08,193 INFO o.a.j.t.JMeterThread: Thread finished: TCC orders 1-15
2026-09-10 04:22:08,218 INFO o.a.j.t.JMeterThread: Stopping because end time detected by thread: TCC orders 1-21
2026-09-10 04:22:08,218 INFO o.a.j.t.JMeterThread: Thread finished: TCC orders 1-21
2026-09-10 04:22:08,243 INFO o.a.j.t.JMeterThread: Stopping because end time detected by thread: TCC orders 1-22
2026-09-10 04:22:08,243 INFO o.a.j.t.JMeterThread: Thread finished: TCC orders 1-22
2026-09-10 04:22:08,267 INFO o.a.j.t.JMeterThread: Stopping because end time detected by thread: TCC orders 1-7
2026-09-10 04:22:08,268 INFO o.a.j.t.JMeterThread: Thread finished: TCC orders 1-7
2026-09-10 04:22:08,293 INFO o.a.j.t.JMeterThread: Stopping because end time detected by thread: TCC orders 1-14
2026-09-10 04:22:08,293 INFO o.a.j.t.JMeterThread: Thread finished: TCC orders 1-14
2026-09-10 04:22:08,317 INFO o.a.j.t.JMeterThread: Stopping because end time detected by thread: TCC orders 1-9
2026-09-10 04:22:08,317 INFO o.a.j.t.JMeterThread: Thread finished: TCC orders 1-9
2026-09-10 04:22:08,341 INFO o.a.j.t.JMeterThread: Stopping because end time detected by thread: TCC orders 1-19
2026-09-10 04:22:08,341 INFO o.a.j.t.JMeterThread: Thread finished: TCC orders 1-19
2026-09-10 04:22:08,366 INFO o.a.j.t.JMeterThread: Stopping because end time detected by thread: TCC orders 1-10
2026-09-10 04:22:08,366 INFO o.a.j.t.JMeterThread: Thread finished: TCC orders 1-10
2026-09-10 04:22:08,391 INFO o.a.j.t.JMeterThread: Stopping because end time detected by thread: TCC orders 1-11
2026-09-10 04:22:08,391 INFO o.a.j.t.JMeterThread: Thread finished: TCC orders 1-11
2026-09-10 04:22:08,415 INFO o.a.j.t.JMeterThread: Stopping because end time detected by thread: TCC orders 1-3
2026-09-10 04:22:08,415 INFO o.a.j.t.JMeterThread: Thread finished: TCC orders 1-3
2026-09-10 04:22:08,416 INFO o.a.j.e.StandardJMeterEngine: Notifying test listeners of end of test
2026-09-10 04:22:08,419 INFO o.a.j.r.Summariser: summary +    333 in 00:00:08 =   39.7/s Avg:   628 Min:   610 Max:   652 Err:     0 (0.00%) Active: 0 Started: 25 Finished: 25
2026-09-10 04:22:08,419 INFO o.a.j.r.Summariser: summary =   1198 in 00:00:31 =   39.1/s Avg:   621 Min:    63 Max:   939 Err:     0 (0.00%)
