2026-09-10 02:09:35,525 INFO o.a.j.u.JMeterUtils: Setting Locale to en_EN
2026-09-10 02:09:35,542 INFO o.a.j.JMeter: Loading user properties from: /home/avituo/projects/tcc/tcc-container/.tools/apache-jmeter-5.6.3/bin/user.properties
2026-09-10 02:09:35,542 INFO o.a.j.JMeter: Loading system properties from: /home/avituo/projects/tcc/tcc-container/.tools/apache-jmeter-5.6.3/bin/system.properties
2026-09-10 02:09:35,542 INFO o.a.j.JMeter: Loading additional properties from: /home/avituo/projects/tcc/tcc-container/benchmark/jmeter/benchmark.properties
2026-09-10 02:09:35,542 INFO o.a.j.JMeter: Loading additional properties from: /tmp/tcc-benchmark-auth.Quhb04/auth.properties
2026-09-10 02:09:35,543 INFO o.a.j.JMeter: Loading additional properties from: /home/avituo/projects/tcc/tcc-container/benchmark/results/laravel-13.20.0/final/products/c50/r1/microservices/thread-counters.properties
2026-09-10 02:09:35,543 INFO o.a.j.JMeter: Setting JMeter property: threads=50
2026-09-10 02:09:35,543 INFO o.a.j.JMeter: Setting JMeter property: duration_seconds=120
2026-09-10 02:09:35,543 INFO o.a.j.JMeter: Setting JMeter property: target_host=localhost
2026-09-10 02:09:35,543 INFO o.a.j.JMeter: Setting JMeter property: target_port=18080
2026-09-10 02:09:35,543 INFO o.a.j.JMeter: Setting JMeter property: tcc.order.id=20000000-0000-4000-8000-000000000001
2026-09-10 02:09:35,543 INFO o.a.j.JMeter: Setting JMeter property: repetition=1
2026-09-10 02:09:35,550 INFO o.a.j.JMeter: Copyright (c) 1998-2024 The Apache Software Foundation
2026-09-10 02:09:35,550 INFO o.a.j.JMeter: Version 5.6.3
2026-09-10 02:09:35,550 INFO o.a.j.JMeter: java.version=21.0.11
2026-09-10 02:09:35,551 INFO o.a.j.JMeter: java.vm.name=OpenJDK 64-Bit Server VM
2026-09-10 02:09:35,551 INFO o.a.j.JMeter: os.name=Linux
2026-09-10 02:09:35,551 INFO o.a.j.JMeter: os.arch=amd64
2026-09-10 02:09:35,551 INFO o.a.j.JMeter: os.version=7.0.11-76070011-generic
2026-09-10 02:09:35,551 INFO o.a.j.JMeter: file.encoding=UTF-8
2026-09-10 02:09:35,551 INFO o.a.j.JMeter: java.awt.headless=true
2026-09-10 02:09:35,551 INFO o.a.j.JMeter: Max memory     =1073741824
2026-09-10 02:09:35,551 INFO o.a.j.JMeter: Available Processors =16
2026-09-10 02:09:35,559 INFO o.a.j.JMeter: Default Locale=English (EN)
2026-09-10 02:09:35,559 INFO o.a.j.JMeter: JMeter  Locale=English (EN)
2026-09-10 02:09:35,559 INFO o.a.j.JMeter: JMeterHome=/home/avituo/projects/tcc/tcc-container/.tools/apache-jmeter-5.6.3
2026-09-10 02:09:35,559 INFO o.a.j.JMeter: user.dir  =/home/avituo/projects/tcc/tcc-container
2026-09-10 02:09:35,559 INFO o.a.j.JMeter: PWD       =/home/avituo/projects/tcc/tcc-container
2026-09-10 02:09:35,571 INFO o.a.j.JMeter: IP: 192.168.1.16 Name: pop-os FullName: pop-os.home
2026-09-10 02:09:35,583 INFO o.a.j.s.FileServer: Default base='/home/avituo/projects/tcc/tcc-container'
2026-09-10 02:09:35,585 INFO o.a.j.s.FileServer: Set new base='/home/avituo/projects/tcc/tcc-container/benchmark/jmeter'
2026-09-10 02:09:35,779 INFO o.a.j.s.SaveService: Testplan (JMX) version: 2.2. Testlog (JTL) version: 2.2
2026-09-10 02:09:35,804 INFO o.a.j.s.SaveService: Using SaveService properties version 5.0
2026-09-10 02:09:35,807 INFO o.a.j.s.SaveService: Using SaveService properties file encoding UTF-8
2026-09-10 02:09:35,811 INFO o.a.j.s.SaveService: Loading file: /home/avituo/projects/tcc/tcc-container/benchmark/jmeter/tcc-products-v1.jmx
2026-09-10 02:09:35,861 INFO o.a.j.p.h.s.HTTPSamplerBase: Parser for text/html is org.apache.jmeter.protocol.http.parser.LagartoBasedHtmlParser
2026-09-10 02:09:35,861 INFO o.a.j.p.h.s.HTTPSamplerBase: Parser for application/xhtml+xml is org.apache.jmeter.protocol.http.parser.LagartoBasedHtmlParser
2026-09-10 02:09:35,861 INFO o.a.j.p.h.s.HTTPSamplerBase: Parser for application/xml is org.apache.jmeter.protocol.http.parser.LagartoBasedHtmlParser
2026-09-10 02:09:35,861 INFO o.a.j.p.h.s.HTTPSamplerBase: Parser for text/xml is org.apache.jmeter.protocol.http.parser.LagartoBasedHtmlParser
2026-09-10 02:09:35,861 INFO o.a.j.p.h.s.HTTPSamplerBase: Parser for text/vnd.wap.wml is org.apache.jmeter.protocol.http.parser.RegexpHTMLParser
2026-09-10 02:09:35,861 INFO o.a.j.p.h.s.HTTPSamplerBase: Parser for text/css is org.apache.jmeter.protocol.http.parser.CssParser
2026-09-10 02:09:35,892 INFO o.a.j.JMeter: Creating summariser <summary>
2026-09-10 02:09:35,909 INFO o.a.j.e.StandardJMeterEngine: Running the test!
2026-09-10 02:09:35,910 INFO o.a.j.s.SampleEvent: List of sample_variables: []
2026-09-10 02:09:35,910 INFO o.a.j.s.SampleEvent: List of sample_variables: []
2026-09-10 02:09:35,914 INFO o.a.j.e.u.CompoundVariable: Note: Function class names must contain the string: '.functions.'
2026-09-10 02:09:35,915 INFO o.a.j.e.u.CompoundVariable: Note: Function class names must not contain the string: '.gui.'
2026-09-10 02:09:36,152 INFO o.a.j.JMeter: Running test (1789016976152)
2026-09-10 02:09:36,172 INFO o.a.j.e.StandardJMeterEngine: Starting ThreadGroup: 1 : TCC products
2026-09-10 02:09:36,172 INFO o.a.j.e.StandardJMeterEngine: Starting 50 threads for group TCC products.
2026-09-10 02:09:36,172 INFO o.a.j.e.StandardJMeterEngine: Thread will continue on error
2026-09-10 02:09:36,173 INFO o.a.j.t.ThreadGroup: Starting thread group... number=1 threads=50 ramp-up=0 delayedStart=false
2026-09-10 02:09:36,180 INFO o.a.j.t.JMeterThread: Thread started: TCC products 1-4
2026-09-10 02:09:36,180 INFO o.a.j.t.JMeterThread: Thread started: TCC products 1-3
2026-09-10 02:09:36,180 INFO o.a.j.t.JMeterThread: Thread started: TCC products 1-2
2026-09-10 02:09:36,180 INFO o.a.j.t.JMeterThread: Thread started: TCC products 1-5
2026-09-10 02:09:36,180 INFO o.a.j.t.JMeterThread: Thread started: TCC products 1-6
2026-09-10 02:09:36,180 INFO o.a.j.t.JMeterThread: Thread started: TCC products 1-1
2026-09-10 02:09:36,181 INFO o.a.j.t.JMeterThread: Thread started: TCC products 1-7
2026-09-10 02:09:36,182 INFO o.a.j.t.JMeterThread: Thread started: TCC products 1-8
2026-09-10 02:09:36,183 INFO o.a.j.t.JMeterThread: Thread started: TCC products 1-10
2026-09-10 02:09:36,183 INFO o.a.j.t.JMeterThread: Thread started: TCC products 1-9
2026-09-10 02:09:36,183 INFO o.a.j.t.JMeterThread: Thread started: TCC products 1-11
2026-09-10 02:09:36,185 INFO o.a.j.t.JMeterThread: Thread started: TCC products 1-12
2026-09-10 02:09:36,186 INFO o.a.j.t.JMeterThread: Thread started: TCC products 1-14
2026-09-10 02:09:36,186 INFO o.a.j.t.JMeterThread: Thread started: TCC products 1-13
2026-09-10 02:09:36,187 INFO o.a.j.t.JMeterThread: Thread started: TCC products 1-15
2026-09-10 02:09:36,189 INFO o.a.j.t.JMeterThread: Thread started: TCC products 1-16
2026-09-10 02:09:36,190 INFO o.a.j.t.JMeterThread: Thread started: TCC products 1-17
2026-09-10 02:09:36,191 INFO o.a.j.t.JMeterThread: Thread started: TCC products 1-18
2026-09-10 02:09:36,192 INFO o.a.j.t.JMeterThread: Thread started: TCC products 1-19
2026-09-10 02:09:36,192 INFO o.a.j.t.JMeterThread: Thread started: TCC products 1-20
2026-09-10 02:09:36,193 INFO o.a.j.t.JMeterThread: Thread started: TCC products 1-21
2026-09-10 02:09:36,193 INFO o.a.j.t.JMeterThread: Thread started: TCC products 1-22
2026-09-10 02:09:36,194 INFO o.a.j.t.JMeterThread: Thread started: TCC products 1-23
2026-09-10 02:09:36,195 INFO o.a.j.t.JMeterThread: Thread started: TCC products 1-24
2026-09-10 02:09:36,196 INFO o.a.j.t.JMeterThread: Thread started: TCC products 1-25
2026-09-10 02:09:36,196 INFO o.a.j.t.JMeterThread: Thread started: TCC products 1-26
2026-09-10 02:09:36,197 INFO o.a.j.t.JMeterThread: Thread started: TCC products 1-27
2026-09-10 02:09:36,197 INFO o.a.j.t.JMeterThread: Thread started: TCC products 1-28
2026-09-10 02:09:36,198 INFO o.a.j.t.JMeterThread: Thread started: TCC products 1-29
2026-09-10 02:09:36,199 INFO o.a.j.t.JMeterThread: Thread started: TCC products 1-30
2026-09-10 02:09:36,199 INFO o.a.j.t.JMeterThread: Thread started: TCC products 1-31
2026-09-10 02:09:36,200 INFO o.a.j.t.JMeterThread: Thread started: TCC products 1-32
2026-09-10 02:09:36,200 INFO o.a.j.t.JMeterThread: Thread started: TCC products 1-33
2026-09-10 02:09:36,200 INFO o.a.j.t.JMeterThread: Thread started: TCC products 1-34
2026-09-10 02:09:36,201 INFO o.a.j.t.JMeterThread: Thread started: TCC products 1-35
2026-09-10 02:09:36,202 INFO o.a.j.t.JMeterThread: Thread started: TCC products 1-36
2026-09-10 02:09:36,202 INFO o.a.j.t.JMeterThread: Thread started: TCC products 1-37
2026-09-10 02:09:36,203 INFO o.a.j.t.JMeterThread: Thread started: TCC products 1-38
2026-09-10 02:09:36,203 INFO o.a.j.t.JMeterThread: Thread started: TCC products 1-39
2026-09-10 02:09:36,204 INFO o.a.j.t.JMeterThread: Thread started: TCC products 1-40
2026-09-10 02:09:36,204 INFO o.a.j.t.JMeterThread: Thread started: TCC products 1-41
2026-09-10 02:09:36,205 INFO o.a.j.p.h.s.HTTPHCAbstractImpl: Local host = pop-os
2026-09-10 02:09:36,205 INFO o.a.j.t.JMeterThread: Thread started: TCC products 1-42
2026-09-10 02:09:36,206 INFO o.a.j.t.JMeterThread: Thread started: TCC products 1-43
2026-09-10 02:09:36,206 INFO o.a.j.t.JMeterThread: Thread started: TCC products 1-44
2026-09-10 02:09:36,207 INFO o.a.j.t.JMeterThread: Thread started: TCC products 1-45
2026-09-10 02:09:36,207 INFO o.a.j.t.JMeterThread: Thread started: TCC products 1-46
2026-09-10 02:09:36,208 INFO o.a.j.t.JMeterThread: Thread started: TCC products 1-47
2026-09-10 02:09:36,208 INFO o.a.j.t.JMeterThread: Thread started: TCC products 1-48
2026-09-10 02:09:36,209 INFO o.a.j.t.JMeterThread: Thread started: TCC products 1-49
2026-09-10 02:09:36,209 INFO o.a.j.t.ThreadGroup: Started thread group number 1
2026-09-10 02:09:36,209 INFO o.a.j.e.StandardJMeterEngine: All thread groups have been started
2026-09-10 02:09:36,209 INFO o.a.j.t.JMeterThread: Thread started: TCC products 1-50
2026-09-10 02:09:36,213 INFO o.a.j.p.h.s.HTTPHC4Impl: HTTP request retry count = 0
2026-09-10 02:09:36,214 INFO o.a.j.s.SampleResult: Note: Sample TimeStamps are START times
2026-09-10 02:09:36,214 INFO o.a.j.s.SampleResult: sampleresult.default.encoding is set to UTF-8
2026-09-10 02:09:36,214 INFO o.a.j.s.SampleResult: sampleresult.useNanoTime=true
2026-09-10 02:09:36,214 INFO o.a.j.s.SampleResult: sampleresult.nanoThreadSleep=5000
2026-09-10 02:10:00,002 INFO o.a.j.r.Summariser: summary +   2936 in 00:00:24 =  123.1/s Avg:   388 Min:    30 Max:   668 Err:     0 (0.00%) Active: 50 Started: 50 Finished: 0
2026-09-10 02:10:30,005 INFO o.a.j.r.Summariser: summary +   3910 in 00:00:30 =  130.3/s Avg:   383 Min:   367 Max:   413 Err:     0 (0.00%) Active: 50 Started: 50 Finished: 0
2026-09-10 02:10:30,009 INFO o.a.j.r.Summariser: summary =   6846 in 00:00:54 =  127.1/s Avg:   385 Min:    30 Max:   668 Err:     0 (0.00%)
2026-09-10 02:11:00,004 INFO o.a.j.r.Summariser: summary +   3937 in 00:00:30 =  131.2/s Avg:   380 Min:   363 Max:   406 Err:     0 (0.00%) Active: 50 Started: 50 Finished: 0
2026-09-10 02:11:00,005 INFO o.a.j.r.Summariser: summary =  10783 in 00:01:24 =  128.6/s Avg:   383 Min:    30 Max:   668 Err:     0 (0.00%)
2026-09-10 02:11:30,000 INFO o.a.j.r.Summariser: summary +   3927 in 00:00:30 =  130.9/s Avg:   381 Min:   366 Max:   405 Err:     0 (0.00%) Active: 50 Started: 50 Finished: 0
2026-09-10 02:11:30,001 INFO o.a.j.r.Summariser: summary =  14710 in 00:01:54 =  129.2/s Avg:   383 Min:    30 Max:   668 Err:     0 (0.00%)
2026-09-10 02:11:36,208 INFO o.a.j.t.JMeterThread: Stopping because end time detected by thread: TCC products 1-15
2026-09-10 02:11:36,208 INFO o.a.j.t.JMeterThread: Thread finished: TCC products 1-15
2026-09-10 02:11:36,216 INFO o.a.j.t.JMeterThread: Stopping because end time detected by thread: TCC products 1-8
2026-09-10 02:11:36,216 INFO o.a.j.t.JMeterThread: Thread finished: TCC products 1-8
2026-09-10 02:11:36,223 INFO o.a.j.t.JMeterThread: Stopping because end time detected by thread: TCC products 1-3
2026-09-10 02:11:36,223 INFO o.a.j.t.JMeterThread: Thread finished: TCC products 1-3
2026-09-10 02:11:36,231 INFO o.a.j.t.JMeterThread: Stopping because end time detected by thread: TCC products 1-16
2026-09-10 02:11:36,231 INFO o.a.j.t.JMeterThread: Thread finished: TCC products 1-16
2026-09-10 02:11:36,238 INFO o.a.j.t.JMeterThread: Stopping because end time detected by thread: TCC products 1-32
2026-09-10 02:11:36,238 INFO o.a.j.t.JMeterThread: Thread finished: TCC products 1-32
2026-09-10 02:11:36,246 INFO o.a.j.t.JMeterThread: Stopping because end time detected by thread: TCC products 1-46
2026-09-10 02:11:36,246 INFO o.a.j.t.JMeterThread: Thread finished: TCC products 1-46
2026-09-10 02:11:36,253 INFO o.a.j.t.JMeterThread: Stopping because end time detected by thread: TCC products 1-38
2026-09-10 02:11:36,253 INFO o.a.j.t.JMeterThread: Thread finished: TCC products 1-38
2026-09-10 02:11:36,261 INFO o.a.j.t.JMeterThread: Stopping because end time detected by thread: TCC products 1-26
2026-09-10 02:11:36,261 INFO o.a.j.t.JMeterThread: Thread finished: TCC products 1-26
2026-09-10 02:11:36,268 INFO o.a.j.t.JMeterThread: Stopping because end time detected by thread: TCC products 1-45
2026-09-10 02:11:36,268 INFO o.a.j.t.JMeterThread: Thread finished: TCC products 1-45
2026-09-10 02:11:36,276 INFO o.a.j.t.JMeterThread: Stopping because end time detected by thread: TCC products 1-31
2026-09-10 02:11:36,276 INFO o.a.j.t.JMeterThread: Thread finished: TCC products 1-31
2026-09-10 02:11:36,283 INFO o.a.j.t.JMeterThread: Stopping because end time detected by thread: TCC products 1-24
2026-09-10 02:11:36,283 INFO o.a.j.t.JMeterThread: Thread finished: TCC products 1-24
2026-09-10 02:11:36,291 INFO o.a.j.t.JMeterThread: Stopping because end time detected by thread: TCC products 1-22
2026-09-10 02:11:36,291 INFO o.a.j.t.JMeterThread: Thread finished: TCC products 1-22
2026-09-10 02:11:36,298 INFO o.a.j.t.JMeterThread: Stopping because end time detected by thread: TCC products 1-18
2026-09-10 02:11:36,298 INFO o.a.j.t.JMeterThread: Thread finished: TCC products 1-18
2026-09-10 02:11:36,306 INFO o.a.j.t.JMeterThread: Stopping because end time detected by thread: TCC products 1-41
2026-09-10 02:11:36,306 INFO o.a.j.t.JMeterThread: Thread finished: TCC products 1-41
2026-09-10 02:11:36,313 INFO o.a.j.t.JMeterThread: Stopping because end time detected by thread: TCC products 1-19
2026-09-10 02:11:36,313 INFO o.a.j.t.JMeterThread: Thread finished: TCC products 1-19
2026-09-10 02:11:36,320 INFO o.a.j.t.JMeterThread: Stopping because end time detected by thread: TCC products 1-39
2026-09-10 02:11:36,320 INFO o.a.j.t.JMeterThread: Thread finished: TCC products 1-39
2026-09-10 02:11:36,328 INFO o.a.j.t.JMeterThread: Stopping because end time detected by thread: TCC products 1-9
2026-09-10 02:11:36,328 INFO o.a.j.t.JMeterThread: Thread finished: TCC products 1-9
2026-09-10 02:11:36,336 INFO o.a.j.t.JMeterThread: Stopping because end time detected by thread: TCC products 1-42
2026-09-10 02:11:36,336 INFO o.a.j.t.JMeterThread: Thread finished: TCC products 1-42
2026-09-10 02:11:36,343 INFO o.a.j.t.JMeterThread: Stopping because end time detected by thread: TCC products 1-14
2026-09-10 02:11:36,343 INFO o.a.j.t.JMeterThread: Thread finished: TCC products 1-14
2026-09-10 02:11:36,351 INFO o.a.j.t.JMeterThread: Stopping because end time detected by thread: TCC products 1-25
2026-09-10 02:11:36,351 INFO o.a.j.t.JMeterThread: Thread finished: TCC products 1-25
2026-09-10 02:11:36,358 INFO o.a.j.t.JMeterThread: Stopping because end time detected by thread: TCC products 1-4
2026-09-10 02:11:36,359 INFO o.a.j.t.JMeterThread: Thread finished: TCC products 1-4
2026-09-10 02:11:36,366 INFO o.a.j.t.JMeterThread: Stopping because end time detected by thread: TCC products 1-6
2026-09-10 02:11:36,366 INFO o.a.j.t.JMeterThread: Thread finished: TCC products 1-6
2026-09-10 02:11:36,373 INFO o.a.j.t.JMeterThread: Stopping because end time detected by thread: TCC products 1-2
2026-09-10 02:11:36,373 INFO o.a.j.t.JMeterThread: Thread finished: TCC products 1-2
2026-09-10 02:11:36,380 INFO o.a.j.t.JMeterThread: Stopping because end time detected by thread: TCC products 1-1
2026-09-10 02:11:36,381 INFO o.a.j.t.JMeterThread: Thread finished: TCC products 1-1
2026-09-10 02:11:36,388 INFO o.a.j.t.JMeterThread: Stopping because end time detected by thread: TCC products 1-30
2026-09-10 02:11:36,388 INFO o.a.j.t.JMeterThread: Thread finished: TCC products 1-30
2026-09-10 02:11:36,396 INFO o.a.j.t.JMeterThread: Stopping because end time detected by thread: TCC products 1-34
2026-09-10 02:11:36,396 INFO o.a.j.t.JMeterThread: Thread finished: TCC products 1-34
2026-09-10 02:11:36,403 INFO o.a.j.t.JMeterThread: Stopping because end time detected by thread: TCC products 1-12
2026-09-10 02:11:36,403 INFO o.a.j.t.JMeterThread: Thread finished: TCC products 1-12
2026-09-10 02:11:36,411 INFO o.a.j.t.JMeterThread: Stopping because end time detected by thread: TCC products 1-43
2026-09-10 02:11:36,411 INFO o.a.j.t.JMeterThread: Thread finished: TCC products 1-43
2026-09-10 02:11:36,418 INFO o.a.j.t.JMeterThread: Stopping because end time detected by thread: TCC products 1-11
2026-09-10 02:11:36,418 INFO o.a.j.t.JMeterThread: Thread finished: TCC products 1-11
2026-09-10 02:11:36,426 INFO o.a.j.t.JMeterThread: Stopping because end time detected by thread: TCC products 1-49
2026-09-10 02:11:36,426 INFO o.a.j.t.JMeterThread: Thread finished: TCC products 1-49
2026-09-10 02:11:36,433 INFO o.a.j.t.JMeterThread: Stopping because end time detected by thread: TCC products 1-50
2026-09-10 02:11:36,433 INFO o.a.j.t.JMeterThread: Thread finished: TCC products 1-50
2026-09-10 02:11:36,440 INFO o.a.j.t.JMeterThread: Stopping because end time detected by thread: TCC products 1-36
2026-09-10 02:11:36,440 INFO o.a.j.t.JMeterThread: Thread finished: TCC products 1-36
2026-09-10 02:11:36,448 INFO o.a.j.t.JMeterThread: Stopping because end time detected by thread: TCC products 1-35
2026-09-10 02:11:36,448 INFO o.a.j.t.JMeterThread: Thread finished: TCC products 1-35
2026-09-10 02:11:36,455 INFO o.a.j.t.JMeterThread: Stopping because end time detected by thread: TCC products 1-21
2026-09-10 02:11:36,455 INFO o.a.j.t.JMeterThread: Thread finished: TCC products 1-21
2026-09-10 02:11:36,463 INFO o.a.j.t.JMeterThread: Stopping because end time detected by thread: TCC products 1-37
2026-09-10 02:11:36,463 INFO o.a.j.t.JMeterThread: Thread finished: TCC products 1-37
2026-09-10 02:11:36,470 INFO o.a.j.t.JMeterThread: Stopping because end time detected by thread: TCC products 1-44
2026-09-10 02:11:36,470 INFO o.a.j.t.JMeterThread: Thread finished: TCC products 1-44
2026-09-10 02:11:36,478 INFO o.a.j.t.JMeterThread: Stopping because end time detected by thread: TCC products 1-5
2026-09-10 02:11:36,478 INFO o.a.j.t.JMeterThread: Thread finished: TCC products 1-5
2026-09-10 02:11:36,485 INFO o.a.j.t.JMeterThread: Stopping because end time detected by thread: TCC products 1-27
2026-09-10 02:11:36,486 INFO o.a.j.t.JMeterThread: Thread finished: TCC products 1-27
2026-09-10 02:11:36,493 INFO o.a.j.t.JMeterThread: Stopping because end time detected by thread: TCC products 1-47
2026-09-10 02:11:36,493 INFO o.a.j.t.JMeterThread: Thread finished: TCC products 1-47
2026-09-10 02:11:36,501 INFO o.a.j.t.JMeterThread: Stopping because end time detected by thread: TCC products 1-13
2026-09-10 02:11:36,501 INFO o.a.j.t.JMeterThread: Thread finished: TCC products 1-13
2026-09-10 02:11:36,509 INFO o.a.j.t.JMeterThread: Stopping because end time detected by thread: TCC products 1-10
2026-09-10 02:11:36,509 INFO o.a.j.t.JMeterThread: Thread finished: TCC products 1-10
2026-09-10 02:11:36,516 INFO o.a.j.t.JMeterThread: Stopping because end time detected by thread: TCC products 1-48
2026-09-10 02:11:36,517 INFO o.a.j.t.JMeterThread: Thread finished: TCC products 1-48
2026-09-10 02:11:36,525 INFO o.a.j.t.JMeterThread: Stopping because end time detected by thread: TCC products 1-29
2026-09-10 02:11:36,525 INFO o.a.j.t.JMeterThread: Thread finished: TCC products 1-29
2026-09-10 02:11:36,533 INFO o.a.j.t.JMeterThread: Stopping because end time detected by thread: TCC products 1-7
2026-09-10 02:11:36,533 INFO o.a.j.t.JMeterThread: Thread finished: TCC products 1-7
2026-09-10 02:11:36,541 INFO o.a.j.t.JMeterThread: Stopping because end time detected by thread: TCC products 1-23
2026-09-10 02:11:36,541 INFO o.a.j.t.JMeterThread: Thread finished: TCC products 1-23
2026-09-10 02:11:36,549 INFO o.a.j.t.JMeterThread: Stopping because end time detected by thread: TCC products 1-17
2026-09-10 02:11:36,549 INFO o.a.j.t.JMeterThread: Thread finished: TCC products 1-17
2026-09-10 02:11:36,556 INFO o.a.j.t.JMeterThread: Stopping because end time detected by thread: TCC products 1-20
2026-09-10 02:11:36,556 INFO o.a.j.t.JMeterThread: Thread finished: TCC products 1-20
2026-09-10 02:11:36,563 INFO o.a.j.t.JMeterThread: Stopping because end time detected by thread: TCC products 1-33
2026-09-10 02:11:36,563 INFO o.a.j.t.JMeterThread: Thread finished: TCC products 1-33
2026-09-10 02:11:36,570 INFO o.a.j.t.JMeterThread: Stopping because end time detected by thread: TCC products 1-28
2026-09-10 02:11:36,570 INFO o.a.j.t.JMeterThread: Thread finished: TCC products 1-28
2026-09-10 02:11:36,577 INFO o.a.j.t.JMeterThread: Stopping because end time detected by thread: TCC products 1-40
2026-09-10 02:11:36,577 INFO o.a.j.t.JMeterThread: Thread finished: TCC products 1-40
2026-09-10 02:11:36,578 INFO o.a.j.e.StandardJMeterEngine: Notifying test listeners of end of test
2026-09-10 02:11:36,581 INFO o.a.j.r.Summariser: summary +    869 in 00:00:07 =  132.0/s Avg:   378 Min:   371 Max:   386 Err:     0 (0.00%) Active: 0 Started: 50 Finished: 50
2026-09-10 02:11:36,582 INFO o.a.j.r.Summariser: summary =  15579 in 00:02:00 =  129.4/s Avg:   382 Min:    30 Max:   668 Err:     0 (0.00%)
