2026-09-10 02:09:00,194 INFO o.a.j.u.JMeterUtils: Setting Locale to en_EN
2026-09-10 02:09:00,211 INFO o.a.j.JMeter: Loading user properties from: /home/avituo/projects/tcc/tcc-container/.tools/apache-jmeter-5.6.3/bin/user.properties
2026-09-10 02:09:00,212 INFO o.a.j.JMeter: Loading system properties from: /home/avituo/projects/tcc/tcc-container/.tools/apache-jmeter-5.6.3/bin/system.properties
2026-09-10 02:09:00,212 INFO o.a.j.JMeter: Loading additional properties from: /home/avituo/projects/tcc/tcc-container/benchmark/jmeter/benchmark.properties
2026-09-10 02:09:00,212 INFO o.a.j.JMeter: Loading additional properties from: /tmp/tcc-benchmark-auth.Quhb04/auth.properties
2026-09-10 02:09:00,212 INFO o.a.j.JMeter: Setting JMeter property: threads=50
2026-09-10 02:09:00,212 INFO o.a.j.JMeter: Setting JMeter property: duration_seconds=30
2026-09-10 02:09:00,212 INFO o.a.j.JMeter: Setting JMeter property: target_host=localhost
2026-09-10 02:09:00,212 INFO o.a.j.JMeter: Setting JMeter property: target_port=18080
2026-09-10 02:09:00,212 INFO o.a.j.JMeter: Setting JMeter property: tcc.order.id=20000000-0000-4000-8000-000000000001
2026-09-10 02:09:00,213 INFO o.a.j.JMeter: Setting JMeter property: repetition=1
2026-09-10 02:09:00,219 INFO o.a.j.JMeter: Copyright (c) 1998-2024 The Apache Software Foundation
2026-09-10 02:09:00,219 INFO o.a.j.JMeter: Version 5.6.3
2026-09-10 02:09:00,219 INFO o.a.j.JMeter: java.version=21.0.11
2026-09-10 02:09:00,219 INFO o.a.j.JMeter: java.vm.name=OpenJDK 64-Bit Server VM
2026-09-10 02:09:00,219 INFO o.a.j.JMeter: os.name=Linux
2026-09-10 02:09:00,219 INFO o.a.j.JMeter: os.arch=amd64
2026-09-10 02:09:00,219 INFO o.a.j.JMeter: os.version=7.0.11-76070011-generic
2026-09-10 02:09:00,219 INFO o.a.j.JMeter: file.encoding=UTF-8
2026-09-10 02:09:00,219 INFO o.a.j.JMeter: java.awt.headless=true
2026-09-10 02:09:00,219 INFO o.a.j.JMeter: Max memory     =1073741824
2026-09-10 02:09:00,220 INFO o.a.j.JMeter: Available Processors =16
2026-09-10 02:09:00,228 INFO o.a.j.JMeter: Default Locale=English (EN)
2026-09-10 02:09:00,228 INFO o.a.j.JMeter: JMeter  Locale=English (EN)
2026-09-10 02:09:00,228 INFO o.a.j.JMeter: JMeterHome=/home/avituo/projects/tcc/tcc-container/.tools/apache-jmeter-5.6.3
2026-09-10 02:09:00,228 INFO o.a.j.JMeter: user.dir  =/home/avituo/projects/tcc/tcc-container
2026-09-10 02:09:00,229 INFO o.a.j.JMeter: PWD       =/home/avituo/projects/tcc/tcc-container
2026-09-10 02:09:00,240 INFO o.a.j.JMeter: IP: 192.168.1.16 Name: pop-os FullName: pop-os.home
2026-09-10 02:09:00,252 INFO o.a.j.s.FileServer: Default base='/home/avituo/projects/tcc/tcc-container'
2026-09-10 02:09:00,254 INFO o.a.j.s.FileServer: Set new base='/home/avituo/projects/tcc/tcc-container/benchmark/jmeter'
2026-09-10 02:09:00,428 INFO o.a.j.s.SaveService: Testplan (JMX) version: 2.2. Testlog (JTL) version: 2.2
2026-09-10 02:09:00,452 INFO o.a.j.s.SaveService: Using SaveService properties version 5.0
2026-09-10 02:09:00,455 INFO o.a.j.s.SaveService: Using SaveService properties file encoding UTF-8
2026-09-10 02:09:00,459 INFO o.a.j.s.SaveService: Loading file: /home/avituo/projects/tcc/tcc-container/benchmark/jmeter/tcc-products-v1.jmx
2026-09-10 02:09:00,509 INFO o.a.j.p.h.s.HTTPSamplerBase: Parser for text/html is org.apache.jmeter.protocol.http.parser.LagartoBasedHtmlParser
2026-09-10 02:09:00,509 INFO o.a.j.p.h.s.HTTPSamplerBase: Parser for application/xhtml+xml is org.apache.jmeter.protocol.http.parser.LagartoBasedHtmlParser
2026-09-10 02:09:00,509 INFO o.a.j.p.h.s.HTTPSamplerBase: Parser for application/xml is org.apache.jmeter.protocol.http.parser.LagartoBasedHtmlParser
2026-09-10 02:09:00,509 INFO o.a.j.p.h.s.HTTPSamplerBase: Parser for text/xml is org.apache.jmeter.protocol.http.parser.LagartoBasedHtmlParser
2026-09-10 02:09:00,509 INFO o.a.j.p.h.s.HTTPSamplerBase: Parser for text/vnd.wap.wml is org.apache.jmeter.protocol.http.parser.RegexpHTMLParser
2026-09-10 02:09:00,509 INFO o.a.j.p.h.s.HTTPSamplerBase: Parser for text/css is org.apache.jmeter.protocol.http.parser.CssParser
2026-09-10 02:09:00,539 INFO o.a.j.JMeter: Creating summariser <summary>
2026-09-10 02:09:00,557 INFO o.a.j.e.StandardJMeterEngine: Running the test!
2026-09-10 02:09:00,558 INFO o.a.j.s.SampleEvent: List of sample_variables: []
2026-09-10 02:09:00,558 INFO o.a.j.s.SampleEvent: List of sample_variables: []
2026-09-10 02:09:00,566 INFO o.a.j.e.u.CompoundVariable: Note: Function class names must contain the string: '.functions.'
2026-09-10 02:09:00,566 INFO o.a.j.e.u.CompoundVariable: Note: Function class names must not contain the string: '.gui.'
2026-09-10 02:09:00,815 INFO o.a.j.JMeter: Running test (1789016940815)
2026-09-10 02:09:00,835 INFO o.a.j.e.StandardJMeterEngine: Starting ThreadGroup: 1 : TCC products
2026-09-10 02:09:00,836 INFO o.a.j.e.StandardJMeterEngine: Starting 50 threads for group TCC products.
2026-09-10 02:09:00,836 INFO o.a.j.e.StandardJMeterEngine: Thread will continue on error
2026-09-10 02:09:00,836 INFO o.a.j.t.ThreadGroup: Starting thread group... number=1 threads=50 ramp-up=0 delayedStart=false
2026-09-10 02:09:00,842 INFO o.a.j.t.JMeterThread: Thread started: TCC products 1-4
2026-09-10 02:09:00,842 INFO o.a.j.t.JMeterThread: Thread started: TCC products 1-3
2026-09-10 02:09:00,843 INFO o.a.j.t.JMeterThread: Thread started: TCC products 1-2
2026-09-10 02:09:00,843 INFO o.a.j.t.JMeterThread: Thread started: TCC products 1-1
2026-09-10 02:09:00,842 INFO o.a.j.t.JMeterThread: Thread started: TCC products 1-5
2026-09-10 02:09:00,843 INFO o.a.j.t.JMeterThread: Thread started: TCC products 1-6
2026-09-10 02:09:00,844 INFO o.a.j.t.JMeterThread: Thread started: TCC products 1-7
2026-09-10 02:09:00,844 INFO o.a.j.t.JMeterThread: Thread started: TCC products 1-8
2026-09-10 02:09:00,845 INFO o.a.j.t.JMeterThread: Thread started: TCC products 1-9
2026-09-10 02:09:00,845 INFO o.a.j.t.JMeterThread: Thread started: TCC products 1-10
2026-09-10 02:09:00,846 INFO o.a.j.t.JMeterThread: Thread started: TCC products 1-11
2026-09-10 02:09:00,847 INFO o.a.j.t.JMeterThread: Thread started: TCC products 1-12
2026-09-10 02:09:00,847 INFO o.a.j.t.JMeterThread: Thread started: TCC products 1-13
2026-09-10 02:09:00,848 INFO o.a.j.t.JMeterThread: Thread started: TCC products 1-14
2026-09-10 02:09:00,849 INFO o.a.j.t.JMeterThread: Thread started: TCC products 1-15
2026-09-10 02:09:00,850 INFO o.a.j.t.JMeterThread: Thread started: TCC products 1-16
2026-09-10 02:09:00,851 INFO o.a.j.t.JMeterThread: Thread started: TCC products 1-17
2026-09-10 02:09:00,851 INFO o.a.j.t.JMeterThread: Thread started: TCC products 1-18
2026-09-10 02:09:00,851 INFO o.a.j.t.JMeterThread: Thread started: TCC products 1-19
2026-09-10 02:09:00,852 INFO o.a.j.t.JMeterThread: Thread started: TCC products 1-20
2026-09-10 02:09:00,852 INFO o.a.j.t.JMeterThread: Thread started: TCC products 1-21
2026-09-10 02:09:00,853 INFO o.a.j.t.JMeterThread: Thread started: TCC products 1-22
2026-09-10 02:09:00,854 INFO o.a.j.t.JMeterThread: Thread started: TCC products 1-23
2026-09-10 02:09:00,854 INFO o.a.j.t.JMeterThread: Thread started: TCC products 1-24
2026-09-10 02:09:00,855 INFO o.a.j.t.JMeterThread: Thread started: TCC products 1-25
2026-09-10 02:09:00,855 INFO o.a.j.t.JMeterThread: Thread started: TCC products 1-26
2026-09-10 02:09:00,856 INFO o.a.j.t.JMeterThread: Thread started: TCC products 1-27
2026-09-10 02:09:00,856 INFO o.a.j.t.JMeterThread: Thread started: TCC products 1-28
2026-09-10 02:09:00,856 INFO o.a.j.t.JMeterThread: Thread started: TCC products 1-29
2026-09-10 02:09:00,857 INFO o.a.j.t.JMeterThread: Thread started: TCC products 1-30
2026-09-10 02:09:00,857 INFO o.a.j.t.JMeterThread: Thread started: TCC products 1-31
2026-09-10 02:09:00,858 INFO o.a.j.t.JMeterThread: Thread started: TCC products 1-32
2026-09-10 02:09:00,858 INFO o.a.j.t.JMeterThread: Thread started: TCC products 1-33
2026-09-10 02:09:00,858 INFO o.a.j.t.JMeterThread: Thread started: TCC products 1-34
2026-09-10 02:09:00,859 INFO o.a.j.t.JMeterThread: Thread started: TCC products 1-36
2026-09-10 02:09:00,859 INFO o.a.j.t.JMeterThread: Thread started: TCC products 1-35
2026-09-10 02:09:00,859 INFO o.a.j.t.JMeterThread: Thread started: TCC products 1-37
2026-09-10 02:09:00,860 INFO o.a.j.t.JMeterThread: Thread started: TCC products 1-38
2026-09-10 02:09:00,860 INFO o.a.j.t.JMeterThread: Thread started: TCC products 1-39
2026-09-10 02:09:00,860 INFO o.a.j.t.JMeterThread: Thread started: TCC products 1-40
2026-09-10 02:09:00,861 INFO o.a.j.t.JMeterThread: Thread started: TCC products 1-41
2026-09-10 02:09:00,861 INFO o.a.j.t.JMeterThread: Thread started: TCC products 1-42
2026-09-10 02:09:00,862 INFO o.a.j.t.JMeterThread: Thread started: TCC products 1-44
2026-09-10 02:09:00,862 INFO o.a.j.t.JMeterThread: Thread started: TCC products 1-43
2026-09-10 02:09:00,862 INFO o.a.j.t.JMeterThread: Thread started: TCC products 1-45
2026-09-10 02:09:00,863 INFO o.a.j.t.JMeterThread: Thread started: TCC products 1-46
2026-09-10 02:09:00,863 INFO o.a.j.t.JMeterThread: Thread started: TCC products 1-47
2026-09-10 02:09:00,864 INFO o.a.j.t.JMeterThread: Thread started: TCC products 1-48
2026-09-10 02:09:00,864 INFO o.a.j.t.JMeterThread: Thread started: TCC products 1-49
2026-09-10 02:09:00,864 INFO o.a.j.t.ThreadGroup: Started thread group number 1
2026-09-10 02:09:00,864 INFO o.a.j.e.StandardJMeterEngine: All thread groups have been started
2026-09-10 02:09:00,864 INFO o.a.j.t.JMeterThread: Thread started: TCC products 1-50
2026-09-10 02:09:00,868 INFO o.a.j.p.h.s.HTTPHCAbstractImpl: Local host = pop-os
2026-09-10 02:09:00,874 INFO o.a.j.p.h.s.HTTPHC4Impl: HTTP request retry count = 0
2026-09-10 02:09:00,875 INFO o.a.j.s.SampleResult: Note: Sample TimeStamps are START times
2026-09-10 02:09:00,876 INFO o.a.j.s.SampleResult: sampleresult.default.encoding is set to UTF-8
2026-09-10 02:09:00,876 INFO o.a.j.s.SampleResult: sampleresult.useNanoTime=true
2026-09-10 02:09:00,876 INFO o.a.j.s.SampleResult: sampleresult.nanoThreadSleep=5000
2026-09-10 02:09:01,947 INFO o.a.j.r.Summariser: summary +      1 in 00:00:01 =    0.9/s Avg:   420 Min:   420 Max:   420 Err:     0 (0.00%) Active: 50 Started: 50 Finished: 0
2026-09-10 02:09:30,006 INFO o.a.j.r.Summariser: summary +   3539 in 00:00:28 =  126.1/s Avg:   398 Min:    61 Max:   742 Err:     0 (0.00%) Active: 50 Started: 50 Finished: 0
2026-09-10 02:09:30,007 INFO o.a.j.r.Summariser: summary =   3540 in 00:00:29 =  121.3/s Avg:   398 Min:    61 Max:   742 Err:     0 (0.00%)
2026-09-10 02:09:30,860 INFO o.a.j.t.JMeterThread: Stopping because end time detected by thread: TCC products 1-1
2026-09-10 02:09:30,860 INFO o.a.j.t.JMeterThread: Thread finished: TCC products 1-1
2026-09-10 02:09:30,868 INFO o.a.j.t.JMeterThread: Stopping because end time detected by thread: TCC products 1-19
2026-09-10 02:09:30,868 INFO o.a.j.t.JMeterThread: Thread finished: TCC products 1-19
2026-09-10 02:09:30,875 INFO o.a.j.t.JMeterThread: Stopping because end time detected by thread: TCC products 1-2
2026-09-10 02:09:30,876 INFO o.a.j.t.JMeterThread: Thread finished: TCC products 1-2
2026-09-10 02:09:30,883 INFO o.a.j.t.JMeterThread: Stopping because end time detected by thread: TCC products 1-24
2026-09-10 02:09:30,883 INFO o.a.j.t.JMeterThread: Thread finished: TCC products 1-24
2026-09-10 02:09:30,891 INFO o.a.j.t.JMeterThread: Stopping because end time detected by thread: TCC products 1-46
2026-09-10 02:09:30,891 INFO o.a.j.t.JMeterThread: Thread finished: TCC products 1-46
2026-09-10 02:09:30,899 INFO o.a.j.t.JMeterThread: Stopping because end time detected by thread: TCC products 1-6
2026-09-10 02:09:30,899 INFO o.a.j.t.JMeterThread: Thread finished: TCC products 1-6
2026-09-10 02:09:30,907 INFO o.a.j.t.JMeterThread: Stopping because end time detected by thread: TCC products 1-37
2026-09-10 02:09:30,907 INFO o.a.j.t.JMeterThread: Thread finished: TCC products 1-37
2026-09-10 02:09:30,915 INFO o.a.j.t.JMeterThread: Stopping because end time detected by thread: TCC products 1-27
2026-09-10 02:09:30,915 INFO o.a.j.t.JMeterThread: Thread finished: TCC products 1-27
2026-09-10 02:09:30,923 INFO o.a.j.t.JMeterThread: Stopping because end time detected by thread: TCC products 1-43
2026-09-10 02:09:30,923 INFO o.a.j.t.JMeterThread: Thread finished: TCC products 1-43
2026-09-10 02:09:30,930 INFO o.a.j.t.JMeterThread: Stopping because end time detected by thread: TCC products 1-41
2026-09-10 02:09:30,930 INFO o.a.j.t.JMeterThread: Thread finished: TCC products 1-41
2026-09-10 02:09:30,939 INFO o.a.j.t.JMeterThread: Stopping because end time detected by thread: TCC products 1-11
2026-09-10 02:09:30,939 INFO o.a.j.t.JMeterThread: Thread finished: TCC products 1-11
2026-09-10 02:09:30,947 INFO o.a.j.t.JMeterThread: Stopping because end time detected by thread: TCC products 1-7
2026-09-10 02:09:30,947 INFO o.a.j.t.JMeterThread: Thread finished: TCC products 1-7
2026-09-10 02:09:30,955 INFO o.a.j.t.JMeterThread: Stopping because end time detected by thread: TCC products 1-14
2026-09-10 02:09:30,955 INFO o.a.j.t.JMeterThread: Thread finished: TCC products 1-14
2026-09-10 02:09:30,963 INFO o.a.j.t.JMeterThread: Stopping because end time detected by thread: TCC products 1-31
2026-09-10 02:09:30,963 INFO o.a.j.t.JMeterThread: Thread finished: TCC products 1-31
2026-09-10 02:09:30,971 INFO o.a.j.t.JMeterThread: Stopping because end time detected by thread: TCC products 1-34
2026-09-10 02:09:30,971 INFO o.a.j.t.JMeterThread: Thread finished: TCC products 1-34
2026-09-10 02:09:30,978 INFO o.a.j.t.JMeterThread: Stopping because end time detected by thread: TCC products 1-25
2026-09-10 02:09:30,979 INFO o.a.j.t.JMeterThread: Thread finished: TCC products 1-25
2026-09-10 02:09:30,987 INFO o.a.j.t.JMeterThread: Stopping because end time detected by thread: TCC products 1-8
2026-09-10 02:09:30,987 INFO o.a.j.t.JMeterThread: Thread finished: TCC products 1-8
2026-09-10 02:09:30,995 INFO o.a.j.t.JMeterThread: Stopping because end time detected by thread: TCC products 1-23
2026-09-10 02:09:30,995 INFO o.a.j.t.JMeterThread: Thread finished: TCC products 1-23
2026-09-10 02:09:31,002 INFO o.a.j.t.JMeterThread: Stopping because end time detected by thread: TCC products 1-40
2026-09-10 02:09:31,002 INFO o.a.j.t.JMeterThread: Thread finished: TCC products 1-40
2026-09-10 02:09:31,010 INFO o.a.j.t.JMeterThread: Stopping because end time detected by thread: TCC products 1-28
2026-09-10 02:09:31,010 INFO o.a.j.t.JMeterThread: Thread finished: TCC products 1-28
2026-09-10 02:09:31,018 INFO o.a.j.t.JMeterThread: Stopping because end time detected by thread: TCC products 1-21
2026-09-10 02:09:31,019 INFO o.a.j.t.JMeterThread: Thread finished: TCC products 1-21
2026-09-10 02:09:31,027 INFO o.a.j.t.JMeterThread: Stopping because end time detected by thread: TCC products 1-45
2026-09-10 02:09:31,027 INFO o.a.j.t.JMeterThread: Thread finished: TCC products 1-45
2026-09-10 02:09:31,035 INFO o.a.j.t.JMeterThread: Stopping because end time detected by thread: TCC products 1-26
2026-09-10 02:09:31,036 INFO o.a.j.t.JMeterThread: Thread finished: TCC products 1-26
2026-09-10 02:09:31,044 INFO o.a.j.t.JMeterThread: Stopping because end time detected by thread: TCC products 1-33
2026-09-10 02:09:31,044 INFO o.a.j.t.JMeterThread: Thread finished: TCC products 1-33
2026-09-10 02:09:31,051 INFO o.a.j.t.JMeterThread: Stopping because end time detected by thread: TCC products 1-35
2026-09-10 02:09:31,051 INFO o.a.j.t.JMeterThread: Thread finished: TCC products 1-35
2026-09-10 02:09:31,059 INFO o.a.j.t.JMeterThread: Stopping because end time detected by thread: TCC products 1-50
2026-09-10 02:09:31,060 INFO o.a.j.t.JMeterThread: Thread finished: TCC products 1-50
2026-09-10 02:09:31,067 INFO o.a.j.t.JMeterThread: Stopping because end time detected by thread: TCC products 1-22
2026-09-10 02:09:31,067 INFO o.a.j.t.JMeterThread: Thread finished: TCC products 1-22
2026-09-10 02:09:31,075 INFO o.a.j.t.JMeterThread: Stopping because end time detected by thread: TCC products 1-39
2026-09-10 02:09:31,075 INFO o.a.j.t.JMeterThread: Thread finished: TCC products 1-39
2026-09-10 02:09:31,084 INFO o.a.j.t.JMeterThread: Stopping because end time detected by thread: TCC products 1-12
2026-09-10 02:09:31,084 INFO o.a.j.t.JMeterThread: Thread finished: TCC products 1-12
2026-09-10 02:09:31,092 INFO o.a.j.t.JMeterThread: Stopping because end time detected by thread: TCC products 1-47
2026-09-10 02:09:31,092 INFO o.a.j.t.JMeterThread: Thread finished: TCC products 1-47
2026-09-10 02:09:31,100 INFO o.a.j.t.JMeterThread: Stopping because end time detected by thread: TCC products 1-32
2026-09-10 02:09:31,100 INFO o.a.j.t.JMeterThread: Thread finished: TCC products 1-32
2026-09-10 02:09:31,108 INFO o.a.j.t.JMeterThread: Stopping because end time detected by thread: TCC products 1-29
2026-09-10 02:09:31,108 INFO o.a.j.t.JMeterThread: Thread finished: TCC products 1-29
2026-09-10 02:09:31,116 INFO o.a.j.t.JMeterThread: Stopping because end time detected by thread: TCC products 1-4
2026-09-10 02:09:31,116 INFO o.a.j.t.JMeterThread: Thread finished: TCC products 1-4
2026-09-10 02:09:31,124 INFO o.a.j.t.JMeterThread: Stopping because end time detected by thread: TCC products 1-9
2026-09-10 02:09:31,124 INFO o.a.j.t.JMeterThread: Thread finished: TCC products 1-9
2026-09-10 02:09:31,133 INFO o.a.j.t.JMeterThread: Stopping because end time detected by thread: TCC products 1-20
2026-09-10 02:09:31,133 INFO o.a.j.t.JMeterThread: Thread finished: TCC products 1-20
2026-09-10 02:09:31,140 INFO o.a.j.t.JMeterThread: Stopping because end time detected by thread: TCC products 1-44
2026-09-10 02:09:31,141 INFO o.a.j.t.JMeterThread: Thread finished: TCC products 1-44
2026-09-10 02:09:31,148 INFO o.a.j.t.JMeterThread: Stopping because end time detected by thread: TCC products 1-48
2026-09-10 02:09:31,148 INFO o.a.j.t.JMeterThread: Thread finished: TCC products 1-48
2026-09-10 02:09:31,156 INFO o.a.j.t.JMeterThread: Stopping because end time detected by thread: TCC products 1-18
2026-09-10 02:09:31,156 INFO o.a.j.t.JMeterThread: Thread finished: TCC products 1-18
2026-09-10 02:09:31,164 INFO o.a.j.t.JMeterThread: Stopping because end time detected by thread: TCC products 1-30
2026-09-10 02:09:31,164 INFO o.a.j.t.JMeterThread: Thread finished: TCC products 1-30
2026-09-10 02:09:31,172 INFO o.a.j.t.JMeterThread: Stopping because end time detected by thread: TCC products 1-16
2026-09-10 02:09:31,172 INFO o.a.j.t.JMeterThread: Thread finished: TCC products 1-16
2026-09-10 02:09:31,179 INFO o.a.j.t.JMeterThread: Stopping because end time detected by thread: TCC products 1-10
2026-09-10 02:09:31,179 INFO o.a.j.t.JMeterThread: Thread finished: TCC products 1-10
2026-09-10 02:09:31,186 INFO o.a.j.t.JMeterThread: Stopping because end time detected by thread: TCC products 1-13
2026-09-10 02:09:31,187 INFO o.a.j.t.JMeterThread: Thread finished: TCC products 1-13
2026-09-10 02:09:31,194 INFO o.a.j.t.JMeterThread: Stopping because end time detected by thread: TCC products 1-49
2026-09-10 02:09:31,194 INFO o.a.j.t.JMeterThread: Thread finished: TCC products 1-49
2026-09-10 02:09:31,201 INFO o.a.j.t.JMeterThread: Stopping because end time detected by thread: TCC products 1-5
2026-09-10 02:09:31,202 INFO o.a.j.t.JMeterThread: Thread finished: TCC products 1-5
2026-09-10 02:09:31,209 INFO o.a.j.t.JMeterThread: Stopping because end time detected by thread: TCC products 1-36
2026-09-10 02:09:31,209 INFO o.a.j.t.JMeterThread: Thread finished: TCC products 1-36
2026-09-10 02:09:31,217 INFO o.a.j.t.JMeterThread: Stopping because end time detected by thread: TCC products 1-3
2026-09-10 02:09:31,217 INFO o.a.j.t.JMeterThread: Thread finished: TCC products 1-3
2026-09-10 02:09:31,224 INFO o.a.j.t.JMeterThread: Stopping because end time detected by thread: TCC products 1-17
2026-09-10 02:09:31,224 INFO o.a.j.t.JMeterThread: Thread finished: TCC products 1-17
2026-09-10 02:09:31,232 INFO o.a.j.t.JMeterThread: Stopping because end time detected by thread: TCC products 1-42
2026-09-10 02:09:31,232 INFO o.a.j.t.JMeterThread: Thread finished: TCC products 1-42
2026-09-10 02:09:31,239 INFO o.a.j.t.JMeterThread: Stopping because end time detected by thread: TCC products 1-15
2026-09-10 02:09:31,239 INFO o.a.j.t.JMeterThread: Thread finished: TCC products 1-15
2026-09-10 02:09:31,246 INFO o.a.j.t.JMeterThread: Stopping because end time detected by thread: TCC products 1-38
2026-09-10 02:09:31,246 INFO o.a.j.t.JMeterThread: Thread finished: TCC products 1-38
2026-09-10 02:09:31,247 INFO o.a.j.e.StandardJMeterEngine: Notifying test listeners of end of test
2026-09-10 02:09:31,250 INFO o.a.j.r.Summariser: summary +    157 in 00:00:01 =  126.3/s Avg:   392 Min:   379 Max:   405 Err:     0 (0.00%) Active: 0 Started: 50 Finished: 50
2026-09-10 02:09:31,250 INFO o.a.j.r.Summariser: summary =   3697 in 00:00:30 =  121.5/s Avg:   398 Min:    61 Max:   742 Err:     0 (0.00%)
