2026-09-10 02:59:46,142 INFO o.a.j.u.JMeterUtils: Setting Locale to en_EN
2026-09-10 02:59:46,161 INFO o.a.j.JMeter: Loading user properties from: /home/avituo/projects/tcc/tcc-container/.tools/apache-jmeter-5.6.3/bin/user.properties
2026-09-10 02:59:46,161 INFO o.a.j.JMeter: Loading system properties from: /home/avituo/projects/tcc/tcc-container/.tools/apache-jmeter-5.6.3/bin/system.properties
2026-09-10 02:59:46,161 INFO o.a.j.JMeter: Loading additional properties from: /home/avituo/projects/tcc/tcc-container/benchmark/jmeter/benchmark.properties
2026-09-10 02:59:46,161 INFO o.a.j.JMeter: Loading additional properties from: /tmp/tcc-benchmark-auth.a2YIfG/auth.properties
2026-09-10 02:59:46,161 INFO o.a.j.JMeter: Loading additional properties from: /home/avituo/projects/tcc/tcc-container/benchmark/results/laravel-13.20.0/final/products/c100/r3/microservices/thread-counters.properties
2026-09-10 02:59:46,162 INFO o.a.j.JMeter: Setting JMeter property: threads=100
2026-09-10 02:59:46,162 INFO o.a.j.JMeter: Setting JMeter property: duration_seconds=120
2026-09-10 02:59:46,162 INFO o.a.j.JMeter: Setting JMeter property: target_host=localhost
2026-09-10 02:59:46,162 INFO o.a.j.JMeter: Setting JMeter property: target_port=18080
2026-09-10 02:59:46,162 INFO o.a.j.JMeter: Setting JMeter property: tcc.order.id=20000000-0000-4000-8000-000000000001
2026-09-10 02:59:46,162 INFO o.a.j.JMeter: Setting JMeter property: repetition=3
2026-09-10 02:59:46,171 INFO o.a.j.JMeter: Copyright (c) 1998-2024 The Apache Software Foundation
2026-09-10 02:59:46,171 INFO o.a.j.JMeter: Version 5.6.3
2026-09-10 02:59:46,171 INFO o.a.j.JMeter: java.version=21.0.11
2026-09-10 02:59:46,171 INFO o.a.j.JMeter: java.vm.name=OpenJDK 64-Bit Server VM
2026-09-10 02:59:46,171 INFO o.a.j.JMeter: os.name=Linux
2026-09-10 02:59:46,171 INFO o.a.j.JMeter: os.arch=amd64
2026-09-10 02:59:46,171 INFO o.a.j.JMeter: os.version=7.0.11-76070011-generic
2026-09-10 02:59:46,171 INFO o.a.j.JMeter: file.encoding=UTF-8
2026-09-10 02:59:46,171 INFO o.a.j.JMeter: java.awt.headless=true
2026-09-10 02:59:46,171 INFO o.a.j.JMeter: Max memory     =1073741824
2026-09-10 02:59:46,171 INFO o.a.j.JMeter: Available Processors =16
2026-09-10 02:59:46,179 INFO o.a.j.JMeter: Default Locale=English (EN)
2026-09-10 02:59:46,180 INFO o.a.j.JMeter: JMeter  Locale=English (EN)
2026-09-10 02:59:46,180 INFO o.a.j.JMeter: JMeterHome=/home/avituo/projects/tcc/tcc-container/.tools/apache-jmeter-5.6.3
2026-09-10 02:59:46,180 INFO o.a.j.JMeter: user.dir  =/home/avituo/projects/tcc/tcc-container
2026-09-10 02:59:46,180 INFO o.a.j.JMeter: PWD       =/home/avituo/projects/tcc/tcc-container
2026-09-10 02:59:46,191 INFO o.a.j.JMeter: IP: 192.168.1.16 Name: pop-os FullName: pop-os.home
2026-09-10 02:59:46,203 INFO o.a.j.s.FileServer: Default base='/home/avituo/projects/tcc/tcc-container'
2026-09-10 02:59:46,205 INFO o.a.j.s.FileServer: Set new base='/home/avituo/projects/tcc/tcc-container/benchmark/jmeter'
2026-09-10 02:59:46,368 INFO o.a.j.s.SaveService: Testplan (JMX) version: 2.2. Testlog (JTL) version: 2.2
2026-09-10 02:59:46,394 INFO o.a.j.s.SaveService: Using SaveService properties version 5.0
2026-09-10 02:59:46,397 INFO o.a.j.s.SaveService: Using SaveService properties file encoding UTF-8
2026-09-10 02:59:46,401 INFO o.a.j.s.SaveService: Loading file: /home/avituo/projects/tcc/tcc-container/benchmark/jmeter/tcc-products-v1.jmx
2026-09-10 02:59:46,451 INFO o.a.j.p.h.s.HTTPSamplerBase: Parser for text/html is org.apache.jmeter.protocol.http.parser.LagartoBasedHtmlParser
2026-09-10 02:59:46,451 INFO o.a.j.p.h.s.HTTPSamplerBase: Parser for application/xhtml+xml is org.apache.jmeter.protocol.http.parser.LagartoBasedHtmlParser
2026-09-10 02:59:46,451 INFO o.a.j.p.h.s.HTTPSamplerBase: Parser for application/xml is org.apache.jmeter.protocol.http.parser.LagartoBasedHtmlParser
2026-09-10 02:59:46,452 INFO o.a.j.p.h.s.HTTPSamplerBase: Parser for text/xml is org.apache.jmeter.protocol.http.parser.LagartoBasedHtmlParser
2026-09-10 02:59:46,452 INFO o.a.j.p.h.s.HTTPSamplerBase: Parser for text/vnd.wap.wml is org.apache.jmeter.protocol.http.parser.RegexpHTMLParser
2026-09-10 02:59:46,452 INFO o.a.j.p.h.s.HTTPSamplerBase: Parser for text/css is org.apache.jmeter.protocol.http.parser.CssParser
2026-09-10 02:59:46,481 INFO o.a.j.JMeter: Creating summariser <summary>
2026-09-10 02:59:46,501 INFO o.a.j.e.StandardJMeterEngine: Running the test!
2026-09-10 02:59:46,502 INFO o.a.j.s.SampleEvent: List of sample_variables: []
2026-09-10 02:59:46,502 INFO o.a.j.s.SampleEvent: List of sample_variables: []
2026-09-10 02:59:46,506 INFO o.a.j.e.u.CompoundVariable: Note: Function class names must contain the string: '.functions.'
2026-09-10 02:59:46,507 INFO o.a.j.e.u.CompoundVariable: Note: Function class names must not contain the string: '.gui.'
2026-09-10 02:59:46,745 INFO o.a.j.JMeter: Running test (1789019986745)
2026-09-10 02:59:46,766 INFO o.a.j.e.StandardJMeterEngine: Starting ThreadGroup: 1 : TCC products
2026-09-10 02:59:46,767 INFO o.a.j.e.StandardJMeterEngine: Starting 100 threads for group TCC products.
2026-09-10 02:59:46,767 INFO o.a.j.e.StandardJMeterEngine: Thread will continue on error
2026-09-10 02:59:46,767 INFO o.a.j.t.ThreadGroup: Starting thread group... number=1 threads=100 ramp-up=0 delayedStart=false
2026-09-10 02:59:46,772 INFO o.a.j.t.JMeterThread: Thread started: TCC products 1-3
2026-09-10 02:59:46,772 INFO o.a.j.t.JMeterThread: Thread started: TCC products 1-2
2026-09-10 02:59:46,772 INFO o.a.j.t.JMeterThread: Thread started: TCC products 1-1
2026-09-10 02:59:46,773 INFO o.a.j.t.JMeterThread: Thread started: TCC products 1-4
2026-09-10 02:59:46,773 INFO o.a.j.t.JMeterThread: Thread started: TCC products 1-5
2026-09-10 02:59:46,774 INFO o.a.j.t.JMeterThread: Thread started: TCC products 1-6
2026-09-10 02:59:46,775 INFO o.a.j.t.JMeterThread: Thread started: TCC products 1-7
2026-09-10 02:59:46,775 INFO o.a.j.t.JMeterThread: Thread started: TCC products 1-8
2026-09-10 02:59:46,776 INFO o.a.j.t.JMeterThread: Thread started: TCC products 1-9
2026-09-10 02:59:46,777 INFO o.a.j.t.JMeterThread: Thread started: TCC products 1-10
2026-09-10 02:59:46,778 INFO o.a.j.t.JMeterThread: Thread started: TCC products 1-11
2026-09-10 02:59:46,779 INFO o.a.j.t.JMeterThread: Thread started: TCC products 1-12
2026-09-10 02:59:46,782 INFO o.a.j.t.JMeterThread: Thread started: TCC products 1-14
2026-09-10 02:59:46,780 INFO o.a.j.t.JMeterThread: Thread started: TCC products 1-13
2026-09-10 02:59:46,782 INFO o.a.j.t.JMeterThread: Thread started: TCC products 1-15
2026-09-10 02:59:46,784 INFO o.a.j.t.JMeterThread: Thread started: TCC products 1-16
2026-09-10 02:59:46,785 INFO o.a.j.t.JMeterThread: Thread started: TCC products 1-17
2026-09-10 02:59:46,785 INFO o.a.j.t.JMeterThread: Thread started: TCC products 1-18
2026-09-10 02:59:46,786 INFO o.a.j.t.JMeterThread: Thread started: TCC products 1-19
2026-09-10 02:59:46,787 INFO o.a.j.t.JMeterThread: Thread started: TCC products 1-20
2026-09-10 02:59:46,788 INFO o.a.j.t.JMeterThread: Thread started: TCC products 1-21
2026-09-10 02:59:46,788 INFO o.a.j.t.JMeterThread: Thread started: TCC products 1-22
2026-09-10 02:59:46,789 INFO o.a.j.t.JMeterThread: Thread started: TCC products 1-23
2026-09-10 02:59:46,789 INFO o.a.j.t.JMeterThread: Thread started: TCC products 1-24
2026-09-10 02:59:46,790 INFO o.a.j.t.JMeterThread: Thread started: TCC products 1-25
2026-09-10 02:59:46,790 INFO o.a.j.t.JMeterThread: Thread started: TCC products 1-26
2026-09-10 02:59:46,791 INFO o.a.j.t.JMeterThread: Thread started: TCC products 1-27
2026-09-10 02:59:46,792 INFO o.a.j.t.JMeterThread: Thread started: TCC products 1-28
2026-09-10 02:59:46,792 INFO o.a.j.t.JMeterThread: Thread started: TCC products 1-29
2026-09-10 02:59:46,793 INFO o.a.j.t.JMeterThread: Thread started: TCC products 1-30
2026-09-10 02:59:46,793 INFO o.a.j.t.JMeterThread: Thread started: TCC products 1-31
2026-09-10 02:59:46,794 INFO o.a.j.t.JMeterThread: Thread started: TCC products 1-32
2026-09-10 02:59:46,794 INFO o.a.j.t.JMeterThread: Thread started: TCC products 1-33
2026-09-10 02:59:46,795 INFO o.a.j.t.JMeterThread: Thread started: TCC products 1-34
2026-09-10 02:59:46,795 INFO o.a.j.t.JMeterThread: Thread started: TCC products 1-35
2026-09-10 02:59:46,796 INFO o.a.j.t.JMeterThread: Thread started: TCC products 1-36
2026-09-10 02:59:46,796 INFO o.a.j.t.JMeterThread: Thread started: TCC products 1-37
2026-09-10 02:59:46,797 INFO o.a.j.t.JMeterThread: Thread started: TCC products 1-38
2026-09-10 02:59:46,798 INFO o.a.j.p.h.s.HTTPHCAbstractImpl: Local host = pop-os
2026-09-10 02:59:46,798 INFO o.a.j.t.JMeterThread: Thread started: TCC products 1-39
2026-09-10 02:59:46,798 INFO o.a.j.t.JMeterThread: Thread started: TCC products 1-40
2026-09-10 02:59:46,799 INFO o.a.j.t.JMeterThread: Thread started: TCC products 1-41
2026-09-10 02:59:46,800 INFO o.a.j.t.JMeterThread: Thread started: TCC products 1-42
2026-09-10 02:59:46,801 INFO o.a.j.t.JMeterThread: Thread started: TCC products 1-43
2026-09-10 02:59:46,801 INFO o.a.j.t.JMeterThread: Thread started: TCC products 1-44
2026-09-10 02:59:46,802 INFO o.a.j.t.JMeterThread: Thread started: TCC products 1-45
2026-09-10 02:59:46,802 INFO o.a.j.t.JMeterThread: Thread started: TCC products 1-46
2026-09-10 02:59:46,803 INFO o.a.j.t.JMeterThread: Thread started: TCC products 1-47
2026-09-10 02:59:46,803 INFO o.a.j.t.JMeterThread: Thread started: TCC products 1-48
2026-09-10 02:59:46,804 INFO o.a.j.t.JMeterThread: Thread started: TCC products 1-49
2026-09-10 02:59:46,804 INFO o.a.j.t.JMeterThread: Thread started: TCC products 1-50
2026-09-10 02:59:46,805 INFO o.a.j.t.JMeterThread: Thread started: TCC products 1-51
2026-09-10 02:59:46,805 INFO o.a.j.t.JMeterThread: Thread started: TCC products 1-52
2026-09-10 02:59:46,806 INFO o.a.j.t.JMeterThread: Thread started: TCC products 1-53
2026-09-10 02:59:46,806 INFO o.a.j.t.JMeterThread: Thread started: TCC products 1-54
2026-09-10 02:59:46,807 INFO o.a.j.t.JMeterThread: Thread started: TCC products 1-55
2026-09-10 02:59:46,807 INFO o.a.j.t.JMeterThread: Thread started: TCC products 1-56
2026-09-10 02:59:46,808 INFO o.a.j.t.JMeterThread: Thread started: TCC products 1-57
2026-09-10 02:59:46,808 INFO o.a.j.p.h.s.HTTPHC4Impl: HTTP request retry count = 0
2026-09-10 02:59:46,808 INFO o.a.j.t.JMeterThread: Thread started: TCC products 1-58
2026-09-10 02:59:46,808 INFO o.a.j.t.JMeterThread: Thread started: TCC products 1-59
2026-09-10 02:59:46,809 INFO o.a.j.t.JMeterThread: Thread started: TCC products 1-60
2026-09-10 02:59:46,809 INFO o.a.j.s.SampleResult: Note: Sample TimeStamps are START times
2026-09-10 02:59:46,809 INFO o.a.j.t.JMeterThread: Thread started: TCC products 1-61
2026-09-10 02:59:46,810 INFO o.a.j.s.SampleResult: sampleresult.default.encoding is set to UTF-8
2026-09-10 02:59:46,810 INFO o.a.j.s.SampleResult: sampleresult.useNanoTime=true
2026-09-10 02:59:46,810 INFO o.a.j.s.SampleResult: sampleresult.nanoThreadSleep=5000
2026-09-10 02:59:46,810 INFO o.a.j.t.JMeterThread: Thread started: TCC products 1-62
2026-09-10 02:59:46,811 INFO o.a.j.t.JMeterThread: Thread started: TCC products 1-63
2026-09-10 02:59:46,812 INFO o.a.j.t.JMeterThread: Thread started: TCC products 1-64
2026-09-10 02:59:46,812 INFO o.a.j.t.JMeterThread: Thread started: TCC products 1-65
2026-09-10 02:59:46,813 INFO o.a.j.t.JMeterThread: Thread started: TCC products 1-66
2026-09-10 02:59:46,813 INFO o.a.j.t.JMeterThread: Thread started: TCC products 1-67
2026-09-10 02:59:46,814 INFO o.a.j.t.JMeterThread: Thread started: TCC products 1-68
2026-09-10 02:59:46,815 INFO o.a.j.t.JMeterThread: Thread started: TCC products 1-69
2026-09-10 02:59:46,815 INFO o.a.j.t.JMeterThread: Thread started: TCC products 1-70
2026-09-10 02:59:46,815 INFO o.a.j.t.JMeterThread: Thread started: TCC products 1-71
2026-09-10 02:59:46,816 INFO o.a.j.t.JMeterThread: Thread started: TCC products 1-72
2026-09-10 02:59:46,816 INFO o.a.j.t.JMeterThread: Thread started: TCC products 1-73
2026-09-10 02:59:46,816 INFO o.a.j.t.JMeterThread: Thread started: TCC products 1-74
2026-09-10 02:59:46,817 INFO o.a.j.t.JMeterThread: Thread started: TCC products 1-75
2026-09-10 02:59:46,817 INFO o.a.j.t.JMeterThread: Thread started: TCC products 1-76
2026-09-10 02:59:46,818 INFO o.a.j.t.JMeterThread: Thread started: TCC products 1-77
2026-09-10 02:59:46,819 INFO o.a.j.t.JMeterThread: Thread started: TCC products 1-78
2026-09-10 02:59:46,819 INFO o.a.j.t.JMeterThread: Thread started: TCC products 1-79
2026-09-10 02:59:46,820 INFO o.a.j.t.JMeterThread: Thread started: TCC products 1-80
2026-09-10 02:59:46,820 INFO o.a.j.t.JMeterThread: Thread started: TCC products 1-81
2026-09-10 02:59:46,821 INFO o.a.j.t.JMeterThread: Thread started: TCC products 1-82
2026-09-10 02:59:46,821 INFO o.a.j.t.JMeterThread: Thread started: TCC products 1-83
2026-09-10 02:59:46,822 INFO o.a.j.t.JMeterThread: Thread started: TCC products 1-84
2026-09-10 02:59:46,823 INFO o.a.j.t.JMeterThread: Thread started: TCC products 1-85
2026-09-10 02:59:46,823 INFO o.a.j.t.JMeterThread: Thread started: TCC products 1-86
2026-09-10 02:59:46,825 INFO o.a.j.t.JMeterThread: Thread started: TCC products 1-87
2026-09-10 02:59:46,825 INFO o.a.j.t.JMeterThread: Thread started: TCC products 1-88
2026-09-10 02:59:46,825 INFO o.a.j.t.JMeterThread: Thread started: TCC products 1-89
2026-09-10 02:59:46,826 INFO o.a.j.t.JMeterThread: Thread started: TCC products 1-90
2026-09-10 02:59:46,826 INFO o.a.j.t.JMeterThread: Thread started: TCC products 1-91
2026-09-10 02:59:46,827 INFO o.a.j.t.JMeterThread: Thread started: TCC products 1-92
2026-09-10 02:59:46,827 INFO o.a.j.t.JMeterThread: Thread started: TCC products 1-93
2026-09-10 02:59:46,827 INFO o.a.j.t.JMeterThread: Thread started: TCC products 1-94
2026-09-10 02:59:46,828 INFO o.a.j.t.JMeterThread: Thread started: TCC products 1-95
2026-09-10 02:59:46,829 INFO o.a.j.t.JMeterThread: Thread started: TCC products 1-96
2026-09-10 02:59:46,829 INFO o.a.j.t.JMeterThread: Thread started: TCC products 1-97
2026-09-10 02:59:46,830 INFO o.a.j.t.JMeterThread: Thread started: TCC products 1-98
2026-09-10 02:59:46,830 INFO o.a.j.t.JMeterThread: Thread started: TCC products 1-99
2026-09-10 02:59:46,832 INFO o.a.j.t.ThreadGroup: Started thread group number 1
2026-09-10 02:59:46,833 INFO o.a.j.e.StandardJMeterEngine: All thread groups have been started
2026-09-10 02:59:46,833 INFO o.a.j.t.JMeterThread: Thread started: TCC products 1-100
2026-09-10 03:00:00,007 INFO o.a.j.r.Summariser: summary +   1553 in 00:00:13 =  117.1/s Avg:   790 Min:   101 Max:  1341 Err:     0 (0.00%) Active: 100 Started: 100 Finished: 0
2026-09-10 03:00:30,005 INFO o.a.j.r.Summariser: summary +   3847 in 00:00:30 =  128.2/s Avg:   779 Min:   744 Max:   823 Err:     0 (0.00%) Active: 100 Started: 100 Finished: 0
2026-09-10 03:00:30,006 INFO o.a.j.r.Summariser: summary =   5400 in 00:00:43 =  124.8/s Avg:   782 Min:   101 Max:  1341 Err:     0 (0.00%)
2026-09-10 03:01:00,005 INFO o.a.j.r.Summariser: summary +   3929 in 00:00:30 =  131.0/s Avg:   763 Min:   741 Max:   802 Err:     0 (0.00%) Active: 100 Started: 100 Finished: 0
2026-09-10 03:01:00,005 INFO o.a.j.r.Summariser: summary =   9329 in 00:01:13 =  127.3/s Avg:   774 Min:   101 Max:  1341 Err:     0 (0.00%)
2026-09-10 03:01:30,002 INFO o.a.j.r.Summariser: summary +   3954 in 00:00:30 =  131.8/s Avg:   758 Min:   731 Max:   808 Err:     0 (0.00%) Active: 100 Started: 100 Finished: 0
2026-09-10 03:01:30,002 INFO o.a.j.r.Summariser: summary =  13283 in 00:01:43 =  128.6/s Avg:   769 Min:   101 Max:  1341 Err:     0 (0.00%)
2026-09-10 03:01:46,782 INFO o.a.j.t.JMeterThread: Stopping because end time detected by thread: TCC products 1-1
2026-09-10 03:01:46,782 INFO o.a.j.t.JMeterThread: Thread finished: TCC products 1-1
2026-09-10 03:01:46,814 INFO o.a.j.t.JMeterThread: Stopping because end time detected by thread: TCC products 1-21
2026-09-10 03:01:46,814 INFO o.a.j.t.JMeterThread: Thread finished: TCC products 1-21
2026-09-10 03:01:46,823 INFO o.a.j.t.JMeterThread: Stopping because end time detected by thread: TCC products 1-44
2026-09-10 03:01:46,823 INFO o.a.j.t.JMeterThread: Thread finished: TCC products 1-44
2026-09-10 03:01:46,830 INFO o.a.j.t.JMeterThread: Stopping because end time detected by thread: TCC products 1-11
2026-09-10 03:01:46,831 INFO o.a.j.t.JMeterThread: Thread finished: TCC products 1-11
2026-09-10 03:01:46,838 INFO o.a.j.t.JMeterThread: Stopping because end time detected by thread: TCC products 1-17
2026-09-10 03:01:46,838 INFO o.a.j.t.JMeterThread: Thread finished: TCC products 1-17
2026-09-10 03:01:46,846 INFO o.a.j.t.JMeterThread: Stopping because end time detected by thread: TCC products 1-68
2026-09-10 03:01:46,846 INFO o.a.j.t.JMeterThread: Thread finished: TCC products 1-68
2026-09-10 03:01:46,854 INFO o.a.j.t.JMeterThread: Stopping because end time detected by thread: TCC products 1-85
2026-09-10 03:01:46,854 INFO o.a.j.t.JMeterThread: Thread finished: TCC products 1-85
2026-09-10 03:01:46,862 INFO o.a.j.t.JMeterThread: Stopping because end time detected by thread: TCC products 1-23
2026-09-10 03:01:46,862 INFO o.a.j.t.JMeterThread: Thread finished: TCC products 1-23
2026-09-10 03:01:46,870 INFO o.a.j.t.JMeterThread: Stopping because end time detected by thread: TCC products 1-5
2026-09-10 03:01:46,870 INFO o.a.j.t.JMeterThread: Thread finished: TCC products 1-5
2026-09-10 03:01:46,878 INFO o.a.j.t.JMeterThread: Stopping because end time detected by thread: TCC products 1-66
2026-09-10 03:01:46,878 INFO o.a.j.t.JMeterThread: Thread finished: TCC products 1-66
2026-09-10 03:01:46,886 INFO o.a.j.t.JMeterThread: Stopping because end time detected by thread: TCC products 1-83
2026-09-10 03:01:46,886 INFO o.a.j.t.JMeterThread: Thread finished: TCC products 1-83
2026-09-10 03:01:46,893 INFO o.a.j.t.JMeterThread: Stopping because end time detected by thread: TCC products 1-40
2026-09-10 03:01:46,893 INFO o.a.j.t.JMeterThread: Thread finished: TCC products 1-40
2026-09-10 03:01:46,901 INFO o.a.j.t.JMeterThread: Stopping because end time detected by thread: TCC products 1-100
2026-09-10 03:01:46,902 INFO o.a.j.t.JMeterThread: Thread finished: TCC products 1-100
2026-09-10 03:01:46,910 INFO o.a.j.t.JMeterThread: Stopping because end time detected by thread: TCC products 1-84
2026-09-10 03:01:46,910 INFO o.a.j.t.JMeterThread: Thread finished: TCC products 1-84
2026-09-10 03:01:46,919 INFO o.a.j.t.JMeterThread: Stopping because end time detected by thread: TCC products 1-6
2026-09-10 03:01:46,919 INFO o.a.j.t.JMeterThread: Thread finished: TCC products 1-6
2026-09-10 03:01:46,926 INFO o.a.j.t.JMeterThread: Stopping because end time detected by thread: TCC products 1-81
2026-09-10 03:01:46,926 INFO o.a.j.t.JMeterThread: Thread finished: TCC products 1-81
2026-09-10 03:01:46,933 INFO o.a.j.t.JMeterThread: Stopping because end time detected by thread: TCC products 1-31
2026-09-10 03:01:46,934 INFO o.a.j.t.JMeterThread: Thread finished: TCC products 1-31
2026-09-10 03:01:46,941 INFO o.a.j.t.JMeterThread: Stopping because end time detected by thread: TCC products 1-80
2026-09-10 03:01:46,941 INFO o.a.j.t.JMeterThread: Thread finished: TCC products 1-80
2026-09-10 03:01:46,949 INFO o.a.j.t.JMeterThread: Stopping because end time detected by thread: TCC products 1-49
2026-09-10 03:01:46,949 INFO o.a.j.t.JMeterThread: Thread finished: TCC products 1-49
2026-09-10 03:01:46,956 INFO o.a.j.t.JMeterThread: Stopping because end time detected by thread: TCC products 1-38
2026-09-10 03:01:46,957 INFO o.a.j.t.JMeterThread: Thread finished: TCC products 1-38
2026-09-10 03:01:46,965 INFO o.a.j.t.JMeterThread: Stopping because end time detected by thread: TCC products 1-24
2026-09-10 03:01:46,965 INFO o.a.j.t.JMeterThread: Thread finished: TCC products 1-24
2026-09-10 03:01:46,973 INFO o.a.j.t.JMeterThread: Stopping because end time detected by thread: TCC products 1-77
2026-09-10 03:01:46,973 INFO o.a.j.t.JMeterThread: Thread finished: TCC products 1-77
2026-09-10 03:01:46,981 INFO o.a.j.t.JMeterThread: Stopping because end time detected by thread: TCC products 1-41
2026-09-10 03:01:46,981 INFO o.a.j.t.JMeterThread: Thread finished: TCC products 1-41
2026-09-10 03:01:46,989 INFO o.a.j.t.JMeterThread: Stopping because end time detected by thread: TCC products 1-9
2026-09-10 03:01:46,989 INFO o.a.j.t.JMeterThread: Thread finished: TCC products 1-9
2026-09-10 03:01:46,997 INFO o.a.j.t.JMeterThread: Stopping because end time detected by thread: TCC products 1-99
2026-09-10 03:01:46,997 INFO o.a.j.t.JMeterThread: Thread finished: TCC products 1-99
2026-09-10 03:01:47,005 INFO o.a.j.t.JMeterThread: Stopping because end time detected by thread: TCC products 1-95
2026-09-10 03:01:47,005 INFO o.a.j.t.JMeterThread: Thread finished: TCC products 1-95
2026-09-10 03:01:47,013 INFO o.a.j.t.JMeterThread: Stopping because end time detected by thread: TCC products 1-10
2026-09-10 03:01:47,013 INFO o.a.j.t.JMeterThread: Thread finished: TCC products 1-10
2026-09-10 03:01:47,021 INFO o.a.j.t.JMeterThread: Stopping because end time detected by thread: TCC products 1-87
2026-09-10 03:01:47,021 INFO o.a.j.t.JMeterThread: Thread finished: TCC products 1-87
2026-09-10 03:01:47,028 INFO o.a.j.t.JMeterThread: Stopping because end time detected by thread: TCC products 1-72
2026-09-10 03:01:47,029 INFO o.a.j.t.JMeterThread: Thread finished: TCC products 1-72
2026-09-10 03:01:47,037 INFO o.a.j.t.JMeterThread: Stopping because end time detected by thread: TCC products 1-57
2026-09-10 03:01:47,038 INFO o.a.j.t.JMeterThread: Thread finished: TCC products 1-57
2026-09-10 03:01:47,046 INFO o.a.j.t.JMeterThread: Stopping because end time detected by thread: TCC products 1-60
2026-09-10 03:01:47,047 INFO o.a.j.t.JMeterThread: Thread finished: TCC products 1-60
2026-09-10 03:01:47,055 INFO o.a.j.t.JMeterThread: Stopping because end time detected by thread: TCC products 1-22
2026-09-10 03:01:47,055 INFO o.a.j.t.JMeterThread: Thread finished: TCC products 1-22
2026-09-10 03:01:47,062 INFO o.a.j.t.JMeterThread: Stopping because end time detected by thread: TCC products 1-51
2026-09-10 03:01:47,062 INFO o.a.j.t.JMeterThread: Thread finished: TCC products 1-51
2026-09-10 03:01:47,070 INFO o.a.j.t.JMeterThread: Stopping because end time detected by thread: TCC products 1-82
2026-09-10 03:01:47,070 INFO o.a.j.t.JMeterThread: Thread finished: TCC products 1-82
2026-09-10 03:01:47,078 INFO o.a.j.t.JMeterThread: Stopping because end time detected by thread: TCC products 1-36
2026-09-10 03:01:47,078 INFO o.a.j.t.JMeterThread: Thread finished: TCC products 1-36
2026-09-10 03:01:47,086 INFO o.a.j.t.JMeterThread: Stopping because end time detected by thread: TCC products 1-25
2026-09-10 03:01:47,086 INFO o.a.j.t.JMeterThread: Thread finished: TCC products 1-25
2026-09-10 03:01:47,094 INFO o.a.j.t.JMeterThread: Stopping because end time detected by thread: TCC products 1-53
2026-09-10 03:01:47,094 INFO o.a.j.t.JMeterThread: Thread finished: TCC products 1-53
2026-09-10 03:01:47,101 INFO o.a.j.t.JMeterThread: Stopping because end time detected by thread: TCC products 1-78
2026-09-10 03:01:47,101 INFO o.a.j.t.JMeterThread: Thread finished: TCC products 1-78
2026-09-10 03:01:47,109 INFO o.a.j.t.JMeterThread: Stopping because end time detected by thread: TCC products 1-55
2026-09-10 03:01:47,109 INFO o.a.j.t.JMeterThread: Thread finished: TCC products 1-55
2026-09-10 03:01:47,117 INFO o.a.j.t.JMeterThread: Stopping because end time detected by thread: TCC products 1-46
2026-09-10 03:01:47,117 INFO o.a.j.t.JMeterThread: Thread finished: TCC products 1-46
2026-09-10 03:01:47,126 INFO o.a.j.t.JMeterThread: Stopping because end time detected by thread: TCC products 1-42
2026-09-10 03:01:47,126 INFO o.a.j.t.JMeterThread: Thread finished: TCC products 1-42
2026-09-10 03:01:47,135 INFO o.a.j.t.JMeterThread: Stopping because end time detected by thread: TCC products 1-90
2026-09-10 03:01:47,135 INFO o.a.j.t.JMeterThread: Thread finished: TCC products 1-90
2026-09-10 03:01:47,143 INFO o.a.j.t.JMeterThread: Stopping because end time detected by thread: TCC products 1-91
2026-09-10 03:01:47,143 INFO o.a.j.t.JMeterThread: Thread finished: TCC products 1-91
2026-09-10 03:01:47,151 INFO o.a.j.t.JMeterThread: Stopping because end time detected by thread: TCC products 1-63
2026-09-10 03:01:47,151 INFO o.a.j.t.JMeterThread: Thread finished: TCC products 1-63
2026-09-10 03:01:47,159 INFO o.a.j.t.JMeterThread: Stopping because end time detected by thread: TCC products 1-48
2026-09-10 03:01:47,159 INFO o.a.j.t.JMeterThread: Thread finished: TCC products 1-48
2026-09-10 03:01:47,168 INFO o.a.j.t.JMeterThread: Stopping because end time detected by thread: TCC products 1-14
2026-09-10 03:01:47,168 INFO o.a.j.t.JMeterThread: Thread finished: TCC products 1-14
2026-09-10 03:01:47,176 INFO o.a.j.t.JMeterThread: Stopping because end time detected by thread: TCC products 1-35
2026-09-10 03:01:47,176 INFO o.a.j.t.JMeterThread: Thread finished: TCC products 1-35
2026-09-10 03:01:47,184 INFO o.a.j.t.JMeterThread: Stopping because end time detected by thread: TCC products 1-59
2026-09-10 03:01:47,184 INFO o.a.j.t.JMeterThread: Thread finished: TCC products 1-59
2026-09-10 03:01:47,192 INFO o.a.j.t.JMeterThread: Stopping because end time detected by thread: TCC products 1-47
2026-09-10 03:01:47,192 INFO o.a.j.t.JMeterThread: Thread finished: TCC products 1-47
2026-09-10 03:01:47,199 INFO o.a.j.t.JMeterThread: Stopping because end time detected by thread: TCC products 1-74
2026-09-10 03:01:47,200 INFO o.a.j.t.JMeterThread: Thread finished: TCC products 1-74
2026-09-10 03:01:47,207 INFO o.a.j.t.JMeterThread: Stopping because end time detected by thread: TCC products 1-2
2026-09-10 03:01:47,207 INFO o.a.j.t.JMeterThread: Thread finished: TCC products 1-2
2026-09-10 03:01:47,215 INFO o.a.j.t.JMeterThread: Stopping because end time detected by thread: TCC products 1-89
2026-09-10 03:01:47,215 INFO o.a.j.t.JMeterThread: Thread finished: TCC products 1-89
2026-09-10 03:01:47,223 INFO o.a.j.t.JMeterThread: Stopping because end time detected by thread: TCC products 1-50
2026-09-10 03:01:47,223 INFO o.a.j.t.JMeterThread: Thread finished: TCC products 1-50
2026-09-10 03:01:47,230 INFO o.a.j.t.JMeterThread: Stopping because end time detected by thread: TCC products 1-64
2026-09-10 03:01:47,231 INFO o.a.j.t.JMeterThread: Thread finished: TCC products 1-64
2026-09-10 03:01:47,238 INFO o.a.j.t.JMeterThread: Stopping because end time detected by thread: TCC products 1-8
2026-09-10 03:01:47,238 INFO o.a.j.t.JMeterThread: Thread finished: TCC products 1-8
2026-09-10 03:01:47,246 INFO o.a.j.t.JMeterThread: Stopping because end time detected by thread: TCC products 1-71
2026-09-10 03:01:47,246 INFO o.a.j.t.JMeterThread: Thread finished: TCC products 1-71
2026-09-10 03:01:47,254 INFO o.a.j.t.JMeterThread: Stopping because end time detected by thread: TCC products 1-18
2026-09-10 03:01:47,254 INFO o.a.j.t.JMeterThread: Thread finished: TCC products 1-18
2026-09-10 03:01:47,261 INFO o.a.j.t.JMeterThread: Stopping because end time detected by thread: TCC products 1-67
2026-09-10 03:01:47,262 INFO o.a.j.t.JMeterThread: Thread finished: TCC products 1-67
2026-09-10 03:01:47,269 INFO o.a.j.t.JMeterThread: Stopping because end time detected by thread: TCC products 1-86
2026-09-10 03:01:47,270 INFO o.a.j.t.JMeterThread: Thread finished: TCC products 1-86
2026-09-10 03:01:47,277 INFO o.a.j.t.JMeterThread: Stopping because end time detected by thread: TCC products 1-45
2026-09-10 03:01:47,277 INFO o.a.j.t.JMeterThread: Thread finished: TCC products 1-45
2026-09-10 03:01:47,285 INFO o.a.j.t.JMeterThread: Stopping because end time detected by thread: TCC products 1-34
2026-09-10 03:01:47,285 INFO o.a.j.t.JMeterThread: Thread finished: TCC products 1-34
2026-09-10 03:01:47,292 INFO o.a.j.t.JMeterThread: Stopping because end time detected by thread: TCC products 1-88
2026-09-10 03:01:47,292 INFO o.a.j.t.JMeterThread: Thread finished: TCC products 1-88
2026-09-10 03:01:47,300 INFO o.a.j.t.JMeterThread: Stopping because end time detected by thread: TCC products 1-12
2026-09-10 03:01:47,300 INFO o.a.j.t.JMeterThread: Thread finished: TCC products 1-12
2026-09-10 03:01:47,308 INFO o.a.j.t.JMeterThread: Stopping because end time detected by thread: TCC products 1-73
2026-09-10 03:01:47,308 INFO o.a.j.t.JMeterThread: Thread finished: TCC products 1-73
2026-09-10 03:01:47,315 INFO o.a.j.t.JMeterThread: Stopping because end time detected by thread: TCC products 1-27
2026-09-10 03:01:47,316 INFO o.a.j.t.JMeterThread: Thread finished: TCC products 1-27
2026-09-10 03:01:47,323 INFO o.a.j.t.JMeterThread: Stopping because end time detected by thread: TCC products 1-98
2026-09-10 03:01:47,324 INFO o.a.j.t.JMeterThread: Thread finished: TCC products 1-98
2026-09-10 03:01:47,331 INFO o.a.j.t.JMeterThread: Stopping because end time detected by thread: TCC products 1-33
2026-09-10 03:01:47,331 INFO o.a.j.t.JMeterThread: Thread finished: TCC products 1-33
2026-09-10 03:01:47,339 INFO o.a.j.t.JMeterThread: Stopping because end time detected by thread: TCC products 1-56
2026-09-10 03:01:47,339 INFO o.a.j.t.JMeterThread: Thread finished: TCC products 1-56
2026-09-10 03:01:47,346 INFO o.a.j.t.JMeterThread: Stopping because end time detected by thread: TCC products 1-28
2026-09-10 03:01:47,346 INFO o.a.j.t.JMeterThread: Thread finished: TCC products 1-28
2026-09-10 03:01:47,354 INFO o.a.j.t.JMeterThread: Stopping because end time detected by thread: TCC products 1-96
2026-09-10 03:01:47,354 INFO o.a.j.t.JMeterThread: Thread finished: TCC products 1-96
2026-09-10 03:01:47,362 INFO o.a.j.t.JMeterThread: Stopping because end time detected by thread: TCC products 1-20
2026-09-10 03:01:47,363 INFO o.a.j.t.JMeterThread: Thread finished: TCC products 1-20
2026-09-10 03:01:47,371 INFO o.a.j.t.JMeterThread: Stopping because end time detected by thread: TCC products 1-19
2026-09-10 03:01:47,371 INFO o.a.j.t.JMeterThread: Thread finished: TCC products 1-19
2026-09-10 03:01:47,378 INFO o.a.j.t.JMeterThread: Stopping because end time detected by thread: TCC products 1-26
2026-09-10 03:01:47,378 INFO o.a.j.t.JMeterThread: Thread finished: TCC products 1-26
2026-09-10 03:01:47,387 INFO o.a.j.t.JMeterThread: Stopping because end time detected by thread: TCC products 1-92
2026-09-10 03:01:47,387 INFO o.a.j.t.JMeterThread: Thread finished: TCC products 1-92
2026-09-10 03:01:47,394 INFO o.a.j.t.JMeterThread: Stopping because end time detected by thread: TCC products 1-97
2026-09-10 03:01:47,394 INFO o.a.j.t.JMeterThread: Thread finished: TCC products 1-97
2026-09-10 03:01:47,402 INFO o.a.j.t.JMeterThread: Stopping because end time detected by thread: TCC products 1-93
2026-09-10 03:01:47,402 INFO o.a.j.t.JMeterThread: Thread finished: TCC products 1-93
2026-09-10 03:01:47,410 INFO o.a.j.t.JMeterThread: Stopping because end time detected by thread: TCC products 1-37
2026-09-10 03:01:47,410 INFO o.a.j.t.JMeterThread: Thread finished: TCC products 1-37
2026-09-10 03:01:47,418 INFO o.a.j.t.JMeterThread: Stopping because end time detected by thread: TCC products 1-30
2026-09-10 03:01:47,418 INFO o.a.j.t.JMeterThread: Thread finished: TCC products 1-30
2026-09-10 03:01:47,426 INFO o.a.j.t.JMeterThread: Stopping because end time detected by thread: TCC products 1-62
2026-09-10 03:01:47,426 INFO o.a.j.t.JMeterThread: Thread finished: TCC products 1-62
2026-09-10 03:01:47,434 INFO o.a.j.t.JMeterThread: Stopping because end time detected by thread: TCC products 1-61
2026-09-10 03:01:47,434 INFO o.a.j.t.JMeterThread: Thread finished: TCC products 1-61
2026-09-10 03:01:47,441 INFO o.a.j.t.JMeterThread: Stopping because end time detected by thread: TCC products 1-94
2026-09-10 03:01:47,441 INFO o.a.j.t.JMeterThread: Thread finished: TCC products 1-94
2026-09-10 03:01:47,450 INFO o.a.j.t.JMeterThread: Stopping because end time detected by thread: TCC products 1-29
2026-09-10 03:01:47,450 INFO o.a.j.t.JMeterThread: Thread finished: TCC products 1-29
2026-09-10 03:01:47,458 INFO o.a.j.t.JMeterThread: Stopping because end time detected by thread: TCC products 1-3
2026-09-10 03:01:47,458 INFO o.a.j.t.JMeterThread: Thread finished: TCC products 1-3
2026-09-10 03:01:47,466 INFO o.a.j.t.JMeterThread: Stopping because end time detected by thread: TCC products 1-54
2026-09-10 03:01:47,466 INFO o.a.j.t.JMeterThread: Thread finished: TCC products 1-54
2026-09-10 03:01:47,473 INFO o.a.j.t.JMeterThread: Stopping because end time detected by thread: TCC products 1-65
2026-09-10 03:01:47,473 INFO o.a.j.t.JMeterThread: Thread finished: TCC products 1-65
2026-09-10 03:01:47,480 INFO o.a.j.t.JMeterThread: Stopping because end time detected by thread: TCC products 1-69
2026-09-10 03:01:47,481 INFO o.a.j.t.JMeterThread: Thread finished: TCC products 1-69
2026-09-10 03:01:47,488 INFO o.a.j.t.JMeterThread: Stopping because end time detected by thread: TCC products 1-39
2026-09-10 03:01:47,488 INFO o.a.j.t.JMeterThread: Thread finished: TCC products 1-39
2026-09-10 03:01:47,496 INFO o.a.j.t.JMeterThread: Stopping because end time detected by thread: TCC products 1-16
2026-09-10 03:01:47,496 INFO o.a.j.t.JMeterThread: Thread finished: TCC products 1-16
2026-09-10 03:01:47,504 INFO o.a.j.t.JMeterThread: Stopping because end time detected by thread: TCC products 1-15
2026-09-10 03:01:47,504 INFO o.a.j.t.JMeterThread: Thread finished: TCC products 1-15
2026-09-10 03:01:47,512 INFO o.a.j.t.JMeterThread: Stopping because end time detected by thread: TCC products 1-43
2026-09-10 03:01:47,512 INFO o.a.j.t.JMeterThread: Thread finished: TCC products 1-43
2026-09-10 03:01:47,520 INFO o.a.j.t.JMeterThread: Stopping because end time detected by thread: TCC products 1-52
2026-09-10 03:01:47,520 INFO o.a.j.t.JMeterThread: Thread finished: TCC products 1-52
2026-09-10 03:01:47,527 INFO o.a.j.t.JMeterThread: Stopping because end time detected by thread: TCC products 1-4
2026-09-10 03:01:47,527 INFO o.a.j.t.JMeterThread: Thread finished: TCC products 1-4
2026-09-10 03:01:47,537 INFO o.a.j.t.JMeterThread: Stopping because end time detected by thread: TCC products 1-13
2026-09-10 03:01:47,537 INFO o.a.j.t.JMeterThread: Thread finished: TCC products 1-13
2026-09-10 03:01:47,546 INFO o.a.j.t.JMeterThread: Stopping because end time detected by thread: TCC products 1-7
2026-09-10 03:01:47,546 INFO o.a.j.t.JMeterThread: Thread finished: TCC products 1-7
2026-09-10 03:01:47,553 INFO o.a.j.t.JMeterThread: Stopping because end time detected by thread: TCC products 1-79
2026-09-10 03:01:47,553 INFO o.a.j.t.JMeterThread: Thread finished: TCC products 1-79
2026-09-10 03:01:47,561 INFO o.a.j.t.JMeterThread: Stopping because end time detected by thread: TCC products 1-32
2026-09-10 03:01:47,561 INFO o.a.j.t.JMeterThread: Thread finished: TCC products 1-32
2026-09-10 03:01:47,568 INFO o.a.j.t.JMeterThread: Stopping because end time detected by thread: TCC products 1-58
2026-09-10 03:01:47,569 INFO o.a.j.t.JMeterThread: Thread finished: TCC products 1-58
2026-09-10 03:01:47,576 INFO o.a.j.t.JMeterThread: Stopping because end time detected by thread: TCC products 1-70
2026-09-10 03:01:47,576 INFO o.a.j.t.JMeterThread: Thread finished: TCC products 1-70
2026-09-10 03:01:47,583 INFO o.a.j.t.JMeterThread: Stopping because end time detected by thread: TCC products 1-76
2026-09-10 03:01:47,584 INFO o.a.j.t.JMeterThread: Thread finished: TCC products 1-76
2026-09-10 03:01:47,591 INFO o.a.j.t.JMeterThread: Stopping because end time detected by thread: TCC products 1-75
2026-09-10 03:01:47,591 INFO o.a.j.t.JMeterThread: Thread finished: TCC products 1-75
2026-09-10 03:01:47,591 INFO o.a.j.e.StandardJMeterEngine: Notifying test listeners of end of test
2026-09-10 03:01:47,600 INFO o.a.j.r.Summariser: summary +   2291 in 00:00:18 =  130.2/s Avg:   766 Min:   744 Max:   798 Err:     0 (0.00%) Active: 0 Started: 100 Finished: 100
2026-09-10 03:01:47,600 INFO o.a.j.r.Summariser: summary =  15574 in 00:02:01 =  128.9/s Avg:   769 Min:   101 Max:  1341 Err:     0 (0.00%)
