2026-09-10 08:36:54,312 INFO o.a.j.u.JMeterUtils: Setting Locale to en_EN
2026-09-10 08:36:54,328 INFO o.a.j.JMeter: Loading user properties from: /home/avituo/projects/tcc/tcc-container/.tools/apache-jmeter-5.6.3/bin/user.properties
2026-09-10 08:36:54,328 INFO o.a.j.JMeter: Loading system properties from: /home/avituo/projects/tcc/tcc-container/.tools/apache-jmeter-5.6.3/bin/system.properties
2026-09-10 08:36:54,328 INFO o.a.j.JMeter: Loading additional properties from: /home/avituo/projects/tcc/tcc-container/benchmark/jmeter/benchmark.properties
2026-09-10 08:36:54,328 INFO o.a.j.JMeter: Loading additional properties from: /tmp/tcc-benchmark-auth.KngJSX/auth.properties
2026-09-10 08:36:54,328 INFO o.a.j.JMeter: Loading additional properties from: /home/avituo/projects/tcc/tcc-container/benchmark/results/laravel-13.20.0/final/order-create/c10/r5/microservices/thread-counters.properties
2026-09-10 08:36:54,329 INFO o.a.j.JMeter: Setting JMeter property: threads=10
2026-09-10 08:36:54,329 INFO o.a.j.JMeter: Setting JMeter property: duration_seconds=120
2026-09-10 08:36:54,329 INFO o.a.j.JMeter: Setting JMeter property: target_host=localhost
2026-09-10 08:36:54,329 INFO o.a.j.JMeter: Setting JMeter property: target_port=18080
2026-09-10 08:36:54,329 INFO o.a.j.JMeter: Setting JMeter property: tcc.order.id=20000000-0000-4000-8000-000000000001
2026-09-10 08:36:54,329 INFO o.a.j.JMeter: Setting JMeter property: repetition=5
2026-09-10 08:36:54,336 INFO o.a.j.JMeter: Copyright (c) 1998-2024 The Apache Software Foundation
2026-09-10 08:36:54,336 INFO o.a.j.JMeter: Version 5.6.3
2026-09-10 08:36:54,336 INFO o.a.j.JMeter: java.version=21.0.11
2026-09-10 08:36:54,336 INFO o.a.j.JMeter: java.vm.name=OpenJDK 64-Bit Server VM
2026-09-10 08:36:54,336 INFO o.a.j.JMeter: os.name=Linux
2026-09-10 08:36:54,336 INFO o.a.j.JMeter: os.arch=amd64
2026-09-10 08:36:54,336 INFO o.a.j.JMeter: os.version=7.0.11-76070011-generic
2026-09-10 08:36:54,336 INFO o.a.j.JMeter: file.encoding=UTF-8
2026-09-10 08:36:54,336 INFO o.a.j.JMeter: java.awt.headless=true
2026-09-10 08:36:54,336 INFO o.a.j.JMeter: Max memory     =1073741824
2026-09-10 08:36:54,336 INFO o.a.j.JMeter: Available Processors =16
2026-09-10 08:36:54,345 INFO o.a.j.JMeter: Default Locale=English (EN)
2026-09-10 08:36:54,345 INFO o.a.j.JMeter: JMeter  Locale=English (EN)
2026-09-10 08:36:54,345 INFO o.a.j.JMeter: JMeterHome=/home/avituo/projects/tcc/tcc-container/.tools/apache-jmeter-5.6.3
2026-09-10 08:36:54,345 INFO o.a.j.JMeter: user.dir  =/home/avituo/projects/tcc/tcc-container
2026-09-10 08:36:54,346 INFO o.a.j.JMeter: PWD       =/home/avituo/projects/tcc/tcc-container
2026-09-10 08:36:54,357 INFO o.a.j.JMeter: IP: 192.168.1.16 Name: pop-os FullName: pop-os.home
2026-09-10 08:36:54,369 INFO o.a.j.s.FileServer: Default base='/home/avituo/projects/tcc/tcc-container'
2026-09-10 08:36:54,371 INFO o.a.j.s.FileServer: Set new base='/home/avituo/projects/tcc/tcc-container/benchmark/jmeter'
2026-09-10 08:36:54,544 INFO o.a.j.s.SaveService: Testplan (JMX) version: 2.2. Testlog (JTL) version: 2.2
2026-09-10 08:36:54,573 INFO o.a.j.s.SaveService: Using SaveService properties version 5.0
2026-09-10 08:36:54,576 INFO o.a.j.s.SaveService: Using SaveService properties file encoding UTF-8
2026-09-10 08:36:54,580 INFO o.a.j.s.SaveService: Loading file: /home/avituo/projects/tcc/tcc-container/benchmark/jmeter/tcc-order-create-v1.jmx
2026-09-10 08:36:54,631 INFO o.a.j.p.h.s.HTTPSamplerBase: Parser for text/html is org.apache.jmeter.protocol.http.parser.LagartoBasedHtmlParser
2026-09-10 08:36:54,631 INFO o.a.j.p.h.s.HTTPSamplerBase: Parser for application/xhtml+xml is org.apache.jmeter.protocol.http.parser.LagartoBasedHtmlParser
2026-09-10 08:36:54,631 INFO o.a.j.p.h.s.HTTPSamplerBase: Parser for application/xml is org.apache.jmeter.protocol.http.parser.LagartoBasedHtmlParser
2026-09-10 08:36:54,632 INFO o.a.j.p.h.s.HTTPSamplerBase: Parser for text/xml is org.apache.jmeter.protocol.http.parser.LagartoBasedHtmlParser
2026-09-10 08:36:54,632 INFO o.a.j.p.h.s.HTTPSamplerBase: Parser for text/vnd.wap.wml is org.apache.jmeter.protocol.http.parser.RegexpHTMLParser
2026-09-10 08:36:54,632 INFO o.a.j.p.h.s.HTTPSamplerBase: Parser for text/css is org.apache.jmeter.protocol.http.parser.CssParser
2026-09-10 08:36:54,668 INFO o.a.j.JMeter: Creating summariser <summary>
2026-09-10 08:36:54,685 INFO o.a.j.e.StandardJMeterEngine: Running the test!
2026-09-10 08:36:54,686 INFO o.a.j.s.SampleEvent: List of sample_variables: []
2026-09-10 08:36:54,686 INFO o.a.j.s.SampleEvent: List of sample_variables: []
2026-09-10 08:36:54,693 INFO o.a.j.e.u.CompoundVariable: Note: Function class names must contain the string: '.functions.'
2026-09-10 08:36:54,693 INFO o.a.j.e.u.CompoundVariable: Note: Function class names must not contain the string: '.gui.'
2026-09-10 08:36:54,943 INFO o.a.j.JMeter: Running test (1789040214943)
2026-09-10 08:36:54,965 INFO o.a.j.e.StandardJMeterEngine: Starting ThreadGroup: 1 : TCC order-create
2026-09-10 08:36:54,965 INFO o.a.j.e.StandardJMeterEngine: Starting 10 threads for group TCC order-create.
2026-09-10 08:36:54,965 INFO o.a.j.e.StandardJMeterEngine: Thread will continue on error
2026-09-10 08:36:54,966 INFO o.a.j.t.ThreadGroup: Starting thread group... number=1 threads=10 ramp-up=0 delayedStart=false
2026-09-10 08:36:54,972 INFO o.a.j.t.JMeterThread: Thread started: TCC order-create 1-1
2026-09-10 08:36:54,972 INFO o.a.j.t.JMeterThread: Thread started: TCC order-create 1-3
2026-09-10 08:36:54,972 INFO o.a.j.t.JMeterThread: Thread started: TCC order-create 1-2
2026-09-10 08:36:54,972 INFO o.a.j.t.JMeterThread: Thread started: TCC order-create 1-4
2026-09-10 08:36:54,973 INFO o.a.j.t.JMeterThread: Thread started: TCC order-create 1-5
2026-09-10 08:36:54,974 INFO o.a.j.t.JMeterThread: Thread started: TCC order-create 1-6
2026-09-10 08:36:54,974 INFO o.a.j.t.JMeterThread: Thread started: TCC order-create 1-7
2026-09-10 08:36:54,975 INFO o.a.j.t.JMeterThread: Thread started: TCC order-create 1-8
2026-09-10 08:36:54,976 INFO o.a.j.t.JMeterThread: Thread started: TCC order-create 1-9
2026-09-10 08:36:54,976 INFO o.a.j.t.ThreadGroup: Started thread group number 1
2026-09-10 08:36:54,976 INFO o.a.j.e.StandardJMeterEngine: All thread groups have been started
2026-09-10 08:36:54,976 INFO o.a.j.t.JMeterThread: Thread started: TCC order-create 1-10
2026-09-10 08:36:55,629 INFO o.a.j.p.h.s.HTTPHCAbstractImpl: Local host = pop-os
2026-09-10 08:36:55,635 INFO o.a.j.p.h.s.HTTPHC4Impl: HTTP request retry count = 0
2026-09-10 08:36:55,637 INFO o.a.j.s.SampleResult: Note: Sample TimeStamps are START times
2026-09-10 08:36:55,637 INFO o.a.j.s.SampleResult: sampleresult.default.encoding is set to UTF-8
2026-09-10 08:36:55,637 INFO o.a.j.s.SampleResult: sampleresult.useNanoTime=true
2026-09-10 08:36:55,637 INFO o.a.j.s.SampleResult: sampleresult.nanoThreadSleep=5000
2026-09-10 08:37:00,054 INFO o.a.j.r.Summariser: summary +     80 in 00:00:05 =   15.7/s Avg:   505 Min:   108 Max:   614 Err:     0 (0.00%) Active: 10 Started: 10 Finished: 0
2026-09-10 08:37:30,037 INFO o.a.j.r.Summariser: summary +    565 in 00:00:30 =   18.8/s Avg:   529 Min:   478 Max:   660 Err:     0 (0.00%) Active: 10 Started: 10 Finished: 0
2026-09-10 08:37:30,037 INFO o.a.j.r.Summariser: summary =    645 in 00:00:35 =   18.4/s Avg:   526 Min:   108 Max:   660 Err:     0 (0.00%)
2026-09-10 08:38:00,029 INFO o.a.j.r.Summariser: summary +    568 in 00:00:30 =   18.9/s Avg:   527 Min:   506 Max:   599 Err:     0 (0.00%) Active: 10 Started: 10 Finished: 0
2026-09-10 08:38:00,029 INFO o.a.j.r.Summariser: summary =   1213 in 00:01:05 =   18.6/s Avg:   526 Min:   108 Max:   660 Err:     0 (0.00%)
2026-09-10 08:38:30,018 INFO o.a.j.r.Summariser: summary +    567 in 00:00:30 =   18.9/s Avg:   528 Min:   501 Max:   638 Err:     0 (0.00%) Active: 10 Started: 10 Finished: 0
2026-09-10 08:38:30,019 INFO o.a.j.r.Summariser: summary =   1780 in 00:01:35 =   18.7/s Avg:   527 Min:   108 Max:   660 Err:     0 (0.00%)
2026-09-10 08:38:54,992 INFO o.a.j.t.JMeterThread: Stopping because end time detected by thread: TCC order-create 1-5
2026-09-10 08:38:54,993 INFO o.a.j.t.JMeterThread: Thread finished: TCC order-create 1-5
2026-09-10 08:38:55,051 INFO o.a.j.t.JMeterThread: Stopping because end time detected by thread: TCC order-create 1-3
2026-09-10 08:38:55,052 INFO o.a.j.t.JMeterThread: Thread finished: TCC order-create 1-3
2026-09-10 08:38:55,103 INFO o.a.j.t.JMeterThread: Stopping because end time detected by thread: TCC order-create 1-7
2026-09-10 08:38:55,103 INFO o.a.j.t.JMeterThread: Thread finished: TCC order-create 1-7
2026-09-10 08:38:55,154 INFO o.a.j.t.JMeterThread: Stopping because end time detected by thread: TCC order-create 1-8
2026-09-10 08:38:55,154 INFO o.a.j.t.JMeterThread: Thread finished: TCC order-create 1-8
2026-09-10 08:38:55,210 INFO o.a.j.t.JMeterThread: Stopping because end time detected by thread: TCC order-create 1-10
2026-09-10 08:38:55,210 INFO o.a.j.t.JMeterThread: Thread finished: TCC order-create 1-10
2026-09-10 08:38:55,265 INFO o.a.j.t.JMeterThread: Stopping because end time detected by thread: TCC order-create 1-2
2026-09-10 08:38:55,266 INFO o.a.j.t.JMeterThread: Thread finished: TCC order-create 1-2
2026-09-10 08:38:55,318 INFO o.a.j.t.JMeterThread: Stopping because end time detected by thread: TCC order-create 1-1
2026-09-10 08:38:55,318 INFO o.a.j.t.JMeterThread: Thread finished: TCC order-create 1-1
2026-09-10 08:38:55,372 INFO o.a.j.t.JMeterThread: Stopping because end time detected by thread: TCC order-create 1-9
2026-09-10 08:38:55,372 INFO o.a.j.t.JMeterThread: Thread finished: TCC order-create 1-9
2026-09-10 08:38:55,425 INFO o.a.j.t.JMeterThread: Stopping because end time detected by thread: TCC order-create 1-6
2026-09-10 08:38:55,425 INFO o.a.j.t.JMeterThread: Thread finished: TCC order-create 1-6
2026-09-10 08:38:55,476 INFO o.a.j.t.JMeterThread: Stopping because end time detected by thread: TCC order-create 1-4
2026-09-10 08:38:55,476 INFO o.a.j.t.JMeterThread: Thread finished: TCC order-create 1-4
2026-09-10 08:38:55,477 INFO o.a.j.e.StandardJMeterEngine: Notifying test listeners of end of test
2026-09-10 08:38:55,480 INFO o.a.j.r.Summariser: summary +    468 in 00:00:25 =   18.4/s Avg:   543 Min:   506 Max:  1454 Err:     0 (0.00%) Active: 0 Started: 10 Finished: 10
2026-09-10 08:38:55,481 INFO o.a.j.r.Summariser: summary =   2248 in 00:02:01 =   18.6/s Avg:   530 Min:   108 Max:  1454 Err:     0 (0.00%)
