2026-09-10 05:55:42,993 INFO o.a.j.u.JMeterUtils: Setting Locale to en_EN
2026-09-10 05:55:43,011 INFO o.a.j.JMeter: Loading user properties from: /home/avituo/projects/tcc/tcc-container/.tools/apache-jmeter-5.6.3/bin/user.properties
2026-09-10 05:55:43,011 INFO o.a.j.JMeter: Loading system properties from: /home/avituo/projects/tcc/tcc-container/.tools/apache-jmeter-5.6.3/bin/system.properties
2026-09-10 05:55:43,011 INFO o.a.j.JMeter: Loading additional properties from: /home/avituo/projects/tcc/tcc-container/benchmark/jmeter/benchmark.properties
2026-09-10 05:55:43,012 INFO o.a.j.JMeter: Loading additional properties from: /tmp/tcc-benchmark-auth.KBt2gp/auth.properties
2026-09-10 05:55:43,012 INFO o.a.j.JMeter: Loading additional properties from: /home/avituo/projects/tcc/tcc-container/benchmark/results/laravel-13.20.0/final/order-show/c10/r3/monolith/thread-counters.properties
2026-09-10 05:55:43,012 INFO o.a.j.JMeter: Setting JMeter property: threads=10
2026-09-10 05:55:43,012 INFO o.a.j.JMeter: Setting JMeter property: duration_seconds=120
2026-09-10 05:55:43,012 INFO o.a.j.JMeter: Setting JMeter property: target_host=localhost
2026-09-10 05:55:43,012 INFO o.a.j.JMeter: Setting JMeter property: target_port=18000
2026-09-10 05:55:43,012 INFO o.a.j.JMeter: Setting JMeter property: tcc.order.id=1
2026-09-10 05:55:43,012 INFO o.a.j.JMeter: Setting JMeter property: repetition=3
2026-09-10 05:55:43,019 INFO o.a.j.JMeter: Copyright (c) 1998-2024 The Apache Software Foundation
2026-09-10 05:55:43,019 INFO o.a.j.JMeter: Version 5.6.3
2026-09-10 05:55:43,019 INFO o.a.j.JMeter: java.version=21.0.11
2026-09-10 05:55:43,019 INFO o.a.j.JMeter: java.vm.name=OpenJDK 64-Bit Server VM
2026-09-10 05:55:43,020 INFO o.a.j.JMeter: os.name=Linux
2026-09-10 05:55:43,020 INFO o.a.j.JMeter: os.arch=amd64
2026-09-10 05:55:43,020 INFO o.a.j.JMeter: os.version=7.0.11-76070011-generic
2026-09-10 05:55:43,020 INFO o.a.j.JMeter: file.encoding=UTF-8
2026-09-10 05:55:43,020 INFO o.a.j.JMeter: java.awt.headless=true
2026-09-10 05:55:43,020 INFO o.a.j.JMeter: Max memory     =1073741824
2026-09-10 05:55:43,020 INFO o.a.j.JMeter: Available Processors =16
2026-09-10 05:55:43,028 INFO o.a.j.JMeter: Default Locale=English (EN)
2026-09-10 05:55:43,029 INFO o.a.j.JMeter: JMeter  Locale=English (EN)
2026-09-10 05:55:43,029 INFO o.a.j.JMeter: JMeterHome=/home/avituo/projects/tcc/tcc-container/.tools/apache-jmeter-5.6.3
2026-09-10 05:55:43,029 INFO o.a.j.JMeter: user.dir  =/home/avituo/projects/tcc/tcc-container
2026-09-10 05:55:43,029 INFO o.a.j.JMeter: PWD       =/home/avituo/projects/tcc/tcc-container
2026-09-10 05:55:43,037 INFO o.a.j.JMeter: IP: 192.168.1.16 Name: pop-os FullName: pop-os.home
2026-09-10 05:55:43,048 INFO o.a.j.s.FileServer: Default base='/home/avituo/projects/tcc/tcc-container'
2026-09-10 05:55:43,050 INFO o.a.j.s.FileServer: Set new base='/home/avituo/projects/tcc/tcc-container/benchmark/jmeter'
2026-09-10 05:55:43,217 INFO o.a.j.s.SaveService: Testplan (JMX) version: 2.2. Testlog (JTL) version: 2.2
2026-09-10 05:55:43,240 INFO o.a.j.s.SaveService: Using SaveService properties version 5.0
2026-09-10 05:55:43,243 INFO o.a.j.s.SaveService: Using SaveService properties file encoding UTF-8
2026-09-10 05:55:43,247 INFO o.a.j.s.SaveService: Loading file: /home/avituo/projects/tcc/tcc-container/benchmark/jmeter/tcc-order-show-v1.jmx
2026-09-10 05:55:43,295 INFO o.a.j.p.h.s.HTTPSamplerBase: Parser for text/html is org.apache.jmeter.protocol.http.parser.LagartoBasedHtmlParser
2026-09-10 05:55:43,295 INFO o.a.j.p.h.s.HTTPSamplerBase: Parser for application/xhtml+xml is org.apache.jmeter.protocol.http.parser.LagartoBasedHtmlParser
2026-09-10 05:55:43,296 INFO o.a.j.p.h.s.HTTPSamplerBase: Parser for application/xml is org.apache.jmeter.protocol.http.parser.LagartoBasedHtmlParser
2026-09-10 05:55:43,296 INFO o.a.j.p.h.s.HTTPSamplerBase: Parser for text/xml is org.apache.jmeter.protocol.http.parser.LagartoBasedHtmlParser
2026-09-10 05:55:43,296 INFO o.a.j.p.h.s.HTTPSamplerBase: Parser for text/vnd.wap.wml is org.apache.jmeter.protocol.http.parser.RegexpHTMLParser
2026-09-10 05:55:43,296 INFO o.a.j.p.h.s.HTTPSamplerBase: Parser for text/css is org.apache.jmeter.protocol.http.parser.CssParser
2026-09-10 05:55:43,323 INFO o.a.j.JMeter: Creating summariser <summary>
2026-09-10 05:55:43,342 INFO o.a.j.e.StandardJMeterEngine: Running the test!
2026-09-10 05:55:43,343 INFO o.a.j.s.SampleEvent: List of sample_variables: []
2026-09-10 05:55:43,344 INFO o.a.j.s.SampleEvent: List of sample_variables: []
2026-09-10 05:55:43,348 INFO o.a.j.e.u.CompoundVariable: Note: Function class names must contain the string: '.functions.'
2026-09-10 05:55:43,348 INFO o.a.j.e.u.CompoundVariable: Note: Function class names must not contain the string: '.gui.'
2026-09-10 05:55:43,589 INFO o.a.j.JMeter: Running test (1789030543589)
2026-09-10 05:55:43,609 INFO o.a.j.e.StandardJMeterEngine: Starting ThreadGroup: 1 : TCC order-show
2026-09-10 05:55:43,610 INFO o.a.j.e.StandardJMeterEngine: Starting 10 threads for group TCC order-show.
2026-09-10 05:55:43,610 INFO o.a.j.e.StandardJMeterEngine: Thread will continue on error
2026-09-10 05:55:43,610 INFO o.a.j.t.ThreadGroup: Starting thread group... number=1 threads=10 ramp-up=0 delayedStart=false
2026-09-10 05:55:43,616 INFO o.a.j.t.JMeterThread: Thread started: TCC order-show 1-1
2026-09-10 05:55:43,616 INFO o.a.j.t.JMeterThread: Thread started: TCC order-show 1-4
2026-09-10 05:55:43,616 INFO o.a.j.t.JMeterThread: Thread started: TCC order-show 1-3
2026-09-10 05:55:43,616 INFO o.a.j.t.JMeterThread: Thread started: TCC order-show 1-5
2026-09-10 05:55:43,616 INFO o.a.j.t.JMeterThread: Thread started: TCC order-show 1-2
2026-09-10 05:55:43,617 INFO o.a.j.t.JMeterThread: Thread started: TCC order-show 1-6
2026-09-10 05:55:43,618 INFO o.a.j.t.JMeterThread: Thread started: TCC order-show 1-7
2026-09-10 05:55:43,619 INFO o.a.j.t.JMeterThread: Thread started: TCC order-show 1-8
2026-09-10 05:55:43,619 INFO o.a.j.t.JMeterThread: Thread started: TCC order-show 1-9
2026-09-10 05:55:43,620 INFO o.a.j.t.ThreadGroup: Started thread group number 1
2026-09-10 05:55:43,620 INFO o.a.j.e.StandardJMeterEngine: All thread groups have been started
2026-09-10 05:55:43,620 INFO o.a.j.t.JMeterThread: Thread started: TCC order-show 1-10
2026-09-10 05:55:43,633 INFO o.a.j.p.h.s.HTTPHCAbstractImpl: Local host = pop-os
2026-09-10 05:55:43,639 INFO o.a.j.p.h.s.HTTPHC4Impl: HTTP request retry count = 0
2026-09-10 05:55:43,640 INFO o.a.j.s.SampleResult: Note: Sample TimeStamps are START times
2026-09-10 05:55:43,640 INFO o.a.j.s.SampleResult: sampleresult.default.encoding is set to UTF-8
2026-09-10 05:55:43,640 INFO o.a.j.s.SampleResult: sampleresult.useNanoTime=true
2026-09-10 05:55:43,640 INFO o.a.j.s.SampleResult: sampleresult.nanoThreadSleep=5000
2026-09-10 05:56:00,011 INFO o.a.j.r.Summariser: summary +   1391 in 00:00:16 =   84.7/s Avg:   110 Min:    24 Max:   212 Err:     0 (0.00%) Active: 10 Started: 10 Finished: 0
2026-09-10 05:56:30,010 INFO o.a.j.r.Summariser: summary +   2764 in 00:00:30 =   92.1/s Avg:   107 Min:    98 Max:   136 Err:     0 (0.00%) Active: 10 Started: 10 Finished: 0
2026-09-10 05:56:30,010 INFO o.a.j.r.Summariser: summary =   4155 in 00:00:46 =   89.5/s Avg:   108 Min:    24 Max:   212 Err:     0 (0.00%)
2026-09-10 05:57:00,011 INFO o.a.j.r.Summariser: summary +   2780 in 00:00:30 =   92.7/s Avg:   107 Min:    98 Max:   139 Err:     0 (0.00%) Active: 10 Started: 10 Finished: 0
2026-09-10 05:57:00,012 INFO o.a.j.r.Summariser: summary =   6935 in 00:01:16 =   90.7/s Avg:   108 Min:    24 Max:   212 Err:     0 (0.00%)
2026-09-10 05:57:30,010 INFO o.a.j.r.Summariser: summary +   2775 in 00:00:30 =   92.5/s Avg:   107 Min:    99 Max:   149 Err:     0 (0.00%) Active: 10 Started: 10 Finished: 0
2026-09-10 05:57:30,011 INFO o.a.j.r.Summariser: summary =   9710 in 00:01:46 =   91.2/s Avg:   108 Min:    24 Max:   212 Err:     0 (0.00%)
2026-09-10 05:57:43,626 INFO o.a.j.t.JMeterThread: Stopping because end time detected by thread: TCC order-show 1-3
2026-09-10 05:57:43,626 INFO o.a.j.t.JMeterThread: Thread finished: TCC order-show 1-3
2026-09-10 05:57:43,636 INFO o.a.j.t.JMeterThread: Stopping because end time detected by thread: TCC order-show 1-2
2026-09-10 05:57:43,636 INFO o.a.j.t.JMeterThread: Thread finished: TCC order-show 1-2
2026-09-10 05:57:43,647 INFO o.a.j.t.JMeterThread: Stopping because end time detected by thread: TCC order-show 1-8
2026-09-10 05:57:43,647 INFO o.a.j.t.JMeterThread: Thread finished: TCC order-show 1-8
2026-09-10 05:57:43,658 INFO o.a.j.t.JMeterThread: Stopping because end time detected by thread: TCC order-show 1-7
2026-09-10 05:57:43,658 INFO o.a.j.t.JMeterThread: Thread finished: TCC order-show 1-7
2026-09-10 05:57:43,668 INFO o.a.j.t.JMeterThread: Stopping because end time detected by thread: TCC order-show 1-10
2026-09-10 05:57:43,668 INFO o.a.j.t.JMeterThread: Thread finished: TCC order-show 1-10
2026-09-10 05:57:43,680 INFO o.a.j.t.JMeterThread: Stopping because end time detected by thread: TCC order-show 1-6
2026-09-10 05:57:43,680 INFO o.a.j.t.JMeterThread: Thread finished: TCC order-show 1-6
2026-09-10 05:57:43,690 INFO o.a.j.t.JMeterThread: Stopping because end time detected by thread: TCC order-show 1-1
2026-09-10 05:57:43,690 INFO o.a.j.t.JMeterThread: Thread finished: TCC order-show 1-1
2026-09-10 05:57:43,701 INFO o.a.j.t.JMeterThread: Stopping because end time detected by thread: TCC order-show 1-4
2026-09-10 05:57:43,701 INFO o.a.j.t.JMeterThread: Thread finished: TCC order-show 1-4
2026-09-10 05:57:43,711 INFO o.a.j.t.JMeterThread: Stopping because end time detected by thread: TCC order-show 1-5
2026-09-10 05:57:43,711 INFO o.a.j.t.JMeterThread: Thread finished: TCC order-show 1-5
2026-09-10 05:57:43,722 INFO o.a.j.t.JMeterThread: Stopping because end time detected by thread: TCC order-show 1-9
2026-09-10 05:57:43,722 INFO o.a.j.t.JMeterThread: Thread finished: TCC order-show 1-9
2026-09-10 05:57:43,722 INFO o.a.j.e.StandardJMeterEngine: Notifying test listeners of end of test
2026-09-10 05:57:43,724 INFO o.a.j.r.Summariser: summary +   1265 in 00:00:14 =   92.2/s Avg:   108 Min:   100 Max:   144 Err:     0 (0.00%) Active: 0 Started: 10 Finished: 10
2026-09-10 05:57:43,725 INFO o.a.j.r.Summariser: summary =  10975 in 00:02:00 =   91.4/s Avg:   108 Min:    24 Max:   212 Err:     0 (0.00%)
