2026-09-10 06:05:55,123 INFO o.a.j.u.JMeterUtils: Setting Locale to en_EN
2026-09-10 06:05:55,142 INFO o.a.j.JMeter: Loading user properties from: /home/avituo/projects/tcc/tcc-container/.tools/apache-jmeter-5.6.3/bin/user.properties
2026-09-10 06:05:55,142 INFO o.a.j.JMeter: Loading system properties from: /home/avituo/projects/tcc/tcc-container/.tools/apache-jmeter-5.6.3/bin/system.properties
2026-09-10 06:05:55,142 INFO o.a.j.JMeter: Loading additional properties from: /home/avituo/projects/tcc/tcc-container/benchmark/jmeter/benchmark.properties
2026-09-10 06:05:55,142 INFO o.a.j.JMeter: Loading additional properties from: /tmp/tcc-benchmark-auth.wvJuFL/auth.properties
2026-09-10 06:05:55,142 INFO o.a.j.JMeter: Setting JMeter property: threads=10
2026-09-10 06:05:55,142 INFO o.a.j.JMeter: Setting JMeter property: duration_seconds=30
2026-09-10 06:05:55,143 INFO o.a.j.JMeter: Setting JMeter property: target_host=localhost
2026-09-10 06:05:55,143 INFO o.a.j.JMeter: Setting JMeter property: target_port=18000
2026-09-10 06:05:55,143 INFO o.a.j.JMeter: Setting JMeter property: tcc.order.id=1
2026-09-10 06:05:55,143 INFO o.a.j.JMeter: Setting JMeter property: repetition=4
2026-09-10 06:05:55,149 INFO o.a.j.JMeter: Copyright (c) 1998-2024 The Apache Software Foundation
2026-09-10 06:05:55,149 INFO o.a.j.JMeter: Version 5.6.3
2026-09-10 06:05:55,149 INFO o.a.j.JMeter: java.version=21.0.11
2026-09-10 06:05:55,149 INFO o.a.j.JMeter: java.vm.name=OpenJDK 64-Bit Server VM
2026-09-10 06:05:55,149 INFO o.a.j.JMeter: os.name=Linux
2026-09-10 06:05:55,149 INFO o.a.j.JMeter: os.arch=amd64
2026-09-10 06:05:55,149 INFO o.a.j.JMeter: os.version=7.0.11-76070011-generic
2026-09-10 06:05:55,149 INFO o.a.j.JMeter: file.encoding=UTF-8
2026-09-10 06:05:55,149 INFO o.a.j.JMeter: java.awt.headless=true
2026-09-10 06:05:55,149 INFO o.a.j.JMeter: Max memory     =1073741824
2026-09-10 06:05:55,150 INFO o.a.j.JMeter: Available Processors =16
2026-09-10 06:05:55,159 INFO o.a.j.JMeter: Default Locale=English (EN)
2026-09-10 06:05:55,159 INFO o.a.j.JMeter: JMeter  Locale=English (EN)
2026-09-10 06:05:55,159 INFO o.a.j.JMeter: JMeterHome=/home/avituo/projects/tcc/tcc-container/.tools/apache-jmeter-5.6.3
2026-09-10 06:05:55,159 INFO o.a.j.JMeter: user.dir  =/home/avituo/projects/tcc/tcc-container
2026-09-10 06:05:55,159 INFO o.a.j.JMeter: PWD       =/home/avituo/projects/tcc/tcc-container
2026-09-10 06:05:55,170 INFO o.a.j.JMeter: IP: 192.168.1.16 Name: pop-os FullName: pop-os.home
2026-09-10 06:05:55,182 INFO o.a.j.s.FileServer: Default base='/home/avituo/projects/tcc/tcc-container'
2026-09-10 06:05:55,184 INFO o.a.j.s.FileServer: Set new base='/home/avituo/projects/tcc/tcc-container/benchmark/jmeter'
2026-09-10 06:05:55,358 INFO o.a.j.s.SaveService: Testplan (JMX) version: 2.2. Testlog (JTL) version: 2.2
2026-09-10 06:05:55,383 INFO o.a.j.s.SaveService: Using SaveService properties version 5.0
2026-09-10 06:05:55,386 INFO o.a.j.s.SaveService: Using SaveService properties file encoding UTF-8
2026-09-10 06:05:55,389 INFO o.a.j.s.SaveService: Loading file: /home/avituo/projects/tcc/tcc-container/benchmark/jmeter/tcc-order-show-v1.jmx
2026-09-10 06:05:55,439 INFO o.a.j.p.h.s.HTTPSamplerBase: Parser for text/html is org.apache.jmeter.protocol.http.parser.LagartoBasedHtmlParser
2026-09-10 06:05:55,439 INFO o.a.j.p.h.s.HTTPSamplerBase: Parser for application/xhtml+xml is org.apache.jmeter.protocol.http.parser.LagartoBasedHtmlParser
2026-09-10 06:05:55,439 INFO o.a.j.p.h.s.HTTPSamplerBase: Parser for application/xml is org.apache.jmeter.protocol.http.parser.LagartoBasedHtmlParser
2026-09-10 06:05:55,439 INFO o.a.j.p.h.s.HTTPSamplerBase: Parser for text/xml is org.apache.jmeter.protocol.http.parser.LagartoBasedHtmlParser
2026-09-10 06:05:55,439 INFO o.a.j.p.h.s.HTTPSamplerBase: Parser for text/vnd.wap.wml is org.apache.jmeter.protocol.http.parser.RegexpHTMLParser
2026-09-10 06:05:55,439 INFO o.a.j.p.h.s.HTTPSamplerBase: Parser for text/css is org.apache.jmeter.protocol.http.parser.CssParser
2026-09-10 06:05:55,468 INFO o.a.j.JMeter: Creating summariser <summary>
2026-09-10 06:05:55,489 INFO o.a.j.e.StandardJMeterEngine: Running the test!
2026-09-10 06:05:55,490 INFO o.a.j.s.SampleEvent: List of sample_variables: []
2026-09-10 06:05:55,490 INFO o.a.j.s.SampleEvent: List of sample_variables: []
2026-09-10 06:05:55,496 INFO o.a.j.e.u.CompoundVariable: Note: Function class names must contain the string: '.functions.'
2026-09-10 06:05:55,496 INFO o.a.j.e.u.CompoundVariable: Note: Function class names must not contain the string: '.gui.'
2026-09-10 06:05:55,741 INFO o.a.j.JMeter: Running test (1789031155741)
2026-09-10 06:05:55,760 INFO o.a.j.e.StandardJMeterEngine: Starting ThreadGroup: 1 : TCC order-show
2026-09-10 06:05:55,761 INFO o.a.j.e.StandardJMeterEngine: Starting 10 threads for group TCC order-show.
2026-09-10 06:05:55,761 INFO o.a.j.e.StandardJMeterEngine: Thread will continue on error
2026-09-10 06:05:55,761 INFO o.a.j.t.ThreadGroup: Starting thread group... number=1 threads=10 ramp-up=0 delayedStart=false
2026-09-10 06:05:55,767 INFO o.a.j.t.JMeterThread: Thread started: TCC order-show 1-3
2026-09-10 06:05:55,767 INFO o.a.j.t.JMeterThread: Thread started: TCC order-show 1-2
2026-09-10 06:05:55,767 INFO o.a.j.t.JMeterThread: Thread started: TCC order-show 1-4
2026-09-10 06:05:55,767 INFO o.a.j.t.JMeterThread: Thread started: TCC order-show 1-1
2026-09-10 06:05:55,767 INFO o.a.j.t.JMeterThread: Thread started: TCC order-show 1-5
2026-09-10 06:05:55,768 INFO o.a.j.t.JMeterThread: Thread started: TCC order-show 1-6
2026-09-10 06:05:55,769 INFO o.a.j.t.JMeterThread: Thread started: TCC order-show 1-7
2026-09-10 06:05:55,770 INFO o.a.j.t.JMeterThread: Thread started: TCC order-show 1-8
2026-09-10 06:05:55,770 INFO o.a.j.t.JMeterThread: Thread started: TCC order-show 1-9
2026-09-10 06:05:55,770 INFO o.a.j.t.ThreadGroup: Started thread group number 1
2026-09-10 06:05:55,771 INFO o.a.j.e.StandardJMeterEngine: All thread groups have been started
2026-09-10 06:05:55,771 INFO o.a.j.t.JMeterThread: Thread started: TCC order-show 1-10
2026-09-10 06:05:55,784 INFO o.a.j.p.h.s.HTTPHCAbstractImpl: Local host = pop-os
2026-09-10 06:05:55,789 INFO o.a.j.p.h.s.HTTPHC4Impl: HTTP request retry count = 0
2026-09-10 06:05:55,790 INFO o.a.j.s.SampleResult: Note: Sample TimeStamps are START times
2026-09-10 06:05:55,790 INFO o.a.j.s.SampleResult: sampleresult.default.encoding is set to UTF-8
2026-09-10 06:05:55,790 INFO o.a.j.s.SampleResult: sampleresult.useNanoTime=true
2026-09-10 06:05:55,790 INFO o.a.j.s.SampleResult: sampleresult.nanoThreadSleep=5000
2026-09-10 06:06:00,014 INFO o.a.j.r.Summariser: summary +    299 in 00:00:04 =   70.0/s Avg:   109 Min:    15 Max:   229 Err:     0 (0.00%) Active: 10 Started: 10 Finished: 0
2026-09-10 06:06:25,777 INFO o.a.j.t.JMeterThread: Stopping because end time detected by thread: TCC order-show 1-4
2026-09-10 06:06:25,777 INFO o.a.j.t.JMeterThread: Thread finished: TCC order-show 1-4
2026-09-10 06:06:25,788 INFO o.a.j.t.JMeterThread: Stopping because end time detected by thread: TCC order-show 1-3
2026-09-10 06:06:25,788 INFO o.a.j.t.JMeterThread: Thread finished: TCC order-show 1-3
2026-09-10 06:06:25,798 INFO o.a.j.t.JMeterThread: Stopping because end time detected by thread: TCC order-show 1-1
2026-09-10 06:06:25,798 INFO o.a.j.t.JMeterThread: Thread finished: TCC order-show 1-1
2026-09-10 06:06:25,809 INFO o.a.j.t.JMeterThread: Stopping because end time detected by thread: TCC order-show 1-2
2026-09-10 06:06:25,809 INFO o.a.j.t.JMeterThread: Thread finished: TCC order-show 1-2
2026-09-10 06:06:25,819 INFO o.a.j.t.JMeterThread: Stopping because end time detected by thread: TCC order-show 1-10
2026-09-10 06:06:25,820 INFO o.a.j.t.JMeterThread: Thread finished: TCC order-show 1-10
2026-09-10 06:06:25,830 INFO o.a.j.t.JMeterThread: Stopping because end time detected by thread: TCC order-show 1-7
2026-09-10 06:06:25,830 INFO o.a.j.t.JMeterThread: Thread finished: TCC order-show 1-7
2026-09-10 06:06:25,842 INFO o.a.j.t.JMeterThread: Stopping because end time detected by thread: TCC order-show 1-8
2026-09-10 06:06:25,842 INFO o.a.j.t.JMeterThread: Thread finished: TCC order-show 1-8
2026-09-10 06:06:25,852 INFO o.a.j.t.JMeterThread: Stopping because end time detected by thread: TCC order-show 1-6
2026-09-10 06:06:25,853 INFO o.a.j.t.JMeterThread: Thread finished: TCC order-show 1-6
2026-09-10 06:06:25,863 INFO o.a.j.t.JMeterThread: Stopping because end time detected by thread: TCC order-show 1-5
2026-09-10 06:06:25,864 INFO o.a.j.t.JMeterThread: Thread finished: TCC order-show 1-5
2026-09-10 06:06:25,874 INFO o.a.j.t.JMeterThread: Stopping because end time detected by thread: TCC order-show 1-9
2026-09-10 06:06:25,875 INFO o.a.j.t.JMeterThread: Thread finished: TCC order-show 1-9
2026-09-10 06:06:25,875 INFO o.a.j.e.StandardJMeterEngine: Notifying test listeners of end of test
2026-09-10 06:06:25,878 INFO o.a.j.r.Summariser: summary +   2373 in 00:00:26 =   91.7/s Avg:   108 Min:    99 Max:   133 Err:     0 (0.00%) Active: 0 Started: 10 Finished: 10
2026-09-10 06:06:25,878 INFO o.a.j.r.Summariser: summary =   2672 in 00:00:30 =   88.7/s Avg:   108 Min:    15 Max:   229 Err:     0 (0.00%)
