2026-09-10 07:32:15,390 INFO o.a.j.u.JMeterUtils: Setting Locale to en_EN
2026-09-10 07:32:15,409 INFO o.a.j.JMeter: Loading user properties from: /home/avituo/projects/tcc/tcc-container/.tools/apache-jmeter-5.6.3/bin/user.properties
2026-09-10 07:32:15,409 INFO o.a.j.JMeter: Loading system properties from: /home/avituo/projects/tcc/tcc-container/.tools/apache-jmeter-5.6.3/bin/system.properties
2026-09-10 07:32:15,409 INFO o.a.j.JMeter: Loading additional properties from: /home/avituo/projects/tcc/tcc-container/benchmark/jmeter/benchmark.properties
2026-09-10 07:32:15,409 INFO o.a.j.JMeter: Loading additional properties from: /tmp/tcc-benchmark-auth.RlF2Ck/auth.properties
2026-09-10 07:32:15,410 INFO o.a.j.JMeter: Loading additional properties from: /home/avituo/projects/tcc/tcc-container/benchmark/results/laravel-13.20.0/final/order-show/c100/r1/microservices/thread-counters.properties
2026-09-10 07:32:15,410 INFO o.a.j.JMeter: Setting JMeter property: threads=100
2026-09-10 07:32:15,410 INFO o.a.j.JMeter: Setting JMeter property: duration_seconds=120
2026-09-10 07:32:15,410 INFO o.a.j.JMeter: Setting JMeter property: target_host=localhost
2026-09-10 07:32:15,410 INFO o.a.j.JMeter: Setting JMeter property: target_port=18080
2026-09-10 07:32:15,410 INFO o.a.j.JMeter: Setting JMeter property: tcc.order.id=20000000-0000-4000-8000-000000000001
2026-09-10 07:32:15,410 INFO o.a.j.JMeter: Setting JMeter property: repetition=1
2026-09-10 07:32:15,419 INFO o.a.j.JMeter: Copyright (c) 1998-2024 The Apache Software Foundation
2026-09-10 07:32:15,419 INFO o.a.j.JMeter: Version 5.6.3
2026-09-10 07:32:15,419 INFO o.a.j.JMeter: java.version=21.0.11
2026-09-10 07:32:15,419 INFO o.a.j.JMeter: java.vm.name=OpenJDK 64-Bit Server VM
2026-09-10 07:32:15,419 INFO o.a.j.JMeter: os.name=Linux
2026-09-10 07:32:15,419 INFO o.a.j.JMeter: os.arch=amd64
2026-09-10 07:32:15,419 INFO o.a.j.JMeter: os.version=7.0.11-76070011-generic
2026-09-10 07:32:15,419 INFO o.a.j.JMeter: file.encoding=UTF-8
2026-09-10 07:32:15,419 INFO o.a.j.JMeter: java.awt.headless=true
2026-09-10 07:32:15,419 INFO o.a.j.JMeter: Max memory     =1073741824
2026-09-10 07:32:15,419 INFO o.a.j.JMeter: Available Processors =16
2026-09-10 07:32:15,427 INFO o.a.j.JMeter: Default Locale=English (EN)
2026-09-10 07:32:15,427 INFO o.a.j.JMeter: JMeter  Locale=English (EN)
2026-09-10 07:32:15,427 INFO o.a.j.JMeter: JMeterHome=/home/avituo/projects/tcc/tcc-container/.tools/apache-jmeter-5.6.3
2026-09-10 07:32:15,427 INFO o.a.j.JMeter: user.dir  =/home/avituo/projects/tcc/tcc-container
2026-09-10 07:32:15,428 INFO o.a.j.JMeter: PWD       =/home/avituo/projects/tcc/tcc-container
2026-09-10 07:32:15,435 INFO o.a.j.JMeter: IP: 192.168.1.16 Name: pop-os FullName: pop-os.home
2026-09-10 07:32:15,448 INFO o.a.j.s.FileServer: Default base='/home/avituo/projects/tcc/tcc-container'
2026-09-10 07:32:15,450 INFO o.a.j.s.FileServer: Set new base='/home/avituo/projects/tcc/tcc-container/benchmark/jmeter'
2026-09-10 07:32:15,609 INFO o.a.j.s.SaveService: Testplan (JMX) version: 2.2. Testlog (JTL) version: 2.2
2026-09-10 07:32:15,633 INFO o.a.j.s.SaveService: Using SaveService properties version 5.0
2026-09-10 07:32:15,637 INFO o.a.j.s.SaveService: Using SaveService properties file encoding UTF-8
2026-09-10 07:32:15,641 INFO o.a.j.s.SaveService: Loading file: /home/avituo/projects/tcc/tcc-container/benchmark/jmeter/tcc-order-show-v1.jmx
2026-09-10 07:32:15,695 INFO o.a.j.p.h.s.HTTPSamplerBase: Parser for text/html is org.apache.jmeter.protocol.http.parser.LagartoBasedHtmlParser
2026-09-10 07:32:15,695 INFO o.a.j.p.h.s.HTTPSamplerBase: Parser for application/xhtml+xml is org.apache.jmeter.protocol.http.parser.LagartoBasedHtmlParser
2026-09-10 07:32:15,695 INFO o.a.j.p.h.s.HTTPSamplerBase: Parser for application/xml is org.apache.jmeter.protocol.http.parser.LagartoBasedHtmlParser
2026-09-10 07:32:15,695 INFO o.a.j.p.h.s.HTTPSamplerBase: Parser for text/xml is org.apache.jmeter.protocol.http.parser.LagartoBasedHtmlParser
2026-09-10 07:32:15,695 INFO o.a.j.p.h.s.HTTPSamplerBase: Parser for text/vnd.wap.wml is org.apache.jmeter.protocol.http.parser.RegexpHTMLParser
2026-09-10 07:32:15,695 INFO o.a.j.p.h.s.HTTPSamplerBase: Parser for text/css is org.apache.jmeter.protocol.http.parser.CssParser
2026-09-10 07:32:15,726 INFO o.a.j.JMeter: Creating summariser <summary>
2026-09-10 07:32:15,745 INFO o.a.j.e.StandardJMeterEngine: Running the test!
2026-09-10 07:32:15,746 INFO o.a.j.s.SampleEvent: List of sample_variables: []
2026-09-10 07:32:15,746 INFO o.a.j.s.SampleEvent: List of sample_variables: []
2026-09-10 07:32:15,751 INFO o.a.j.e.u.CompoundVariable: Note: Function class names must contain the string: '.functions.'
2026-09-10 07:32:15,751 INFO o.a.j.e.u.CompoundVariable: Note: Function class names must not contain the string: '.gui.'
2026-09-10 07:32:15,982 INFO o.a.j.JMeter: Running test (1789036335982)
2026-09-10 07:32:16,005 INFO o.a.j.e.StandardJMeterEngine: Starting ThreadGroup: 1 : TCC order-show
2026-09-10 07:32:16,006 INFO o.a.j.e.StandardJMeterEngine: Starting 100 threads for group TCC order-show.
2026-09-10 07:32:16,006 INFO o.a.j.e.StandardJMeterEngine: Thread will continue on error
2026-09-10 07:32:16,006 INFO o.a.j.t.ThreadGroup: Starting thread group... number=1 threads=100 ramp-up=0 delayedStart=false
2026-09-10 07:32:16,013 INFO o.a.j.t.JMeterThread: Thread started: TCC order-show 1-5
2026-09-10 07:32:16,013 INFO o.a.j.t.JMeterThread: Thread started: TCC order-show 1-7
2026-09-10 07:32:16,013 INFO o.a.j.t.JMeterThread: Thread started: TCC order-show 1-2
2026-09-10 07:32:16,013 INFO o.a.j.t.JMeterThread: Thread started: TCC order-show 1-6
2026-09-10 07:32:16,013 INFO o.a.j.t.JMeterThread: Thread started: TCC order-show 1-1
2026-09-10 07:32:16,014 INFO o.a.j.t.JMeterThread: Thread started: TCC order-show 1-4
2026-09-10 07:32:16,013 INFO o.a.j.t.JMeterThread: Thread started: TCC order-show 1-3
2026-09-10 07:32:16,014 INFO o.a.j.t.JMeterThread: Thread started: TCC order-show 1-8
2026-09-10 07:32:16,015 INFO o.a.j.t.JMeterThread: Thread started: TCC order-show 1-9
2026-09-10 07:32:16,015 INFO o.a.j.t.JMeterThread: Thread started: TCC order-show 1-10
2026-09-10 07:32:16,016 INFO o.a.j.t.JMeterThread: Thread started: TCC order-show 1-11
2026-09-10 07:32:16,017 INFO o.a.j.t.JMeterThread: Thread started: TCC order-show 1-12
2026-09-10 07:32:16,017 INFO o.a.j.t.JMeterThread: Thread started: TCC order-show 1-13
2026-09-10 07:32:16,018 INFO o.a.j.t.JMeterThread: Thread started: TCC order-show 1-14
2026-09-10 07:32:16,019 INFO o.a.j.t.JMeterThread: Thread started: TCC order-show 1-15
2026-09-10 07:32:16,021 INFO o.a.j.t.JMeterThread: Thread started: TCC order-show 1-16
2026-09-10 07:32:16,021 INFO o.a.j.t.JMeterThread: Thread started: TCC order-show 1-17
2026-09-10 07:32:16,022 INFO o.a.j.t.JMeterThread: Thread started: TCC order-show 1-18
2026-09-10 07:32:16,023 INFO o.a.j.t.JMeterThread: Thread started: TCC order-show 1-19
2026-09-10 07:32:16,024 INFO o.a.j.t.JMeterThread: Thread started: TCC order-show 1-20
2026-09-10 07:32:16,024 INFO o.a.j.t.JMeterThread: Thread started: TCC order-show 1-21
2026-09-10 07:32:16,025 INFO o.a.j.t.JMeterThread: Thread started: TCC order-show 1-22
2026-09-10 07:32:16,026 INFO o.a.j.t.JMeterThread: Thread started: TCC order-show 1-23
2026-09-10 07:32:16,026 INFO o.a.j.t.JMeterThread: Thread started: TCC order-show 1-24
2026-09-10 07:32:16,027 INFO o.a.j.t.JMeterThread: Thread started: TCC order-show 1-25
2026-09-10 07:32:16,027 INFO o.a.j.t.JMeterThread: Thread started: TCC order-show 1-26
2026-09-10 07:32:16,028 INFO o.a.j.t.JMeterThread: Thread started: TCC order-show 1-27
2026-09-10 07:32:16,029 INFO o.a.j.t.JMeterThread: Thread started: TCC order-show 1-28
2026-09-10 07:32:16,029 INFO o.a.j.t.JMeterThread: Thread started: TCC order-show 1-29
2026-09-10 07:32:16,030 INFO o.a.j.t.JMeterThread: Thread started: TCC order-show 1-30
2026-09-10 07:32:16,030 INFO o.a.j.t.JMeterThread: Thread started: TCC order-show 1-31
2026-09-10 07:32:16,031 INFO o.a.j.t.JMeterThread: Thread started: TCC order-show 1-32
2026-09-10 07:32:16,032 INFO o.a.j.t.JMeterThread: Thread started: TCC order-show 1-33
2026-09-10 07:32:16,032 INFO o.a.j.t.JMeterThread: Thread started: TCC order-show 1-34
2026-09-10 07:32:16,032 INFO o.a.j.t.JMeterThread: Thread started: TCC order-show 1-35
2026-09-10 07:32:16,033 INFO o.a.j.t.JMeterThread: Thread started: TCC order-show 1-36
2026-09-10 07:32:16,033 INFO o.a.j.t.JMeterThread: Thread started: TCC order-show 1-37
2026-09-10 07:32:16,034 INFO o.a.j.t.JMeterThread: Thread started: TCC order-show 1-38
2026-09-10 07:32:16,034 INFO o.a.j.t.JMeterThread: Thread started: TCC order-show 1-39
2026-09-10 07:32:16,035 INFO o.a.j.t.JMeterThread: Thread started: TCC order-show 1-40
2026-09-10 07:32:16,035 INFO o.a.j.t.JMeterThread: Thread started: TCC order-show 1-41
2026-09-10 07:32:16,036 INFO o.a.j.t.JMeterThread: Thread started: TCC order-show 1-42
2026-09-10 07:32:16,037 INFO o.a.j.t.JMeterThread: Thread started: TCC order-show 1-43
2026-09-10 07:32:16,037 INFO o.a.j.t.JMeterThread: Thread started: TCC order-show 1-44
2026-09-10 07:32:16,037 INFO o.a.j.p.h.s.HTTPHCAbstractImpl: Local host = pop-os
2026-09-10 07:32:16,037 INFO o.a.j.t.JMeterThread: Thread started: TCC order-show 1-45
2026-09-10 07:32:16,038 INFO o.a.j.t.JMeterThread: Thread started: TCC order-show 1-46
2026-09-10 07:32:16,039 INFO o.a.j.t.JMeterThread: Thread started: TCC order-show 1-47
2026-09-10 07:32:16,039 INFO o.a.j.t.JMeterThread: Thread started: TCC order-show 1-48
2026-09-10 07:32:16,039 INFO o.a.j.t.JMeterThread: Thread started: TCC order-show 1-49
2026-09-10 07:32:16,040 INFO o.a.j.t.JMeterThread: Thread started: TCC order-show 1-50
2026-09-10 07:32:16,040 INFO o.a.j.t.JMeterThread: Thread started: TCC order-show 1-51
2026-09-10 07:32:16,041 INFO o.a.j.t.JMeterThread: Thread started: TCC order-show 1-52
2026-09-10 07:32:16,041 INFO o.a.j.t.JMeterThread: Thread started: TCC order-show 1-53
2026-09-10 07:32:16,041 INFO o.a.j.t.JMeterThread: Thread started: TCC order-show 1-54
2026-09-10 07:32:16,041 INFO o.a.j.t.JMeterThread: Thread started: TCC order-show 1-55
2026-09-10 07:32:16,042 INFO o.a.j.t.JMeterThread: Thread started: TCC order-show 1-56
2026-09-10 07:32:16,042 INFO o.a.j.t.JMeterThread: Thread started: TCC order-show 1-57
2026-09-10 07:32:16,042 INFO o.a.j.t.JMeterThread: Thread started: TCC order-show 1-58
2026-09-10 07:32:16,043 INFO o.a.j.t.JMeterThread: Thread started: TCC order-show 1-59
2026-09-10 07:32:16,043 INFO o.a.j.t.JMeterThread: Thread started: TCC order-show 1-60
2026-09-10 07:32:16,044 INFO o.a.j.t.JMeterThread: Thread started: TCC order-show 1-61
2026-09-10 07:32:16,044 INFO o.a.j.t.JMeterThread: Thread started: TCC order-show 1-62
2026-09-10 07:32:16,045 INFO o.a.j.t.JMeterThread: Thread started: TCC order-show 1-63
2026-09-10 07:32:16,045 INFO o.a.j.p.h.s.HTTPHC4Impl: HTTP request retry count = 0
2026-09-10 07:32:16,046 INFO o.a.j.t.JMeterThread: Thread started: TCC order-show 1-64
2026-09-10 07:32:16,046 INFO o.a.j.t.JMeterThread: Thread started: TCC order-show 1-65
2026-09-10 07:32:16,047 INFO o.a.j.s.SampleResult: Note: Sample TimeStamps are START times
2026-09-10 07:32:16,047 INFO o.a.j.s.SampleResult: sampleresult.default.encoding is set to UTF-8
2026-09-10 07:32:16,047 INFO o.a.j.t.JMeterThread: Thread started: TCC order-show 1-66
2026-09-10 07:32:16,047 INFO o.a.j.s.SampleResult: sampleresult.useNanoTime=true
2026-09-10 07:32:16,047 INFO o.a.j.s.SampleResult: sampleresult.nanoThreadSleep=5000
2026-09-10 07:32:16,047 INFO o.a.j.t.JMeterThread: Thread started: TCC order-show 1-67
2026-09-10 07:32:16,048 INFO o.a.j.t.JMeterThread: Thread started: TCC order-show 1-68
2026-09-10 07:32:16,049 INFO o.a.j.t.JMeterThread: Thread started: TCC order-show 1-69
2026-09-10 07:32:16,049 INFO o.a.j.t.JMeterThread: Thread started: TCC order-show 1-70
2026-09-10 07:32:16,051 INFO o.a.j.t.JMeterThread: Thread started: TCC order-show 1-71
2026-09-10 07:32:16,051 INFO o.a.j.t.JMeterThread: Thread started: TCC order-show 1-74
2026-09-10 07:32:16,051 INFO o.a.j.t.JMeterThread: Thread started: TCC order-show 1-73
2026-09-10 07:32:16,051 INFO o.a.j.t.JMeterThread: Thread started: TCC order-show 1-72
2026-09-10 07:32:16,052 INFO o.a.j.t.JMeterThread: Thread started: TCC order-show 1-75
2026-09-10 07:32:16,053 INFO o.a.j.t.JMeterThread: Thread started: TCC order-show 1-76
2026-09-10 07:32:16,053 INFO o.a.j.t.JMeterThread: Thread started: TCC order-show 1-77
2026-09-10 07:32:16,054 INFO o.a.j.t.JMeterThread: Thread started: TCC order-show 1-78
2026-09-10 07:32:16,054 INFO o.a.j.t.JMeterThread: Thread started: TCC order-show 1-79
2026-09-10 07:32:16,054 INFO o.a.j.t.JMeterThread: Thread started: TCC order-show 1-80
2026-09-10 07:32:16,055 INFO o.a.j.t.JMeterThread: Thread started: TCC order-show 1-81
2026-09-10 07:32:16,055 INFO o.a.j.t.JMeterThread: Thread started: TCC order-show 1-82
2026-09-10 07:32:16,056 INFO o.a.j.t.JMeterThread: Thread started: TCC order-show 1-83
2026-09-10 07:32:16,057 INFO o.a.j.t.JMeterThread: Thread started: TCC order-show 1-84
2026-09-10 07:32:16,057 INFO o.a.j.t.JMeterThread: Thread started: TCC order-show 1-85
2026-09-10 07:32:16,058 INFO o.a.j.t.JMeterThread: Thread started: TCC order-show 1-86
2026-09-10 07:32:16,058 INFO o.a.j.t.JMeterThread: Thread started: TCC order-show 1-87
2026-09-10 07:32:16,059 INFO o.a.j.t.JMeterThread: Thread started: TCC order-show 1-88
2026-09-10 07:32:16,059 INFO o.a.j.t.JMeterThread: Thread started: TCC order-show 1-89
2026-09-10 07:32:16,060 INFO o.a.j.t.JMeterThread: Thread started: TCC order-show 1-90
2026-09-10 07:32:16,060 INFO o.a.j.t.JMeterThread: Thread started: TCC order-show 1-91
2026-09-10 07:32:16,061 INFO o.a.j.t.JMeterThread: Thread started: TCC order-show 1-92
2026-09-10 07:32:16,061 INFO o.a.j.t.JMeterThread: Thread started: TCC order-show 1-93
2026-09-10 07:32:16,061 INFO o.a.j.t.JMeterThread: Thread started: TCC order-show 1-94
2026-09-10 07:32:16,062 INFO o.a.j.t.JMeterThread: Thread started: TCC order-show 1-95
2026-09-10 07:32:16,063 INFO o.a.j.t.JMeterThread: Thread started: TCC order-show 1-97
2026-09-10 07:32:16,063 INFO o.a.j.t.JMeterThread: Thread started: TCC order-show 1-96
2026-09-10 07:32:16,063 INFO o.a.j.t.JMeterThread: Thread started: TCC order-show 1-98
2026-09-10 07:32:16,064 INFO o.a.j.t.JMeterThread: Thread started: TCC order-show 1-99
2026-09-10 07:32:16,064 INFO o.a.j.t.ThreadGroup: Started thread group number 1
2026-09-10 07:32:16,064 INFO o.a.j.e.StandardJMeterEngine: All thread groups have been started
2026-09-10 07:32:16,064 INFO o.a.j.t.JMeterThread: Thread started: TCC order-show 1-100
2026-09-10 07:32:30,005 INFO o.a.j.r.Summariser: summary +   1786 in 00:00:14 =  127.4/s Avg:   732 Min:    86 Max:  1305 Err:     0 (0.00%) Active: 100 Started: 100 Finished: 0
2026-09-10 07:33:00,006 INFO o.a.j.r.Summariser: summary +   4184 in 00:00:30 =  139.5/s Avg:   716 Min:   674 Max:   814 Err:     0 (0.00%) Active: 100 Started: 100 Finished: 0
2026-09-10 07:33:00,006 INFO o.a.j.r.Summariser: summary =   5970 in 00:00:44 =  135.6/s Avg:   721 Min:    86 Max:  1305 Err:     0 (0.00%)
2026-09-10 07:33:30,006 INFO o.a.j.r.Summariser: summary +   4297 in 00:00:30 =  143.2/s Avg:   697 Min:   676 Max:   754 Err:     0 (0.00%) Active: 100 Started: 100 Finished: 0
2026-09-10 07:33:30,007 INFO o.a.j.r.Summariser: summary =  10267 in 00:01:14 =  138.7/s Avg:   711 Min:    86 Max:  1305 Err:     0 (0.00%)
2026-09-10 07:34:00,004 INFO o.a.j.r.Summariser: summary +   4293 in 00:00:30 =  143.1/s Avg:   698 Min:   677 Max:   761 Err:     0 (0.00%) Active: 100 Started: 100 Finished: 0
2026-09-10 07:34:00,004 INFO o.a.j.r.Summariser: summary =  14560 in 00:01:44 =  140.0/s Avg:   707 Min:    86 Max:  1305 Err:     0 (0.00%)
2026-09-10 07:34:16,040 INFO o.a.j.t.JMeterThread: Stopping because end time detected by thread: TCC order-show 1-9
2026-09-10 07:34:16,040 INFO o.a.j.t.JMeterThread: Thread finished: TCC order-show 1-9
2026-09-10 07:34:16,055 INFO o.a.j.t.JMeterThread: Stopping because end time detected by thread: TCC order-show 1-27
2026-09-10 07:34:16,055 INFO o.a.j.t.JMeterThread: Thread finished: TCC order-show 1-27
2026-09-10 07:34:16,062 INFO o.a.j.t.JMeterThread: Stopping because end time detected by thread: TCC order-show 1-98
2026-09-10 07:34:16,062 INFO o.a.j.t.JMeterThread: Thread finished: TCC order-show 1-98
2026-09-10 07:34:16,069 INFO o.a.j.t.JMeterThread: Stopping because end time detected by thread: TCC order-show 1-17
2026-09-10 07:34:16,069 INFO o.a.j.t.JMeterThread: Thread finished: TCC order-show 1-17
2026-09-10 07:34:16,076 INFO o.a.j.t.JMeterThread: Stopping because end time detected by thread: TCC order-show 1-11
2026-09-10 07:34:16,076 INFO o.a.j.t.JMeterThread: Thread finished: TCC order-show 1-11
2026-09-10 07:34:16,083 INFO o.a.j.t.JMeterThread: Stopping because end time detected by thread: TCC order-show 1-76
2026-09-10 07:34:16,083 INFO o.a.j.t.JMeterThread: Thread finished: TCC order-show 1-76
2026-09-10 07:34:16,089 INFO o.a.j.t.JMeterThread: Stopping because end time detected by thread: TCC order-show 1-44
2026-09-10 07:34:16,089 INFO o.a.j.t.JMeterThread: Thread finished: TCC order-show 1-44
2026-09-10 07:34:16,096 INFO o.a.j.t.JMeterThread: Stopping because end time detected by thread: TCC order-show 1-38
2026-09-10 07:34:16,097 INFO o.a.j.t.JMeterThread: Thread finished: TCC order-show 1-38
2026-09-10 07:34:16,104 INFO o.a.j.t.JMeterThread: Stopping because end time detected by thread: TCC order-show 1-84
2026-09-10 07:34:16,104 INFO o.a.j.t.JMeterThread: Thread finished: TCC order-show 1-84
2026-09-10 07:34:16,111 INFO o.a.j.t.JMeterThread: Stopping because end time detected by thread: TCC order-show 1-83
2026-09-10 07:34:16,111 INFO o.a.j.t.JMeterThread: Thread finished: TCC order-show 1-83
2026-09-10 07:34:16,118 INFO o.a.j.t.JMeterThread: Stopping because end time detected by thread: TCC order-show 1-57
2026-09-10 07:34:16,118 INFO o.a.j.t.JMeterThread: Thread finished: TCC order-show 1-57
2026-09-10 07:34:16,124 INFO o.a.j.t.JMeterThread: Stopping because end time detected by thread: TCC order-show 1-81
2026-09-10 07:34:16,125 INFO o.a.j.t.JMeterThread: Thread finished: TCC order-show 1-81
2026-09-10 07:34:16,131 INFO o.a.j.t.JMeterThread: Stopping because end time detected by thread: TCC order-show 1-10
2026-09-10 07:34:16,131 INFO o.a.j.t.JMeterThread: Thread finished: TCC order-show 1-10
2026-09-10 07:34:16,138 INFO o.a.j.t.JMeterThread: Stopping because end time detected by thread: TCC order-show 1-4
2026-09-10 07:34:16,138 INFO o.a.j.t.JMeterThread: Thread finished: TCC order-show 1-4
2026-09-10 07:34:16,145 INFO o.a.j.t.JMeterThread: Stopping because end time detected by thread: TCC order-show 1-30
2026-09-10 07:34:16,145 INFO o.a.j.t.JMeterThread: Thread finished: TCC order-show 1-30
2026-09-10 07:34:16,151 INFO o.a.j.t.JMeterThread: Stopping because end time detected by thread: TCC order-show 1-87
2026-09-10 07:34:16,152 INFO o.a.j.t.JMeterThread: Thread finished: TCC order-show 1-87
2026-09-10 07:34:16,158 INFO o.a.j.t.JMeterThread: Stopping because end time detected by thread: TCC order-show 1-41
2026-09-10 07:34:16,158 INFO o.a.j.t.JMeterThread: Thread finished: TCC order-show 1-41
2026-09-10 07:34:16,164 INFO o.a.j.t.JMeterThread: Stopping because end time detected by thread: TCC order-show 1-29
2026-09-10 07:34:16,165 INFO o.a.j.t.JMeterThread: Thread finished: TCC order-show 1-29
2026-09-10 07:34:16,171 INFO o.a.j.t.JMeterThread: Stopping because end time detected by thread: TCC order-show 1-90
2026-09-10 07:34:16,172 INFO o.a.j.t.JMeterThread: Thread finished: TCC order-show 1-90
2026-09-10 07:34:16,178 INFO o.a.j.t.JMeterThread: Stopping because end time detected by thread: TCC order-show 1-53
2026-09-10 07:34:16,178 INFO o.a.j.t.JMeterThread: Thread finished: TCC order-show 1-53
2026-09-10 07:34:16,185 INFO o.a.j.t.JMeterThread: Stopping because end time detected by thread: TCC order-show 1-99
2026-09-10 07:34:16,185 INFO o.a.j.t.JMeterThread: Thread finished: TCC order-show 1-99
2026-09-10 07:34:16,192 INFO o.a.j.t.JMeterThread: Stopping because end time detected by thread: TCC order-show 1-58
2026-09-10 07:34:16,192 INFO o.a.j.t.JMeterThread: Thread finished: TCC order-show 1-58
2026-09-10 07:34:16,199 INFO o.a.j.t.JMeterThread: Stopping because end time detected by thread: TCC order-show 1-51
2026-09-10 07:34:16,199 INFO o.a.j.t.JMeterThread: Thread finished: TCC order-show 1-51
2026-09-10 07:34:16,207 INFO o.a.j.t.JMeterThread: Stopping because end time detected by thread: TCC order-show 1-63
2026-09-10 07:34:16,207 INFO o.a.j.t.JMeterThread: Thread finished: TCC order-show 1-63
2026-09-10 07:34:16,214 INFO o.a.j.t.JMeterThread: Stopping because end time detected by thread: TCC order-show 1-31
2026-09-10 07:34:16,214 INFO o.a.j.t.JMeterThread: Thread finished: TCC order-show 1-31
2026-09-10 07:34:16,221 INFO o.a.j.t.JMeterThread: Stopping because end time detected by thread: TCC order-show 1-82
2026-09-10 07:34:16,221 INFO o.a.j.t.JMeterThread: Thread finished: TCC order-show 1-82
2026-09-10 07:34:16,228 INFO o.a.j.t.JMeterThread: Stopping because end time detected by thread: TCC order-show 1-34
2026-09-10 07:34:16,228 INFO o.a.j.t.JMeterThread: Thread finished: TCC order-show 1-34
2026-09-10 07:34:16,235 INFO o.a.j.t.JMeterThread: Stopping because end time detected by thread: TCC order-show 1-16
2026-09-10 07:34:16,235 INFO o.a.j.t.JMeterThread: Thread finished: TCC order-show 1-16
2026-09-10 07:34:16,242 INFO o.a.j.t.JMeterThread: Stopping because end time detected by thread: TCC order-show 1-23
2026-09-10 07:34:16,242 INFO o.a.j.t.JMeterThread: Thread finished: TCC order-show 1-23
2026-09-10 07:34:16,249 INFO o.a.j.t.JMeterThread: Stopping because end time detected by thread: TCC order-show 1-66
2026-09-10 07:34:16,249 INFO o.a.j.t.JMeterThread: Thread finished: TCC order-show 1-66
2026-09-10 07:34:16,257 INFO o.a.j.t.JMeterThread: Stopping because end time detected by thread: TCC order-show 1-47
2026-09-10 07:34:16,258 INFO o.a.j.t.JMeterThread: Thread finished: TCC order-show 1-47
2026-09-10 07:34:16,265 INFO o.a.j.t.JMeterThread: Stopping because end time detected by thread: TCC order-show 1-21
2026-09-10 07:34:16,265 INFO o.a.j.t.JMeterThread: Thread finished: TCC order-show 1-21
2026-09-10 07:34:16,272 INFO o.a.j.t.JMeterThread: Stopping because end time detected by thread: TCC order-show 1-33
2026-09-10 07:34:16,272 INFO o.a.j.t.JMeterThread: Thread finished: TCC order-show 1-33
2026-09-10 07:34:16,280 INFO o.a.j.t.JMeterThread: Stopping because end time detected by thread: TCC order-show 1-25
2026-09-10 07:34:16,280 INFO o.a.j.t.JMeterThread: Thread finished: TCC order-show 1-25
2026-09-10 07:34:16,287 INFO o.a.j.t.JMeterThread: Stopping because end time detected by thread: TCC order-show 1-39
2026-09-10 07:34:16,287 INFO o.a.j.t.JMeterThread: Thread finished: TCC order-show 1-39
2026-09-10 07:34:16,295 INFO o.a.j.t.JMeterThread: Stopping because end time detected by thread: TCC order-show 1-15
2026-09-10 07:34:16,295 INFO o.a.j.t.JMeterThread: Thread finished: TCC order-show 1-15
2026-09-10 07:34:16,301 INFO o.a.j.t.JMeterThread: Stopping because end time detected by thread: TCC order-show 1-48
2026-09-10 07:34:16,302 INFO o.a.j.t.JMeterThread: Thread finished: TCC order-show 1-48
2026-09-10 07:34:16,308 INFO o.a.j.t.JMeterThread: Stopping because end time detected by thread: TCC order-show 1-20
2026-09-10 07:34:16,308 INFO o.a.j.t.JMeterThread: Thread finished: TCC order-show 1-20
2026-09-10 07:34:16,315 INFO o.a.j.t.JMeterThread: Stopping because end time detected by thread: TCC order-show 1-6
2026-09-10 07:34:16,315 INFO o.a.j.t.JMeterThread: Thread finished: TCC order-show 1-6
2026-09-10 07:34:16,322 INFO o.a.j.t.JMeterThread: Stopping because end time detected by thread: TCC order-show 1-46
2026-09-10 07:34:16,322 INFO o.a.j.t.JMeterThread: Thread finished: TCC order-show 1-46
2026-09-10 07:34:16,329 INFO o.a.j.t.JMeterThread: Stopping because end time detected by thread: TCC order-show 1-28
2026-09-10 07:34:16,329 INFO o.a.j.t.JMeterThread: Thread finished: TCC order-show 1-28
2026-09-10 07:34:16,336 INFO o.a.j.t.JMeterThread: Stopping because end time detected by thread: TCC order-show 1-32
2026-09-10 07:34:16,336 INFO o.a.j.t.JMeterThread: Thread finished: TCC order-show 1-32
2026-09-10 07:34:16,343 INFO o.a.j.t.JMeterThread: Stopping because end time detected by thread: TCC order-show 1-50
2026-09-10 07:34:16,343 INFO o.a.j.t.JMeterThread: Thread finished: TCC order-show 1-50
2026-09-10 07:34:16,350 INFO o.a.j.t.JMeterThread: Stopping because end time detected by thread: TCC order-show 1-59
2026-09-10 07:34:16,350 INFO o.a.j.t.JMeterThread: Thread finished: TCC order-show 1-59
2026-09-10 07:34:16,357 INFO o.a.j.t.JMeterThread: Stopping because end time detected by thread: TCC order-show 1-60
2026-09-10 07:34:16,357 INFO o.a.j.t.JMeterThread: Thread finished: TCC order-show 1-60
2026-09-10 07:34:16,364 INFO o.a.j.t.JMeterThread: Stopping because end time detected by thread: TCC order-show 1-8
2026-09-10 07:34:16,364 INFO o.a.j.t.JMeterThread: Thread finished: TCC order-show 1-8
2026-09-10 07:34:16,371 INFO o.a.j.t.JMeterThread: Stopping because end time detected by thread: TCC order-show 1-78
2026-09-10 07:34:16,371 INFO o.a.j.t.JMeterThread: Thread finished: TCC order-show 1-78
2026-09-10 07:34:16,378 INFO o.a.j.t.JMeterThread: Stopping because end time detected by thread: TCC order-show 1-97
2026-09-10 07:34:16,378 INFO o.a.j.t.JMeterThread: Thread finished: TCC order-show 1-97
2026-09-10 07:34:16,385 INFO o.a.j.t.JMeterThread: Stopping because end time detected by thread: TCC order-show 1-45
2026-09-10 07:34:16,385 INFO o.a.j.t.JMeterThread: Thread finished: TCC order-show 1-45
2026-09-10 07:34:16,392 INFO o.a.j.t.JMeterThread: Stopping because end time detected by thread: TCC order-show 1-79
2026-09-10 07:34:16,392 INFO o.a.j.t.JMeterThread: Thread finished: TCC order-show 1-79
2026-09-10 07:34:16,399 INFO o.a.j.t.JMeterThread: Stopping because end time detected by thread: TCC order-show 1-5
2026-09-10 07:34:16,399 INFO o.a.j.t.JMeterThread: Thread finished: TCC order-show 1-5
2026-09-10 07:34:16,407 INFO o.a.j.t.JMeterThread: Stopping because end time detected by thread: TCC order-show 1-55
2026-09-10 07:34:16,407 INFO o.a.j.t.JMeterThread: Thread finished: TCC order-show 1-55
2026-09-10 07:34:16,413 INFO o.a.j.t.JMeterThread: Stopping because end time detected by thread: TCC order-show 1-80
2026-09-10 07:34:16,414 INFO o.a.j.t.JMeterThread: Thread finished: TCC order-show 1-80
2026-09-10 07:34:16,421 INFO o.a.j.t.JMeterThread: Stopping because end time detected by thread: TCC order-show 1-65
2026-09-10 07:34:16,421 INFO o.a.j.t.JMeterThread: Thread finished: TCC order-show 1-65
2026-09-10 07:34:16,428 INFO o.a.j.t.JMeterThread: Stopping because end time detected by thread: TCC order-show 1-36
2026-09-10 07:34:16,428 INFO o.a.j.t.JMeterThread: Thread finished: TCC order-show 1-36
2026-09-10 07:34:16,434 INFO o.a.j.t.JMeterThread: Stopping because end time detected by thread: TCC order-show 1-26
2026-09-10 07:34:16,435 INFO o.a.j.t.JMeterThread: Thread finished: TCC order-show 1-26
2026-09-10 07:34:16,442 INFO o.a.j.t.JMeterThread: Stopping because end time detected by thread: TCC order-show 1-93
2026-09-10 07:34:16,442 INFO o.a.j.t.JMeterThread: Thread finished: TCC order-show 1-93
2026-09-10 07:34:16,448 INFO o.a.j.t.JMeterThread: Stopping because end time detected by thread: TCC order-show 1-92
2026-09-10 07:34:16,449 INFO o.a.j.t.JMeterThread: Thread finished: TCC order-show 1-92
2026-09-10 07:34:16,455 INFO o.a.j.t.JMeterThread: Stopping because end time detected by thread: TCC order-show 1-3
2026-09-10 07:34:16,456 INFO o.a.j.t.JMeterThread: Thread finished: TCC order-show 1-3
2026-09-10 07:34:16,462 INFO o.a.j.t.JMeterThread: Stopping because end time detected by thread: TCC order-show 1-13
2026-09-10 07:34:16,463 INFO o.a.j.t.JMeterThread: Thread finished: TCC order-show 1-13
2026-09-10 07:34:16,469 INFO o.a.j.t.JMeterThread: Stopping because end time detected by thread: TCC order-show 1-22
2026-09-10 07:34:16,470 INFO o.a.j.t.JMeterThread: Thread finished: TCC order-show 1-22
2026-09-10 07:34:16,477 INFO o.a.j.t.JMeterThread: Stopping because end time detected by thread: TCC order-show 1-12
2026-09-10 07:34:16,477 INFO o.a.j.t.JMeterThread: Thread finished: TCC order-show 1-12
2026-09-10 07:34:16,484 INFO o.a.j.t.JMeterThread: Stopping because end time detected by thread: TCC order-show 1-49
2026-09-10 07:34:16,484 INFO o.a.j.t.JMeterThread: Thread finished: TCC order-show 1-49
2026-09-10 07:34:16,491 INFO o.a.j.t.JMeterThread: Stopping because end time detected by thread: TCC order-show 1-73
2026-09-10 07:34:16,491 INFO o.a.j.t.JMeterThread: Thread finished: TCC order-show 1-73
2026-09-10 07:34:16,498 INFO o.a.j.t.JMeterThread: Stopping because end time detected by thread: TCC order-show 1-96
2026-09-10 07:34:16,498 INFO o.a.j.t.JMeterThread: Thread finished: TCC order-show 1-96
2026-09-10 07:34:16,505 INFO o.a.j.t.JMeterThread: Stopping because end time detected by thread: TCC order-show 1-62
2026-09-10 07:34:16,506 INFO o.a.j.t.JMeterThread: Thread finished: TCC order-show 1-62
2026-09-10 07:34:16,513 INFO o.a.j.t.JMeterThread: Stopping because end time detected by thread: TCC order-show 1-72
2026-09-10 07:34:16,513 INFO o.a.j.t.JMeterThread: Thread finished: TCC order-show 1-72
2026-09-10 07:34:16,520 INFO o.a.j.t.JMeterThread: Stopping because end time detected by thread: TCC order-show 1-85
2026-09-10 07:34:16,521 INFO o.a.j.t.JMeterThread: Thread finished: TCC order-show 1-85
2026-09-10 07:34:16,528 INFO o.a.j.t.JMeterThread: Stopping because end time detected by thread: TCC order-show 1-70
2026-09-10 07:34:16,528 INFO o.a.j.t.JMeterThread: Thread finished: TCC order-show 1-70
2026-09-10 07:34:16,535 INFO o.a.j.t.JMeterThread: Stopping because end time detected by thread: TCC order-show 1-40
2026-09-10 07:34:16,535 INFO o.a.j.t.JMeterThread: Thread finished: TCC order-show 1-40
2026-09-10 07:34:16,543 INFO o.a.j.t.JMeterThread: Stopping because end time detected by thread: TCC order-show 1-69
2026-09-10 07:34:16,544 INFO o.a.j.t.JMeterThread: Thread finished: TCC order-show 1-69
2026-09-10 07:34:16,550 INFO o.a.j.t.JMeterThread: Stopping because end time detected by thread: TCC order-show 1-95
2026-09-10 07:34:16,550 INFO o.a.j.t.JMeterThread: Thread finished: TCC order-show 1-95
2026-09-10 07:34:16,557 INFO o.a.j.t.JMeterThread: Stopping because end time detected by thread: TCC order-show 1-61
2026-09-10 07:34:16,557 INFO o.a.j.t.JMeterThread: Thread finished: TCC order-show 1-61
2026-09-10 07:34:16,564 INFO o.a.j.t.JMeterThread: Stopping because end time detected by thread: TCC order-show 1-18
2026-09-10 07:34:16,564 INFO o.a.j.t.JMeterThread: Thread finished: TCC order-show 1-18
2026-09-10 07:34:16,571 INFO o.a.j.t.JMeterThread: Stopping because end time detected by thread: TCC order-show 1-77
2026-09-10 07:34:16,572 INFO o.a.j.t.JMeterThread: Thread finished: TCC order-show 1-77
2026-09-10 07:34:16,578 INFO o.a.j.t.JMeterThread: Stopping because end time detected by thread: TCC order-show 1-89
2026-09-10 07:34:16,578 INFO o.a.j.t.JMeterThread: Thread finished: TCC order-show 1-89
2026-09-10 07:34:16,586 INFO o.a.j.t.JMeterThread: Stopping because end time detected by thread: TCC order-show 1-91
2026-09-10 07:34:16,586 INFO o.a.j.t.JMeterThread: Thread finished: TCC order-show 1-91
2026-09-10 07:34:16,593 INFO o.a.j.t.JMeterThread: Stopping because end time detected by thread: TCC order-show 1-67
2026-09-10 07:34:16,593 INFO o.a.j.t.JMeterThread: Thread finished: TCC order-show 1-67
2026-09-10 07:34:16,600 INFO o.a.j.t.JMeterThread: Stopping because end time detected by thread: TCC order-show 1-24
2026-09-10 07:34:16,600 INFO o.a.j.t.JMeterThread: Thread finished: TCC order-show 1-24
2026-09-10 07:34:16,606 INFO o.a.j.t.JMeterThread: Stopping because end time detected by thread: TCC order-show 1-86
2026-09-10 07:34:16,607 INFO o.a.j.t.JMeterThread: Thread finished: TCC order-show 1-86
2026-09-10 07:34:16,613 INFO o.a.j.t.JMeterThread: Stopping because end time detected by thread: TCC order-show 1-35
2026-09-10 07:34:16,614 INFO o.a.j.t.JMeterThread: Thread finished: TCC order-show 1-35
2026-09-10 07:34:16,620 INFO o.a.j.t.JMeterThread: Stopping because end time detected by thread: TCC order-show 1-2
2026-09-10 07:34:16,621 INFO o.a.j.t.JMeterThread: Thread finished: TCC order-show 1-2
2026-09-10 07:34:16,628 INFO o.a.j.t.JMeterThread: Stopping because end time detected by thread: TCC order-show 1-100
2026-09-10 07:34:16,628 INFO o.a.j.t.JMeterThread: Thread finished: TCC order-show 1-100
2026-09-10 07:34:16,635 INFO o.a.j.t.JMeterThread: Stopping because end time detected by thread: TCC order-show 1-68
2026-09-10 07:34:16,635 INFO o.a.j.t.JMeterThread: Thread finished: TCC order-show 1-68
2026-09-10 07:34:16,642 INFO o.a.j.t.JMeterThread: Stopping because end time detected by thread: TCC order-show 1-88
2026-09-10 07:34:16,642 INFO o.a.j.t.JMeterThread: Thread finished: TCC order-show 1-88
2026-09-10 07:34:16,649 INFO o.a.j.t.JMeterThread: Stopping because end time detected by thread: TCC order-show 1-7
2026-09-10 07:34:16,649 INFO o.a.j.t.JMeterThread: Thread finished: TCC order-show 1-7
2026-09-10 07:34:16,656 INFO o.a.j.t.JMeterThread: Stopping because end time detected by thread: TCC order-show 1-75
2026-09-10 07:34:16,656 INFO o.a.j.t.JMeterThread: Thread finished: TCC order-show 1-75
2026-09-10 07:34:16,663 INFO o.a.j.t.JMeterThread: Stopping because end time detected by thread: TCC order-show 1-1
2026-09-10 07:34:16,663 INFO o.a.j.t.JMeterThread: Thread finished: TCC order-show 1-1
2026-09-10 07:34:16,670 INFO o.a.j.t.JMeterThread: Stopping because end time detected by thread: TCC order-show 1-64
2026-09-10 07:34:16,670 INFO o.a.j.t.JMeterThread: Thread finished: TCC order-show 1-64
2026-09-10 07:34:16,677 INFO o.a.j.t.JMeterThread: Stopping because end time detected by thread: TCC order-show 1-74
2026-09-10 07:34:16,677 INFO o.a.j.t.JMeterThread: Thread finished: TCC order-show 1-74
2026-09-10 07:34:16,684 INFO o.a.j.t.JMeterThread: Stopping because end time detected by thread: TCC order-show 1-94
2026-09-10 07:34:16,684 INFO o.a.j.t.JMeterThread: Thread finished: TCC order-show 1-94
2026-09-10 07:34:16,692 INFO o.a.j.t.JMeterThread: Stopping because end time detected by thread: TCC order-show 1-43
2026-09-10 07:34:16,692 INFO o.a.j.t.JMeterThread: Thread finished: TCC order-show 1-43
2026-09-10 07:34:16,699 INFO o.a.j.t.JMeterThread: Stopping because end time detected by thread: TCC order-show 1-54
2026-09-10 07:34:16,699 INFO o.a.j.t.JMeterThread: Thread finished: TCC order-show 1-54
2026-09-10 07:34:16,706 INFO o.a.j.t.JMeterThread: Stopping because end time detected by thread: TCC order-show 1-52
2026-09-10 07:34:16,707 INFO o.a.j.t.JMeterThread: Thread finished: TCC order-show 1-52
2026-09-10 07:34:16,713 INFO o.a.j.t.JMeterThread: Stopping because end time detected by thread: TCC order-show 1-14
2026-09-10 07:34:16,714 INFO o.a.j.t.JMeterThread: Thread finished: TCC order-show 1-14
2026-09-10 07:34:16,720 INFO o.a.j.t.JMeterThread: Stopping because end time detected by thread: TCC order-show 1-42
2026-09-10 07:34:16,720 INFO o.a.j.t.JMeterThread: Thread finished: TCC order-show 1-42
2026-09-10 07:34:16,726 INFO o.a.j.t.JMeterThread: Stopping because end time detected by thread: TCC order-show 1-19
2026-09-10 07:34:16,727 INFO o.a.j.t.JMeterThread: Thread finished: TCC order-show 1-19
2026-09-10 07:34:16,733 INFO o.a.j.t.JMeterThread: Stopping because end time detected by thread: TCC order-show 1-37
2026-09-10 07:34:16,733 INFO o.a.j.t.JMeterThread: Thread finished: TCC order-show 1-37
2026-09-10 07:34:16,740 INFO o.a.j.t.JMeterThread: Stopping because end time detected by thread: TCC order-show 1-56
2026-09-10 07:34:16,740 INFO o.a.j.t.JMeterThread: Thread finished: TCC order-show 1-56
2026-09-10 07:34:16,747 INFO o.a.j.t.JMeterThread: Stopping because end time detected by thread: TCC order-show 1-71
2026-09-10 07:34:16,747 INFO o.a.j.t.JMeterThread: Thread finished: TCC order-show 1-71
2026-09-10 07:34:16,747 INFO o.a.j.e.StandardJMeterEngine: Notifying test listeners of end of test
2026-09-10 07:34:16,750 INFO o.a.j.r.Summariser: summary +   2402 in 00:00:17 =  143.4/s Avg:   696 Min:   677 Max:   727 Err:     0 (0.00%) Active: 0 Started: 100 Finished: 100
2026-09-10 07:34:16,751 INFO o.a.j.r.Summariser: summary =  16962 in 00:02:01 =  140.5/s Avg:   706 Min:    86 Max:  1305 Err:     0 (0.00%)
