2026-09-10 07:14:22,137 INFO o.a.j.u.JMeterUtils: Setting Locale to en_EN
2026-09-10 07:14:22,156 INFO o.a.j.JMeter: Loading user properties from: /home/avituo/projects/tcc/tcc-container/.tools/apache-jmeter-5.6.3/bin/user.properties
2026-09-10 07:14:22,156 INFO o.a.j.JMeter: Loading system properties from: /home/avituo/projects/tcc/tcc-container/.tools/apache-jmeter-5.6.3/bin/system.properties
2026-09-10 07:14:22,156 INFO o.a.j.JMeter: Loading additional properties from: /home/avituo/projects/tcc/tcc-container/benchmark/jmeter/benchmark.properties
2026-09-10 07:14:22,156 INFO o.a.j.JMeter: Loading additional properties from: /tmp/tcc-benchmark-auth.4eSh8q/auth.properties
2026-09-10 07:14:22,156 INFO o.a.j.JMeter: Loading additional properties from: /home/avituo/projects/tcc/tcc-container/benchmark/results/laravel-13.20.0/final/order-show/c50/r4/microservices/thread-counters.properties
2026-09-10 07:14:22,157 INFO o.a.j.JMeter: Setting JMeter property: threads=50
2026-09-10 07:14:22,157 INFO o.a.j.JMeter: Setting JMeter property: duration_seconds=120
2026-09-10 07:14:22,157 INFO o.a.j.JMeter: Setting JMeter property: target_host=localhost
2026-09-10 07:14:22,157 INFO o.a.j.JMeter: Setting JMeter property: target_port=18080
2026-09-10 07:14:22,157 INFO o.a.j.JMeter: Setting JMeter property: tcc.order.id=20000000-0000-4000-8000-000000000001
2026-09-10 07:14:22,157 INFO o.a.j.JMeter: Setting JMeter property: repetition=4
2026-09-10 07:14:22,165 INFO o.a.j.JMeter: Copyright (c) 1998-2024 The Apache Software Foundation
2026-09-10 07:14:22,165 INFO o.a.j.JMeter: Version 5.6.3
2026-09-10 07:14:22,165 INFO o.a.j.JMeter: java.version=21.0.11
2026-09-10 07:14:22,165 INFO o.a.j.JMeter: java.vm.name=OpenJDK 64-Bit Server VM
2026-09-10 07:14:22,165 INFO o.a.j.JMeter: os.name=Linux
2026-09-10 07:14:22,165 INFO o.a.j.JMeter: os.arch=amd64
2026-09-10 07:14:22,166 INFO o.a.j.JMeter: os.version=7.0.11-76070011-generic
2026-09-10 07:14:22,166 INFO o.a.j.JMeter: file.encoding=UTF-8
2026-09-10 07:14:22,166 INFO o.a.j.JMeter: java.awt.headless=true
2026-09-10 07:14:22,166 INFO o.a.j.JMeter: Max memory     =1073741824
2026-09-10 07:14:22,166 INFO o.a.j.JMeter: Available Processors =16
2026-09-10 07:14:22,174 INFO o.a.j.JMeter: Default Locale=English (EN)
2026-09-10 07:14:22,175 INFO o.a.j.JMeter: JMeter  Locale=English (EN)
2026-09-10 07:14:22,175 INFO o.a.j.JMeter: JMeterHome=/home/avituo/projects/tcc/tcc-container/.tools/apache-jmeter-5.6.3
2026-09-10 07:14:22,175 INFO o.a.j.JMeter: user.dir  =/home/avituo/projects/tcc/tcc-container
2026-09-10 07:14:22,175 INFO o.a.j.JMeter: PWD       =/home/avituo/projects/tcc/tcc-container
2026-09-10 07:14:22,183 INFO o.a.j.JMeter: IP: 192.168.1.16 Name: pop-os FullName: pop-os.home
2026-09-10 07:14:22,195 INFO o.a.j.s.FileServer: Default base='/home/avituo/projects/tcc/tcc-container'
2026-09-10 07:14:22,197 INFO o.a.j.s.FileServer: Set new base='/home/avituo/projects/tcc/tcc-container/benchmark/jmeter'
2026-09-10 07:14:22,373 INFO o.a.j.s.SaveService: Testplan (JMX) version: 2.2. Testlog (JTL) version: 2.2
2026-09-10 07:14:22,399 INFO o.a.j.s.SaveService: Using SaveService properties version 5.0
2026-09-10 07:14:22,403 INFO o.a.j.s.SaveService: Using SaveService properties file encoding UTF-8
2026-09-10 07:14:22,407 INFO o.a.j.s.SaveService: Loading file: /home/avituo/projects/tcc/tcc-container/benchmark/jmeter/tcc-order-show-v1.jmx
2026-09-10 07:14:22,456 INFO o.a.j.p.h.s.HTTPSamplerBase: Parser for text/html is org.apache.jmeter.protocol.http.parser.LagartoBasedHtmlParser
2026-09-10 07:14:22,456 INFO o.a.j.p.h.s.HTTPSamplerBase: Parser for application/xhtml+xml is org.apache.jmeter.protocol.http.parser.LagartoBasedHtmlParser
2026-09-10 07:14:22,456 INFO o.a.j.p.h.s.HTTPSamplerBase: Parser for application/xml is org.apache.jmeter.protocol.http.parser.LagartoBasedHtmlParser
2026-09-10 07:14:22,456 INFO o.a.j.p.h.s.HTTPSamplerBase: Parser for text/xml is org.apache.jmeter.protocol.http.parser.LagartoBasedHtmlParser
2026-09-10 07:14:22,456 INFO o.a.j.p.h.s.HTTPSamplerBase: Parser for text/vnd.wap.wml is org.apache.jmeter.protocol.http.parser.RegexpHTMLParser
2026-09-10 07:14:22,456 INFO o.a.j.p.h.s.HTTPSamplerBase: Parser for text/css is org.apache.jmeter.protocol.http.parser.CssParser
2026-09-10 07:14:22,485 INFO o.a.j.JMeter: Creating summariser <summary>
2026-09-10 07:14:22,506 INFO o.a.j.e.StandardJMeterEngine: Running the test!
2026-09-10 07:14:22,507 INFO o.a.j.s.SampleEvent: List of sample_variables: []
2026-09-10 07:14:22,507 INFO o.a.j.s.SampleEvent: List of sample_variables: []
2026-09-10 07:14:22,511 INFO o.a.j.e.u.CompoundVariable: Note: Function class names must contain the string: '.functions.'
2026-09-10 07:14:22,511 INFO o.a.j.e.u.CompoundVariable: Note: Function class names must not contain the string: '.gui.'
2026-09-10 07:14:22,771 INFO o.a.j.JMeter: Running test (1789035262771)
2026-09-10 07:14:22,795 INFO o.a.j.e.StandardJMeterEngine: Starting ThreadGroup: 1 : TCC order-show
2026-09-10 07:14:22,795 INFO o.a.j.e.StandardJMeterEngine: Starting 50 threads for group TCC order-show.
2026-09-10 07:14:22,795 INFO o.a.j.e.StandardJMeterEngine: Thread will continue on error
2026-09-10 07:14:22,795 INFO o.a.j.t.ThreadGroup: Starting thread group... number=1 threads=50 ramp-up=0 delayedStart=false
2026-09-10 07:14:22,801 INFO o.a.j.t.JMeterThread: Thread started: TCC order-show 1-2
2026-09-10 07:14:22,801 INFO o.a.j.t.JMeterThread: Thread started: TCC order-show 1-3
2026-09-10 07:14:22,801 INFO o.a.j.t.JMeterThread: Thread started: TCC order-show 1-1
2026-09-10 07:14:22,802 INFO o.a.j.t.JMeterThread: Thread started: TCC order-show 1-4
2026-09-10 07:14:22,803 INFO o.a.j.t.JMeterThread: Thread started: TCC order-show 1-5
2026-09-10 07:14:22,804 INFO o.a.j.t.JMeterThread: Thread started: TCC order-show 1-6
2026-09-10 07:14:22,805 INFO o.a.j.t.JMeterThread: Thread started: TCC order-show 1-7
2026-09-10 07:14:22,805 INFO o.a.j.t.JMeterThread: Thread started: TCC order-show 1-8
2026-09-10 07:14:22,806 INFO o.a.j.t.JMeterThread: Thread started: TCC order-show 1-9
2026-09-10 07:14:22,806 INFO o.a.j.t.JMeterThread: Thread started: TCC order-show 1-10
2026-09-10 07:14:22,807 INFO o.a.j.t.JMeterThread: Thread started: TCC order-show 1-11
2026-09-10 07:14:22,808 INFO o.a.j.t.JMeterThread: Thread started: TCC order-show 1-12
2026-09-10 07:14:22,809 INFO o.a.j.t.JMeterThread: Thread started: TCC order-show 1-13
2026-09-10 07:14:22,809 INFO o.a.j.t.JMeterThread: Thread started: TCC order-show 1-14
2026-09-10 07:14:22,810 INFO o.a.j.t.JMeterThread: Thread started: TCC order-show 1-15
2026-09-10 07:14:22,813 INFO o.a.j.t.JMeterThread: Thread started: TCC order-show 1-17
2026-09-10 07:14:22,813 INFO o.a.j.t.JMeterThread: Thread started: TCC order-show 1-16
2026-09-10 07:14:22,814 INFO o.a.j.t.JMeterThread: Thread started: TCC order-show 1-18
2026-09-10 07:14:22,815 INFO o.a.j.t.JMeterThread: Thread started: TCC order-show 1-19
2026-09-10 07:14:22,815 INFO o.a.j.t.JMeterThread: Thread started: TCC order-show 1-20
2026-09-10 07:14:22,816 INFO o.a.j.t.JMeterThread: Thread started: TCC order-show 1-21
2026-09-10 07:14:22,817 INFO o.a.j.t.JMeterThread: Thread started: TCC order-show 1-22
2026-09-10 07:14:22,818 INFO o.a.j.t.JMeterThread: Thread started: TCC order-show 1-23
2026-09-10 07:14:22,818 INFO o.a.j.t.JMeterThread: Thread started: TCC order-show 1-24
2026-09-10 07:14:22,819 INFO o.a.j.t.JMeterThread: Thread started: TCC order-show 1-25
2026-09-10 07:14:22,820 INFO o.a.j.t.JMeterThread: Thread started: TCC order-show 1-26
2026-09-10 07:14:22,820 INFO o.a.j.t.JMeterThread: Thread started: TCC order-show 1-27
2026-09-10 07:14:22,821 INFO o.a.j.t.JMeterThread: Thread started: TCC order-show 1-28
2026-09-10 07:14:22,822 INFO o.a.j.t.JMeterThread: Thread started: TCC order-show 1-29
2026-09-10 07:14:22,822 INFO o.a.j.t.JMeterThread: Thread started: TCC order-show 1-30
2026-09-10 07:14:22,823 INFO o.a.j.t.JMeterThread: Thread started: TCC order-show 1-31
2026-09-10 07:14:22,823 INFO o.a.j.t.JMeterThread: Thread started: TCC order-show 1-32
2026-09-10 07:14:22,824 INFO o.a.j.t.JMeterThread: Thread started: TCC order-show 1-33
2026-09-10 07:14:22,825 INFO o.a.j.t.JMeterThread: Thread started: TCC order-show 1-35
2026-09-10 07:14:22,825 INFO o.a.j.t.JMeterThread: Thread started: TCC order-show 1-34
2026-09-10 07:14:22,826 INFO o.a.j.t.JMeterThread: Thread started: TCC order-show 1-36
2026-09-10 07:14:22,826 INFO o.a.j.p.h.s.HTTPHCAbstractImpl: Local host = pop-os
2026-09-10 07:14:22,827 INFO o.a.j.t.JMeterThread: Thread started: TCC order-show 1-37
2026-09-10 07:14:22,827 INFO o.a.j.t.JMeterThread: Thread started: TCC order-show 1-38
2026-09-10 07:14:22,828 INFO o.a.j.t.JMeterThread: Thread started: TCC order-show 1-39
2026-09-10 07:14:22,828 INFO o.a.j.t.JMeterThread: Thread started: TCC order-show 1-40
2026-09-10 07:14:22,829 INFO o.a.j.t.JMeterThread: Thread started: TCC order-show 1-41
2026-09-10 07:14:22,830 INFO o.a.j.t.JMeterThread: Thread started: TCC order-show 1-42
2026-09-10 07:14:22,831 INFO o.a.j.t.JMeterThread: Thread started: TCC order-show 1-43
2026-09-10 07:14:22,831 INFO o.a.j.t.JMeterThread: Thread started: TCC order-show 1-44
2026-09-10 07:14:22,831 INFO o.a.j.t.JMeterThread: Thread started: TCC order-show 1-45
2026-09-10 07:14:22,832 INFO o.a.j.t.JMeterThread: Thread started: TCC order-show 1-46
2026-09-10 07:14:22,833 INFO o.a.j.t.JMeterThread: Thread started: TCC order-show 1-47
2026-09-10 07:14:22,834 INFO o.a.j.t.JMeterThread: Thread started: TCC order-show 1-48
2026-09-10 07:14:22,834 INFO o.a.j.t.JMeterThread: Thread started: TCC order-show 1-49
2026-09-10 07:14:22,834 INFO o.a.j.t.ThreadGroup: Started thread group number 1
2026-09-10 07:14:22,835 INFO o.a.j.e.StandardJMeterEngine: All thread groups have been started
2026-09-10 07:14:22,835 INFO o.a.j.t.JMeterThread: Thread started: TCC order-show 1-50
2026-09-10 07:14:22,836 INFO o.a.j.p.h.s.HTTPHC4Impl: HTTP request retry count = 0
2026-09-10 07:14:22,838 INFO o.a.j.s.SampleResult: Note: Sample TimeStamps are START times
2026-09-10 07:14:22,838 INFO o.a.j.s.SampleResult: sampleresult.default.encoding is set to UTF-8
2026-09-10 07:14:22,838 INFO o.a.j.s.SampleResult: sampleresult.useNanoTime=true
2026-09-10 07:14:22,838 INFO o.a.j.s.SampleResult: sampleresult.nanoThreadSleep=5000
2026-09-10 07:14:30,007 INFO o.a.j.r.Summariser: summary +    869 in 00:00:07 =  120.1/s Avg:   359 Min:    34 Max:   716 Err:     0 (0.00%) Active: 50 Started: 50 Finished: 0
2026-09-10 07:15:00,001 INFO o.a.j.r.Summariser: summary +   4203 in 00:00:30 =  140.1/s Avg:   356 Min:   337 Max:   428 Err:     0 (0.00%) Active: 50 Started: 50 Finished: 0
2026-09-10 07:15:00,001 INFO o.a.j.r.Summariser: summary =   5072 in 00:00:37 =  136.2/s Avg:   356 Min:    34 Max:   716 Err:     0 (0.00%)
2026-09-10 07:15:30,005 INFO o.a.j.r.Summariser: summary +   4287 in 00:00:30 =  142.9/s Avg:   349 Min:   334 Max:   394 Err:     0 (0.00%) Active: 50 Started: 50 Finished: 0
2026-09-10 07:15:30,005 INFO o.a.j.r.Summariser: summary =   9359 in 00:01:07 =  139.2/s Avg:   353 Min:    34 Max:   716 Err:     0 (0.00%)
2026-09-10 07:16:00,005 INFO o.a.j.r.Summariser: summary +   4294 in 00:00:30 =  143.1/s Avg:   349 Min:   330 Max:   426 Err:     0 (0.00%) Active: 50 Started: 50 Finished: 0
2026-09-10 07:16:00,006 INFO o.a.j.r.Summariser: summary =  13653 in 00:01:37 =  140.4/s Avg:   352 Min:    34 Max:   716 Err:     0 (0.00%)
2026-09-10 07:16:22,804 INFO o.a.j.t.JMeterThread: Stopping because end time detected by thread: TCC order-show 1-5
2026-09-10 07:16:22,804 INFO o.a.j.t.JMeterThread: Thread finished: TCC order-show 1-5
2026-09-10 07:16:22,817 INFO o.a.j.t.JMeterThread: Stopping because end time detected by thread: TCC order-show 1-17
2026-09-10 07:16:22,817 INFO o.a.j.t.JMeterThread: Thread finished: TCC order-show 1-17
2026-09-10 07:16:22,824 INFO o.a.j.t.JMeterThread: Stopping because end time detected by thread: TCC order-show 1-22
2026-09-10 07:16:22,824 INFO o.a.j.t.JMeterThread: Thread finished: TCC order-show 1-22
2026-09-10 07:16:22,830 INFO o.a.j.t.JMeterThread: Stopping because end time detected by thread: TCC order-show 1-24
2026-09-10 07:16:22,831 INFO o.a.j.t.JMeterThread: Thread finished: TCC order-show 1-24
2026-09-10 07:16:22,837 INFO o.a.j.t.JMeterThread: Stopping because end time detected by thread: TCC order-show 1-11
2026-09-10 07:16:22,837 INFO o.a.j.t.JMeterThread: Thread finished: TCC order-show 1-11
2026-09-10 07:16:22,845 INFO o.a.j.t.JMeterThread: Stopping because end time detected by thread: TCC order-show 1-9
2026-09-10 07:16:22,846 INFO o.a.j.t.JMeterThread: Thread finished: TCC order-show 1-9
2026-09-10 07:16:22,853 INFO o.a.j.t.JMeterThread: Stopping because end time detected by thread: TCC order-show 1-16
2026-09-10 07:16:22,853 INFO o.a.j.t.JMeterThread: Thread finished: TCC order-show 1-16
2026-09-10 07:16:22,860 INFO o.a.j.t.JMeterThread: Stopping because end time detected by thread: TCC order-show 1-36
2026-09-10 07:16:22,860 INFO o.a.j.t.JMeterThread: Thread finished: TCC order-show 1-36
2026-09-10 07:16:22,866 INFO o.a.j.t.JMeterThread: Stopping because end time detected by thread: TCC order-show 1-35
2026-09-10 07:16:22,867 INFO o.a.j.t.JMeterThread: Thread finished: TCC order-show 1-35
2026-09-10 07:16:22,873 INFO o.a.j.t.JMeterThread: Stopping because end time detected by thread: TCC order-show 1-21
2026-09-10 07:16:22,874 INFO o.a.j.t.JMeterThread: Thread finished: TCC order-show 1-21
2026-09-10 07:16:22,880 INFO o.a.j.t.JMeterThread: Stopping because end time detected by thread: TCC order-show 1-49
2026-09-10 07:16:22,880 INFO o.a.j.t.JMeterThread: Thread finished: TCC order-show 1-49
2026-09-10 07:16:22,887 INFO o.a.j.t.JMeterThread: Stopping because end time detected by thread: TCC order-show 1-6
2026-09-10 07:16:22,887 INFO o.a.j.t.JMeterThread: Thread finished: TCC order-show 1-6
2026-09-10 07:16:22,894 INFO o.a.j.t.JMeterThread: Stopping because end time detected by thread: TCC order-show 1-19
2026-09-10 07:16:22,895 INFO o.a.j.t.JMeterThread: Thread finished: TCC order-show 1-19
2026-09-10 07:16:22,901 INFO o.a.j.t.JMeterThread: Stopping because end time detected by thread: TCC order-show 1-15
2026-09-10 07:16:22,902 INFO o.a.j.t.JMeterThread: Thread finished: TCC order-show 1-15
2026-09-10 07:16:22,908 INFO o.a.j.t.JMeterThread: Stopping because end time detected by thread: TCC order-show 1-20
2026-09-10 07:16:22,908 INFO o.a.j.t.JMeterThread: Thread finished: TCC order-show 1-20
2026-09-10 07:16:22,915 INFO o.a.j.t.JMeterThread: Stopping because end time detected by thread: TCC order-show 1-14
2026-09-10 07:16:22,915 INFO o.a.j.t.JMeterThread: Thread finished: TCC order-show 1-14
2026-09-10 07:16:22,923 INFO o.a.j.t.JMeterThread: Stopping because end time detected by thread: TCC order-show 1-37
2026-09-10 07:16:22,923 INFO o.a.j.t.JMeterThread: Thread finished: TCC order-show 1-37
2026-09-10 07:16:22,930 INFO o.a.j.t.JMeterThread: Stopping because end time detected by thread: TCC order-show 1-28
2026-09-10 07:16:22,930 INFO o.a.j.t.JMeterThread: Thread finished: TCC order-show 1-28
2026-09-10 07:16:22,937 INFO o.a.j.t.JMeterThread: Stopping because end time detected by thread: TCC order-show 1-1
2026-09-10 07:16:22,937 INFO o.a.j.t.JMeterThread: Thread finished: TCC order-show 1-1
2026-09-10 07:16:22,944 INFO o.a.j.t.JMeterThread: Stopping because end time detected by thread: TCC order-show 1-50
2026-09-10 07:16:22,944 INFO o.a.j.t.JMeterThread: Thread finished: TCC order-show 1-50
2026-09-10 07:16:22,951 INFO o.a.j.t.JMeterThread: Stopping because end time detected by thread: TCC order-show 1-40
2026-09-10 07:16:22,951 INFO o.a.j.t.JMeterThread: Thread finished: TCC order-show 1-40
2026-09-10 07:16:22,957 INFO o.a.j.t.JMeterThread: Stopping because end time detected by thread: TCC order-show 1-2
2026-09-10 07:16:22,958 INFO o.a.j.t.JMeterThread: Thread finished: TCC order-show 1-2
2026-09-10 07:16:22,965 INFO o.a.j.t.JMeterThread: Stopping because end time detected by thread: TCC order-show 1-27
2026-09-10 07:16:22,965 INFO o.a.j.t.JMeterThread: Thread finished: TCC order-show 1-27
2026-09-10 07:16:22,972 INFO o.a.j.t.JMeterThread: Stopping because end time detected by thread: TCC order-show 1-34
2026-09-10 07:16:22,972 INFO o.a.j.t.JMeterThread: Thread finished: TCC order-show 1-34
2026-09-10 07:16:22,979 INFO o.a.j.t.JMeterThread: Stopping because end time detected by thread: TCC order-show 1-29
2026-09-10 07:16:22,979 INFO o.a.j.t.JMeterThread: Thread finished: TCC order-show 1-29
2026-09-10 07:16:22,986 INFO o.a.j.t.JMeterThread: Stopping because end time detected by thread: TCC order-show 1-8
2026-09-10 07:16:22,986 INFO o.a.j.t.JMeterThread: Thread finished: TCC order-show 1-8
2026-09-10 07:16:22,993 INFO o.a.j.t.JMeterThread: Stopping because end time detected by thread: TCC order-show 1-7
2026-09-10 07:16:22,993 INFO o.a.j.t.JMeterThread: Thread finished: TCC order-show 1-7
2026-09-10 07:16:22,999 INFO o.a.j.t.JMeterThread: Stopping because end time detected by thread: TCC order-show 1-43
2026-09-10 07:16:23,000 INFO o.a.j.t.JMeterThread: Thread finished: TCC order-show 1-43
2026-09-10 07:16:23,006 INFO o.a.j.t.JMeterThread: Stopping because end time detected by thread: TCC order-show 1-38
2026-09-10 07:16:23,007 INFO o.a.j.t.JMeterThread: Thread finished: TCC order-show 1-38
2026-09-10 07:16:23,013 INFO o.a.j.t.JMeterThread: Stopping because end time detected by thread: TCC order-show 1-41
2026-09-10 07:16:23,014 INFO o.a.j.t.JMeterThread: Thread finished: TCC order-show 1-41
2026-09-10 07:16:23,020 INFO o.a.j.t.JMeterThread: Stopping because end time detected by thread: TCC order-show 1-46
2026-09-10 07:16:23,020 INFO o.a.j.t.JMeterThread: Thread finished: TCC order-show 1-46
2026-09-10 07:16:23,027 INFO o.a.j.t.JMeterThread: Stopping because end time detected by thread: TCC order-show 1-10
2026-09-10 07:16:23,027 INFO o.a.j.t.JMeterThread: Thread finished: TCC order-show 1-10
2026-09-10 07:16:23,034 INFO o.a.j.t.JMeterThread: Stopping because end time detected by thread: TCC order-show 1-33
2026-09-10 07:16:23,034 INFO o.a.j.t.JMeterThread: Thread finished: TCC order-show 1-33
2026-09-10 07:16:23,042 INFO o.a.j.t.JMeterThread: Stopping because end time detected by thread: TCC order-show 1-42
2026-09-10 07:16:23,042 INFO o.a.j.t.JMeterThread: Thread finished: TCC order-show 1-42
2026-09-10 07:16:23,050 INFO o.a.j.t.JMeterThread: Stopping because end time detected by thread: TCC order-show 1-47
2026-09-10 07:16:23,050 INFO o.a.j.t.JMeterThread: Thread finished: TCC order-show 1-47
2026-09-10 07:16:23,057 INFO o.a.j.t.JMeterThread: Stopping because end time detected by thread: TCC order-show 1-13
2026-09-10 07:16:23,057 INFO o.a.j.t.JMeterThread: Thread finished: TCC order-show 1-13
2026-09-10 07:16:23,063 INFO o.a.j.t.JMeterThread: Stopping because end time detected by thread: TCC order-show 1-30
2026-09-10 07:16:23,064 INFO o.a.j.t.JMeterThread: Thread finished: TCC order-show 1-30
2026-09-10 07:16:23,071 INFO o.a.j.t.JMeterThread: Stopping because end time detected by thread: TCC order-show 1-4
2026-09-10 07:16:23,072 INFO o.a.j.t.JMeterThread: Thread finished: TCC order-show 1-4
2026-09-10 07:16:23,079 INFO o.a.j.t.JMeterThread: Stopping because end time detected by thread: TCC order-show 1-45
2026-09-10 07:16:23,079 INFO o.a.j.t.JMeterThread: Thread finished: TCC order-show 1-45
2026-09-10 07:16:23,085 INFO o.a.j.t.JMeterThread: Stopping because end time detected by thread: TCC order-show 1-31
2026-09-10 07:16:23,085 INFO o.a.j.t.JMeterThread: Thread finished: TCC order-show 1-31
2026-09-10 07:16:23,092 INFO o.a.j.t.JMeterThread: Stopping because end time detected by thread: TCC order-show 1-18
2026-09-10 07:16:23,092 INFO o.a.j.t.JMeterThread: Thread finished: TCC order-show 1-18
2026-09-10 07:16:23,100 INFO o.a.j.t.JMeterThread: Stopping because end time detected by thread: TCC order-show 1-12
2026-09-10 07:16:23,100 INFO o.a.j.t.JMeterThread: Thread finished: TCC order-show 1-12
2026-09-10 07:16:23,107 INFO o.a.j.t.JMeterThread: Stopping because end time detected by thread: TCC order-show 1-3
2026-09-10 07:16:23,107 INFO o.a.j.t.JMeterThread: Thread finished: TCC order-show 1-3
2026-09-10 07:16:23,113 INFO o.a.j.t.JMeterThread: Stopping because end time detected by thread: TCC order-show 1-25
2026-09-10 07:16:23,113 INFO o.a.j.t.JMeterThread: Thread finished: TCC order-show 1-25
2026-09-10 07:16:23,120 INFO o.a.j.t.JMeterThread: Stopping because end time detected by thread: TCC order-show 1-26
2026-09-10 07:16:23,121 INFO o.a.j.t.JMeterThread: Thread finished: TCC order-show 1-26
2026-09-10 07:16:23,127 INFO o.a.j.t.JMeterThread: Stopping because end time detected by thread: TCC order-show 1-48
2026-09-10 07:16:23,127 INFO o.a.j.t.JMeterThread: Thread finished: TCC order-show 1-48
2026-09-10 07:16:23,134 INFO o.a.j.t.JMeterThread: Stopping because end time detected by thread: TCC order-show 1-23
2026-09-10 07:16:23,134 INFO o.a.j.t.JMeterThread: Thread finished: TCC order-show 1-23
2026-09-10 07:16:23,141 INFO o.a.j.t.JMeterThread: Stopping because end time detected by thread: TCC order-show 1-39
2026-09-10 07:16:23,141 INFO o.a.j.t.JMeterThread: Thread finished: TCC order-show 1-39
2026-09-10 07:16:23,148 INFO o.a.j.t.JMeterThread: Stopping because end time detected by thread: TCC order-show 1-32
2026-09-10 07:16:23,148 INFO o.a.j.t.JMeterThread: Thread finished: TCC order-show 1-32
2026-09-10 07:16:23,154 INFO o.a.j.t.JMeterThread: Stopping because end time detected by thread: TCC order-show 1-44
2026-09-10 07:16:23,155 INFO o.a.j.t.JMeterThread: Thread finished: TCC order-show 1-44
2026-09-10 07:16:23,155 INFO o.a.j.e.StandardJMeterEngine: Notifying test listeners of end of test
2026-09-10 07:16:23,158 INFO o.a.j.r.Summariser: summary +   3336 in 00:00:23 =  144.1/s Avg:   346 Min:   333 Max:   359 Err:     0 (0.00%) Active: 0 Started: 50 Finished: 50
2026-09-10 07:16:23,158 INFO o.a.j.r.Summariser: summary =  16989 in 00:02:00 =  141.1/s Avg:   351 Min:    34 Max:   716 Err:     0 (0.00%)
