2026-09-10 07:03:33,773 INFO o.a.j.u.JMeterUtils: Setting Locale to en_EN
2026-09-10 07:03:33,789 INFO o.a.j.JMeter: Loading user properties from: /home/avituo/projects/tcc/tcc-container/.tools/apache-jmeter-5.6.3/bin/user.properties
2026-09-10 07:03:33,789 INFO o.a.j.JMeter: Loading system properties from: /home/avituo/projects/tcc/tcc-container/.tools/apache-jmeter-5.6.3/bin/system.properties
2026-09-10 07:03:33,789 INFO o.a.j.JMeter: Loading additional properties from: /home/avituo/projects/tcc/tcc-container/benchmark/jmeter/benchmark.properties
2026-09-10 07:03:33,789 INFO o.a.j.JMeter: Loading additional properties from: /tmp/tcc-benchmark-auth.wqz0qc/auth.properties
2026-09-10 07:03:33,790 INFO o.a.j.JMeter: Loading additional properties from: /home/avituo/projects/tcc/tcc-container/benchmark/results/laravel-13.20.0/final/order-show/c50/r2/monolith/thread-counters.properties
2026-09-10 07:03:33,790 INFO o.a.j.JMeter: Setting JMeter property: threads=50
2026-09-10 07:03:33,790 INFO o.a.j.JMeter: Setting JMeter property: duration_seconds=120
2026-09-10 07:03:33,790 INFO o.a.j.JMeter: Setting JMeter property: target_host=localhost
2026-09-10 07:03:33,790 INFO o.a.j.JMeter: Setting JMeter property: target_port=18000
2026-09-10 07:03:33,790 INFO o.a.j.JMeter: Setting JMeter property: tcc.order.id=1
2026-09-10 07:03:33,790 INFO o.a.j.JMeter: Setting JMeter property: repetition=2
2026-09-10 07:03:33,797 INFO o.a.j.JMeter: Copyright (c) 1998-2024 The Apache Software Foundation
2026-09-10 07:03:33,797 INFO o.a.j.JMeter: Version 5.6.3
2026-09-10 07:03:33,797 INFO o.a.j.JMeter: java.version=21.0.11
2026-09-10 07:03:33,797 INFO o.a.j.JMeter: java.vm.name=OpenJDK 64-Bit Server VM
2026-09-10 07:03:33,797 INFO o.a.j.JMeter: os.name=Linux
2026-09-10 07:03:33,797 INFO o.a.j.JMeter: os.arch=amd64
2026-09-10 07:03:33,797 INFO o.a.j.JMeter: os.version=7.0.11-76070011-generic
2026-09-10 07:03:33,797 INFO o.a.j.JMeter: file.encoding=UTF-8
2026-09-10 07:03:33,798 INFO o.a.j.JMeter: java.awt.headless=true
2026-09-10 07:03:33,798 INFO o.a.j.JMeter: Max memory     =1073741824
2026-09-10 07:03:33,798 INFO o.a.j.JMeter: Available Processors =16
2026-09-10 07:03:33,806 INFO o.a.j.JMeter: Default Locale=English (EN)
2026-09-10 07:03:33,806 INFO o.a.j.JMeter: JMeter  Locale=English (EN)
2026-09-10 07:03:33,806 INFO o.a.j.JMeter: JMeterHome=/home/avituo/projects/tcc/tcc-container/.tools/apache-jmeter-5.6.3
2026-09-10 07:03:33,806 INFO o.a.j.JMeter: user.dir  =/home/avituo/projects/tcc/tcc-container
2026-09-10 07:03:33,806 INFO o.a.j.JMeter: PWD       =/home/avituo/projects/tcc/tcc-container
2026-09-10 07:03:33,814 INFO o.a.j.JMeter: IP: 192.168.1.16 Name: pop-os FullName: pop-os.home
2026-09-10 07:03:33,826 INFO o.a.j.s.FileServer: Default base='/home/avituo/projects/tcc/tcc-container'
2026-09-10 07:03:33,827 INFO o.a.j.s.FileServer: Set new base='/home/avituo/projects/tcc/tcc-container/benchmark/jmeter'
2026-09-10 07:03:33,995 INFO o.a.j.s.SaveService: Testplan (JMX) version: 2.2. Testlog (JTL) version: 2.2
2026-09-10 07:03:34,019 INFO o.a.j.s.SaveService: Using SaveService properties version 5.0
2026-09-10 07:03:34,022 INFO o.a.j.s.SaveService: Using SaveService properties file encoding UTF-8
2026-09-10 07:03:34,027 INFO o.a.j.s.SaveService: Loading file: /home/avituo/projects/tcc/tcc-container/benchmark/jmeter/tcc-order-show-v1.jmx
2026-09-10 07:03:34,078 INFO o.a.j.p.h.s.HTTPSamplerBase: Parser for text/html is org.apache.jmeter.protocol.http.parser.LagartoBasedHtmlParser
2026-09-10 07:03:34,078 INFO o.a.j.p.h.s.HTTPSamplerBase: Parser for application/xhtml+xml is org.apache.jmeter.protocol.http.parser.LagartoBasedHtmlParser
2026-09-10 07:03:34,078 INFO o.a.j.p.h.s.HTTPSamplerBase: Parser for application/xml is org.apache.jmeter.protocol.http.parser.LagartoBasedHtmlParser
2026-09-10 07:03:34,078 INFO o.a.j.p.h.s.HTTPSamplerBase: Parser for text/xml is org.apache.jmeter.protocol.http.parser.LagartoBasedHtmlParser
2026-09-10 07:03:34,078 INFO o.a.j.p.h.s.HTTPSamplerBase: Parser for text/vnd.wap.wml is org.apache.jmeter.protocol.http.parser.RegexpHTMLParser
2026-09-10 07:03:34,078 INFO o.a.j.p.h.s.HTTPSamplerBase: Parser for text/css is org.apache.jmeter.protocol.http.parser.CssParser
2026-09-10 07:03:34,106 INFO o.a.j.JMeter: Creating summariser <summary>
2026-09-10 07:03:34,128 INFO o.a.j.e.StandardJMeterEngine: Running the test!
2026-09-10 07:03:34,128 INFO o.a.j.s.SampleEvent: List of sample_variables: []
2026-09-10 07:03:34,128 INFO o.a.j.s.SampleEvent: List of sample_variables: []
2026-09-10 07:03:34,134 INFO o.a.j.e.u.CompoundVariable: Note: Function class names must contain the string: '.functions.'
2026-09-10 07:03:34,134 INFO o.a.j.e.u.CompoundVariable: Note: Function class names must not contain the string: '.gui.'
2026-09-10 07:03:34,379 INFO o.a.j.JMeter: Running test (1789034614379)
2026-09-10 07:03:34,399 INFO o.a.j.e.StandardJMeterEngine: Starting ThreadGroup: 1 : TCC order-show
2026-09-10 07:03:34,399 INFO o.a.j.e.StandardJMeterEngine: Starting 50 threads for group TCC order-show.
2026-09-10 07:03:34,399 INFO o.a.j.e.StandardJMeterEngine: Thread will continue on error
2026-09-10 07:03:34,399 INFO o.a.j.t.ThreadGroup: Starting thread group... number=1 threads=50 ramp-up=0 delayedStart=false
2026-09-10 07:03:34,405 INFO o.a.j.t.JMeterThread: Thread started: TCC order-show 1-4
2026-09-10 07:03:34,405 INFO o.a.j.t.JMeterThread: Thread started: TCC order-show 1-3
2026-09-10 07:03:34,405 INFO o.a.j.t.JMeterThread: Thread started: TCC order-show 1-1
2026-09-10 07:03:34,406 INFO o.a.j.t.JMeterThread: Thread started: TCC order-show 1-5
2026-09-10 07:03:34,405 INFO o.a.j.t.JMeterThread: Thread started: TCC order-show 1-2
2026-09-10 07:03:34,407 INFO o.a.j.t.JMeterThread: Thread started: TCC order-show 1-6
2026-09-10 07:03:34,407 INFO o.a.j.t.JMeterThread: Thread started: TCC order-show 1-7
2026-09-10 07:03:34,408 INFO o.a.j.t.JMeterThread: Thread started: TCC order-show 1-8
2026-09-10 07:03:34,409 INFO o.a.j.t.JMeterThread: Thread started: TCC order-show 1-9
2026-09-10 07:03:34,409 INFO o.a.j.t.JMeterThread: Thread started: TCC order-show 1-10
2026-09-10 07:03:34,410 INFO o.a.j.t.JMeterThread: Thread started: TCC order-show 1-11
2026-09-10 07:03:34,411 INFO o.a.j.t.JMeterThread: Thread started: TCC order-show 1-12
2026-09-10 07:03:34,412 INFO o.a.j.t.JMeterThread: Thread started: TCC order-show 1-13
2026-09-10 07:03:34,413 INFO o.a.j.t.JMeterThread: Thread started: TCC order-show 1-14
2026-09-10 07:03:34,414 INFO o.a.j.t.JMeterThread: Thread started: TCC order-show 1-15
2026-09-10 07:03:34,415 INFO o.a.j.t.JMeterThread: Thread started: TCC order-show 1-16
2026-09-10 07:03:34,415 INFO o.a.j.t.JMeterThread: Thread started: TCC order-show 1-17
2026-09-10 07:03:34,416 INFO o.a.j.t.JMeterThread: Thread started: TCC order-show 1-18
2026-09-10 07:03:34,417 INFO o.a.j.t.JMeterThread: Thread started: TCC order-show 1-19
2026-09-10 07:03:34,417 INFO o.a.j.t.JMeterThread: Thread started: TCC order-show 1-20
2026-09-10 07:03:34,418 INFO o.a.j.t.JMeterThread: Thread started: TCC order-show 1-21
2026-09-10 07:03:34,419 INFO o.a.j.t.JMeterThread: Thread started: TCC order-show 1-22
2026-09-10 07:03:34,419 INFO o.a.j.t.JMeterThread: Thread started: TCC order-show 1-23
2026-09-10 07:03:34,420 INFO o.a.j.t.JMeterThread: Thread started: TCC order-show 1-24
2026-09-10 07:03:34,420 INFO o.a.j.t.JMeterThread: Thread started: TCC order-show 1-25
2026-09-10 07:03:34,420 INFO o.a.j.t.JMeterThread: Thread started: TCC order-show 1-26
2026-09-10 07:03:34,421 INFO o.a.j.t.JMeterThread: Thread started: TCC order-show 1-27
2026-09-10 07:03:34,422 INFO o.a.j.t.JMeterThread: Thread started: TCC order-show 1-28
2026-09-10 07:03:34,422 INFO o.a.j.t.JMeterThread: Thread started: TCC order-show 1-29
2026-09-10 07:03:34,423 INFO o.a.j.t.JMeterThread: Thread started: TCC order-show 1-30
2026-09-10 07:03:34,423 INFO o.a.j.t.JMeterThread: Thread started: TCC order-show 1-31
2026-09-10 07:03:34,424 INFO o.a.j.t.JMeterThread: Thread started: TCC order-show 1-32
2026-09-10 07:03:34,424 INFO o.a.j.t.JMeterThread: Thread started: TCC order-show 1-33
2026-09-10 07:03:34,425 INFO o.a.j.t.JMeterThread: Thread started: TCC order-show 1-34
2026-09-10 07:03:34,425 INFO o.a.j.t.JMeterThread: Thread started: TCC order-show 1-35
2026-09-10 07:03:34,426 INFO o.a.j.t.JMeterThread: Thread started: TCC order-show 1-36
2026-09-10 07:03:34,426 INFO o.a.j.t.JMeterThread: Thread started: TCC order-show 1-37
2026-09-10 07:03:34,427 INFO o.a.j.t.JMeterThread: Thread started: TCC order-show 1-38
2026-09-10 07:03:34,427 INFO o.a.j.t.JMeterThread: Thread started: TCC order-show 1-39
2026-09-10 07:03:34,428 INFO o.a.j.t.JMeterThread: Thread started: TCC order-show 1-40
2026-09-10 07:03:34,428 INFO o.a.j.t.JMeterThread: Thread started: TCC order-show 1-41
2026-09-10 07:03:34,429 INFO o.a.j.t.JMeterThread: Thread started: TCC order-show 1-42
2026-09-10 07:03:34,430 INFO o.a.j.p.h.s.HTTPHCAbstractImpl: Local host = pop-os
2026-09-10 07:03:34,430 INFO o.a.j.t.JMeterThread: Thread started: TCC order-show 1-44
2026-09-10 07:03:34,430 INFO o.a.j.t.JMeterThread: Thread started: TCC order-show 1-43
2026-09-10 07:03:34,431 INFO o.a.j.t.JMeterThread: Thread started: TCC order-show 1-45
2026-09-10 07:03:34,431 INFO o.a.j.t.JMeterThread: Thread started: TCC order-show 1-46
2026-09-10 07:03:34,432 INFO o.a.j.t.JMeterThread: Thread started: TCC order-show 1-47
2026-09-10 07:03:34,432 INFO o.a.j.t.JMeterThread: Thread started: TCC order-show 1-48
2026-09-10 07:03:34,432 INFO o.a.j.t.ThreadGroup: Started thread group number 1
2026-09-10 07:03:34,432 INFO o.a.j.t.JMeterThread: Thread started: TCC order-show 1-49
2026-09-10 07:03:34,433 INFO o.a.j.e.StandardJMeterEngine: All thread groups have been started
2026-09-10 07:03:34,433 INFO o.a.j.t.JMeterThread: Thread started: TCC order-show 1-50
2026-09-10 07:03:34,437 INFO o.a.j.p.h.s.HTTPHC4Impl: HTTP request retry count = 0
2026-09-10 07:03:34,438 INFO o.a.j.s.SampleResult: Note: Sample TimeStamps are START times
2026-09-10 07:03:34,438 INFO o.a.j.s.SampleResult: sampleresult.default.encoding is set to UTF-8
2026-09-10 07:03:34,438 INFO o.a.j.s.SampleResult: sampleresult.useNanoTime=true
2026-09-10 07:03:34,438 INFO o.a.j.s.SampleResult: sampleresult.nanoThreadSleep=5000
2026-09-10 07:03:35,515 INFO o.a.j.r.Summariser: summary +      1 in 00:00:01 =    0.9/s Avg:   221 Min:   221 Max:   221 Err:     0 (0.00%) Active: 50 Started: 50 Finished: 0
2026-09-10 07:04:00,014 INFO o.a.j.r.Summariser: summary +   2276 in 00:00:25 =   92.9/s Avg:   541 Min:    28 Max:   865 Err:     0 (0.00%) Active: 50 Started: 50 Finished: 0
2026-09-10 07:04:00,014 INFO o.a.j.r.Summariser: summary =   2277 in 00:00:26 =   88.8/s Avg:   541 Min:    28 Max:   865 Err:     0 (0.00%)
2026-09-10 07:04:30,052 INFO o.a.j.r.Summariser: summary +   2787 in 00:00:30 =   92.8/s Avg:   537 Min:   505 Max:   587 Err:     0 (0.00%) Active: 50 Started: 50 Finished: 0
2026-09-10 07:04:30,053 INFO o.a.j.r.Summariser: summary =   5064 in 00:00:56 =   91.0/s Avg:   539 Min:    28 Max:   865 Err:     0 (0.00%)
2026-09-10 07:05:00,010 INFO o.a.j.r.Summariser: summary +   2769 in 00:00:30 =   92.4/s Avg:   541 Min:   513 Max:   626 Err:     0 (0.00%) Active: 50 Started: 50 Finished: 0
2026-09-10 07:05:00,011 INFO o.a.j.r.Summariser: summary =   7833 in 00:01:26 =   91.5/s Avg:   540 Min:    28 Max:   865 Err:     0 (0.00%)
2026-09-10 07:05:30,001 INFO o.a.j.r.Summariser: summary +   2800 in 00:00:30 =   93.4/s Avg:   535 Min:   510 Max:   568 Err:     0 (0.00%) Active: 50 Started: 50 Finished: 0
2026-09-10 07:05:30,001 INFO o.a.j.r.Summariser: summary =  10633 in 00:01:56 =   92.0/s Avg:   538 Min:    28 Max:   865 Err:     0 (0.00%)
2026-09-10 07:05:34,419 INFO o.a.j.t.JMeterThread: Stopping because end time detected by thread: TCC order-show 1-9
2026-09-10 07:05:34,419 INFO o.a.j.t.JMeterThread: Thread finished: TCC order-show 1-9
2026-09-10 07:05:34,430 INFO o.a.j.t.JMeterThread: Stopping because end time detected by thread: TCC order-show 1-26
2026-09-10 07:05:34,430 INFO o.a.j.t.JMeterThread: Thread finished: TCC order-show 1-26
2026-09-10 07:05:34,441 INFO o.a.j.t.JMeterThread: Stopping because end time detected by thread: TCC order-show 1-1
2026-09-10 07:05:34,441 INFO o.a.j.t.JMeterThread: Thread finished: TCC order-show 1-1
2026-09-10 07:05:34,452 INFO o.a.j.t.JMeterThread: Stopping because end time detected by thread: TCC order-show 1-22
2026-09-10 07:05:34,452 INFO o.a.j.t.JMeterThread: Thread finished: TCC order-show 1-22
2026-09-10 07:05:34,462 INFO o.a.j.t.JMeterThread: Stopping because end time detected by thread: TCC order-show 1-33
2026-09-10 07:05:34,462 INFO o.a.j.t.JMeterThread: Thread finished: TCC order-show 1-33
2026-09-10 07:05:34,473 INFO o.a.j.t.JMeterThread: Stopping because end time detected by thread: TCC order-show 1-41
2026-09-10 07:05:34,473 INFO o.a.j.t.JMeterThread: Thread finished: TCC order-show 1-41
2026-09-10 07:05:34,483 INFO o.a.j.t.JMeterThread: Stopping because end time detected by thread: TCC order-show 1-11
2026-09-10 07:05:34,483 INFO o.a.j.t.JMeterThread: Thread finished: TCC order-show 1-11
2026-09-10 07:05:34,494 INFO o.a.j.t.JMeterThread: Stopping because end time detected by thread: TCC order-show 1-13
2026-09-10 07:05:34,494 INFO o.a.j.t.JMeterThread: Thread finished: TCC order-show 1-13
2026-09-10 07:05:34,504 INFO o.a.j.t.JMeterThread: Stopping because end time detected by thread: TCC order-show 1-23
2026-09-10 07:05:34,504 INFO o.a.j.t.JMeterThread: Thread finished: TCC order-show 1-23
2026-09-10 07:05:34,515 INFO o.a.j.t.JMeterThread: Stopping because end time detected by thread: TCC order-show 1-20
2026-09-10 07:05:34,515 INFO o.a.j.t.JMeterThread: Thread finished: TCC order-show 1-20
2026-09-10 07:05:34,525 INFO o.a.j.t.JMeterThread: Stopping because end time detected by thread: TCC order-show 1-37
2026-09-10 07:05:34,525 INFO o.a.j.t.JMeterThread: Thread finished: TCC order-show 1-37
2026-09-10 07:05:34,539 INFO o.a.j.t.JMeterThread: Stopping because end time detected by thread: TCC order-show 1-18
2026-09-10 07:05:34,539 INFO o.a.j.t.JMeterThread: Thread finished: TCC order-show 1-18
2026-09-10 07:05:34,550 INFO o.a.j.t.JMeterThread: Stopping because end time detected by thread: TCC order-show 1-25
2026-09-10 07:05:34,550 INFO o.a.j.t.JMeterThread: Thread finished: TCC order-show 1-25
2026-09-10 07:05:34,562 INFO o.a.j.t.JMeterThread: Stopping because end time detected by thread: TCC order-show 1-50
2026-09-10 07:05:34,562 INFO o.a.j.t.JMeterThread: Thread finished: TCC order-show 1-50
2026-09-10 07:05:34,572 INFO o.a.j.t.JMeterThread: Stopping because end time detected by thread: TCC order-show 1-45
2026-09-10 07:05:34,572 INFO o.a.j.t.JMeterThread: Thread finished: TCC order-show 1-45
2026-09-10 07:05:34,583 INFO o.a.j.t.JMeterThread: Stopping because end time detected by thread: TCC order-show 1-46
2026-09-10 07:05:34,583 INFO o.a.j.t.JMeterThread: Thread finished: TCC order-show 1-46
2026-09-10 07:05:34,593 INFO o.a.j.t.JMeterThread: Stopping because end time detected by thread: TCC order-show 1-24
2026-09-10 07:05:34,594 INFO o.a.j.t.JMeterThread: Thread finished: TCC order-show 1-24
2026-09-10 07:05:34,604 INFO o.a.j.t.JMeterThread: Stopping because end time detected by thread: TCC order-show 1-36
2026-09-10 07:05:34,604 INFO o.a.j.t.JMeterThread: Thread finished: TCC order-show 1-36
2026-09-10 07:05:34,614 INFO o.a.j.t.JMeterThread: Stopping because end time detected by thread: TCC order-show 1-7
2026-09-10 07:05:34,615 INFO o.a.j.t.JMeterThread: Thread finished: TCC order-show 1-7
2026-09-10 07:05:34,625 INFO o.a.j.t.JMeterThread: Stopping because end time detected by thread: TCC order-show 1-14
2026-09-10 07:05:34,625 INFO o.a.j.t.JMeterThread: Thread finished: TCC order-show 1-14
2026-09-10 07:05:34,636 INFO o.a.j.t.JMeterThread: Stopping because end time detected by thread: TCC order-show 1-17
2026-09-10 07:05:34,636 INFO o.a.j.t.JMeterThread: Thread finished: TCC order-show 1-17
2026-09-10 07:05:34,647 INFO o.a.j.t.JMeterThread: Stopping because end time detected by thread: TCC order-show 1-15
2026-09-10 07:05:34,647 INFO o.a.j.t.JMeterThread: Thread finished: TCC order-show 1-15
2026-09-10 07:05:34,657 INFO o.a.j.t.JMeterThread: Stopping because end time detected by thread: TCC order-show 1-32
2026-09-10 07:05:34,658 INFO o.a.j.t.JMeterThread: Thread finished: TCC order-show 1-32
2026-09-10 07:05:34,668 INFO o.a.j.t.JMeterThread: Stopping because end time detected by thread: TCC order-show 1-6
2026-09-10 07:05:34,668 INFO o.a.j.t.JMeterThread: Thread finished: TCC order-show 1-6
2026-09-10 07:05:34,678 INFO o.a.j.t.JMeterThread: Stopping because end time detected by thread: TCC order-show 1-29
2026-09-10 07:05:34,679 INFO o.a.j.t.JMeterThread: Thread finished: TCC order-show 1-29
2026-09-10 07:05:34,689 INFO o.a.j.t.JMeterThread: Stopping because end time detected by thread: TCC order-show 1-10
2026-09-10 07:05:34,689 INFO o.a.j.t.JMeterThread: Thread finished: TCC order-show 1-10
2026-09-10 07:05:34,700 INFO o.a.j.t.JMeterThread: Stopping because end time detected by thread: TCC order-show 1-28
2026-09-10 07:05:34,700 INFO o.a.j.t.JMeterThread: Thread finished: TCC order-show 1-28
2026-09-10 07:05:34,710 INFO o.a.j.t.JMeterThread: Stopping because end time detected by thread: TCC order-show 1-43
2026-09-10 07:05:34,711 INFO o.a.j.t.JMeterThread: Thread finished: TCC order-show 1-43
2026-09-10 07:05:34,721 INFO o.a.j.t.JMeterThread: Stopping because end time detected by thread: TCC order-show 1-16
2026-09-10 07:05:34,721 INFO o.a.j.t.JMeterThread: Thread finished: TCC order-show 1-16
2026-09-10 07:05:34,732 INFO o.a.j.t.JMeterThread: Stopping because end time detected by thread: TCC order-show 1-2
2026-09-10 07:05:34,732 INFO o.a.j.t.JMeterThread: Thread finished: TCC order-show 1-2
2026-09-10 07:05:34,743 INFO o.a.j.t.JMeterThread: Stopping because end time detected by thread: TCC order-show 1-21
2026-09-10 07:05:34,743 INFO o.a.j.t.JMeterThread: Thread finished: TCC order-show 1-21
2026-09-10 07:05:34,753 INFO o.a.j.t.JMeterThread: Stopping because end time detected by thread: TCC order-show 1-8
2026-09-10 07:05:34,754 INFO o.a.j.t.JMeterThread: Thread finished: TCC order-show 1-8
2026-09-10 07:05:34,764 INFO o.a.j.t.JMeterThread: Stopping because end time detected by thread: TCC order-show 1-27
2026-09-10 07:05:34,764 INFO o.a.j.t.JMeterThread: Thread finished: TCC order-show 1-27
2026-09-10 07:05:34,775 INFO o.a.j.t.JMeterThread: Stopping because end time detected by thread: TCC order-show 1-3
2026-09-10 07:05:34,775 INFO o.a.j.t.JMeterThread: Thread finished: TCC order-show 1-3
2026-09-10 07:05:34,786 INFO o.a.j.t.JMeterThread: Stopping because end time detected by thread: TCC order-show 1-5
2026-09-10 07:05:34,786 INFO o.a.j.t.JMeterThread: Thread finished: TCC order-show 1-5
2026-09-10 07:05:34,797 INFO o.a.j.t.JMeterThread: Stopping because end time detected by thread: TCC order-show 1-19
2026-09-10 07:05:34,797 INFO o.a.j.t.JMeterThread: Thread finished: TCC order-show 1-19
2026-09-10 07:05:34,808 INFO o.a.j.t.JMeterThread: Stopping because end time detected by thread: TCC order-show 1-49
2026-09-10 07:05:34,808 INFO o.a.j.t.JMeterThread: Thread finished: TCC order-show 1-49
2026-09-10 07:05:34,820 INFO o.a.j.t.JMeterThread: Stopping because end time detected by thread: TCC order-show 1-31
2026-09-10 07:05:34,820 INFO o.a.j.t.JMeterThread: Thread finished: TCC order-show 1-31
2026-09-10 07:05:34,831 INFO o.a.j.t.JMeterThread: Stopping because end time detected by thread: TCC order-show 1-4
2026-09-10 07:05:34,831 INFO o.a.j.t.JMeterThread: Thread finished: TCC order-show 1-4
2026-09-10 07:05:34,842 INFO o.a.j.t.JMeterThread: Stopping because end time detected by thread: TCC order-show 1-48
2026-09-10 07:05:34,842 INFO o.a.j.t.JMeterThread: Thread finished: TCC order-show 1-48
2026-09-10 07:05:34,853 INFO o.a.j.t.JMeterThread: Stopping because end time detected by thread: TCC order-show 1-38
2026-09-10 07:05:34,853 INFO o.a.j.t.JMeterThread: Thread finished: TCC order-show 1-38
2026-09-10 07:05:34,864 INFO o.a.j.t.JMeterThread: Stopping because end time detected by thread: TCC order-show 1-39
2026-09-10 07:05:34,864 INFO o.a.j.t.JMeterThread: Thread finished: TCC order-show 1-39
2026-09-10 07:05:34,875 INFO o.a.j.t.JMeterThread: Stopping because end time detected by thread: TCC order-show 1-12
2026-09-10 07:05:34,875 INFO o.a.j.t.JMeterThread: Thread finished: TCC order-show 1-12
2026-09-10 07:05:34,886 INFO o.a.j.t.JMeterThread: Stopping because end time detected by thread: TCC order-show 1-40
2026-09-10 07:05:34,886 INFO o.a.j.t.JMeterThread: Thread finished: TCC order-show 1-40
2026-09-10 07:05:34,897 INFO o.a.j.t.JMeterThread: Stopping because end time detected by thread: TCC order-show 1-35
2026-09-10 07:05:34,897 INFO o.a.j.t.JMeterThread: Thread finished: TCC order-show 1-35
2026-09-10 07:05:34,908 INFO o.a.j.t.JMeterThread: Stopping because end time detected by thread: TCC order-show 1-44
2026-09-10 07:05:34,908 INFO o.a.j.t.JMeterThread: Thread finished: TCC order-show 1-44
2026-09-10 07:05:34,919 INFO o.a.j.t.JMeterThread: Stopping because end time detected by thread: TCC order-show 1-42
2026-09-10 07:05:34,919 INFO o.a.j.t.JMeterThread: Thread finished: TCC order-show 1-42
2026-09-10 07:05:34,930 INFO o.a.j.t.JMeterThread: Stopping because end time detected by thread: TCC order-show 1-34
2026-09-10 07:05:34,930 INFO o.a.j.t.JMeterThread: Thread finished: TCC order-show 1-34
2026-09-10 07:05:34,941 INFO o.a.j.t.JMeterThread: Stopping because end time detected by thread: TCC order-show 1-30
2026-09-10 07:05:34,941 INFO o.a.j.t.JMeterThread: Thread finished: TCC order-show 1-30
2026-09-10 07:05:34,952 INFO o.a.j.t.JMeterThread: Stopping because end time detected by thread: TCC order-show 1-47
2026-09-10 07:05:34,952 INFO o.a.j.t.JMeterThread: Thread finished: TCC order-show 1-47
2026-09-10 07:05:34,952 INFO o.a.j.e.StandardJMeterEngine: Notifying test listeners of end of test
2026-09-10 07:05:34,955 INFO o.a.j.r.Summariser: summary +    458 in 00:00:05 =   92.5/s Avg:   539 Min:   518 Max:   558 Err:     0 (0.00%) Active: 0 Started: 50 Finished: 50
2026-09-10 07:05:34,955 INFO o.a.j.r.Summariser: summary =  11091 in 00:02:01 =   92.0/s Avg:   538 Min:    28 Max:   865 Err:     0 (0.00%)
