2026-09-10 07:02:58,307 INFO o.a.j.u.JMeterUtils: Setting Locale to en_EN
2026-09-10 07:02:58,323 INFO o.a.j.JMeter: Loading user properties from: /home/avituo/projects/tcc/tcc-container/.tools/apache-jmeter-5.6.3/bin/user.properties
2026-09-10 07:02:58,323 INFO o.a.j.JMeter: Loading system properties from: /home/avituo/projects/tcc/tcc-container/.tools/apache-jmeter-5.6.3/bin/system.properties
2026-09-10 07:02:58,323 INFO o.a.j.JMeter: Loading additional properties from: /home/avituo/projects/tcc/tcc-container/benchmark/jmeter/benchmark.properties
2026-09-10 07:02:58,323 INFO o.a.j.JMeter: Loading additional properties from: /tmp/tcc-benchmark-auth.wqz0qc/auth.properties
2026-09-10 07:02:58,323 INFO o.a.j.JMeter: Setting JMeter property: threads=50
2026-09-10 07:02:58,323 INFO o.a.j.JMeter: Setting JMeter property: duration_seconds=30
2026-09-10 07:02:58,323 INFO o.a.j.JMeter: Setting JMeter property: target_host=localhost
2026-09-10 07:02:58,324 INFO o.a.j.JMeter: Setting JMeter property: target_port=18000
2026-09-10 07:02:58,324 INFO o.a.j.JMeter: Setting JMeter property: tcc.order.id=1
2026-09-10 07:02:58,324 INFO o.a.j.JMeter: Setting JMeter property: repetition=2
2026-09-10 07:02:58,329 INFO o.a.j.JMeter: Copyright (c) 1998-2024 The Apache Software Foundation
2026-09-10 07:02:58,330 INFO o.a.j.JMeter: Version 5.6.3
2026-09-10 07:02:58,330 INFO o.a.j.JMeter: java.version=21.0.11
2026-09-10 07:02:58,330 INFO o.a.j.JMeter: java.vm.name=OpenJDK 64-Bit Server VM
2026-09-10 07:02:58,330 INFO o.a.j.JMeter: os.name=Linux
2026-09-10 07:02:58,330 INFO o.a.j.JMeter: os.arch=amd64
2026-09-10 07:02:58,330 INFO o.a.j.JMeter: os.version=7.0.11-76070011-generic
2026-09-10 07:02:58,330 INFO o.a.j.JMeter: file.encoding=UTF-8
2026-09-10 07:02:58,330 INFO o.a.j.JMeter: java.awt.headless=true
2026-09-10 07:02:58,330 INFO o.a.j.JMeter: Max memory     =1073741824
2026-09-10 07:02:58,330 INFO o.a.j.JMeter: Available Processors =16
2026-09-10 07:02:58,338 INFO o.a.j.JMeter: Default Locale=English (EN)
2026-09-10 07:02:58,339 INFO o.a.j.JMeter: JMeter  Locale=English (EN)
2026-09-10 07:02:58,339 INFO o.a.j.JMeter: JMeterHome=/home/avituo/projects/tcc/tcc-container/.tools/apache-jmeter-5.6.3
2026-09-10 07:02:58,339 INFO o.a.j.JMeter: user.dir  =/home/avituo/projects/tcc/tcc-container
2026-09-10 07:02:58,339 INFO o.a.j.JMeter: PWD       =/home/avituo/projects/tcc/tcc-container
2026-09-10 07:02:58,350 INFO o.a.j.JMeter: IP: 192.168.1.16 Name: pop-os FullName: pop-os.home
2026-09-10 07:02:58,363 INFO o.a.j.s.FileServer: Default base='/home/avituo/projects/tcc/tcc-container'
2026-09-10 07:02:58,365 INFO o.a.j.s.FileServer: Set new base='/home/avituo/projects/tcc/tcc-container/benchmark/jmeter'
2026-09-10 07:02:58,535 INFO o.a.j.s.SaveService: Testplan (JMX) version: 2.2. Testlog (JTL) version: 2.2
2026-09-10 07:02:58,561 INFO o.a.j.s.SaveService: Using SaveService properties version 5.0
2026-09-10 07:02:58,564 INFO o.a.j.s.SaveService: Using SaveService properties file encoding UTF-8
2026-09-10 07:02:58,568 INFO o.a.j.s.SaveService: Loading file: /home/avituo/projects/tcc/tcc-container/benchmark/jmeter/tcc-order-show-v1.jmx
2026-09-10 07:02:58,620 INFO o.a.j.p.h.s.HTTPSamplerBase: Parser for text/html is org.apache.jmeter.protocol.http.parser.LagartoBasedHtmlParser
2026-09-10 07:02:58,620 INFO o.a.j.p.h.s.HTTPSamplerBase: Parser for application/xhtml+xml is org.apache.jmeter.protocol.http.parser.LagartoBasedHtmlParser
2026-09-10 07:02:58,620 INFO o.a.j.p.h.s.HTTPSamplerBase: Parser for application/xml is org.apache.jmeter.protocol.http.parser.LagartoBasedHtmlParser
2026-09-10 07:02:58,620 INFO o.a.j.p.h.s.HTTPSamplerBase: Parser for text/xml is org.apache.jmeter.protocol.http.parser.LagartoBasedHtmlParser
2026-09-10 07:02:58,620 INFO o.a.j.p.h.s.HTTPSamplerBase: Parser for text/vnd.wap.wml is org.apache.jmeter.protocol.http.parser.RegexpHTMLParser
2026-09-10 07:02:58,620 INFO o.a.j.p.h.s.HTTPSamplerBase: Parser for text/css is org.apache.jmeter.protocol.http.parser.CssParser
2026-09-10 07:02:58,648 INFO o.a.j.JMeter: Creating summariser <summary>
2026-09-10 07:02:58,667 INFO o.a.j.e.StandardJMeterEngine: Running the test!
2026-09-10 07:02:58,668 INFO o.a.j.s.SampleEvent: List of sample_variables: []
2026-09-10 07:02:58,668 INFO o.a.j.s.SampleEvent: List of sample_variables: []
2026-09-10 07:02:58,673 INFO o.a.j.e.u.CompoundVariable: Note: Function class names must contain the string: '.functions.'
2026-09-10 07:02:58,673 INFO o.a.j.e.u.CompoundVariable: Note: Function class names must not contain the string: '.gui.'
2026-09-10 07:02:58,910 INFO o.a.j.JMeter: Running test (1789034578910)
2026-09-10 07:02:58,930 INFO o.a.j.e.StandardJMeterEngine: Starting ThreadGroup: 1 : TCC order-show
2026-09-10 07:02:58,930 INFO o.a.j.e.StandardJMeterEngine: Starting 50 threads for group TCC order-show.
2026-09-10 07:02:58,930 INFO o.a.j.e.StandardJMeterEngine: Thread will continue on error
2026-09-10 07:02:58,930 INFO o.a.j.t.ThreadGroup: Starting thread group... number=1 threads=50 ramp-up=0 delayedStart=false
2026-09-10 07:02:58,936 INFO o.a.j.t.JMeterThread: Thread started: TCC order-show 1-1
2026-09-10 07:02:58,936 INFO o.a.j.t.JMeterThread: Thread started: TCC order-show 1-4
2026-09-10 07:02:58,936 INFO o.a.j.t.JMeterThread: Thread started: TCC order-show 1-2
2026-09-10 07:02:58,936 INFO o.a.j.t.JMeterThread: Thread started: TCC order-show 1-3
2026-09-10 07:02:58,936 INFO o.a.j.t.JMeterThread: Thread started: TCC order-show 1-5
2026-09-10 07:02:58,937 INFO o.a.j.t.JMeterThread: Thread started: TCC order-show 1-6
2026-09-10 07:02:58,938 INFO o.a.j.t.JMeterThread: Thread started: TCC order-show 1-7
2026-09-10 07:02:58,938 INFO o.a.j.t.JMeterThread: Thread started: TCC order-show 1-8
2026-09-10 07:02:58,939 INFO o.a.j.t.JMeterThread: Thread started: TCC order-show 1-9
2026-09-10 07:02:58,939 INFO o.a.j.t.JMeterThread: Thread started: TCC order-show 1-10
2026-09-10 07:02:58,940 INFO o.a.j.t.JMeterThread: Thread started: TCC order-show 1-11
2026-09-10 07:02:58,941 INFO o.a.j.t.JMeterThread: Thread started: TCC order-show 1-12
2026-09-10 07:02:58,942 INFO o.a.j.t.JMeterThread: Thread started: TCC order-show 1-13
2026-09-10 07:02:58,942 INFO o.a.j.t.JMeterThread: Thread started: TCC order-show 1-14
2026-09-10 07:02:58,943 INFO o.a.j.t.JMeterThread: Thread started: TCC order-show 1-15
2026-09-10 07:02:58,944 INFO o.a.j.t.JMeterThread: Thread started: TCC order-show 1-16
2026-09-10 07:02:58,945 INFO o.a.j.t.JMeterThread: Thread started: TCC order-show 1-17
2026-09-10 07:02:58,946 INFO o.a.j.t.JMeterThread: Thread started: TCC order-show 1-18
2026-09-10 07:02:58,946 INFO o.a.j.t.JMeterThread: Thread started: TCC order-show 1-19
2026-09-10 07:02:58,947 INFO o.a.j.t.JMeterThread: Thread started: TCC order-show 1-20
2026-09-10 07:02:58,949 INFO o.a.j.t.JMeterThread: Thread started: TCC order-show 1-21
2026-09-10 07:02:58,949 INFO o.a.j.t.JMeterThread: Thread started: TCC order-show 1-22
2026-09-10 07:02:58,950 INFO o.a.j.t.JMeterThread: Thread started: TCC order-show 1-23
2026-09-10 07:02:58,951 INFO o.a.j.t.JMeterThread: Thread started: TCC order-show 1-24
2026-09-10 07:02:58,951 INFO o.a.j.t.JMeterThread: Thread started: TCC order-show 1-25
2026-09-10 07:02:58,952 INFO o.a.j.t.JMeterThread: Thread started: TCC order-show 1-26
2026-09-10 07:02:58,952 INFO o.a.j.t.JMeterThread: Thread started: TCC order-show 1-27
2026-09-10 07:02:58,953 INFO o.a.j.t.JMeterThread: Thread started: TCC order-show 1-28
2026-09-10 07:02:58,954 INFO o.a.j.t.JMeterThread: Thread started: TCC order-show 1-29
2026-09-10 07:02:58,954 INFO o.a.j.t.JMeterThread: Thread started: TCC order-show 1-30
2026-09-10 07:02:58,955 INFO o.a.j.t.JMeterThread: Thread started: TCC order-show 1-31
2026-09-10 07:02:58,955 INFO o.a.j.t.JMeterThread: Thread started: TCC order-show 1-32
2026-09-10 07:02:58,956 INFO o.a.j.t.JMeterThread: Thread started: TCC order-show 1-33
2026-09-10 07:02:58,956 INFO o.a.j.t.JMeterThread: Thread started: TCC order-show 1-34
2026-09-10 07:02:58,957 INFO o.a.j.t.JMeterThread: Thread started: TCC order-show 1-35
2026-09-10 07:02:58,957 INFO o.a.j.t.JMeterThread: Thread started: TCC order-show 1-36
2026-09-10 07:02:58,958 INFO o.a.j.t.JMeterThread: Thread started: TCC order-show 1-37
2026-09-10 07:02:58,958 INFO o.a.j.t.JMeterThread: Thread started: TCC order-show 1-38
2026-09-10 07:02:58,959 INFO o.a.j.p.h.s.HTTPHCAbstractImpl: Local host = pop-os
2026-09-10 07:02:58,959 INFO o.a.j.t.JMeterThread: Thread started: TCC order-show 1-39
2026-09-10 07:02:58,959 INFO o.a.j.t.JMeterThread: Thread started: TCC order-show 1-40
2026-09-10 07:02:58,960 INFO o.a.j.t.JMeterThread: Thread started: TCC order-show 1-41
2026-09-10 07:02:58,961 INFO o.a.j.t.JMeterThread: Thread started: TCC order-show 1-42
2026-09-10 07:02:58,961 INFO o.a.j.t.JMeterThread: Thread started: TCC order-show 1-43
2026-09-10 07:02:58,962 INFO o.a.j.t.JMeterThread: Thread started: TCC order-show 1-44
2026-09-10 07:02:58,962 INFO o.a.j.t.JMeterThread: Thread started: TCC order-show 1-45
2026-09-10 07:02:58,963 INFO o.a.j.t.JMeterThread: Thread started: TCC order-show 1-46
2026-09-10 07:02:58,963 INFO o.a.j.t.JMeterThread: Thread started: TCC order-show 1-47
2026-09-10 07:02:58,964 INFO o.a.j.t.JMeterThread: Thread started: TCC order-show 1-48
2026-09-10 07:02:58,964 INFO o.a.j.t.JMeterThread: Thread started: TCC order-show 1-49
2026-09-10 07:02:58,964 INFO o.a.j.t.ThreadGroup: Started thread group number 1
2026-09-10 07:02:58,964 INFO o.a.j.e.StandardJMeterEngine: All thread groups have been started
2026-09-10 07:02:58,965 INFO o.a.j.t.JMeterThread: Thread started: TCC order-show 1-50
2026-09-10 07:02:58,967 INFO o.a.j.p.h.s.HTTPHC4Impl: HTTP request retry count = 0
2026-09-10 07:02:58,968 INFO o.a.j.s.SampleResult: Note: Sample TimeStamps are START times
2026-09-10 07:02:58,968 INFO o.a.j.s.SampleResult: sampleresult.default.encoding is set to UTF-8
2026-09-10 07:02:58,968 INFO o.a.j.s.SampleResult: sampleresult.useNanoTime=true
2026-09-10 07:02:58,968 INFO o.a.j.s.SampleResult: sampleresult.nanoThreadSleep=5000
2026-09-10 07:03:00,079 INFO o.a.j.r.Summariser: summary +      1 in 00:00:01 =    0.9/s Avg:   344 Min:   344 Max:   344 Err:     0 (0.00%) Active: 50 Started: 50 Finished: 0
2026-09-10 07:03:28,963 INFO o.a.j.t.JMeterThread: Stopping because end time detected by thread: TCC order-show 1-48
2026-09-10 07:03:28,963 INFO o.a.j.t.JMeterThread: Thread finished: TCC order-show 1-48
2026-09-10 07:03:28,973 INFO o.a.j.t.JMeterThread: Stopping because end time detected by thread: TCC order-show 1-2
2026-09-10 07:03:28,973 INFO o.a.j.t.JMeterThread: Thread finished: TCC order-show 1-2
2026-09-10 07:03:28,983 INFO o.a.j.t.JMeterThread: Stopping because end time detected by thread: TCC order-show 1-33
2026-09-10 07:03:28,984 INFO o.a.j.t.JMeterThread: Thread finished: TCC order-show 1-33
2026-09-10 07:03:28,995 INFO o.a.j.t.JMeterThread: Stopping because end time detected by thread: TCC order-show 1-4
2026-09-10 07:03:28,996 INFO o.a.j.t.JMeterThread: Thread finished: TCC order-show 1-4
2026-09-10 07:03:29,013 INFO o.a.j.t.JMeterThread: Stopping because end time detected by thread: TCC order-show 1-27
2026-09-10 07:03:29,013 INFO o.a.j.t.JMeterThread: Thread finished: TCC order-show 1-27
2026-09-10 07:03:29,025 INFO o.a.j.t.JMeterThread: Stopping because end time detected by thread: TCC order-show 1-14
2026-09-10 07:03:29,025 INFO o.a.j.t.JMeterThread: Thread finished: TCC order-show 1-14
2026-09-10 07:03:29,037 INFO o.a.j.t.JMeterThread: Stopping because end time detected by thread: TCC order-show 1-30
2026-09-10 07:03:29,037 INFO o.a.j.t.JMeterThread: Thread finished: TCC order-show 1-30
2026-09-10 07:03:29,048 INFO o.a.j.t.JMeterThread: Stopping because end time detected by thread: TCC order-show 1-17
2026-09-10 07:03:29,049 INFO o.a.j.t.JMeterThread: Thread finished: TCC order-show 1-17
2026-09-10 07:03:29,060 INFO o.a.j.t.JMeterThread: Stopping because end time detected by thread: TCC order-show 1-45
2026-09-10 07:03:29,060 INFO o.a.j.t.JMeterThread: Thread finished: TCC order-show 1-45
2026-09-10 07:03:29,071 INFO o.a.j.t.JMeterThread: Stopping because end time detected by thread: TCC order-show 1-39
2026-09-10 07:03:29,072 INFO o.a.j.t.JMeterThread: Thread finished: TCC order-show 1-39
2026-09-10 07:03:29,082 INFO o.a.j.t.JMeterThread: Stopping because end time detected by thread: TCC order-show 1-24
2026-09-10 07:03:29,083 INFO o.a.j.t.JMeterThread: Thread finished: TCC order-show 1-24
2026-09-10 07:03:29,093 INFO o.a.j.t.JMeterThread: Stopping because end time detected by thread: TCC order-show 1-32
2026-09-10 07:03:29,093 INFO o.a.j.t.JMeterThread: Thread finished: TCC order-show 1-32
2026-09-10 07:03:29,104 INFO o.a.j.t.JMeterThread: Stopping because end time detected by thread: TCC order-show 1-12
2026-09-10 07:03:29,105 INFO o.a.j.t.JMeterThread: Thread finished: TCC order-show 1-12
2026-09-10 07:03:29,114 INFO o.a.j.t.JMeterThread: Stopping because end time detected by thread: TCC order-show 1-26
2026-09-10 07:03:29,114 INFO o.a.j.t.JMeterThread: Thread finished: TCC order-show 1-26
2026-09-10 07:03:29,125 INFO o.a.j.t.JMeterThread: Stopping because end time detected by thread: TCC order-show 1-42
2026-09-10 07:03:29,125 INFO o.a.j.t.JMeterThread: Thread finished: TCC order-show 1-42
2026-09-10 07:03:29,137 INFO o.a.j.t.JMeterThread: Stopping because end time detected by thread: TCC order-show 1-36
2026-09-10 07:03:29,138 INFO o.a.j.t.JMeterThread: Thread finished: TCC order-show 1-36
2026-09-10 07:03:29,148 INFO o.a.j.t.JMeterThread: Stopping because end time detected by thread: TCC order-show 1-49
2026-09-10 07:03:29,148 INFO o.a.j.t.JMeterThread: Thread finished: TCC order-show 1-49
2026-09-10 07:03:29,158 INFO o.a.j.t.JMeterThread: Stopping because end time detected by thread: TCC order-show 1-25
2026-09-10 07:03:29,158 INFO o.a.j.t.JMeterThread: Thread finished: TCC order-show 1-25
2026-09-10 07:03:29,169 INFO o.a.j.t.JMeterThread: Stopping because end time detected by thread: TCC order-show 1-41
2026-09-10 07:03:29,169 INFO o.a.j.t.JMeterThread: Thread finished: TCC order-show 1-41
2026-09-10 07:03:29,180 INFO o.a.j.t.JMeterThread: Stopping because end time detected by thread: TCC order-show 1-22
2026-09-10 07:03:29,180 INFO o.a.j.t.JMeterThread: Thread finished: TCC order-show 1-22
2026-09-10 07:03:29,192 INFO o.a.j.t.JMeterThread: Stopping because end time detected by thread: TCC order-show 1-11
2026-09-10 07:03:29,192 INFO o.a.j.t.JMeterThread: Thread finished: TCC order-show 1-11
2026-09-10 07:03:29,203 INFO o.a.j.t.JMeterThread: Stopping because end time detected by thread: TCC order-show 1-8
2026-09-10 07:03:29,203 INFO o.a.j.t.JMeterThread: Thread finished: TCC order-show 1-8
2026-09-10 07:03:29,213 INFO o.a.j.t.JMeterThread: Stopping because end time detected by thread: TCC order-show 1-28
2026-09-10 07:03:29,213 INFO o.a.j.t.JMeterThread: Thread finished: TCC order-show 1-28
2026-09-10 07:03:29,223 INFO o.a.j.t.JMeterThread: Stopping because end time detected by thread: TCC order-show 1-35
2026-09-10 07:03:29,224 INFO o.a.j.t.JMeterThread: Thread finished: TCC order-show 1-35
2026-09-10 07:03:29,233 INFO o.a.j.t.JMeterThread: Stopping because end time detected by thread: TCC order-show 1-43
2026-09-10 07:03:29,234 INFO o.a.j.t.JMeterThread: Thread finished: TCC order-show 1-43
2026-09-10 07:03:29,243 INFO o.a.j.t.JMeterThread: Stopping because end time detected by thread: TCC order-show 1-9
2026-09-10 07:03:29,243 INFO o.a.j.t.JMeterThread: Thread finished: TCC order-show 1-9
2026-09-10 07:03:29,254 INFO o.a.j.t.JMeterThread: Stopping because end time detected by thread: TCC order-show 1-34
2026-09-10 07:03:29,254 INFO o.a.j.t.JMeterThread: Thread finished: TCC order-show 1-34
2026-09-10 07:03:29,264 INFO o.a.j.t.JMeterThread: Stopping because end time detected by thread: TCC order-show 1-37
2026-09-10 07:03:29,264 INFO o.a.j.t.JMeterThread: Thread finished: TCC order-show 1-37
2026-09-10 07:03:29,275 INFO o.a.j.t.JMeterThread: Stopping because end time detected by thread: TCC order-show 1-3
2026-09-10 07:03:29,275 INFO o.a.j.t.JMeterThread: Thread finished: TCC order-show 1-3
2026-09-10 07:03:29,285 INFO o.a.j.t.JMeterThread: Stopping because end time detected by thread: TCC order-show 1-29
2026-09-10 07:03:29,285 INFO o.a.j.t.JMeterThread: Thread finished: TCC order-show 1-29
2026-09-10 07:03:29,295 INFO o.a.j.t.JMeterThread: Stopping because end time detected by thread: TCC order-show 1-6
2026-09-10 07:03:29,296 INFO o.a.j.t.JMeterThread: Thread finished: TCC order-show 1-6
2026-09-10 07:03:29,305 INFO o.a.j.t.JMeterThread: Stopping because end time detected by thread: TCC order-show 1-23
2026-09-10 07:03:29,306 INFO o.a.j.t.JMeterThread: Thread finished: TCC order-show 1-23
2026-09-10 07:03:29,316 INFO o.a.j.t.JMeterThread: Stopping because end time detected by thread: TCC order-show 1-5
2026-09-10 07:03:29,316 INFO o.a.j.t.JMeterThread: Thread finished: TCC order-show 1-5
2026-09-10 07:03:29,326 INFO o.a.j.t.JMeterThread: Stopping because end time detected by thread: TCC order-show 1-50
2026-09-10 07:03:29,326 INFO o.a.j.t.JMeterThread: Thread finished: TCC order-show 1-50
2026-09-10 07:03:29,337 INFO o.a.j.t.JMeterThread: Stopping because end time detected by thread: TCC order-show 1-44
2026-09-10 07:03:29,337 INFO o.a.j.t.JMeterThread: Thread finished: TCC order-show 1-44
2026-09-10 07:03:29,347 INFO o.a.j.t.JMeterThread: Stopping because end time detected by thread: TCC order-show 1-31
2026-09-10 07:03:29,347 INFO o.a.j.t.JMeterThread: Thread finished: TCC order-show 1-31
2026-09-10 07:03:29,358 INFO o.a.j.t.JMeterThread: Stopping because end time detected by thread: TCC order-show 1-10
2026-09-10 07:03:29,358 INFO o.a.j.t.JMeterThread: Thread finished: TCC order-show 1-10
2026-09-10 07:03:29,368 INFO o.a.j.t.JMeterThread: Stopping because end time detected by thread: TCC order-show 1-46
2026-09-10 07:03:29,368 INFO o.a.j.t.JMeterThread: Thread finished: TCC order-show 1-46
2026-09-10 07:03:29,378 INFO o.a.j.t.JMeterThread: Stopping because end time detected by thread: TCC order-show 1-13
2026-09-10 07:03:29,379 INFO o.a.j.t.JMeterThread: Thread finished: TCC order-show 1-13
2026-09-10 07:03:29,389 INFO o.a.j.t.JMeterThread: Stopping because end time detected by thread: TCC order-show 1-40
2026-09-10 07:03:29,389 INFO o.a.j.t.JMeterThread: Thread finished: TCC order-show 1-40
2026-09-10 07:03:29,399 INFO o.a.j.t.JMeterThread: Stopping because end time detected by thread: TCC order-show 1-20
2026-09-10 07:03:29,400 INFO o.a.j.t.JMeterThread: Thread finished: TCC order-show 1-20
2026-09-10 07:03:29,410 INFO o.a.j.t.JMeterThread: Stopping because end time detected by thread: TCC order-show 1-47
2026-09-10 07:03:29,410 INFO o.a.j.t.JMeterThread: Thread finished: TCC order-show 1-47
2026-09-10 07:03:29,420 INFO o.a.j.t.JMeterThread: Stopping because end time detected by thread: TCC order-show 1-21
2026-09-10 07:03:29,420 INFO o.a.j.t.JMeterThread: Thread finished: TCC order-show 1-21
2026-09-10 07:03:29,430 INFO o.a.j.t.JMeterThread: Stopping because end time detected by thread: TCC order-show 1-19
2026-09-10 07:03:29,431 INFO o.a.j.t.JMeterThread: Thread finished: TCC order-show 1-19
2026-09-10 07:03:29,441 INFO o.a.j.t.JMeterThread: Stopping because end time detected by thread: TCC order-show 1-16
2026-09-10 07:03:29,441 INFO o.a.j.t.JMeterThread: Thread finished: TCC order-show 1-16
2026-09-10 07:03:29,451 INFO o.a.j.t.JMeterThread: Stopping because end time detected by thread: TCC order-show 1-1
2026-09-10 07:03:29,451 INFO o.a.j.t.JMeterThread: Thread finished: TCC order-show 1-1
2026-09-10 07:03:29,461 INFO o.a.j.t.JMeterThread: Stopping because end time detected by thread: TCC order-show 1-7
2026-09-10 07:03:29,462 INFO o.a.j.t.JMeterThread: Thread finished: TCC order-show 1-7
2026-09-10 07:03:29,471 INFO o.a.j.t.JMeterThread: Stopping because end time detected by thread: TCC order-show 1-15
2026-09-10 07:03:29,471 INFO o.a.j.t.JMeterThread: Thread finished: TCC order-show 1-15
2026-09-10 07:03:29,482 INFO o.a.j.t.JMeterThread: Stopping because end time detected by thread: TCC order-show 1-18
2026-09-10 07:03:29,482 INFO o.a.j.t.JMeterThread: Thread finished: TCC order-show 1-18
2026-09-10 07:03:29,491 INFO o.a.j.t.JMeterThread: Stopping because end time detected by thread: TCC order-show 1-38
2026-09-10 07:03:29,492 INFO o.a.j.t.JMeterThread: Thread finished: TCC order-show 1-38
2026-09-10 07:03:29,492 INFO o.a.j.e.StandardJMeterEngine: Notifying test listeners of end of test
2026-09-10 07:03:29,495 INFO o.a.j.r.Summariser: summary +   2741 in 00:00:29 =   93.1/s Avg:   539 Min:    33 Max:   889 Err:     0 (0.00%) Active: 0 Started: 50 Finished: 50
2026-09-10 07:03:29,495 INFO o.a.j.r.Summariser: summary =   2742 in 00:00:31 =   89.7/s Avg:   539 Min:    33 Max:   889 Err:     0 (0.00%)
