2026-09-10 09:01:34,133 INFO o.a.j.u.JMeterUtils: Setting Locale to en_EN
2026-09-10 09:01:34,150 INFO o.a.j.JMeter: Loading user properties from: /home/avituo/projects/tcc/tcc-container/.tools/apache-jmeter-5.6.3/bin/user.properties
2026-09-10 09:01:34,150 INFO o.a.j.JMeter: Loading system properties from: /home/avituo/projects/tcc/tcc-container/.tools/apache-jmeter-5.6.3/bin/system.properties
2026-09-10 09:01:34,150 INFO o.a.j.JMeter: Loading additional properties from: /home/avituo/projects/tcc/tcc-container/benchmark/jmeter/benchmark.properties
2026-09-10 09:01:34,150 INFO o.a.j.JMeter: Loading additional properties from: /tmp/tcc-benchmark-auth.1Zu9wY/auth.properties
2026-09-10 09:01:34,150 INFO o.a.j.JMeter: Setting JMeter property: threads=25
2026-09-10 09:01:34,150 INFO o.a.j.JMeter: Setting JMeter property: duration_seconds=30
2026-09-10 09:01:34,151 INFO o.a.j.JMeter: Setting JMeter property: target_host=localhost
2026-09-10 09:01:34,151 INFO o.a.j.JMeter: Setting JMeter property: target_port=18080
2026-09-10 09:01:34,151 INFO o.a.j.JMeter: Setting JMeter property: tcc.order.id=20000000-0000-4000-8000-000000000001
2026-09-10 09:01:34,151 INFO o.a.j.JMeter: Setting JMeter property: repetition=4
2026-09-10 09:01:34,157 INFO o.a.j.JMeter: Copyright (c) 1998-2024 The Apache Software Foundation
2026-09-10 09:01:34,158 INFO o.a.j.JMeter: Version 5.6.3
2026-09-10 09:01:34,158 INFO o.a.j.JMeter: java.version=21.0.11
2026-09-10 09:01:34,158 INFO o.a.j.JMeter: java.vm.name=OpenJDK 64-Bit Server VM
2026-09-10 09:01:34,158 INFO o.a.j.JMeter: os.name=Linux
2026-09-10 09:01:34,158 INFO o.a.j.JMeter: os.arch=amd64
2026-09-10 09:01:34,158 INFO o.a.j.JMeter: os.version=7.0.11-76070011-generic
2026-09-10 09:01:34,158 INFO o.a.j.JMeter: file.encoding=UTF-8
2026-09-10 09:01:34,158 INFO o.a.j.JMeter: java.awt.headless=true
2026-09-10 09:01:34,158 INFO o.a.j.JMeter: Max memory     =1073741824
2026-09-10 09:01:34,158 INFO o.a.j.JMeter: Available Processors =16
2026-09-10 09:01:34,166 INFO o.a.j.JMeter: Default Locale=English (EN)
2026-09-10 09:01:34,166 INFO o.a.j.JMeter: JMeter  Locale=English (EN)
2026-09-10 09:01:34,166 INFO o.a.j.JMeter: JMeterHome=/home/avituo/projects/tcc/tcc-container/.tools/apache-jmeter-5.6.3
2026-09-10 09:01:34,166 INFO o.a.j.JMeter: user.dir  =/home/avituo/projects/tcc/tcc-container
2026-09-10 09:01:34,166 INFO o.a.j.JMeter: PWD       =/home/avituo/projects/tcc/tcc-container
2026-09-10 09:01:34,178 INFO o.a.j.JMeter: IP: 192.168.1.16 Name: pop-os FullName: pop-os.home
2026-09-10 09:01:34,189 INFO o.a.j.s.FileServer: Default base='/home/avituo/projects/tcc/tcc-container'
2026-09-10 09:01:34,191 INFO o.a.j.s.FileServer: Set new base='/home/avituo/projects/tcc/tcc-container/benchmark/jmeter'
2026-09-10 09:01:34,361 INFO o.a.j.s.SaveService: Testplan (JMX) version: 2.2. Testlog (JTL) version: 2.2
2026-09-10 09:01:34,391 INFO o.a.j.s.SaveService: Using SaveService properties version 5.0
2026-09-10 09:01:34,399 INFO o.a.j.s.SaveService: Using SaveService properties file encoding UTF-8
2026-09-10 09:01:34,404 INFO o.a.j.s.SaveService: Loading file: /home/avituo/projects/tcc/tcc-container/benchmark/jmeter/tcc-order-create-v1.jmx
2026-09-10 09:01:34,458 INFO o.a.j.p.h.s.HTTPSamplerBase: Parser for text/html is org.apache.jmeter.protocol.http.parser.LagartoBasedHtmlParser
2026-09-10 09:01:34,458 INFO o.a.j.p.h.s.HTTPSamplerBase: Parser for application/xhtml+xml is org.apache.jmeter.protocol.http.parser.LagartoBasedHtmlParser
2026-09-10 09:01:34,458 INFO o.a.j.p.h.s.HTTPSamplerBase: Parser for application/xml is org.apache.jmeter.protocol.http.parser.LagartoBasedHtmlParser
2026-09-10 09:01:34,458 INFO o.a.j.p.h.s.HTTPSamplerBase: Parser for text/xml is org.apache.jmeter.protocol.http.parser.LagartoBasedHtmlParser
2026-09-10 09:01:34,458 INFO o.a.j.p.h.s.HTTPSamplerBase: Parser for text/vnd.wap.wml is org.apache.jmeter.protocol.http.parser.RegexpHTMLParser
2026-09-10 09:01:34,458 INFO o.a.j.p.h.s.HTTPSamplerBase: Parser for text/css is org.apache.jmeter.protocol.http.parser.CssParser
2026-09-10 09:01:34,491 INFO o.a.j.JMeter: Creating summariser <summary>
2026-09-10 09:01:34,510 INFO o.a.j.e.StandardJMeterEngine: Running the test!
2026-09-10 09:01:34,511 INFO o.a.j.s.SampleEvent: List of sample_variables: []
2026-09-10 09:01:34,512 INFO o.a.j.s.SampleEvent: List of sample_variables: []
2026-09-10 09:01:34,518 INFO o.a.j.e.u.CompoundVariable: Note: Function class names must contain the string: '.functions.'
2026-09-10 09:01:34,518 INFO o.a.j.e.u.CompoundVariable: Note: Function class names must not contain the string: '.gui.'
2026-09-10 09:01:34,807 INFO o.a.j.JMeter: Running test (1789041694807)
2026-09-10 09:01:34,831 INFO o.a.j.e.StandardJMeterEngine: Starting ThreadGroup: 1 : TCC order-create
2026-09-10 09:01:34,831 INFO o.a.j.e.StandardJMeterEngine: Starting 25 threads for group TCC order-create.
2026-09-10 09:01:34,831 INFO o.a.j.e.StandardJMeterEngine: Thread will continue on error
2026-09-10 09:01:34,831 INFO o.a.j.t.ThreadGroup: Starting thread group... number=1 threads=25 ramp-up=0 delayedStart=false
2026-09-10 09:01:34,838 INFO o.a.j.t.JMeterThread: Thread started: TCC order-create 1-2
2026-09-10 09:01:34,838 INFO o.a.j.t.JMeterThread: Thread started: TCC order-create 1-1
2026-09-10 09:01:34,838 INFO o.a.j.t.JMeterThread: Thread started: TCC order-create 1-3
2026-09-10 09:01:34,838 INFO o.a.j.t.JMeterThread: Thread started: TCC order-create 1-4
2026-09-10 09:01:34,839 INFO o.a.j.t.JMeterThread: Thread started: TCC order-create 1-5
2026-09-10 09:01:34,840 INFO o.a.j.t.JMeterThread: Thread started: TCC order-create 1-6
2026-09-10 09:01:34,840 INFO o.a.j.t.JMeterThread: Thread started: TCC order-create 1-7
2026-09-10 09:01:34,841 INFO o.a.j.t.JMeterThread: Thread started: TCC order-create 1-8
2026-09-10 09:01:34,842 INFO o.a.j.t.JMeterThread: Thread started: TCC order-create 1-9
2026-09-10 09:01:34,843 INFO o.a.j.t.JMeterThread: Thread started: TCC order-create 1-10
2026-09-10 09:01:34,844 INFO o.a.j.t.JMeterThread: Thread started: TCC order-create 1-11
2026-09-10 09:01:34,845 INFO o.a.j.t.JMeterThread: Thread started: TCC order-create 1-12
2026-09-10 09:01:34,845 INFO o.a.j.t.JMeterThread: Thread started: TCC order-create 1-13
2026-09-10 09:01:34,846 INFO o.a.j.t.JMeterThread: Thread started: TCC order-create 1-14
2026-09-10 09:01:34,847 INFO o.a.j.t.JMeterThread: Thread started: TCC order-create 1-15
2026-09-10 09:01:34,848 INFO o.a.j.t.JMeterThread: Thread started: TCC order-create 1-16
2026-09-10 09:01:34,849 INFO o.a.j.t.JMeterThread: Thread started: TCC order-create 1-17
2026-09-10 09:01:34,850 INFO o.a.j.t.JMeterThread: Thread started: TCC order-create 1-18
2026-09-10 09:01:34,850 INFO o.a.j.t.JMeterThread: Thread started: TCC order-create 1-19
2026-09-10 09:01:34,851 INFO o.a.j.t.JMeterThread: Thread started: TCC order-create 1-20
2026-09-10 09:01:34,852 INFO o.a.j.t.JMeterThread: Thread started: TCC order-create 1-21
2026-09-10 09:01:34,853 INFO o.a.j.t.JMeterThread: Thread started: TCC order-create 1-22
2026-09-10 09:01:34,853 INFO o.a.j.t.JMeterThread: Thread started: TCC order-create 1-23
2026-09-10 09:01:34,854 INFO o.a.j.t.ThreadGroup: Started thread group number 1
2026-09-10 09:01:34,854 INFO o.a.j.t.JMeterThread: Thread started: TCC order-create 1-24
2026-09-10 09:01:34,854 INFO o.a.j.e.StandardJMeterEngine: All thread groups have been started
2026-09-10 09:01:34,854 INFO o.a.j.t.JMeterThread: Thread started: TCC order-create 1-25
2026-09-10 09:01:35,730 INFO o.a.j.p.h.s.HTTPHCAbstractImpl: Local host = pop-os
2026-09-10 09:01:35,739 INFO o.a.j.p.h.s.HTTPHC4Impl: HTTP request retry count = 0
2026-09-10 09:01:35,740 INFO o.a.j.s.SampleResult: Note: Sample TimeStamps are START times
2026-09-10 09:01:35,740 INFO o.a.j.s.SampleResult: sampleresult.default.encoding is set to UTF-8
2026-09-10 09:01:35,741 INFO o.a.j.s.SampleResult: sampleresult.useNanoTime=true
2026-09-10 09:01:35,741 INFO o.a.j.s.SampleResult: sampleresult.nanoThreadSleep=5000
2026-09-10 09:02:00,053 INFO o.a.j.r.Summariser: summary +    444 in 00:00:25 =   17.6/s Avg:  1325 Min:   326 Max:  1645 Err:     0 (0.00%) Active: 25 Started: 25 Finished: 0
2026-09-10 09:02:04,865 INFO o.a.j.t.JMeterThread: Stopping because end time detected by thread: TCC order-create 1-9
2026-09-10 09:02:04,865 INFO o.a.j.t.JMeterThread: Thread finished: TCC order-create 1-9
2026-09-10 09:02:04,922 INFO o.a.j.t.JMeterThread: Stopping because end time detected by thread: TCC order-create 1-19
2026-09-10 09:02:04,923 INFO o.a.j.t.JMeterThread: Thread finished: TCC order-create 1-19
2026-09-10 09:02:04,973 INFO o.a.j.t.JMeterThread: Stopping because end time detected by thread: TCC order-create 1-7
2026-09-10 09:02:04,973 INFO o.a.j.t.JMeterThread: Thread finished: TCC order-create 1-7
2026-09-10 09:02:05,026 INFO o.a.j.t.JMeterThread: Stopping because end time detected by thread: TCC order-create 1-13
2026-09-10 09:02:05,026 INFO o.a.j.t.JMeterThread: Thread finished: TCC order-create 1-13
2026-09-10 09:02:05,077 INFO o.a.j.t.JMeterThread: Stopping because end time detected by thread: TCC order-create 1-18
2026-09-10 09:02:05,077 INFO o.a.j.t.JMeterThread: Thread finished: TCC order-create 1-18
2026-09-10 09:02:05,125 INFO o.a.j.t.JMeterThread: Stopping because end time detected by thread: TCC order-create 1-24
2026-09-10 09:02:05,126 INFO o.a.j.t.JMeterThread: Thread finished: TCC order-create 1-24
2026-09-10 09:02:05,186 INFO o.a.j.t.JMeterThread: Stopping because end time detected by thread: TCC order-create 1-5
2026-09-10 09:02:05,187 INFO o.a.j.t.JMeterThread: Thread finished: TCC order-create 1-5
2026-09-10 09:02:05,240 INFO o.a.j.t.JMeterThread: Stopping because end time detected by thread: TCC order-create 1-10
2026-09-10 09:02:05,240 INFO o.a.j.t.JMeterThread: Thread finished: TCC order-create 1-10
2026-09-10 09:02:05,290 INFO o.a.j.t.JMeterThread: Stopping because end time detected by thread: TCC order-create 1-17
2026-09-10 09:02:05,291 INFO o.a.j.t.JMeterThread: Thread finished: TCC order-create 1-17
2026-09-10 09:02:05,345 INFO o.a.j.t.JMeterThread: Stopping because end time detected by thread: TCC order-create 1-14
2026-09-10 09:02:05,345 INFO o.a.j.t.JMeterThread: Thread finished: TCC order-create 1-14
2026-09-10 09:02:05,395 INFO o.a.j.t.JMeterThread: Stopping because end time detected by thread: TCC order-create 1-23
2026-09-10 09:02:05,395 INFO o.a.j.t.JMeterThread: Thread finished: TCC order-create 1-23
2026-09-10 09:02:05,445 INFO o.a.j.t.JMeterThread: Stopping because end time detected by thread: TCC order-create 1-15
2026-09-10 09:02:05,445 INFO o.a.j.t.JMeterThread: Thread finished: TCC order-create 1-15
2026-09-10 09:02:05,500 INFO o.a.j.t.JMeterThread: Stopping because end time detected by thread: TCC order-create 1-4
2026-09-10 09:02:05,501 INFO o.a.j.t.JMeterThread: Thread finished: TCC order-create 1-4
2026-09-10 09:02:05,551 INFO o.a.j.t.JMeterThread: Stopping because end time detected by thread: TCC order-create 1-6
2026-09-10 09:02:05,551 INFO o.a.j.t.JMeterThread: Thread finished: TCC order-create 1-6
2026-09-10 09:02:05,603 INFO o.a.j.t.JMeterThread: Stopping because end time detected by thread: TCC order-create 1-11
2026-09-10 09:02:05,603 INFO o.a.j.t.JMeterThread: Thread finished: TCC order-create 1-11
2026-09-10 09:02:05,657 INFO o.a.j.t.JMeterThread: Stopping because end time detected by thread: TCC order-create 1-1
2026-09-10 09:02:05,657 INFO o.a.j.t.JMeterThread: Thread finished: TCC order-create 1-1
2026-09-10 09:02:05,707 INFO o.a.j.t.JMeterThread: Stopping because end time detected by thread: TCC order-create 1-12
2026-09-10 09:02:05,707 INFO o.a.j.t.JMeterThread: Thread finished: TCC order-create 1-12
2026-09-10 09:02:05,759 INFO o.a.j.t.JMeterThread: Stopping because end time detected by thread: TCC order-create 1-25
2026-09-10 09:02:05,759 INFO o.a.j.t.JMeterThread: Thread finished: TCC order-create 1-25
2026-09-10 09:02:05,810 INFO o.a.j.t.JMeterThread: Stopping because end time detected by thread: TCC order-create 1-16
2026-09-10 09:02:05,810 INFO o.a.j.t.JMeterThread: Thread finished: TCC order-create 1-16
2026-09-10 09:02:05,862 INFO o.a.j.t.JMeterThread: Stopping because end time detected by thread: TCC order-create 1-21
2026-09-10 09:02:05,862 INFO o.a.j.t.JMeterThread: Thread finished: TCC order-create 1-21
2026-09-10 09:02:05,911 INFO o.a.j.t.JMeterThread: Stopping because end time detected by thread: TCC order-create 1-8
2026-09-10 09:02:05,911 INFO o.a.j.t.JMeterThread: Thread finished: TCC order-create 1-8
2026-09-10 09:02:05,963 INFO o.a.j.t.JMeterThread: Stopping because end time detected by thread: TCC order-create 1-3
2026-09-10 09:02:05,963 INFO o.a.j.t.JMeterThread: Thread finished: TCC order-create 1-3
2026-09-10 09:02:06,015 INFO o.a.j.t.JMeterThread: Stopping because end time detected by thread: TCC order-create 1-20
2026-09-10 09:02:06,015 INFO o.a.j.t.JMeterThread: Thread finished: TCC order-create 1-20
2026-09-10 09:02:06,067 INFO o.a.j.t.JMeterThread: Stopping because end time detected by thread: TCC order-create 1-22
2026-09-10 09:02:06,067 INFO o.a.j.t.JMeterThread: Thread finished: TCC order-create 1-22
2026-09-10 09:02:06,134 INFO o.a.j.t.JMeterThread: Stopping because end time detected by thread: TCC order-create 1-2
2026-09-10 09:02:06,135 INFO o.a.j.t.JMeterThread: Thread finished: TCC order-create 1-2
2026-09-10 09:02:06,135 INFO o.a.j.e.StandardJMeterEngine: Notifying test listeners of end of test
2026-09-10 09:02:06,138 INFO o.a.j.r.Summariser: summary +    116 in 00:00:06 =   19.1/s Avg:  1308 Min:  1279 Max:  1344 Err:     0 (0.00%) Active: 0 Started: 25 Finished: 25
2026-09-10 09:02:06,138 INFO o.a.j.r.Summariser: summary =    560 in 00:00:31 =   17.9/s Avg:  1322 Min:   326 Max:  1645 Err:     0 (0.00%)
