2026-09-10 03:42:50,244 INFO o.a.j.u.JMeterUtils: Setting Locale to en_EN
2026-09-10 03:42:50,261 INFO o.a.j.JMeter: Loading user properties from: /home/avituo/projects/tcc/tcc-container/.tools/apache-jmeter-5.6.3/bin/user.properties
2026-09-10 03:42:50,261 INFO o.a.j.JMeter: Loading system properties from: /home/avituo/projects/tcc/tcc-container/.tools/apache-jmeter-5.6.3/bin/system.properties
2026-09-10 03:42:50,261 INFO o.a.j.JMeter: Loading additional properties from: /home/avituo/projects/tcc/tcc-container/benchmark/jmeter/benchmark.properties
2026-09-10 03:42:50,262 INFO o.a.j.JMeter: Loading additional properties from: /tmp/tcc-benchmark-auth.AcKHPu/auth.properties
2026-09-10 03:42:50,262 INFO o.a.j.JMeter: Loading additional properties from: /home/avituo/projects/tcc/tcc-container/benchmark/results/laravel-13.20.0/final/orders/c10/r4/monolith/thread-counters.properties
2026-09-10 03:42:50,262 INFO o.a.j.JMeter: Setting JMeter property: threads=10
2026-09-10 03:42:50,262 INFO o.a.j.JMeter: Setting JMeter property: duration_seconds=120
2026-09-10 03:42:50,262 INFO o.a.j.JMeter: Setting JMeter property: target_host=localhost
2026-09-10 03:42:50,262 INFO o.a.j.JMeter: Setting JMeter property: target_port=18000
2026-09-10 03:42:50,262 INFO o.a.j.JMeter: Setting JMeter property: tcc.order.id=1
2026-09-10 03:42:50,262 INFO o.a.j.JMeter: Setting JMeter property: repetition=4
2026-09-10 03:42:50,268 INFO o.a.j.JMeter: Copyright (c) 1998-2024 The Apache Software Foundation
2026-09-10 03:42:50,268 INFO o.a.j.JMeter: Version 5.6.3
2026-09-10 03:42:50,268 INFO o.a.j.JMeter: java.version=21.0.11
2026-09-10 03:42:50,268 INFO o.a.j.JMeter: java.vm.name=OpenJDK 64-Bit Server VM
2026-09-10 03:42:50,268 INFO o.a.j.JMeter: os.name=Linux
2026-09-10 03:42:50,268 INFO o.a.j.JMeter: os.arch=amd64
2026-09-10 03:42:50,268 INFO o.a.j.JMeter: os.version=7.0.11-76070011-generic
2026-09-10 03:42:50,268 INFO o.a.j.JMeter: file.encoding=UTF-8
2026-09-10 03:42:50,269 INFO o.a.j.JMeter: java.awt.headless=true
2026-09-10 03:42:50,269 INFO o.a.j.JMeter: Max memory     =1073741824
2026-09-10 03:42:50,269 INFO o.a.j.JMeter: Available Processors =16
2026-09-10 03:42:50,277 INFO o.a.j.JMeter: Default Locale=English (EN)
2026-09-10 03:42:50,277 INFO o.a.j.JMeter: JMeter  Locale=English (EN)
2026-09-10 03:42:50,277 INFO o.a.j.JMeter: JMeterHome=/home/avituo/projects/tcc/tcc-container/.tools/apache-jmeter-5.6.3
2026-09-10 03:42:50,277 INFO o.a.j.JMeter: user.dir  =/home/avituo/projects/tcc/tcc-container
2026-09-10 03:42:50,277 INFO o.a.j.JMeter: PWD       =/home/avituo/projects/tcc/tcc-container
2026-09-10 03:42:50,285 INFO o.a.j.JMeter: IP: 192.168.1.16 Name: pop-os FullName: pop-os.home
2026-09-10 03:42:50,297 INFO o.a.j.s.FileServer: Default base='/home/avituo/projects/tcc/tcc-container'
2026-09-10 03:42:50,299 INFO o.a.j.s.FileServer: Set new base='/home/avituo/projects/tcc/tcc-container/benchmark/jmeter'
2026-09-10 03:42:50,473 INFO o.a.j.s.SaveService: Testplan (JMX) version: 2.2. Testlog (JTL) version: 2.2
2026-09-10 03:42:50,498 INFO o.a.j.s.SaveService: Using SaveService properties version 5.0
2026-09-10 03:42:50,501 INFO o.a.j.s.SaveService: Using SaveService properties file encoding UTF-8
2026-09-10 03:42:50,504 INFO o.a.j.s.SaveService: Loading file: /home/avituo/projects/tcc/tcc-container/benchmark/jmeter/tcc-orders-v1.jmx
2026-09-10 03:42:50,555 INFO o.a.j.p.h.s.HTTPSamplerBase: Parser for text/html is org.apache.jmeter.protocol.http.parser.LagartoBasedHtmlParser
2026-09-10 03:42:50,555 INFO o.a.j.p.h.s.HTTPSamplerBase: Parser for application/xhtml+xml is org.apache.jmeter.protocol.http.parser.LagartoBasedHtmlParser
2026-09-10 03:42:50,555 INFO o.a.j.p.h.s.HTTPSamplerBase: Parser for application/xml is org.apache.jmeter.protocol.http.parser.LagartoBasedHtmlParser
2026-09-10 03:42:50,556 INFO o.a.j.p.h.s.HTTPSamplerBase: Parser for text/xml is org.apache.jmeter.protocol.http.parser.LagartoBasedHtmlParser
2026-09-10 03:42:50,556 INFO o.a.j.p.h.s.HTTPSamplerBase: Parser for text/vnd.wap.wml is org.apache.jmeter.protocol.http.parser.RegexpHTMLParser
2026-09-10 03:42:50,556 INFO o.a.j.p.h.s.HTTPSamplerBase: Parser for text/css is org.apache.jmeter.protocol.http.parser.CssParser
2026-09-10 03:42:50,584 INFO o.a.j.JMeter: Creating summariser <summary>
2026-09-10 03:42:50,607 INFO o.a.j.e.StandardJMeterEngine: Running the test!
2026-09-10 03:42:50,608 INFO o.a.j.s.SampleEvent: List of sample_variables: []
2026-09-10 03:42:50,608 INFO o.a.j.s.SampleEvent: List of sample_variables: []
2026-09-10 03:42:50,612 INFO o.a.j.e.u.CompoundVariable: Note: Function class names must contain the string: '.functions.'
2026-09-10 03:42:50,612 INFO o.a.j.e.u.CompoundVariable: Note: Function class names must not contain the string: '.gui.'
2026-09-10 03:42:50,856 INFO o.a.j.JMeter: Running test (1789022570856)
2026-09-10 03:42:50,876 INFO o.a.j.e.StandardJMeterEngine: Starting ThreadGroup: 1 : TCC orders
2026-09-10 03:42:50,877 INFO o.a.j.e.StandardJMeterEngine: Starting 10 threads for group TCC orders.
2026-09-10 03:42:50,877 INFO o.a.j.e.StandardJMeterEngine: Thread will continue on error
2026-09-10 03:42:50,877 INFO o.a.j.t.ThreadGroup: Starting thread group... number=1 threads=10 ramp-up=0 delayedStart=false
2026-09-10 03:42:50,883 INFO o.a.j.t.JMeterThread: Thread started: TCC orders 1-1
2026-09-10 03:42:50,883 INFO o.a.j.t.JMeterThread: Thread started: TCC orders 1-3
2026-09-10 03:42:50,883 INFO o.a.j.t.JMeterThread: Thread started: TCC orders 1-4
2026-09-10 03:42:50,883 INFO o.a.j.t.JMeterThread: Thread started: TCC orders 1-2
2026-09-10 03:42:50,883 INFO o.a.j.t.JMeterThread: Thread started: TCC orders 1-5
2026-09-10 03:42:50,884 INFO o.a.j.t.JMeterThread: Thread started: TCC orders 1-6
2026-09-10 03:42:50,884 INFO o.a.j.t.JMeterThread: Thread started: TCC orders 1-7
2026-09-10 03:42:50,885 INFO o.a.j.t.JMeterThread: Thread started: TCC orders 1-8
2026-09-10 03:42:50,886 INFO o.a.j.t.JMeterThread: Thread started: TCC orders 1-9
2026-09-10 03:42:50,886 INFO o.a.j.t.ThreadGroup: Started thread group number 1
2026-09-10 03:42:50,886 INFO o.a.j.e.StandardJMeterEngine: All thread groups have been started
2026-09-10 03:42:50,886 INFO o.a.j.t.JMeterThread: Thread started: TCC orders 1-10
2026-09-10 03:42:50,899 INFO o.a.j.p.h.s.HTTPHCAbstractImpl: Local host = pop-os
2026-09-10 03:42:50,905 INFO o.a.j.p.h.s.HTTPHC4Impl: HTTP request retry count = 0
2026-09-10 03:42:50,906 INFO o.a.j.s.SampleResult: Note: Sample TimeStamps are START times
2026-09-10 03:42:50,906 INFO o.a.j.s.SampleResult: sampleresult.default.encoding is set to UTF-8
2026-09-10 03:42:50,906 INFO o.a.j.s.SampleResult: sampleresult.useNanoTime=true
2026-09-10 03:42:50,906 INFO o.a.j.s.SampleResult: sampleresult.nanoThreadSleep=5000
2026-09-10 03:43:00,016 INFO o.a.j.r.Summariser: summary +    334 in 00:00:09 =   36.5/s Avg:   245 Min:    35 Max:   386 Err:     0 (0.00%) Active: 10 Started: 10 Finished: 0
2026-09-10 03:43:30,027 INFO o.a.j.r.Summariser: summary +   1192 in 00:00:30 =   39.7/s Avg:   251 Min:   232 Max:   311 Err:     0 (0.00%) Active: 10 Started: 10 Finished: 0
2026-09-10 03:43:30,028 INFO o.a.j.r.Summariser: summary =   1526 in 00:00:39 =   39.0/s Avg:   249 Min:    35 Max:   386 Err:     0 (0.00%)
2026-09-10 03:44:00,023 INFO o.a.j.r.Summariser: summary +   1202 in 00:00:30 =   40.1/s Avg:   248 Min:   236 Max:   263 Err:     0 (0.00%) Active: 10 Started: 10 Finished: 0
2026-09-10 03:44:00,023 INFO o.a.j.r.Summariser: summary =   2728 in 00:01:09 =   39.4/s Avg:   249 Min:    35 Max:   386 Err:     0 (0.00%)
2026-09-10 03:44:30,016 INFO o.a.j.r.Summariser: summary +   1196 in 00:00:30 =   39.9/s Avg:   250 Min:   239 Max:   277 Err:     0 (0.00%) Active: 10 Started: 10 Finished: 0
2026-09-10 03:44:30,016 INFO o.a.j.r.Summariser: summary =   3924 in 00:01:39 =   39.6/s Avg:   249 Min:    35 Max:   386 Err:     0 (0.00%)
2026-09-10 03:44:50,907 INFO o.a.j.t.JMeterThread: Stopping because end time detected by thread: TCC orders 1-5
2026-09-10 03:44:50,907 INFO o.a.j.t.JMeterThread: Thread finished: TCC orders 1-5
2026-09-10 03:44:50,930 INFO o.a.j.t.JMeterThread: Stopping because end time detected by thread: TCC orders 1-9
2026-09-10 03:44:50,930 INFO o.a.j.t.JMeterThread: Thread finished: TCC orders 1-9
2026-09-10 03:44:50,956 INFO o.a.j.t.JMeterThread: Stopping because end time detected by thread: TCC orders 1-4
2026-09-10 03:44:50,956 INFO o.a.j.t.JMeterThread: Thread finished: TCC orders 1-4
2026-09-10 03:44:50,980 INFO o.a.j.t.JMeterThread: Stopping because end time detected by thread: TCC orders 1-1
2026-09-10 03:44:50,980 INFO o.a.j.t.JMeterThread: Thread finished: TCC orders 1-1
2026-09-10 03:44:51,010 INFO o.a.j.t.JMeterThread: Stopping because end time detected by thread: TCC orders 1-7
2026-09-10 03:44:51,011 INFO o.a.j.t.JMeterThread: Thread finished: TCC orders 1-7
2026-09-10 03:44:51,035 INFO o.a.j.t.JMeterThread: Stopping because end time detected by thread: TCC orders 1-2
2026-09-10 03:44:51,035 INFO o.a.j.t.JMeterThread: Thread finished: TCC orders 1-2
2026-09-10 03:44:51,060 INFO o.a.j.t.JMeterThread: Stopping because end time detected by thread: TCC orders 1-3
2026-09-10 03:44:51,060 INFO o.a.j.t.JMeterThread: Thread finished: TCC orders 1-3
2026-09-10 03:44:51,085 INFO o.a.j.t.JMeterThread: Stopping because end time detected by thread: TCC orders 1-8
2026-09-10 03:44:51,085 INFO o.a.j.t.JMeterThread: Thread finished: TCC orders 1-8
2026-09-10 03:44:51,113 INFO o.a.j.t.JMeterThread: Stopping because end time detected by thread: TCC orders 1-10
2026-09-10 03:44:51,114 INFO o.a.j.t.JMeterThread: Thread finished: TCC orders 1-10
2026-09-10 03:44:51,138 INFO o.a.j.t.JMeterThread: Stopping because end time detected by thread: TCC orders 1-6
2026-09-10 03:44:51,138 INFO o.a.j.t.JMeterThread: Thread finished: TCC orders 1-6
2026-09-10 03:44:51,138 INFO o.a.j.e.StandardJMeterEngine: Notifying test listeners of end of test
2026-09-10 03:44:51,141 INFO o.a.j.r.Summariser: summary +    842 in 00:00:21 =   39.9/s Avg:   250 Min:   238 Max:   267 Err:     0 (0.00%) Active: 0 Started: 10 Finished: 10
2026-09-10 03:44:51,141 INFO o.a.j.r.Summariser: summary =   4766 in 00:02:00 =   39.6/s Avg:   249 Min:    35 Max:   386 Err:     0 (0.00%)
