2026-08-12 15:43:27,748 INFO o.a.j.u.JMeterUtils: Setting Locale to en_EN
2026-08-12 15:43:27,786 INFO o.a.j.JMeter: Loading user properties from: /opt/local/share/jmeter/bin/user.properties
2026-08-12 15:43:27,787 INFO o.a.j.JMeter: Loading system properties from: /opt/local/share/jmeter/bin/system.properties
2026-08-12 15:43:27,795 INFO o.a.j.JMeter: Copyright (c) 1998-2024 The Apache Software Foundation
2026-08-12 15:43:27,796 INFO o.a.j.JMeter: Version 5.6.3
2026-08-12 15:43:27,796 INFO o.a.j.JMeter: java.version=21.0.9
2026-08-12 15:43:27,796 INFO o.a.j.JMeter: java.vm.name=OpenJDK 64-Bit Server VM
2026-08-12 15:43:27,796 INFO o.a.j.JMeter: os.name=Mac OS X
2026-08-12 15:43:27,796 INFO o.a.j.JMeter: os.arch=x86_64
2026-08-12 15:43:27,796 INFO o.a.j.JMeter: os.version=10.15.7
2026-08-12 15:43:27,796 INFO o.a.j.JMeter: file.encoding=UTF-8
2026-08-12 15:43:27,796 INFO o.a.j.JMeter: java.awt.headless=null
2026-08-12 15:43:27,796 INFO o.a.j.JMeter: Max memory     =1073741824
2026-08-12 15:43:27,796 INFO o.a.j.JMeter: Available Processors =4
2026-08-12 15:43:27,812 INFO o.a.j.JMeter: Default Locale=English (EN)
2026-08-12 15:43:27,812 INFO o.a.j.JMeter: JMeter  Locale=English (EN)
2026-08-12 15:43:27,813 INFO o.a.j.JMeter: JMeterHome=/opt/local/share/jmeter
2026-08-12 15:43:27,813 INFO o.a.j.JMeter: user.dir  =/Users/devnit/Documents/projects/tcc-container
2026-08-12 15:43:27,813 INFO o.a.j.JMeter: PWD       =/Users/devnit/Documents/projects/tcc-container
2026-08-12 15:43:27,814 INFO o.a.j.JMeter: IP: 127.0.0.1 Name: pa40.idtech.br FullName: localhost
