2026-09-10 05:41:26,894 INFO o.a.j.u.JMeterUtils: Setting Locale to en_EN
2026-09-10 05:41:26,910 INFO o.a.j.JMeter: Loading user properties from: /home/avituo/projects/tcc/tcc-container/.tools/apache-jmeter-5.6.3/bin/user.properties
2026-09-10 05:41:26,911 INFO o.a.j.JMeter: Loading system properties from: /home/avituo/projects/tcc/tcc-container/.tools/apache-jmeter-5.6.3/bin/system.properties
2026-09-10 05:41:26,911 INFO o.a.j.JMeter: Loading additional properties from: /home/avituo/projects/tcc/tcc-container/benchmark/jmeter/benchmark.properties
2026-09-10 05:41:26,911 INFO o.a.j.JMeter: Loading additional properties from: /tmp/tcc-benchmark-auth.ovB2zc/auth.properties
2026-09-10 05:41:26,911 INFO o.a.j.JMeter: Loading additional properties from: /home/avituo/projects/tcc/tcc-container/benchmark/results/laravel-13.20.0/final/order-show/c10/r1/monolith/thread-counters.properties
2026-09-10 05:41:26,911 INFO o.a.j.JMeter: Setting JMeter property: threads=10
2026-09-10 05:41:26,911 INFO o.a.j.JMeter: Setting JMeter property: duration_seconds=120
2026-09-10 05:41:26,911 INFO o.a.j.JMeter: Setting JMeter property: target_host=localhost
2026-09-10 05:41:26,911 INFO o.a.j.JMeter: Setting JMeter property: target_port=18000
2026-09-10 05:41:26,911 INFO o.a.j.JMeter: Setting JMeter property: tcc.order.id=1
2026-09-10 05:41:26,912 INFO o.a.j.JMeter: Setting JMeter property: repetition=1
2026-09-10 05:41:26,917 INFO o.a.j.JMeter: Copyright (c) 1998-2024 The Apache Software Foundation
2026-09-10 05:41:26,918 INFO o.a.j.JMeter: Version 5.6.3
2026-09-10 05:41:26,918 INFO o.a.j.JMeter: java.version=21.0.11
2026-09-10 05:41:26,918 INFO o.a.j.JMeter: java.vm.name=OpenJDK 64-Bit Server VM
2026-09-10 05:41:26,918 INFO o.a.j.JMeter: os.name=Linux
2026-09-10 05:41:26,918 INFO o.a.j.JMeter: os.arch=amd64
2026-09-10 05:41:26,918 INFO o.a.j.JMeter: os.version=7.0.11-76070011-generic
2026-09-10 05:41:26,918 INFO o.a.j.JMeter: file.encoding=UTF-8
2026-09-10 05:41:26,918 INFO o.a.j.JMeter: java.awt.headless=true
2026-09-10 05:41:26,918 INFO o.a.j.JMeter: Max memory     =1073741824
2026-09-10 05:41:26,918 INFO o.a.j.JMeter: Available Processors =16
2026-09-10 05:41:26,926 INFO o.a.j.JMeter: Default Locale=English (EN)
2026-09-10 05:41:26,926 INFO o.a.j.JMeter: JMeter  Locale=English (EN)
2026-09-10 05:41:26,926 INFO o.a.j.JMeter: JMeterHome=/home/avituo/projects/tcc/tcc-container/.tools/apache-jmeter-5.6.3
2026-09-10 05:41:26,927 INFO o.a.j.JMeter: user.dir  =/home/avituo/projects/tcc/tcc-container
2026-09-10 05:41:26,927 INFO o.a.j.JMeter: PWD       =/home/avituo/projects/tcc/tcc-container
2026-09-10 05:41:26,935 INFO o.a.j.JMeter: IP: 192.168.1.16 Name: pop-os FullName: pop-os.home
2026-09-10 05:41:26,946 INFO o.a.j.s.FileServer: Default base='/home/avituo/projects/tcc/tcc-container'
2026-09-10 05:41:26,948 INFO o.a.j.s.FileServer: Set new base='/home/avituo/projects/tcc/tcc-container/benchmark/jmeter'
2026-09-10 05:41:27,119 INFO o.a.j.s.SaveService: Testplan (JMX) version: 2.2. Testlog (JTL) version: 2.2
2026-09-10 05:41:27,143 INFO o.a.j.s.SaveService: Using SaveService properties version 5.0
2026-09-10 05:41:27,146 INFO o.a.j.s.SaveService: Using SaveService properties file encoding UTF-8
2026-09-10 05:41:27,150 INFO o.a.j.s.SaveService: Loading file: /home/avituo/projects/tcc/tcc-container/benchmark/jmeter/tcc-order-show-v1.jmx
2026-09-10 05:41:27,200 INFO o.a.j.p.h.s.HTTPSamplerBase: Parser for text/html is org.apache.jmeter.protocol.http.parser.LagartoBasedHtmlParser
2026-09-10 05:41:27,200 INFO o.a.j.p.h.s.HTTPSamplerBase: Parser for application/xhtml+xml is org.apache.jmeter.protocol.http.parser.LagartoBasedHtmlParser
2026-09-10 05:41:27,200 INFO o.a.j.p.h.s.HTTPSamplerBase: Parser for application/xml is org.apache.jmeter.protocol.http.parser.LagartoBasedHtmlParser
2026-09-10 05:41:27,200 INFO o.a.j.p.h.s.HTTPSamplerBase: Parser for text/xml is org.apache.jmeter.protocol.http.parser.LagartoBasedHtmlParser
2026-09-10 05:41:27,200 INFO o.a.j.p.h.s.HTTPSamplerBase: Parser for text/vnd.wap.wml is org.apache.jmeter.protocol.http.parser.RegexpHTMLParser
2026-09-10 05:41:27,201 INFO o.a.j.p.h.s.HTTPSamplerBase: Parser for text/css is org.apache.jmeter.protocol.http.parser.CssParser
2026-09-10 05:41:27,227 INFO o.a.j.JMeter: Creating summariser <summary>
2026-09-10 05:41:27,250 INFO o.a.j.e.StandardJMeterEngine: Running the test!
2026-09-10 05:41:27,251 INFO o.a.j.s.SampleEvent: List of sample_variables: []
2026-09-10 05:41:27,251 INFO o.a.j.s.SampleEvent: List of sample_variables: []
2026-09-10 05:41:27,255 INFO o.a.j.e.u.CompoundVariable: Note: Function class names must contain the string: '.functions.'
2026-09-10 05:41:27,256 INFO o.a.j.e.u.CompoundVariable: Note: Function class names must not contain the string: '.gui.'
2026-09-10 05:41:27,504 INFO o.a.j.JMeter: Running test (1789029687504)
2026-09-10 05:41:27,523 INFO o.a.j.e.StandardJMeterEngine: Starting ThreadGroup: 1 : TCC order-show
2026-09-10 05:41:27,524 INFO o.a.j.e.StandardJMeterEngine: Starting 10 threads for group TCC order-show.
2026-09-10 05:41:27,524 INFO o.a.j.e.StandardJMeterEngine: Thread will continue on error
2026-09-10 05:41:27,524 INFO o.a.j.t.ThreadGroup: Starting thread group... number=1 threads=10 ramp-up=0 delayedStart=false
2026-09-10 05:41:27,530 INFO o.a.j.t.JMeterThread: Thread started: TCC order-show 1-4
2026-09-10 05:41:27,531 INFO o.a.j.t.JMeterThread: Thread started: TCC order-show 1-1
2026-09-10 05:41:27,530 INFO o.a.j.t.JMeterThread: Thread started: TCC order-show 1-2
2026-09-10 05:41:27,531 INFO o.a.j.t.JMeterThread: Thread started: TCC order-show 1-3
2026-09-10 05:41:27,531 INFO o.a.j.t.JMeterThread: Thread started: TCC order-show 1-5
2026-09-10 05:41:27,532 INFO o.a.j.t.JMeterThread: Thread started: TCC order-show 1-6
2026-09-10 05:41:27,533 INFO o.a.j.t.JMeterThread: Thread started: TCC order-show 1-7
2026-09-10 05:41:27,533 INFO o.a.j.t.JMeterThread: Thread started: TCC order-show 1-8
2026-09-10 05:41:27,534 INFO o.a.j.t.JMeterThread: Thread started: TCC order-show 1-9
2026-09-10 05:41:27,534 INFO o.a.j.t.ThreadGroup: Started thread group number 1
2026-09-10 05:41:27,535 INFO o.a.j.e.StandardJMeterEngine: All thread groups have been started
2026-09-10 05:41:27,535 INFO o.a.j.t.JMeterThread: Thread started: TCC order-show 1-10
2026-09-10 05:41:27,548 INFO o.a.j.p.h.s.HTTPHCAbstractImpl: Local host = pop-os
2026-09-10 05:41:27,553 INFO o.a.j.p.h.s.HTTPHC4Impl: HTTP request retry count = 0
2026-09-10 05:41:27,555 INFO o.a.j.s.SampleResult: Note: Sample TimeStamps are START times
2026-09-10 05:41:27,555 INFO o.a.j.s.SampleResult: sampleresult.default.encoding is set to UTF-8
2026-09-10 05:41:27,555 INFO o.a.j.s.SampleResult: sampleresult.useNanoTime=true
2026-09-10 05:41:27,555 INFO o.a.j.s.SampleResult: sampleresult.nanoThreadSleep=5000
2026-09-10 05:41:30,016 INFO o.a.j.r.Summariser: summary +    143 in 00:00:03 =   57.0/s Avg:   109 Min:    27 Max:   204 Err:     0 (0.00%) Active: 10 Started: 10 Finished: 0
2026-09-10 05:42:00,011 INFO o.a.j.r.Summariser: summary +   2760 in 00:00:30 =   92.0/s Avg:   107 Min:    95 Max:   133 Err:     0 (0.00%) Active: 10 Started: 10 Finished: 0
2026-09-10 05:42:00,012 INFO o.a.j.r.Summariser: summary =   2903 in 00:00:33 =   89.3/s Avg:   108 Min:    27 Max:   204 Err:     0 (0.00%)
2026-09-10 05:42:30,000 INFO o.a.j.r.Summariser: summary +   2765 in 00:00:30 =   92.2/s Avg:   107 Min:    99 Max:   154 Err:     0 (0.00%) Active: 10 Started: 10 Finished: 0
2026-09-10 05:42:30,001 INFO o.a.j.r.Summariser: summary =   5668 in 00:01:02 =   90.7/s Avg:   107 Min:    27 Max:   204 Err:     0 (0.00%)
2026-09-10 05:43:00,000 INFO o.a.j.r.Summariser: summary +   2736 in 00:00:30 =   91.2/s Avg:   109 Min:    99 Max:   146 Err:     0 (0.00%) Active: 10 Started: 10 Finished: 0
2026-09-10 05:43:00,001 INFO o.a.j.r.Summariser: summary =   8404 in 00:01:32 =   90.9/s Avg:   108 Min:    27 Max:   204 Err:     0 (0.00%)
2026-09-10 05:43:27,535 INFO o.a.j.t.JMeterThread: Stopping because end time detected by thread: TCC order-show 1-10
2026-09-10 05:43:27,535 INFO o.a.j.t.JMeterThread: Thread finished: TCC order-show 1-10
2026-09-10 05:43:27,548 INFO o.a.j.t.JMeterThread: Stopping because end time detected by thread: TCC order-show 1-3
2026-09-10 05:43:27,548 INFO o.a.j.t.JMeterThread: Thread finished: TCC order-show 1-3
2026-09-10 05:43:27,561 INFO o.a.j.t.JMeterThread: Stopping because end time detected by thread: TCC order-show 1-4
2026-09-10 05:43:27,561 INFO o.a.j.t.JMeterThread: Thread finished: TCC order-show 1-4
2026-09-10 05:43:27,572 INFO o.a.j.t.JMeterThread: Stopping because end time detected by thread: TCC order-show 1-5
2026-09-10 05:43:27,572 INFO o.a.j.t.JMeterThread: Thread finished: TCC order-show 1-5
2026-09-10 05:43:27,582 INFO o.a.j.t.JMeterThread: Stopping because end time detected by thread: TCC order-show 1-6
2026-09-10 05:43:27,583 INFO o.a.j.t.JMeterThread: Thread finished: TCC order-show 1-6
2026-09-10 05:43:27,593 INFO o.a.j.t.JMeterThread: Stopping because end time detected by thread: TCC order-show 1-8
2026-09-10 05:43:27,593 INFO o.a.j.t.JMeterThread: Thread finished: TCC order-show 1-8
2026-09-10 05:43:27,604 INFO o.a.j.t.JMeterThread: Stopping because end time detected by thread: TCC order-show 1-2
2026-09-10 05:43:27,604 INFO o.a.j.t.JMeterThread: Thread finished: TCC order-show 1-2
2026-09-10 05:43:27,615 INFO o.a.j.t.JMeterThread: Stopping because end time detected by thread: TCC order-show 1-9
2026-09-10 05:43:27,615 INFO o.a.j.t.JMeterThread: Thread finished: TCC order-show 1-9
2026-09-10 05:43:27,625 INFO o.a.j.t.JMeterThread: Stopping because end time detected by thread: TCC order-show 1-7
2026-09-10 05:43:27,626 INFO o.a.j.t.JMeterThread: Thread finished: TCC order-show 1-7
2026-09-10 05:43:27,636 INFO o.a.j.t.JMeterThread: Stopping because end time detected by thread: TCC order-show 1-1
2026-09-10 05:43:27,636 INFO o.a.j.t.JMeterThread: Thread finished: TCC order-show 1-1
2026-09-10 05:43:27,636 INFO o.a.j.e.StandardJMeterEngine: Notifying test listeners of end of test
2026-09-10 05:43:27,639 INFO o.a.j.r.Summariser: summary +   2543 in 00:00:28 =   92.0/s Avg:   108 Min:    98 Max:   159 Err:     0 (0.00%) Active: 0 Started: 10 Finished: 10
2026-09-10 05:43:27,639 INFO o.a.j.r.Summariser: summary =  10947 in 00:02:00 =   91.1/s Avg:   108 Min:    27 Max:   204 Err:     0 (0.00%)
