2026-09-10 05:40:51,922 INFO o.a.j.u.JMeterUtils: Setting Locale to en_EN
2026-09-10 05:40:51,939 INFO o.a.j.JMeter: Loading user properties from: /home/avituo/projects/tcc/tcc-container/.tools/apache-jmeter-5.6.3/bin/user.properties
2026-09-10 05:40:51,939 INFO o.a.j.JMeter: Loading system properties from: /home/avituo/projects/tcc/tcc-container/.tools/apache-jmeter-5.6.3/bin/system.properties
2026-09-10 05:40:51,939 INFO o.a.j.JMeter: Loading additional properties from: /home/avituo/projects/tcc/tcc-container/benchmark/jmeter/benchmark.properties
2026-09-10 05:40:51,940 INFO o.a.j.JMeter: Loading additional properties from: /tmp/tcc-benchmark-auth.ovB2zc/auth.properties
2026-09-10 05:40:51,940 INFO o.a.j.JMeter: Setting JMeter property: threads=10
2026-09-10 05:40:51,940 INFO o.a.j.JMeter: Setting JMeter property: duration_seconds=30
2026-09-10 05:40:51,940 INFO o.a.j.JMeter: Setting JMeter property: target_host=localhost
2026-09-10 05:40:51,940 INFO o.a.j.JMeter: Setting JMeter property: target_port=18000
2026-09-10 05:40:51,940 INFO o.a.j.JMeter: Setting JMeter property: tcc.order.id=1
2026-09-10 05:40:51,940 INFO o.a.j.JMeter: Setting JMeter property: repetition=1
2026-09-10 05:40:51,946 INFO o.a.j.JMeter: Copyright (c) 1998-2024 The Apache Software Foundation
2026-09-10 05:40:51,946 INFO o.a.j.JMeter: Version 5.6.3
2026-09-10 05:40:51,946 INFO o.a.j.JMeter: java.version=21.0.11
2026-09-10 05:40:51,947 INFO o.a.j.JMeter: java.vm.name=OpenJDK 64-Bit Server VM
2026-09-10 05:40:51,947 INFO o.a.j.JMeter: os.name=Linux
2026-09-10 05:40:51,947 INFO o.a.j.JMeter: os.arch=amd64
2026-09-10 05:40:51,947 INFO o.a.j.JMeter: os.version=7.0.11-76070011-generic
2026-09-10 05:40:51,947 INFO o.a.j.JMeter: file.encoding=UTF-8
2026-09-10 05:40:51,947 INFO o.a.j.JMeter: java.awt.headless=true
2026-09-10 05:40:51,947 INFO o.a.j.JMeter: Max memory     =1073741824
2026-09-10 05:40:51,947 INFO o.a.j.JMeter: Available Processors =16
2026-09-10 05:40:51,956 INFO o.a.j.JMeter: Default Locale=English (EN)
2026-09-10 05:40:51,956 INFO o.a.j.JMeter: JMeter  Locale=English (EN)
2026-09-10 05:40:51,956 INFO o.a.j.JMeter: JMeterHome=/home/avituo/projects/tcc/tcc-container/.tools/apache-jmeter-5.6.3
2026-09-10 05:40:51,956 INFO o.a.j.JMeter: user.dir  =/home/avituo/projects/tcc/tcc-container
2026-09-10 05:40:51,956 INFO o.a.j.JMeter: PWD       =/home/avituo/projects/tcc/tcc-container
2026-09-10 05:40:51,964 INFO o.a.j.JMeter: IP: 192.168.1.16 Name: pop-os FullName: pop-os.home
2026-09-10 05:40:51,976 INFO o.a.j.s.FileServer: Default base='/home/avituo/projects/tcc/tcc-container'
2026-09-10 05:40:51,978 INFO o.a.j.s.FileServer: Set new base='/home/avituo/projects/tcc/tcc-container/benchmark/jmeter'
2026-09-10 05:40:52,141 INFO o.a.j.s.SaveService: Testplan (JMX) version: 2.2. Testlog (JTL) version: 2.2
2026-09-10 05:40:52,165 INFO o.a.j.s.SaveService: Using SaveService properties version 5.0
2026-09-10 05:40:52,168 INFO o.a.j.s.SaveService: Using SaveService properties file encoding UTF-8
2026-09-10 05:40:52,171 INFO o.a.j.s.SaveService: Loading file: /home/avituo/projects/tcc/tcc-container/benchmark/jmeter/tcc-order-show-v1.jmx
2026-09-10 05:40:52,222 INFO o.a.j.p.h.s.HTTPSamplerBase: Parser for text/html is org.apache.jmeter.protocol.http.parser.LagartoBasedHtmlParser
2026-09-10 05:40:52,222 INFO o.a.j.p.h.s.HTTPSamplerBase: Parser for application/xhtml+xml is org.apache.jmeter.protocol.http.parser.LagartoBasedHtmlParser
2026-09-10 05:40:52,222 INFO o.a.j.p.h.s.HTTPSamplerBase: Parser for application/xml is org.apache.jmeter.protocol.http.parser.LagartoBasedHtmlParser
2026-09-10 05:40:52,222 INFO o.a.j.p.h.s.HTTPSamplerBase: Parser for text/xml is org.apache.jmeter.protocol.http.parser.LagartoBasedHtmlParser
2026-09-10 05:40:52,222 INFO o.a.j.p.h.s.HTTPSamplerBase: Parser for text/vnd.wap.wml is org.apache.jmeter.protocol.http.parser.RegexpHTMLParser
2026-09-10 05:40:52,222 INFO o.a.j.p.h.s.HTTPSamplerBase: Parser for text/css is org.apache.jmeter.protocol.http.parser.CssParser
2026-09-10 05:40:52,250 INFO o.a.j.JMeter: Creating summariser <summary>
2026-09-10 05:40:52,268 INFO o.a.j.e.StandardJMeterEngine: Running the test!
2026-09-10 05:40:52,269 INFO o.a.j.s.SampleEvent: List of sample_variables: []
2026-09-10 05:40:52,269 INFO o.a.j.s.SampleEvent: List of sample_variables: []
2026-09-10 05:40:52,274 INFO o.a.j.e.u.CompoundVariable: Note: Function class names must contain the string: '.functions.'
2026-09-10 05:40:52,275 INFO o.a.j.e.u.CompoundVariable: Note: Function class names must not contain the string: '.gui.'
2026-09-10 05:40:52,512 INFO o.a.j.JMeter: Running test (1789029652512)
2026-09-10 05:40:52,531 INFO o.a.j.e.StandardJMeterEngine: Starting ThreadGroup: 1 : TCC order-show
2026-09-10 05:40:52,532 INFO o.a.j.e.StandardJMeterEngine: Starting 10 threads for group TCC order-show.
2026-09-10 05:40:52,532 INFO o.a.j.e.StandardJMeterEngine: Thread will continue on error
2026-09-10 05:40:52,532 INFO o.a.j.t.ThreadGroup: Starting thread group... number=1 threads=10 ramp-up=0 delayedStart=false
2026-09-10 05:40:52,539 INFO o.a.j.t.JMeterThread: Thread started: TCC order-show 1-2
2026-09-10 05:40:52,539 INFO o.a.j.t.JMeterThread: Thread started: TCC order-show 1-3
2026-09-10 05:40:52,539 INFO o.a.j.t.JMeterThread: Thread started: TCC order-show 1-1
2026-09-10 05:40:52,539 INFO o.a.j.t.JMeterThread: Thread started: TCC order-show 1-5
2026-09-10 05:40:52,539 INFO o.a.j.t.JMeterThread: Thread started: TCC order-show 1-4
2026-09-10 05:40:52,540 INFO o.a.j.t.JMeterThread: Thread started: TCC order-show 1-6
2026-09-10 05:40:52,541 INFO o.a.j.t.JMeterThread: Thread started: TCC order-show 1-7
2026-09-10 05:40:52,541 INFO o.a.j.t.JMeterThread: Thread started: TCC order-show 1-8
2026-09-10 05:40:52,542 INFO o.a.j.t.JMeterThread: Thread started: TCC order-show 1-9
2026-09-10 05:40:52,542 INFO o.a.j.t.ThreadGroup: Started thread group number 1
2026-09-10 05:40:52,542 INFO o.a.j.e.StandardJMeterEngine: All thread groups have been started
2026-09-10 05:40:52,542 INFO o.a.j.t.JMeterThread: Thread started: TCC order-show 1-10
2026-09-10 05:40:52,555 INFO o.a.j.p.h.s.HTTPHCAbstractImpl: Local host = pop-os
2026-09-10 05:40:52,560 INFO o.a.j.p.h.s.HTTPHC4Impl: HTTP request retry count = 0
2026-09-10 05:40:52,561 INFO o.a.j.s.SampleResult: Note: Sample TimeStamps are START times
2026-09-10 05:40:52,562 INFO o.a.j.s.SampleResult: sampleresult.default.encoding is set to UTF-8
2026-09-10 05:40:52,562 INFO o.a.j.s.SampleResult: sampleresult.useNanoTime=true
2026-09-10 05:40:52,562 INFO o.a.j.s.SampleResult: sampleresult.nanoThreadSleep=5000
2026-09-10 05:41:00,017 INFO o.a.j.r.Summariser: summary +    591 in 00:00:08 =   78.8/s Avg:   110 Min:    19 Max:   232 Err:     0 (0.00%) Active: 10 Started: 10 Finished: 0
2026-09-10 05:41:22,543 INFO o.a.j.t.JMeterThread: Stopping because end time detected by thread: TCC order-show 1-9
2026-09-10 05:41:22,543 INFO o.a.j.t.JMeterThread: Thread finished: TCC order-show 1-9
2026-09-10 05:41:22,554 INFO o.a.j.t.JMeterThread: Stopping because end time detected by thread: TCC order-show 1-1
2026-09-10 05:41:22,554 INFO o.a.j.t.JMeterThread: Thread finished: TCC order-show 1-1
2026-09-10 05:41:22,565 INFO o.a.j.t.JMeterThread: Stopping because end time detected by thread: TCC order-show 1-5
2026-09-10 05:41:22,566 INFO o.a.j.t.JMeterThread: Thread finished: TCC order-show 1-5
2026-09-10 05:41:22,577 INFO o.a.j.t.JMeterThread: Stopping because end time detected by thread: TCC order-show 1-7
2026-09-10 05:41:22,577 INFO o.a.j.t.JMeterThread: Thread finished: TCC order-show 1-7
2026-09-10 05:41:22,589 INFO o.a.j.t.JMeterThread: Stopping because end time detected by thread: TCC order-show 1-8
2026-09-10 05:41:22,589 INFO o.a.j.t.JMeterThread: Thread finished: TCC order-show 1-8
2026-09-10 05:41:22,601 INFO o.a.j.t.JMeterThread: Stopping because end time detected by thread: TCC order-show 1-6
2026-09-10 05:41:22,601 INFO o.a.j.t.JMeterThread: Thread finished: TCC order-show 1-6
2026-09-10 05:41:22,612 INFO o.a.j.t.JMeterThread: Stopping because end time detected by thread: TCC order-show 1-3
2026-09-10 05:41:22,612 INFO o.a.j.t.JMeterThread: Thread finished: TCC order-show 1-3
2026-09-10 05:41:22,622 INFO o.a.j.t.JMeterThread: Stopping because end time detected by thread: TCC order-show 1-4
2026-09-10 05:41:22,622 INFO o.a.j.t.JMeterThread: Thread finished: TCC order-show 1-4
2026-09-10 05:41:22,633 INFO o.a.j.t.JMeterThread: Stopping because end time detected by thread: TCC order-show 1-10
2026-09-10 05:41:22,633 INFO o.a.j.t.JMeterThread: Thread finished: TCC order-show 1-10
2026-09-10 05:41:22,643 INFO o.a.j.t.JMeterThread: Stopping because end time detected by thread: TCC order-show 1-2
2026-09-10 05:41:22,644 INFO o.a.j.t.JMeterThread: Thread finished: TCC order-show 1-2
2026-09-10 05:41:22,644 INFO o.a.j.e.StandardJMeterEngine: Notifying test listeners of end of test
2026-09-10 05:41:22,648 INFO o.a.j.r.Summariser: summary +   2079 in 00:00:23 =   91.9/s Avg:   108 Min:    99 Max:   128 Err:     0 (0.00%) Active: 0 Started: 10 Finished: 10
2026-09-10 05:41:22,648 INFO o.a.j.r.Summariser: summary =   2670 in 00:00:30 =   88.6/s Avg:   108 Min:    19 Max:   232 Err:     0 (0.00%)
