 Container tcc-microservices-experiment-gateway-1 Running 
 Container tcc-microservices-experiment-mysql-1 Running 
 Container tcc-microservices-experiment-auth-1 Running 
 Container tcc-microservices-experiment-product-1 Running 
 Container tcc-microservices-experiment-order-1 Running 
 Container tcc-microservices-experiment-mysql-1 Waiting 
 Container tcc-microservices-experiment-mysql-1 Waiting 
 Container tcc-microservices-experiment-mysql-1 Healthy 
 Container tcc-microservices-experiment-mysql-1 Healthy 
 Container tcc-microservices-experiment-mysql-1 Waiting 
 Container tcc-microservices-experiment-mysql-1 Healthy 
Reset targets: tcc_auth_experiment, tcc_products_experiment, tcc_orders_experiment

   INFO  Clearing cached bootstrap files.  

  config ......................................................... 2.33ms DONE
  cache .......................................................... 2.00ms DONE
  compiled ....................................................... 0.52ms DONE
  events ......................................................... 0.34ms DONE
  routes ......................................................... 0.43ms DONE
  views .......................................................... 5.09ms DONE


  Dropping all tables .......................................... 117.91ms DONE

   INFO  Preparing database.  

  Creating migration table ...................................... 42.06ms DONE

   INFO  Running migrations.  

  0001_01_01_000001_create_cache_table ......................... 134.73ms DONE
  2026_07_20_124230_create_users_table .......................... 76.97ms DONE
  2026_07_22_183826_add_roles_to_users_table .................... 87.09ms DONE


   INFO  Seeding database.  


   INFO  Configuration cached successfully.  


   INFO  Routes cached successfully.  


   INFO  Clearing cached bootstrap files.  

  config ......................................................... 2.58ms DONE
  cache .......................................................... 3.49ms DONE
  compiled ....................................................... 0.75ms DONE
  events ......................................................... 0.62ms DONE
  routes ......................................................... 0.71ms DONE
  views .......................................................... 6.56ms DONE


  Dropping all tables .......................................... 227.98ms DONE

   INFO  Preparing database.  

  Creating migration table ...................................... 42.49ms DONE

   INFO  Running migrations.  

  0001_01_01_000001_create_cache_table ......................... 141.64ms DONE
  0001_01_01_000002_create_jobs_table .......................... 222.74ms DONE
  2026_06_07_225747_create_products_table ....................... 72.56ms DONE
  2026_07_22_183150_correct_product_catalog_schema ............. 604.60ms DONE
  2026_07_22_183152_create_stock_reservations_table ............ 127.40ms DONE
  2026_07_22_183153_create_stock_reservation_items_table ....... 305.55ms DONE


   INFO  Seeding database.  


   INFO  Configuration cached successfully.  


   INFO  Routes cached successfully.  


   INFO  Clearing cached bootstrap files.  

  config ......................................................... 2.85ms DONE
  cache .......................................................... 2.91ms DONE
  compiled ....................................................... 0.98ms DONE
  events ......................................................... 0.74ms DONE
  routes ......................................................... 0.77ms DONE
  views .......................................................... 9.41ms DONE


  Dropping all tables .......................................... 193.84ms DONE

   INFO  Preparing database.  

  Creating migration table ...................................... 42.72ms DONE

   INFO  Running migrations.  

  0001_01_01_000001_create_cache_table ......................... 134.08ms DONE
  0001_01_01_000002_create_jobs_table .......................... 275.30ms DONE
  2026_07_22_183830_create_orders_table ........................ 192.25ms DONE
  2026_07_22_183831_create_order_items_table ................... 218.52ms DONE
  2026_07_29_140158_add_name_to_orders_table ................... 229.45ms DONE


   INFO  Seeding database.  


   INFO  Configuration cached successfully.  


   INFO  Routes cached successfully.  

database=tcc_auth_experiment
user_count=100
logical_fingerprint=44cb257fd1b0fbd23dde712b5250ca3d002eded4c2a9e911c74c80c94eb073a7
benchmark_users=VALID
database=tcc_products_experiment
product_count=1000
stock_reservation_count=0
logical_fingerprint=44cb257fd1b0fbd23dde712b5250ca3d002eded4c2a9e911c74c80c94eb073a7
benchmark_products=VALID
database=tcc_orders_experiment
order_count=5000
order_item_count=10000
status_distribution={"pending":2500,"paid":1500,"cancelled":1000}
orders_per_user_min=50
orders_per_user_max=50
logical_fingerprint=44cb257fd1b0fbd23dde712b5250ca3d002eded4c2a9e911c74c80c94eb073a7
order_mapping_1=20000000-0000-4000-8000-000000000001
order_mapping_5000=20000000-0000-4000-8000-000000005000
benchmark_orders=VALID
