2026-09-10 01:36:54,925 INFO o.a.j.u.JMeterUtils: Setting Locale to en_EN
2026-09-10 01:36:54,941 INFO o.a.j.JMeter: Loading user properties from: /home/avituo/projects/tcc/tcc-container/.tools/apache-jmeter-5.6.3/bin/user.properties
2026-09-10 01:36:54,941 INFO o.a.j.JMeter: Loading system properties from: /home/avituo/projects/tcc/tcc-container/.tools/apache-jmeter-5.6.3/bin/system.properties
2026-09-10 01:36:54,942 INFO o.a.j.JMeter: Loading additional properties from: /home/avituo/projects/tcc/tcc-container/benchmark/jmeter/benchmark.properties
2026-09-10 01:36:54,942 INFO o.a.j.JMeter: Loading additional properties from: /tmp/tcc-benchmark-auth.LklHuC/auth.properties
2026-09-10 01:36:54,942 INFO o.a.j.JMeter: Loading additional properties from: /home/avituo/projects/tcc/tcc-container/benchmark/results/laravel-13.20.0/final/products/c25/r2/microservices/thread-counters.properties
2026-09-10 01:36:54,942 INFO o.a.j.JMeter: Setting JMeter property: threads=25
2026-09-10 01:36:54,942 INFO o.a.j.JMeter: Setting JMeter property: duration_seconds=120
2026-09-10 01:36:54,942 INFO o.a.j.JMeter: Setting JMeter property: target_host=localhost
2026-09-10 01:36:54,942 INFO o.a.j.JMeter: Setting JMeter property: target_port=18080
2026-09-10 01:36:54,942 INFO o.a.j.JMeter: Setting JMeter property: tcc.order.id=20000000-0000-4000-8000-000000000001
2026-09-10 01:36:54,942 INFO o.a.j.JMeter: Setting JMeter property: repetition=2
2026-09-10 01:36:54,950 INFO o.a.j.JMeter: Copyright (c) 1998-2024 The Apache Software Foundation
2026-09-10 01:36:54,950 INFO o.a.j.JMeter: Version 5.6.3
2026-09-10 01:36:54,950 INFO o.a.j.JMeter: java.version=21.0.11
2026-09-10 01:36:54,950 INFO o.a.j.JMeter: java.vm.name=OpenJDK 64-Bit Server VM
2026-09-10 01:36:54,950 INFO o.a.j.JMeter: os.name=Linux
2026-09-10 01:36:54,950 INFO o.a.j.JMeter: os.arch=amd64
2026-09-10 01:36:54,950 INFO o.a.j.JMeter: os.version=7.0.11-76070011-generic
2026-09-10 01:36:54,950 INFO o.a.j.JMeter: file.encoding=UTF-8
2026-09-10 01:36:54,950 INFO o.a.j.JMeter: java.awt.headless=true
2026-09-10 01:36:54,950 INFO o.a.j.JMeter: Max memory     =1073741824
2026-09-10 01:36:54,950 INFO o.a.j.JMeter: Available Processors =16
2026-09-10 01:36:54,958 INFO o.a.j.JMeter: Default Locale=English (EN)
2026-09-10 01:36:54,958 INFO o.a.j.JMeter: JMeter  Locale=English (EN)
2026-09-10 01:36:54,959 INFO o.a.j.JMeter: JMeterHome=/home/avituo/projects/tcc/tcc-container/.tools/apache-jmeter-5.6.3
2026-09-10 01:36:54,959 INFO o.a.j.JMeter: user.dir  =/home/avituo/projects/tcc/tcc-container
2026-09-10 01:36:54,959 INFO o.a.j.JMeter: PWD       =/home/avituo/projects/tcc/tcc-container
2026-09-10 01:36:54,970 INFO o.a.j.JMeter: IP: 192.168.1.16 Name: pop-os FullName: pop-os.home
2026-09-10 01:36:54,982 INFO o.a.j.s.FileServer: Default base='/home/avituo/projects/tcc/tcc-container'
2026-09-10 01:36:54,984 INFO o.a.j.s.FileServer: Set new base='/home/avituo/projects/tcc/tcc-container/benchmark/jmeter'
2026-09-10 01:36:55,160 INFO o.a.j.s.SaveService: Testplan (JMX) version: 2.2. Testlog (JTL) version: 2.2
2026-09-10 01:36:55,186 INFO o.a.j.s.SaveService: Using SaveService properties version 5.0
2026-09-10 01:36:55,189 INFO o.a.j.s.SaveService: Using SaveService properties file encoding UTF-8
2026-09-10 01:36:55,194 INFO o.a.j.s.SaveService: Loading file: /home/avituo/projects/tcc/tcc-container/benchmark/jmeter/tcc-products-v1.jmx
2026-09-10 01:36:55,245 INFO o.a.j.p.h.s.HTTPSamplerBase: Parser for text/html is org.apache.jmeter.protocol.http.parser.LagartoBasedHtmlParser
2026-09-10 01:36:55,245 INFO o.a.j.p.h.s.HTTPSamplerBase: Parser for application/xhtml+xml is org.apache.jmeter.protocol.http.parser.LagartoBasedHtmlParser
2026-09-10 01:36:55,245 INFO o.a.j.p.h.s.HTTPSamplerBase: Parser for application/xml is org.apache.jmeter.protocol.http.parser.LagartoBasedHtmlParser
2026-09-10 01:36:55,245 INFO o.a.j.p.h.s.HTTPSamplerBase: Parser for text/xml is org.apache.jmeter.protocol.http.parser.LagartoBasedHtmlParser
2026-09-10 01:36:55,245 INFO o.a.j.p.h.s.HTTPSamplerBase: Parser for text/vnd.wap.wml is org.apache.jmeter.protocol.http.parser.RegexpHTMLParser
2026-09-10 01:36:55,245 INFO o.a.j.p.h.s.HTTPSamplerBase: Parser for text/css is org.apache.jmeter.protocol.http.parser.CssParser
2026-09-10 01:36:55,276 INFO o.a.j.JMeter: Creating summariser <summary>
2026-09-10 01:36:55,296 INFO o.a.j.e.StandardJMeterEngine: Running the test!
2026-09-10 01:36:55,297 INFO o.a.j.s.SampleEvent: List of sample_variables: []
2026-09-10 01:36:55,297 INFO o.a.j.s.SampleEvent: List of sample_variables: []
2026-09-10 01:36:55,302 INFO o.a.j.e.u.CompoundVariable: Note: Function class names must contain the string: '.functions.'
2026-09-10 01:36:55,302 INFO o.a.j.e.u.CompoundVariable: Note: Function class names must not contain the string: '.gui.'
2026-09-10 01:36:55,544 INFO o.a.j.JMeter: Running test (1789015015544)
2026-09-10 01:36:55,564 INFO o.a.j.e.StandardJMeterEngine: Starting ThreadGroup: 1 : TCC products
2026-09-10 01:36:55,565 INFO o.a.j.e.StandardJMeterEngine: Starting 25 threads for group TCC products.
2026-09-10 01:36:55,565 INFO o.a.j.e.StandardJMeterEngine: Thread will continue on error
2026-09-10 01:36:55,565 INFO o.a.j.t.ThreadGroup: Starting thread group... number=1 threads=25 ramp-up=0 delayedStart=false
2026-09-10 01:36:55,572 INFO o.a.j.t.JMeterThread: Thread started: TCC products 1-4
2026-09-10 01:36:55,572 INFO o.a.j.t.JMeterThread: Thread started: TCC products 1-3
2026-09-10 01:36:55,572 INFO o.a.j.t.JMeterThread: Thread started: TCC products 1-2
2026-09-10 01:36:55,572 INFO o.a.j.t.JMeterThread: Thread started: TCC products 1-1
2026-09-10 01:36:55,572 INFO o.a.j.t.JMeterThread: Thread started: TCC products 1-6
2026-09-10 01:36:55,572 INFO o.a.j.t.JMeterThread: Thread started: TCC products 1-5
2026-09-10 01:36:55,573 INFO o.a.j.t.JMeterThread: Thread started: TCC products 1-7
2026-09-10 01:36:55,574 INFO o.a.j.t.JMeterThread: Thread started: TCC products 1-8
2026-09-10 01:36:55,575 INFO o.a.j.t.JMeterThread: Thread started: TCC products 1-9
2026-09-10 01:36:55,575 INFO o.a.j.t.JMeterThread: Thread started: TCC products 1-10
2026-09-10 01:36:55,576 INFO o.a.j.t.JMeterThread: Thread started: TCC products 1-11
2026-09-10 01:36:55,577 INFO o.a.j.t.JMeterThread: Thread started: TCC products 1-12
2026-09-10 01:36:55,577 INFO o.a.j.t.JMeterThread: Thread started: TCC products 1-13
2026-09-10 01:36:55,578 INFO o.a.j.t.JMeterThread: Thread started: TCC products 1-14
2026-09-10 01:36:55,579 INFO o.a.j.t.JMeterThread: Thread started: TCC products 1-15
2026-09-10 01:36:55,580 INFO o.a.j.t.JMeterThread: Thread started: TCC products 1-16
2026-09-10 01:36:55,580 INFO o.a.j.t.JMeterThread: Thread started: TCC products 1-17
2026-09-10 01:36:55,581 INFO o.a.j.t.JMeterThread: Thread started: TCC products 1-18
2026-09-10 01:36:55,582 INFO o.a.j.t.JMeterThread: Thread started: TCC products 1-19
2026-09-10 01:36:55,582 INFO o.a.j.t.JMeterThread: Thread started: TCC products 1-20
2026-09-10 01:36:55,583 INFO o.a.j.t.JMeterThread: Thread started: TCC products 1-21
2026-09-10 01:36:55,584 INFO o.a.j.t.JMeterThread: Thread started: TCC products 1-22
2026-09-10 01:36:55,584 INFO o.a.j.t.JMeterThread: Thread started: TCC products 1-23
2026-09-10 01:36:55,585 INFO o.a.j.t.JMeterThread: Thread started: TCC products 1-24
2026-09-10 01:36:55,585 INFO o.a.j.t.ThreadGroup: Started thread group number 1
2026-09-10 01:36:55,586 INFO o.a.j.e.StandardJMeterEngine: All thread groups have been started
2026-09-10 01:36:55,586 INFO o.a.j.t.JMeterThread: Thread started: TCC products 1-25
2026-09-10 01:36:55,593 INFO o.a.j.p.h.s.HTTPHCAbstractImpl: Local host = pop-os
2026-09-10 01:36:55,599 INFO o.a.j.p.h.s.HTTPHC4Impl: HTTP request retry count = 0
2026-09-10 01:36:55,601 INFO o.a.j.s.SampleResult: Note: Sample TimeStamps are START times
2026-09-10 01:36:55,601 INFO o.a.j.s.SampleResult: sampleresult.default.encoding is set to UTF-8
2026-09-10 01:36:55,601 INFO o.a.j.s.SampleResult: sampleresult.useNanoTime=true
2026-09-10 01:36:55,601 INFO o.a.j.s.SampleResult: sampleresult.nanoThreadSleep=5000
2026-09-10 01:37:00,004 INFO o.a.j.r.Summariser: summary +    441 in 00:00:04 =   98.9/s Avg:   195 Min:    23 Max:   384 Err:     0 (0.00%) Active: 25 Started: 25 Finished: 0
2026-09-10 01:37:30,001 INFO o.a.j.r.Summariser: summary +   3909 in 00:00:30 =  130.3/s Avg:   191 Min:   180 Max:   213 Err:     0 (0.00%) Active: 25 Started: 25 Finished: 0
2026-09-10 01:37:30,002 INFO o.a.j.r.Summariser: summary =   4350 in 00:00:34 =  126.2/s Avg:   191 Min:    23 Max:   384 Err:     0 (0.00%)
2026-09-10 01:38:00,007 INFO o.a.j.r.Summariser: summary +   3911 in 00:00:30 =  130.3/s Avg:   191 Min:   179 Max:   211 Err:     0 (0.00%) Active: 25 Started: 25 Finished: 0
2026-09-10 01:38:00,007 INFO o.a.j.r.Summariser: summary =   8261 in 00:01:04 =  128.2/s Avg:   191 Min:    23 Max:   384 Err:     0 (0.00%)
2026-09-10 01:38:30,004 INFO o.a.j.r.Summariser: summary +   3929 in 00:00:30 =  131.0/s Avg:   190 Min:   176 Max:   218 Err:     0 (0.00%) Active: 25 Started: 25 Finished: 0
2026-09-10 01:38:30,004 INFO o.a.j.r.Summariser: summary =  12190 in 00:01:34 =  129.1/s Avg:   191 Min:    23 Max:   384 Err:     0 (0.00%)
2026-09-10 01:38:55,576 INFO o.a.j.t.JMeterThread: Stopping because end time detected by thread: TCC products 1-9
2026-09-10 01:38:55,576 INFO o.a.j.t.JMeterThread: Thread finished: TCC products 1-9
2026-09-10 01:38:55,584 INFO o.a.j.t.JMeterThread: Stopping because end time detected by thread: TCC products 1-11
2026-09-10 01:38:55,584 INFO o.a.j.t.JMeterThread: Thread finished: TCC products 1-11
2026-09-10 01:38:55,591 INFO o.a.j.t.JMeterThread: Stopping because end time detected by thread: TCC products 1-16
2026-09-10 01:38:55,591 INFO o.a.j.t.JMeterThread: Thread finished: TCC products 1-16
2026-09-10 01:38:55,599 INFO o.a.j.t.JMeterThread: Stopping because end time detected by thread: TCC products 1-3
2026-09-10 01:38:55,599 INFO o.a.j.t.JMeterThread: Thread finished: TCC products 1-3
2026-09-10 01:38:55,606 INFO o.a.j.t.JMeterThread: Stopping because end time detected by thread: TCC products 1-10
2026-09-10 01:38:55,607 INFO o.a.j.t.JMeterThread: Thread finished: TCC products 1-10
2026-09-10 01:38:55,615 INFO o.a.j.t.JMeterThread: Stopping because end time detected by thread: TCC products 1-18
2026-09-10 01:38:55,615 INFO o.a.j.t.JMeterThread: Thread finished: TCC products 1-18
2026-09-10 01:38:55,623 INFO o.a.j.t.JMeterThread: Stopping because end time detected by thread: TCC products 1-17
2026-09-10 01:38:55,623 INFO o.a.j.t.JMeterThread: Thread finished: TCC products 1-17
2026-09-10 01:38:55,631 INFO o.a.j.t.JMeterThread: Stopping because end time detected by thread: TCC products 1-15
2026-09-10 01:38:55,631 INFO o.a.j.t.JMeterThread: Thread finished: TCC products 1-15
2026-09-10 01:38:55,639 INFO o.a.j.t.JMeterThread: Stopping because end time detected by thread: TCC products 1-12
2026-09-10 01:38:55,639 INFO o.a.j.t.JMeterThread: Thread finished: TCC products 1-12
2026-09-10 01:38:55,647 INFO o.a.j.t.JMeterThread: Stopping because end time detected by thread: TCC products 1-2
2026-09-10 01:38:55,647 INFO o.a.j.t.JMeterThread: Thread finished: TCC products 1-2
2026-09-10 01:38:55,655 INFO o.a.j.t.JMeterThread: Stopping because end time detected by thread: TCC products 1-1
2026-09-10 01:38:55,655 INFO o.a.j.t.JMeterThread: Thread finished: TCC products 1-1
2026-09-10 01:38:55,663 INFO o.a.j.t.JMeterThread: Stopping because end time detected by thread: TCC products 1-8
2026-09-10 01:38:55,663 INFO o.a.j.t.JMeterThread: Thread finished: TCC products 1-8
2026-09-10 01:38:55,671 INFO o.a.j.t.JMeterThread: Stopping because end time detected by thread: TCC products 1-6
2026-09-10 01:38:55,671 INFO o.a.j.t.JMeterThread: Thread finished: TCC products 1-6
2026-09-10 01:38:55,679 INFO o.a.j.t.JMeterThread: Stopping because end time detected by thread: TCC products 1-23
2026-09-10 01:38:55,679 INFO o.a.j.t.JMeterThread: Thread finished: TCC products 1-23
2026-09-10 01:38:55,687 INFO o.a.j.t.JMeterThread: Stopping because end time detected by thread: TCC products 1-5
2026-09-10 01:38:55,687 INFO o.a.j.t.JMeterThread: Thread finished: TCC products 1-5
2026-09-10 01:38:55,695 INFO o.a.j.t.JMeterThread: Stopping because end time detected by thread: TCC products 1-21
2026-09-10 01:38:55,695 INFO o.a.j.t.JMeterThread: Thread finished: TCC products 1-21
2026-09-10 01:38:55,703 INFO o.a.j.t.JMeterThread: Stopping because end time detected by thread: TCC products 1-14
2026-09-10 01:38:55,703 INFO o.a.j.t.JMeterThread: Thread finished: TCC products 1-14
2026-09-10 01:38:55,711 INFO o.a.j.t.JMeterThread: Stopping because end time detected by thread: TCC products 1-19
2026-09-10 01:38:55,711 INFO o.a.j.t.JMeterThread: Thread finished: TCC products 1-19
2026-09-10 01:38:55,719 INFO o.a.j.t.JMeterThread: Stopping because end time detected by thread: TCC products 1-20
2026-09-10 01:38:55,719 INFO o.a.j.t.JMeterThread: Thread finished: TCC products 1-20
2026-09-10 01:38:55,727 INFO o.a.j.t.JMeterThread: Stopping because end time detected by thread: TCC products 1-22
2026-09-10 01:38:55,727 INFO o.a.j.t.JMeterThread: Thread finished: TCC products 1-22
2026-09-10 01:38:55,735 INFO o.a.j.t.JMeterThread: Stopping because end time detected by thread: TCC products 1-25
2026-09-10 01:38:55,735 INFO o.a.j.t.JMeterThread: Thread finished: TCC products 1-25
2026-09-10 01:38:55,742 INFO o.a.j.t.JMeterThread: Stopping because end time detected by thread: TCC products 1-4
2026-09-10 01:38:55,743 INFO o.a.j.t.JMeterThread: Thread finished: TCC products 1-4
2026-09-10 01:38:55,750 INFO o.a.j.t.JMeterThread: Stopping because end time detected by thread: TCC products 1-24
2026-09-10 01:38:55,750 INFO o.a.j.t.JMeterThread: Thread finished: TCC products 1-24
2026-09-10 01:38:55,758 INFO o.a.j.t.JMeterThread: Stopping because end time detected by thread: TCC products 1-7
2026-09-10 01:38:55,758 INFO o.a.j.t.JMeterThread: Thread finished: TCC products 1-7
2026-09-10 01:38:55,766 INFO o.a.j.t.JMeterThread: Stopping because end time detected by thread: TCC products 1-13
2026-09-10 01:38:55,766 INFO o.a.j.t.JMeterThread: Thread finished: TCC products 1-13
2026-09-10 01:38:55,766 INFO o.a.j.e.StandardJMeterEngine: Notifying test listeners of end of test
2026-09-10 01:38:55,769 INFO o.a.j.r.Summariser: summary +   3339 in 00:00:26 =  129.6/s Avg:   192 Min:   181 Max:   223 Err:     0 (0.00%) Active: 0 Started: 25 Finished: 25
2026-09-10 01:38:55,769 INFO o.a.j.r.Summariser: summary =  15529 in 00:02:00 =  129.2/s Avg:   191 Min:    23 Max:   384 Err:     0 (0.00%)
