2026-09-10 01:36:19,799 INFO o.a.j.u.JMeterUtils: Setting Locale to en_EN
2026-09-10 01:36:19,817 INFO o.a.j.JMeter: Loading user properties from: /home/avituo/projects/tcc/tcc-container/.tools/apache-jmeter-5.6.3/bin/user.properties
2026-09-10 01:36:19,817 INFO o.a.j.JMeter: Loading system properties from: /home/avituo/projects/tcc/tcc-container/.tools/apache-jmeter-5.6.3/bin/system.properties
2026-09-10 01:36:19,817 INFO o.a.j.JMeter: Loading additional properties from: /home/avituo/projects/tcc/tcc-container/benchmark/jmeter/benchmark.properties
2026-09-10 01:36:19,817 INFO o.a.j.JMeter: Loading additional properties from: /tmp/tcc-benchmark-auth.LklHuC/auth.properties
2026-09-10 01:36:19,817 INFO o.a.j.JMeter: Setting JMeter property: threads=25
2026-09-10 01:36:19,818 INFO o.a.j.JMeter: Setting JMeter property: duration_seconds=30
2026-09-10 01:36:19,818 INFO o.a.j.JMeter: Setting JMeter property: target_host=localhost
2026-09-10 01:36:19,818 INFO o.a.j.JMeter: Setting JMeter property: target_port=18080
2026-09-10 01:36:19,818 INFO o.a.j.JMeter: Setting JMeter property: tcc.order.id=20000000-0000-4000-8000-000000000001
2026-09-10 01:36:19,818 INFO o.a.j.JMeter: Setting JMeter property: repetition=2
2026-09-10 01:36:19,825 INFO o.a.j.JMeter: Copyright (c) 1998-2024 The Apache Software Foundation
2026-09-10 01:36:19,825 INFO o.a.j.JMeter: Version 5.6.3
2026-09-10 01:36:19,825 INFO o.a.j.JMeter: java.version=21.0.11
2026-09-10 01:36:19,825 INFO o.a.j.JMeter: java.vm.name=OpenJDK 64-Bit Server VM
2026-09-10 01:36:19,825 INFO o.a.j.JMeter: os.name=Linux
2026-09-10 01:36:19,825 INFO o.a.j.JMeter: os.arch=amd64
2026-09-10 01:36:19,825 INFO o.a.j.JMeter: os.version=7.0.11-76070011-generic
2026-09-10 01:36:19,825 INFO o.a.j.JMeter: file.encoding=UTF-8
2026-09-10 01:36:19,825 INFO o.a.j.JMeter: java.awt.headless=true
2026-09-10 01:36:19,826 INFO o.a.j.JMeter: Max memory     =1073741824
2026-09-10 01:36:19,826 INFO o.a.j.JMeter: Available Processors =16
2026-09-10 01:36:19,834 INFO o.a.j.JMeter: Default Locale=English (EN)
2026-09-10 01:36:19,834 INFO o.a.j.JMeter: JMeter  Locale=English (EN)
2026-09-10 01:36:19,834 INFO o.a.j.JMeter: JMeterHome=/home/avituo/projects/tcc/tcc-container/.tools/apache-jmeter-5.6.3
2026-09-10 01:36:19,835 INFO o.a.j.JMeter: user.dir  =/home/avituo/projects/tcc/tcc-container
2026-09-10 01:36:19,835 INFO o.a.j.JMeter: PWD       =/home/avituo/projects/tcc/tcc-container
2026-09-10 01:36:19,846 INFO o.a.j.JMeter: IP: 192.168.1.16 Name: pop-os FullName: pop-os.home
2026-09-10 01:36:19,858 INFO o.a.j.s.FileServer: Default base='/home/avituo/projects/tcc/tcc-container'
2026-09-10 01:36:19,861 INFO o.a.j.s.FileServer: Set new base='/home/avituo/projects/tcc/tcc-container/benchmark/jmeter'
2026-09-10 01:36:20,047 INFO o.a.j.s.SaveService: Testplan (JMX) version: 2.2. Testlog (JTL) version: 2.2
2026-09-10 01:36:20,072 INFO o.a.j.s.SaveService: Using SaveService properties version 5.0
2026-09-10 01:36:20,076 INFO o.a.j.s.SaveService: Using SaveService properties file encoding UTF-8
2026-09-10 01:36:20,080 INFO o.a.j.s.SaveService: Loading file: /home/avituo/projects/tcc/tcc-container/benchmark/jmeter/tcc-products-v1.jmx
2026-09-10 01:36:20,129 INFO o.a.j.p.h.s.HTTPSamplerBase: Parser for text/html is org.apache.jmeter.protocol.http.parser.LagartoBasedHtmlParser
2026-09-10 01:36:20,129 INFO o.a.j.p.h.s.HTTPSamplerBase: Parser for application/xhtml+xml is org.apache.jmeter.protocol.http.parser.LagartoBasedHtmlParser
2026-09-10 01:36:20,129 INFO o.a.j.p.h.s.HTTPSamplerBase: Parser for application/xml is org.apache.jmeter.protocol.http.parser.LagartoBasedHtmlParser
2026-09-10 01:36:20,129 INFO o.a.j.p.h.s.HTTPSamplerBase: Parser for text/xml is org.apache.jmeter.protocol.http.parser.LagartoBasedHtmlParser
2026-09-10 01:36:20,130 INFO o.a.j.p.h.s.HTTPSamplerBase: Parser for text/vnd.wap.wml is org.apache.jmeter.protocol.http.parser.RegexpHTMLParser
2026-09-10 01:36:20,130 INFO o.a.j.p.h.s.HTTPSamplerBase: Parser for text/css is org.apache.jmeter.protocol.http.parser.CssParser
2026-09-10 01:36:20,159 INFO o.a.j.JMeter: Creating summariser <summary>
2026-09-10 01:36:20,178 INFO o.a.j.e.StandardJMeterEngine: Running the test!
2026-09-10 01:36:20,179 INFO o.a.j.s.SampleEvent: List of sample_variables: []
2026-09-10 01:36:20,179 INFO o.a.j.s.SampleEvent: List of sample_variables: []
2026-09-10 01:36:20,183 INFO o.a.j.e.u.CompoundVariable: Note: Function class names must contain the string: '.functions.'
2026-09-10 01:36:20,183 INFO o.a.j.e.u.CompoundVariable: Note: Function class names must not contain the string: '.gui.'
2026-09-10 01:36:20,424 INFO o.a.j.JMeter: Running test (1789014980424)
2026-09-10 01:36:20,445 INFO o.a.j.e.StandardJMeterEngine: Starting ThreadGroup: 1 : TCC products
2026-09-10 01:36:20,445 INFO o.a.j.e.StandardJMeterEngine: Starting 25 threads for group TCC products.
2026-09-10 01:36:20,445 INFO o.a.j.e.StandardJMeterEngine: Thread will continue on error
2026-09-10 01:36:20,446 INFO o.a.j.t.ThreadGroup: Starting thread group... number=1 threads=25 ramp-up=0 delayedStart=false
2026-09-10 01:36:20,452 INFO o.a.j.t.JMeterThread: Thread started: TCC products 1-3
2026-09-10 01:36:20,452 INFO o.a.j.t.JMeterThread: Thread started: TCC products 1-1
2026-09-10 01:36:20,452 INFO o.a.j.t.JMeterThread: Thread started: TCC products 1-5
2026-09-10 01:36:20,452 INFO o.a.j.t.JMeterThread: Thread started: TCC products 1-2
2026-09-10 01:36:20,452 INFO o.a.j.t.JMeterThread: Thread started: TCC products 1-4
2026-09-10 01:36:20,453 INFO o.a.j.t.JMeterThread: Thread started: TCC products 1-6
2026-09-10 01:36:20,454 INFO o.a.j.t.JMeterThread: Thread started: TCC products 1-7
2026-09-10 01:36:20,454 INFO o.a.j.t.JMeterThread: Thread started: TCC products 1-8
2026-09-10 01:36:20,455 INFO o.a.j.t.JMeterThread: Thread started: TCC products 1-9
2026-09-10 01:36:20,456 INFO o.a.j.t.JMeterThread: Thread started: TCC products 1-10
2026-09-10 01:36:20,456 INFO o.a.j.t.JMeterThread: Thread started: TCC products 1-11
2026-09-10 01:36:20,457 INFO o.a.j.t.JMeterThread: Thread started: TCC products 1-12
2026-09-10 01:36:20,458 INFO o.a.j.t.JMeterThread: Thread started: TCC products 1-13
2026-09-10 01:36:20,459 INFO o.a.j.t.JMeterThread: Thread started: TCC products 1-14
2026-09-10 01:36:20,459 INFO o.a.j.t.JMeterThread: Thread started: TCC products 1-15
2026-09-10 01:36:20,461 INFO o.a.j.t.JMeterThread: Thread started: TCC products 1-16
2026-09-10 01:36:20,461 INFO o.a.j.t.JMeterThread: Thread started: TCC products 1-17
2026-09-10 01:36:20,462 INFO o.a.j.t.JMeterThread: Thread started: TCC products 1-18
2026-09-10 01:36:20,463 INFO o.a.j.t.JMeterThread: Thread started: TCC products 1-19
2026-09-10 01:36:20,464 INFO o.a.j.t.JMeterThread: Thread started: TCC products 1-20
2026-09-10 01:36:20,464 INFO o.a.j.t.JMeterThread: Thread started: TCC products 1-21
2026-09-10 01:36:20,465 INFO o.a.j.t.JMeterThread: Thread started: TCC products 1-22
2026-09-10 01:36:20,465 INFO o.a.j.t.JMeterThread: Thread started: TCC products 1-23
2026-09-10 01:36:20,466 INFO o.a.j.t.JMeterThread: Thread started: TCC products 1-24
2026-09-10 01:36:20,466 INFO o.a.j.t.ThreadGroup: Started thread group number 1
2026-09-10 01:36:20,466 INFO o.a.j.e.StandardJMeterEngine: All thread groups have been started
2026-09-10 01:36:20,466 INFO o.a.j.t.JMeterThread: Thread started: TCC products 1-25
2026-09-10 01:36:20,473 INFO o.a.j.p.h.s.HTTPHCAbstractImpl: Local host = pop-os
2026-09-10 01:36:20,479 INFO o.a.j.p.h.s.HTTPHC4Impl: HTTP request retry count = 0
2026-09-10 01:36:20,480 INFO o.a.j.s.SampleResult: Note: Sample TimeStamps are START times
2026-09-10 01:36:20,480 INFO o.a.j.s.SampleResult: sampleresult.default.encoding is set to UTF-8
2026-09-10 01:36:20,480 INFO o.a.j.s.SampleResult: sampleresult.useNanoTime=true
2026-09-10 01:36:20,480 INFO o.a.j.s.SampleResult: sampleresult.nanoThreadSleep=5000
2026-09-10 01:36:30,004 INFO o.a.j.r.Summariser: summary +    985 in 00:00:10 =  102.8/s Avg:   217 Min:    46 Max:   422 Err:     0 (0.00%) Active: 25 Started: 25 Finished: 0
2026-09-10 01:36:50,464 INFO o.a.j.t.JMeterThread: Stopping because end time detected by thread: TCC products 1-16
2026-09-10 01:36:50,464 INFO o.a.j.t.JMeterThread: Thread finished: TCC products 1-16
2026-09-10 01:36:50,472 INFO o.a.j.t.JMeterThread: Stopping because end time detected by thread: TCC products 1-20
2026-09-10 01:36:50,472 INFO o.a.j.t.JMeterThread: Thread finished: TCC products 1-20
2026-09-10 01:36:50,481 INFO o.a.j.t.JMeterThread: Stopping because end time detected by thread: TCC products 1-14
2026-09-10 01:36:50,481 INFO o.a.j.t.JMeterThread: Thread finished: TCC products 1-14
2026-09-10 01:36:50,489 INFO o.a.j.t.JMeterThread: Stopping because end time detected by thread: TCC products 1-15
2026-09-10 01:36:50,489 INFO o.a.j.t.JMeterThread: Thread finished: TCC products 1-15
2026-09-10 01:36:50,496 INFO o.a.j.t.JMeterThread: Stopping because end time detected by thread: TCC products 1-12
2026-09-10 01:36:50,496 INFO o.a.j.t.JMeterThread: Thread finished: TCC products 1-12
2026-09-10 01:36:50,504 INFO o.a.j.t.JMeterThread: Stopping because end time detected by thread: TCC products 1-7
2026-09-10 01:36:50,505 INFO o.a.j.t.JMeterThread: Thread finished: TCC products 1-7
2026-09-10 01:36:50,512 INFO o.a.j.t.JMeterThread: Stopping because end time detected by thread: TCC products 1-9
2026-09-10 01:36:50,513 INFO o.a.j.t.JMeterThread: Thread finished: TCC products 1-9
2026-09-10 01:36:50,521 INFO o.a.j.t.JMeterThread: Stopping because end time detected by thread: TCC products 1-17
2026-09-10 01:36:50,522 INFO o.a.j.t.JMeterThread: Thread finished: TCC products 1-17
2026-09-10 01:36:50,529 INFO o.a.j.t.JMeterThread: Stopping because end time detected by thread: TCC products 1-5
2026-09-10 01:36:50,530 INFO o.a.j.t.JMeterThread: Thread finished: TCC products 1-5
2026-09-10 01:36:50,538 INFO o.a.j.t.JMeterThread: Stopping because end time detected by thread: TCC products 1-3
2026-09-10 01:36:50,538 INFO o.a.j.t.JMeterThread: Thread finished: TCC products 1-3
2026-09-10 01:36:50,545 INFO o.a.j.t.JMeterThread: Stopping because end time detected by thread: TCC products 1-2
2026-09-10 01:36:50,546 INFO o.a.j.t.JMeterThread: Thread finished: TCC products 1-2
2026-09-10 01:36:50,553 INFO o.a.j.t.JMeterThread: Stopping because end time detected by thread: TCC products 1-8
2026-09-10 01:36:50,553 INFO o.a.j.t.JMeterThread: Thread finished: TCC products 1-8
2026-09-10 01:36:50,560 INFO o.a.j.t.JMeterThread: Stopping because end time detected by thread: TCC products 1-13
2026-09-10 01:36:50,560 INFO o.a.j.t.JMeterThread: Thread finished: TCC products 1-13
2026-09-10 01:36:50,568 INFO o.a.j.t.JMeterThread: Stopping because end time detected by thread: TCC products 1-10
2026-09-10 01:36:50,568 INFO o.a.j.t.JMeterThread: Thread finished: TCC products 1-10
2026-09-10 01:36:50,576 INFO o.a.j.t.JMeterThread: Stopping because end time detected by thread: TCC products 1-21
2026-09-10 01:36:50,576 INFO o.a.j.t.JMeterThread: Thread finished: TCC products 1-21
2026-09-10 01:36:50,584 INFO o.a.j.t.JMeterThread: Stopping because end time detected by thread: TCC products 1-22
2026-09-10 01:36:50,584 INFO o.a.j.t.JMeterThread: Thread finished: TCC products 1-22
2026-09-10 01:36:50,592 INFO o.a.j.t.JMeterThread: Stopping because end time detected by thread: TCC products 1-4
2026-09-10 01:36:50,592 INFO o.a.j.t.JMeterThread: Thread finished: TCC products 1-4
2026-09-10 01:36:50,599 INFO o.a.j.t.JMeterThread: Stopping because end time detected by thread: TCC products 1-25
2026-09-10 01:36:50,599 INFO o.a.j.t.JMeterThread: Thread finished: TCC products 1-25
2026-09-10 01:36:50,607 INFO o.a.j.t.JMeterThread: Stopping because end time detected by thread: TCC products 1-19
2026-09-10 01:36:50,607 INFO o.a.j.t.JMeterThread: Thread finished: TCC products 1-19
2026-09-10 01:36:50,615 INFO o.a.j.t.JMeterThread: Stopping because end time detected by thread: TCC products 1-1
2026-09-10 01:36:50,615 INFO o.a.j.t.JMeterThread: Thread finished: TCC products 1-1
2026-09-10 01:36:50,623 INFO o.a.j.t.JMeterThread: Stopping because end time detected by thread: TCC products 1-23
2026-09-10 01:36:50,623 INFO o.a.j.t.JMeterThread: Thread finished: TCC products 1-23
2026-09-10 01:36:50,631 INFO o.a.j.t.JMeterThread: Stopping because end time detected by thread: TCC products 1-24
2026-09-10 01:36:50,631 INFO o.a.j.t.JMeterThread: Thread finished: TCC products 1-24
2026-09-10 01:36:50,639 INFO o.a.j.t.JMeterThread: Stopping because end time detected by thread: TCC products 1-6
2026-09-10 01:36:50,639 INFO o.a.j.t.JMeterThread: Thread finished: TCC products 1-6
2026-09-10 01:36:50,647 INFO o.a.j.t.JMeterThread: Stopping because end time detected by thread: TCC products 1-11
2026-09-10 01:36:50,647 INFO o.a.j.t.JMeterThread: Thread finished: TCC products 1-11
2026-09-10 01:36:50,654 INFO o.a.j.t.JMeterThread: Stopping because end time detected by thread: TCC products 1-18
2026-09-10 01:36:50,654 INFO o.a.j.t.JMeterThread: Thread finished: TCC products 1-18
2026-09-10 01:36:50,655 INFO o.a.j.e.StandardJMeterEngine: Notifying test listeners of end of test
2026-09-10 01:36:50,658 INFO o.a.j.r.Summariser: summary +   2609 in 00:00:21 =  126.3/s Avg:   197 Min:   182 Max:   228 Err:     0 (0.00%) Active: 0 Started: 25 Finished: 25
2026-09-10 01:36:50,658 INFO o.a.j.r.Summariser: summary =   3594 in 00:00:30 =  118.9/s Avg:   202 Min:    46 Max:   422 Err:     0 (0.00%)
