2026-09-10 03:14:07,279 INFO o.a.j.u.JMeterUtils: Setting Locale to en_EN
2026-09-10 03:14:07,295 INFO o.a.j.JMeter: Loading user properties from: /home/avituo/projects/tcc/tcc-container/.tools/apache-jmeter-5.6.3/bin/user.properties
2026-09-10 03:14:07,296 INFO o.a.j.JMeter: Loading system properties from: /home/avituo/projects/tcc/tcc-container/.tools/apache-jmeter-5.6.3/bin/system.properties
2026-09-10 03:14:07,296 INFO o.a.j.JMeter: Loading additional properties from: /home/avituo/projects/tcc/tcc-container/benchmark/jmeter/benchmark.properties
2026-09-10 03:14:07,296 INFO o.a.j.JMeter: Loading additional properties from: /tmp/tcc-benchmark-auth.UyHBsd/auth.properties
2026-09-10 03:14:07,296 INFO o.a.j.JMeter: Loading additional properties from: /home/avituo/projects/tcc/tcc-container/benchmark/results/laravel-13.20.0/final/products/c100/r5/microservices/thread-counters.properties
2026-09-10 03:14:07,296 INFO o.a.j.JMeter: Setting JMeter property: threads=100
2026-09-10 03:14:07,297 INFO o.a.j.JMeter: Setting JMeter property: duration_seconds=120
2026-09-10 03:14:07,297 INFO o.a.j.JMeter: Setting JMeter property: target_host=localhost
2026-09-10 03:14:07,297 INFO o.a.j.JMeter: Setting JMeter property: target_port=18080
2026-09-10 03:14:07,297 INFO o.a.j.JMeter: Setting JMeter property: tcc.order.id=20000000-0000-4000-8000-000000000001
2026-09-10 03:14:07,297 INFO o.a.j.JMeter: Setting JMeter property: repetition=5
2026-09-10 03:14:07,305 INFO o.a.j.JMeter: Copyright (c) 1998-2024 The Apache Software Foundation
2026-09-10 03:14:07,305 INFO o.a.j.JMeter: Version 5.6.3
2026-09-10 03:14:07,305 INFO o.a.j.JMeter: java.version=21.0.11
2026-09-10 03:14:07,305 INFO o.a.j.JMeter: java.vm.name=OpenJDK 64-Bit Server VM
2026-09-10 03:14:07,305 INFO o.a.j.JMeter: os.name=Linux
2026-09-10 03:14:07,305 INFO o.a.j.JMeter: os.arch=amd64
2026-09-10 03:14:07,305 INFO o.a.j.JMeter: os.version=7.0.11-76070011-generic
2026-09-10 03:14:07,305 INFO o.a.j.JMeter: file.encoding=UTF-8
2026-09-10 03:14:07,306 INFO o.a.j.JMeter: java.awt.headless=true
2026-09-10 03:14:07,306 INFO o.a.j.JMeter: Max memory     =1073741824
2026-09-10 03:14:07,306 INFO o.a.j.JMeter: Available Processors =16
2026-09-10 03:14:07,314 INFO o.a.j.JMeter: Default Locale=English (EN)
2026-09-10 03:14:07,315 INFO o.a.j.JMeter: JMeter  Locale=English (EN)
2026-09-10 03:14:07,315 INFO o.a.j.JMeter: JMeterHome=/home/avituo/projects/tcc/tcc-container/.tools/apache-jmeter-5.6.3
2026-09-10 03:14:07,315 INFO o.a.j.JMeter: user.dir  =/home/avituo/projects/tcc/tcc-container
2026-09-10 03:14:07,315 INFO o.a.j.JMeter: PWD       =/home/avituo/projects/tcc/tcc-container
2026-09-10 03:14:07,326 INFO o.a.j.JMeter: IP: 192.168.1.16 Name: pop-os FullName: pop-os.home
2026-09-10 03:14:07,337 INFO o.a.j.s.FileServer: Default base='/home/avituo/projects/tcc/tcc-container'
2026-09-10 03:14:07,339 INFO o.a.j.s.FileServer: Set new base='/home/avituo/projects/tcc/tcc-container/benchmark/jmeter'
2026-09-10 03:14:07,501 INFO o.a.j.s.SaveService: Testplan (JMX) version: 2.2. Testlog (JTL) version: 2.2
2026-09-10 03:14:07,525 INFO o.a.j.s.SaveService: Using SaveService properties version 5.0
2026-09-10 03:14:07,529 INFO o.a.j.s.SaveService: Using SaveService properties file encoding UTF-8
2026-09-10 03:14:07,533 INFO o.a.j.s.SaveService: Loading file: /home/avituo/projects/tcc/tcc-container/benchmark/jmeter/tcc-products-v1.jmx
2026-09-10 03:14:07,584 INFO o.a.j.p.h.s.HTTPSamplerBase: Parser for text/html is org.apache.jmeter.protocol.http.parser.LagartoBasedHtmlParser
2026-09-10 03:14:07,584 INFO o.a.j.p.h.s.HTTPSamplerBase: Parser for application/xhtml+xml is org.apache.jmeter.protocol.http.parser.LagartoBasedHtmlParser
2026-09-10 03:14:07,584 INFO o.a.j.p.h.s.HTTPSamplerBase: Parser for application/xml is org.apache.jmeter.protocol.http.parser.LagartoBasedHtmlParser
2026-09-10 03:14:07,584 INFO o.a.j.p.h.s.HTTPSamplerBase: Parser for text/xml is org.apache.jmeter.protocol.http.parser.LagartoBasedHtmlParser
2026-09-10 03:14:07,584 INFO o.a.j.p.h.s.HTTPSamplerBase: Parser for text/vnd.wap.wml is org.apache.jmeter.protocol.http.parser.RegexpHTMLParser
2026-09-10 03:14:07,584 INFO o.a.j.p.h.s.HTTPSamplerBase: Parser for text/css is org.apache.jmeter.protocol.http.parser.CssParser
2026-09-10 03:14:07,615 INFO o.a.j.JMeter: Creating summariser <summary>
2026-09-10 03:14:07,634 INFO o.a.j.e.StandardJMeterEngine: Running the test!
2026-09-10 03:14:07,635 INFO o.a.j.s.SampleEvent: List of sample_variables: []
2026-09-10 03:14:07,635 INFO o.a.j.s.SampleEvent: List of sample_variables: []
2026-09-10 03:14:07,641 INFO o.a.j.e.u.CompoundVariable: Note: Function class names must contain the string: '.functions.'
2026-09-10 03:14:07,641 INFO o.a.j.e.u.CompoundVariable: Note: Function class names must not contain the string: '.gui.'
2026-09-10 03:14:07,894 INFO o.a.j.JMeter: Running test (1789020847894)
2026-09-10 03:14:07,916 INFO o.a.j.e.StandardJMeterEngine: Starting ThreadGroup: 1 : TCC products
2026-09-10 03:14:07,916 INFO o.a.j.e.StandardJMeterEngine: Starting 100 threads for group TCC products.
2026-09-10 03:14:07,916 INFO o.a.j.e.StandardJMeterEngine: Thread will continue on error
2026-09-10 03:14:07,917 INFO o.a.j.t.ThreadGroup: Starting thread group... number=1 threads=100 ramp-up=0 delayedStart=false
2026-09-10 03:14:07,924 INFO o.a.j.t.JMeterThread: Thread started: TCC products 1-5
2026-09-10 03:14:07,923 INFO o.a.j.t.JMeterThread: Thread started: TCC products 1-2
2026-09-10 03:14:07,924 INFO o.a.j.t.JMeterThread: Thread started: TCC products 1-6
2026-09-10 03:14:07,924 INFO o.a.j.t.JMeterThread: Thread started: TCC products 1-4
2026-09-10 03:14:07,924 INFO o.a.j.t.JMeterThread: Thread started: TCC products 1-3
2026-09-10 03:14:07,924 INFO o.a.j.t.JMeterThread: Thread started: TCC products 1-1
2026-09-10 03:14:07,925 INFO o.a.j.t.JMeterThread: Thread started: TCC products 1-7
2026-09-10 03:14:07,925 INFO o.a.j.t.JMeterThread: Thread started: TCC products 1-8
2026-09-10 03:14:07,926 INFO o.a.j.t.JMeterThread: Thread started: TCC products 1-9
2026-09-10 03:14:07,927 INFO o.a.j.t.JMeterThread: Thread started: TCC products 1-10
2026-09-10 03:14:07,928 INFO o.a.j.t.JMeterThread: Thread started: TCC products 1-11
2026-09-10 03:14:07,929 INFO o.a.j.t.JMeterThread: Thread started: TCC products 1-12
2026-09-10 03:14:07,930 INFO o.a.j.t.JMeterThread: Thread started: TCC products 1-13
2026-09-10 03:14:07,931 INFO o.a.j.t.JMeterThread: Thread started: TCC products 1-14
2026-09-10 03:14:07,932 INFO o.a.j.t.JMeterThread: Thread started: TCC products 1-15
2026-09-10 03:14:07,933 INFO o.a.j.t.JMeterThread: Thread started: TCC products 1-16
2026-09-10 03:14:07,934 INFO o.a.j.t.JMeterThread: Thread started: TCC products 1-17
2026-09-10 03:14:07,935 INFO o.a.j.t.JMeterThread: Thread started: TCC products 1-18
2026-09-10 03:14:07,936 INFO o.a.j.t.JMeterThread: Thread started: TCC products 1-19
2026-09-10 03:14:07,936 INFO o.a.j.t.JMeterThread: Thread started: TCC products 1-20
2026-09-10 03:14:07,937 INFO o.a.j.t.JMeterThread: Thread started: TCC products 1-21
2026-09-10 03:14:07,938 INFO o.a.j.t.JMeterThread: Thread started: TCC products 1-22
2026-09-10 03:14:07,939 INFO o.a.j.t.JMeterThread: Thread started: TCC products 1-23
2026-09-10 03:14:07,939 INFO o.a.j.t.JMeterThread: Thread started: TCC products 1-24
2026-09-10 03:14:07,939 INFO o.a.j.t.JMeterThread: Thread started: TCC products 1-25
2026-09-10 03:14:07,940 INFO o.a.j.t.JMeterThread: Thread started: TCC products 1-26
2026-09-10 03:14:07,940 INFO o.a.j.t.JMeterThread: Thread started: TCC products 1-27
2026-09-10 03:14:07,941 INFO o.a.j.t.JMeterThread: Thread started: TCC products 1-28
2026-09-10 03:14:07,942 INFO o.a.j.t.JMeterThread: Thread started: TCC products 1-29
2026-09-10 03:14:07,943 INFO o.a.j.t.JMeterThread: Thread started: TCC products 1-30
2026-09-10 03:14:07,943 INFO o.a.j.t.JMeterThread: Thread started: TCC products 1-31
2026-09-10 03:14:07,944 INFO o.a.j.t.JMeterThread: Thread started: TCC products 1-32
2026-09-10 03:14:07,945 INFO o.a.j.p.h.s.HTTPHCAbstractImpl: Local host = pop-os
2026-09-10 03:14:07,945 INFO o.a.j.t.JMeterThread: Thread started: TCC products 1-33
2026-09-10 03:14:07,945 INFO o.a.j.t.JMeterThread: Thread started: TCC products 1-34
2026-09-10 03:14:07,946 INFO o.a.j.t.JMeterThread: Thread started: TCC products 1-35
2026-09-10 03:14:07,946 INFO o.a.j.t.JMeterThread: Thread started: TCC products 1-36
2026-09-10 03:14:07,947 INFO o.a.j.t.JMeterThread: Thread started: TCC products 1-37
2026-09-10 03:14:07,947 INFO o.a.j.t.JMeterThread: Thread started: TCC products 1-38
2026-09-10 03:14:07,948 INFO o.a.j.t.JMeterThread: Thread started: TCC products 1-39
2026-09-10 03:14:07,948 INFO o.a.j.t.JMeterThread: Thread started: TCC products 1-40
2026-09-10 03:14:07,949 INFO o.a.j.t.JMeterThread: Thread started: TCC products 1-41
2026-09-10 03:14:07,949 INFO o.a.j.t.JMeterThread: Thread started: TCC products 1-42
2026-09-10 03:14:07,951 INFO o.a.j.t.JMeterThread: Thread started: TCC products 1-44
2026-09-10 03:14:07,951 INFO o.a.j.t.JMeterThread: Thread started: TCC products 1-43
2026-09-10 03:14:07,951 INFO o.a.j.t.JMeterThread: Thread started: TCC products 1-45
2026-09-10 03:14:07,952 INFO o.a.j.t.JMeterThread: Thread started: TCC products 1-46
2026-09-10 03:14:07,952 INFO o.a.j.t.JMeterThread: Thread started: TCC products 1-47
2026-09-10 03:14:07,953 INFO o.a.j.t.JMeterThread: Thread started: TCC products 1-48
2026-09-10 03:14:07,953 INFO o.a.j.p.h.s.HTTPHC4Impl: HTTP request retry count = 0
2026-09-10 03:14:07,953 INFO o.a.j.t.JMeterThread: Thread started: TCC products 1-49
2026-09-10 03:14:07,954 INFO o.a.j.t.JMeterThread: Thread started: TCC products 1-50
2026-09-10 03:14:07,954 INFO o.a.j.s.SampleResult: Note: Sample TimeStamps are START times
2026-09-10 03:14:07,954 INFO o.a.j.t.JMeterThread: Thread started: TCC products 1-51
2026-09-10 03:14:07,954 INFO o.a.j.s.SampleResult: sampleresult.default.encoding is set to UTF-8
2026-09-10 03:14:07,954 INFO o.a.j.s.SampleResult: sampleresult.useNanoTime=true
2026-09-10 03:14:07,954 INFO o.a.j.s.SampleResult: sampleresult.nanoThreadSleep=5000
2026-09-10 03:14:07,955 INFO o.a.j.t.JMeterThread: Thread started: TCC products 1-52
2026-09-10 03:14:07,955 INFO o.a.j.t.JMeterThread: Thread started: TCC products 1-53
2026-09-10 03:14:07,956 INFO o.a.j.t.JMeterThread: Thread started: TCC products 1-54
2026-09-10 03:14:07,956 INFO o.a.j.t.JMeterThread: Thread started: TCC products 1-55
2026-09-10 03:14:07,956 INFO o.a.j.t.JMeterThread: Thread started: TCC products 1-56
2026-09-10 03:14:07,957 INFO o.a.j.t.JMeterThread: Thread started: TCC products 1-57
2026-09-10 03:14:07,957 INFO o.a.j.t.JMeterThread: Thread started: TCC products 1-58
2026-09-10 03:14:07,958 INFO o.a.j.t.JMeterThread: Thread started: TCC products 1-59
2026-09-10 03:14:07,958 INFO o.a.j.t.JMeterThread: Thread started: TCC products 1-60
2026-09-10 03:14:07,959 INFO o.a.j.t.JMeterThread: Thread started: TCC products 1-61
2026-09-10 03:14:07,960 INFO o.a.j.t.JMeterThread: Thread started: TCC products 1-62
2026-09-10 03:14:07,960 INFO o.a.j.t.JMeterThread: Thread started: TCC products 1-63
2026-09-10 03:14:07,961 INFO o.a.j.t.JMeterThread: Thread started: TCC products 1-64
2026-09-10 03:14:07,962 INFO o.a.j.t.JMeterThread: Thread started: TCC products 1-65
2026-09-10 03:14:07,962 INFO o.a.j.t.JMeterThread: Thread started: TCC products 1-66
2026-09-10 03:14:07,963 INFO o.a.j.t.JMeterThread: Thread started: TCC products 1-67
2026-09-10 03:14:07,964 INFO o.a.j.t.JMeterThread: Thread started: TCC products 1-68
2026-09-10 03:14:07,964 INFO o.a.j.t.JMeterThread: Thread started: TCC products 1-69
2026-09-10 03:14:07,965 INFO o.a.j.t.JMeterThread: Thread started: TCC products 1-70
2026-09-10 03:14:07,965 INFO o.a.j.t.JMeterThread: Thread started: TCC products 1-71
2026-09-10 03:14:07,966 INFO o.a.j.t.JMeterThread: Thread started: TCC products 1-72
2026-09-10 03:14:07,966 INFO o.a.j.t.JMeterThread: Thread started: TCC products 1-73
2026-09-10 03:14:07,967 INFO o.a.j.t.JMeterThread: Thread started: TCC products 1-75
2026-09-10 03:14:07,967 INFO o.a.j.t.JMeterThread: Thread started: TCC products 1-74
2026-09-10 03:14:07,968 INFO o.a.j.t.JMeterThread: Thread started: TCC products 1-76
2026-09-10 03:14:07,969 INFO o.a.j.t.JMeterThread: Thread started: TCC products 1-77
2026-09-10 03:14:07,969 INFO o.a.j.t.JMeterThread: Thread started: TCC products 1-78
2026-09-10 03:14:07,970 INFO o.a.j.t.JMeterThread: Thread started: TCC products 1-79
2026-09-10 03:14:07,971 INFO o.a.j.t.JMeterThread: Thread started: TCC products 1-80
2026-09-10 03:14:07,972 INFO o.a.j.t.JMeterThread: Thread started: TCC products 1-81
2026-09-10 03:14:07,972 INFO o.a.j.t.JMeterThread: Thread started: TCC products 1-82
2026-09-10 03:14:07,974 INFO o.a.j.t.JMeterThread: Thread started: TCC products 1-83
2026-09-10 03:14:07,975 INFO o.a.j.t.JMeterThread: Thread started: TCC products 1-84
2026-09-10 03:14:07,976 INFO o.a.j.t.JMeterThread: Thread started: TCC products 1-85
2026-09-10 03:14:07,976 INFO o.a.j.t.JMeterThread: Thread started: TCC products 1-86
2026-09-10 03:14:07,977 INFO o.a.j.t.JMeterThread: Thread started: TCC products 1-87
2026-09-10 03:14:07,979 INFO o.a.j.t.JMeterThread: Thread started: TCC products 1-89
2026-09-10 03:14:07,979 INFO o.a.j.t.JMeterThread: Thread started: TCC products 1-88
2026-09-10 03:14:07,980 INFO o.a.j.t.JMeterThread: Thread started: TCC products 1-90
2026-09-10 03:14:07,980 INFO o.a.j.t.JMeterThread: Thread started: TCC products 1-91
2026-09-10 03:14:07,981 INFO o.a.j.t.JMeterThread: Thread started: TCC products 1-93
2026-09-10 03:14:07,982 INFO o.a.j.t.JMeterThread: Thread started: TCC products 1-94
2026-09-10 03:14:07,982 INFO o.a.j.t.JMeterThread: Thread started: TCC products 1-92
2026-09-10 03:14:07,982 INFO o.a.j.t.JMeterThread: Thread started: TCC products 1-95
2026-09-10 03:14:07,983 INFO o.a.j.t.JMeterThread: Thread started: TCC products 1-96
2026-09-10 03:14:07,983 INFO o.a.j.t.JMeterThread: Thread started: TCC products 1-97
2026-09-10 03:14:07,984 INFO o.a.j.t.JMeterThread: Thread started: TCC products 1-98
2026-09-10 03:14:07,984 INFO o.a.j.t.JMeterThread: Thread started: TCC products 1-99
2026-09-10 03:14:07,985 INFO o.a.j.t.ThreadGroup: Started thread group number 1
2026-09-10 03:14:07,985 INFO o.a.j.e.StandardJMeterEngine: All thread groups have been started
2026-09-10 03:14:07,985 INFO o.a.j.t.JMeterThread: Thread started: TCC products 1-100
2026-09-10 03:14:30,007 INFO o.a.j.r.Summariser: summary +   2735 in 00:00:22 =  123.7/s Avg:   771 Min:   117 Max:  1340 Err:     0 (0.00%) Active: 100 Started: 100 Finished: 0
2026-09-10 03:15:00,001 INFO o.a.j.r.Summariser: summary +   3918 in 00:00:30 =  130.6/s Avg:   765 Min:   728 Max:   795 Err:     0 (0.00%) Active: 100 Started: 100 Finished: 0
2026-09-10 03:15:00,001 INFO o.a.j.r.Summariser: summary =   6653 in 00:00:52 =  127.7/s Avg:   767 Min:   117 Max:  1340 Err:     0 (0.00%)
2026-09-10 03:15:30,000 INFO o.a.j.r.Summariser: summary +   3936 in 00:00:30 =  131.2/s Avg:   761 Min:   735 Max:   809 Err:     0 (0.00%) Active: 100 Started: 100 Finished: 0
2026-09-10 03:15:30,000 INFO o.a.j.r.Summariser: summary =  10589 in 00:01:22 =  129.0/s Avg:   765 Min:   117 Max:  1340 Err:     0 (0.00%)
2026-09-10 03:16:00,003 INFO o.a.j.r.Summariser: summary +   3966 in 00:00:30 =  132.2/s Avg:   755 Min:   735 Max:   814 Err:     0 (0.00%) Active: 100 Started: 100 Finished: 0
2026-09-10 03:16:00,003 INFO o.a.j.r.Summariser: summary =  14555 in 00:01:52 =  129.8/s Avg:   762 Min:   117 Max:  1340 Err:     0 (0.00%)
2026-09-10 03:16:07,950 INFO o.a.j.t.JMeterThread: Stopping because end time detected by thread: TCC products 1-43
2026-09-10 03:16:07,950 INFO o.a.j.t.JMeterThread: Thread finished: TCC products 1-43
2026-09-10 03:16:07,958 INFO o.a.j.t.JMeterThread: Stopping because end time detected by thread: TCC products 1-57
2026-09-10 03:16:07,958 INFO o.a.j.t.JMeterThread: Thread finished: TCC products 1-57
2026-09-10 03:16:07,966 INFO o.a.j.t.JMeterThread: Stopping because end time detected by thread: TCC products 1-53
2026-09-10 03:16:07,966 INFO o.a.j.t.JMeterThread: Thread finished: TCC products 1-53
2026-09-10 03:16:07,973 INFO o.a.j.t.JMeterThread: Stopping because end time detected by thread: TCC products 1-30
2026-09-10 03:16:07,973 INFO o.a.j.t.JMeterThread: Thread finished: TCC products 1-30
2026-09-10 03:16:07,981 INFO o.a.j.t.JMeterThread: Stopping because end time detected by thread: TCC products 1-24
2026-09-10 03:16:07,981 INFO o.a.j.t.JMeterThread: Thread finished: TCC products 1-24
2026-09-10 03:16:07,989 INFO o.a.j.t.JMeterThread: Stopping because end time detected by thread: TCC products 1-34
2026-09-10 03:16:07,990 INFO o.a.j.t.JMeterThread: Thread finished: TCC products 1-34
2026-09-10 03:16:07,997 INFO o.a.j.t.JMeterThread: Stopping because end time detected by thread: TCC products 1-70
2026-09-10 03:16:07,998 INFO o.a.j.t.JMeterThread: Thread finished: TCC products 1-70
2026-09-10 03:16:08,005 INFO o.a.j.t.JMeterThread: Stopping because end time detected by thread: TCC products 1-49
2026-09-10 03:16:08,006 INFO o.a.j.t.JMeterThread: Thread finished: TCC products 1-49
2026-09-10 03:16:08,014 INFO o.a.j.t.JMeterThread: Stopping because end time detected by thread: TCC products 1-31
2026-09-10 03:16:08,014 INFO o.a.j.t.JMeterThread: Thread finished: TCC products 1-31
2026-09-10 03:16:08,022 INFO o.a.j.t.JMeterThread: Stopping because end time detected by thread: TCC products 1-6
2026-09-10 03:16:08,022 INFO o.a.j.t.JMeterThread: Thread finished: TCC products 1-6
2026-09-10 03:16:08,030 INFO o.a.j.t.JMeterThread: Stopping because end time detected by thread: TCC products 1-78
2026-09-10 03:16:08,030 INFO o.a.j.t.JMeterThread: Thread finished: TCC products 1-78
2026-09-10 03:16:08,037 INFO o.a.j.t.JMeterThread: Stopping because end time detected by thread: TCC products 1-8
2026-09-10 03:16:08,038 INFO o.a.j.t.JMeterThread: Thread finished: TCC products 1-8
2026-09-10 03:16:08,046 INFO o.a.j.t.JMeterThread: Stopping because end time detected by thread: TCC products 1-54
2026-09-10 03:16:08,046 INFO o.a.j.t.JMeterThread: Thread finished: TCC products 1-54
2026-09-10 03:16:08,054 INFO o.a.j.t.JMeterThread: Stopping because end time detected by thread: TCC products 1-65
2026-09-10 03:16:08,055 INFO o.a.j.t.JMeterThread: Thread finished: TCC products 1-65
2026-09-10 03:16:08,062 INFO o.a.j.t.JMeterThread: Stopping because end time detected by thread: TCC products 1-40
2026-09-10 03:16:08,062 INFO o.a.j.t.JMeterThread: Thread finished: TCC products 1-40
2026-09-10 03:16:08,070 INFO o.a.j.t.JMeterThread: Stopping because end time detected by thread: TCC products 1-74
2026-09-10 03:16:08,070 INFO o.a.j.t.JMeterThread: Thread finished: TCC products 1-74
2026-09-10 03:16:08,078 INFO o.a.j.t.JMeterThread: Stopping because end time detected by thread: TCC products 1-3
2026-09-10 03:16:08,078 INFO o.a.j.t.JMeterThread: Thread finished: TCC products 1-3
2026-09-10 03:16:08,086 INFO o.a.j.t.JMeterThread: Stopping because end time detected by thread: TCC products 1-62
2026-09-10 03:16:08,086 INFO o.a.j.t.JMeterThread: Thread finished: TCC products 1-62
2026-09-10 03:16:08,093 INFO o.a.j.t.JMeterThread: Stopping because end time detected by thread: TCC products 1-86
2026-09-10 03:16:08,093 INFO o.a.j.t.JMeterThread: Thread finished: TCC products 1-86
2026-09-10 03:16:08,101 INFO o.a.j.t.JMeterThread: Stopping because end time detected by thread: TCC products 1-35
2026-09-10 03:16:08,101 INFO o.a.j.t.JMeterThread: Thread finished: TCC products 1-35
2026-09-10 03:16:08,109 INFO o.a.j.t.JMeterThread: Stopping because end time detected by thread: TCC products 1-71
2026-09-10 03:16:08,109 INFO o.a.j.t.JMeterThread: Thread finished: TCC products 1-71
2026-09-10 03:16:08,117 INFO o.a.j.t.JMeterThread: Stopping because end time detected by thread: TCC products 1-27
2026-09-10 03:16:08,117 INFO o.a.j.t.JMeterThread: Thread finished: TCC products 1-27
2026-09-10 03:16:08,125 INFO o.a.j.t.JMeterThread: Stopping because end time detected by thread: TCC products 1-9
2026-09-10 03:16:08,125 INFO o.a.j.t.JMeterThread: Thread finished: TCC products 1-9
2026-09-10 03:16:08,133 INFO o.a.j.t.JMeterThread: Stopping because end time detected by thread: TCC products 1-96
2026-09-10 03:16:08,133 INFO o.a.j.t.JMeterThread: Thread finished: TCC products 1-96
2026-09-10 03:16:08,141 INFO o.a.j.t.JMeterThread: Stopping because end time detected by thread: TCC products 1-63
2026-09-10 03:16:08,141 INFO o.a.j.t.JMeterThread: Thread finished: TCC products 1-63
2026-09-10 03:16:08,149 INFO o.a.j.t.JMeterThread: Stopping because end time detected by thread: TCC products 1-87
2026-09-10 03:16:08,149 INFO o.a.j.t.JMeterThread: Thread finished: TCC products 1-87
2026-09-10 03:16:08,156 INFO o.a.j.t.JMeterThread: Stopping because end time detected by thread: TCC products 1-13
2026-09-10 03:16:08,156 INFO o.a.j.t.JMeterThread: Thread finished: TCC products 1-13
2026-09-10 03:16:08,164 INFO o.a.j.t.JMeterThread: Stopping because end time detected by thread: TCC products 1-41
2026-09-10 03:16:08,164 INFO o.a.j.t.JMeterThread: Thread finished: TCC products 1-41
2026-09-10 03:16:08,171 INFO o.a.j.t.JMeterThread: Stopping because end time detected by thread: TCC products 1-12
2026-09-10 03:16:08,171 INFO o.a.j.t.JMeterThread: Thread finished: TCC products 1-12
2026-09-10 03:16:08,179 INFO o.a.j.t.JMeterThread: Stopping because end time detected by thread: TCC products 1-16
2026-09-10 03:16:08,179 INFO o.a.j.t.JMeterThread: Thread finished: TCC products 1-16
2026-09-10 03:16:08,187 INFO o.a.j.t.JMeterThread: Stopping because end time detected by thread: TCC products 1-91
2026-09-10 03:16:08,187 INFO o.a.j.t.JMeterThread: Thread finished: TCC products 1-91
2026-09-10 03:16:08,194 INFO o.a.j.t.JMeterThread: Stopping because end time detected by thread: TCC products 1-83
2026-09-10 03:16:08,195 INFO o.a.j.t.JMeterThread: Thread finished: TCC products 1-83
2026-09-10 03:16:08,202 INFO o.a.j.t.JMeterThread: Stopping because end time detected by thread: TCC products 1-32
2026-09-10 03:16:08,202 INFO o.a.j.t.JMeterThread: Thread finished: TCC products 1-32
2026-09-10 03:16:08,210 INFO o.a.j.t.JMeterThread: Stopping because end time detected by thread: TCC products 1-21
2026-09-10 03:16:08,210 INFO o.a.j.t.JMeterThread: Thread finished: TCC products 1-21
2026-09-10 03:16:08,218 INFO o.a.j.t.JMeterThread: Stopping because end time detected by thread: TCC products 1-7
2026-09-10 03:16:08,218 INFO o.a.j.t.JMeterThread: Thread finished: TCC products 1-7
2026-09-10 03:16:08,225 INFO o.a.j.t.JMeterThread: Stopping because end time detected by thread: TCC products 1-45
2026-09-10 03:16:08,226 INFO o.a.j.t.JMeterThread: Thread finished: TCC products 1-45
2026-09-10 03:16:08,233 INFO o.a.j.t.JMeterThread: Stopping because end time detected by thread: TCC products 1-33
2026-09-10 03:16:08,233 INFO o.a.j.t.JMeterThread: Thread finished: TCC products 1-33
2026-09-10 03:16:08,241 INFO o.a.j.t.JMeterThread: Stopping because end time detected by thread: TCC products 1-29
2026-09-10 03:16:08,241 INFO o.a.j.t.JMeterThread: Thread finished: TCC products 1-29
2026-09-10 03:16:08,248 INFO o.a.j.t.JMeterThread: Stopping because end time detected by thread: TCC products 1-15
2026-09-10 03:16:08,248 INFO o.a.j.t.JMeterThread: Thread finished: TCC products 1-15
2026-09-10 03:16:08,255 INFO o.a.j.t.JMeterThread: Stopping because end time detected by thread: TCC products 1-75
2026-09-10 03:16:08,255 INFO o.a.j.t.JMeterThread: Thread finished: TCC products 1-75
2026-09-10 03:16:08,263 INFO o.a.j.t.JMeterThread: Stopping because end time detected by thread: TCC products 1-67
2026-09-10 03:16:08,263 INFO o.a.j.t.JMeterThread: Thread finished: TCC products 1-67
2026-09-10 03:16:08,270 INFO o.a.j.t.JMeterThread: Stopping because end time detected by thread: TCC products 1-56
2026-09-10 03:16:08,271 INFO o.a.j.t.JMeterThread: Thread finished: TCC products 1-56
2026-09-10 03:16:08,278 INFO o.a.j.t.JMeterThread: Stopping because end time detected by thread: TCC products 1-92
2026-09-10 03:16:08,278 INFO o.a.j.t.JMeterThread: Thread finished: TCC products 1-92
2026-09-10 03:16:08,286 INFO o.a.j.t.JMeterThread: Stopping because end time detected by thread: TCC products 1-95
2026-09-10 03:16:08,286 INFO o.a.j.t.JMeterThread: Thread finished: TCC products 1-95
2026-09-10 03:16:08,294 INFO o.a.j.t.JMeterThread: Stopping because end time detected by thread: TCC products 1-48
2026-09-10 03:16:08,294 INFO o.a.j.t.JMeterThread: Thread finished: TCC products 1-48
2026-09-10 03:16:08,301 INFO o.a.j.t.JMeterThread: Stopping because end time detected by thread: TCC products 1-55
2026-09-10 03:16:08,302 INFO o.a.j.t.JMeterThread: Thread finished: TCC products 1-55
2026-09-10 03:16:08,309 INFO o.a.j.t.JMeterThread: Stopping because end time detected by thread: TCC products 1-51
2026-09-10 03:16:08,310 INFO o.a.j.t.JMeterThread: Thread finished: TCC products 1-51
2026-09-10 03:16:08,317 INFO o.a.j.t.JMeterThread: Stopping because end time detected by thread: TCC products 1-94
2026-09-10 03:16:08,317 INFO o.a.j.t.JMeterThread: Thread finished: TCC products 1-94
2026-09-10 03:16:08,324 INFO o.a.j.t.JMeterThread: Stopping because end time detected by thread: TCC products 1-79
2026-09-10 03:16:08,324 INFO o.a.j.t.JMeterThread: Thread finished: TCC products 1-79
2026-09-10 03:16:08,332 INFO o.a.j.t.JMeterThread: Stopping because end time detected by thread: TCC products 1-82
2026-09-10 03:16:08,333 INFO o.a.j.t.JMeterThread: Thread finished: TCC products 1-82
2026-09-10 03:16:08,340 INFO o.a.j.t.JMeterThread: Stopping because end time detected by thread: TCC products 1-44
2026-09-10 03:16:08,340 INFO o.a.j.t.JMeterThread: Thread finished: TCC products 1-44
2026-09-10 03:16:08,348 INFO o.a.j.t.JMeterThread: Stopping because end time detected by thread: TCC products 1-80
2026-09-10 03:16:08,348 INFO o.a.j.t.JMeterThread: Thread finished: TCC products 1-80
2026-09-10 03:16:08,355 INFO o.a.j.t.JMeterThread: Stopping because end time detected by thread: TCC products 1-5
2026-09-10 03:16:08,355 INFO o.a.j.t.JMeterThread: Thread finished: TCC products 1-5
2026-09-10 03:16:08,363 INFO o.a.j.t.JMeterThread: Stopping because end time detected by thread: TCC products 1-1
2026-09-10 03:16:08,363 INFO o.a.j.t.JMeterThread: Thread finished: TCC products 1-1
2026-09-10 03:16:08,370 INFO o.a.j.t.JMeterThread: Stopping because end time detected by thread: TCC products 1-20
2026-09-10 03:16:08,370 INFO o.a.j.t.JMeterThread: Thread finished: TCC products 1-20
2026-09-10 03:16:08,377 INFO o.a.j.t.JMeterThread: Stopping because end time detected by thread: TCC products 1-90
2026-09-10 03:16:08,377 INFO o.a.j.t.JMeterThread: Thread finished: TCC products 1-90
2026-09-10 03:16:08,385 INFO o.a.j.t.JMeterThread: Stopping because end time detected by thread: TCC products 1-50
2026-09-10 03:16:08,385 INFO o.a.j.t.JMeterThread: Thread finished: TCC products 1-50
2026-09-10 03:16:08,392 INFO o.a.j.t.JMeterThread: Stopping because end time detected by thread: TCC products 1-25
2026-09-10 03:16:08,392 INFO o.a.j.t.JMeterThread: Thread finished: TCC products 1-25
2026-09-10 03:16:08,401 INFO o.a.j.t.JMeterThread: Stopping because end time detected by thread: TCC products 1-85
2026-09-10 03:16:08,401 INFO o.a.j.t.JMeterThread: Thread finished: TCC products 1-85
2026-09-10 03:16:08,409 INFO o.a.j.t.JMeterThread: Stopping because end time detected by thread: TCC products 1-10
2026-09-10 03:16:08,409 INFO o.a.j.t.JMeterThread: Thread finished: TCC products 1-10
2026-09-10 03:16:08,416 INFO o.a.j.t.JMeterThread: Stopping because end time detected by thread: TCC products 1-52
2026-09-10 03:16:08,416 INFO o.a.j.t.JMeterThread: Thread finished: TCC products 1-52
2026-09-10 03:16:08,424 INFO o.a.j.t.JMeterThread: Stopping because end time detected by thread: TCC products 1-99
2026-09-10 03:16:08,424 INFO o.a.j.t.JMeterThread: Thread finished: TCC products 1-99
2026-09-10 03:16:08,432 INFO o.a.j.t.JMeterThread: Stopping because end time detected by thread: TCC products 1-68
2026-09-10 03:16:08,432 INFO o.a.j.t.JMeterThread: Thread finished: TCC products 1-68
2026-09-10 03:16:08,439 INFO o.a.j.t.JMeterThread: Stopping because end time detected by thread: TCC products 1-18
2026-09-10 03:16:08,439 INFO o.a.j.t.JMeterThread: Thread finished: TCC products 1-18
2026-09-10 03:16:08,447 INFO o.a.j.t.JMeterThread: Stopping because end time detected by thread: TCC products 1-23
2026-09-10 03:16:08,447 INFO o.a.j.t.JMeterThread: Thread finished: TCC products 1-23
2026-09-10 03:16:08,454 INFO o.a.j.t.JMeterThread: Stopping because end time detected by thread: TCC products 1-58
2026-09-10 03:16:08,454 INFO o.a.j.t.JMeterThread: Thread finished: TCC products 1-58
2026-09-10 03:16:08,462 INFO o.a.j.t.JMeterThread: Stopping because end time detected by thread: TCC products 1-97
2026-09-10 03:16:08,462 INFO o.a.j.t.JMeterThread: Thread finished: TCC products 1-97
2026-09-10 03:16:08,469 INFO o.a.j.t.JMeterThread: Stopping because end time detected by thread: TCC products 1-98
2026-09-10 03:16:08,469 INFO o.a.j.t.JMeterThread: Thread finished: TCC products 1-98
2026-09-10 03:16:08,476 INFO o.a.j.t.JMeterThread: Stopping because end time detected by thread: TCC products 1-4
2026-09-10 03:16:08,476 INFO o.a.j.t.JMeterThread: Thread finished: TCC products 1-4
2026-09-10 03:16:08,483 INFO o.a.j.t.JMeterThread: Stopping because end time detected by thread: TCC products 1-61
2026-09-10 03:16:08,484 INFO o.a.j.t.JMeterThread: Thread finished: TCC products 1-61
2026-09-10 03:16:08,491 INFO o.a.j.t.JMeterThread: Stopping because end time detected by thread: TCC products 1-47
2026-09-10 03:16:08,491 INFO o.a.j.t.JMeterThread: Thread finished: TCC products 1-47
2026-09-10 03:16:08,499 INFO o.a.j.t.JMeterThread: Stopping because end time detected by thread: TCC products 1-60
2026-09-10 03:16:08,499 INFO o.a.j.t.JMeterThread: Thread finished: TCC products 1-60
2026-09-10 03:16:08,507 INFO o.a.j.t.JMeterThread: Stopping because end time detected by thread: TCC products 1-66
2026-09-10 03:16:08,507 INFO o.a.j.t.JMeterThread: Thread finished: TCC products 1-66
2026-09-10 03:16:08,514 INFO o.a.j.t.JMeterThread: Stopping because end time detected by thread: TCC products 1-26
2026-09-10 03:16:08,514 INFO o.a.j.t.JMeterThread: Thread finished: TCC products 1-26
2026-09-10 03:16:08,521 INFO o.a.j.t.JMeterThread: Stopping because end time detected by thread: TCC products 1-38
2026-09-10 03:16:08,521 INFO o.a.j.t.JMeterThread: Thread finished: TCC products 1-38
2026-09-10 03:16:08,529 INFO o.a.j.t.JMeterThread: Stopping because end time detected by thread: TCC products 1-22
2026-09-10 03:16:08,529 INFO o.a.j.t.JMeterThread: Thread finished: TCC products 1-22
2026-09-10 03:16:08,537 INFO o.a.j.t.JMeterThread: Stopping because end time detected by thread: TCC products 1-11
2026-09-10 03:16:08,537 INFO o.a.j.t.JMeterThread: Thread finished: TCC products 1-11
2026-09-10 03:16:08,544 INFO o.a.j.t.JMeterThread: Stopping because end time detected by thread: TCC products 1-37
2026-09-10 03:16:08,544 INFO o.a.j.t.JMeterThread: Thread finished: TCC products 1-37
2026-09-10 03:16:08,552 INFO o.a.j.t.JMeterThread: Stopping because end time detected by thread: TCC products 1-46
2026-09-10 03:16:08,552 INFO o.a.j.t.JMeterThread: Thread finished: TCC products 1-46
2026-09-10 03:16:08,561 INFO o.a.j.t.JMeterThread: Stopping because end time detected by thread: TCC products 1-39
2026-09-10 03:16:08,561 INFO o.a.j.t.JMeterThread: Thread finished: TCC products 1-39
2026-09-10 03:16:08,569 INFO o.a.j.t.JMeterThread: Stopping because end time detected by thread: TCC products 1-42
2026-09-10 03:16:08,570 INFO o.a.j.t.JMeterThread: Thread finished: TCC products 1-42
2026-09-10 03:16:08,577 INFO o.a.j.t.JMeterThread: Stopping because end time detected by thread: TCC products 1-89
2026-09-10 03:16:08,577 INFO o.a.j.t.JMeterThread: Thread finished: TCC products 1-89
2026-09-10 03:16:08,585 INFO o.a.j.t.JMeterThread: Stopping because end time detected by thread: TCC products 1-17
2026-09-10 03:16:08,585 INFO o.a.j.t.JMeterThread: Thread finished: TCC products 1-17
2026-09-10 03:16:08,592 INFO o.a.j.t.JMeterThread: Stopping because end time detected by thread: TCC products 1-76
2026-09-10 03:16:08,593 INFO o.a.j.t.JMeterThread: Thread finished: TCC products 1-76
2026-09-10 03:16:08,600 INFO o.a.j.t.JMeterThread: Stopping because end time detected by thread: TCC products 1-64
2026-09-10 03:16:08,601 INFO o.a.j.t.JMeterThread: Thread finished: TCC products 1-64
2026-09-10 03:16:08,608 INFO o.a.j.t.JMeterThread: Stopping because end time detected by thread: TCC products 1-2
2026-09-10 03:16:08,609 INFO o.a.j.t.JMeterThread: Thread finished: TCC products 1-2
2026-09-10 03:16:08,616 INFO o.a.j.t.JMeterThread: Stopping because end time detected by thread: TCC products 1-28
2026-09-10 03:16:08,616 INFO o.a.j.t.JMeterThread: Thread finished: TCC products 1-28
2026-09-10 03:16:08,624 INFO o.a.j.t.JMeterThread: Stopping because end time detected by thread: TCC products 1-36
2026-09-10 03:16:08,624 INFO o.a.j.t.JMeterThread: Thread finished: TCC products 1-36
2026-09-10 03:16:08,631 INFO o.a.j.t.JMeterThread: Stopping because end time detected by thread: TCC products 1-100
2026-09-10 03:16:08,631 INFO o.a.j.t.JMeterThread: Thread finished: TCC products 1-100
2026-09-10 03:16:08,639 INFO o.a.j.t.JMeterThread: Stopping because end time detected by thread: TCC products 1-81
2026-09-10 03:16:08,639 INFO o.a.j.t.JMeterThread: Thread finished: TCC products 1-81
2026-09-10 03:16:08,646 INFO o.a.j.t.JMeterThread: Stopping because end time detected by thread: TCC products 1-14
2026-09-10 03:16:08,647 INFO o.a.j.t.JMeterThread: Thread finished: TCC products 1-14
2026-09-10 03:16:08,654 INFO o.a.j.t.JMeterThread: Stopping because end time detected by thread: TCC products 1-77
2026-09-10 03:16:08,654 INFO o.a.j.t.JMeterThread: Thread finished: TCC products 1-77
2026-09-10 03:16:08,662 INFO o.a.j.t.JMeterThread: Stopping because end time detected by thread: TCC products 1-73
2026-09-10 03:16:08,662 INFO o.a.j.t.JMeterThread: Thread finished: TCC products 1-73
2026-09-10 03:16:08,670 INFO o.a.j.t.JMeterThread: Stopping because end time detected by thread: TCC products 1-88
2026-09-10 03:16:08,670 INFO o.a.j.t.JMeterThread: Thread finished: TCC products 1-88
2026-09-10 03:16:08,677 INFO o.a.j.t.JMeterThread: Stopping because end time detected by thread: TCC products 1-19
2026-09-10 03:16:08,677 INFO o.a.j.t.JMeterThread: Thread finished: TCC products 1-19
2026-09-10 03:16:08,685 INFO o.a.j.t.JMeterThread: Stopping because end time detected by thread: TCC products 1-93
2026-09-10 03:16:08,685 INFO o.a.j.t.JMeterThread: Thread finished: TCC products 1-93
2026-09-10 03:16:08,693 INFO o.a.j.t.JMeterThread: Stopping because end time detected by thread: TCC products 1-84
2026-09-10 03:16:08,693 INFO o.a.j.t.JMeterThread: Thread finished: TCC products 1-84
2026-09-10 03:16:08,701 INFO o.a.j.t.JMeterThread: Stopping because end time detected by thread: TCC products 1-72
2026-09-10 03:16:08,701 INFO o.a.j.t.JMeterThread: Thread finished: TCC products 1-72
2026-09-10 03:16:08,709 INFO o.a.j.t.JMeterThread: Stopping because end time detected by thread: TCC products 1-59
2026-09-10 03:16:08,709 INFO o.a.j.t.JMeterThread: Thread finished: TCC products 1-59
2026-09-10 03:16:08,716 INFO o.a.j.t.JMeterThread: Stopping because end time detected by thread: TCC products 1-69
2026-09-10 03:16:08,716 INFO o.a.j.t.JMeterThread: Thread finished: TCC products 1-69
2026-09-10 03:16:08,717 INFO o.a.j.e.StandardJMeterEngine: Notifying test listeners of end of test
2026-09-10 03:16:08,720 INFO o.a.j.r.Summariser: summary +   1145 in 00:00:09 =  131.4/s Avg:   760 Min:   742 Max:   777 Err:     0 (0.00%) Active: 0 Started: 100 Finished: 100
2026-09-10 03:16:08,720 INFO o.a.j.r.Summariser: summary =  15700 in 00:02:01 =  129.9/s Avg:   762 Min:   117 Max:  1340 Err:     0 (0.00%)
