2026-09-10 08:08:20,037 INFO o.a.j.u.JMeterUtils: Setting Locale to en_EN
2026-09-10 08:08:20,052 INFO o.a.j.JMeter: Loading user properties from: /home/avituo/projects/tcc/tcc-container/.tools/apache-jmeter-5.6.3/bin/user.properties
2026-09-10 08:08:20,053 INFO o.a.j.JMeter: Loading system properties from: /home/avituo/projects/tcc/tcc-container/.tools/apache-jmeter-5.6.3/bin/system.properties
2026-09-10 08:08:20,053 INFO o.a.j.JMeter: Loading additional properties from: /home/avituo/projects/tcc/tcc-container/benchmark/jmeter/benchmark.properties
2026-09-10 08:08:20,053 INFO o.a.j.JMeter: Loading additional properties from: /tmp/tcc-benchmark-auth.UB7tNR/auth.properties
2026-09-10 08:08:20,053 INFO o.a.j.JMeter: Loading additional properties from: /home/avituo/projects/tcc/tcc-container/benchmark/results/laravel-13.20.0/final/order-create/c10/r1/microservices/thread-counters.properties
2026-09-10 08:08:20,053 INFO o.a.j.JMeter: Setting JMeter property: threads=10
2026-09-10 08:08:20,053 INFO o.a.j.JMeter: Setting JMeter property: duration_seconds=120
2026-09-10 08:08:20,053 INFO o.a.j.JMeter: Setting JMeter property: target_host=localhost
2026-09-10 08:08:20,053 INFO o.a.j.JMeter: Setting JMeter property: target_port=18080
2026-09-10 08:08:20,053 INFO o.a.j.JMeter: Setting JMeter property: tcc.order.id=20000000-0000-4000-8000-000000000001
2026-09-10 08:08:20,053 INFO o.a.j.JMeter: Setting JMeter property: repetition=1
2026-09-10 08:08:20,059 INFO o.a.j.JMeter: Copyright (c) 1998-2024 The Apache Software Foundation
2026-09-10 08:08:20,059 INFO o.a.j.JMeter: Version 5.6.3
2026-09-10 08:08:20,059 INFO o.a.j.JMeter: java.version=21.0.11
2026-09-10 08:08:20,059 INFO o.a.j.JMeter: java.vm.name=OpenJDK 64-Bit Server VM
2026-09-10 08:08:20,059 INFO o.a.j.JMeter: os.name=Linux
2026-09-10 08:08:20,059 INFO o.a.j.JMeter: os.arch=amd64
2026-09-10 08:08:20,060 INFO o.a.j.JMeter: os.version=7.0.11-76070011-generic
2026-09-10 08:08:20,060 INFO o.a.j.JMeter: file.encoding=UTF-8
2026-09-10 08:08:20,060 INFO o.a.j.JMeter: java.awt.headless=true
2026-09-10 08:08:20,060 INFO o.a.j.JMeter: Max memory     =1073741824
2026-09-10 08:08:20,060 INFO o.a.j.JMeter: Available Processors =16
2026-09-10 08:08:20,068 INFO o.a.j.JMeter: Default Locale=English (EN)
2026-09-10 08:08:20,068 INFO o.a.j.JMeter: JMeter  Locale=English (EN)
2026-09-10 08:08:20,068 INFO o.a.j.JMeter: JMeterHome=/home/avituo/projects/tcc/tcc-container/.tools/apache-jmeter-5.6.3
2026-09-10 08:08:20,068 INFO o.a.j.JMeter: user.dir  =/home/avituo/projects/tcc/tcc-container
2026-09-10 08:08:20,068 INFO o.a.j.JMeter: PWD       =/home/avituo/projects/tcc/tcc-container
2026-09-10 08:08:20,079 INFO o.a.j.JMeter: IP: 192.168.1.16 Name: pop-os FullName: pop-os.home
2026-09-10 08:08:20,091 INFO o.a.j.s.FileServer: Default base='/home/avituo/projects/tcc/tcc-container'
2026-09-10 08:08:20,093 INFO o.a.j.s.FileServer: Set new base='/home/avituo/projects/tcc/tcc-container/benchmark/jmeter'
2026-09-10 08:08:20,248 INFO o.a.j.s.SaveService: Testplan (JMX) version: 2.2. Testlog (JTL) version: 2.2
2026-09-10 08:08:20,272 INFO o.a.j.s.SaveService: Using SaveService properties version 5.0
2026-09-10 08:08:20,275 INFO o.a.j.s.SaveService: Using SaveService properties file encoding UTF-8
2026-09-10 08:08:20,278 INFO o.a.j.s.SaveService: Loading file: /home/avituo/projects/tcc/tcc-container/benchmark/jmeter/tcc-order-create-v1.jmx
2026-09-10 08:08:20,328 INFO o.a.j.p.h.s.HTTPSamplerBase: Parser for text/html is org.apache.jmeter.protocol.http.parser.LagartoBasedHtmlParser
2026-09-10 08:08:20,328 INFO o.a.j.p.h.s.HTTPSamplerBase: Parser for application/xhtml+xml is org.apache.jmeter.protocol.http.parser.LagartoBasedHtmlParser
2026-09-10 08:08:20,328 INFO o.a.j.p.h.s.HTTPSamplerBase: Parser for application/xml is org.apache.jmeter.protocol.http.parser.LagartoBasedHtmlParser
2026-09-10 08:08:20,328 INFO o.a.j.p.h.s.HTTPSamplerBase: Parser for text/xml is org.apache.jmeter.protocol.http.parser.LagartoBasedHtmlParser
2026-09-10 08:08:20,328 INFO o.a.j.p.h.s.HTTPSamplerBase: Parser for text/vnd.wap.wml is org.apache.jmeter.protocol.http.parser.RegexpHTMLParser
2026-09-10 08:08:20,328 INFO o.a.j.p.h.s.HTTPSamplerBase: Parser for text/css is org.apache.jmeter.protocol.http.parser.CssParser
2026-09-10 08:08:20,360 INFO o.a.j.JMeter: Creating summariser <summary>
2026-09-10 08:08:20,381 INFO o.a.j.e.StandardJMeterEngine: Running the test!
2026-09-10 08:08:20,381 INFO o.a.j.s.SampleEvent: List of sample_variables: []
2026-09-10 08:08:20,381 INFO o.a.j.s.SampleEvent: List of sample_variables: []
2026-09-10 08:08:20,386 INFO o.a.j.e.u.CompoundVariable: Note: Function class names must contain the string: '.functions.'
2026-09-10 08:08:20,387 INFO o.a.j.e.u.CompoundVariable: Note: Function class names must not contain the string: '.gui.'
2026-09-10 08:08:20,656 INFO o.a.j.JMeter: Running test (1789038500655)
2026-09-10 08:08:20,679 INFO o.a.j.e.StandardJMeterEngine: Starting ThreadGroup: 1 : TCC order-create
2026-09-10 08:08:20,679 INFO o.a.j.e.StandardJMeterEngine: Starting 10 threads for group TCC order-create.
2026-09-10 08:08:20,679 INFO o.a.j.e.StandardJMeterEngine: Thread will continue on error
2026-09-10 08:08:20,679 INFO o.a.j.t.ThreadGroup: Starting thread group... number=1 threads=10 ramp-up=0 delayedStart=false
2026-09-10 08:08:20,686 INFO o.a.j.t.JMeterThread: Thread started: TCC order-create 1-3
2026-09-10 08:08:20,686 INFO o.a.j.t.JMeterThread: Thread started: TCC order-create 1-1
2026-09-10 08:08:20,686 INFO o.a.j.t.JMeterThread: Thread started: TCC order-create 1-2
2026-09-10 08:08:20,686 INFO o.a.j.t.JMeterThread: Thread started: TCC order-create 1-4
2026-09-10 08:08:20,687 INFO o.a.j.t.JMeterThread: Thread started: TCC order-create 1-5
2026-09-10 08:08:20,688 INFO o.a.j.t.JMeterThread: Thread started: TCC order-create 1-6
2026-09-10 08:08:20,689 INFO o.a.j.t.JMeterThread: Thread started: TCC order-create 1-7
2026-09-10 08:08:20,689 INFO o.a.j.t.JMeterThread: Thread started: TCC order-create 1-8
2026-09-10 08:08:20,690 INFO o.a.j.t.JMeterThread: Thread started: TCC order-create 1-9
2026-09-10 08:08:20,691 INFO o.a.j.t.ThreadGroup: Started thread group number 1
2026-09-10 08:08:20,691 INFO o.a.j.e.StandardJMeterEngine: All thread groups have been started
2026-09-10 08:08:20,691 INFO o.a.j.t.JMeterThread: Thread started: TCC order-create 1-10
2026-09-10 08:08:21,296 INFO o.a.j.p.h.s.HTTPHCAbstractImpl: Local host = pop-os
2026-09-10 08:08:21,302 INFO o.a.j.p.h.s.HTTPHC4Impl: HTTP request retry count = 0
2026-09-10 08:08:21,303 INFO o.a.j.s.SampleResult: Note: Sample TimeStamps are START times
2026-09-10 08:08:21,303 INFO o.a.j.s.SampleResult: sampleresult.default.encoding is set to UTF-8
2026-09-10 08:08:21,303 INFO o.a.j.s.SampleResult: sampleresult.useNanoTime=true
2026-09-10 08:08:21,303 INFO o.a.j.s.SampleResult: sampleresult.nanoThreadSleep=5000
2026-09-10 08:08:30,023 INFO o.a.j.r.Summariser: summary +    165 in 00:00:09 =   17.6/s Avg:   506 Min:   103 Max:   592 Err:     0 (0.00%) Active: 10 Started: 10 Finished: 0
2026-09-10 08:09:00,035 INFO o.a.j.r.Summariser: summary +    571 in 00:00:30 =   19.0/s Avg:   524 Min:   503 Max:   596 Err:     0 (0.00%) Active: 10 Started: 10 Finished: 0
2026-09-10 08:09:00,035 INFO o.a.j.r.Summariser: summary =    736 in 00:00:39 =   18.7/s Avg:   520 Min:   103 Max:   596 Err:     0 (0.00%)
2026-09-10 08:09:30,045 INFO o.a.j.r.Summariser: summary +    567 in 00:00:30 =   18.9/s Avg:   528 Min:   506 Max:   603 Err:     0 (0.00%) Active: 10 Started: 10 Finished: 0
2026-09-10 08:09:30,045 INFO o.a.j.r.Summariser: summary =   1303 in 00:01:09 =   18.8/s Avg:   523 Min:   103 Max:   603 Err:     0 (0.00%)
2026-09-10 08:10:00,016 INFO o.a.j.r.Summariser: summary +    566 in 00:00:30 =   18.9/s Avg:   528 Min:   503 Max:   655 Err:     0 (0.00%) Active: 10 Started: 10 Finished: 0
2026-09-10 08:10:00,017 INFO o.a.j.r.Summariser: summary =   1869 in 00:01:39 =   18.8/s Avg:   525 Min:   103 Max:   655 Err:     0 (0.00%)
2026-09-10 08:10:20,717 INFO o.a.j.t.JMeterThread: Stopping because end time detected by thread: TCC order-create 1-4
2026-09-10 08:10:20,717 INFO o.a.j.t.JMeterThread: Thread finished: TCC order-create 1-4
2026-09-10 08:10:20,769 INFO o.a.j.t.JMeterThread: Stopping because end time detected by thread: TCC order-create 1-2
2026-09-10 08:10:20,769 INFO o.a.j.t.JMeterThread: Thread finished: TCC order-create 1-2
2026-09-10 08:10:20,822 INFO o.a.j.t.JMeterThread: Stopping because end time detected by thread: TCC order-create 1-9
2026-09-10 08:10:20,822 INFO o.a.j.t.JMeterThread: Thread finished: TCC order-create 1-9
2026-09-10 08:10:20,872 INFO o.a.j.t.JMeterThread: Stopping because end time detected by thread: TCC order-create 1-3
2026-09-10 08:10:20,872 INFO o.a.j.t.JMeterThread: Thread finished: TCC order-create 1-3
2026-09-10 08:10:20,922 INFO o.a.j.t.JMeterThread: Stopping because end time detected by thread: TCC order-create 1-8
2026-09-10 08:10:20,923 INFO o.a.j.t.JMeterThread: Thread finished: TCC order-create 1-8
2026-09-10 08:10:20,971 INFO o.a.j.t.JMeterThread: Stopping because end time detected by thread: TCC order-create 1-7
2026-09-10 08:10:20,971 INFO o.a.j.t.JMeterThread: Thread finished: TCC order-create 1-7
2026-09-10 08:10:21,021 INFO o.a.j.t.JMeterThread: Stopping because end time detected by thread: TCC order-create 1-6
2026-09-10 08:10:21,021 INFO o.a.j.t.JMeterThread: Thread finished: TCC order-create 1-6
2026-09-10 08:10:21,073 INFO o.a.j.t.JMeterThread: Stopping because end time detected by thread: TCC order-create 1-5
2026-09-10 08:10:21,073 INFO o.a.j.t.JMeterThread: Thread finished: TCC order-create 1-5
2026-09-10 08:10:21,123 INFO o.a.j.t.JMeterThread: Stopping because end time detected by thread: TCC order-create 1-1
2026-09-10 08:10:21,123 INFO o.a.j.t.JMeterThread: Thread finished: TCC order-create 1-1
2026-09-10 08:10:21,174 INFO o.a.j.t.JMeterThread: Stopping because end time detected by thread: TCC order-create 1-10
2026-09-10 08:10:21,175 INFO o.a.j.t.JMeterThread: Thread finished: TCC order-create 1-10
2026-09-10 08:10:21,175 INFO o.a.j.e.StandardJMeterEngine: Notifying test listeners of end of test
2026-09-10 08:10:21,178 INFO o.a.j.r.Summariser: summary +    385 in 00:00:21 =   18.2/s Avg:   548 Min:   497 Max:  1542 Err:     0 (0.00%) Active: 0 Started: 10 Finished: 10
2026-09-10 08:10:21,178 INFO o.a.j.r.Summariser: summary =   2254 in 00:02:01 =   18.7/s Avg:   529 Min:   103 Max:  1542 Err:     0 (0.00%)
