2026-09-10 03:56:33,569 INFO o.a.j.u.JMeterUtils: Setting Locale to en_EN
2026-09-10 03:56:33,587 INFO o.a.j.JMeter: Loading user properties from: /home/avituo/projects/tcc/tcc-container/.tools/apache-jmeter-5.6.3/bin/user.properties
2026-09-10 03:56:33,587 INFO o.a.j.JMeter: Loading system properties from: /home/avituo/projects/tcc/tcc-container/.tools/apache-jmeter-5.6.3/bin/system.properties
2026-09-10 03:56:33,587 INFO o.a.j.JMeter: Loading additional properties from: /home/avituo/projects/tcc/tcc-container/benchmark/jmeter/benchmark.properties
2026-09-10 03:56:33,588 INFO o.a.j.JMeter: Loading additional properties from: /tmp/tcc-benchmark-auth.nZpVnX/auth.properties
2026-09-10 03:56:33,588 INFO o.a.j.JMeter: Setting JMeter property: threads=25
2026-09-10 03:56:33,588 INFO o.a.j.JMeter: Setting JMeter property: duration_seconds=30
2026-09-10 03:56:33,588 INFO o.a.j.JMeter: Setting JMeter property: target_host=localhost
2026-09-10 03:56:33,588 INFO o.a.j.JMeter: Setting JMeter property: target_port=18080
2026-09-10 03:56:33,588 INFO o.a.j.JMeter: Setting JMeter property: tcc.order.id=20000000-0000-4000-8000-000000000001
2026-09-10 03:56:33,588 INFO o.a.j.JMeter: Setting JMeter property: repetition=1
2026-09-10 03:56:33,594 INFO o.a.j.JMeter: Copyright (c) 1998-2024 The Apache Software Foundation
2026-09-10 03:56:33,595 INFO o.a.j.JMeter: Version 5.6.3
2026-09-10 03:56:33,595 INFO o.a.j.JMeter: java.version=21.0.11
2026-09-10 03:56:33,595 INFO o.a.j.JMeter: java.vm.name=OpenJDK 64-Bit Server VM
2026-09-10 03:56:33,595 INFO o.a.j.JMeter: os.name=Linux
2026-09-10 03:56:33,595 INFO o.a.j.JMeter: os.arch=amd64
2026-09-10 03:56:33,595 INFO o.a.j.JMeter: os.version=7.0.11-76070011-generic
2026-09-10 03:56:33,595 INFO o.a.j.JMeter: file.encoding=UTF-8
2026-09-10 03:56:33,595 INFO o.a.j.JMeter: java.awt.headless=true
2026-09-10 03:56:33,595 INFO o.a.j.JMeter: Max memory     =1073741824
2026-09-10 03:56:33,595 INFO o.a.j.JMeter: Available Processors =16
2026-09-10 03:56:33,604 INFO o.a.j.JMeter: Default Locale=English (EN)
2026-09-10 03:56:33,604 INFO o.a.j.JMeter: JMeter  Locale=English (EN)
2026-09-10 03:56:33,605 INFO o.a.j.JMeter: JMeterHome=/home/avituo/projects/tcc/tcc-container/.tools/apache-jmeter-5.6.3
2026-09-10 03:56:33,605 INFO o.a.j.JMeter: user.dir  =/home/avituo/projects/tcc/tcc-container
2026-09-10 03:56:33,605 INFO o.a.j.JMeter: PWD       =/home/avituo/projects/tcc/tcc-container
2026-09-10 03:56:33,616 INFO o.a.j.JMeter: IP: 192.168.1.16 Name: pop-os FullName: pop-os.home
2026-09-10 03:56:33,627 INFO o.a.j.s.FileServer: Default base='/home/avituo/projects/tcc/tcc-container'
2026-09-10 03:56:33,629 INFO o.a.j.s.FileServer: Set new base='/home/avituo/projects/tcc/tcc-container/benchmark/jmeter'
2026-09-10 03:56:33,804 INFO o.a.j.s.SaveService: Testplan (JMX) version: 2.2. Testlog (JTL) version: 2.2
2026-09-10 03:56:33,828 INFO o.a.j.s.SaveService: Using SaveService properties version 5.0
2026-09-10 03:56:33,831 INFO o.a.j.s.SaveService: Using SaveService properties file encoding UTF-8
2026-09-10 03:56:33,834 INFO o.a.j.s.SaveService: Loading file: /home/avituo/projects/tcc/tcc-container/benchmark/jmeter/tcc-orders-v1.jmx
2026-09-10 03:56:33,883 INFO o.a.j.p.h.s.HTTPSamplerBase: Parser for text/html is org.apache.jmeter.protocol.http.parser.LagartoBasedHtmlParser
2026-09-10 03:56:33,883 INFO o.a.j.p.h.s.HTTPSamplerBase: Parser for application/xhtml+xml is org.apache.jmeter.protocol.http.parser.LagartoBasedHtmlParser
2026-09-10 03:56:33,883 INFO o.a.j.p.h.s.HTTPSamplerBase: Parser for application/xml is org.apache.jmeter.protocol.http.parser.LagartoBasedHtmlParser
2026-09-10 03:56:33,883 INFO o.a.j.p.h.s.HTTPSamplerBase: Parser for text/xml is org.apache.jmeter.protocol.http.parser.LagartoBasedHtmlParser
2026-09-10 03:56:33,883 INFO o.a.j.p.h.s.HTTPSamplerBase: Parser for text/vnd.wap.wml is org.apache.jmeter.protocol.http.parser.RegexpHTMLParser
2026-09-10 03:56:33,883 INFO o.a.j.p.h.s.HTTPSamplerBase: Parser for text/css is org.apache.jmeter.protocol.http.parser.CssParser
2026-09-10 03:56:33,910 INFO o.a.j.JMeter: Creating summariser <summary>
2026-09-10 03:56:33,933 INFO o.a.j.e.StandardJMeterEngine: Running the test!
2026-09-10 03:56:33,934 INFO o.a.j.s.SampleEvent: List of sample_variables: []
2026-09-10 03:56:33,934 INFO o.a.j.s.SampleEvent: List of sample_variables: []
2026-09-10 03:56:33,940 INFO o.a.j.e.u.CompoundVariable: Note: Function class names must contain the string: '.functions.'
2026-09-10 03:56:33,940 INFO o.a.j.e.u.CompoundVariable: Note: Function class names must not contain the string: '.gui.'
2026-09-10 03:56:34,178 INFO o.a.j.JMeter: Running test (1789023394178)
2026-09-10 03:56:34,201 INFO o.a.j.e.StandardJMeterEngine: Starting ThreadGroup: 1 : TCC orders
2026-09-10 03:56:34,202 INFO o.a.j.e.StandardJMeterEngine: Starting 25 threads for group TCC orders.
2026-09-10 03:56:34,202 INFO o.a.j.e.StandardJMeterEngine: Thread will continue on error
2026-09-10 03:56:34,202 INFO o.a.j.t.ThreadGroup: Starting thread group... number=1 threads=25 ramp-up=0 delayedStart=false
2026-09-10 03:56:34,208 INFO o.a.j.t.JMeterThread: Thread started: TCC orders 1-4
2026-09-10 03:56:34,208 INFO o.a.j.t.JMeterThread: Thread started: TCC orders 1-3
2026-09-10 03:56:34,208 INFO o.a.j.t.JMeterThread: Thread started: TCC orders 1-1
2026-09-10 03:56:34,208 INFO o.a.j.t.JMeterThread: Thread started: TCC orders 1-2
2026-09-10 03:56:34,209 INFO o.a.j.t.JMeterThread: Thread started: TCC orders 1-6
2026-09-10 03:56:34,208 INFO o.a.j.t.JMeterThread: Thread started: TCC orders 1-5
2026-09-10 03:56:34,210 INFO o.a.j.t.JMeterThread: Thread started: TCC orders 1-7
2026-09-10 03:56:34,210 INFO o.a.j.t.JMeterThread: Thread started: TCC orders 1-8
2026-09-10 03:56:34,211 INFO o.a.j.t.JMeterThread: Thread started: TCC orders 1-9
2026-09-10 03:56:34,212 INFO o.a.j.t.JMeterThread: Thread started: TCC orders 1-10
2026-09-10 03:56:34,212 INFO o.a.j.t.JMeterThread: Thread started: TCC orders 1-11
2026-09-10 03:56:34,213 INFO o.a.j.t.JMeterThread: Thread started: TCC orders 1-12
2026-09-10 03:56:34,215 INFO o.a.j.t.JMeterThread: Thread started: TCC orders 1-13
2026-09-10 03:56:34,215 INFO o.a.j.t.JMeterThread: Thread started: TCC orders 1-14
2026-09-10 03:56:34,216 INFO o.a.j.t.JMeterThread: Thread started: TCC orders 1-15
2026-09-10 03:56:34,217 INFO o.a.j.t.JMeterThread: Thread started: TCC orders 1-16
2026-09-10 03:56:34,218 INFO o.a.j.t.JMeterThread: Thread started: TCC orders 1-17
2026-09-10 03:56:34,219 INFO o.a.j.t.JMeterThread: Thread started: TCC orders 1-18
2026-09-10 03:56:34,219 INFO o.a.j.t.JMeterThread: Thread started: TCC orders 1-19
2026-09-10 03:56:34,220 INFO o.a.j.t.JMeterThread: Thread started: TCC orders 1-20
2026-09-10 03:56:34,221 INFO o.a.j.t.JMeterThread: Thread started: TCC orders 1-21
2026-09-10 03:56:34,221 INFO o.a.j.t.JMeterThread: Thread started: TCC orders 1-22
2026-09-10 03:56:34,222 INFO o.a.j.t.JMeterThread: Thread started: TCC orders 1-23
2026-09-10 03:56:34,223 INFO o.a.j.t.JMeterThread: Thread started: TCC orders 1-24
2026-09-10 03:56:34,223 INFO o.a.j.t.ThreadGroup: Started thread group number 1
2026-09-10 03:56:34,223 INFO o.a.j.e.StandardJMeterEngine: All thread groups have been started
2026-09-10 03:56:34,223 INFO o.a.j.t.JMeterThread: Thread started: TCC orders 1-25
2026-09-10 03:56:34,229 INFO o.a.j.p.h.s.HTTPHCAbstractImpl: Local host = pop-os
2026-09-10 03:56:34,235 INFO o.a.j.p.h.s.HTTPHC4Impl: HTTP request retry count = 0
2026-09-10 03:56:34,236 INFO o.a.j.s.SampleResult: Note: Sample TimeStamps are START times
2026-09-10 03:56:34,236 INFO o.a.j.s.SampleResult: sampleresult.default.encoding is set to UTF-8
2026-09-10 03:56:34,236 INFO o.a.j.s.SampleResult: sampleresult.useNanoTime=true
2026-09-10 03:56:34,236 INFO o.a.j.s.SampleResult: sampleresult.nanoThreadSleep=5000
2026-09-10 03:56:35,349 INFO o.a.j.r.Summariser: summary +      1 in 00:00:01 =    0.9/s Avg:   390 Min:   390 Max:   390 Err:     0 (0.00%) Active: 25 Started: 25 Finished: 0
2026-09-10 03:57:00,004 INFO o.a.j.r.Summariser: summary +   2703 in 00:00:25 =  109.6/s Avg:   229 Min:    47 Max:   512 Err:     0 (0.00%) Active: 25 Started: 25 Finished: 0
2026-09-10 03:57:00,005 INFO o.a.j.r.Summariser: summary =   2704 in 00:00:26 =  104.7/s Avg:   229 Min:    47 Max:   512 Err:     0 (0.00%)
2026-09-10 03:57:04,213 INFO o.a.j.t.JMeterThread: Stopping because end time detected by thread: TCC orders 1-12
2026-09-10 03:57:04,213 INFO o.a.j.t.JMeterThread: Thread finished: TCC orders 1-12
2026-09-10 03:57:04,223 INFO o.a.j.t.JMeterThread: Stopping because end time detected by thread: TCC orders 1-3
2026-09-10 03:57:04,223 INFO o.a.j.t.JMeterThread: Thread finished: TCC orders 1-3
2026-09-10 03:57:04,232 INFO o.a.j.t.JMeterThread: Stopping because end time detected by thread: TCC orders 1-9
2026-09-10 03:57:04,232 INFO o.a.j.t.JMeterThread: Thread finished: TCC orders 1-9
2026-09-10 03:57:04,242 INFO o.a.j.t.JMeterThread: Stopping because end time detected by thread: TCC orders 1-21
2026-09-10 03:57:04,242 INFO o.a.j.t.JMeterThread: Thread finished: TCC orders 1-21
2026-09-10 03:57:04,252 INFO o.a.j.t.JMeterThread: Stopping because end time detected by thread: TCC orders 1-2
2026-09-10 03:57:04,252 INFO o.a.j.t.JMeterThread: Thread finished: TCC orders 1-2
2026-09-10 03:57:04,261 INFO o.a.j.t.JMeterThread: Stopping because end time detected by thread: TCC orders 1-24
2026-09-10 03:57:04,262 INFO o.a.j.t.JMeterThread: Thread finished: TCC orders 1-24
2026-09-10 03:57:04,271 INFO o.a.j.t.JMeterThread: Stopping because end time detected by thread: TCC orders 1-15
2026-09-10 03:57:04,271 INFO o.a.j.t.JMeterThread: Thread finished: TCC orders 1-15
2026-09-10 03:57:04,280 INFO o.a.j.t.JMeterThread: Stopping because end time detected by thread: TCC orders 1-16
2026-09-10 03:57:04,281 INFO o.a.j.t.JMeterThread: Thread finished: TCC orders 1-16
2026-09-10 03:57:04,289 INFO o.a.j.t.JMeterThread: Stopping because end time detected by thread: TCC orders 1-19
2026-09-10 03:57:04,289 INFO o.a.j.t.JMeterThread: Thread finished: TCC orders 1-19
2026-09-10 03:57:04,299 INFO o.a.j.t.JMeterThread: Stopping because end time detected by thread: TCC orders 1-18
2026-09-10 03:57:04,299 INFO o.a.j.t.JMeterThread: Thread finished: TCC orders 1-18
2026-09-10 03:57:04,308 INFO o.a.j.t.JMeterThread: Stopping because end time detected by thread: TCC orders 1-5
2026-09-10 03:57:04,308 INFO o.a.j.t.JMeterThread: Thread finished: TCC orders 1-5
2026-09-10 03:57:04,317 INFO o.a.j.t.JMeterThread: Stopping because end time detected by thread: TCC orders 1-25
2026-09-10 03:57:04,318 INFO o.a.j.t.JMeterThread: Thread finished: TCC orders 1-25
2026-09-10 03:57:04,327 INFO o.a.j.t.JMeterThread: Stopping because end time detected by thread: TCC orders 1-11
2026-09-10 03:57:04,328 INFO o.a.j.t.JMeterThread: Thread finished: TCC orders 1-11
2026-09-10 03:57:04,337 INFO o.a.j.t.JMeterThread: Stopping because end time detected by thread: TCC orders 1-22
2026-09-10 03:57:04,338 INFO o.a.j.t.JMeterThread: Thread finished: TCC orders 1-22
2026-09-10 03:57:04,348 INFO o.a.j.t.JMeterThread: Stopping because end time detected by thread: TCC orders 1-17
2026-09-10 03:57:04,348 INFO o.a.j.t.JMeterThread: Thread finished: TCC orders 1-17
2026-09-10 03:57:04,357 INFO o.a.j.t.JMeterThread: Stopping because end time detected by thread: TCC orders 1-20
2026-09-10 03:57:04,357 INFO o.a.j.t.JMeterThread: Thread finished: TCC orders 1-20
2026-09-10 03:57:04,366 INFO o.a.j.t.JMeterThread: Stopping because end time detected by thread: TCC orders 1-6
2026-09-10 03:57:04,366 INFO o.a.j.t.JMeterThread: Thread finished: TCC orders 1-6
2026-09-10 03:57:04,376 INFO o.a.j.t.JMeterThread: Stopping because end time detected by thread: TCC orders 1-14
2026-09-10 03:57:04,376 INFO o.a.j.t.JMeterThread: Thread finished: TCC orders 1-14
2026-09-10 03:57:04,385 INFO o.a.j.t.JMeterThread: Stopping because end time detected by thread: TCC orders 1-7
2026-09-10 03:57:04,385 INFO o.a.j.t.JMeterThread: Thread finished: TCC orders 1-7
2026-09-10 03:57:04,395 INFO o.a.j.t.JMeterThread: Stopping because end time detected by thread: TCC orders 1-10
2026-09-10 03:57:04,395 INFO o.a.j.t.JMeterThread: Thread finished: TCC orders 1-10
2026-09-10 03:57:04,405 INFO o.a.j.t.JMeterThread: Stopping because end time detected by thread: TCC orders 1-4
2026-09-10 03:57:04,405 INFO o.a.j.t.JMeterThread: Thread finished: TCC orders 1-4
2026-09-10 03:57:04,414 INFO o.a.j.t.JMeterThread: Stopping because end time detected by thread: TCC orders 1-13
2026-09-10 03:57:04,414 INFO o.a.j.t.JMeterThread: Thread finished: TCC orders 1-13
2026-09-10 03:57:04,423 INFO o.a.j.t.JMeterThread: Stopping because end time detected by thread: TCC orders 1-1
2026-09-10 03:57:04,423 INFO o.a.j.t.JMeterThread: Thread finished: TCC orders 1-1
2026-09-10 03:57:04,432 INFO o.a.j.t.JMeterThread: Stopping because end time detected by thread: TCC orders 1-23
2026-09-10 03:57:04,432 INFO o.a.j.t.JMeterThread: Thread finished: TCC orders 1-23
2026-09-10 03:57:04,442 INFO o.a.j.t.JMeterThread: Stopping because end time detected by thread: TCC orders 1-8
2026-09-10 03:57:04,442 INFO o.a.j.t.JMeterThread: Thread finished: TCC orders 1-8
2026-09-10 03:57:04,442 INFO o.a.j.e.StandardJMeterEngine: Notifying test listeners of end of test
2026-09-10 03:57:04,445 INFO o.a.j.r.Summariser: summary +    508 in 00:00:04 =  114.4/s Avg:   217 Min:   204 Max:   247 Err:     0 (0.00%) Active: 0 Started: 25 Finished: 25
2026-09-10 03:57:04,446 INFO o.a.j.r.Summariser: summary =   3212 in 00:00:30 =  106.1/s Avg:   227 Min:    47 Max:   512 Err:     0 (0.00%)
