2026-09-10 07:17:56,790 INFO o.a.j.u.JMeterUtils: Setting Locale to en_EN
2026-09-10 07:17:56,808 INFO o.a.j.JMeter: Loading user properties from: /home/avituo/projects/tcc/tcc-container/.tools/apache-jmeter-5.6.3/bin/user.properties
2026-09-10 07:17:56,808 INFO o.a.j.JMeter: Loading system properties from: /home/avituo/projects/tcc/tcc-container/.tools/apache-jmeter-5.6.3/bin/system.properties
2026-09-10 07:17:56,808 INFO o.a.j.JMeter: Loading additional properties from: /home/avituo/projects/tcc/tcc-container/benchmark/jmeter/benchmark.properties
2026-09-10 07:17:56,808 INFO o.a.j.JMeter: Loading additional properties from: /tmp/tcc-benchmark-auth.cz8w8V/auth.properties
2026-09-10 07:17:56,809 INFO o.a.j.JMeter: Loading additional properties from: /home/avituo/projects/tcc/tcc-container/benchmark/results/laravel-13.20.0/final/order-show/c50/r4/monolith/thread-counters.properties
2026-09-10 07:17:56,809 INFO o.a.j.JMeter: Setting JMeter property: threads=50
2026-09-10 07:17:56,809 INFO o.a.j.JMeter: Setting JMeter property: duration_seconds=120
2026-09-10 07:17:56,809 INFO o.a.j.JMeter: Setting JMeter property: target_host=localhost
2026-09-10 07:17:56,809 INFO o.a.j.JMeter: Setting JMeter property: target_port=18000
2026-09-10 07:17:56,809 INFO o.a.j.JMeter: Setting JMeter property: tcc.order.id=1
2026-09-10 07:17:56,809 INFO o.a.j.JMeter: Setting JMeter property: repetition=4
2026-09-10 07:17:56,816 INFO o.a.j.JMeter: Copyright (c) 1998-2024 The Apache Software Foundation
2026-09-10 07:17:56,817 INFO o.a.j.JMeter: Version 5.6.3
2026-09-10 07:17:56,817 INFO o.a.j.JMeter: java.version=21.0.11
2026-09-10 07:17:56,817 INFO o.a.j.JMeter: java.vm.name=OpenJDK 64-Bit Server VM
2026-09-10 07:17:56,817 INFO o.a.j.JMeter: os.name=Linux
2026-09-10 07:17:56,817 INFO o.a.j.JMeter: os.arch=amd64
2026-09-10 07:17:56,817 INFO o.a.j.JMeter: os.version=7.0.11-76070011-generic
2026-09-10 07:17:56,817 INFO o.a.j.JMeter: file.encoding=UTF-8
2026-09-10 07:17:56,817 INFO o.a.j.JMeter: java.awt.headless=true
2026-09-10 07:17:56,817 INFO o.a.j.JMeter: Max memory     =1073741824
2026-09-10 07:17:56,817 INFO o.a.j.JMeter: Available Processors =16
2026-09-10 07:17:56,826 INFO o.a.j.JMeter: Default Locale=English (EN)
2026-09-10 07:17:56,826 INFO o.a.j.JMeter: JMeter  Locale=English (EN)
2026-09-10 07:17:56,826 INFO o.a.j.JMeter: JMeterHome=/home/avituo/projects/tcc/tcc-container/.tools/apache-jmeter-5.6.3
2026-09-10 07:17:56,826 INFO o.a.j.JMeter: user.dir  =/home/avituo/projects/tcc/tcc-container
2026-09-10 07:17:56,826 INFO o.a.j.JMeter: PWD       =/home/avituo/projects/tcc/tcc-container
2026-09-10 07:17:56,834 INFO o.a.j.JMeter: IP: 192.168.1.16 Name: pop-os FullName: pop-os.home
2026-09-10 07:17:56,845 INFO o.a.j.s.FileServer: Default base='/home/avituo/projects/tcc/tcc-container'
2026-09-10 07:17:56,847 INFO o.a.j.s.FileServer: Set new base='/home/avituo/projects/tcc/tcc-container/benchmark/jmeter'
2026-09-10 07:17:57,028 INFO o.a.j.s.SaveService: Testplan (JMX) version: 2.2. Testlog (JTL) version: 2.2
2026-09-10 07:17:57,053 INFO o.a.j.s.SaveService: Using SaveService properties version 5.0
2026-09-10 07:17:57,057 INFO o.a.j.s.SaveService: Using SaveService properties file encoding UTF-8
2026-09-10 07:17:57,061 INFO o.a.j.s.SaveService: Loading file: /home/avituo/projects/tcc/tcc-container/benchmark/jmeter/tcc-order-show-v1.jmx
2026-09-10 07:17:57,112 INFO o.a.j.p.h.s.HTTPSamplerBase: Parser for text/html is org.apache.jmeter.protocol.http.parser.LagartoBasedHtmlParser
2026-09-10 07:17:57,112 INFO o.a.j.p.h.s.HTTPSamplerBase: Parser for application/xhtml+xml is org.apache.jmeter.protocol.http.parser.LagartoBasedHtmlParser
2026-09-10 07:17:57,113 INFO o.a.j.p.h.s.HTTPSamplerBase: Parser for application/xml is org.apache.jmeter.protocol.http.parser.LagartoBasedHtmlParser
2026-09-10 07:17:57,113 INFO o.a.j.p.h.s.HTTPSamplerBase: Parser for text/xml is org.apache.jmeter.protocol.http.parser.LagartoBasedHtmlParser
2026-09-10 07:17:57,113 INFO o.a.j.p.h.s.HTTPSamplerBase: Parser for text/vnd.wap.wml is org.apache.jmeter.protocol.http.parser.RegexpHTMLParser
2026-09-10 07:17:57,113 INFO o.a.j.p.h.s.HTTPSamplerBase: Parser for text/css is org.apache.jmeter.protocol.http.parser.CssParser
2026-09-10 07:17:57,144 INFO o.a.j.JMeter: Creating summariser <summary>
2026-09-10 07:17:57,162 INFO o.a.j.e.StandardJMeterEngine: Running the test!
2026-09-10 07:17:57,163 INFO o.a.j.s.SampleEvent: List of sample_variables: []
2026-09-10 07:17:57,163 INFO o.a.j.s.SampleEvent: List of sample_variables: []
2026-09-10 07:17:57,169 INFO o.a.j.e.u.CompoundVariable: Note: Function class names must contain the string: '.functions.'
2026-09-10 07:17:57,169 INFO o.a.j.e.u.CompoundVariable: Note: Function class names must not contain the string: '.gui.'
2026-09-10 07:17:57,416 INFO o.a.j.JMeter: Running test (1789035477416)
2026-09-10 07:17:57,436 INFO o.a.j.e.StandardJMeterEngine: Starting ThreadGroup: 1 : TCC order-show
2026-09-10 07:17:57,437 INFO o.a.j.e.StandardJMeterEngine: Starting 50 threads for group TCC order-show.
2026-09-10 07:17:57,437 INFO o.a.j.e.StandardJMeterEngine: Thread will continue on error
2026-09-10 07:17:57,437 INFO o.a.j.t.ThreadGroup: Starting thread group... number=1 threads=50 ramp-up=0 delayedStart=false
2026-09-10 07:17:57,443 INFO o.a.j.t.JMeterThread: Thread started: TCC order-show 1-3
2026-09-10 07:17:57,443 INFO o.a.j.t.JMeterThread: Thread started: TCC order-show 1-4
2026-09-10 07:17:57,443 INFO o.a.j.t.JMeterThread: Thread started: TCC order-show 1-1
2026-09-10 07:17:57,444 INFO o.a.j.t.JMeterThread: Thread started: TCC order-show 1-5
2026-09-10 07:17:57,443 INFO o.a.j.t.JMeterThread: Thread started: TCC order-show 1-2
2026-09-10 07:17:57,444 INFO o.a.j.t.JMeterThread: Thread started: TCC order-show 1-6
2026-09-10 07:17:57,445 INFO o.a.j.t.JMeterThread: Thread started: TCC order-show 1-7
2026-09-10 07:17:57,446 INFO o.a.j.t.JMeterThread: Thread started: TCC order-show 1-8
2026-09-10 07:17:57,446 INFO o.a.j.t.JMeterThread: Thread started: TCC order-show 1-9
2026-09-10 07:17:57,447 INFO o.a.j.t.JMeterThread: Thread started: TCC order-show 1-10
2026-09-10 07:17:57,448 INFO o.a.j.t.JMeterThread: Thread started: TCC order-show 1-11
2026-09-10 07:17:57,448 INFO o.a.j.t.JMeterThread: Thread started: TCC order-show 1-12
2026-09-10 07:17:57,449 INFO o.a.j.t.JMeterThread: Thread started: TCC order-show 1-13
2026-09-10 07:17:57,450 INFO o.a.j.t.JMeterThread: Thread started: TCC order-show 1-14
2026-09-10 07:17:57,450 INFO o.a.j.t.JMeterThread: Thread started: TCC order-show 1-15
2026-09-10 07:17:57,452 INFO o.a.j.t.JMeterThread: Thread started: TCC order-show 1-16
2026-09-10 07:17:57,452 INFO o.a.j.t.JMeterThread: Thread started: TCC order-show 1-17
2026-09-10 07:17:57,453 INFO o.a.j.t.JMeterThread: Thread started: TCC order-show 1-18
2026-09-10 07:17:57,454 INFO o.a.j.t.JMeterThread: Thread started: TCC order-show 1-19
2026-09-10 07:17:57,454 INFO o.a.j.t.JMeterThread: Thread started: TCC order-show 1-20
2026-09-10 07:17:57,455 INFO o.a.j.t.JMeterThread: Thread started: TCC order-show 1-21
2026-09-10 07:17:57,455 INFO o.a.j.t.JMeterThread: Thread started: TCC order-show 1-22
2026-09-10 07:17:57,456 INFO o.a.j.t.JMeterThread: Thread started: TCC order-show 1-23
2026-09-10 07:17:57,457 INFO o.a.j.t.JMeterThread: Thread started: TCC order-show 1-24
2026-09-10 07:17:57,457 INFO o.a.j.t.JMeterThread: Thread started: TCC order-show 1-25
2026-09-10 07:17:57,458 INFO o.a.j.t.JMeterThread: Thread started: TCC order-show 1-26
2026-09-10 07:17:57,458 INFO o.a.j.t.JMeterThread: Thread started: TCC order-show 1-27
2026-09-10 07:17:57,459 INFO o.a.j.t.JMeterThread: Thread started: TCC order-show 1-28
2026-09-10 07:17:57,459 INFO o.a.j.t.JMeterThread: Thread started: TCC order-show 1-29
2026-09-10 07:17:57,460 INFO o.a.j.t.JMeterThread: Thread started: TCC order-show 1-30
2026-09-10 07:17:57,461 INFO o.a.j.t.JMeterThread: Thread started: TCC order-show 1-31
2026-09-10 07:17:57,461 INFO o.a.j.t.JMeterThread: Thread started: TCC order-show 1-32
2026-09-10 07:17:57,461 INFO o.a.j.t.JMeterThread: Thread started: TCC order-show 1-33
2026-09-10 07:17:57,462 INFO o.a.j.t.JMeterThread: Thread started: TCC order-show 1-34
2026-09-10 07:17:57,462 INFO o.a.j.t.JMeterThread: Thread started: TCC order-show 1-35
2026-09-10 07:17:57,463 INFO o.a.j.t.JMeterThread: Thread started: TCC order-show 1-36
2026-09-10 07:17:57,463 INFO o.a.j.t.JMeterThread: Thread started: TCC order-show 1-37
2026-09-10 07:17:57,464 INFO o.a.j.t.JMeterThread: Thread started: TCC order-show 1-38
2026-09-10 07:17:57,464 INFO o.a.j.t.JMeterThread: Thread started: TCC order-show 1-39
2026-09-10 07:17:57,465 INFO o.a.j.t.JMeterThread: Thread started: TCC order-show 1-40
2026-09-10 07:17:57,465 INFO o.a.j.t.JMeterThread: Thread started: TCC order-show 1-41
2026-09-10 07:17:57,466 INFO o.a.j.t.JMeterThread: Thread started: TCC order-show 1-42
2026-09-10 07:17:57,467 INFO o.a.j.t.JMeterThread: Thread started: TCC order-show 1-44
2026-09-10 07:17:57,467 INFO o.a.j.t.JMeterThread: Thread started: TCC order-show 1-43
2026-09-10 07:17:57,467 INFO o.a.j.t.JMeterThread: Thread started: TCC order-show 1-45
2026-09-10 07:17:57,468 INFO o.a.j.t.JMeterThread: Thread started: TCC order-show 1-46
2026-09-10 07:17:57,468 INFO o.a.j.p.h.s.HTTPHCAbstractImpl: Local host = pop-os
2026-09-10 07:17:57,468 INFO o.a.j.t.JMeterThread: Thread started: TCC order-show 1-47
2026-09-10 07:17:57,468 INFO o.a.j.t.JMeterThread: Thread started: TCC order-show 1-48
2026-09-10 07:17:57,469 INFO o.a.j.t.ThreadGroup: Started thread group number 1
2026-09-10 07:17:57,469 INFO o.a.j.t.JMeterThread: Thread started: TCC order-show 1-49
2026-09-10 07:17:57,469 INFO o.a.j.e.StandardJMeterEngine: All thread groups have been started
2026-09-10 07:17:57,469 INFO o.a.j.t.JMeterThread: Thread started: TCC order-show 1-50
2026-09-10 07:17:57,474 INFO o.a.j.p.h.s.HTTPHC4Impl: HTTP request retry count = 0
2026-09-10 07:17:57,476 INFO o.a.j.s.SampleResult: Note: Sample TimeStamps are START times
2026-09-10 07:17:57,476 INFO o.a.j.s.SampleResult: sampleresult.default.encoding is set to UTF-8
2026-09-10 07:17:57,476 INFO o.a.j.s.SampleResult: sampleresult.useNanoTime=true
2026-09-10 07:17:57,476 INFO o.a.j.s.SampleResult: sampleresult.nanoThreadSleep=5000
2026-09-10 07:18:00,016 INFO o.a.j.r.Summariser: summary +    189 in 00:00:03 =   72.7/s Avg:   447 Min:    22 Max:   849 Err:     0 (0.00%) Active: 50 Started: 50 Finished: 0
2026-09-10 07:18:30,013 INFO o.a.j.r.Summariser: summary +   2750 in 00:00:30 =   91.7/s Avg:   544 Min:   513 Max:   654 Err:     0 (0.00%) Active: 50 Started: 50 Finished: 0
2026-09-10 07:18:30,014 INFO o.a.j.r.Summariser: summary =   2939 in 00:00:33 =   90.2/s Avg:   538 Min:    22 Max:   849 Err:     0 (0.00%)
2026-09-10 07:19:00,000 INFO o.a.j.r.Summariser: summary +   2796 in 00:00:30 =   93.2/s Avg:   535 Min:   501 Max:   587 Err:     0 (0.00%) Active: 50 Started: 50 Finished: 0
2026-09-10 07:19:00,000 INFO o.a.j.r.Summariser: summary =   5735 in 00:01:03 =   91.6/s Avg:   537 Min:    22 Max:   849 Err:     0 (0.00%)
2026-09-10 07:19:30,010 INFO o.a.j.r.Summariser: summary +   2758 in 00:00:30 =   91.9/s Avg:   543 Min:   510 Max:   692 Err:     0 (0.00%) Active: 50 Started: 50 Finished: 0
2026-09-10 07:19:30,010 INFO o.a.j.r.Summariser: summary =   8493 in 00:01:33 =   91.7/s Avg:   539 Min:    22 Max:   849 Err:     0 (0.00%)
2026-09-10 07:19:57,461 INFO o.a.j.t.JMeterThread: Stopping because end time detected by thread: TCC order-show 1-23
2026-09-10 07:19:57,461 INFO o.a.j.t.JMeterThread: Thread finished: TCC order-show 1-23
2026-09-10 07:19:57,472 INFO o.a.j.t.JMeterThread: Stopping because end time detected by thread: TCC order-show 1-14
2026-09-10 07:19:57,472 INFO o.a.j.t.JMeterThread: Thread finished: TCC order-show 1-14
2026-09-10 07:19:57,483 INFO o.a.j.t.JMeterThread: Stopping because end time detected by thread: TCC order-show 1-21
2026-09-10 07:19:57,484 INFO o.a.j.t.JMeterThread: Thread finished: TCC order-show 1-21
2026-09-10 07:19:57,495 INFO o.a.j.t.JMeterThread: Stopping because end time detected by thread: TCC order-show 1-17
2026-09-10 07:19:57,495 INFO o.a.j.t.JMeterThread: Thread finished: TCC order-show 1-17
2026-09-10 07:19:57,505 INFO o.a.j.t.JMeterThread: Stopping because end time detected by thread: TCC order-show 1-49
2026-09-10 07:19:57,506 INFO o.a.j.t.JMeterThread: Thread finished: TCC order-show 1-49
2026-09-10 07:19:57,516 INFO o.a.j.t.JMeterThread: Stopping because end time detected by thread: TCC order-show 1-16
2026-09-10 07:19:57,516 INFO o.a.j.t.JMeterThread: Thread finished: TCC order-show 1-16
2026-09-10 07:19:57,527 INFO o.a.j.t.JMeterThread: Stopping because end time detected by thread: TCC order-show 1-30
2026-09-10 07:19:57,527 INFO o.a.j.t.JMeterThread: Thread finished: TCC order-show 1-30
2026-09-10 07:19:57,538 INFO o.a.j.t.JMeterThread: Stopping because end time detected by thread: TCC order-show 1-28
2026-09-10 07:19:57,538 INFO o.a.j.t.JMeterThread: Thread finished: TCC order-show 1-28
2026-09-10 07:19:57,548 INFO o.a.j.t.JMeterThread: Stopping because end time detected by thread: TCC order-show 1-4
2026-09-10 07:19:57,548 INFO o.a.j.t.JMeterThread: Thread finished: TCC order-show 1-4
2026-09-10 07:19:57,559 INFO o.a.j.t.JMeterThread: Stopping because end time detected by thread: TCC order-show 1-7
2026-09-10 07:19:57,559 INFO o.a.j.t.JMeterThread: Thread finished: TCC order-show 1-7
2026-09-10 07:19:57,570 INFO o.a.j.t.JMeterThread: Stopping because end time detected by thread: TCC order-show 1-42
2026-09-10 07:19:57,570 INFO o.a.j.t.JMeterThread: Thread finished: TCC order-show 1-42
2026-09-10 07:19:57,581 INFO o.a.j.t.JMeterThread: Stopping because end time detected by thread: TCC order-show 1-35
2026-09-10 07:19:57,581 INFO o.a.j.t.JMeterThread: Thread finished: TCC order-show 1-35
2026-09-10 07:19:57,591 INFO o.a.j.t.JMeterThread: Stopping because end time detected by thread: TCC order-show 1-11
2026-09-10 07:19:57,591 INFO o.a.j.t.JMeterThread: Thread finished: TCC order-show 1-11
2026-09-10 07:19:57,602 INFO o.a.j.t.JMeterThread: Stopping because end time detected by thread: TCC order-show 1-36
2026-09-10 07:19:57,602 INFO o.a.j.t.JMeterThread: Thread finished: TCC order-show 1-36
2026-09-10 07:19:57,612 INFO o.a.j.t.JMeterThread: Stopping because end time detected by thread: TCC order-show 1-44
2026-09-10 07:19:57,612 INFO o.a.j.t.JMeterThread: Thread finished: TCC order-show 1-44
2026-09-10 07:19:57,623 INFO o.a.j.t.JMeterThread: Stopping because end time detected by thread: TCC order-show 1-13
2026-09-10 07:19:57,623 INFO o.a.j.t.JMeterThread: Thread finished: TCC order-show 1-13
2026-09-10 07:19:57,634 INFO o.a.j.t.JMeterThread: Stopping because end time detected by thread: TCC order-show 1-41
2026-09-10 07:19:57,634 INFO o.a.j.t.JMeterThread: Thread finished: TCC order-show 1-41
2026-09-10 07:19:57,644 INFO o.a.j.t.JMeterThread: Stopping because end time detected by thread: TCC order-show 1-6
2026-09-10 07:19:57,644 INFO o.a.j.t.JMeterThread: Thread finished: TCC order-show 1-6
2026-09-10 07:19:57,653 INFO o.a.j.t.JMeterThread: Stopping because end time detected by thread: TCC order-show 1-2
2026-09-10 07:19:57,654 INFO o.a.j.t.JMeterThread: Thread finished: TCC order-show 1-2
2026-09-10 07:19:57,664 INFO o.a.j.t.JMeterThread: Stopping because end time detected by thread: TCC order-show 1-46
2026-09-10 07:19:57,664 INFO o.a.j.t.JMeterThread: Thread finished: TCC order-show 1-46
2026-09-10 07:19:57,674 INFO o.a.j.t.JMeterThread: Stopping because end time detected by thread: TCC order-show 1-33
2026-09-10 07:19:57,675 INFO o.a.j.t.JMeterThread: Thread finished: TCC order-show 1-33
2026-09-10 07:19:57,685 INFO o.a.j.t.JMeterThread: Stopping because end time detected by thread: TCC order-show 1-1
2026-09-10 07:19:57,685 INFO o.a.j.t.JMeterThread: Thread finished: TCC order-show 1-1
2026-09-10 07:19:57,695 INFO o.a.j.t.JMeterThread: Stopping because end time detected by thread: TCC order-show 1-3
2026-09-10 07:19:57,696 INFO o.a.j.t.JMeterThread: Thread finished: TCC order-show 1-3
2026-09-10 07:19:57,706 INFO o.a.j.t.JMeterThread: Stopping because end time detected by thread: TCC order-show 1-15
2026-09-10 07:19:57,706 INFO o.a.j.t.JMeterThread: Thread finished: TCC order-show 1-15
2026-09-10 07:19:57,716 INFO o.a.j.t.JMeterThread: Stopping because end time detected by thread: TCC order-show 1-31
2026-09-10 07:19:57,716 INFO o.a.j.t.JMeterThread: Thread finished: TCC order-show 1-31
2026-09-10 07:19:57,726 INFO o.a.j.t.JMeterThread: Stopping because end time detected by thread: TCC order-show 1-9
2026-09-10 07:19:57,727 INFO o.a.j.t.JMeterThread: Thread finished: TCC order-show 1-9
2026-09-10 07:19:57,737 INFO o.a.j.t.JMeterThread: Stopping because end time detected by thread: TCC order-show 1-40
2026-09-10 07:19:57,737 INFO o.a.j.t.JMeterThread: Thread finished: TCC order-show 1-40
2026-09-10 07:19:57,747 INFO o.a.j.t.JMeterThread: Stopping because end time detected by thread: TCC order-show 1-24
2026-09-10 07:19:57,748 INFO o.a.j.t.JMeterThread: Thread finished: TCC order-show 1-24
2026-09-10 07:19:57,758 INFO o.a.j.t.JMeterThread: Stopping because end time detected by thread: TCC order-show 1-32
2026-09-10 07:19:57,758 INFO o.a.j.t.JMeterThread: Thread finished: TCC order-show 1-32
2026-09-10 07:19:57,769 INFO o.a.j.t.JMeterThread: Stopping because end time detected by thread: TCC order-show 1-26
2026-09-10 07:19:57,769 INFO o.a.j.t.JMeterThread: Thread finished: TCC order-show 1-26
2026-09-10 07:19:57,779 INFO o.a.j.t.JMeterThread: Stopping because end time detected by thread: TCC order-show 1-37
2026-09-10 07:19:57,779 INFO o.a.j.t.JMeterThread: Thread finished: TCC order-show 1-37
2026-09-10 07:19:57,789 INFO o.a.j.t.JMeterThread: Stopping because end time detected by thread: TCC order-show 1-45
2026-09-10 07:19:57,790 INFO o.a.j.t.JMeterThread: Thread finished: TCC order-show 1-45
2026-09-10 07:19:57,800 INFO o.a.j.t.JMeterThread: Stopping because end time detected by thread: TCC order-show 1-22
2026-09-10 07:19:57,800 INFO o.a.j.t.JMeterThread: Thread finished: TCC order-show 1-22
2026-09-10 07:19:57,811 INFO o.a.j.t.JMeterThread: Stopping because end time detected by thread: TCC order-show 1-18
2026-09-10 07:19:57,811 INFO o.a.j.t.JMeterThread: Thread finished: TCC order-show 1-18
2026-09-10 07:19:57,822 INFO o.a.j.t.JMeterThread: Stopping because end time detected by thread: TCC order-show 1-20
2026-09-10 07:19:57,822 INFO o.a.j.t.JMeterThread: Thread finished: TCC order-show 1-20
2026-09-10 07:19:57,833 INFO o.a.j.t.JMeterThread: Stopping because end time detected by thread: TCC order-show 1-19
2026-09-10 07:19:57,833 INFO o.a.j.t.JMeterThread: Thread finished: TCC order-show 1-19
2026-09-10 07:19:57,844 INFO o.a.j.t.JMeterThread: Stopping because end time detected by thread: TCC order-show 1-27
2026-09-10 07:19:57,844 INFO o.a.j.t.JMeterThread: Thread finished: TCC order-show 1-27
2026-09-10 07:19:57,856 INFO o.a.j.t.JMeterThread: Stopping because end time detected by thread: TCC order-show 1-29
2026-09-10 07:19:57,856 INFO o.a.j.t.JMeterThread: Thread finished: TCC order-show 1-29
2026-09-10 07:19:57,867 INFO o.a.j.t.JMeterThread: Stopping because end time detected by thread: TCC order-show 1-12
2026-09-10 07:19:57,867 INFO o.a.j.t.JMeterThread: Thread finished: TCC order-show 1-12
2026-09-10 07:19:57,878 INFO o.a.j.t.JMeterThread: Stopping because end time detected by thread: TCC order-show 1-34
2026-09-10 07:19:57,878 INFO o.a.j.t.JMeterThread: Thread finished: TCC order-show 1-34
2026-09-10 07:19:57,888 INFO o.a.j.t.JMeterThread: Stopping because end time detected by thread: TCC order-show 1-8
2026-09-10 07:19:57,888 INFO o.a.j.t.JMeterThread: Thread finished: TCC order-show 1-8
2026-09-10 07:19:57,899 INFO o.a.j.t.JMeterThread: Stopping because end time detected by thread: TCC order-show 1-38
2026-09-10 07:19:57,899 INFO o.a.j.t.JMeterThread: Thread finished: TCC order-show 1-38
2026-09-10 07:19:57,910 INFO o.a.j.t.JMeterThread: Stopping because end time detected by thread: TCC order-show 1-48
2026-09-10 07:19:57,910 INFO o.a.j.t.JMeterThread: Thread finished: TCC order-show 1-48
2026-09-10 07:19:57,920 INFO o.a.j.t.JMeterThread: Stopping because end time detected by thread: TCC order-show 1-43
2026-09-10 07:19:57,921 INFO o.a.j.t.JMeterThread: Thread finished: TCC order-show 1-43
2026-09-10 07:19:57,931 INFO o.a.j.t.JMeterThread: Stopping because end time detected by thread: TCC order-show 1-5
2026-09-10 07:19:57,931 INFO o.a.j.t.JMeterThread: Thread finished: TCC order-show 1-5
2026-09-10 07:19:57,942 INFO o.a.j.t.JMeterThread: Stopping because end time detected by thread: TCC order-show 1-39
2026-09-10 07:19:57,942 INFO o.a.j.t.JMeterThread: Thread finished: TCC order-show 1-39
2026-09-10 07:19:57,952 INFO o.a.j.t.JMeterThread: Stopping because end time detected by thread: TCC order-show 1-50
2026-09-10 07:19:57,953 INFO o.a.j.t.JMeterThread: Thread finished: TCC order-show 1-50
2026-09-10 07:19:57,963 INFO o.a.j.t.JMeterThread: Stopping because end time detected by thread: TCC order-show 1-10
2026-09-10 07:19:57,963 INFO o.a.j.t.JMeterThread: Thread finished: TCC order-show 1-10
2026-09-10 07:19:57,974 INFO o.a.j.t.JMeterThread: Stopping because end time detected by thread: TCC order-show 1-25
2026-09-10 07:19:57,974 INFO o.a.j.t.JMeterThread: Thread finished: TCC order-show 1-25
2026-09-10 07:19:57,984 INFO o.a.j.t.JMeterThread: Stopping because end time detected by thread: TCC order-show 1-47
2026-09-10 07:19:57,984 INFO o.a.j.t.JMeterThread: Thread finished: TCC order-show 1-47
2026-09-10 07:19:57,984 INFO o.a.j.e.StandardJMeterEngine: Notifying test listeners of end of test
2026-09-10 07:19:57,987 INFO o.a.j.r.Summariser: summary +   2612 in 00:00:28 =   93.4/s Avg:   535 Min:   498 Max:   589 Err:     0 (0.00%) Active: 0 Started: 50 Finished: 50
2026-09-10 07:19:57,987 INFO o.a.j.r.Summariser: summary =  11105 in 00:02:01 =   92.1/s Avg:   538 Min:    22 Max:   849 Err:     0 (0.00%)
