2026-09-10 08:22:01,031 INFO o.a.j.u.JMeterUtils: Setting Locale to en_EN
2026-09-10 08:22:01,048 INFO o.a.j.JMeter: Loading user properties from: /home/avituo/projects/tcc/tcc-container/.tools/apache-jmeter-5.6.3/bin/user.properties
2026-09-10 08:22:01,048 INFO o.a.j.JMeter: Loading system properties from: /home/avituo/projects/tcc/tcc-container/.tools/apache-jmeter-5.6.3/bin/system.properties
2026-09-10 08:22:01,048 INFO o.a.j.JMeter: Loading additional properties from: /home/avituo/projects/tcc/tcc-container/benchmark/jmeter/benchmark.properties
2026-09-10 08:22:01,048 INFO o.a.j.JMeter: Loading additional properties from: /tmp/tcc-benchmark-auth.Dpmsh4/auth.properties
2026-09-10 08:22:01,048 INFO o.a.j.JMeter: Setting JMeter property: threads=10
2026-09-10 08:22:01,048 INFO o.a.j.JMeter: Setting JMeter property: duration_seconds=30
2026-09-10 08:22:01,048 INFO o.a.j.JMeter: Setting JMeter property: target_host=localhost
2026-09-10 08:22:01,048 INFO o.a.j.JMeter: Setting JMeter property: target_port=18080
2026-09-10 08:22:01,048 INFO o.a.j.JMeter: Setting JMeter property: tcc.order.id=20000000-0000-4000-8000-000000000001
2026-09-10 08:22:01,049 INFO o.a.j.JMeter: Setting JMeter property: repetition=3
2026-09-10 08:22:01,054 INFO o.a.j.JMeter: Copyright (c) 1998-2024 The Apache Software Foundation
2026-09-10 08:22:01,054 INFO o.a.j.JMeter: Version 5.6.3
2026-09-10 08:22:01,054 INFO o.a.j.JMeter: java.version=21.0.11
2026-09-10 08:22:01,054 INFO o.a.j.JMeter: java.vm.name=OpenJDK 64-Bit Server VM
2026-09-10 08:22:01,054 INFO o.a.j.JMeter: os.name=Linux
2026-09-10 08:22:01,054 INFO o.a.j.JMeter: os.arch=amd64
2026-09-10 08:22:01,054 INFO o.a.j.JMeter: os.version=7.0.11-76070011-generic
2026-09-10 08:22:01,054 INFO o.a.j.JMeter: file.encoding=UTF-8
2026-09-10 08:22:01,054 INFO o.a.j.JMeter: java.awt.headless=true
2026-09-10 08:22:01,054 INFO o.a.j.JMeter: Max memory     =1073741824
2026-09-10 08:22:01,054 INFO o.a.j.JMeter: Available Processors =16
2026-09-10 08:22:01,062 INFO o.a.j.JMeter: Default Locale=English (EN)
2026-09-10 08:22:01,062 INFO o.a.j.JMeter: JMeter  Locale=English (EN)
2026-09-10 08:22:01,062 INFO o.a.j.JMeter: JMeterHome=/home/avituo/projects/tcc/tcc-container/.tools/apache-jmeter-5.6.3
2026-09-10 08:22:01,062 INFO o.a.j.JMeter: user.dir  =/home/avituo/projects/tcc/tcc-container
2026-09-10 08:22:01,062 INFO o.a.j.JMeter: PWD       =/home/avituo/projects/tcc/tcc-container
2026-09-10 08:22:01,073 INFO o.a.j.JMeter: IP: 192.168.1.16 Name: pop-os FullName: pop-os.home
2026-09-10 08:22:01,086 INFO o.a.j.s.FileServer: Default base='/home/avituo/projects/tcc/tcc-container'
2026-09-10 08:22:01,089 INFO o.a.j.s.FileServer: Set new base='/home/avituo/projects/tcc/tcc-container/benchmark/jmeter'
2026-09-10 08:22:01,279 INFO o.a.j.s.SaveService: Testplan (JMX) version: 2.2. Testlog (JTL) version: 2.2
2026-09-10 08:22:01,307 INFO o.a.j.s.SaveService: Using SaveService properties version 5.0
2026-09-10 08:22:01,311 INFO o.a.j.s.SaveService: Using SaveService properties file encoding UTF-8
2026-09-10 08:22:01,316 INFO o.a.j.s.SaveService: Loading file: /home/avituo/projects/tcc/tcc-container/benchmark/jmeter/tcc-order-create-v1.jmx
2026-09-10 08:22:01,368 INFO o.a.j.p.h.s.HTTPSamplerBase: Parser for text/html is org.apache.jmeter.protocol.http.parser.LagartoBasedHtmlParser
2026-09-10 08:22:01,369 INFO o.a.j.p.h.s.HTTPSamplerBase: Parser for application/xhtml+xml is org.apache.jmeter.protocol.http.parser.LagartoBasedHtmlParser
2026-09-10 08:22:01,369 INFO o.a.j.p.h.s.HTTPSamplerBase: Parser for application/xml is org.apache.jmeter.protocol.http.parser.LagartoBasedHtmlParser
2026-09-10 08:22:01,369 INFO o.a.j.p.h.s.HTTPSamplerBase: Parser for text/xml is org.apache.jmeter.protocol.http.parser.LagartoBasedHtmlParser
2026-09-10 08:22:01,369 INFO o.a.j.p.h.s.HTTPSamplerBase: Parser for text/vnd.wap.wml is org.apache.jmeter.protocol.http.parser.RegexpHTMLParser
2026-09-10 08:22:01,369 INFO o.a.j.p.h.s.HTTPSamplerBase: Parser for text/css is org.apache.jmeter.protocol.http.parser.CssParser
2026-09-10 08:22:01,404 INFO o.a.j.JMeter: Creating summariser <summary>
2026-09-10 08:22:01,422 INFO o.a.j.e.StandardJMeterEngine: Running the test!
2026-09-10 08:22:01,423 INFO o.a.j.s.SampleEvent: List of sample_variables: []
2026-09-10 08:22:01,424 INFO o.a.j.s.SampleEvent: List of sample_variables: []
2026-09-10 08:22:01,428 INFO o.a.j.e.u.CompoundVariable: Note: Function class names must contain the string: '.functions.'
2026-09-10 08:22:01,429 INFO o.a.j.e.u.CompoundVariable: Note: Function class names must not contain the string: '.gui.'
2026-09-10 08:22:01,680 INFO o.a.j.JMeter: Running test (1789039321680)
2026-09-10 08:22:01,701 INFO o.a.j.e.StandardJMeterEngine: Starting ThreadGroup: 1 : TCC order-create
2026-09-10 08:22:01,702 INFO o.a.j.e.StandardJMeterEngine: Starting 10 threads for group TCC order-create.
2026-09-10 08:22:01,702 INFO o.a.j.e.StandardJMeterEngine: Thread will continue on error
2026-09-10 08:22:01,702 INFO o.a.j.t.ThreadGroup: Starting thread group... number=1 threads=10 ramp-up=0 delayedStart=false
2026-09-10 08:22:01,709 INFO o.a.j.t.JMeterThread: Thread started: TCC order-create 1-3
2026-09-10 08:22:01,709 INFO o.a.j.t.JMeterThread: Thread started: TCC order-create 1-1
2026-09-10 08:22:01,709 INFO o.a.j.t.JMeterThread: Thread started: TCC order-create 1-4
2026-09-10 08:22:01,709 INFO o.a.j.t.JMeterThread: Thread started: TCC order-create 1-2
2026-09-10 08:22:01,710 INFO o.a.j.t.JMeterThread: Thread started: TCC order-create 1-5
2026-09-10 08:22:01,710 INFO o.a.j.t.JMeterThread: Thread started: TCC order-create 1-6
2026-09-10 08:22:01,711 INFO o.a.j.t.JMeterThread: Thread started: TCC order-create 1-7
2026-09-10 08:22:01,712 INFO o.a.j.t.JMeterThread: Thread started: TCC order-create 1-8
2026-09-10 08:22:01,712 INFO o.a.j.t.JMeterThread: Thread started: TCC order-create 1-9
2026-09-10 08:22:01,713 INFO o.a.j.t.ThreadGroup: Started thread group number 1
2026-09-10 08:22:01,713 INFO o.a.j.e.StandardJMeterEngine: All thread groups have been started
2026-09-10 08:22:01,713 INFO o.a.j.t.JMeterThread: Thread started: TCC order-create 1-10
2026-09-10 08:22:02,419 INFO o.a.j.p.h.s.HTTPHCAbstractImpl: Local host = pop-os
2026-09-10 08:22:02,425 INFO o.a.j.p.h.s.HTTPHC4Impl: HTTP request retry count = 0
2026-09-10 08:22:02,426 INFO o.a.j.s.SampleResult: Note: Sample TimeStamps are START times
2026-09-10 08:22:02,426 INFO o.a.j.s.SampleResult: sampleresult.default.encoding is set to UTF-8
2026-09-10 08:22:02,426 INFO o.a.j.s.SampleResult: sampleresult.useNanoTime=true
2026-09-10 08:22:02,426 INFO o.a.j.s.SampleResult: sampleresult.nanoThreadSleep=5000
2026-09-10 08:22:02,920 INFO o.a.j.r.Summariser: summary +      1 in 00:00:01 =    0.8/s Avg:   393 Min:   393 Max:   393 Err:     0 (0.00%) Active: 10 Started: 10 Finished: 0
2026-09-10 08:22:30,049 INFO o.a.j.r.Summariser: summary +    511 in 00:00:27 =   18.8/s Avg:   532 Min:   281 Max:   781 Err:     0 (0.00%) Active: 10 Started: 10 Finished: 0
2026-09-10 08:22:30,049 INFO o.a.j.r.Summariser: summary =    512 in 00:00:28 =   18.0/s Avg:   531 Min:   281 Max:   781 Err:     0 (0.00%)
2026-09-10 08:22:31,734 INFO o.a.j.t.JMeterThread: Stopping because end time detected by thread: TCC order-create 1-10
2026-09-10 08:22:31,734 INFO o.a.j.t.JMeterThread: Thread finished: TCC order-create 1-10
2026-09-10 08:22:31,788 INFO o.a.j.t.JMeterThread: Stopping because end time detected by thread: TCC order-create 1-3
2026-09-10 08:22:31,788 INFO o.a.j.t.JMeterThread: Thread finished: TCC order-create 1-3
2026-09-10 08:22:31,840 INFO o.a.j.t.JMeterThread: Stopping because end time detected by thread: TCC order-create 1-1
2026-09-10 08:22:31,840 INFO o.a.j.t.JMeterThread: Thread finished: TCC order-create 1-1
2026-09-10 08:22:31,892 INFO o.a.j.t.JMeterThread: Stopping because end time detected by thread: TCC order-create 1-9
2026-09-10 08:22:31,892 INFO o.a.j.t.JMeterThread: Thread finished: TCC order-create 1-9
2026-09-10 08:22:31,945 INFO o.a.j.t.JMeterThread: Stopping because end time detected by thread: TCC order-create 1-8
2026-09-10 08:22:31,945 INFO o.a.j.t.JMeterThread: Thread finished: TCC order-create 1-8
2026-09-10 08:22:31,995 INFO o.a.j.t.JMeterThread: Stopping because end time detected by thread: TCC order-create 1-7
2026-09-10 08:22:31,995 INFO o.a.j.t.JMeterThread: Thread finished: TCC order-create 1-7
2026-09-10 08:22:32,047 INFO o.a.j.t.JMeterThread: Stopping because end time detected by thread: TCC order-create 1-5
2026-09-10 08:22:32,048 INFO o.a.j.t.JMeterThread: Thread finished: TCC order-create 1-5
2026-09-10 08:22:32,106 INFO o.a.j.t.JMeterThread: Stopping because end time detected by thread: TCC order-create 1-4
2026-09-10 08:22:32,107 INFO o.a.j.t.JMeterThread: Thread finished: TCC order-create 1-4
2026-09-10 08:22:32,161 INFO o.a.j.t.JMeterThread: Stopping because end time detected by thread: TCC order-create 1-6
2026-09-10 08:22:32,161 INFO o.a.j.t.JMeterThread: Thread finished: TCC order-create 1-6
2026-09-10 08:22:32,212 INFO o.a.j.t.JMeterThread: Stopping because end time detected by thread: TCC order-create 1-2
2026-09-10 08:22:32,212 INFO o.a.j.t.JMeterThread: Thread finished: TCC order-create 1-2
2026-09-10 08:22:32,212 INFO o.a.j.e.StandardJMeterEngine: Notifying test listeners of end of test
2026-09-10 08:22:32,215 INFO o.a.j.r.Summariser: summary +     41 in 00:00:02 =   18.9/s Avg:   525 Min:   511 Max:   548 Err:     0 (0.00%) Active: 0 Started: 10 Finished: 10
2026-09-10 08:22:32,215 INFO o.a.j.r.Summariser: summary =    553 in 00:00:31 =   18.1/s Avg:   531 Min:   281 Max:   781 Err:     0 (0.00%)
