2026-09-10 01:25:30,337 INFO o.a.j.u.JMeterUtils: Setting Locale to en_EN
2026-09-10 01:25:30,355 INFO o.a.j.JMeter: Loading user properties from: /home/avituo/projects/tcc/tcc-container/.tools/apache-jmeter-5.6.3/bin/user.properties
2026-09-10 01:25:30,356 INFO o.a.j.JMeter: Loading system properties from: /home/avituo/projects/tcc/tcc-container/.tools/apache-jmeter-5.6.3/bin/system.properties
2026-09-10 01:25:30,356 INFO o.a.j.JMeter: Loading additional properties from: /home/avituo/projects/tcc/tcc-container/benchmark/jmeter/benchmark.properties
2026-09-10 01:25:30,356 INFO o.a.j.JMeter: Loading additional properties from: /tmp/tcc-benchmark-auth.sglkW9/auth.properties
2026-09-10 01:25:30,356 INFO o.a.j.JMeter: Setting JMeter property: threads=10
2026-09-10 01:25:30,356 INFO o.a.j.JMeter: Setting JMeter property: duration_seconds=30
2026-09-10 01:25:30,356 INFO o.a.j.JMeter: Setting JMeter property: target_host=localhost
2026-09-10 01:25:30,356 INFO o.a.j.JMeter: Setting JMeter property: target_port=18080
2026-09-10 01:25:30,356 INFO o.a.j.JMeter: Setting JMeter property: tcc.order.id=20000000-0000-4000-8000-000000000001
2026-09-10 01:25:30,356 INFO o.a.j.JMeter: Setting JMeter property: repetition=5
2026-09-10 01:25:30,363 INFO o.a.j.JMeter: Copyright (c) 1998-2024 The Apache Software Foundation
2026-09-10 01:25:30,363 INFO o.a.j.JMeter: Version 5.6.3
2026-09-10 01:25:30,363 INFO o.a.j.JMeter: java.version=21.0.11
2026-09-10 01:25:30,363 INFO o.a.j.JMeter: java.vm.name=OpenJDK 64-Bit Server VM
2026-09-10 01:25:30,363 INFO o.a.j.JMeter: os.name=Linux
2026-09-10 01:25:30,363 INFO o.a.j.JMeter: os.arch=amd64
2026-09-10 01:25:30,363 INFO o.a.j.JMeter: os.version=7.0.11-76070011-generic
2026-09-10 01:25:30,363 INFO o.a.j.JMeter: file.encoding=UTF-8
2026-09-10 01:25:30,363 INFO o.a.j.JMeter: java.awt.headless=true
2026-09-10 01:25:30,363 INFO o.a.j.JMeter: Max memory     =1073741824
2026-09-10 01:25:30,363 INFO o.a.j.JMeter: Available Processors =16
2026-09-10 01:25:30,372 INFO o.a.j.JMeter: Default Locale=English (EN)
2026-09-10 01:25:30,372 INFO o.a.j.JMeter: JMeter  Locale=English (EN)
2026-09-10 01:25:30,372 INFO o.a.j.JMeter: JMeterHome=/home/avituo/projects/tcc/tcc-container/.tools/apache-jmeter-5.6.3
2026-09-10 01:25:30,372 INFO o.a.j.JMeter: user.dir  =/home/avituo/projects/tcc/tcc-container
2026-09-10 01:25:30,372 INFO o.a.j.JMeter: PWD       =/home/avituo/projects/tcc/tcc-container
2026-09-10 01:25:30,387 INFO o.a.j.JMeter: IP: 192.168.1.16 Name: pop-os FullName: pop-os.home
2026-09-10 01:25:30,399 INFO o.a.j.s.FileServer: Default base='/home/avituo/projects/tcc/tcc-container'
2026-09-10 01:25:30,401 INFO o.a.j.s.FileServer: Set new base='/home/avituo/projects/tcc/tcc-container/benchmark/jmeter'
2026-09-10 01:25:30,591 INFO o.a.j.s.SaveService: Testplan (JMX) version: 2.2. Testlog (JTL) version: 2.2
2026-09-10 01:25:30,615 INFO o.a.j.s.SaveService: Using SaveService properties version 5.0
2026-09-10 01:25:30,618 INFO o.a.j.s.SaveService: Using SaveService properties file encoding UTF-8
2026-09-10 01:25:30,622 INFO o.a.j.s.SaveService: Loading file: /home/avituo/projects/tcc/tcc-container/benchmark/jmeter/tcc-products-v1.jmx
2026-09-10 01:25:30,672 INFO o.a.j.p.h.s.HTTPSamplerBase: Parser for text/html is org.apache.jmeter.protocol.http.parser.LagartoBasedHtmlParser
2026-09-10 01:25:30,672 INFO o.a.j.p.h.s.HTTPSamplerBase: Parser for application/xhtml+xml is org.apache.jmeter.protocol.http.parser.LagartoBasedHtmlParser
2026-09-10 01:25:30,672 INFO o.a.j.p.h.s.HTTPSamplerBase: Parser for application/xml is org.apache.jmeter.protocol.http.parser.LagartoBasedHtmlParser
2026-09-10 01:25:30,672 INFO o.a.j.p.h.s.HTTPSamplerBase: Parser for text/xml is org.apache.jmeter.protocol.http.parser.LagartoBasedHtmlParser
2026-09-10 01:25:30,672 INFO o.a.j.p.h.s.HTTPSamplerBase: Parser for text/vnd.wap.wml is org.apache.jmeter.protocol.http.parser.RegexpHTMLParser
2026-09-10 01:25:30,672 INFO o.a.j.p.h.s.HTTPSamplerBase: Parser for text/css is org.apache.jmeter.protocol.http.parser.CssParser
2026-09-10 01:25:30,702 INFO o.a.j.JMeter: Creating summariser <summary>
2026-09-10 01:25:30,721 INFO o.a.j.e.StandardJMeterEngine: Running the test!
2026-09-10 01:25:30,721 INFO o.a.j.s.SampleEvent: List of sample_variables: []
2026-09-10 01:25:30,721 INFO o.a.j.s.SampleEvent: List of sample_variables: []
2026-09-10 01:25:30,728 INFO o.a.j.e.u.CompoundVariable: Note: Function class names must contain the string: '.functions.'
2026-09-10 01:25:30,728 INFO o.a.j.e.u.CompoundVariable: Note: Function class names must not contain the string: '.gui.'
2026-09-10 01:25:30,980 INFO o.a.j.JMeter: Running test (1789014330980)
2026-09-10 01:25:31,004 INFO o.a.j.e.StandardJMeterEngine: Starting ThreadGroup: 1 : TCC products
2026-09-10 01:25:31,004 INFO o.a.j.e.StandardJMeterEngine: Starting 10 threads for group TCC products.
2026-09-10 01:25:31,005 INFO o.a.j.e.StandardJMeterEngine: Thread will continue on error
2026-09-10 01:25:31,005 INFO o.a.j.t.ThreadGroup: Starting thread group... number=1 threads=10 ramp-up=0 delayedStart=false
2026-09-10 01:25:31,011 INFO o.a.j.t.JMeterThread: Thread started: TCC products 1-2
2026-09-10 01:25:31,011 INFO o.a.j.t.JMeterThread: Thread started: TCC products 1-1
2026-09-10 01:25:31,011 INFO o.a.j.t.JMeterThread: Thread started: TCC products 1-4
2026-09-10 01:25:31,011 INFO o.a.j.t.JMeterThread: Thread started: TCC products 1-5
2026-09-10 01:25:31,012 INFO o.a.j.t.JMeterThread: Thread started: TCC products 1-3
2026-09-10 01:25:31,012 INFO o.a.j.t.JMeterThread: Thread started: TCC products 1-6
2026-09-10 01:25:31,013 INFO o.a.j.t.JMeterThread: Thread started: TCC products 1-7
2026-09-10 01:25:31,013 INFO o.a.j.t.JMeterThread: Thread started: TCC products 1-8
2026-09-10 01:25:31,014 INFO o.a.j.t.JMeterThread: Thread started: TCC products 1-9
2026-09-10 01:25:31,014 INFO o.a.j.t.ThreadGroup: Started thread group number 1
2026-09-10 01:25:31,014 INFO o.a.j.e.StandardJMeterEngine: All thread groups have been started
2026-09-10 01:25:31,015 INFO o.a.j.t.JMeterThread: Thread started: TCC products 1-10
2026-09-10 01:25:31,028 INFO o.a.j.p.h.s.HTTPHCAbstractImpl: Local host = pop-os
2026-09-10 01:25:31,034 INFO o.a.j.p.h.s.HTTPHC4Impl: HTTP request retry count = 0
2026-09-10 01:25:31,035 INFO o.a.j.s.SampleResult: Note: Sample TimeStamps are START times
2026-09-10 01:25:31,035 INFO o.a.j.s.SampleResult: sampleresult.default.encoding is set to UTF-8
2026-09-10 01:25:31,035 INFO o.a.j.s.SampleResult: sampleresult.useNanoTime=true
2026-09-10 01:25:31,035 INFO o.a.j.s.SampleResult: sampleresult.nanoThreadSleep=5000
2026-09-10 01:25:32,034 INFO o.a.j.r.Summariser: summary +      1 in 00:00:01 =    1.0/s Avg:   172 Min:   172 Max:   172 Err:     0 (0.00%) Active: 10 Started: 10 Finished: 0
2026-09-10 01:26:00,006 INFO o.a.j.r.Summariser: summary +   3364 in 00:00:28 =  120.3/s Avg:    82 Min:    30 Max:   160 Err:     0 (0.00%) Active: 10 Started: 10 Finished: 0
2026-09-10 01:26:00,011 INFO o.a.j.r.Summariser: summary =   3365 in 00:00:29 =  115.9/s Avg:    82 Min:    30 Max:   172 Err:     0 (0.00%)
2026-09-10 01:26:01,013 INFO o.a.j.t.JMeterThread: Stopping because end time detected by thread: TCC products 1-9
2026-09-10 01:26:01,013 INFO o.a.j.t.JMeterThread: Thread finished: TCC products 1-9
2026-09-10 01:26:01,020 INFO o.a.j.t.JMeterThread: Stopping because end time detected by thread: TCC products 1-5
2026-09-10 01:26:01,021 INFO o.a.j.t.JMeterThread: Thread finished: TCC products 1-5
2026-09-10 01:26:01,030 INFO o.a.j.t.JMeterThread: Stopping because end time detected by thread: TCC products 1-3
2026-09-10 01:26:01,030 INFO o.a.j.t.JMeterThread: Thread finished: TCC products 1-3
2026-09-10 01:26:01,041 INFO o.a.j.t.JMeterThread: Stopping because end time detected by thread: TCC products 1-2
2026-09-10 01:26:01,041 INFO o.a.j.t.JMeterThread: Thread finished: TCC products 1-2
2026-09-10 01:26:01,052 INFO o.a.j.t.JMeterThread: Stopping because end time detected by thread: TCC products 1-6
2026-09-10 01:26:01,052 INFO o.a.j.t.JMeterThread: Thread finished: TCC products 1-6
2026-09-10 01:26:01,063 INFO o.a.j.t.JMeterThread: Stopping because end time detected by thread: TCC products 1-1
2026-09-10 01:26:01,063 INFO o.a.j.t.JMeterThread: Thread finished: TCC products 1-1
2026-09-10 01:26:01,071 INFO o.a.j.t.JMeterThread: Stopping because end time detected by thread: TCC products 1-10
2026-09-10 01:26:01,071 INFO o.a.j.t.JMeterThread: Thread finished: TCC products 1-10
2026-09-10 01:26:01,078 INFO o.a.j.t.JMeterThread: Stopping because end time detected by thread: TCC products 1-4
2026-09-10 01:26:01,079 INFO o.a.j.t.JMeterThread: Thread finished: TCC products 1-4
2026-09-10 01:26:01,087 INFO o.a.j.t.JMeterThread: Stopping because end time detected by thread: TCC products 1-7
2026-09-10 01:26:01,087 INFO o.a.j.t.JMeterThread: Thread finished: TCC products 1-7
2026-09-10 01:26:01,094 INFO o.a.j.t.JMeterThread: Stopping because end time detected by thread: TCC products 1-8
2026-09-10 01:26:01,094 INFO o.a.j.t.JMeterThread: Thread finished: TCC products 1-8
2026-09-10 01:26:01,095 INFO o.a.j.e.StandardJMeterEngine: Notifying test listeners of end of test
2026-09-10 01:26:01,098 INFO o.a.j.r.Summariser: summary +    136 in 00:00:01 =  124.7/s Avg:    79 Min:    74 Max:    88 Err:     0 (0.00%) Active: 0 Started: 10 Finished: 10
2026-09-10 01:26:01,098 INFO o.a.j.r.Summariser: summary =   3501 in 00:00:30 =  116.2/s Avg:    82 Min:    30 Max:   172 Err:     0 (0.00%)
