2026-09-10 10:22:28,960 INFO o.a.j.u.JMeterUtils: Setting Locale to en_EN
2026-09-10 10:22:28,979 INFO o.a.j.JMeter: Loading user properties from: /home/avituo/projects/tcc/tcc-container/.tools/apache-jmeter-5.6.3/bin/user.properties
2026-09-10 10:22:28,979 INFO o.a.j.JMeter: Loading system properties from: /home/avituo/projects/tcc/tcc-container/.tools/apache-jmeter-5.6.3/bin/system.properties
2026-09-10 10:22:28,979 INFO o.a.j.JMeter: Loading additional properties from: /home/avituo/projects/tcc/tcc-container/benchmark/jmeter/benchmark.properties
2026-09-10 10:22:28,979 INFO o.a.j.JMeter: Loading additional properties from: /tmp/tcc-benchmark-auth.UMx6Ha/auth.properties
2026-09-10 10:22:28,979 INFO o.a.j.JMeter: Loading additional properties from: /home/avituo/projects/tcc/tcc-container/benchmark/results/laravel-13.20.0/final/order-create/c100/r5/monolith/thread-counters.properties
2026-09-10 10:22:28,980 INFO o.a.j.JMeter: Setting JMeter property: threads=100
2026-09-10 10:22:28,980 INFO o.a.j.JMeter: Setting JMeter property: duration_seconds=120
2026-09-10 10:22:28,980 INFO o.a.j.JMeter: Setting JMeter property: target_host=localhost
2026-09-10 10:22:28,980 INFO o.a.j.JMeter: Setting JMeter property: target_port=18000
2026-09-10 10:22:28,980 INFO o.a.j.JMeter: Setting JMeter property: tcc.order.id=1
2026-09-10 10:22:28,980 INFO o.a.j.JMeter: Setting JMeter property: repetition=5
2026-09-10 10:22:28,990 INFO o.a.j.JMeter: Copyright (c) 1998-2024 The Apache Software Foundation
2026-09-10 10:22:28,990 INFO o.a.j.JMeter: Version 5.6.3
2026-09-10 10:22:28,990 INFO o.a.j.JMeter: java.version=21.0.11
2026-09-10 10:22:28,990 INFO o.a.j.JMeter: java.vm.name=OpenJDK 64-Bit Server VM
2026-09-10 10:22:28,990 INFO o.a.j.JMeter: os.name=Linux
2026-09-10 10:22:28,990 INFO o.a.j.JMeter: os.arch=amd64
2026-09-10 10:22:28,991 INFO o.a.j.JMeter: os.version=7.0.11-76070011-generic
2026-09-10 10:22:28,991 INFO o.a.j.JMeter: file.encoding=UTF-8
2026-09-10 10:22:28,991 INFO o.a.j.JMeter: java.awt.headless=true
2026-09-10 10:22:28,991 INFO o.a.j.JMeter: Max memory     =1073741824
2026-09-10 10:22:28,991 INFO o.a.j.JMeter: Available Processors =16
2026-09-10 10:22:28,998 INFO o.a.j.JMeter: Default Locale=English (EN)
2026-09-10 10:22:28,999 INFO o.a.j.JMeter: JMeter  Locale=English (EN)
2026-09-10 10:22:28,999 INFO o.a.j.JMeter: JMeterHome=/home/avituo/projects/tcc/tcc-container/.tools/apache-jmeter-5.6.3
2026-09-10 10:22:28,999 INFO o.a.j.JMeter: user.dir  =/home/avituo/projects/tcc/tcc-container
2026-09-10 10:22:28,999 INFO o.a.j.JMeter: PWD       =/home/avituo/projects/tcc/tcc-container
2026-09-10 10:22:29,007 INFO o.a.j.JMeter: IP: 192.168.1.16 Name: pop-os FullName: pop-os.home
2026-09-10 10:22:29,019 INFO o.a.j.s.FileServer: Default base='/home/avituo/projects/tcc/tcc-container'
2026-09-10 10:22:29,021 INFO o.a.j.s.FileServer: Set new base='/home/avituo/projects/tcc/tcc-container/benchmark/jmeter'
2026-09-10 10:22:29,211 INFO o.a.j.s.SaveService: Testplan (JMX) version: 2.2. Testlog (JTL) version: 2.2
2026-09-10 10:22:29,240 INFO o.a.j.s.SaveService: Using SaveService properties version 5.0
2026-09-10 10:22:29,243 INFO o.a.j.s.SaveService: Using SaveService properties file encoding UTF-8
2026-09-10 10:22:29,246 INFO o.a.j.s.SaveService: Loading file: /home/avituo/projects/tcc/tcc-container/benchmark/jmeter/tcc-order-create-v1.jmx
2026-09-10 10:22:29,298 INFO o.a.j.p.h.s.HTTPSamplerBase: Parser for text/html is org.apache.jmeter.protocol.http.parser.LagartoBasedHtmlParser
2026-09-10 10:22:29,298 INFO o.a.j.p.h.s.HTTPSamplerBase: Parser for application/xhtml+xml is org.apache.jmeter.protocol.http.parser.LagartoBasedHtmlParser
2026-09-10 10:22:29,298 INFO o.a.j.p.h.s.HTTPSamplerBase: Parser for application/xml is org.apache.jmeter.protocol.http.parser.LagartoBasedHtmlParser
2026-09-10 10:22:29,298 INFO o.a.j.p.h.s.HTTPSamplerBase: Parser for text/xml is org.apache.jmeter.protocol.http.parser.LagartoBasedHtmlParser
2026-09-10 10:22:29,298 INFO o.a.j.p.h.s.HTTPSamplerBase: Parser for text/vnd.wap.wml is org.apache.jmeter.protocol.http.parser.RegexpHTMLParser
2026-09-10 10:22:29,298 INFO o.a.j.p.h.s.HTTPSamplerBase: Parser for text/css is org.apache.jmeter.protocol.http.parser.CssParser
2026-09-10 10:22:29,330 INFO o.a.j.JMeter: Creating summariser <summary>
2026-09-10 10:22:29,347 INFO o.a.j.e.StandardJMeterEngine: Running the test!
2026-09-10 10:22:29,348 INFO o.a.j.s.SampleEvent: List of sample_variables: []
2026-09-10 10:22:29,348 INFO o.a.j.s.SampleEvent: List of sample_variables: []
2026-09-10 10:22:29,353 INFO o.a.j.e.u.CompoundVariable: Note: Function class names must contain the string: '.functions.'
2026-09-10 10:22:29,353 INFO o.a.j.e.u.CompoundVariable: Note: Function class names must not contain the string: '.gui.'
2026-09-10 10:22:29,603 INFO o.a.j.JMeter: Running test (1789046549603)
2026-09-10 10:22:29,623 INFO o.a.j.e.StandardJMeterEngine: Starting ThreadGroup: 1 : TCC order-create
2026-09-10 10:22:29,623 INFO o.a.j.e.StandardJMeterEngine: Starting 100 threads for group TCC order-create.
2026-09-10 10:22:29,623 INFO o.a.j.e.StandardJMeterEngine: Thread will continue on error
2026-09-10 10:22:29,623 INFO o.a.j.t.ThreadGroup: Starting thread group... number=1 threads=100 ramp-up=0 delayedStart=false
2026-09-10 10:22:29,629 INFO o.a.j.t.JMeterThread: Thread started: TCC order-create 1-3
2026-09-10 10:22:29,629 INFO o.a.j.t.JMeterThread: Thread started: TCC order-create 1-1
2026-09-10 10:22:29,630 INFO o.a.j.t.JMeterThread: Thread started: TCC order-create 1-2
2026-09-10 10:22:29,630 INFO o.a.j.t.JMeterThread: Thread started: TCC order-create 1-4
2026-09-10 10:22:29,631 INFO o.a.j.t.JMeterThread: Thread started: TCC order-create 1-5
2026-09-10 10:22:29,631 INFO o.a.j.t.JMeterThread: Thread started: TCC order-create 1-6
2026-09-10 10:22:29,632 INFO o.a.j.t.JMeterThread: Thread started: TCC order-create 1-7
2026-09-10 10:22:29,633 INFO o.a.j.t.JMeterThread: Thread started: TCC order-create 1-8
2026-09-10 10:22:29,634 INFO o.a.j.t.JMeterThread: Thread started: TCC order-create 1-9
2026-09-10 10:22:29,634 INFO o.a.j.t.JMeterThread: Thread started: TCC order-create 1-10
2026-09-10 10:22:29,635 INFO o.a.j.t.JMeterThread: Thread started: TCC order-create 1-11
2026-09-10 10:22:29,636 INFO o.a.j.t.JMeterThread: Thread started: TCC order-create 1-12
2026-09-10 10:22:29,637 INFO o.a.j.t.JMeterThread: Thread started: TCC order-create 1-13
2026-09-10 10:22:29,638 INFO o.a.j.t.JMeterThread: Thread started: TCC order-create 1-14
2026-09-10 10:22:29,639 INFO o.a.j.t.JMeterThread: Thread started: TCC order-create 1-15
2026-09-10 10:22:29,640 INFO o.a.j.t.JMeterThread: Thread started: TCC order-create 1-16
2026-09-10 10:22:29,641 INFO o.a.j.t.JMeterThread: Thread started: TCC order-create 1-17
2026-09-10 10:22:29,642 INFO o.a.j.t.JMeterThread: Thread started: TCC order-create 1-18
2026-09-10 10:22:29,643 INFO o.a.j.t.JMeterThread: Thread started: TCC order-create 1-19
2026-09-10 10:22:29,643 INFO o.a.j.t.JMeterThread: Thread started: TCC order-create 1-20
2026-09-10 10:22:29,644 INFO o.a.j.t.JMeterThread: Thread started: TCC order-create 1-21
2026-09-10 10:22:29,645 INFO o.a.j.t.JMeterThread: Thread started: TCC order-create 1-22
2026-09-10 10:22:29,645 INFO o.a.j.t.JMeterThread: Thread started: TCC order-create 1-23
2026-09-10 10:22:29,646 INFO o.a.j.t.JMeterThread: Thread started: TCC order-create 1-24
2026-09-10 10:22:29,646 INFO o.a.j.t.JMeterThread: Thread started: TCC order-create 1-25
2026-09-10 10:22:29,647 INFO o.a.j.t.JMeterThread: Thread started: TCC order-create 1-26
2026-09-10 10:22:29,647 INFO o.a.j.t.JMeterThread: Thread started: TCC order-create 1-27
2026-09-10 10:22:29,647 INFO o.a.j.t.JMeterThread: Thread started: TCC order-create 1-28
2026-09-10 10:22:29,648 INFO o.a.j.t.JMeterThread: Thread started: TCC order-create 1-29
2026-09-10 10:22:29,648 INFO o.a.j.t.JMeterThread: Thread started: TCC order-create 1-30
2026-09-10 10:22:29,649 INFO o.a.j.t.JMeterThread: Thread started: TCC order-create 1-31
2026-09-10 10:22:29,650 INFO o.a.j.t.JMeterThread: Thread started: TCC order-create 1-32
2026-09-10 10:22:29,650 INFO o.a.j.t.JMeterThread: Thread started: TCC order-create 1-33
2026-09-10 10:22:29,651 INFO o.a.j.t.JMeterThread: Thread started: TCC order-create 1-34
2026-09-10 10:22:29,651 INFO o.a.j.t.JMeterThread: Thread started: TCC order-create 1-35
2026-09-10 10:22:29,652 INFO o.a.j.t.JMeterThread: Thread started: TCC order-create 1-36
2026-09-10 10:22:29,653 INFO o.a.j.t.JMeterThread: Thread started: TCC order-create 1-37
2026-09-10 10:22:29,654 INFO o.a.j.t.JMeterThread: Thread started: TCC order-create 1-38
2026-09-10 10:22:29,657 INFO o.a.j.t.JMeterThread: Thread started: TCC order-create 1-39
2026-09-10 10:22:29,658 INFO o.a.j.t.JMeterThread: Thread started: TCC order-create 1-40
2026-09-10 10:22:29,659 INFO o.a.j.t.JMeterThread: Thread started: TCC order-create 1-41
2026-09-10 10:22:29,660 INFO o.a.j.t.JMeterThread: Thread started: TCC order-create 1-42
2026-09-10 10:22:29,661 INFO o.a.j.t.JMeterThread: Thread started: TCC order-create 1-43
2026-09-10 10:22:29,662 INFO o.a.j.t.JMeterThread: Thread started: TCC order-create 1-44
2026-09-10 10:22:29,662 INFO o.a.j.t.JMeterThread: Thread started: TCC order-create 1-45
2026-09-10 10:22:29,663 INFO o.a.j.t.JMeterThread: Thread started: TCC order-create 1-46
2026-09-10 10:22:29,664 INFO o.a.j.t.JMeterThread: Thread started: TCC order-create 1-47
2026-09-10 10:22:29,665 INFO o.a.j.t.JMeterThread: Thread started: TCC order-create 1-48
2026-09-10 10:22:29,665 INFO o.a.j.t.JMeterThread: Thread started: TCC order-create 1-49
2026-09-10 10:22:29,666 INFO o.a.j.t.JMeterThread: Thread started: TCC order-create 1-50
2026-09-10 10:22:29,668 INFO o.a.j.t.JMeterThread: Thread started: TCC order-create 1-51
2026-09-10 10:22:29,669 INFO o.a.j.t.JMeterThread: Thread started: TCC order-create 1-52
2026-09-10 10:22:29,670 INFO o.a.j.t.JMeterThread: Thread started: TCC order-create 1-53
2026-09-10 10:22:29,670 INFO o.a.j.t.JMeterThread: Thread started: TCC order-create 1-54
2026-09-10 10:22:29,671 INFO o.a.j.t.JMeterThread: Thread started: TCC order-create 1-55
2026-09-10 10:22:29,672 INFO o.a.j.t.JMeterThread: Thread started: TCC order-create 1-56
2026-09-10 10:22:29,673 INFO o.a.j.t.JMeterThread: Thread started: TCC order-create 1-57
2026-09-10 10:22:29,674 INFO o.a.j.t.JMeterThread: Thread started: TCC order-create 1-58
2026-09-10 10:22:29,677 INFO o.a.j.t.JMeterThread: Thread started: TCC order-create 1-59
2026-09-10 10:22:29,678 INFO o.a.j.t.JMeterThread: Thread started: TCC order-create 1-60
2026-09-10 10:22:29,679 INFO o.a.j.t.JMeterThread: Thread started: TCC order-create 1-61
2026-09-10 10:22:29,679 INFO o.a.j.t.JMeterThread: Thread started: TCC order-create 1-62
2026-09-10 10:22:29,681 INFO o.a.j.t.JMeterThread: Thread started: TCC order-create 1-63
2026-09-10 10:22:29,681 INFO o.a.j.t.JMeterThread: Thread started: TCC order-create 1-64
2026-09-10 10:22:29,682 INFO o.a.j.t.JMeterThread: Thread started: TCC order-create 1-65
2026-09-10 10:22:29,683 INFO o.a.j.t.JMeterThread: Thread started: TCC order-create 1-66
2026-09-10 10:22:29,683 INFO o.a.j.t.JMeterThread: Thread started: TCC order-create 1-67
2026-09-10 10:22:29,684 INFO o.a.j.t.JMeterThread: Thread started: TCC order-create 1-68
2026-09-10 10:22:29,685 INFO o.a.j.t.JMeterThread: Thread started: TCC order-create 1-69
2026-09-10 10:22:29,686 INFO o.a.j.t.JMeterThread: Thread started: TCC order-create 1-70
2026-09-10 10:22:29,687 INFO o.a.j.t.JMeterThread: Thread started: TCC order-create 1-71
2026-09-10 10:22:29,688 INFO o.a.j.t.JMeterThread: Thread started: TCC order-create 1-72
2026-09-10 10:22:29,689 INFO o.a.j.t.JMeterThread: Thread started: TCC order-create 1-73
2026-09-10 10:22:29,689 INFO o.a.j.t.JMeterThread: Thread started: TCC order-create 1-74
2026-09-10 10:22:29,690 INFO o.a.j.t.JMeterThread: Thread started: TCC order-create 1-75
2026-09-10 10:22:29,691 INFO o.a.j.t.JMeterThread: Thread started: TCC order-create 1-76
2026-09-10 10:22:29,692 INFO o.a.j.t.JMeterThread: Thread started: TCC order-create 1-77
2026-09-10 10:22:29,693 INFO o.a.j.t.JMeterThread: Thread started: TCC order-create 1-78
2026-09-10 10:22:29,694 INFO o.a.j.t.JMeterThread: Thread started: TCC order-create 1-79
2026-09-10 10:22:29,695 INFO o.a.j.t.JMeterThread: Thread started: TCC order-create 1-80
2026-09-10 10:22:29,696 INFO o.a.j.t.JMeterThread: Thread started: TCC order-create 1-81
2026-09-10 10:22:29,696 INFO o.a.j.t.JMeterThread: Thread started: TCC order-create 1-82
2026-09-10 10:22:29,697 INFO o.a.j.t.JMeterThread: Thread started: TCC order-create 1-83
2026-09-10 10:22:29,699 INFO o.a.j.t.JMeterThread: Thread started: TCC order-create 1-84
2026-09-10 10:22:29,699 INFO o.a.j.t.JMeterThread: Thread started: TCC order-create 1-85
2026-09-10 10:22:29,700 INFO o.a.j.t.JMeterThread: Thread started: TCC order-create 1-86
2026-09-10 10:22:29,701 INFO o.a.j.t.JMeterThread: Thread started: TCC order-create 1-87
2026-09-10 10:22:29,701 INFO o.a.j.t.JMeterThread: Thread started: TCC order-create 1-88
2026-09-10 10:22:29,702 INFO o.a.j.t.JMeterThread: Thread started: TCC order-create 1-89
2026-09-10 10:22:29,703 INFO o.a.j.t.JMeterThread: Thread started: TCC order-create 1-90
2026-09-10 10:22:29,704 INFO o.a.j.t.JMeterThread: Thread started: TCC order-create 1-91
2026-09-10 10:22:29,705 INFO o.a.j.t.JMeterThread: Thread started: TCC order-create 1-92
2026-09-10 10:22:29,706 INFO o.a.j.t.JMeterThread: Thread started: TCC order-create 1-93
2026-09-10 10:22:29,706 INFO o.a.j.t.JMeterThread: Thread started: TCC order-create 1-94
2026-09-10 10:22:29,707 INFO o.a.j.t.JMeterThread: Thread started: TCC order-create 1-95
2026-09-10 10:22:29,708 INFO o.a.j.t.JMeterThread: Thread started: TCC order-create 1-96
2026-09-10 10:22:29,709 INFO o.a.j.t.JMeterThread: Thread started: TCC order-create 1-97
2026-09-10 10:22:29,711 INFO o.a.j.t.JMeterThread: Thread started: TCC order-create 1-98
2026-09-10 10:22:29,712 INFO o.a.j.t.JMeterThread: Thread started: TCC order-create 1-99
2026-09-10 10:22:29,713 INFO o.a.j.t.ThreadGroup: Started thread group number 1
2026-09-10 10:22:29,713 INFO o.a.j.e.StandardJMeterEngine: All thread groups have been started
2026-09-10 10:22:29,713 INFO o.a.j.t.JMeterThread: Thread started: TCC order-create 1-100
2026-09-10 10:22:30,416 INFO o.a.j.p.h.s.HTTPHCAbstractImpl: Local host = pop-os
2026-09-10 10:22:30,424 INFO o.a.j.p.h.s.HTTPHC4Impl: HTTP request retry count = 0
2026-09-10 10:22:30,425 INFO o.a.j.s.SampleResult: Note: Sample TimeStamps are START times
2026-09-10 10:22:30,425 INFO o.a.j.s.SampleResult: sampleresult.default.encoding is set to UTF-8
2026-09-10 10:22:30,426 INFO o.a.j.s.SampleResult: sampleresult.useNanoTime=true
2026-09-10 10:22:30,426 INFO o.a.j.s.SampleResult: sampleresult.nanoThreadSleep=5000
2026-09-10 10:22:30,810 INFO o.a.j.r.Summariser: summary +      1 in 00:00:01 =    0.8/s Avg:   276 Min:   276 Max:   276 Err:     0 (0.00%) Active: 100 Started: 100 Finished: 0
2026-09-10 10:23:00,029 INFO o.a.j.r.Summariser: summary +   1125 in 00:00:29 =   38.5/s Avg:  2508 Min:   113 Max:  2743 Err:     0 (0.00%) Active: 100 Started: 100 Finished: 0
2026-09-10 10:23:00,029 INFO o.a.j.r.Summariser: summary =   1126 in 00:00:30 =   37.0/s Avg:  2506 Min:   113 Max:  2743 Err:     0 (0.00%)
2026-09-10 10:23:30,012 INFO o.a.j.r.Summariser: summary +   1127 in 00:00:30 =   37.6/s Avg:  2654 Min:  2520 Max:  2891 Err:     0 (0.00%) Active: 100 Started: 100 Finished: 0
2026-09-10 10:23:30,012 INFO o.a.j.r.Summariser: summary =   2253 in 00:01:00 =   37.3/s Avg:  2580 Min:   113 Max:  2891 Err:     0 (0.00%)
2026-09-10 10:24:00,030 INFO o.a.j.r.Summariser: summary +   1139 in 00:00:30 =   37.9/s Avg:  2634 Min:  2512 Max:  2739 Err:     0 (0.00%) Active: 100 Started: 100 Finished: 0
2026-09-10 10:24:00,030 INFO o.a.j.r.Summariser: summary =   3392 in 00:01:30 =   37.5/s Avg:  2598 Min:   113 Max:  2891 Err:     0 (0.00%)
2026-09-10 10:24:29,654 INFO o.a.j.t.JMeterThread: Stopping because end time detected by thread: TCC order-create 1-17
2026-09-10 10:24:29,654 INFO o.a.j.t.JMeterThread: Thread finished: TCC order-create 1-17
2026-09-10 10:24:29,679 INFO o.a.j.t.JMeterThread: Stopping because end time detected by thread: TCC order-create 1-60
2026-09-10 10:24:29,679 INFO o.a.j.t.JMeterThread: Thread finished: TCC order-create 1-60
2026-09-10 10:24:29,703 INFO o.a.j.t.JMeterThread: Stopping because end time detected by thread: TCC order-create 1-57
2026-09-10 10:24:29,704 INFO o.a.j.t.JMeterThread: Thread finished: TCC order-create 1-57
2026-09-10 10:24:29,727 INFO o.a.j.t.JMeterThread: Stopping because end time detected by thread: TCC order-create 1-5
2026-09-10 10:24:29,727 INFO o.a.j.t.JMeterThread: Thread finished: TCC order-create 1-5
2026-09-10 10:24:29,754 INFO o.a.j.t.JMeterThread: Stopping because end time detected by thread: TCC order-create 1-100
2026-09-10 10:24:29,754 INFO o.a.j.t.JMeterThread: Thread finished: TCC order-create 1-100
2026-09-10 10:24:29,777 INFO o.a.j.t.JMeterThread: Stopping because end time detected by thread: TCC order-create 1-65
2026-09-10 10:24:29,777 INFO o.a.j.t.JMeterThread: Thread finished: TCC order-create 1-65
2026-09-10 10:24:29,803 INFO o.a.j.t.JMeterThread: Stopping because end time detected by thread: TCC order-create 1-19
2026-09-10 10:24:29,803 INFO o.a.j.t.JMeterThread: Thread finished: TCC order-create 1-19
2026-09-10 10:24:29,828 INFO o.a.j.t.JMeterThread: Stopping because end time detected by thread: TCC order-create 1-88
2026-09-10 10:24:29,828 INFO o.a.j.t.JMeterThread: Thread finished: TCC order-create 1-88
2026-09-10 10:24:29,854 INFO o.a.j.t.JMeterThread: Stopping because end time detected by thread: TCC order-create 1-54
2026-09-10 10:24:29,854 INFO o.a.j.t.JMeterThread: Thread finished: TCC order-create 1-54
2026-09-10 10:24:29,878 INFO o.a.j.t.JMeterThread: Stopping because end time detected by thread: TCC order-create 1-37
2026-09-10 10:24:29,878 INFO o.a.j.t.JMeterThread: Thread finished: TCC order-create 1-37
2026-09-10 10:24:29,902 INFO o.a.j.t.JMeterThread: Stopping because end time detected by thread: TCC order-create 1-36
2026-09-10 10:24:29,902 INFO o.a.j.t.JMeterThread: Thread finished: TCC order-create 1-36
2026-09-10 10:24:29,926 INFO o.a.j.t.JMeterThread: Stopping because end time detected by thread: TCC order-create 1-98
2026-09-10 10:24:29,926 INFO o.a.j.t.JMeterThread: Thread finished: TCC order-create 1-98
2026-09-10 10:24:29,951 INFO o.a.j.t.JMeterThread: Stopping because end time detected by thread: TCC order-create 1-72
2026-09-10 10:24:29,951 INFO o.a.j.t.JMeterThread: Thread finished: TCC order-create 1-72
2026-09-10 10:24:29,976 INFO o.a.j.t.JMeterThread: Stopping because end time detected by thread: TCC order-create 1-75
2026-09-10 10:24:29,976 INFO o.a.j.t.JMeterThread: Thread finished: TCC order-create 1-75
2026-09-10 10:24:30,001 INFO o.a.j.r.Summariser: summary +   1118 in 00:00:30 =   37.3/s Avg:  2686 Min:  2501 Max:  2919 Err:     0 (0.00%) Active: 86 Started: 100 Finished: 14
2026-09-10 10:24:30,001 INFO o.a.j.r.Summariser: summary =   4510 in 00:02:00 =   37.5/s Avg:  2620 Min:   113 Max:  2919 Err:     0 (0.00%)
2026-09-10 10:24:30,001 INFO o.a.j.t.JMeterThread: Stopping because end time detected by thread: TCC order-create 1-73
2026-09-10 10:24:30,001 INFO o.a.j.t.JMeterThread: Thread finished: TCC order-create 1-73
2026-09-10 10:24:30,036 INFO o.a.j.t.JMeterThread: Stopping because end time detected by thread: TCC order-create 1-30
2026-09-10 10:24:30,036 INFO o.a.j.t.JMeterThread: Thread finished: TCC order-create 1-30
2026-09-10 10:24:30,061 INFO o.a.j.t.JMeterThread: Stopping because end time detected by thread: TCC order-create 1-86
2026-09-10 10:24:30,061 INFO o.a.j.t.JMeterThread: Thread finished: TCC order-create 1-86
2026-09-10 10:24:30,086 INFO o.a.j.t.JMeterThread: Stopping because end time detected by thread: TCC order-create 1-68
2026-09-10 10:24:30,086 INFO o.a.j.t.JMeterThread: Thread finished: TCC order-create 1-68
2026-09-10 10:24:30,110 INFO o.a.j.t.JMeterThread: Stopping because end time detected by thread: TCC order-create 1-50
2026-09-10 10:24:30,110 INFO o.a.j.t.JMeterThread: Thread finished: TCC order-create 1-50
2026-09-10 10:24:30,136 INFO o.a.j.t.JMeterThread: Stopping because end time detected by thread: TCC order-create 1-31
2026-09-10 10:24:30,136 INFO o.a.j.t.JMeterThread: Thread finished: TCC order-create 1-31
2026-09-10 10:24:30,160 INFO o.a.j.t.JMeterThread: Stopping because end time detected by thread: TCC order-create 1-44
2026-09-10 10:24:30,160 INFO o.a.j.t.JMeterThread: Thread finished: TCC order-create 1-44
2026-09-10 10:24:30,184 INFO o.a.j.t.JMeterThread: Stopping because end time detected by thread: TCC order-create 1-2
2026-09-10 10:24:30,184 INFO o.a.j.t.JMeterThread: Thread finished: TCC order-create 1-2
2026-09-10 10:24:30,211 INFO o.a.j.t.JMeterThread: Stopping because end time detected by thread: TCC order-create 1-45
2026-09-10 10:24:30,211 INFO o.a.j.t.JMeterThread: Thread finished: TCC order-create 1-45
2026-09-10 10:24:30,236 INFO o.a.j.t.JMeterThread: Stopping because end time detected by thread: TCC order-create 1-24
2026-09-10 10:24:30,236 INFO o.a.j.t.JMeterThread: Thread finished: TCC order-create 1-24
2026-09-10 10:24:30,261 INFO o.a.j.t.JMeterThread: Stopping because end time detected by thread: TCC order-create 1-42
2026-09-10 10:24:30,262 INFO o.a.j.t.JMeterThread: Thread finished: TCC order-create 1-42
2026-09-10 10:24:30,286 INFO o.a.j.t.JMeterThread: Stopping because end time detected by thread: TCC order-create 1-38
2026-09-10 10:24:30,287 INFO o.a.j.t.JMeterThread: Thread finished: TCC order-create 1-38
2026-09-10 10:24:30,311 INFO o.a.j.t.JMeterThread: Stopping because end time detected by thread: TCC order-create 1-93
2026-09-10 10:24:30,311 INFO o.a.j.t.JMeterThread: Thread finished: TCC order-create 1-93
2026-09-10 10:24:30,336 INFO o.a.j.t.JMeterThread: Stopping because end time detected by thread: TCC order-create 1-32
2026-09-10 10:24:30,337 INFO o.a.j.t.JMeterThread: Thread finished: TCC order-create 1-32
2026-09-10 10:24:30,362 INFO o.a.j.t.JMeterThread: Stopping because end time detected by thread: TCC order-create 1-63
2026-09-10 10:24:30,362 INFO o.a.j.t.JMeterThread: Thread finished: TCC order-create 1-63
2026-09-10 10:24:30,387 INFO o.a.j.t.JMeterThread: Stopping because end time detected by thread: TCC order-create 1-80
2026-09-10 10:24:30,387 INFO o.a.j.t.JMeterThread: Thread finished: TCC order-create 1-80
2026-09-10 10:24:30,412 INFO o.a.j.t.JMeterThread: Stopping because end time detected by thread: TCC order-create 1-92
2026-09-10 10:24:30,413 INFO o.a.j.t.JMeterThread: Thread finished: TCC order-create 1-92
2026-09-10 10:24:30,439 INFO o.a.j.t.JMeterThread: Stopping because end time detected by thread: TCC order-create 1-52
2026-09-10 10:24:30,439 INFO o.a.j.t.JMeterThread: Thread finished: TCC order-create 1-52
2026-09-10 10:24:30,466 INFO o.a.j.t.JMeterThread: Stopping because end time detected by thread: TCC order-create 1-14
2026-09-10 10:24:30,466 INFO o.a.j.t.JMeterThread: Thread finished: TCC order-create 1-14
2026-09-10 10:24:30,489 INFO o.a.j.t.JMeterThread: Stopping because end time detected by thread: TCC order-create 1-41
2026-09-10 10:24:30,489 INFO o.a.j.t.JMeterThread: Thread finished: TCC order-create 1-41
2026-09-10 10:24:30,513 INFO o.a.j.t.JMeterThread: Stopping because end time detected by thread: TCC order-create 1-85
2026-09-10 10:24:30,513 INFO o.a.j.t.JMeterThread: Thread finished: TCC order-create 1-85
2026-09-10 10:24:30,539 INFO o.a.j.t.JMeterThread: Stopping because end time detected by thread: TCC order-create 1-3
2026-09-10 10:24:30,539 INFO o.a.j.t.JMeterThread: Thread finished: TCC order-create 1-3
2026-09-10 10:24:30,563 INFO o.a.j.t.JMeterThread: Stopping because end time detected by thread: TCC order-create 1-40
2026-09-10 10:24:30,563 INFO o.a.j.t.JMeterThread: Thread finished: TCC order-create 1-40
2026-09-10 10:24:30,585 INFO o.a.j.t.JMeterThread: Stopping because end time detected by thread: TCC order-create 1-71
2026-09-10 10:24:30,585 INFO o.a.j.t.JMeterThread: Thread finished: TCC order-create 1-71
2026-09-10 10:24:30,609 INFO o.a.j.t.JMeterThread: Stopping because end time detected by thread: TCC order-create 1-35
2026-09-10 10:24:30,609 INFO o.a.j.t.JMeterThread: Thread finished: TCC order-create 1-35
2026-09-10 10:24:30,634 INFO o.a.j.t.JMeterThread: Stopping because end time detected by thread: TCC order-create 1-49
2026-09-10 10:24:30,635 INFO o.a.j.t.JMeterThread: Thread finished: TCC order-create 1-49
2026-09-10 10:24:30,659 INFO o.a.j.t.JMeterThread: Stopping because end time detected by thread: TCC order-create 1-79
2026-09-10 10:24:30,659 INFO o.a.j.t.JMeterThread: Thread finished: TCC order-create 1-79
2026-09-10 10:24:30,685 INFO o.a.j.t.JMeterThread: Stopping because end time detected by thread: TCC order-create 1-15
2026-09-10 10:24:30,686 INFO o.a.j.t.JMeterThread: Thread finished: TCC order-create 1-15
2026-09-10 10:24:30,709 INFO o.a.j.t.JMeterThread: Stopping because end time detected by thread: TCC order-create 1-27
2026-09-10 10:24:30,710 INFO o.a.j.t.JMeterThread: Thread finished: TCC order-create 1-27
2026-09-10 10:24:30,736 INFO o.a.j.t.JMeterThread: Stopping because end time detected by thread: TCC order-create 1-95
2026-09-10 10:24:30,736 INFO o.a.j.t.JMeterThread: Thread finished: TCC order-create 1-95
2026-09-10 10:24:30,760 INFO o.a.j.t.JMeterThread: Stopping because end time detected by thread: TCC order-create 1-4
2026-09-10 10:24:30,760 INFO o.a.j.t.JMeterThread: Thread finished: TCC order-create 1-4
2026-09-10 10:24:30,784 INFO o.a.j.t.JMeterThread: Stopping because end time detected by thread: TCC order-create 1-77
2026-09-10 10:24:30,785 INFO o.a.j.t.JMeterThread: Thread finished: TCC order-create 1-77
2026-09-10 10:24:30,810 INFO o.a.j.t.JMeterThread: Stopping because end time detected by thread: TCC order-create 1-62
2026-09-10 10:24:30,810 INFO o.a.j.t.JMeterThread: Thread finished: TCC order-create 1-62
2026-09-10 10:24:30,836 INFO o.a.j.t.JMeterThread: Stopping because end time detected by thread: TCC order-create 1-20
2026-09-10 10:24:30,836 INFO o.a.j.t.JMeterThread: Thread finished: TCC order-create 1-20
2026-09-10 10:24:30,860 INFO o.a.j.t.JMeterThread: Stopping because end time detected by thread: TCC order-create 1-66
2026-09-10 10:24:30,860 INFO o.a.j.t.JMeterThread: Thread finished: TCC order-create 1-66
2026-09-10 10:24:30,885 INFO o.a.j.t.JMeterThread: Stopping because end time detected by thread: TCC order-create 1-69
2026-09-10 10:24:30,885 INFO o.a.j.t.JMeterThread: Thread finished: TCC order-create 1-69
2026-09-10 10:24:30,910 INFO o.a.j.t.JMeterThread: Stopping because end time detected by thread: TCC order-create 1-67
2026-09-10 10:24:30,910 INFO o.a.j.t.JMeterThread: Thread finished: TCC order-create 1-67
2026-09-10 10:24:30,937 INFO o.a.j.t.JMeterThread: Stopping because end time detected by thread: TCC order-create 1-28
2026-09-10 10:24:30,937 INFO o.a.j.t.JMeterThread: Thread finished: TCC order-create 1-28
2026-09-10 10:24:30,965 INFO o.a.j.t.JMeterThread: Stopping because end time detected by thread: TCC order-create 1-76
2026-09-10 10:24:30,965 INFO o.a.j.t.JMeterThread: Thread finished: TCC order-create 1-76
2026-09-10 10:24:30,991 INFO o.a.j.t.JMeterThread: Stopping because end time detected by thread: TCC order-create 1-99
2026-09-10 10:24:30,991 INFO o.a.j.t.JMeterThread: Thread finished: TCC order-create 1-99
2026-09-10 10:24:31,026 INFO o.a.j.t.JMeterThread: Stopping because end time detected by thread: TCC order-create 1-84
2026-09-10 10:24:31,026 INFO o.a.j.t.JMeterThread: Thread finished: TCC order-create 1-84
2026-09-10 10:24:31,051 INFO o.a.j.t.JMeterThread: Stopping because end time detected by thread: TCC order-create 1-64
2026-09-10 10:24:31,051 INFO o.a.j.t.JMeterThread: Thread finished: TCC order-create 1-64
2026-09-10 10:24:31,077 INFO o.a.j.t.JMeterThread: Stopping because end time detected by thread: TCC order-create 1-48
2026-09-10 10:24:31,077 INFO o.a.j.t.JMeterThread: Thread finished: TCC order-create 1-48
2026-09-10 10:24:31,104 INFO o.a.j.t.JMeterThread: Stopping because end time detected by thread: TCC order-create 1-89
2026-09-10 10:24:31,104 INFO o.a.j.t.JMeterThread: Thread finished: TCC order-create 1-89
2026-09-10 10:24:31,129 INFO o.a.j.t.JMeterThread: Stopping because end time detected by thread: TCC order-create 1-55
2026-09-10 10:24:31,129 INFO o.a.j.t.JMeterThread: Thread finished: TCC order-create 1-55
2026-09-10 10:24:31,155 INFO o.a.j.t.JMeterThread: Stopping because end time detected by thread: TCC order-create 1-53
2026-09-10 10:24:31,155 INFO o.a.j.t.JMeterThread: Thread finished: TCC order-create 1-53
2026-09-10 10:24:31,181 INFO o.a.j.t.JMeterThread: Stopping because end time detected by thread: TCC order-create 1-51
2026-09-10 10:24:31,182 INFO o.a.j.t.JMeterThread: Thread finished: TCC order-create 1-51
2026-09-10 10:24:31,207 INFO o.a.j.t.JMeterThread: Stopping because end time detected by thread: TCC order-create 1-39
2026-09-10 10:24:31,207 INFO o.a.j.t.JMeterThread: Thread finished: TCC order-create 1-39
2026-09-10 10:24:31,232 INFO o.a.j.t.JMeterThread: Stopping because end time detected by thread: TCC order-create 1-87
2026-09-10 10:24:31,233 INFO o.a.j.t.JMeterThread: Thread finished: TCC order-create 1-87
2026-09-10 10:24:31,257 INFO o.a.j.t.JMeterThread: Stopping because end time detected by thread: TCC order-create 1-96
2026-09-10 10:24:31,257 INFO o.a.j.t.JMeterThread: Thread finished: TCC order-create 1-96
2026-09-10 10:24:31,282 INFO o.a.j.t.JMeterThread: Stopping because end time detected by thread: TCC order-create 1-59
2026-09-10 10:24:31,282 INFO o.a.j.t.JMeterThread: Thread finished: TCC order-create 1-59
2026-09-10 10:24:31,309 INFO o.a.j.t.JMeterThread: Stopping because end time detected by thread: TCC order-create 1-26
2026-09-10 10:24:31,309 INFO o.a.j.t.JMeterThread: Thread finished: TCC order-create 1-26
2026-09-10 10:24:31,333 INFO o.a.j.t.JMeterThread: Stopping because end time detected by thread: TCC order-create 1-23
2026-09-10 10:24:31,333 INFO o.a.j.t.JMeterThread: Thread finished: TCC order-create 1-23
2026-09-10 10:24:31,358 INFO o.a.j.t.JMeterThread: Stopping because end time detected by thread: TCC order-create 1-6
2026-09-10 10:24:31,358 INFO o.a.j.t.JMeterThread: Thread finished: TCC order-create 1-6
2026-09-10 10:24:31,382 INFO o.a.j.t.JMeterThread: Stopping because end time detected by thread: TCC order-create 1-1
2026-09-10 10:24:31,382 INFO o.a.j.t.JMeterThread: Thread finished: TCC order-create 1-1
2026-09-10 10:24:31,408 INFO o.a.j.t.JMeterThread: Stopping because end time detected by thread: TCC order-create 1-10
2026-09-10 10:24:31,408 INFO o.a.j.t.JMeterThread: Thread finished: TCC order-create 1-10
2026-09-10 10:24:31,433 INFO o.a.j.t.JMeterThread: Stopping because end time detected by thread: TCC order-create 1-43
2026-09-10 10:24:31,433 INFO o.a.j.t.JMeterThread: Thread finished: TCC order-create 1-43
2026-09-10 10:24:31,460 INFO o.a.j.t.JMeterThread: Stopping because end time detected by thread: TCC order-create 1-25
2026-09-10 10:24:31,460 INFO o.a.j.t.JMeterThread: Thread finished: TCC order-create 1-25
2026-09-10 10:24:31,484 INFO o.a.j.t.JMeterThread: Stopping because end time detected by thread: TCC order-create 1-70
2026-09-10 10:24:31,485 INFO o.a.j.t.JMeterThread: Thread finished: TCC order-create 1-70
2026-09-10 10:24:31,511 INFO o.a.j.t.JMeterThread: Stopping because end time detected by thread: TCC order-create 1-83
2026-09-10 10:24:31,512 INFO o.a.j.t.JMeterThread: Thread finished: TCC order-create 1-83
2026-09-10 10:24:31,537 INFO o.a.j.t.JMeterThread: Stopping because end time detected by thread: TCC order-create 1-94
2026-09-10 10:24:31,537 INFO o.a.j.t.JMeterThread: Thread finished: TCC order-create 1-94
2026-09-10 10:24:31,563 INFO o.a.j.t.JMeterThread: Stopping because end time detected by thread: TCC order-create 1-91
2026-09-10 10:24:31,563 INFO o.a.j.t.JMeterThread: Thread finished: TCC order-create 1-91
2026-09-10 10:24:31,588 INFO o.a.j.t.JMeterThread: Stopping because end time detected by thread: TCC order-create 1-58
2026-09-10 10:24:31,588 INFO o.a.j.t.JMeterThread: Thread finished: TCC order-create 1-58
2026-09-10 10:24:31,613 INFO o.a.j.t.JMeterThread: Stopping because end time detected by thread: TCC order-create 1-18
2026-09-10 10:24:31,613 INFO o.a.j.t.JMeterThread: Thread finished: TCC order-create 1-18
2026-09-10 10:24:31,639 INFO o.a.j.t.JMeterThread: Stopping because end time detected by thread: TCC order-create 1-9
2026-09-10 10:24:31,639 INFO o.a.j.t.JMeterThread: Thread finished: TCC order-create 1-9
2026-09-10 10:24:31,666 INFO o.a.j.t.JMeterThread: Stopping because end time detected by thread: TCC order-create 1-97
2026-09-10 10:24:31,666 INFO o.a.j.t.JMeterThread: Thread finished: TCC order-create 1-97
2026-09-10 10:24:31,691 INFO o.a.j.t.JMeterThread: Stopping because end time detected by thread: TCC order-create 1-61
2026-09-10 10:24:31,691 INFO o.a.j.t.JMeterThread: Thread finished: TCC order-create 1-61
2026-09-10 10:24:31,716 INFO o.a.j.t.JMeterThread: Stopping because end time detected by thread: TCC order-create 1-56
2026-09-10 10:24:31,717 INFO o.a.j.t.JMeterThread: Thread finished: TCC order-create 1-56
2026-09-10 10:24:31,742 INFO o.a.j.t.JMeterThread: Stopping because end time detected by thread: TCC order-create 1-90
2026-09-10 10:24:31,743 INFO o.a.j.t.JMeterThread: Thread finished: TCC order-create 1-90
2026-09-10 10:24:31,768 INFO o.a.j.t.JMeterThread: Stopping because end time detected by thread: TCC order-create 1-29
2026-09-10 10:24:31,768 INFO o.a.j.t.JMeterThread: Thread finished: TCC order-create 1-29
2026-09-10 10:24:31,795 INFO o.a.j.t.JMeterThread: Stopping because end time detected by thread: TCC order-create 1-13
2026-09-10 10:24:31,795 INFO o.a.j.t.JMeterThread: Thread finished: TCC order-create 1-13
2026-09-10 10:24:31,821 INFO o.a.j.t.JMeterThread: Stopping because end time detected by thread: TCC order-create 1-34
2026-09-10 10:24:31,821 INFO o.a.j.t.JMeterThread: Thread finished: TCC order-create 1-34
2026-09-10 10:24:31,847 INFO o.a.j.t.JMeterThread: Stopping because end time detected by thread: TCC order-create 1-16
2026-09-10 10:24:31,847 INFO o.a.j.t.JMeterThread: Thread finished: TCC order-create 1-16
2026-09-10 10:24:31,872 INFO o.a.j.t.JMeterThread: Stopping because end time detected by thread: TCC order-create 1-82
2026-09-10 10:24:31,872 INFO o.a.j.t.JMeterThread: Thread finished: TCC order-create 1-82
2026-09-10 10:24:31,898 INFO o.a.j.t.JMeterThread: Stopping because end time detected by thread: TCC order-create 1-33
2026-09-10 10:24:31,898 INFO o.a.j.t.JMeterThread: Thread finished: TCC order-create 1-33
2026-09-10 10:24:31,926 INFO o.a.j.t.JMeterThread: Stopping because end time detected by thread: TCC order-create 1-81
2026-09-10 10:24:31,926 INFO o.a.j.t.JMeterThread: Thread finished: TCC order-create 1-81
2026-09-10 10:24:31,956 INFO o.a.j.t.JMeterThread: Stopping because end time detected by thread: TCC order-create 1-22
2026-09-10 10:24:31,956 INFO o.a.j.t.JMeterThread: Thread finished: TCC order-create 1-22
2026-09-10 10:24:31,983 INFO o.a.j.t.JMeterThread: Stopping because end time detected by thread: TCC order-create 1-46
2026-09-10 10:24:31,983 INFO o.a.j.t.JMeterThread: Thread finished: TCC order-create 1-46
2026-09-10 10:24:32,015 INFO o.a.j.t.JMeterThread: Stopping because end time detected by thread: TCC order-create 1-12
2026-09-10 10:24:32,015 INFO o.a.j.t.JMeterThread: Thread finished: TCC order-create 1-12
2026-09-10 10:24:32,043 INFO o.a.j.t.JMeterThread: Stopping because end time detected by thread: TCC order-create 1-7
2026-09-10 10:24:32,043 INFO o.a.j.t.JMeterThread: Thread finished: TCC order-create 1-7
2026-09-10 10:24:32,070 INFO o.a.j.t.JMeterThread: Stopping because end time detected by thread: TCC order-create 1-47
2026-09-10 10:24:32,070 INFO o.a.j.t.JMeterThread: Thread finished: TCC order-create 1-47
2026-09-10 10:24:32,098 INFO o.a.j.t.JMeterThread: Stopping because end time detected by thread: TCC order-create 1-78
2026-09-10 10:24:32,098 INFO o.a.j.t.JMeterThread: Thread finished: TCC order-create 1-78
2026-09-10 10:24:32,125 INFO o.a.j.t.JMeterThread: Stopping because end time detected by thread: TCC order-create 1-8
2026-09-10 10:24:32,125 INFO o.a.j.t.JMeterThread: Thread finished: TCC order-create 1-8
2026-09-10 10:24:32,152 INFO o.a.j.t.JMeterThread: Stopping because end time detected by thread: TCC order-create 1-11
2026-09-10 10:24:32,153 INFO o.a.j.t.JMeterThread: Thread finished: TCC order-create 1-11
2026-09-10 10:24:32,178 INFO o.a.j.t.JMeterThread: Stopping because end time detected by thread: TCC order-create 1-21
2026-09-10 10:24:32,178 INFO o.a.j.t.JMeterThread: Thread finished: TCC order-create 1-21
2026-09-10 10:24:32,203 INFO o.a.j.t.JMeterThread: Stopping because end time detected by thread: TCC order-create 1-74
2026-09-10 10:24:32,203 INFO o.a.j.t.JMeterThread: Thread finished: TCC order-create 1-74
2026-09-10 10:24:32,203 INFO o.a.j.e.StandardJMeterEngine: Notifying test listeners of end of test
2026-09-10 10:24:32,206 INFO o.a.j.r.Summariser: summary +     85 in 00:00:02 =   38.5/s Avg:  2539 Min:  2517 Max:  2576 Err:     0 (0.00%) Active: 0 Started: 100 Finished: 100
2026-09-10 10:24:32,206 INFO o.a.j.r.Summariser: summary =   4595 in 00:02:03 =   37.5/s Avg:  2618 Min:   113 Max:  2919 Err:     0 (0.00%)
