2026-09-10 04:07:46,139 INFO o.a.j.u.JMeterUtils: Setting Locale to en_EN
2026-09-10 04:07:46,155 INFO o.a.j.JMeter: Loading user properties from: /home/avituo/projects/tcc/tcc-container/.tools/apache-jmeter-5.6.3/bin/user.properties
2026-09-10 04:07:46,155 INFO o.a.j.JMeter: Loading system properties from: /home/avituo/projects/tcc/tcc-container/.tools/apache-jmeter-5.6.3/bin/system.properties
2026-09-10 04:07:46,156 INFO o.a.j.JMeter: Loading additional properties from: /home/avituo/projects/tcc/tcc-container/benchmark/jmeter/benchmark.properties
2026-09-10 04:07:46,156 INFO o.a.j.JMeter: Loading additional properties from: /tmp/tcc-benchmark-auth.yqp1SD/auth.properties
2026-09-10 04:07:46,156 INFO o.a.j.JMeter: Loading additional properties from: /home/avituo/projects/tcc/tcc-container/benchmark/results/laravel-13.20.0/final/orders/c25/r3/monolith/thread-counters.properties
2026-09-10 04:07:46,156 INFO o.a.j.JMeter: Setting JMeter property: threads=25
2026-09-10 04:07:46,156 INFO o.a.j.JMeter: Setting JMeter property: duration_seconds=120
2026-09-10 04:07:46,156 INFO o.a.j.JMeter: Setting JMeter property: target_host=localhost
2026-09-10 04:07:46,156 INFO o.a.j.JMeter: Setting JMeter property: target_port=18000
2026-09-10 04:07:46,156 INFO o.a.j.JMeter: Setting JMeter property: tcc.order.id=1
2026-09-10 04:07:46,156 INFO o.a.j.JMeter: Setting JMeter property: repetition=3
2026-09-10 04:07:46,163 INFO o.a.j.JMeter: Copyright (c) 1998-2024 The Apache Software Foundation
2026-09-10 04:07:46,163 INFO o.a.j.JMeter: Version 5.6.3
2026-09-10 04:07:46,163 INFO o.a.j.JMeter: java.version=21.0.11
2026-09-10 04:07:46,163 INFO o.a.j.JMeter: java.vm.name=OpenJDK 64-Bit Server VM
2026-09-10 04:07:46,163 INFO o.a.j.JMeter: os.name=Linux
2026-09-10 04:07:46,163 INFO o.a.j.JMeter: os.arch=amd64
2026-09-10 04:07:46,163 INFO o.a.j.JMeter: os.version=7.0.11-76070011-generic
2026-09-10 04:07:46,163 INFO o.a.j.JMeter: file.encoding=UTF-8
2026-09-10 04:07:46,163 INFO o.a.j.JMeter: java.awt.headless=true
2026-09-10 04:07:46,164 INFO o.a.j.JMeter: Max memory     =1073741824
2026-09-10 04:07:46,164 INFO o.a.j.JMeter: Available Processors =16
2026-09-10 04:07:46,172 INFO o.a.j.JMeter: Default Locale=English (EN)
2026-09-10 04:07:46,172 INFO o.a.j.JMeter: JMeter  Locale=English (EN)
2026-09-10 04:07:46,172 INFO o.a.j.JMeter: JMeterHome=/home/avituo/projects/tcc/tcc-container/.tools/apache-jmeter-5.6.3
2026-09-10 04:07:46,172 INFO o.a.j.JMeter: user.dir  =/home/avituo/projects/tcc/tcc-container
2026-09-10 04:07:46,172 INFO o.a.j.JMeter: PWD       =/home/avituo/projects/tcc/tcc-container
2026-09-10 04:07:46,180 INFO o.a.j.JMeter: IP: 192.168.1.16 Name: pop-os FullName: pop-os.home
2026-09-10 04:07:46,192 INFO o.a.j.s.FileServer: Default base='/home/avituo/projects/tcc/tcc-container'
2026-09-10 04:07:46,194 INFO o.a.j.s.FileServer: Set new base='/home/avituo/projects/tcc/tcc-container/benchmark/jmeter'
2026-09-10 04:07:46,372 INFO o.a.j.s.SaveService: Testplan (JMX) version: 2.2. Testlog (JTL) version: 2.2
2026-09-10 04:07:46,397 INFO o.a.j.s.SaveService: Using SaveService properties version 5.0
2026-09-10 04:07:46,400 INFO o.a.j.s.SaveService: Using SaveService properties file encoding UTF-8
2026-09-10 04:07:46,403 INFO o.a.j.s.SaveService: Loading file: /home/avituo/projects/tcc/tcc-container/benchmark/jmeter/tcc-orders-v1.jmx
2026-09-10 04:07:46,455 INFO o.a.j.p.h.s.HTTPSamplerBase: Parser for text/html is org.apache.jmeter.protocol.http.parser.LagartoBasedHtmlParser
2026-09-10 04:07:46,455 INFO o.a.j.p.h.s.HTTPSamplerBase: Parser for application/xhtml+xml is org.apache.jmeter.protocol.http.parser.LagartoBasedHtmlParser
2026-09-10 04:07:46,455 INFO o.a.j.p.h.s.HTTPSamplerBase: Parser for application/xml is org.apache.jmeter.protocol.http.parser.LagartoBasedHtmlParser
2026-09-10 04:07:46,455 INFO o.a.j.p.h.s.HTTPSamplerBase: Parser for text/xml is org.apache.jmeter.protocol.http.parser.LagartoBasedHtmlParser
2026-09-10 04:07:46,455 INFO o.a.j.p.h.s.HTTPSamplerBase: Parser for text/vnd.wap.wml is org.apache.jmeter.protocol.http.parser.RegexpHTMLParser
2026-09-10 04:07:46,456 INFO o.a.j.p.h.s.HTTPSamplerBase: Parser for text/css is org.apache.jmeter.protocol.http.parser.CssParser
2026-09-10 04:07:46,486 INFO o.a.j.JMeter: Creating summariser <summary>
2026-09-10 04:07:46,506 INFO o.a.j.e.StandardJMeterEngine: Running the test!
2026-09-10 04:07:46,507 INFO o.a.j.s.SampleEvent: List of sample_variables: []
2026-09-10 04:07:46,507 INFO o.a.j.s.SampleEvent: List of sample_variables: []
2026-09-10 04:07:46,511 INFO o.a.j.e.u.CompoundVariable: Note: Function class names must contain the string: '.functions.'
2026-09-10 04:07:46,511 INFO o.a.j.e.u.CompoundVariable: Note: Function class names must not contain the string: '.gui.'
2026-09-10 04:07:46,753 INFO o.a.j.JMeter: Running test (1789024066753)
2026-09-10 04:07:46,772 INFO o.a.j.e.StandardJMeterEngine: Starting ThreadGroup: 1 : TCC orders
2026-09-10 04:07:46,773 INFO o.a.j.e.StandardJMeterEngine: Starting 25 threads for group TCC orders.
2026-09-10 04:07:46,773 INFO o.a.j.e.StandardJMeterEngine: Thread will continue on error
2026-09-10 04:07:46,773 INFO o.a.j.t.ThreadGroup: Starting thread group... number=1 threads=25 ramp-up=0 delayedStart=false
2026-09-10 04:07:46,780 INFO o.a.j.t.JMeterThread: Thread started: TCC orders 1-1
2026-09-10 04:07:46,780 INFO o.a.j.t.JMeterThread: Thread started: TCC orders 1-4
2026-09-10 04:07:46,780 INFO o.a.j.t.JMeterThread: Thread started: TCC orders 1-2
2026-09-10 04:07:46,780 INFO o.a.j.t.JMeterThread: Thread started: TCC orders 1-5
2026-09-10 04:07:46,780 INFO o.a.j.t.JMeterThread: Thread started: TCC orders 1-3
2026-09-10 04:07:46,781 INFO o.a.j.t.JMeterThread: Thread started: TCC orders 1-6
2026-09-10 04:07:46,782 INFO o.a.j.t.JMeterThread: Thread started: TCC orders 1-7
2026-09-10 04:07:46,782 INFO o.a.j.t.JMeterThread: Thread started: TCC orders 1-8
2026-09-10 04:07:46,783 INFO o.a.j.t.JMeterThread: Thread started: TCC orders 1-9
2026-09-10 04:07:46,784 INFO o.a.j.t.JMeterThread: Thread started: TCC orders 1-10
2026-09-10 04:07:46,785 INFO o.a.j.t.JMeterThread: Thread started: TCC orders 1-11
2026-09-10 04:07:46,786 INFO o.a.j.t.JMeterThread: Thread started: TCC orders 1-12
2026-09-10 04:07:46,787 INFO o.a.j.t.JMeterThread: Thread started: TCC orders 1-13
2026-09-10 04:07:46,788 INFO o.a.j.t.JMeterThread: Thread started: TCC orders 1-14
2026-09-10 04:07:46,788 INFO o.a.j.t.JMeterThread: Thread started: TCC orders 1-15
2026-09-10 04:07:46,790 INFO o.a.j.t.JMeterThread: Thread started: TCC orders 1-16
2026-09-10 04:07:46,790 INFO o.a.j.t.JMeterThread: Thread started: TCC orders 1-17
2026-09-10 04:07:46,791 INFO o.a.j.t.JMeterThread: Thread started: TCC orders 1-18
2026-09-10 04:07:46,791 INFO o.a.j.t.JMeterThread: Thread started: TCC orders 1-19
2026-09-10 04:07:46,792 INFO o.a.j.t.JMeterThread: Thread started: TCC orders 1-20
2026-09-10 04:07:46,793 INFO o.a.j.t.JMeterThread: Thread started: TCC orders 1-21
2026-09-10 04:07:46,793 INFO o.a.j.t.JMeterThread: Thread started: TCC orders 1-22
2026-09-10 04:07:46,794 INFO o.a.j.t.JMeterThread: Thread started: TCC orders 1-23
2026-09-10 04:07:46,795 INFO o.a.j.t.JMeterThread: Thread started: TCC orders 1-24
2026-09-10 04:07:46,795 INFO o.a.j.t.ThreadGroup: Started thread group number 1
2026-09-10 04:07:46,795 INFO o.a.j.e.StandardJMeterEngine: All thread groups have been started
2026-09-10 04:07:46,795 INFO o.a.j.t.JMeterThread: Thread started: TCC orders 1-25
2026-09-10 04:07:46,801 INFO o.a.j.p.h.s.HTTPHCAbstractImpl: Local host = pop-os
2026-09-10 04:07:46,807 INFO o.a.j.p.h.s.HTTPHC4Impl: HTTP request retry count = 0
2026-09-10 04:07:46,808 INFO o.a.j.s.SampleResult: Note: Sample TimeStamps are START times
2026-09-10 04:07:46,808 INFO o.a.j.s.SampleResult: sampleresult.default.encoding is set to UTF-8
2026-09-10 04:07:46,808 INFO o.a.j.s.SampleResult: sampleresult.useNanoTime=true
2026-09-10 04:07:46,809 INFO o.a.j.s.SampleResult: sampleresult.nanoThreadSleep=5000
2026-09-10 04:08:00,019 INFO o.a.j.r.Summariser: summary +    504 in 00:00:13 =   38.0/s Avg:   611 Min:    35 Max:   905 Err:     0 (0.00%) Active: 25 Started: 25 Finished: 0
2026-09-10 04:08:30,015 INFO o.a.j.r.Summariser: summary +   1203 in 00:00:30 =   40.1/s Avg:   622 Min:   605 Max:   648 Err:     0 (0.00%) Active: 25 Started: 25 Finished: 0
2026-09-10 04:08:30,015 INFO o.a.j.r.Summariser: summary =   1707 in 00:00:43 =   39.5/s Avg:   619 Min:    35 Max:   905 Err:     0 (0.00%)
2026-09-10 04:09:00,015 INFO o.a.j.r.Summariser: summary +   1205 in 00:00:30 =   40.2/s Avg:   621 Min:   591 Max:   685 Err:     0 (0.00%) Active: 25 Started: 25 Finished: 0
2026-09-10 04:09:00,015 INFO o.a.j.r.Summariser: summary =   2912 in 00:01:13 =   39.7/s Avg:   620 Min:    35 Max:   905 Err:     0 (0.00%)
2026-09-10 04:09:30,009 INFO o.a.j.r.Summariser: summary +   1202 in 00:00:30 =   40.1/s Avg:   623 Min:   591 Max:   660 Err:     0 (0.00%) Active: 25 Started: 25 Finished: 0
2026-09-10 04:09:30,009 INFO o.a.j.r.Summariser: summary =   4114 in 00:01:43 =   39.8/s Avg:   621 Min:    35 Max:   905 Err:     0 (0.00%)
2026-09-10 04:09:46,792 INFO o.a.j.t.JMeterThread: Stopping because end time detected by thread: TCC orders 1-3
2026-09-10 04:09:46,792 INFO o.a.j.t.JMeterThread: Thread finished: TCC orders 1-3
2026-09-10 04:09:46,817 INFO o.a.j.t.JMeterThread: Stopping because end time detected by thread: TCC orders 1-20
2026-09-10 04:09:46,817 INFO o.a.j.t.JMeterThread: Thread finished: TCC orders 1-20
2026-09-10 04:09:46,842 INFO o.a.j.t.JMeterThread: Stopping because end time detected by thread: TCC orders 1-2
2026-09-10 04:09:46,842 INFO o.a.j.t.JMeterThread: Thread finished: TCC orders 1-2
2026-09-10 04:09:46,866 INFO o.a.j.t.JMeterThread: Stopping because end time detected by thread: TCC orders 1-7
2026-09-10 04:09:46,866 INFO o.a.j.t.JMeterThread: Thread finished: TCC orders 1-7
2026-09-10 04:09:46,892 INFO o.a.j.t.JMeterThread: Stopping because end time detected by thread: TCC orders 1-19
2026-09-10 04:09:46,892 INFO o.a.j.t.JMeterThread: Thread finished: TCC orders 1-19
2026-09-10 04:09:46,917 INFO o.a.j.t.JMeterThread: Stopping because end time detected by thread: TCC orders 1-23
2026-09-10 04:09:46,917 INFO o.a.j.t.JMeterThread: Thread finished: TCC orders 1-23
2026-09-10 04:09:46,942 INFO o.a.j.t.JMeterThread: Stopping because end time detected by thread: TCC orders 1-5
2026-09-10 04:09:46,942 INFO o.a.j.t.JMeterThread: Thread finished: TCC orders 1-5
2026-09-10 04:09:46,967 INFO o.a.j.t.JMeterThread: Stopping because end time detected by thread: TCC orders 1-15
2026-09-10 04:09:46,968 INFO o.a.j.t.JMeterThread: Thread finished: TCC orders 1-15
2026-09-10 04:09:46,992 INFO o.a.j.t.JMeterThread: Stopping because end time detected by thread: TCC orders 1-24
2026-09-10 04:09:46,992 INFO o.a.j.t.JMeterThread: Thread finished: TCC orders 1-24
2026-09-10 04:09:47,024 INFO o.a.j.t.JMeterThread: Stopping because end time detected by thread: TCC orders 1-9
2026-09-10 04:09:47,024 INFO o.a.j.t.JMeterThread: Thread finished: TCC orders 1-9
2026-09-10 04:09:47,048 INFO o.a.j.t.JMeterThread: Stopping because end time detected by thread: TCC orders 1-16
2026-09-10 04:09:47,049 INFO o.a.j.t.JMeterThread: Thread finished: TCC orders 1-16
2026-09-10 04:09:47,074 INFO o.a.j.t.JMeterThread: Stopping because end time detected by thread: TCC orders 1-13
2026-09-10 04:09:47,074 INFO o.a.j.t.JMeterThread: Thread finished: TCC orders 1-13
2026-09-10 04:09:47,099 INFO o.a.j.t.JMeterThread: Stopping because end time detected by thread: TCC orders 1-11
2026-09-10 04:09:47,099 INFO o.a.j.t.JMeterThread: Thread finished: TCC orders 1-11
2026-09-10 04:09:47,123 INFO o.a.j.t.JMeterThread: Stopping because end time detected by thread: TCC orders 1-10
2026-09-10 04:09:47,124 INFO o.a.j.t.JMeterThread: Thread finished: TCC orders 1-10
2026-09-10 04:09:47,148 INFO o.a.j.t.JMeterThread: Stopping because end time detected by thread: TCC orders 1-21
2026-09-10 04:09:47,148 INFO o.a.j.t.JMeterThread: Thread finished: TCC orders 1-21
2026-09-10 04:09:47,173 INFO o.a.j.t.JMeterThread: Stopping because end time detected by thread: TCC orders 1-22
2026-09-10 04:09:47,173 INFO o.a.j.t.JMeterThread: Thread finished: TCC orders 1-22
2026-09-10 04:09:47,198 INFO o.a.j.t.JMeterThread: Stopping because end time detected by thread: TCC orders 1-25
2026-09-10 04:09:47,198 INFO o.a.j.t.JMeterThread: Thread finished: TCC orders 1-25
2026-09-10 04:09:47,222 INFO o.a.j.t.JMeterThread: Stopping because end time detected by thread: TCC orders 1-17
2026-09-10 04:09:47,222 INFO o.a.j.t.JMeterThread: Thread finished: TCC orders 1-17
2026-09-10 04:09:47,247 INFO o.a.j.t.JMeterThread: Stopping because end time detected by thread: TCC orders 1-6
2026-09-10 04:09:47,247 INFO o.a.j.t.JMeterThread: Thread finished: TCC orders 1-6
2026-09-10 04:09:47,272 INFO o.a.j.t.JMeterThread: Stopping because end time detected by thread: TCC orders 1-1
2026-09-10 04:09:47,272 INFO o.a.j.t.JMeterThread: Thread finished: TCC orders 1-1
2026-09-10 04:09:47,297 INFO o.a.j.t.JMeterThread: Stopping because end time detected by thread: TCC orders 1-4
2026-09-10 04:09:47,297 INFO o.a.j.t.JMeterThread: Thread finished: TCC orders 1-4
2026-09-10 04:09:47,321 INFO o.a.j.t.JMeterThread: Stopping because end time detected by thread: TCC orders 1-12
2026-09-10 04:09:47,321 INFO o.a.j.t.JMeterThread: Thread finished: TCC orders 1-12
2026-09-10 04:09:47,347 INFO o.a.j.t.JMeterThread: Stopping because end time detected by thread: TCC orders 1-14
2026-09-10 04:09:47,347 INFO o.a.j.t.JMeterThread: Thread finished: TCC orders 1-14
2026-09-10 04:09:47,371 INFO o.a.j.t.JMeterThread: Stopping because end time detected by thread: TCC orders 1-8
2026-09-10 04:09:47,372 INFO o.a.j.t.JMeterThread: Thread finished: TCC orders 1-8
2026-09-10 04:09:47,397 INFO o.a.j.t.JMeterThread: Stopping because end time detected by thread: TCC orders 1-18
2026-09-10 04:09:47,397 INFO o.a.j.t.JMeterThread: Thread finished: TCC orders 1-18
2026-09-10 04:09:47,397 INFO o.a.j.e.StandardJMeterEngine: Notifying test listeners of end of test
2026-09-10 04:09:47,400 INFO o.a.j.r.Summariser: summary +    694 in 00:00:17 =   39.9/s Avg:   625 Min:   600 Max:   645 Err:     0 (0.00%) Active: 0 Started: 25 Finished: 25
2026-09-10 04:09:47,400 INFO o.a.j.r.Summariser: summary =   4808 in 00:02:01 =   39.9/s Avg:   621 Min:    35 Max:   905 Err:     0 (0.00%)
