2026-09-10 04:07:10,663 INFO o.a.j.u.JMeterUtils: Setting Locale to en_EN
2026-09-10 04:07:10,681 INFO o.a.j.JMeter: Loading user properties from: /home/avituo/projects/tcc/tcc-container/.tools/apache-jmeter-5.6.3/bin/user.properties
2026-09-10 04:07:10,681 INFO o.a.j.JMeter: Loading system properties from: /home/avituo/projects/tcc/tcc-container/.tools/apache-jmeter-5.6.3/bin/system.properties
2026-09-10 04:07:10,681 INFO o.a.j.JMeter: Loading additional properties from: /home/avituo/projects/tcc/tcc-container/benchmark/jmeter/benchmark.properties
2026-09-10 04:07:10,682 INFO o.a.j.JMeter: Loading additional properties from: /tmp/tcc-benchmark-auth.yqp1SD/auth.properties
2026-09-10 04:07:10,682 INFO o.a.j.JMeter: Setting JMeter property: threads=25
2026-09-10 04:07:10,682 INFO o.a.j.JMeter: Setting JMeter property: duration_seconds=30
2026-09-10 04:07:10,682 INFO o.a.j.JMeter: Setting JMeter property: target_host=localhost
2026-09-10 04:07:10,682 INFO o.a.j.JMeter: Setting JMeter property: target_port=18000
2026-09-10 04:07:10,682 INFO o.a.j.JMeter: Setting JMeter property: tcc.order.id=1
2026-09-10 04:07:10,682 INFO o.a.j.JMeter: Setting JMeter property: repetition=3
2026-09-10 04:07:10,689 INFO o.a.j.JMeter: Copyright (c) 1998-2024 The Apache Software Foundation
2026-09-10 04:07:10,689 INFO o.a.j.JMeter: Version 5.6.3
2026-09-10 04:07:10,689 INFO o.a.j.JMeter: java.version=21.0.11
2026-09-10 04:07:10,689 INFO o.a.j.JMeter: java.vm.name=OpenJDK 64-Bit Server VM
2026-09-10 04:07:10,689 INFO o.a.j.JMeter: os.name=Linux
2026-09-10 04:07:10,689 INFO o.a.j.JMeter: os.arch=amd64
2026-09-10 04:07:10,689 INFO o.a.j.JMeter: os.version=7.0.11-76070011-generic
2026-09-10 04:07:10,689 INFO o.a.j.JMeter: file.encoding=UTF-8
2026-09-10 04:07:10,689 INFO o.a.j.JMeter: java.awt.headless=true
2026-09-10 04:07:10,690 INFO o.a.j.JMeter: Max memory     =1073741824
2026-09-10 04:07:10,690 INFO o.a.j.JMeter: Available Processors =16
2026-09-10 04:07:10,698 INFO o.a.j.JMeter: Default Locale=English (EN)
2026-09-10 04:07:10,698 INFO o.a.j.JMeter: JMeter  Locale=English (EN)
2026-09-10 04:07:10,698 INFO o.a.j.JMeter: JMeterHome=/home/avituo/projects/tcc/tcc-container/.tools/apache-jmeter-5.6.3
2026-09-10 04:07:10,699 INFO o.a.j.JMeter: user.dir  =/home/avituo/projects/tcc/tcc-container
2026-09-10 04:07:10,699 INFO o.a.j.JMeter: PWD       =/home/avituo/projects/tcc/tcc-container
2026-09-10 04:07:10,710 INFO o.a.j.JMeter: IP: 192.168.1.16 Name: pop-os FullName: pop-os.home
2026-09-10 04:07:10,722 INFO o.a.j.s.FileServer: Default base='/home/avituo/projects/tcc/tcc-container'
2026-09-10 04:07:10,724 INFO o.a.j.s.FileServer: Set new base='/home/avituo/projects/tcc/tcc-container/benchmark/jmeter'
2026-09-10 04:07:10,897 INFO o.a.j.s.SaveService: Testplan (JMX) version: 2.2. Testlog (JTL) version: 2.2
2026-09-10 04:07:10,920 INFO o.a.j.s.SaveService: Using SaveService properties version 5.0
2026-09-10 04:07:10,924 INFO o.a.j.s.SaveService: Using SaveService properties file encoding UTF-8
2026-09-10 04:07:10,927 INFO o.a.j.s.SaveService: Loading file: /home/avituo/projects/tcc/tcc-container/benchmark/jmeter/tcc-orders-v1.jmx
2026-09-10 04:07:10,976 INFO o.a.j.p.h.s.HTTPSamplerBase: Parser for text/html is org.apache.jmeter.protocol.http.parser.LagartoBasedHtmlParser
2026-09-10 04:07:10,976 INFO o.a.j.p.h.s.HTTPSamplerBase: Parser for application/xhtml+xml is org.apache.jmeter.protocol.http.parser.LagartoBasedHtmlParser
2026-09-10 04:07:10,976 INFO o.a.j.p.h.s.HTTPSamplerBase: Parser for application/xml is org.apache.jmeter.protocol.http.parser.LagartoBasedHtmlParser
2026-09-10 04:07:10,976 INFO o.a.j.p.h.s.HTTPSamplerBase: Parser for text/xml is org.apache.jmeter.protocol.http.parser.LagartoBasedHtmlParser
2026-09-10 04:07:10,976 INFO o.a.j.p.h.s.HTTPSamplerBase: Parser for text/vnd.wap.wml is org.apache.jmeter.protocol.http.parser.RegexpHTMLParser
2026-09-10 04:07:10,976 INFO o.a.j.p.h.s.HTTPSamplerBase: Parser for text/css is org.apache.jmeter.protocol.http.parser.CssParser
2026-09-10 04:07:11,004 INFO o.a.j.JMeter: Creating summariser <summary>
2026-09-10 04:07:11,024 INFO o.a.j.e.StandardJMeterEngine: Running the test!
2026-09-10 04:07:11,025 INFO o.a.j.s.SampleEvent: List of sample_variables: []
2026-09-10 04:07:11,025 INFO o.a.j.s.SampleEvent: List of sample_variables: []
2026-09-10 04:07:11,029 INFO o.a.j.e.u.CompoundVariable: Note: Function class names must contain the string: '.functions.'
2026-09-10 04:07:11,029 INFO o.a.j.e.u.CompoundVariable: Note: Function class names must not contain the string: '.gui.'
2026-09-10 04:07:11,274 INFO o.a.j.JMeter: Running test (1789024031274)
2026-09-10 04:07:11,294 INFO o.a.j.e.StandardJMeterEngine: Starting ThreadGroup: 1 : TCC orders
2026-09-10 04:07:11,295 INFO o.a.j.e.StandardJMeterEngine: Starting 25 threads for group TCC orders.
2026-09-10 04:07:11,295 INFO o.a.j.e.StandardJMeterEngine: Thread will continue on error
2026-09-10 04:07:11,295 INFO o.a.j.t.ThreadGroup: Starting thread group... number=1 threads=25 ramp-up=0 delayedStart=false
2026-09-10 04:07:11,301 INFO o.a.j.t.JMeterThread: Thread started: TCC orders 1-5
2026-09-10 04:07:11,301 INFO o.a.j.t.JMeterThread: Thread started: TCC orders 1-3
2026-09-10 04:07:11,301 INFO o.a.j.t.JMeterThread: Thread started: TCC orders 1-1
2026-09-10 04:07:11,301 INFO o.a.j.t.JMeterThread: Thread started: TCC orders 1-2
2026-09-10 04:07:11,301 INFO o.a.j.t.JMeterThread: Thread started: TCC orders 1-4
2026-09-10 04:07:11,301 INFO o.a.j.t.JMeterThread: Thread started: TCC orders 1-6
2026-09-10 04:07:11,302 INFO o.a.j.t.JMeterThread: Thread started: TCC orders 1-7
2026-09-10 04:07:11,303 INFO o.a.j.t.JMeterThread: Thread started: TCC orders 1-8
2026-09-10 04:07:11,303 INFO o.a.j.t.JMeterThread: Thread started: TCC orders 1-9
2026-09-10 04:07:11,304 INFO o.a.j.t.JMeterThread: Thread started: TCC orders 1-10
2026-09-10 04:07:11,305 INFO o.a.j.t.JMeterThread: Thread started: TCC orders 1-11
2026-09-10 04:07:11,305 INFO o.a.j.t.JMeterThread: Thread started: TCC orders 1-12
2026-09-10 04:07:11,306 INFO o.a.j.t.JMeterThread: Thread started: TCC orders 1-13
2026-09-10 04:07:11,307 INFO o.a.j.t.JMeterThread: Thread started: TCC orders 1-14
2026-09-10 04:07:11,308 INFO o.a.j.t.JMeterThread: Thread started: TCC orders 1-15
2026-09-10 04:07:11,309 INFO o.a.j.t.JMeterThread: Thread started: TCC orders 1-16
2026-09-10 04:07:11,309 INFO o.a.j.t.JMeterThread: Thread started: TCC orders 1-17
2026-09-10 04:07:11,310 INFO o.a.j.t.JMeterThread: Thread started: TCC orders 1-18
2026-09-10 04:07:11,311 INFO o.a.j.t.JMeterThread: Thread started: TCC orders 1-19
2026-09-10 04:07:11,312 INFO o.a.j.t.JMeterThread: Thread started: TCC orders 1-20
2026-09-10 04:07:11,313 INFO o.a.j.t.JMeterThread: Thread started: TCC orders 1-21
2026-09-10 04:07:11,313 INFO o.a.j.t.JMeterThread: Thread started: TCC orders 1-22
2026-09-10 04:07:11,314 INFO o.a.j.t.JMeterThread: Thread started: TCC orders 1-23
2026-09-10 04:07:11,314 INFO o.a.j.t.JMeterThread: Thread started: TCC orders 1-24
2026-09-10 04:07:11,315 INFO o.a.j.t.ThreadGroup: Started thread group number 1
2026-09-10 04:07:11,315 INFO o.a.j.e.StandardJMeterEngine: All thread groups have been started
2026-09-10 04:07:11,315 INFO o.a.j.t.JMeterThread: Thread started: TCC orders 1-25
2026-09-10 04:07:11,321 INFO o.a.j.p.h.s.HTTPHCAbstractImpl: Local host = pop-os
2026-09-10 04:07:11,326 INFO o.a.j.p.h.s.HTTPHC4Impl: HTTP request retry count = 0
2026-09-10 04:07:11,328 INFO o.a.j.s.SampleResult: Note: Sample TimeStamps are START times
2026-09-10 04:07:11,328 INFO o.a.j.s.SampleResult: sampleresult.default.encoding is set to UTF-8
2026-09-10 04:07:11,328 INFO o.a.j.s.SampleResult: sampleresult.useNanoTime=true
2026-09-10 04:07:11,328 INFO o.a.j.s.SampleResult: sampleresult.nanoThreadSleep=5000
2026-09-10 04:07:30,035 INFO o.a.j.r.Summariser: summary +    720 in 00:00:19 =   38.4/s Avg:   617 Min:    37 Max:   954 Err:     0 (0.00%) Active: 25 Started: 25 Finished: 0
2026-09-10 04:07:41,318 INFO o.a.j.t.JMeterThread: Stopping because end time detected by thread: TCC orders 1-16
2026-09-10 04:07:41,318 INFO o.a.j.t.JMeterThread: Thread finished: TCC orders 1-16
2026-09-10 04:07:41,342 INFO o.a.j.t.JMeterThread: Stopping because end time detected by thread: TCC orders 1-23
2026-09-10 04:07:41,343 INFO o.a.j.t.JMeterThread: Thread finished: TCC orders 1-23
2026-09-10 04:07:41,367 INFO o.a.j.t.JMeterThread: Stopping because end time detected by thread: TCC orders 1-24
2026-09-10 04:07:41,367 INFO o.a.j.t.JMeterThread: Thread finished: TCC orders 1-24
2026-09-10 04:07:41,391 INFO o.a.j.t.JMeterThread: Stopping because end time detected by thread: TCC orders 1-13
2026-09-10 04:07:41,391 INFO o.a.j.t.JMeterThread: Thread finished: TCC orders 1-13
2026-09-10 04:07:41,416 INFO o.a.j.t.JMeterThread: Stopping because end time detected by thread: TCC orders 1-3
2026-09-10 04:07:41,416 INFO o.a.j.t.JMeterThread: Thread finished: TCC orders 1-3
2026-09-10 04:07:41,440 INFO o.a.j.t.JMeterThread: Stopping because end time detected by thread: TCC orders 1-10
2026-09-10 04:07:41,441 INFO o.a.j.t.JMeterThread: Thread finished: TCC orders 1-10
2026-09-10 04:07:41,464 INFO o.a.j.t.JMeterThread: Stopping because end time detected by thread: TCC orders 1-2
2026-09-10 04:07:41,464 INFO o.a.j.t.JMeterThread: Thread finished: TCC orders 1-2
2026-09-10 04:07:41,489 INFO o.a.j.t.JMeterThread: Stopping because end time detected by thread: TCC orders 1-6
2026-09-10 04:07:41,489 INFO o.a.j.t.JMeterThread: Thread finished: TCC orders 1-6
2026-09-10 04:07:41,513 INFO o.a.j.t.JMeterThread: Stopping because end time detected by thread: TCC orders 1-18
2026-09-10 04:07:41,513 INFO o.a.j.t.JMeterThread: Thread finished: TCC orders 1-18
2026-09-10 04:07:41,538 INFO o.a.j.t.JMeterThread: Stopping because end time detected by thread: TCC orders 1-8
2026-09-10 04:07:41,538 INFO o.a.j.t.JMeterThread: Thread finished: TCC orders 1-8
2026-09-10 04:07:41,563 INFO o.a.j.t.JMeterThread: Stopping because end time detected by thread: TCC orders 1-14
2026-09-10 04:07:41,563 INFO o.a.j.t.JMeterThread: Thread finished: TCC orders 1-14
2026-09-10 04:07:41,586 INFO o.a.j.t.JMeterThread: Stopping because end time detected by thread: TCC orders 1-25
2026-09-10 04:07:41,587 INFO o.a.j.t.JMeterThread: Thread finished: TCC orders 1-25
2026-09-10 04:07:41,612 INFO o.a.j.t.JMeterThread: Stopping because end time detected by thread: TCC orders 1-19
2026-09-10 04:07:41,612 INFO o.a.j.t.JMeterThread: Thread finished: TCC orders 1-19
2026-09-10 04:07:41,636 INFO o.a.j.t.JMeterThread: Stopping because end time detected by thread: TCC orders 1-11
2026-09-10 04:07:41,636 INFO o.a.j.t.JMeterThread: Thread finished: TCC orders 1-11
2026-09-10 04:07:41,660 INFO o.a.j.t.JMeterThread: Stopping because end time detected by thread: TCC orders 1-22
2026-09-10 04:07:41,660 INFO o.a.j.t.JMeterThread: Thread finished: TCC orders 1-22
2026-09-10 04:07:41,683 INFO o.a.j.t.JMeterThread: Stopping because end time detected by thread: TCC orders 1-21
2026-09-10 04:07:41,683 INFO o.a.j.t.JMeterThread: Thread finished: TCC orders 1-21
2026-09-10 04:07:41,706 INFO o.a.j.t.JMeterThread: Stopping because end time detected by thread: TCC orders 1-7
2026-09-10 04:07:41,706 INFO o.a.j.t.JMeterThread: Thread finished: TCC orders 1-7
2026-09-10 04:07:41,731 INFO o.a.j.t.JMeterThread: Stopping because end time detected by thread: TCC orders 1-15
2026-09-10 04:07:41,731 INFO o.a.j.t.JMeterThread: Thread finished: TCC orders 1-15
2026-09-10 04:07:41,756 INFO o.a.j.t.JMeterThread: Stopping because end time detected by thread: TCC orders 1-20
2026-09-10 04:07:41,756 INFO o.a.j.t.JMeterThread: Thread finished: TCC orders 1-20
2026-09-10 04:07:41,782 INFO o.a.j.t.JMeterThread: Stopping because end time detected by thread: TCC orders 1-9
2026-09-10 04:07:41,782 INFO o.a.j.t.JMeterThread: Thread finished: TCC orders 1-9
2026-09-10 04:07:41,807 INFO o.a.j.t.JMeterThread: Stopping because end time detected by thread: TCC orders 1-1
2026-09-10 04:07:41,807 INFO o.a.j.t.JMeterThread: Thread finished: TCC orders 1-1
2026-09-10 04:07:41,832 INFO o.a.j.t.JMeterThread: Stopping because end time detected by thread: TCC orders 1-12
2026-09-10 04:07:41,832 INFO o.a.j.t.JMeterThread: Thread finished: TCC orders 1-12
2026-09-10 04:07:41,858 INFO o.a.j.t.JMeterThread: Stopping because end time detected by thread: TCC orders 1-5
2026-09-10 04:07:41,858 INFO o.a.j.t.JMeterThread: Thread finished: TCC orders 1-5
2026-09-10 04:07:41,883 INFO o.a.j.t.JMeterThread: Stopping because end time detected by thread: TCC orders 1-4
2026-09-10 04:07:41,883 INFO o.a.j.t.JMeterThread: Thread finished: TCC orders 1-4
2026-09-10 04:07:41,908 INFO o.a.j.t.JMeterThread: Stopping because end time detected by thread: TCC orders 1-17
2026-09-10 04:07:41,908 INFO o.a.j.t.JMeterThread: Thread finished: TCC orders 1-17
2026-09-10 04:07:41,908 INFO o.a.j.e.StandardJMeterEngine: Notifying test listeners of end of test
2026-09-10 04:07:41,911 INFO o.a.j.r.Summariser: summary +    472 in 00:00:12 =   39.7/s Avg:   629 Min:   610 Max:   650 Err:     0 (0.00%) Active: 0 Started: 25 Finished: 25
2026-09-10 04:07:41,911 INFO o.a.j.r.Summariser: summary =   1192 in 00:00:31 =   38.9/s Avg:   621 Min:    37 Max:   954 Err:     0 (0.00%)
