2026-09-10 04:18:39,419 INFO o.a.j.u.JMeterUtils: Setting Locale to en_EN
2026-09-10 04:18:39,435 INFO o.a.j.JMeter: Loading user properties from: /home/avituo/projects/tcc/tcc-container/.tools/apache-jmeter-5.6.3/bin/user.properties
2026-09-10 04:18:39,436 INFO o.a.j.JMeter: Loading system properties from: /home/avituo/projects/tcc/tcc-container/.tools/apache-jmeter-5.6.3/bin/system.properties
2026-09-10 04:18:39,436 INFO o.a.j.JMeter: Loading additional properties from: /home/avituo/projects/tcc/tcc-container/benchmark/jmeter/benchmark.properties
2026-09-10 04:18:39,436 INFO o.a.j.JMeter: Loading additional properties from: /tmp/tcc-benchmark-auth.GG8lkw/auth.properties
2026-09-10 04:18:39,436 INFO o.a.j.JMeter: Loading additional properties from: /home/avituo/projects/tcc/tcc-container/benchmark/results/laravel-13.20.0/final/orders/c25/r4/monolith/thread-counters.properties
2026-09-10 04:18:39,436 INFO o.a.j.JMeter: Setting JMeter property: threads=25
2026-09-10 04:18:39,436 INFO o.a.j.JMeter: Setting JMeter property: duration_seconds=120
2026-09-10 04:18:39,436 INFO o.a.j.JMeter: Setting JMeter property: target_host=localhost
2026-09-10 04:18:39,436 INFO o.a.j.JMeter: Setting JMeter property: target_port=18000
2026-09-10 04:18:39,436 INFO o.a.j.JMeter: Setting JMeter property: tcc.order.id=1
2026-09-10 04:18:39,436 INFO o.a.j.JMeter: Setting JMeter property: repetition=4
2026-09-10 04:18:39,444 INFO o.a.j.JMeter: Copyright (c) 1998-2024 The Apache Software Foundation
2026-09-10 04:18:39,444 INFO o.a.j.JMeter: Version 5.6.3
2026-09-10 04:18:39,444 INFO o.a.j.JMeter: java.version=21.0.11
2026-09-10 04:18:39,444 INFO o.a.j.JMeter: java.vm.name=OpenJDK 64-Bit Server VM
2026-09-10 04:18:39,444 INFO o.a.j.JMeter: os.name=Linux
2026-09-10 04:18:39,445 INFO o.a.j.JMeter: os.arch=amd64
2026-09-10 04:18:39,445 INFO o.a.j.JMeter: os.version=7.0.11-76070011-generic
2026-09-10 04:18:39,445 INFO o.a.j.JMeter: file.encoding=UTF-8
2026-09-10 04:18:39,445 INFO o.a.j.JMeter: java.awt.headless=true
2026-09-10 04:18:39,445 INFO o.a.j.JMeter: Max memory     =1073741824
2026-09-10 04:18:39,445 INFO o.a.j.JMeter: Available Processors =16
2026-09-10 04:18:39,453 INFO o.a.j.JMeter: Default Locale=English (EN)
2026-09-10 04:18:39,454 INFO o.a.j.JMeter: JMeter  Locale=English (EN)
2026-09-10 04:18:39,454 INFO o.a.j.JMeter: JMeterHome=/home/avituo/projects/tcc/tcc-container/.tools/apache-jmeter-5.6.3
2026-09-10 04:18:39,454 INFO o.a.j.JMeter: user.dir  =/home/avituo/projects/tcc/tcc-container
2026-09-10 04:18:39,454 INFO o.a.j.JMeter: PWD       =/home/avituo/projects/tcc/tcc-container
2026-09-10 04:18:39,472 INFO o.a.j.JMeter: IP: 192.168.1.16 Name: pop-os FullName: pop-os.home
2026-09-10 04:18:39,483 INFO o.a.j.s.FileServer: Default base='/home/avituo/projects/tcc/tcc-container'
2026-09-10 04:18:39,485 INFO o.a.j.s.FileServer: Set new base='/home/avituo/projects/tcc/tcc-container/benchmark/jmeter'
2026-09-10 04:18:39,660 INFO o.a.j.s.SaveService: Testplan (JMX) version: 2.2. Testlog (JTL) version: 2.2
2026-09-10 04:18:39,687 INFO o.a.j.s.SaveService: Using SaveService properties version 5.0
2026-09-10 04:18:39,690 INFO o.a.j.s.SaveService: Using SaveService properties file encoding UTF-8
2026-09-10 04:18:39,694 INFO o.a.j.s.SaveService: Loading file: /home/avituo/projects/tcc/tcc-container/benchmark/jmeter/tcc-orders-v1.jmx
2026-09-10 04:18:39,743 INFO o.a.j.p.h.s.HTTPSamplerBase: Parser for text/html is org.apache.jmeter.protocol.http.parser.LagartoBasedHtmlParser
2026-09-10 04:18:39,743 INFO o.a.j.p.h.s.HTTPSamplerBase: Parser for application/xhtml+xml is org.apache.jmeter.protocol.http.parser.LagartoBasedHtmlParser
2026-09-10 04:18:39,743 INFO o.a.j.p.h.s.HTTPSamplerBase: Parser for application/xml is org.apache.jmeter.protocol.http.parser.LagartoBasedHtmlParser
2026-09-10 04:18:39,743 INFO o.a.j.p.h.s.HTTPSamplerBase: Parser for text/xml is org.apache.jmeter.protocol.http.parser.LagartoBasedHtmlParser
2026-09-10 04:18:39,743 INFO o.a.j.p.h.s.HTTPSamplerBase: Parser for text/vnd.wap.wml is org.apache.jmeter.protocol.http.parser.RegexpHTMLParser
2026-09-10 04:18:39,743 INFO o.a.j.p.h.s.HTTPSamplerBase: Parser for text/css is org.apache.jmeter.protocol.http.parser.CssParser
2026-09-10 04:18:39,772 INFO o.a.j.JMeter: Creating summariser <summary>
2026-09-10 04:18:39,790 INFO o.a.j.e.StandardJMeterEngine: Running the test!
2026-09-10 04:18:39,790 INFO o.a.j.s.SampleEvent: List of sample_variables: []
2026-09-10 04:18:39,790 INFO o.a.j.s.SampleEvent: List of sample_variables: []
2026-09-10 04:18:39,795 INFO o.a.j.e.u.CompoundVariable: Note: Function class names must contain the string: '.functions.'
2026-09-10 04:18:39,795 INFO o.a.j.e.u.CompoundVariable: Note: Function class names must not contain the string: '.gui.'
2026-09-10 04:18:40,024 INFO o.a.j.JMeter: Running test (1789024720024)
2026-09-10 04:18:40,042 INFO o.a.j.e.StandardJMeterEngine: Starting ThreadGroup: 1 : TCC orders
2026-09-10 04:18:40,043 INFO o.a.j.e.StandardJMeterEngine: Starting 25 threads for group TCC orders.
2026-09-10 04:18:40,043 INFO o.a.j.e.StandardJMeterEngine: Thread will continue on error
2026-09-10 04:18:40,043 INFO o.a.j.t.ThreadGroup: Starting thread group... number=1 threads=25 ramp-up=0 delayedStart=false
2026-09-10 04:18:40,049 INFO o.a.j.t.JMeterThread: Thread started: TCC orders 1-5
2026-09-10 04:18:40,049 INFO o.a.j.t.JMeterThread: Thread started: TCC orders 1-1
2026-09-10 04:18:40,049 INFO o.a.j.t.JMeterThread: Thread started: TCC orders 1-2
2026-09-10 04:18:40,049 INFO o.a.j.t.JMeterThread: Thread started: TCC orders 1-6
2026-09-10 04:18:40,049 INFO o.a.j.t.JMeterThread: Thread started: TCC orders 1-3
2026-09-10 04:18:40,049 INFO o.a.j.t.JMeterThread: Thread started: TCC orders 1-4
2026-09-10 04:18:40,050 INFO o.a.j.t.JMeterThread: Thread started: TCC orders 1-7
2026-09-10 04:18:40,051 INFO o.a.j.t.JMeterThread: Thread started: TCC orders 1-8
2026-09-10 04:18:40,052 INFO o.a.j.t.JMeterThread: Thread started: TCC orders 1-9
2026-09-10 04:18:40,052 INFO o.a.j.t.JMeterThread: Thread started: TCC orders 1-10
2026-09-10 04:18:40,053 INFO o.a.j.t.JMeterThread: Thread started: TCC orders 1-11
2026-09-10 04:18:40,054 INFO o.a.j.t.JMeterThread: Thread started: TCC orders 1-12
2026-09-10 04:18:40,054 INFO o.a.j.t.JMeterThread: Thread started: TCC orders 1-13
2026-09-10 04:18:40,055 INFO o.a.j.t.JMeterThread: Thread started: TCC orders 1-14
2026-09-10 04:18:40,056 INFO o.a.j.t.JMeterThread: Thread started: TCC orders 1-15
2026-09-10 04:18:40,057 INFO o.a.j.t.JMeterThread: Thread started: TCC orders 1-16
2026-09-10 04:18:40,057 INFO o.a.j.t.JMeterThread: Thread started: TCC orders 1-17
2026-09-10 04:18:40,058 INFO o.a.j.t.JMeterThread: Thread started: TCC orders 1-18
2026-09-10 04:18:40,058 INFO o.a.j.t.JMeterThread: Thread started: TCC orders 1-19
2026-09-10 04:18:40,059 INFO o.a.j.t.JMeterThread: Thread started: TCC orders 1-20
2026-09-10 04:18:40,059 INFO o.a.j.t.JMeterThread: Thread started: TCC orders 1-21
2026-09-10 04:18:40,060 INFO o.a.j.t.JMeterThread: Thread started: TCC orders 1-22
2026-09-10 04:18:40,060 INFO o.a.j.t.JMeterThread: Thread started: TCC orders 1-23
2026-09-10 04:18:40,061 INFO o.a.j.t.JMeterThread: Thread started: TCC orders 1-24
2026-09-10 04:18:40,061 INFO o.a.j.t.ThreadGroup: Started thread group number 1
2026-09-10 04:18:40,061 INFO o.a.j.e.StandardJMeterEngine: All thread groups have been started
2026-09-10 04:18:40,061 INFO o.a.j.t.JMeterThread: Thread started: TCC orders 1-25
2026-09-10 04:18:40,069 INFO o.a.j.p.h.s.HTTPHCAbstractImpl: Local host = pop-os
2026-09-10 04:18:40,074 INFO o.a.j.p.h.s.HTTPHC4Impl: HTTP request retry count = 0
2026-09-10 04:18:40,075 INFO o.a.j.s.SampleResult: Note: Sample TimeStamps are START times
2026-09-10 04:18:40,076 INFO o.a.j.s.SampleResult: sampleresult.default.encoding is set to UTF-8
2026-09-10 04:18:40,076 INFO o.a.j.s.SampleResult: sampleresult.useNanoTime=true
2026-09-10 04:18:40,076 INFO o.a.j.s.SampleResult: sampleresult.nanoThreadSleep=5000
2026-09-10 04:19:00,026 INFO o.a.j.r.Summariser: summary +    774 in 00:00:20 =   38.7/s Avg:   618 Min:    57 Max:   926 Err:     0 (0.00%) Active: 25 Started: 25 Finished: 0
2026-09-10 04:19:30,028 INFO o.a.j.r.Summariser: summary +   1206 in 00:00:30 =   40.2/s Avg:   621 Min:   599 Max:   644 Err:     0 (0.00%) Active: 25 Started: 25 Finished: 0
2026-09-10 04:19:30,029 INFO o.a.j.r.Summariser: summary =   1980 in 00:00:50 =   39.6/s Avg:   619 Min:    57 Max:   926 Err:     0 (0.00%)
2026-09-10 04:20:00,022 INFO o.a.j.r.Summariser: summary +   1187 in 00:00:30 =   39.6/s Avg:   630 Min:   602 Max:   677 Err:     0 (0.00%) Active: 25 Started: 25 Finished: 0
2026-09-10 04:20:00,022 INFO o.a.j.r.Summariser: summary =   3167 in 00:01:20 =   39.6/s Avg:   624 Min:    57 Max:   926 Err:     0 (0.00%)
2026-09-10 04:20:30,025 INFO o.a.j.r.Summariser: summary +   1194 in 00:00:30 =   39.8/s Avg:   627 Min:   604 Max:   694 Err:     0 (0.00%) Active: 25 Started: 25 Finished: 0
2026-09-10 04:20:30,026 INFO o.a.j.r.Summariser: summary =   4361 in 00:01:50 =   39.6/s Avg:   625 Min:    57 Max:   926 Err:     0 (0.00%)
2026-09-10 04:20:40,055 INFO o.a.j.t.JMeterThread: Stopping because end time detected by thread: TCC orders 1-11
2026-09-10 04:20:40,055 INFO o.a.j.t.JMeterThread: Thread finished: TCC orders 1-11
2026-09-10 04:20:40,080 INFO o.a.j.t.JMeterThread: Stopping because end time detected by thread: TCC orders 1-7
2026-09-10 04:20:40,081 INFO o.a.j.t.JMeterThread: Thread finished: TCC orders 1-7
2026-09-10 04:20:40,105 INFO o.a.j.t.JMeterThread: Stopping because end time detected by thread: TCC orders 1-16
2026-09-10 04:20:40,105 INFO o.a.j.t.JMeterThread: Thread finished: TCC orders 1-16
2026-09-10 04:20:40,129 INFO o.a.j.t.JMeterThread: Stopping because end time detected by thread: TCC orders 1-3
2026-09-10 04:20:40,130 INFO o.a.j.t.JMeterThread: Thread finished: TCC orders 1-3
2026-09-10 04:20:40,154 INFO o.a.j.t.JMeterThread: Stopping because end time detected by thread: TCC orders 1-19
2026-09-10 04:20:40,154 INFO o.a.j.t.JMeterThread: Thread finished: TCC orders 1-19
2026-09-10 04:20:40,180 INFO o.a.j.t.JMeterThread: Stopping because end time detected by thread: TCC orders 1-6
2026-09-10 04:20:40,180 INFO o.a.j.t.JMeterThread: Thread finished: TCC orders 1-6
2026-09-10 04:20:40,205 INFO o.a.j.t.JMeterThread: Stopping because end time detected by thread: TCC orders 1-8
2026-09-10 04:20:40,206 INFO o.a.j.t.JMeterThread: Thread finished: TCC orders 1-8
2026-09-10 04:20:40,230 INFO o.a.j.t.JMeterThread: Stopping because end time detected by thread: TCC orders 1-10
2026-09-10 04:20:40,230 INFO o.a.j.t.JMeterThread: Thread finished: TCC orders 1-10
2026-09-10 04:20:40,255 INFO o.a.j.t.JMeterThread: Stopping because end time detected by thread: TCC orders 1-4
2026-09-10 04:20:40,255 INFO o.a.j.t.JMeterThread: Thread finished: TCC orders 1-4
2026-09-10 04:20:40,280 INFO o.a.j.t.JMeterThread: Stopping because end time detected by thread: TCC orders 1-12
2026-09-10 04:20:40,280 INFO o.a.j.t.JMeterThread: Thread finished: TCC orders 1-12
2026-09-10 04:20:40,304 INFO o.a.j.t.JMeterThread: Stopping because end time detected by thread: TCC orders 1-24
2026-09-10 04:20:40,305 INFO o.a.j.t.JMeterThread: Thread finished: TCC orders 1-24
2026-09-10 04:20:40,330 INFO o.a.j.t.JMeterThread: Stopping because end time detected by thread: TCC orders 1-18
2026-09-10 04:20:40,330 INFO o.a.j.t.JMeterThread: Thread finished: TCC orders 1-18
2026-09-10 04:20:40,355 INFO o.a.j.t.JMeterThread: Stopping because end time detected by thread: TCC orders 1-25
2026-09-10 04:20:40,355 INFO o.a.j.t.JMeterThread: Thread finished: TCC orders 1-25
2026-09-10 04:20:40,382 INFO o.a.j.t.JMeterThread: Stopping because end time detected by thread: TCC orders 1-22
2026-09-10 04:20:40,382 INFO o.a.j.t.JMeterThread: Thread finished: TCC orders 1-22
2026-09-10 04:20:40,407 INFO o.a.j.t.JMeterThread: Stopping because end time detected by thread: TCC orders 1-23
2026-09-10 04:20:40,407 INFO o.a.j.t.JMeterThread: Thread finished: TCC orders 1-23
2026-09-10 04:20:40,433 INFO o.a.j.t.JMeterThread: Stopping because end time detected by thread: TCC orders 1-15
2026-09-10 04:20:40,433 INFO o.a.j.t.JMeterThread: Thread finished: TCC orders 1-15
2026-09-10 04:20:40,457 INFO o.a.j.t.JMeterThread: Stopping because end time detected by thread: TCC orders 1-13
2026-09-10 04:20:40,457 INFO o.a.j.t.JMeterThread: Thread finished: TCC orders 1-13
2026-09-10 04:20:40,482 INFO o.a.j.t.JMeterThread: Stopping because end time detected by thread: TCC orders 1-2
2026-09-10 04:20:40,483 INFO o.a.j.t.JMeterThread: Thread finished: TCC orders 1-2
2026-09-10 04:20:40,507 INFO o.a.j.t.JMeterThread: Stopping because end time detected by thread: TCC orders 1-17
2026-09-10 04:20:40,507 INFO o.a.j.t.JMeterThread: Thread finished: TCC orders 1-17
2026-09-10 04:20:40,532 INFO o.a.j.t.JMeterThread: Stopping because end time detected by thread: TCC orders 1-9
2026-09-10 04:20:40,532 INFO o.a.j.t.JMeterThread: Thread finished: TCC orders 1-9
2026-09-10 04:20:40,558 INFO o.a.j.t.JMeterThread: Stopping because end time detected by thread: TCC orders 1-14
2026-09-10 04:20:40,558 INFO o.a.j.t.JMeterThread: Thread finished: TCC orders 1-14
2026-09-10 04:20:40,585 INFO o.a.j.t.JMeterThread: Stopping because end time detected by thread: TCC orders 1-1
2026-09-10 04:20:40,585 INFO o.a.j.t.JMeterThread: Thread finished: TCC orders 1-1
2026-09-10 04:20:40,609 INFO o.a.j.t.JMeterThread: Stopping because end time detected by thread: TCC orders 1-5
2026-09-10 04:20:40,609 INFO o.a.j.t.JMeterThread: Thread finished: TCC orders 1-5
2026-09-10 04:20:40,634 INFO o.a.j.t.JMeterThread: Stopping because end time detected by thread: TCC orders 1-21
2026-09-10 04:20:40,634 INFO o.a.j.t.JMeterThread: Thread finished: TCC orders 1-21
2026-09-10 04:20:40,659 INFO o.a.j.t.JMeterThread: Stopping because end time detected by thread: TCC orders 1-20
2026-09-10 04:20:40,659 INFO o.a.j.t.JMeterThread: Thread finished: TCC orders 1-20
2026-09-10 04:20:40,659 INFO o.a.j.e.StandardJMeterEngine: Notifying test listeners of end of test
2026-09-10 04:20:40,662 INFO o.a.j.r.Summariser: summary +    425 in 00:00:11 =   40.0/s Avg:   625 Min:   603 Max:   643 Err:     0 (0.00%) Active: 0 Started: 25 Finished: 25
2026-09-10 04:20:40,662 INFO o.a.j.r.Summariser: summary =   4786 in 00:02:01 =   39.7/s Avg:   625 Min:    57 Max:   926 Err:     0 (0.00%)
