2026-09-10 04:18:03,835 INFO o.a.j.u.JMeterUtils: Setting Locale to en_EN
2026-09-10 04:18:03,853 INFO o.a.j.JMeter: Loading user properties from: /home/avituo/projects/tcc/tcc-container/.tools/apache-jmeter-5.6.3/bin/user.properties
2026-09-10 04:18:03,853 INFO o.a.j.JMeter: Loading system properties from: /home/avituo/projects/tcc/tcc-container/.tools/apache-jmeter-5.6.3/bin/system.properties
2026-09-10 04:18:03,853 INFO o.a.j.JMeter: Loading additional properties from: /home/avituo/projects/tcc/tcc-container/benchmark/jmeter/benchmark.properties
2026-09-10 04:18:03,854 INFO o.a.j.JMeter: Loading additional properties from: /tmp/tcc-benchmark-auth.GG8lkw/auth.properties
2026-09-10 04:18:03,854 INFO o.a.j.JMeter: Setting JMeter property: threads=25
2026-09-10 04:18:03,854 INFO o.a.j.JMeter: Setting JMeter property: duration_seconds=30
2026-09-10 04:18:03,854 INFO o.a.j.JMeter: Setting JMeter property: target_host=localhost
2026-09-10 04:18:03,854 INFO o.a.j.JMeter: Setting JMeter property: target_port=18000
2026-09-10 04:18:03,854 INFO o.a.j.JMeter: Setting JMeter property: tcc.order.id=1
2026-09-10 04:18:03,854 INFO o.a.j.JMeter: Setting JMeter property: repetition=4
2026-09-10 04:18:03,860 INFO o.a.j.JMeter: Copyright (c) 1998-2024 The Apache Software Foundation
2026-09-10 04:18:03,860 INFO o.a.j.JMeter: Version 5.6.3
2026-09-10 04:18:03,860 INFO o.a.j.JMeter: java.version=21.0.11
2026-09-10 04:18:03,860 INFO o.a.j.JMeter: java.vm.name=OpenJDK 64-Bit Server VM
2026-09-10 04:18:03,860 INFO o.a.j.JMeter: os.name=Linux
2026-09-10 04:18:03,861 INFO o.a.j.JMeter: os.arch=amd64
2026-09-10 04:18:03,861 INFO o.a.j.JMeter: os.version=7.0.11-76070011-generic
2026-09-10 04:18:03,861 INFO o.a.j.JMeter: file.encoding=UTF-8
2026-09-10 04:18:03,861 INFO o.a.j.JMeter: java.awt.headless=true
2026-09-10 04:18:03,861 INFO o.a.j.JMeter: Max memory     =1073741824
2026-09-10 04:18:03,861 INFO o.a.j.JMeter: Available Processors =16
2026-09-10 04:18:03,869 INFO o.a.j.JMeter: Default Locale=English (EN)
2026-09-10 04:18:03,869 INFO o.a.j.JMeter: JMeter  Locale=English (EN)
2026-09-10 04:18:03,870 INFO o.a.j.JMeter: JMeterHome=/home/avituo/projects/tcc/tcc-container/.tools/apache-jmeter-5.6.3
2026-09-10 04:18:03,870 INFO o.a.j.JMeter: user.dir  =/home/avituo/projects/tcc/tcc-container
2026-09-10 04:18:03,870 INFO o.a.j.JMeter: PWD       =/home/avituo/projects/tcc/tcc-container
2026-09-10 04:18:03,878 INFO o.a.j.JMeter: IP: 192.168.1.16 Name: pop-os FullName: pop-os.home
2026-09-10 04:18:03,890 INFO o.a.j.s.FileServer: Default base='/home/avituo/projects/tcc/tcc-container'
2026-09-10 04:18:03,892 INFO o.a.j.s.FileServer: Set new base='/home/avituo/projects/tcc/tcc-container/benchmark/jmeter'
2026-09-10 04:18:04,073 INFO o.a.j.s.SaveService: Testplan (JMX) version: 2.2. Testlog (JTL) version: 2.2
2026-09-10 04:18:04,097 INFO o.a.j.s.SaveService: Using SaveService properties version 5.0
2026-09-10 04:18:04,100 INFO o.a.j.s.SaveService: Using SaveService properties file encoding UTF-8
2026-09-10 04:18:04,104 INFO o.a.j.s.SaveService: Loading file: /home/avituo/projects/tcc/tcc-container/benchmark/jmeter/tcc-orders-v1.jmx
2026-09-10 04:18:04,153 INFO o.a.j.p.h.s.HTTPSamplerBase: Parser for text/html is org.apache.jmeter.protocol.http.parser.LagartoBasedHtmlParser
2026-09-10 04:18:04,153 INFO o.a.j.p.h.s.HTTPSamplerBase: Parser for application/xhtml+xml is org.apache.jmeter.protocol.http.parser.LagartoBasedHtmlParser
2026-09-10 04:18:04,153 INFO o.a.j.p.h.s.HTTPSamplerBase: Parser for application/xml is org.apache.jmeter.protocol.http.parser.LagartoBasedHtmlParser
2026-09-10 04:18:04,153 INFO o.a.j.p.h.s.HTTPSamplerBase: Parser for text/xml is org.apache.jmeter.protocol.http.parser.LagartoBasedHtmlParser
2026-09-10 04:18:04,153 INFO o.a.j.p.h.s.HTTPSamplerBase: Parser for text/vnd.wap.wml is org.apache.jmeter.protocol.http.parser.RegexpHTMLParser
2026-09-10 04:18:04,153 INFO o.a.j.p.h.s.HTTPSamplerBase: Parser for text/css is org.apache.jmeter.protocol.http.parser.CssParser
2026-09-10 04:18:04,181 INFO o.a.j.JMeter: Creating summariser <summary>
2026-09-10 04:18:04,198 INFO o.a.j.e.StandardJMeterEngine: Running the test!
2026-09-10 04:18:04,198 INFO o.a.j.s.SampleEvent: List of sample_variables: []
2026-09-10 04:18:04,199 INFO o.a.j.s.SampleEvent: List of sample_variables: []
2026-09-10 04:18:04,207 INFO o.a.j.e.u.CompoundVariable: Note: Function class names must contain the string: '.functions.'
2026-09-10 04:18:04,207 INFO o.a.j.e.u.CompoundVariable: Note: Function class names must not contain the string: '.gui.'
2026-09-10 04:18:04,452 INFO o.a.j.JMeter: Running test (1789024684451)
2026-09-10 04:18:04,471 INFO o.a.j.e.StandardJMeterEngine: Starting ThreadGroup: 1 : TCC orders
2026-09-10 04:18:04,471 INFO o.a.j.e.StandardJMeterEngine: Starting 25 threads for group TCC orders.
2026-09-10 04:18:04,471 INFO o.a.j.e.StandardJMeterEngine: Thread will continue on error
2026-09-10 04:18:04,471 INFO o.a.j.t.ThreadGroup: Starting thread group... number=1 threads=25 ramp-up=0 delayedStart=false
2026-09-10 04:18:04,479 INFO o.a.j.t.JMeterThread: Thread started: TCC orders 1-3
2026-09-10 04:18:04,479 INFO o.a.j.t.JMeterThread: Thread started: TCC orders 1-5
2026-09-10 04:18:04,479 INFO o.a.j.t.JMeterThread: Thread started: TCC orders 1-1
2026-09-10 04:18:04,479 INFO o.a.j.t.JMeterThread: Thread started: TCC orders 1-2
2026-09-10 04:18:04,479 INFO o.a.j.t.JMeterThread: Thread started: TCC orders 1-4
2026-09-10 04:18:04,479 INFO o.a.j.t.JMeterThread: Thread started: TCC orders 1-6
2026-09-10 04:18:04,480 INFO o.a.j.t.JMeterThread: Thread started: TCC orders 1-7
2026-09-10 04:18:04,481 INFO o.a.j.t.JMeterThread: Thread started: TCC orders 1-8
2026-09-10 04:18:04,481 INFO o.a.j.t.JMeterThread: Thread started: TCC orders 1-9
2026-09-10 04:18:04,481 INFO o.a.j.t.JMeterThread: Thread started: TCC orders 1-10
2026-09-10 04:18:04,482 INFO o.a.j.t.JMeterThread: Thread started: TCC orders 1-11
2026-09-10 04:18:04,483 INFO o.a.j.t.JMeterThread: Thread started: TCC orders 1-12
2026-09-10 04:18:04,484 INFO o.a.j.t.JMeterThread: Thread started: TCC orders 1-13
2026-09-10 04:18:04,485 INFO o.a.j.t.JMeterThread: Thread started: TCC orders 1-14
2026-09-10 04:18:04,486 INFO o.a.j.t.JMeterThread: Thread started: TCC orders 1-15
2026-09-10 04:18:04,487 INFO o.a.j.t.JMeterThread: Thread started: TCC orders 1-16
2026-09-10 04:18:04,488 INFO o.a.j.t.JMeterThread: Thread started: TCC orders 1-17
2026-09-10 04:18:04,488 INFO o.a.j.t.JMeterThread: Thread started: TCC orders 1-18
2026-09-10 04:18:04,489 INFO o.a.j.t.JMeterThread: Thread started: TCC orders 1-19
2026-09-10 04:18:04,489 INFO o.a.j.t.JMeterThread: Thread started: TCC orders 1-20
2026-09-10 04:18:04,490 INFO o.a.j.t.JMeterThread: Thread started: TCC orders 1-21
2026-09-10 04:18:04,490 INFO o.a.j.t.JMeterThread: Thread started: TCC orders 1-22
2026-09-10 04:18:04,491 INFO o.a.j.t.JMeterThread: Thread started: TCC orders 1-23
2026-09-10 04:18:04,492 INFO o.a.j.t.JMeterThread: Thread started: TCC orders 1-24
2026-09-10 04:18:04,492 INFO o.a.j.t.ThreadGroup: Started thread group number 1
2026-09-10 04:18:04,492 INFO o.a.j.e.StandardJMeterEngine: All thread groups have been started
2026-09-10 04:18:04,492 INFO o.a.j.t.JMeterThread: Thread started: TCC orders 1-25
2026-09-10 04:18:04,500 INFO o.a.j.p.h.s.HTTPHCAbstractImpl: Local host = pop-os
2026-09-10 04:18:04,505 INFO o.a.j.p.h.s.HTTPHC4Impl: HTTP request retry count = 0
2026-09-10 04:18:04,507 INFO o.a.j.s.SampleResult: Note: Sample TimeStamps are START times
2026-09-10 04:18:04,507 INFO o.a.j.s.SampleResult: sampleresult.default.encoding is set to UTF-8
2026-09-10 04:18:04,507 INFO o.a.j.s.SampleResult: sampleresult.useNanoTime=true
2026-09-10 04:18:04,507 INFO o.a.j.s.SampleResult: sampleresult.nanoThreadSleep=5000
2026-09-10 04:18:05,576 INFO o.a.j.r.Summariser: summary +      1 in 00:00:01 =    0.9/s Avg:   430 Min:   430 Max:   430 Err:     0 (0.00%) Active: 25 Started: 25 Finished: 0
2026-09-10 04:18:30,013 INFO o.a.j.r.Summariser: summary +    991 in 00:00:24 =   40.5/s Avg:   620 Min:    40 Max:   949 Err:     0 (0.00%) Active: 25 Started: 25 Finished: 0
2026-09-10 04:18:30,013 INFO o.a.j.r.Summariser: summary =    992 in 00:00:26 =   38.8/s Avg:   620 Min:    40 Max:   949 Err:     0 (0.00%)
2026-09-10 04:18:34,502 INFO o.a.j.t.JMeterThread: Stopping because end time detected by thread: TCC orders 1-19
2026-09-10 04:18:34,502 INFO o.a.j.t.JMeterThread: Thread finished: TCC orders 1-19
2026-09-10 04:18:34,529 INFO o.a.j.t.JMeterThread: Stopping because end time detected by thread: TCC orders 1-16
2026-09-10 04:18:34,530 INFO o.a.j.t.JMeterThread: Thread finished: TCC orders 1-16
2026-09-10 04:18:34,554 INFO o.a.j.t.JMeterThread: Stopping because end time detected by thread: TCC orders 1-9
2026-09-10 04:18:34,554 INFO o.a.j.t.JMeterThread: Thread finished: TCC orders 1-9
2026-09-10 04:18:34,578 INFO o.a.j.t.JMeterThread: Stopping because end time detected by thread: TCC orders 1-17
2026-09-10 04:18:34,579 INFO o.a.j.t.JMeterThread: Thread finished: TCC orders 1-17
2026-09-10 04:18:34,604 INFO o.a.j.t.JMeterThread: Stopping because end time detected by thread: TCC orders 1-20
2026-09-10 04:18:34,604 INFO o.a.j.t.JMeterThread: Thread finished: TCC orders 1-20
2026-09-10 04:18:34,629 INFO o.a.j.t.JMeterThread: Stopping because end time detected by thread: TCC orders 1-11
2026-09-10 04:18:34,629 INFO o.a.j.t.JMeterThread: Thread finished: TCC orders 1-11
2026-09-10 04:18:34,654 INFO o.a.j.t.JMeterThread: Stopping because end time detected by thread: TCC orders 1-2
2026-09-10 04:18:34,654 INFO o.a.j.t.JMeterThread: Thread finished: TCC orders 1-2
2026-09-10 04:18:34,679 INFO o.a.j.t.JMeterThread: Stopping because end time detected by thread: TCC orders 1-15
2026-09-10 04:18:34,680 INFO o.a.j.t.JMeterThread: Thread finished: TCC orders 1-15
2026-09-10 04:18:34,704 INFO o.a.j.t.JMeterThread: Stopping because end time detected by thread: TCC orders 1-3
2026-09-10 04:18:34,704 INFO o.a.j.t.JMeterThread: Thread finished: TCC orders 1-3
2026-09-10 04:18:34,729 INFO o.a.j.t.JMeterThread: Stopping because end time detected by thread: TCC orders 1-13
2026-09-10 04:18:34,729 INFO o.a.j.t.JMeterThread: Thread finished: TCC orders 1-13
2026-09-10 04:18:34,754 INFO o.a.j.t.JMeterThread: Stopping because end time detected by thread: TCC orders 1-1
2026-09-10 04:18:34,754 INFO o.a.j.t.JMeterThread: Thread finished: TCC orders 1-1
2026-09-10 04:18:34,780 INFO o.a.j.t.JMeterThread: Stopping because end time detected by thread: TCC orders 1-7
2026-09-10 04:18:34,780 INFO o.a.j.t.JMeterThread: Thread finished: TCC orders 1-7
2026-09-10 04:18:34,805 INFO o.a.j.t.JMeterThread: Stopping because end time detected by thread: TCC orders 1-5
2026-09-10 04:18:34,805 INFO o.a.j.t.JMeterThread: Thread finished: TCC orders 1-5
2026-09-10 04:18:34,830 INFO o.a.j.t.JMeterThread: Stopping because end time detected by thread: TCC orders 1-25
2026-09-10 04:18:34,830 INFO o.a.j.t.JMeterThread: Thread finished: TCC orders 1-25
2026-09-10 04:18:34,855 INFO o.a.j.t.JMeterThread: Stopping because end time detected by thread: TCC orders 1-10
2026-09-10 04:18:34,855 INFO o.a.j.t.JMeterThread: Thread finished: TCC orders 1-10
2026-09-10 04:18:34,879 INFO o.a.j.t.JMeterThread: Stopping because end time detected by thread: TCC orders 1-14
2026-09-10 04:18:34,880 INFO o.a.j.t.JMeterThread: Thread finished: TCC orders 1-14
2026-09-10 04:18:34,904 INFO o.a.j.t.JMeterThread: Stopping because end time detected by thread: TCC orders 1-23
2026-09-10 04:18:34,905 INFO o.a.j.t.JMeterThread: Thread finished: TCC orders 1-23
2026-09-10 04:18:34,930 INFO o.a.j.t.JMeterThread: Stopping because end time detected by thread: TCC orders 1-4
2026-09-10 04:18:34,930 INFO o.a.j.t.JMeterThread: Thread finished: TCC orders 1-4
2026-09-10 04:18:34,955 INFO o.a.j.t.JMeterThread: Stopping because end time detected by thread: TCC orders 1-24
2026-09-10 04:18:34,955 INFO o.a.j.t.JMeterThread: Thread finished: TCC orders 1-24
2026-09-10 04:18:34,980 INFO o.a.j.t.JMeterThread: Stopping because end time detected by thread: TCC orders 1-22
2026-09-10 04:18:34,980 INFO o.a.j.t.JMeterThread: Thread finished: TCC orders 1-22
2026-09-10 04:18:35,012 INFO o.a.j.t.JMeterThread: Stopping because end time detected by thread: TCC orders 1-8
2026-09-10 04:18:35,012 INFO o.a.j.t.JMeterThread: Thread finished: TCC orders 1-8
2026-09-10 04:18:35,036 INFO o.a.j.t.JMeterThread: Stopping because end time detected by thread: TCC orders 1-6
2026-09-10 04:18:35,037 INFO o.a.j.t.JMeterThread: Thread finished: TCC orders 1-6
2026-09-10 04:18:35,062 INFO o.a.j.t.JMeterThread: Stopping because end time detected by thread: TCC orders 1-18
2026-09-10 04:18:35,062 INFO o.a.j.t.JMeterThread: Thread finished: TCC orders 1-18
2026-09-10 04:18:35,086 INFO o.a.j.t.JMeterThread: Stopping because end time detected by thread: TCC orders 1-12
2026-09-10 04:18:35,086 INFO o.a.j.t.JMeterThread: Thread finished: TCC orders 1-12
2026-09-10 04:18:35,111 INFO o.a.j.t.JMeterThread: Stopping because end time detected by thread: TCC orders 1-21
2026-09-10 04:18:35,111 INFO o.a.j.t.JMeterThread: Thread finished: TCC orders 1-21
2026-09-10 04:18:35,112 INFO o.a.j.e.StandardJMeterEngine: Notifying test listeners of end of test
2026-09-10 04:18:35,114 INFO o.a.j.r.Summariser: summary +    203 in 00:00:05 =   39.8/s Avg:   626 Min:   612 Max:   648 Err:     0 (0.00%) Active: 0 Started: 25 Finished: 25
2026-09-10 04:18:35,114 INFO o.a.j.r.Summariser: summary =   1195 in 00:00:31 =   39.0/s Avg:   621 Min:    40 Max:   949 Err:     0 (0.00%)
