2026-09-10 09:09:14,632 INFO o.a.j.u.JMeterUtils: Setting Locale to en_EN
2026-09-10 09:09:14,650 INFO o.a.j.JMeter: Loading user properties from: /home/avituo/projects/tcc/tcc-container/.tools/apache-jmeter-5.6.3/bin/user.properties
2026-09-10 09:09:14,650 INFO o.a.j.JMeter: Loading system properties from: /home/avituo/projects/tcc/tcc-container/.tools/apache-jmeter-5.6.3/bin/system.properties
2026-09-10 09:09:14,650 INFO o.a.j.JMeter: Loading additional properties from: /home/avituo/projects/tcc/tcc-container/benchmark/jmeter/benchmark.properties
2026-09-10 09:09:14,650 INFO o.a.j.JMeter: Loading additional properties from: /tmp/tcc-benchmark-auth.Du2Njr/auth.properties
2026-09-10 09:09:14,650 INFO o.a.j.JMeter: Loading additional properties from: /home/avituo/projects/tcc/tcc-container/benchmark/results/laravel-13.20.0/final/order-create/c25/r5/monolith/thread-counters.properties
2026-09-10 09:09:14,651 INFO o.a.j.JMeter: Setting JMeter property: threads=25
2026-09-10 09:09:14,651 INFO o.a.j.JMeter: Setting JMeter property: duration_seconds=120
2026-09-10 09:09:14,651 INFO o.a.j.JMeter: Setting JMeter property: target_host=localhost
2026-09-10 09:09:14,651 INFO o.a.j.JMeter: Setting JMeter property: target_port=18000
2026-09-10 09:09:14,651 INFO o.a.j.JMeter: Setting JMeter property: tcc.order.id=1
2026-09-10 09:09:14,651 INFO o.a.j.JMeter: Setting JMeter property: repetition=5
2026-09-10 09:09:14,657 INFO o.a.j.JMeter: Copyright (c) 1998-2024 The Apache Software Foundation
2026-09-10 09:09:14,657 INFO o.a.j.JMeter: Version 5.6.3
2026-09-10 09:09:14,658 INFO o.a.j.JMeter: java.version=21.0.11
2026-09-10 09:09:14,658 INFO o.a.j.JMeter: java.vm.name=OpenJDK 64-Bit Server VM
2026-09-10 09:09:14,658 INFO o.a.j.JMeter: os.name=Linux
2026-09-10 09:09:14,658 INFO o.a.j.JMeter: os.arch=amd64
2026-09-10 09:09:14,658 INFO o.a.j.JMeter: os.version=7.0.11-76070011-generic
2026-09-10 09:09:14,658 INFO o.a.j.JMeter: file.encoding=UTF-8
2026-09-10 09:09:14,658 INFO o.a.j.JMeter: java.awt.headless=true
2026-09-10 09:09:14,658 INFO o.a.j.JMeter: Max memory     =1073741824
2026-09-10 09:09:14,658 INFO o.a.j.JMeter: Available Processors =16
2026-09-10 09:09:14,666 INFO o.a.j.JMeter: Default Locale=English (EN)
2026-09-10 09:09:14,666 INFO o.a.j.JMeter: JMeter  Locale=English (EN)
2026-09-10 09:09:14,666 INFO o.a.j.JMeter: JMeterHome=/home/avituo/projects/tcc/tcc-container/.tools/apache-jmeter-5.6.3
2026-09-10 09:09:14,666 INFO o.a.j.JMeter: user.dir  =/home/avituo/projects/tcc/tcc-container
2026-09-10 09:09:14,667 INFO o.a.j.JMeter: PWD       =/home/avituo/projects/tcc/tcc-container
2026-09-10 09:09:14,674 INFO o.a.j.JMeter: IP: 192.168.1.16 Name: pop-os FullName: pop-os.home
2026-09-10 09:09:14,687 INFO o.a.j.s.FileServer: Default base='/home/avituo/projects/tcc/tcc-container'
2026-09-10 09:09:14,689 INFO o.a.j.s.FileServer: Set new base='/home/avituo/projects/tcc/tcc-container/benchmark/jmeter'
2026-09-10 09:09:14,853 INFO o.a.j.s.SaveService: Testplan (JMX) version: 2.2. Testlog (JTL) version: 2.2
2026-09-10 09:09:14,877 INFO o.a.j.s.SaveService: Using SaveService properties version 5.0
2026-09-10 09:09:14,880 INFO o.a.j.s.SaveService: Using SaveService properties file encoding UTF-8
2026-09-10 09:09:14,884 INFO o.a.j.s.SaveService: Loading file: /home/avituo/projects/tcc/tcc-container/benchmark/jmeter/tcc-order-create-v1.jmx
2026-09-10 09:09:14,934 INFO o.a.j.p.h.s.HTTPSamplerBase: Parser for text/html is org.apache.jmeter.protocol.http.parser.LagartoBasedHtmlParser
2026-09-10 09:09:14,934 INFO o.a.j.p.h.s.HTTPSamplerBase: Parser for application/xhtml+xml is org.apache.jmeter.protocol.http.parser.LagartoBasedHtmlParser
2026-09-10 09:09:14,934 INFO o.a.j.p.h.s.HTTPSamplerBase: Parser for application/xml is org.apache.jmeter.protocol.http.parser.LagartoBasedHtmlParser
2026-09-10 09:09:14,934 INFO o.a.j.p.h.s.HTTPSamplerBase: Parser for text/xml is org.apache.jmeter.protocol.http.parser.LagartoBasedHtmlParser
2026-09-10 09:09:14,934 INFO o.a.j.p.h.s.HTTPSamplerBase: Parser for text/vnd.wap.wml is org.apache.jmeter.protocol.http.parser.RegexpHTMLParser
2026-09-10 09:09:14,934 INFO o.a.j.p.h.s.HTTPSamplerBase: Parser for text/css is org.apache.jmeter.protocol.http.parser.CssParser
2026-09-10 09:09:14,964 INFO o.a.j.JMeter: Creating summariser <summary>
2026-09-10 09:09:14,985 INFO o.a.j.e.StandardJMeterEngine: Running the test!
2026-09-10 09:09:14,985 INFO o.a.j.s.SampleEvent: List of sample_variables: []
2026-09-10 09:09:14,985 INFO o.a.j.s.SampleEvent: List of sample_variables: []
2026-09-10 09:09:14,990 INFO o.a.j.e.u.CompoundVariable: Note: Function class names must contain the string: '.functions.'
2026-09-10 09:09:14,990 INFO o.a.j.e.u.CompoundVariable: Note: Function class names must not contain the string: '.gui.'
2026-09-10 09:09:15,234 INFO o.a.j.JMeter: Running test (1789042155234)
2026-09-10 09:09:15,254 INFO o.a.j.e.StandardJMeterEngine: Starting ThreadGroup: 1 : TCC order-create
2026-09-10 09:09:15,254 INFO o.a.j.e.StandardJMeterEngine: Starting 25 threads for group TCC order-create.
2026-09-10 09:09:15,254 INFO o.a.j.e.StandardJMeterEngine: Thread will continue on error
2026-09-10 09:09:15,254 INFO o.a.j.t.ThreadGroup: Starting thread group... number=1 threads=25 ramp-up=0 delayedStart=false
2026-09-10 09:09:15,261 INFO o.a.j.t.JMeterThread: Thread started: TCC order-create 1-3
2026-09-10 09:09:15,261 INFO o.a.j.t.JMeterThread: Thread started: TCC order-create 1-2
2026-09-10 09:09:15,261 INFO o.a.j.t.JMeterThread: Thread started: TCC order-create 1-4
2026-09-10 09:09:15,261 INFO o.a.j.t.JMeterThread: Thread started: TCC order-create 1-5
2026-09-10 09:09:15,261 INFO o.a.j.t.JMeterThread: Thread started: TCC order-create 1-1
2026-09-10 09:09:15,261 INFO o.a.j.t.JMeterThread: Thread started: TCC order-create 1-6
2026-09-10 09:09:15,262 INFO o.a.j.t.JMeterThread: Thread started: TCC order-create 1-7
2026-09-10 09:09:15,263 INFO o.a.j.t.JMeterThread: Thread started: TCC order-create 1-8
2026-09-10 09:09:15,263 INFO o.a.j.t.JMeterThread: Thread started: TCC order-create 1-9
2026-09-10 09:09:15,264 INFO o.a.j.t.JMeterThread: Thread started: TCC order-create 1-10
2026-09-10 09:09:15,266 INFO o.a.j.t.JMeterThread: Thread started: TCC order-create 1-11
2026-09-10 09:09:15,266 INFO o.a.j.t.JMeterThread: Thread started: TCC order-create 1-12
2026-09-10 09:09:15,267 INFO o.a.j.t.JMeterThread: Thread started: TCC order-create 1-13
2026-09-10 09:09:15,268 INFO o.a.j.t.JMeterThread: Thread started: TCC order-create 1-14
2026-09-10 09:09:15,268 INFO o.a.j.t.JMeterThread: Thread started: TCC order-create 1-15
2026-09-10 09:09:15,270 INFO o.a.j.t.JMeterThread: Thread started: TCC order-create 1-16
2026-09-10 09:09:15,270 INFO o.a.j.t.JMeterThread: Thread started: TCC order-create 1-17
2026-09-10 09:09:15,271 INFO o.a.j.t.JMeterThread: Thread started: TCC order-create 1-18
2026-09-10 09:09:15,272 INFO o.a.j.t.JMeterThread: Thread started: TCC order-create 1-19
2026-09-10 09:09:15,273 INFO o.a.j.t.JMeterThread: Thread started: TCC order-create 1-20
2026-09-10 09:09:15,273 INFO o.a.j.t.JMeterThread: Thread started: TCC order-create 1-21
2026-09-10 09:09:15,274 INFO o.a.j.t.JMeterThread: Thread started: TCC order-create 1-22
2026-09-10 09:09:15,274 INFO o.a.j.t.JMeterThread: Thread started: TCC order-create 1-23
2026-09-10 09:09:15,275 INFO o.a.j.t.ThreadGroup: Started thread group number 1
2026-09-10 09:09:15,275 INFO o.a.j.t.JMeterThread: Thread started: TCC order-create 1-24
2026-09-10 09:09:15,276 INFO o.a.j.e.StandardJMeterEngine: All thread groups have been started
2026-09-10 09:09:15,276 INFO o.a.j.t.JMeterThread: Thread started: TCC order-create 1-25
2026-09-10 09:09:16,015 INFO o.a.j.p.h.s.HTTPHCAbstractImpl: Local host = pop-os
2026-09-10 09:09:16,023 INFO o.a.j.p.h.s.HTTPHC4Impl: HTTP request retry count = 0
2026-09-10 09:09:16,024 INFO o.a.j.s.SampleResult: Note: Sample TimeStamps are START times
2026-09-10 09:09:16,024 INFO o.a.j.s.SampleResult: sampleresult.default.encoding is set to UTF-8
2026-09-10 09:09:16,024 INFO o.a.j.s.SampleResult: sampleresult.useNanoTime=true
2026-09-10 09:09:16,024 INFO o.a.j.s.SampleResult: sampleresult.nanoThreadSleep=5000
2026-09-10 09:09:30,016 INFO o.a.j.r.Summariser: summary +    513 in 00:00:15 =   34.7/s Avg:   659 Min:    78 Max:   780 Err:     0 (0.00%) Active: 25 Started: 25 Finished: 0
2026-09-10 09:10:00,013 INFO o.a.j.r.Summariser: summary +   1151 in 00:00:30 =   38.4/s Avg:   650 Min:   613 Max:   727 Err:     0 (0.00%) Active: 25 Started: 25 Finished: 0
2026-09-10 09:10:00,013 INFO o.a.j.r.Summariser: summary =   1664 in 00:00:45 =   37.2/s Avg:   653 Min:    78 Max:   780 Err:     0 (0.00%)
2026-09-10 09:10:30,019 INFO o.a.j.r.Summariser: summary +   1081 in 00:00:30 =   36.0/s Avg:   693 Min:   619 Max:  1527 Err:     0 (0.00%) Active: 25 Started: 25 Finished: 0
2026-09-10 09:10:30,019 INFO o.a.j.r.Summariser: summary =   2745 in 00:01:15 =   36.7/s Avg:   669 Min:    78 Max:  1527 Err:     0 (0.00%)
2026-09-10 09:11:00,015 INFO o.a.j.r.Summariser: summary +   1134 in 00:00:30 =   37.8/s Avg:   660 Min:   611 Max:   790 Err:     0 (0.00%) Active: 25 Started: 25 Finished: 0
2026-09-10 09:11:00,015 INFO o.a.j.r.Summariser: summary =   3879 in 00:01:45 =   37.0/s Avg:   666 Min:    78 Max:  1527 Err:     0 (0.00%)
2026-09-10 09:11:15,277 INFO o.a.j.t.JMeterThread: Stopping because end time detected by thread: TCC order-create 1-14
2026-09-10 09:11:15,277 INFO o.a.j.t.JMeterThread: Thread finished: TCC order-create 1-14
2026-09-10 09:11:15,303 INFO o.a.j.t.JMeterThread: Stopping because end time detected by thread: TCC order-create 1-25
2026-09-10 09:11:15,303 INFO o.a.j.t.JMeterThread: Thread finished: TCC order-create 1-25
2026-09-10 09:11:15,328 INFO o.a.j.t.JMeterThread: Stopping because end time detected by thread: TCC order-create 1-21
2026-09-10 09:11:15,328 INFO o.a.j.t.JMeterThread: Thread finished: TCC order-create 1-21
2026-09-10 09:11:15,355 INFO o.a.j.t.JMeterThread: Stopping because end time detected by thread: TCC order-create 1-10
2026-09-10 09:11:15,355 INFO o.a.j.t.JMeterThread: Thread finished: TCC order-create 1-10
2026-09-10 09:11:15,379 INFO o.a.j.t.JMeterThread: Stopping because end time detected by thread: TCC order-create 1-12
2026-09-10 09:11:15,379 INFO o.a.j.t.JMeterThread: Thread finished: TCC order-create 1-12
2026-09-10 09:11:15,405 INFO o.a.j.t.JMeterThread: Stopping because end time detected by thread: TCC order-create 1-19
2026-09-10 09:11:15,405 INFO o.a.j.t.JMeterThread: Thread finished: TCC order-create 1-19
2026-09-10 09:11:15,431 INFO o.a.j.t.JMeterThread: Stopping because end time detected by thread: TCC order-create 1-11
2026-09-10 09:11:15,431 INFO o.a.j.t.JMeterThread: Thread finished: TCC order-create 1-11
2026-09-10 09:11:15,461 INFO o.a.j.t.JMeterThread: Stopping because end time detected by thread: TCC order-create 1-24
2026-09-10 09:11:15,462 INFO o.a.j.t.JMeterThread: Thread finished: TCC order-create 1-24
2026-09-10 09:11:15,488 INFO o.a.j.t.JMeterThread: Stopping because end time detected by thread: TCC order-create 1-3
2026-09-10 09:11:15,488 INFO o.a.j.t.JMeterThread: Thread finished: TCC order-create 1-3
2026-09-10 09:11:15,515 INFO o.a.j.t.JMeterThread: Stopping because end time detected by thread: TCC order-create 1-18
2026-09-10 09:11:15,515 INFO o.a.j.t.JMeterThread: Thread finished: TCC order-create 1-18
2026-09-10 09:11:15,542 INFO o.a.j.t.JMeterThread: Stopping because end time detected by thread: TCC order-create 1-6
2026-09-10 09:11:15,542 INFO o.a.j.t.JMeterThread: Thread finished: TCC order-create 1-6
2026-09-10 09:11:15,568 INFO o.a.j.t.JMeterThread: Stopping because end time detected by thread: TCC order-create 1-8
2026-09-10 09:11:15,569 INFO o.a.j.t.JMeterThread: Thread finished: TCC order-create 1-8
2026-09-10 09:11:15,595 INFO o.a.j.t.JMeterThread: Stopping because end time detected by thread: TCC order-create 1-22
2026-09-10 09:11:15,595 INFO o.a.j.t.JMeterThread: Thread finished: TCC order-create 1-22
2026-09-10 09:11:15,620 INFO o.a.j.t.JMeterThread: Stopping because end time detected by thread: TCC order-create 1-2
2026-09-10 09:11:15,620 INFO o.a.j.t.JMeterThread: Thread finished: TCC order-create 1-2
2026-09-10 09:11:15,645 INFO o.a.j.t.JMeterThread: Stopping because end time detected by thread: TCC order-create 1-15
2026-09-10 09:11:15,645 INFO o.a.j.t.JMeterThread: Thread finished: TCC order-create 1-15
2026-09-10 09:11:15,669 INFO o.a.j.t.JMeterThread: Stopping because end time detected by thread: TCC order-create 1-13
2026-09-10 09:11:15,669 INFO o.a.j.t.JMeterThread: Thread finished: TCC order-create 1-13
2026-09-10 09:11:15,692 INFO o.a.j.t.JMeterThread: Stopping because end time detected by thread: TCC order-create 1-4
2026-09-10 09:11:15,693 INFO o.a.j.t.JMeterThread: Thread finished: TCC order-create 1-4
2026-09-10 09:11:15,717 INFO o.a.j.t.JMeterThread: Stopping because end time detected by thread: TCC order-create 1-20
2026-09-10 09:11:15,717 INFO o.a.j.t.JMeterThread: Thread finished: TCC order-create 1-20
2026-09-10 09:11:15,742 INFO o.a.j.t.JMeterThread: Stopping because end time detected by thread: TCC order-create 1-1
2026-09-10 09:11:15,742 INFO o.a.j.t.JMeterThread: Thread finished: TCC order-create 1-1
2026-09-10 09:11:15,768 INFO o.a.j.t.JMeterThread: Stopping because end time detected by thread: TCC order-create 1-23
2026-09-10 09:11:15,768 INFO o.a.j.t.JMeterThread: Thread finished: TCC order-create 1-23
2026-09-10 09:11:15,794 INFO o.a.j.t.JMeterThread: Stopping because end time detected by thread: TCC order-create 1-17
2026-09-10 09:11:15,794 INFO o.a.j.t.JMeterThread: Thread finished: TCC order-create 1-17
2026-09-10 09:11:15,819 INFO o.a.j.t.JMeterThread: Stopping because end time detected by thread: TCC order-create 1-5
2026-09-10 09:11:15,819 INFO o.a.j.t.JMeterThread: Thread finished: TCC order-create 1-5
2026-09-10 09:11:15,846 INFO o.a.j.t.JMeterThread: Stopping because end time detected by thread: TCC order-create 1-7
2026-09-10 09:11:15,846 INFO o.a.j.t.JMeterThread: Thread finished: TCC order-create 1-7
2026-09-10 09:11:15,872 INFO o.a.j.t.JMeterThread: Stopping because end time detected by thread: TCC order-create 1-16
2026-09-10 09:11:15,873 INFO o.a.j.t.JMeterThread: Thread finished: TCC order-create 1-16
2026-09-10 09:11:15,898 INFO o.a.j.t.JMeterThread: Stopping because end time detected by thread: TCC order-create 1-9
2026-09-10 09:11:15,898 INFO o.a.j.t.JMeterThread: Thread finished: TCC order-create 1-9
2026-09-10 09:11:15,898 INFO o.a.j.e.StandardJMeterEngine: Notifying test listeners of end of test
2026-09-10 09:11:15,902 INFO o.a.j.r.Summariser: summary +    592 in 00:00:16 =   37.3/s Avg:   670 Min:   614 Max:  1008 Err:     0 (0.00%) Active: 0 Started: 25 Finished: 25
2026-09-10 09:11:15,902 INFO o.a.j.r.Summariser: summary =   4471 in 00:02:01 =   37.1/s Avg:   667 Min:    78 Max:  1527 Err:     0 (0.00%)
