2026-09-10 09:20:09,458 INFO o.a.j.u.JMeterUtils: Setting Locale to en_EN
2026-09-10 09:20:09,475 INFO o.a.j.JMeter: Loading user properties from: /home/avituo/projects/tcc/tcc-container/.tools/apache-jmeter-5.6.3/bin/user.properties
2026-09-10 09:20:09,475 INFO o.a.j.JMeter: Loading system properties from: /home/avituo/projects/tcc/tcc-container/.tools/apache-jmeter-5.6.3/bin/system.properties
2026-09-10 09:20:09,475 INFO o.a.j.JMeter: Loading additional properties from: /home/avituo/projects/tcc/tcc-container/benchmark/jmeter/benchmark.properties
2026-09-10 09:20:09,476 INFO o.a.j.JMeter: Loading additional properties from: /tmp/tcc-benchmark-auth.vAgJ9q/auth.properties
2026-09-10 09:20:09,476 INFO o.a.j.JMeter: Loading additional properties from: /home/avituo/projects/tcc/tcc-container/benchmark/results/laravel-13.20.0/final/order-create/c50/r1/microservices/thread-counters.properties
2026-09-10 09:20:09,476 INFO o.a.j.JMeter: Setting JMeter property: threads=50
2026-09-10 09:20:09,476 INFO o.a.j.JMeter: Setting JMeter property: duration_seconds=120
2026-09-10 09:20:09,476 INFO o.a.j.JMeter: Setting JMeter property: target_host=localhost
2026-09-10 09:20:09,476 INFO o.a.j.JMeter: Setting JMeter property: target_port=18080
2026-09-10 09:20:09,476 INFO o.a.j.JMeter: Setting JMeter property: tcc.order.id=20000000-0000-4000-8000-000000000001
2026-09-10 09:20:09,476 INFO o.a.j.JMeter: Setting JMeter property: repetition=1
2026-09-10 09:20:09,484 INFO o.a.j.JMeter: Copyright (c) 1998-2024 The Apache Software Foundation
2026-09-10 09:20:09,484 INFO o.a.j.JMeter: Version 5.6.3
2026-09-10 09:20:09,484 INFO o.a.j.JMeter: java.version=21.0.11
2026-09-10 09:20:09,485 INFO o.a.j.JMeter: java.vm.name=OpenJDK 64-Bit Server VM
2026-09-10 09:20:09,485 INFO o.a.j.JMeter: os.name=Linux
2026-09-10 09:20:09,485 INFO o.a.j.JMeter: os.arch=amd64
2026-09-10 09:20:09,485 INFO o.a.j.JMeter: os.version=7.0.11-76070011-generic
2026-09-10 09:20:09,485 INFO o.a.j.JMeter: file.encoding=UTF-8
2026-09-10 09:20:09,485 INFO o.a.j.JMeter: java.awt.headless=true
2026-09-10 09:20:09,485 INFO o.a.j.JMeter: Max memory     =1073741824
2026-09-10 09:20:09,485 INFO o.a.j.JMeter: Available Processors =16
2026-09-10 09:20:09,494 INFO o.a.j.JMeter: Default Locale=English (EN)
2026-09-10 09:20:09,494 INFO o.a.j.JMeter: JMeter  Locale=English (EN)
2026-09-10 09:20:09,494 INFO o.a.j.JMeter: JMeterHome=/home/avituo/projects/tcc/tcc-container/.tools/apache-jmeter-5.6.3
2026-09-10 09:20:09,494 INFO o.a.j.JMeter: user.dir  =/home/avituo/projects/tcc/tcc-container
2026-09-10 09:20:09,494 INFO o.a.j.JMeter: PWD       =/home/avituo/projects/tcc/tcc-container
2026-09-10 09:20:09,512 INFO o.a.j.JMeter: IP: 192.168.1.16 Name: pop-os FullName: pop-os.home
2026-09-10 09:20:09,525 INFO o.a.j.s.FileServer: Default base='/home/avituo/projects/tcc/tcc-container'
2026-09-10 09:20:09,527 INFO o.a.j.s.FileServer: Set new base='/home/avituo/projects/tcc/tcc-container/benchmark/jmeter'
2026-09-10 09:20:09,714 INFO o.a.j.s.SaveService: Testplan (JMX) version: 2.2. Testlog (JTL) version: 2.2
2026-09-10 09:20:09,740 INFO o.a.j.s.SaveService: Using SaveService properties version 5.0
2026-09-10 09:20:09,743 INFO o.a.j.s.SaveService: Using SaveService properties file encoding UTF-8
2026-09-10 09:20:09,746 INFO o.a.j.s.SaveService: Loading file: /home/avituo/projects/tcc/tcc-container/benchmark/jmeter/tcc-order-create-v1.jmx
2026-09-10 09:20:09,796 INFO o.a.j.p.h.s.HTTPSamplerBase: Parser for text/html is org.apache.jmeter.protocol.http.parser.LagartoBasedHtmlParser
2026-09-10 09:20:09,796 INFO o.a.j.p.h.s.HTTPSamplerBase: Parser for application/xhtml+xml is org.apache.jmeter.protocol.http.parser.LagartoBasedHtmlParser
2026-09-10 09:20:09,796 INFO o.a.j.p.h.s.HTTPSamplerBase: Parser for application/xml is org.apache.jmeter.protocol.http.parser.LagartoBasedHtmlParser
2026-09-10 09:20:09,796 INFO o.a.j.p.h.s.HTTPSamplerBase: Parser for text/xml is org.apache.jmeter.protocol.http.parser.LagartoBasedHtmlParser
2026-09-10 09:20:09,796 INFO o.a.j.p.h.s.HTTPSamplerBase: Parser for text/vnd.wap.wml is org.apache.jmeter.protocol.http.parser.RegexpHTMLParser
2026-09-10 09:20:09,796 INFO o.a.j.p.h.s.HTTPSamplerBase: Parser for text/css is org.apache.jmeter.protocol.http.parser.CssParser
2026-09-10 09:20:09,827 INFO o.a.j.JMeter: Creating summariser <summary>
2026-09-10 09:20:09,847 INFO o.a.j.e.StandardJMeterEngine: Running the test!
2026-09-10 09:20:09,848 INFO o.a.j.s.SampleEvent: List of sample_variables: []
2026-09-10 09:20:09,848 INFO o.a.j.s.SampleEvent: List of sample_variables: []
2026-09-10 09:20:09,853 INFO o.a.j.e.u.CompoundVariable: Note: Function class names must contain the string: '.functions.'
2026-09-10 09:20:09,853 INFO o.a.j.e.u.CompoundVariable: Note: Function class names must not contain the string: '.gui.'
2026-09-10 09:20:10,099 INFO o.a.j.JMeter: Running test (1789042810099)
2026-09-10 09:20:10,121 INFO o.a.j.e.StandardJMeterEngine: Starting ThreadGroup: 1 : TCC order-create
2026-09-10 09:20:10,122 INFO o.a.j.e.StandardJMeterEngine: Starting 50 threads for group TCC order-create.
2026-09-10 09:20:10,122 INFO o.a.j.e.StandardJMeterEngine: Thread will continue on error
2026-09-10 09:20:10,122 INFO o.a.j.t.ThreadGroup: Starting thread group... number=1 threads=50 ramp-up=0 delayedStart=false
2026-09-10 09:20:10,128 INFO o.a.j.t.JMeterThread: Thread started: TCC order-create 1-3
2026-09-10 09:20:10,128 INFO o.a.j.t.JMeterThread: Thread started: TCC order-create 1-4
2026-09-10 09:20:10,128 INFO o.a.j.t.JMeterThread: Thread started: TCC order-create 1-2
2026-09-10 09:20:10,128 INFO o.a.j.t.JMeterThread: Thread started: TCC order-create 1-1
2026-09-10 09:20:10,129 INFO o.a.j.t.JMeterThread: Thread started: TCC order-create 1-5
2026-09-10 09:20:10,130 INFO o.a.j.t.JMeterThread: Thread started: TCC order-create 1-6
2026-09-10 09:20:10,131 INFO o.a.j.t.JMeterThread: Thread started: TCC order-create 1-7
2026-09-10 09:20:10,132 INFO o.a.j.t.JMeterThread: Thread started: TCC order-create 1-8
2026-09-10 09:20:10,132 INFO o.a.j.t.JMeterThread: Thread started: TCC order-create 1-9
2026-09-10 09:20:10,133 INFO o.a.j.t.JMeterThread: Thread started: TCC order-create 1-10
2026-09-10 09:20:10,134 INFO o.a.j.t.JMeterThread: Thread started: TCC order-create 1-11
2026-09-10 09:20:10,135 INFO o.a.j.t.JMeterThread: Thread started: TCC order-create 1-12
2026-09-10 09:20:10,135 INFO o.a.j.t.JMeterThread: Thread started: TCC order-create 1-13
2026-09-10 09:20:10,136 INFO o.a.j.t.JMeterThread: Thread started: TCC order-create 1-14
2026-09-10 09:20:10,137 INFO o.a.j.t.JMeterThread: Thread started: TCC order-create 1-15
2026-09-10 09:20:10,138 INFO o.a.j.t.JMeterThread: Thread started: TCC order-create 1-16
2026-09-10 09:20:10,139 INFO o.a.j.t.JMeterThread: Thread started: TCC order-create 1-17
2026-09-10 09:20:10,140 INFO o.a.j.t.JMeterThread: Thread started: TCC order-create 1-18
2026-09-10 09:20:10,141 INFO o.a.j.t.JMeterThread: Thread started: TCC order-create 1-19
2026-09-10 09:20:10,142 INFO o.a.j.t.JMeterThread: Thread started: TCC order-create 1-20
2026-09-10 09:20:10,142 INFO o.a.j.t.JMeterThread: Thread started: TCC order-create 1-21
2026-09-10 09:20:10,143 INFO o.a.j.t.JMeterThread: Thread started: TCC order-create 1-22
2026-09-10 09:20:10,143 INFO o.a.j.t.JMeterThread: Thread started: TCC order-create 1-23
2026-09-10 09:20:10,144 INFO o.a.j.t.JMeterThread: Thread started: TCC order-create 1-24
2026-09-10 09:20:10,145 INFO o.a.j.t.JMeterThread: Thread started: TCC order-create 1-25
2026-09-10 09:20:10,145 INFO o.a.j.t.JMeterThread: Thread started: TCC order-create 1-26
2026-09-10 09:20:10,145 INFO o.a.j.t.JMeterThread: Thread started: TCC order-create 1-27
2026-09-10 09:20:10,146 INFO o.a.j.t.JMeterThread: Thread started: TCC order-create 1-28
2026-09-10 09:20:10,146 INFO o.a.j.t.JMeterThread: Thread started: TCC order-create 1-29
2026-09-10 09:20:10,147 INFO o.a.j.t.JMeterThread: Thread started: TCC order-create 1-30
2026-09-10 09:20:10,147 INFO o.a.j.t.JMeterThread: Thread started: TCC order-create 1-31
2026-09-10 09:20:10,148 INFO o.a.j.t.JMeterThread: Thread started: TCC order-create 1-32
2026-09-10 09:20:10,149 INFO o.a.j.t.JMeterThread: Thread started: TCC order-create 1-33
2026-09-10 09:20:10,150 INFO o.a.j.t.JMeterThread: Thread started: TCC order-create 1-35
2026-09-10 09:20:10,151 INFO o.a.j.t.JMeterThread: Thread started: TCC order-create 1-36
2026-09-10 09:20:10,149 INFO o.a.j.t.JMeterThread: Thread started: TCC order-create 1-34
2026-09-10 09:20:10,153 INFO o.a.j.t.JMeterThread: Thread started: TCC order-create 1-38
2026-09-10 09:20:10,153 INFO o.a.j.t.JMeterThread: Thread started: TCC order-create 1-37
2026-09-10 09:20:10,157 INFO o.a.j.t.JMeterThread: Thread started: TCC order-create 1-39
2026-09-10 09:20:10,158 INFO o.a.j.t.JMeterThread: Thread started: TCC order-create 1-40
2026-09-10 09:20:10,159 INFO o.a.j.t.JMeterThread: Thread started: TCC order-create 1-41
2026-09-10 09:20:10,161 INFO o.a.j.t.JMeterThread: Thread started: TCC order-create 1-42
2026-09-10 09:20:10,161 INFO o.a.j.t.JMeterThread: Thread started: TCC order-create 1-43
2026-09-10 09:20:10,162 INFO o.a.j.t.JMeterThread: Thread started: TCC order-create 1-44
2026-09-10 09:20:10,163 INFO o.a.j.t.JMeterThread: Thread started: TCC order-create 1-45
2026-09-10 09:20:10,164 INFO o.a.j.t.JMeterThread: Thread started: TCC order-create 1-46
2026-09-10 09:20:10,165 INFO o.a.j.t.JMeterThread: Thread started: TCC order-create 1-47
2026-09-10 09:20:10,166 INFO o.a.j.t.JMeterThread: Thread started: TCC order-create 1-48
2026-09-10 09:20:10,167 INFO o.a.j.t.JMeterThread: Thread started: TCC order-create 1-49
2026-09-10 09:20:10,168 INFO o.a.j.t.ThreadGroup: Started thread group number 1
2026-09-10 09:20:10,168 INFO o.a.j.e.StandardJMeterEngine: All thread groups have been started
2026-09-10 09:20:10,168 INFO o.a.j.t.JMeterThread: Thread started: TCC order-create 1-50
2026-09-10 09:20:10,840 INFO o.a.j.p.h.s.HTTPHCAbstractImpl: Local host = pop-os
2026-09-10 09:20:10,846 INFO o.a.j.p.h.s.HTTPHC4Impl: HTTP request retry count = 0
2026-09-10 09:20:10,848 INFO o.a.j.s.SampleResult: Note: Sample TimeStamps are START times
2026-09-10 09:20:10,848 INFO o.a.j.s.SampleResult: sampleresult.default.encoding is set to UTF-8
2026-09-10 09:20:10,848 INFO o.a.j.s.SampleResult: sampleresult.useNanoTime=true
2026-09-10 09:20:10,848 INFO o.a.j.s.SampleResult: sampleresult.nanoThreadSleep=5000
2026-09-10 09:20:30,051 INFO o.a.j.r.Summariser: summary +    355 in 00:00:20 =   17.8/s Avg:  2505 Min:   157 Max:  2762 Err:     0 (0.00%) Active: 50 Started: 50 Finished: 0
2026-09-10 09:21:00,032 INFO o.a.j.r.Summariser: summary +    564 in 00:00:30 =   18.8/s Avg:  2658 Min:  2600 Max:  2792 Err:     0 (0.00%) Active: 50 Started: 50 Finished: 0
2026-09-10 09:21:00,032 INFO o.a.j.r.Summariser: summary =    919 in 00:00:50 =   18.4/s Avg:  2599 Min:   157 Max:  2792 Err:     0 (0.00%)
2026-09-10 09:21:30,010 INFO o.a.j.r.Summariser: summary +    561 in 00:00:30 =   18.7/s Avg:  2671 Min:  2522 Max:  2779 Err:     0 (0.00%) Active: 50 Started: 50 Finished: 0
2026-09-10 09:21:30,010 INFO o.a.j.r.Summariser: summary =   1480 in 00:01:20 =   18.5/s Avg:  2626 Min:   157 Max:  2792 Err:     0 (0.00%)
2026-09-10 09:22:00,041 INFO o.a.j.r.Summariser: summary +    548 in 00:00:30 =   18.2/s Avg:  2741 Min:  2579 Max:  3874 Err:     0 (0.00%) Active: 50 Started: 50 Finished: 0
2026-09-10 09:22:00,041 INFO o.a.j.r.Summariser: summary =   2028 in 00:01:50 =   18.4/s Avg:  2657 Min:   157 Max:  3874 Err:     0 (0.00%)
2026-09-10 09:22:10,154 INFO o.a.j.t.JMeterThread: Stopping because end time detected by thread: TCC order-create 1-29
2026-09-10 09:22:10,155 INFO o.a.j.t.JMeterThread: Thread finished: TCC order-create 1-29
2026-09-10 09:22:10,206 INFO o.a.j.t.JMeterThread: Stopping because end time detected by thread: TCC order-create 1-30
2026-09-10 09:22:10,207 INFO o.a.j.t.JMeterThread: Thread finished: TCC order-create 1-30
2026-09-10 09:22:10,262 INFO o.a.j.t.JMeterThread: Stopping because end time detected by thread: TCC order-create 1-10
2026-09-10 09:22:10,262 INFO o.a.j.t.JMeterThread: Thread finished: TCC order-create 1-10
2026-09-10 09:22:10,315 INFO o.a.j.t.JMeterThread: Stopping because end time detected by thread: TCC order-create 1-23
2026-09-10 09:22:10,315 INFO o.a.j.t.JMeterThread: Thread finished: TCC order-create 1-23
2026-09-10 09:22:10,367 INFO o.a.j.t.JMeterThread: Stopping because end time detected by thread: TCC order-create 1-27
2026-09-10 09:22:10,367 INFO o.a.j.t.JMeterThread: Thread finished: TCC order-create 1-27
2026-09-10 09:22:10,417 INFO o.a.j.t.JMeterThread: Stopping because end time detected by thread: TCC order-create 1-19
2026-09-10 09:22:10,418 INFO o.a.j.t.JMeterThread: Thread finished: TCC order-create 1-19
2026-09-10 09:22:10,470 INFO o.a.j.t.JMeterThread: Stopping because end time detected by thread: TCC order-create 1-21
2026-09-10 09:22:10,470 INFO o.a.j.t.JMeterThread: Thread finished: TCC order-create 1-21
2026-09-10 09:22:10,518 INFO o.a.j.t.JMeterThread: Stopping because end time detected by thread: TCC order-create 1-12
2026-09-10 09:22:10,518 INFO o.a.j.t.JMeterThread: Thread finished: TCC order-create 1-12
2026-09-10 09:22:10,569 INFO o.a.j.t.JMeterThread: Stopping because end time detected by thread: TCC order-create 1-2
2026-09-10 09:22:10,569 INFO o.a.j.t.JMeterThread: Thread finished: TCC order-create 1-2
2026-09-10 09:22:10,623 INFO o.a.j.t.JMeterThread: Stopping because end time detected by thread: TCC order-create 1-47
2026-09-10 09:22:10,623 INFO o.a.j.t.JMeterThread: Thread finished: TCC order-create 1-47
2026-09-10 09:22:10,676 INFO o.a.j.t.JMeterThread: Stopping because end time detected by thread: TCC order-create 1-41
2026-09-10 09:22:10,676 INFO o.a.j.t.JMeterThread: Thread finished: TCC order-create 1-41
2026-09-10 09:22:10,736 INFO o.a.j.t.JMeterThread: Stopping because end time detected by thread: TCC order-create 1-20
2026-09-10 09:22:10,736 INFO o.a.j.t.JMeterThread: Thread finished: TCC order-create 1-20
2026-09-10 09:22:10,784 INFO o.a.j.t.JMeterThread: Stopping because end time detected by thread: TCC order-create 1-9
2026-09-10 09:22:10,784 INFO o.a.j.t.JMeterThread: Thread finished: TCC order-create 1-9
2026-09-10 09:22:10,838 INFO o.a.j.t.JMeterThread: Stopping because end time detected by thread: TCC order-create 1-28
2026-09-10 09:22:10,838 INFO o.a.j.t.JMeterThread: Thread finished: TCC order-create 1-28
2026-09-10 09:22:10,890 INFO o.a.j.t.JMeterThread: Stopping because end time detected by thread: TCC order-create 1-42
2026-09-10 09:22:10,890 INFO o.a.j.t.JMeterThread: Thread finished: TCC order-create 1-42
2026-09-10 09:22:10,945 INFO o.a.j.t.JMeterThread: Stopping because end time detected by thread: TCC order-create 1-22
2026-09-10 09:22:10,945 INFO o.a.j.t.JMeterThread: Thread finished: TCC order-create 1-22
2026-09-10 09:22:10,995 INFO o.a.j.t.JMeterThread: Stopping because end time detected by thread: TCC order-create 1-4
2026-09-10 09:22:10,995 INFO o.a.j.t.JMeterThread: Thread finished: TCC order-create 1-4
2026-09-10 09:22:11,047 INFO o.a.j.t.JMeterThread: Stopping because end time detected by thread: TCC order-create 1-3
2026-09-10 09:22:11,048 INFO o.a.j.t.JMeterThread: Thread finished: TCC order-create 1-3
2026-09-10 09:22:11,100 INFO o.a.j.t.JMeterThread: Stopping because end time detected by thread: TCC order-create 1-36
2026-09-10 09:22:11,100 INFO o.a.j.t.JMeterThread: Thread finished: TCC order-create 1-36
2026-09-10 09:22:11,152 INFO o.a.j.t.JMeterThread: Stopping because end time detected by thread: TCC order-create 1-32
2026-09-10 09:22:11,152 INFO o.a.j.t.JMeterThread: Thread finished: TCC order-create 1-32
2026-09-10 09:22:11,203 INFO o.a.j.t.JMeterThread: Stopping because end time detected by thread: TCC order-create 1-8
2026-09-10 09:22:11,203 INFO o.a.j.t.JMeterThread: Thread finished: TCC order-create 1-8
2026-09-10 09:22:11,259 INFO o.a.j.t.JMeterThread: Stopping because end time detected by thread: TCC order-create 1-33
2026-09-10 09:22:11,259 INFO o.a.j.t.JMeterThread: Thread finished: TCC order-create 1-33
2026-09-10 09:22:11,312 INFO o.a.j.t.JMeterThread: Stopping because end time detected by thread: TCC order-create 1-45
2026-09-10 09:22:11,313 INFO o.a.j.t.JMeterThread: Thread finished: TCC order-create 1-45
2026-09-10 09:22:11,365 INFO o.a.j.t.JMeterThread: Stopping because end time detected by thread: TCC order-create 1-5
2026-09-10 09:22:11,365 INFO o.a.j.t.JMeterThread: Thread finished: TCC order-create 1-5
2026-09-10 09:22:11,415 INFO o.a.j.t.JMeterThread: Stopping because end time detected by thread: TCC order-create 1-15
2026-09-10 09:22:11,415 INFO o.a.j.t.JMeterThread: Thread finished: TCC order-create 1-15
2026-09-10 09:22:11,469 INFO o.a.j.t.JMeterThread: Stopping because end time detected by thread: TCC order-create 1-1
2026-09-10 09:22:11,470 INFO o.a.j.t.JMeterThread: Thread finished: TCC order-create 1-1
2026-09-10 09:22:11,518 INFO o.a.j.t.JMeterThread: Stopping because end time detected by thread: TCC order-create 1-7
2026-09-10 09:22:11,518 INFO o.a.j.t.JMeterThread: Thread finished: TCC order-create 1-7
2026-09-10 09:22:11,567 INFO o.a.j.t.JMeterThread: Stopping because end time detected by thread: TCC order-create 1-14
2026-09-10 09:22:11,567 INFO o.a.j.t.JMeterThread: Thread finished: TCC order-create 1-14
2026-09-10 09:22:11,618 INFO o.a.j.t.JMeterThread: Stopping because end time detected by thread: TCC order-create 1-37
2026-09-10 09:22:11,618 INFO o.a.j.t.JMeterThread: Thread finished: TCC order-create 1-37
2026-09-10 09:22:11,669 INFO o.a.j.t.JMeterThread: Stopping because end time detected by thread: TCC order-create 1-50
2026-09-10 09:22:11,669 INFO o.a.j.t.JMeterThread: Thread finished: TCC order-create 1-50
2026-09-10 09:22:11,721 INFO o.a.j.t.JMeterThread: Stopping because end time detected by thread: TCC order-create 1-26
2026-09-10 09:22:11,721 INFO o.a.j.t.JMeterThread: Thread finished: TCC order-create 1-26
2026-09-10 09:22:11,771 INFO o.a.j.t.JMeterThread: Stopping because end time detected by thread: TCC order-create 1-25
2026-09-10 09:22:11,771 INFO o.a.j.t.JMeterThread: Thread finished: TCC order-create 1-25
2026-09-10 09:22:11,821 INFO o.a.j.t.JMeterThread: Stopping because end time detected by thread: TCC order-create 1-43
2026-09-10 09:22:11,821 INFO o.a.j.t.JMeterThread: Thread finished: TCC order-create 1-43
2026-09-10 09:22:11,871 INFO o.a.j.t.JMeterThread: Stopping because end time detected by thread: TCC order-create 1-48
2026-09-10 09:22:11,871 INFO o.a.j.t.JMeterThread: Thread finished: TCC order-create 1-48
2026-09-10 09:22:11,925 INFO o.a.j.t.JMeterThread: Stopping because end time detected by thread: TCC order-create 1-49
2026-09-10 09:22:11,925 INFO o.a.j.t.JMeterThread: Thread finished: TCC order-create 1-49
2026-09-10 09:22:11,984 INFO o.a.j.t.JMeterThread: Stopping because end time detected by thread: TCC order-create 1-6
2026-09-10 09:22:11,985 INFO o.a.j.t.JMeterThread: Thread finished: TCC order-create 1-6
2026-09-10 09:22:12,039 INFO o.a.j.t.JMeterThread: Stopping because end time detected by thread: TCC order-create 1-31
2026-09-10 09:22:12,040 INFO o.a.j.t.JMeterThread: Thread finished: TCC order-create 1-31
2026-09-10 09:22:12,093 INFO o.a.j.t.JMeterThread: Stopping because end time detected by thread: TCC order-create 1-16
2026-09-10 09:22:12,093 INFO o.a.j.t.JMeterThread: Thread finished: TCC order-create 1-16
2026-09-10 09:22:12,143 INFO o.a.j.t.JMeterThread: Stopping because end time detected by thread: TCC order-create 1-11
2026-09-10 09:22:12,143 INFO o.a.j.t.JMeterThread: Thread finished: TCC order-create 1-11
2026-09-10 09:22:12,195 INFO o.a.j.t.JMeterThread: Stopping because end time detected by thread: TCC order-create 1-18
2026-09-10 09:22:12,195 INFO o.a.j.t.JMeterThread: Thread finished: TCC order-create 1-18
2026-09-10 09:22:12,243 INFO o.a.j.t.JMeterThread: Stopping because end time detected by thread: TCC order-create 1-38
2026-09-10 09:22:12,243 INFO o.a.j.t.JMeterThread: Thread finished: TCC order-create 1-38
2026-09-10 09:22:12,295 INFO o.a.j.t.JMeterThread: Stopping because end time detected by thread: TCC order-create 1-34
2026-09-10 09:22:12,295 INFO o.a.j.t.JMeterThread: Thread finished: TCC order-create 1-34
2026-09-10 09:22:12,347 INFO o.a.j.t.JMeterThread: Stopping because end time detected by thread: TCC order-create 1-46
2026-09-10 09:22:12,347 INFO o.a.j.t.JMeterThread: Thread finished: TCC order-create 1-46
2026-09-10 09:22:12,400 INFO o.a.j.t.JMeterThread: Stopping because end time detected by thread: TCC order-create 1-40
2026-09-10 09:22:12,400 INFO o.a.j.t.JMeterThread: Thread finished: TCC order-create 1-40
2026-09-10 09:22:12,456 INFO o.a.j.t.JMeterThread: Stopping because end time detected by thread: TCC order-create 1-24
2026-09-10 09:22:12,456 INFO o.a.j.t.JMeterThread: Thread finished: TCC order-create 1-24
2026-09-10 09:22:12,507 INFO o.a.j.t.JMeterThread: Stopping because end time detected by thread: TCC order-create 1-39
2026-09-10 09:22:12,507 INFO o.a.j.t.JMeterThread: Thread finished: TCC order-create 1-39
2026-09-10 09:22:12,559 INFO o.a.j.t.JMeterThread: Stopping because end time detected by thread: TCC order-create 1-44
2026-09-10 09:22:12,559 INFO o.a.j.t.JMeterThread: Thread finished: TCC order-create 1-44
2026-09-10 09:22:12,611 INFO o.a.j.t.JMeterThread: Stopping because end time detected by thread: TCC order-create 1-35
2026-09-10 09:22:12,611 INFO o.a.j.t.JMeterThread: Thread finished: TCC order-create 1-35
2026-09-10 09:22:12,662 INFO o.a.j.t.JMeterThread: Stopping because end time detected by thread: TCC order-create 1-13
2026-09-10 09:22:12,662 INFO o.a.j.t.JMeterThread: Thread finished: TCC order-create 1-13
2026-09-10 09:22:12,712 INFO o.a.j.t.JMeterThread: Stopping because end time detected by thread: TCC order-create 1-17
2026-09-10 09:22:12,712 INFO o.a.j.t.JMeterThread: Thread finished: TCC order-create 1-17
2026-09-10 09:22:12,713 INFO o.a.j.e.StandardJMeterEngine: Notifying test listeners of end of test
2026-09-10 09:22:12,716 INFO o.a.j.r.Summariser: summary +    238 in 00:00:13 =   18.8/s Avg:  2661 Min:  2586 Max:  2733 Err:     0 (0.00%) Active: 0 Started: 50 Finished: 50
2026-09-10 09:22:12,716 INFO o.a.j.r.Summariser: summary =   2266 in 00:02:03 =   18.5/s Avg:  2657 Min:   157 Max:  3874 Err:     0 (0.00%)
