2026-09-10 09:19:31,967 INFO o.a.j.u.JMeterUtils: Setting Locale to en_EN
2026-09-10 09:19:31,984 INFO o.a.j.JMeter: Loading user properties from: /home/avituo/projects/tcc/tcc-container/.tools/apache-jmeter-5.6.3/bin/user.properties
2026-09-10 09:19:31,984 INFO o.a.j.JMeter: Loading system properties from: /home/avituo/projects/tcc/tcc-container/.tools/apache-jmeter-5.6.3/bin/system.properties
2026-09-10 09:19:31,984 INFO o.a.j.JMeter: Loading additional properties from: /home/avituo/projects/tcc/tcc-container/benchmark/jmeter/benchmark.properties
2026-09-10 09:19:31,984 INFO o.a.j.JMeter: Loading additional properties from: /tmp/tcc-benchmark-auth.vAgJ9q/auth.properties
2026-09-10 09:19:31,985 INFO o.a.j.JMeter: Setting JMeter property: threads=50
2026-09-10 09:19:31,985 INFO o.a.j.JMeter: Setting JMeter property: duration_seconds=30
2026-09-10 09:19:31,985 INFO o.a.j.JMeter: Setting JMeter property: target_host=localhost
2026-09-10 09:19:31,985 INFO o.a.j.JMeter: Setting JMeter property: target_port=18080
2026-09-10 09:19:31,985 INFO o.a.j.JMeter: Setting JMeter property: tcc.order.id=20000000-0000-4000-8000-000000000001
2026-09-10 09:19:31,985 INFO o.a.j.JMeter: Setting JMeter property: repetition=1
2026-09-10 09:19:31,990 INFO o.a.j.JMeter: Copyright (c) 1998-2024 The Apache Software Foundation
2026-09-10 09:19:31,991 INFO o.a.j.JMeter: Version 5.6.3
2026-09-10 09:19:31,991 INFO o.a.j.JMeter: java.version=21.0.11
2026-09-10 09:19:31,991 INFO o.a.j.JMeter: java.vm.name=OpenJDK 64-Bit Server VM
2026-09-10 09:19:31,991 INFO o.a.j.JMeter: os.name=Linux
2026-09-10 09:19:31,991 INFO o.a.j.JMeter: os.arch=amd64
2026-09-10 09:19:31,991 INFO o.a.j.JMeter: os.version=7.0.11-76070011-generic
2026-09-10 09:19:31,991 INFO o.a.j.JMeter: file.encoding=UTF-8
2026-09-10 09:19:31,991 INFO o.a.j.JMeter: java.awt.headless=true
2026-09-10 09:19:31,991 INFO o.a.j.JMeter: Max memory     =1073741824
2026-09-10 09:19:31,991 INFO o.a.j.JMeter: Available Processors =16
2026-09-10 09:19:31,999 INFO o.a.j.JMeter: Default Locale=English (EN)
2026-09-10 09:19:32,000 INFO o.a.j.JMeter: JMeter  Locale=English (EN)
2026-09-10 09:19:32,000 INFO o.a.j.JMeter: JMeterHome=/home/avituo/projects/tcc/tcc-container/.tools/apache-jmeter-5.6.3
2026-09-10 09:19:32,000 INFO o.a.j.JMeter: user.dir  =/home/avituo/projects/tcc/tcc-container
2026-09-10 09:19:32,000 INFO o.a.j.JMeter: PWD       =/home/avituo/projects/tcc/tcc-container
2026-09-10 09:19:32,008 INFO o.a.j.JMeter: IP: 192.168.1.16 Name: pop-os FullName: pop-os.home
2026-09-10 09:19:32,020 INFO o.a.j.s.FileServer: Default base='/home/avituo/projects/tcc/tcc-container'
2026-09-10 09:19:32,022 INFO o.a.j.s.FileServer: Set new base='/home/avituo/projects/tcc/tcc-container/benchmark/jmeter'
2026-09-10 09:19:32,181 INFO o.a.j.s.SaveService: Testplan (JMX) version: 2.2. Testlog (JTL) version: 2.2
2026-09-10 09:19:32,206 INFO o.a.j.s.SaveService: Using SaveService properties version 5.0
2026-09-10 09:19:32,209 INFO o.a.j.s.SaveService: Using SaveService properties file encoding UTF-8
2026-09-10 09:19:32,212 INFO o.a.j.s.SaveService: Loading file: /home/avituo/projects/tcc/tcc-container/benchmark/jmeter/tcc-order-create-v1.jmx
2026-09-10 09:19:32,261 INFO o.a.j.p.h.s.HTTPSamplerBase: Parser for text/html is org.apache.jmeter.protocol.http.parser.LagartoBasedHtmlParser
2026-09-10 09:19:32,261 INFO o.a.j.p.h.s.HTTPSamplerBase: Parser for application/xhtml+xml is org.apache.jmeter.protocol.http.parser.LagartoBasedHtmlParser
2026-09-10 09:19:32,261 INFO o.a.j.p.h.s.HTTPSamplerBase: Parser for application/xml is org.apache.jmeter.protocol.http.parser.LagartoBasedHtmlParser
2026-09-10 09:19:32,261 INFO o.a.j.p.h.s.HTTPSamplerBase: Parser for text/xml is org.apache.jmeter.protocol.http.parser.LagartoBasedHtmlParser
2026-09-10 09:19:32,261 INFO o.a.j.p.h.s.HTTPSamplerBase: Parser for text/vnd.wap.wml is org.apache.jmeter.protocol.http.parser.RegexpHTMLParser
2026-09-10 09:19:32,261 INFO o.a.j.p.h.s.HTTPSamplerBase: Parser for text/css is org.apache.jmeter.protocol.http.parser.CssParser
2026-09-10 09:19:32,293 INFO o.a.j.JMeter: Creating summariser <summary>
2026-09-10 09:19:32,310 INFO o.a.j.e.StandardJMeterEngine: Running the test!
2026-09-10 09:19:32,311 INFO o.a.j.s.SampleEvent: List of sample_variables: []
2026-09-10 09:19:32,312 INFO o.a.j.s.SampleEvent: List of sample_variables: []
2026-09-10 09:19:32,316 INFO o.a.j.e.u.CompoundVariable: Note: Function class names must contain the string: '.functions.'
2026-09-10 09:19:32,317 INFO o.a.j.e.u.CompoundVariable: Note: Function class names must not contain the string: '.gui.'
2026-09-10 09:19:32,552 INFO o.a.j.JMeter: Running test (1789042772552)
2026-09-10 09:19:32,576 INFO o.a.j.e.StandardJMeterEngine: Starting ThreadGroup: 1 : TCC order-create
2026-09-10 09:19:32,577 INFO o.a.j.e.StandardJMeterEngine: Starting 50 threads for group TCC order-create.
2026-09-10 09:19:32,577 INFO o.a.j.e.StandardJMeterEngine: Thread will continue on error
2026-09-10 09:19:32,577 INFO o.a.j.t.ThreadGroup: Starting thread group... number=1 threads=50 ramp-up=0 delayedStart=false
2026-09-10 09:19:32,584 INFO o.a.j.t.JMeterThread: Thread started: TCC order-create 1-4
2026-09-10 09:19:32,584 INFO o.a.j.t.JMeterThread: Thread started: TCC order-create 1-3
2026-09-10 09:19:32,584 INFO o.a.j.t.JMeterThread: Thread started: TCC order-create 1-1
2026-09-10 09:19:32,584 INFO o.a.j.t.JMeterThread: Thread started: TCC order-create 1-2
2026-09-10 09:19:32,584 INFO o.a.j.t.JMeterThread: Thread started: TCC order-create 1-5
2026-09-10 09:19:32,585 INFO o.a.j.t.JMeterThread: Thread started: TCC order-create 1-6
2026-09-10 09:19:32,586 INFO o.a.j.t.JMeterThread: Thread started: TCC order-create 1-7
2026-09-10 09:19:32,586 INFO o.a.j.t.JMeterThread: Thread started: TCC order-create 1-8
2026-09-10 09:19:32,587 INFO o.a.j.t.JMeterThread: Thread started: TCC order-create 1-9
2026-09-10 09:19:32,588 INFO o.a.j.t.JMeterThread: Thread started: TCC order-create 1-10
2026-09-10 09:19:32,589 INFO o.a.j.t.JMeterThread: Thread started: TCC order-create 1-11
2026-09-10 09:19:32,590 INFO o.a.j.t.JMeterThread: Thread started: TCC order-create 1-12
2026-09-10 09:19:32,590 INFO o.a.j.t.JMeterThread: Thread started: TCC order-create 1-13
2026-09-10 09:19:32,591 INFO o.a.j.t.JMeterThread: Thread started: TCC order-create 1-14
2026-09-10 09:19:32,592 INFO o.a.j.t.JMeterThread: Thread started: TCC order-create 1-15
2026-09-10 09:19:32,594 INFO o.a.j.t.JMeterThread: Thread started: TCC order-create 1-16
2026-09-10 09:19:32,594 INFO o.a.j.t.JMeterThread: Thread started: TCC order-create 1-17
2026-09-10 09:19:32,595 INFO o.a.j.t.JMeterThread: Thread started: TCC order-create 1-18
2026-09-10 09:19:32,595 INFO o.a.j.t.JMeterThread: Thread started: TCC order-create 1-19
2026-09-10 09:19:32,597 INFO o.a.j.t.JMeterThread: Thread started: TCC order-create 1-20
2026-09-10 09:19:32,597 INFO o.a.j.t.JMeterThread: Thread started: TCC order-create 1-21
2026-09-10 09:19:32,597 INFO o.a.j.t.JMeterThread: Thread started: TCC order-create 1-22
2026-09-10 09:19:32,598 INFO o.a.j.t.JMeterThread: Thread started: TCC order-create 1-23
2026-09-10 09:19:32,599 INFO o.a.j.t.JMeterThread: Thread started: TCC order-create 1-24
2026-09-10 09:19:32,599 INFO o.a.j.t.JMeterThread: Thread started: TCC order-create 1-25
2026-09-10 09:19:32,599 INFO o.a.j.t.JMeterThread: Thread started: TCC order-create 1-26
2026-09-10 09:19:32,600 INFO o.a.j.t.JMeterThread: Thread started: TCC order-create 1-27
2026-09-10 09:19:32,600 INFO o.a.j.t.JMeterThread: Thread started: TCC order-create 1-28
2026-09-10 09:19:32,601 INFO o.a.j.t.JMeterThread: Thread started: TCC order-create 1-29
2026-09-10 09:19:32,601 INFO o.a.j.t.JMeterThread: Thread started: TCC order-create 1-30
2026-09-10 09:19:32,602 INFO o.a.j.t.JMeterThread: Thread started: TCC order-create 1-31
2026-09-10 09:19:32,602 INFO o.a.j.t.JMeterThread: Thread started: TCC order-create 1-32
2026-09-10 09:19:32,603 INFO o.a.j.t.JMeterThread: Thread started: TCC order-create 1-33
2026-09-10 09:19:32,603 INFO o.a.j.t.JMeterThread: Thread started: TCC order-create 1-34
2026-09-10 09:19:32,604 INFO o.a.j.t.JMeterThread: Thread started: TCC order-create 1-35
2026-09-10 09:19:32,604 INFO o.a.j.t.JMeterThread: Thread started: TCC order-create 1-36
2026-09-10 09:19:32,605 INFO o.a.j.t.JMeterThread: Thread started: TCC order-create 1-37
2026-09-10 09:19:32,605 INFO o.a.j.t.JMeterThread: Thread started: TCC order-create 1-38
2026-09-10 09:19:32,606 INFO o.a.j.t.JMeterThread: Thread started: TCC order-create 1-39
2026-09-10 09:19:32,607 INFO o.a.j.t.JMeterThread: Thread started: TCC order-create 1-40
2026-09-10 09:19:32,607 INFO o.a.j.t.JMeterThread: Thread started: TCC order-create 1-41
2026-09-10 09:19:32,609 INFO o.a.j.t.JMeterThread: Thread started: TCC order-create 1-42
2026-09-10 09:19:32,610 INFO o.a.j.t.JMeterThread: Thread started: TCC order-create 1-44
2026-09-10 09:19:32,611 INFO o.a.j.t.JMeterThread: Thread started: TCC order-create 1-43
2026-09-10 09:19:32,612 INFO o.a.j.t.JMeterThread: Thread started: TCC order-create 1-45
2026-09-10 09:19:32,615 INFO o.a.j.t.JMeterThread: Thread started: TCC order-create 1-46
2026-09-10 09:19:32,616 INFO o.a.j.t.JMeterThread: Thread started: TCC order-create 1-47
2026-09-10 09:19:32,618 INFO o.a.j.t.JMeterThread: Thread started: TCC order-create 1-49
2026-09-10 09:19:32,618 INFO o.a.j.t.JMeterThread: Thread started: TCC order-create 1-48
2026-09-10 09:19:32,619 INFO o.a.j.t.ThreadGroup: Started thread group number 1
2026-09-10 09:19:32,620 INFO o.a.j.e.StandardJMeterEngine: All thread groups have been started
2026-09-10 09:19:32,620 INFO o.a.j.t.JMeterThread: Thread started: TCC order-create 1-50
2026-09-10 09:19:33,357 INFO o.a.j.p.h.s.HTTPHCAbstractImpl: Local host = pop-os
2026-09-10 09:19:33,367 INFO o.a.j.p.h.s.HTTPHC4Impl: HTTP request retry count = 0
2026-09-10 09:19:33,369 INFO o.a.j.s.SampleResult: Note: Sample TimeStamps are START times
2026-09-10 09:19:33,369 INFO o.a.j.s.SampleResult: sampleresult.default.encoding is set to UTF-8
2026-09-10 09:19:33,369 INFO o.a.j.s.SampleResult: sampleresult.useNanoTime=true
2026-09-10 09:19:33,369 INFO o.a.j.s.SampleResult: sampleresult.nanoThreadSleep=5000
2026-09-10 09:19:34,022 INFO o.a.j.r.Summariser: summary +      1 in 00:00:01 =    0.7/s Avg:   458 Min:   458 Max:   458 Err:     0 (0.00%) Active: 50 Started: 50 Finished: 0
2026-09-10 09:20:00,020 INFO o.a.j.r.Summariser: summary +    484 in 00:00:26 =   18.6/s Avg:  2602 Min:   412 Max:  3090 Err:     0 (0.00%) Active: 50 Started: 50 Finished: 0
2026-09-10 09:20:00,021 INFO o.a.j.r.Summariser: summary =    485 in 00:00:27 =   17.7/s Avg:  2597 Min:   412 Max:  3090 Err:     0 (0.00%)
2026-09-10 09:20:02,622 INFO o.a.j.t.JMeterThread: Stopping because end time detected by thread: TCC order-create 1-26
2026-09-10 09:20:02,622 INFO o.a.j.t.JMeterThread: Thread finished: TCC order-create 1-26
2026-09-10 09:20:02,671 INFO o.a.j.t.JMeterThread: Stopping because end time detected by thread: TCC order-create 1-31
2026-09-10 09:20:02,671 INFO o.a.j.t.JMeterThread: Thread finished: TCC order-create 1-31
2026-09-10 09:20:02,725 INFO o.a.j.t.JMeterThread: Stopping because end time detected by thread: TCC order-create 1-46
2026-09-10 09:20:02,725 INFO o.a.j.t.JMeterThread: Thread finished: TCC order-create 1-46
2026-09-10 09:20:02,775 INFO o.a.j.t.JMeterThread: Stopping because end time detected by thread: TCC order-create 1-23
2026-09-10 09:20:02,776 INFO o.a.j.t.JMeterThread: Thread finished: TCC order-create 1-23
2026-09-10 09:20:02,835 INFO o.a.j.t.JMeterThread: Stopping because end time detected by thread: TCC order-create 1-11
2026-09-10 09:20:02,835 INFO o.a.j.t.JMeterThread: Thread finished: TCC order-create 1-11
2026-09-10 09:20:02,887 INFO o.a.j.t.JMeterThread: Stopping because end time detected by thread: TCC order-create 1-14
2026-09-10 09:20:02,887 INFO o.a.j.t.JMeterThread: Thread finished: TCC order-create 1-14
2026-09-10 09:20:02,940 INFO o.a.j.t.JMeterThread: Stopping because end time detected by thread: TCC order-create 1-15
2026-09-10 09:20:02,940 INFO o.a.j.t.JMeterThread: Thread finished: TCC order-create 1-15
2026-09-10 09:20:02,990 INFO o.a.j.t.JMeterThread: Stopping because end time detected by thread: TCC order-create 1-38
2026-09-10 09:20:02,990 INFO o.a.j.t.JMeterThread: Thread finished: TCC order-create 1-38
2026-09-10 09:20:03,041 INFO o.a.j.t.JMeterThread: Stopping because end time detected by thread: TCC order-create 1-45
2026-09-10 09:20:03,041 INFO o.a.j.t.JMeterThread: Thread finished: TCC order-create 1-45
2026-09-10 09:20:03,093 INFO o.a.j.t.JMeterThread: Stopping because end time detected by thread: TCC order-create 1-33
2026-09-10 09:20:03,094 INFO o.a.j.t.JMeterThread: Thread finished: TCC order-create 1-33
2026-09-10 09:20:03,144 INFO o.a.j.t.JMeterThread: Stopping because end time detected by thread: TCC order-create 1-1
2026-09-10 09:20:03,144 INFO o.a.j.t.JMeterThread: Thread finished: TCC order-create 1-1
2026-09-10 09:20:03,203 INFO o.a.j.t.JMeterThread: Stopping because end time detected by thread: TCC order-create 1-35
2026-09-10 09:20:03,203 INFO o.a.j.t.JMeterThread: Thread finished: TCC order-create 1-35
2026-09-10 09:20:03,256 INFO o.a.j.t.JMeterThread: Stopping because end time detected by thread: TCC order-create 1-40
2026-09-10 09:20:03,256 INFO o.a.j.t.JMeterThread: Thread finished: TCC order-create 1-40
2026-09-10 09:20:03,307 INFO o.a.j.t.JMeterThread: Stopping because end time detected by thread: TCC order-create 1-39
2026-09-10 09:20:03,307 INFO o.a.j.t.JMeterThread: Thread finished: TCC order-create 1-39
2026-09-10 09:20:03,364 INFO o.a.j.t.JMeterThread: Stopping because end time detected by thread: TCC order-create 1-44
2026-09-10 09:20:03,364 INFO o.a.j.t.JMeterThread: Thread finished: TCC order-create 1-44
2026-09-10 09:20:03,415 INFO o.a.j.t.JMeterThread: Stopping because end time detected by thread: TCC order-create 1-8
2026-09-10 09:20:03,415 INFO o.a.j.t.JMeterThread: Thread finished: TCC order-create 1-8
2026-09-10 09:20:03,469 INFO o.a.j.t.JMeterThread: Stopping because end time detected by thread: TCC order-create 1-6
2026-09-10 09:20:03,469 INFO o.a.j.t.JMeterThread: Thread finished: TCC order-create 1-6
2026-09-10 09:20:03,521 INFO o.a.j.t.JMeterThread: Stopping because end time detected by thread: TCC order-create 1-18
2026-09-10 09:20:03,521 INFO o.a.j.t.JMeterThread: Thread finished: TCC order-create 1-18
2026-09-10 09:20:03,573 INFO o.a.j.t.JMeterThread: Stopping because end time detected by thread: TCC order-create 1-34
2026-09-10 09:20:03,573 INFO o.a.j.t.JMeterThread: Thread finished: TCC order-create 1-34
2026-09-10 09:20:03,623 INFO o.a.j.t.JMeterThread: Stopping because end time detected by thread: TCC order-create 1-9
2026-09-10 09:20:03,623 INFO o.a.j.t.JMeterThread: Thread finished: TCC order-create 1-9
2026-09-10 09:20:03,675 INFO o.a.j.t.JMeterThread: Stopping because end time detected by thread: TCC order-create 1-42
2026-09-10 09:20:03,675 INFO o.a.j.t.JMeterThread: Thread finished: TCC order-create 1-42
2026-09-10 09:20:03,730 INFO o.a.j.t.JMeterThread: Stopping because end time detected by thread: TCC order-create 1-27
2026-09-10 09:20:03,730 INFO o.a.j.t.JMeterThread: Thread finished: TCC order-create 1-27
2026-09-10 09:20:03,785 INFO o.a.j.t.JMeterThread: Stopping because end time detected by thread: TCC order-create 1-43
2026-09-10 09:20:03,785 INFO o.a.j.t.JMeterThread: Thread finished: TCC order-create 1-43
2026-09-10 09:20:03,836 INFO o.a.j.t.JMeterThread: Stopping because end time detected by thread: TCC order-create 1-20
2026-09-10 09:20:03,836 INFO o.a.j.t.JMeterThread: Thread finished: TCC order-create 1-20
2026-09-10 09:20:03,888 INFO o.a.j.t.JMeterThread: Stopping because end time detected by thread: TCC order-create 1-37
2026-09-10 09:20:03,889 INFO o.a.j.t.JMeterThread: Thread finished: TCC order-create 1-37
2026-09-10 09:20:03,943 INFO o.a.j.t.JMeterThread: Stopping because end time detected by thread: TCC order-create 1-50
2026-09-10 09:20:03,943 INFO o.a.j.t.JMeterThread: Thread finished: TCC order-create 1-50
2026-09-10 09:20:04,000 INFO o.a.j.t.JMeterThread: Stopping because end time detected by thread: TCC order-create 1-13
2026-09-10 09:20:04,000 INFO o.a.j.t.JMeterThread: Thread finished: TCC order-create 1-13
2026-09-10 09:20:04,051 INFO o.a.j.t.JMeterThread: Stopping because end time detected by thread: TCC order-create 1-47
2026-09-10 09:20:04,051 INFO o.a.j.t.JMeterThread: Thread finished: TCC order-create 1-47
2026-09-10 09:20:04,104 INFO o.a.j.t.JMeterThread: Stopping because end time detected by thread: TCC order-create 1-2
2026-09-10 09:20:04,104 INFO o.a.j.t.JMeterThread: Thread finished: TCC order-create 1-2
2026-09-10 09:20:04,156 INFO o.a.j.t.JMeterThread: Stopping because end time detected by thread: TCC order-create 1-12
2026-09-10 09:20:04,156 INFO o.a.j.t.JMeterThread: Thread finished: TCC order-create 1-12
2026-09-10 09:20:04,208 INFO o.a.j.t.JMeterThread: Stopping because end time detected by thread: TCC order-create 1-32
2026-09-10 09:20:04,208 INFO o.a.j.t.JMeterThread: Thread finished: TCC order-create 1-32
2026-09-10 09:20:04,258 INFO o.a.j.t.JMeterThread: Stopping because end time detected by thread: TCC order-create 1-21
2026-09-10 09:20:04,259 INFO o.a.j.t.JMeterThread: Thread finished: TCC order-create 1-21
2026-09-10 09:20:04,308 INFO o.a.j.t.JMeterThread: Stopping because end time detected by thread: TCC order-create 1-5
2026-09-10 09:20:04,308 INFO o.a.j.t.JMeterThread: Thread finished: TCC order-create 1-5
2026-09-10 09:20:04,363 INFO o.a.j.t.JMeterThread: Stopping because end time detected by thread: TCC order-create 1-10
2026-09-10 09:20:04,364 INFO o.a.j.t.JMeterThread: Thread finished: TCC order-create 1-10
2026-09-10 09:20:04,424 INFO o.a.j.t.JMeterThread: Stopping because end time detected by thread: TCC order-create 1-36
2026-09-10 09:20:04,424 INFO o.a.j.t.JMeterThread: Thread finished: TCC order-create 1-36
2026-09-10 09:20:04,477 INFO o.a.j.t.JMeterThread: Stopping because end time detected by thread: TCC order-create 1-49
2026-09-10 09:20:04,477 INFO o.a.j.t.JMeterThread: Thread finished: TCC order-create 1-49
2026-09-10 09:20:04,529 INFO o.a.j.t.JMeterThread: Stopping because end time detected by thread: TCC order-create 1-48
2026-09-10 09:20:04,529 INFO o.a.j.t.JMeterThread: Thread finished: TCC order-create 1-48
2026-09-10 09:20:04,580 INFO o.a.j.t.JMeterThread: Stopping because end time detected by thread: TCC order-create 1-25
2026-09-10 09:20:04,580 INFO o.a.j.t.JMeterThread: Thread finished: TCC order-create 1-25
2026-09-10 09:20:04,631 INFO o.a.j.t.JMeterThread: Stopping because end time detected by thread: TCC order-create 1-4
2026-09-10 09:20:04,631 INFO o.a.j.t.JMeterThread: Thread finished: TCC order-create 1-4
2026-09-10 09:20:04,683 INFO o.a.j.t.JMeterThread: Stopping because end time detected by thread: TCC order-create 1-41
2026-09-10 09:20:04,683 INFO o.a.j.t.JMeterThread: Thread finished: TCC order-create 1-41
2026-09-10 09:20:04,737 INFO o.a.j.t.JMeterThread: Stopping because end time detected by thread: TCC order-create 1-22
2026-09-10 09:20:04,737 INFO o.a.j.t.JMeterThread: Thread finished: TCC order-create 1-22
2026-09-10 09:20:04,789 INFO o.a.j.t.JMeterThread: Stopping because end time detected by thread: TCC order-create 1-28
2026-09-10 09:20:04,790 INFO o.a.j.t.JMeterThread: Thread finished: TCC order-create 1-28
2026-09-10 09:20:04,843 INFO o.a.j.t.JMeterThread: Stopping because end time detected by thread: TCC order-create 1-19
2026-09-10 09:20:04,843 INFO o.a.j.t.JMeterThread: Thread finished: TCC order-create 1-19
2026-09-10 09:20:04,896 INFO o.a.j.t.JMeterThread: Stopping because end time detected by thread: TCC order-create 1-30
2026-09-10 09:20:04,896 INFO o.a.j.t.JMeterThread: Thread finished: TCC order-create 1-30
2026-09-10 09:20:04,949 INFO o.a.j.t.JMeterThread: Stopping because end time detected by thread: TCC order-create 1-24
2026-09-10 09:20:04,950 INFO o.a.j.t.JMeterThread: Thread finished: TCC order-create 1-24
2026-09-10 09:20:05,007 INFO o.a.j.t.JMeterThread: Stopping because end time detected by thread: TCC order-create 1-29
2026-09-10 09:20:05,007 INFO o.a.j.t.JMeterThread: Thread finished: TCC order-create 1-29
2026-09-10 09:20:05,065 INFO o.a.j.t.JMeterThread: Stopping because end time detected by thread: TCC order-create 1-16
2026-09-10 09:20:05,065 INFO o.a.j.t.JMeterThread: Thread finished: TCC order-create 1-16
2026-09-10 09:20:05,118 INFO o.a.j.t.JMeterThread: Stopping because end time detected by thread: TCC order-create 1-3
2026-09-10 09:20:05,118 INFO o.a.j.t.JMeterThread: Thread finished: TCC order-create 1-3
2026-09-10 09:20:05,173 INFO o.a.j.t.JMeterThread: Stopping because end time detected by thread: TCC order-create 1-7
2026-09-10 09:20:05,173 INFO o.a.j.t.JMeterThread: Thread finished: TCC order-create 1-7
2026-09-10 09:20:05,225 INFO o.a.j.t.JMeterThread: Stopping because end time detected by thread: TCC order-create 1-17
2026-09-10 09:20:05,225 INFO o.a.j.t.JMeterThread: Thread finished: TCC order-create 1-17
2026-09-10 09:20:05,225 INFO o.a.j.e.StandardJMeterEngine: Notifying test listeners of end of test
2026-09-10 09:20:05,229 INFO o.a.j.r.Summariser: summary +     97 in 00:00:05 =   18.6/s Avg:  2696 Min:  2647 Max:  2742 Err:     0 (0.00%) Active: 0 Started: 50 Finished: 50
2026-09-10 09:20:05,229 INFO o.a.j.r.Summariser: summary =    582 in 00:00:33 =   17.8/s Avg:  2614 Min:   412 Max:  3090 Err:     0 (0.00%)
