2026-09-10 08:04:41,384 INFO o.a.j.u.JMeterUtils: Setting Locale to en_EN
2026-09-10 08:04:41,402 INFO o.a.j.JMeter: Loading user properties from: /home/avituo/projects/tcc/tcc-container/.tools/apache-jmeter-5.6.3/bin/user.properties
2026-09-10 08:04:41,402 INFO o.a.j.JMeter: Loading system properties from: /home/avituo/projects/tcc/tcc-container/.tools/apache-jmeter-5.6.3/bin/system.properties
2026-09-10 08:04:41,402 INFO o.a.j.JMeter: Loading additional properties from: /home/avituo/projects/tcc/tcc-container/benchmark/jmeter/benchmark.properties
2026-09-10 08:04:41,403 INFO o.a.j.JMeter: Loading additional properties from: /tmp/tcc-benchmark-auth.QDBaN9/auth.properties
2026-09-10 08:04:41,403 INFO o.a.j.JMeter: Loading additional properties from: /home/avituo/projects/tcc/tcc-container/benchmark/results/laravel-13.20.0/final/order-create/c10/r1/monolith/thread-counters.properties
2026-09-10 08:04:41,403 INFO o.a.j.JMeter: Setting JMeter property: threads=10
2026-09-10 08:04:41,403 INFO o.a.j.JMeter: Setting JMeter property: duration_seconds=120
2026-09-10 08:04:41,403 INFO o.a.j.JMeter: Setting JMeter property: target_host=localhost
2026-09-10 08:04:41,403 INFO o.a.j.JMeter: Setting JMeter property: target_port=18000
2026-09-10 08:04:41,403 INFO o.a.j.JMeter: Setting JMeter property: tcc.order.id=1
2026-09-10 08:04:41,403 INFO o.a.j.JMeter: Setting JMeter property: repetition=1
2026-09-10 08:04:41,412 INFO o.a.j.JMeter: Copyright (c) 1998-2024 The Apache Software Foundation
2026-09-10 08:04:41,412 INFO o.a.j.JMeter: Version 5.6.3
2026-09-10 08:04:41,412 INFO o.a.j.JMeter: java.version=21.0.11
2026-09-10 08:04:41,412 INFO o.a.j.JMeter: java.vm.name=OpenJDK 64-Bit Server VM
2026-09-10 08:04:41,412 INFO o.a.j.JMeter: os.name=Linux
2026-09-10 08:04:41,412 INFO o.a.j.JMeter: os.arch=amd64
2026-09-10 08:04:41,412 INFO o.a.j.JMeter: os.version=7.0.11-76070011-generic
2026-09-10 08:04:41,412 INFO o.a.j.JMeter: file.encoding=UTF-8
2026-09-10 08:04:41,412 INFO o.a.j.JMeter: java.awt.headless=true
2026-09-10 08:04:41,412 INFO o.a.j.JMeter: Max memory     =1073741824
2026-09-10 08:04:41,412 INFO o.a.j.JMeter: Available Processors =16
2026-09-10 08:04:41,421 INFO o.a.j.JMeter: Default Locale=English (EN)
2026-09-10 08:04:41,421 INFO o.a.j.JMeter: JMeter  Locale=English (EN)
2026-09-10 08:04:41,422 INFO o.a.j.JMeter: JMeterHome=/home/avituo/projects/tcc/tcc-container/.tools/apache-jmeter-5.6.3
2026-09-10 08:04:41,422 INFO o.a.j.JMeter: user.dir  =/home/avituo/projects/tcc/tcc-container
2026-09-10 08:04:41,422 INFO o.a.j.JMeter: PWD       =/home/avituo/projects/tcc/tcc-container
2026-09-10 08:04:41,433 INFO o.a.j.JMeter: IP: 192.168.1.16 Name: pop-os FullName: pop-os.home
2026-09-10 08:04:41,446 INFO o.a.j.s.FileServer: Default base='/home/avituo/projects/tcc/tcc-container'
2026-09-10 08:04:41,449 INFO o.a.j.s.FileServer: Set new base='/home/avituo/projects/tcc/tcc-container/benchmark/jmeter'
2026-09-10 08:04:41,617 INFO o.a.j.s.SaveService: Testplan (JMX) version: 2.2. Testlog (JTL) version: 2.2
2026-09-10 08:04:41,641 INFO o.a.j.s.SaveService: Using SaveService properties version 5.0
2026-09-10 08:04:41,645 INFO o.a.j.s.SaveService: Using SaveService properties file encoding UTF-8
2026-09-10 08:04:41,648 INFO o.a.j.s.SaveService: Loading file: /home/avituo/projects/tcc/tcc-container/benchmark/jmeter/tcc-order-create-v1.jmx
2026-09-10 08:04:41,698 INFO o.a.j.p.h.s.HTTPSamplerBase: Parser for text/html is org.apache.jmeter.protocol.http.parser.LagartoBasedHtmlParser
2026-09-10 08:04:41,698 INFO o.a.j.p.h.s.HTTPSamplerBase: Parser for application/xhtml+xml is org.apache.jmeter.protocol.http.parser.LagartoBasedHtmlParser
2026-09-10 08:04:41,698 INFO o.a.j.p.h.s.HTTPSamplerBase: Parser for application/xml is org.apache.jmeter.protocol.http.parser.LagartoBasedHtmlParser
2026-09-10 08:04:41,698 INFO o.a.j.p.h.s.HTTPSamplerBase: Parser for text/xml is org.apache.jmeter.protocol.http.parser.LagartoBasedHtmlParser
2026-09-10 08:04:41,698 INFO o.a.j.p.h.s.HTTPSamplerBase: Parser for text/vnd.wap.wml is org.apache.jmeter.protocol.http.parser.RegexpHTMLParser
2026-09-10 08:04:41,699 INFO o.a.j.p.h.s.HTTPSamplerBase: Parser for text/css is org.apache.jmeter.protocol.http.parser.CssParser
2026-09-10 08:04:41,735 INFO o.a.j.JMeter: Creating summariser <summary>
2026-09-10 08:04:41,753 INFO o.a.j.e.StandardJMeterEngine: Running the test!
2026-09-10 08:04:41,754 INFO o.a.j.s.SampleEvent: List of sample_variables: []
2026-09-10 08:04:41,754 INFO o.a.j.s.SampleEvent: List of sample_variables: []
2026-09-10 08:04:41,760 INFO o.a.j.e.u.CompoundVariable: Note: Function class names must contain the string: '.functions.'
2026-09-10 08:04:41,760 INFO o.a.j.e.u.CompoundVariable: Note: Function class names must not contain the string: '.gui.'
2026-09-10 08:04:41,995 INFO o.a.j.JMeter: Running test (1789038281995)
2026-09-10 08:04:42,015 INFO o.a.j.e.StandardJMeterEngine: Starting ThreadGroup: 1 : TCC order-create
2026-09-10 08:04:42,015 INFO o.a.j.e.StandardJMeterEngine: Starting 10 threads for group TCC order-create.
2026-09-10 08:04:42,015 INFO o.a.j.e.StandardJMeterEngine: Thread will continue on error
2026-09-10 08:04:42,016 INFO o.a.j.t.ThreadGroup: Starting thread group... number=1 threads=10 ramp-up=0 delayedStart=false
2026-09-10 08:04:42,022 INFO o.a.j.t.JMeterThread: Thread started: TCC order-create 1-4
2026-09-10 08:04:42,022 INFO o.a.j.t.JMeterThread: Thread started: TCC order-create 1-3
2026-09-10 08:04:42,022 INFO o.a.j.t.JMeterThread: Thread started: TCC order-create 1-1
2026-09-10 08:04:42,022 INFO o.a.j.t.JMeterThread: Thread started: TCC order-create 1-2
2026-09-10 08:04:42,023 INFO o.a.j.t.JMeterThread: Thread started: TCC order-create 1-5
2026-09-10 08:04:42,024 INFO o.a.j.t.JMeterThread: Thread started: TCC order-create 1-6
2026-09-10 08:04:42,024 INFO o.a.j.t.JMeterThread: Thread started: TCC order-create 1-7
2026-09-10 08:04:42,025 INFO o.a.j.t.JMeterThread: Thread started: TCC order-create 1-8
2026-09-10 08:04:42,025 INFO o.a.j.t.JMeterThread: Thread started: TCC order-create 1-9
2026-09-10 08:04:42,026 INFO o.a.j.t.ThreadGroup: Started thread group number 1
2026-09-10 08:04:42,027 INFO o.a.j.e.StandardJMeterEngine: All thread groups have been started
2026-09-10 08:04:42,027 INFO o.a.j.t.JMeterThread: Thread started: TCC order-create 1-10
2026-09-10 08:04:42,698 INFO o.a.j.p.h.s.HTTPHCAbstractImpl: Local host = pop-os
2026-09-10 08:04:42,705 INFO o.a.j.p.h.s.HTTPHC4Impl: HTTP request retry count = 0
2026-09-10 08:04:42,706 INFO o.a.j.s.SampleResult: Note: Sample TimeStamps are START times
2026-09-10 08:04:42,706 INFO o.a.j.s.SampleResult: sampleresult.default.encoding is set to UTF-8
2026-09-10 08:04:42,706 INFO o.a.j.s.SampleResult: sampleresult.useNanoTime=true
2026-09-10 08:04:42,706 INFO o.a.j.s.SampleResult: sampleresult.nanoThreadSleep=5000
2026-09-10 08:05:00,029 INFO o.a.j.r.Summariser: summary +    658 in 00:00:18 =   36.5/s Avg:   258 Min:    69 Max:   334 Err:     0 (0.00%) Active: 10 Started: 10 Finished: 0
2026-09-10 08:05:30,018 INFO o.a.j.r.Summariser: summary +   1137 in 00:00:30 =   37.9/s Avg:   262 Min:   239 Max:   397 Err:     0 (0.00%) Active: 10 Started: 10 Finished: 0
2026-09-10 08:05:30,018 INFO o.a.j.r.Summariser: summary =   1795 in 00:00:48 =   37.4/s Avg:   261 Min:    69 Max:   397 Err:     0 (0.00%)
2026-09-10 08:06:00,024 INFO o.a.j.r.Summariser: summary +   1125 in 00:00:30 =   37.5/s Avg:   266 Min:   243 Max:   421 Err:     0 (0.00%) Active: 10 Started: 10 Finished: 0
2026-09-10 08:06:00,025 INFO o.a.j.r.Summariser: summary =   2920 in 00:01:18 =   37.4/s Avg:   263 Min:    69 Max:   421 Err:     0 (0.00%)
2026-09-10 08:06:30,027 INFO o.a.j.r.Summariser: summary +   1068 in 00:00:30 =   35.6/s Avg:   280 Min:   247 Max:  1183 Err:     0 (0.00%) Active: 10 Started: 10 Finished: 0
2026-09-10 08:06:30,027 INFO o.a.j.r.Summariser: summary =   3988 in 00:01:48 =   36.9/s Avg:   267 Min:    69 Max:  1183 Err:     0 (0.00%)
2026-09-10 08:06:42,043 INFO o.a.j.t.JMeterThread: Stopping because end time detected by thread: TCC order-create 1-6
2026-09-10 08:06:42,043 INFO o.a.j.t.JMeterThread: Thread finished: TCC order-create 1-6
2026-09-10 08:06:42,067 INFO o.a.j.t.JMeterThread: Stopping because end time detected by thread: TCC order-create 1-5
2026-09-10 08:06:42,068 INFO o.a.j.t.JMeterThread: Thread finished: TCC order-create 1-5
2026-09-10 08:06:42,093 INFO o.a.j.t.JMeterThread: Stopping because end time detected by thread: TCC order-create 1-8
2026-09-10 08:06:42,093 INFO o.a.j.t.JMeterThread: Thread finished: TCC order-create 1-8
2026-09-10 08:06:42,117 INFO o.a.j.t.JMeterThread: Stopping because end time detected by thread: TCC order-create 1-3
2026-09-10 08:06:42,117 INFO o.a.j.t.JMeterThread: Thread finished: TCC order-create 1-3
2026-09-10 08:06:42,142 INFO o.a.j.t.JMeterThread: Stopping because end time detected by thread: TCC order-create 1-4
2026-09-10 08:06:42,142 INFO o.a.j.t.JMeterThread: Thread finished: TCC order-create 1-4
2026-09-10 08:06:42,167 INFO o.a.j.t.JMeterThread: Stopping because end time detected by thread: TCC order-create 1-9
2026-09-10 08:06:42,167 INFO o.a.j.t.JMeterThread: Thread finished: TCC order-create 1-9
2026-09-10 08:06:42,193 INFO o.a.j.t.JMeterThread: Stopping because end time detected by thread: TCC order-create 1-10
2026-09-10 08:06:42,193 INFO o.a.j.t.JMeterThread: Thread finished: TCC order-create 1-10
2026-09-10 08:06:42,218 INFO o.a.j.t.JMeterThread: Stopping because end time detected by thread: TCC order-create 1-1
2026-09-10 08:06:42,218 INFO o.a.j.t.JMeterThread: Thread finished: TCC order-create 1-1
2026-09-10 08:06:42,245 INFO o.a.j.t.JMeterThread: Stopping because end time detected by thread: TCC order-create 1-2
2026-09-10 08:06:42,245 INFO o.a.j.t.JMeterThread: Thread finished: TCC order-create 1-2
2026-09-10 08:06:42,271 INFO o.a.j.t.JMeterThread: Stopping because end time detected by thread: TCC order-create 1-7
2026-09-10 08:06:42,271 INFO o.a.j.t.JMeterThread: Thread finished: TCC order-create 1-7
2026-09-10 08:06:42,272 INFO o.a.j.e.StandardJMeterEngine: Notifying test listeners of end of test
2026-09-10 08:06:42,275 INFO o.a.j.r.Summariser: summary +    463 in 00:00:12 =   37.8/s Avg:   264 Min:   237 Max:   342 Err:     0 (0.00%) Active: 0 Started: 10 Finished: 10
2026-09-10 08:06:42,275 INFO o.a.j.r.Summariser: summary =   4451 in 00:02:00 =   37.0/s Avg:   267 Min:    69 Max:  1183 Err:     0 (0.00%)
