2026-09-10 07:39:28,980 INFO o.a.j.u.JMeterUtils: Setting Locale to en_EN
2026-09-10 07:39:28,996 INFO o.a.j.JMeter: Loading user properties from: /home/avituo/projects/tcc/tcc-container/.tools/apache-jmeter-5.6.3/bin/user.properties
2026-09-10 07:39:28,996 INFO o.a.j.JMeter: Loading system properties from: /home/avituo/projects/tcc/tcc-container/.tools/apache-jmeter-5.6.3/bin/system.properties
2026-09-10 07:39:28,996 INFO o.a.j.JMeter: Loading additional properties from: /home/avituo/projects/tcc/tcc-container/benchmark/jmeter/benchmark.properties
2026-09-10 07:39:28,997 INFO o.a.j.JMeter: Loading additional properties from: /tmp/tcc-benchmark-auth.RSRe4b/auth.properties
2026-09-10 07:39:28,997 INFO o.a.j.JMeter: Loading additional properties from: /home/avituo/projects/tcc/tcc-container/benchmark/results/laravel-13.20.0/final/order-show/c100/r2/monolith/thread-counters.properties
2026-09-10 07:39:28,997 INFO o.a.j.JMeter: Setting JMeter property: threads=100
2026-09-10 07:39:28,997 INFO o.a.j.JMeter: Setting JMeter property: duration_seconds=120
2026-09-10 07:39:28,997 INFO o.a.j.JMeter: Setting JMeter property: target_host=localhost
2026-09-10 07:39:28,997 INFO o.a.j.JMeter: Setting JMeter property: target_port=18000
2026-09-10 07:39:28,997 INFO o.a.j.JMeter: Setting JMeter property: tcc.order.id=1
2026-09-10 07:39:28,997 INFO o.a.j.JMeter: Setting JMeter property: repetition=2
2026-09-10 07:39:29,005 INFO o.a.j.JMeter: Copyright (c) 1998-2024 The Apache Software Foundation
2026-09-10 07:39:29,006 INFO o.a.j.JMeter: Version 5.6.3
2026-09-10 07:39:29,006 INFO o.a.j.JMeter: java.version=21.0.11
2026-09-10 07:39:29,006 INFO o.a.j.JMeter: java.vm.name=OpenJDK 64-Bit Server VM
2026-09-10 07:39:29,006 INFO o.a.j.JMeter: os.name=Linux
2026-09-10 07:39:29,006 INFO o.a.j.JMeter: os.arch=amd64
2026-09-10 07:39:29,006 INFO o.a.j.JMeter: os.version=7.0.11-76070011-generic
2026-09-10 07:39:29,006 INFO o.a.j.JMeter: file.encoding=UTF-8
2026-09-10 07:39:29,006 INFO o.a.j.JMeter: java.awt.headless=true
2026-09-10 07:39:29,006 INFO o.a.j.JMeter: Max memory     =1073741824
2026-09-10 07:39:29,007 INFO o.a.j.JMeter: Available Processors =16
2026-09-10 07:39:29,014 INFO o.a.j.JMeter: Default Locale=English (EN)
2026-09-10 07:39:29,015 INFO o.a.j.JMeter: JMeter  Locale=English (EN)
2026-09-10 07:39:29,015 INFO o.a.j.JMeter: JMeterHome=/home/avituo/projects/tcc/tcc-container/.tools/apache-jmeter-5.6.3
2026-09-10 07:39:29,015 INFO o.a.j.JMeter: user.dir  =/home/avituo/projects/tcc/tcc-container
2026-09-10 07:39:29,015 INFO o.a.j.JMeter: PWD       =/home/avituo/projects/tcc/tcc-container
2026-09-10 07:39:29,023 INFO o.a.j.JMeter: IP: 192.168.1.16 Name: pop-os FullName: pop-os.home
2026-09-10 07:39:29,034 INFO o.a.j.s.FileServer: Default base='/home/avituo/projects/tcc/tcc-container'
2026-09-10 07:39:29,036 INFO o.a.j.s.FileServer: Set new base='/home/avituo/projects/tcc/tcc-container/benchmark/jmeter'
2026-09-10 07:39:29,210 INFO o.a.j.s.SaveService: Testplan (JMX) version: 2.2. Testlog (JTL) version: 2.2
2026-09-10 07:39:29,239 INFO o.a.j.s.SaveService: Using SaveService properties version 5.0
2026-09-10 07:39:29,242 INFO o.a.j.s.SaveService: Using SaveService properties file encoding UTF-8
2026-09-10 07:39:29,246 INFO o.a.j.s.SaveService: Loading file: /home/avituo/projects/tcc/tcc-container/benchmark/jmeter/tcc-order-show-v1.jmx
2026-09-10 07:39:29,299 INFO o.a.j.p.h.s.HTTPSamplerBase: Parser for text/html is org.apache.jmeter.protocol.http.parser.LagartoBasedHtmlParser
2026-09-10 07:39:29,299 INFO o.a.j.p.h.s.HTTPSamplerBase: Parser for application/xhtml+xml is org.apache.jmeter.protocol.http.parser.LagartoBasedHtmlParser
2026-09-10 07:39:29,299 INFO o.a.j.p.h.s.HTTPSamplerBase: Parser for application/xml is org.apache.jmeter.protocol.http.parser.LagartoBasedHtmlParser
2026-09-10 07:39:29,300 INFO o.a.j.p.h.s.HTTPSamplerBase: Parser for text/xml is org.apache.jmeter.protocol.http.parser.LagartoBasedHtmlParser
2026-09-10 07:39:29,300 INFO o.a.j.p.h.s.HTTPSamplerBase: Parser for text/vnd.wap.wml is org.apache.jmeter.protocol.http.parser.RegexpHTMLParser
2026-09-10 07:39:29,300 INFO o.a.j.p.h.s.HTTPSamplerBase: Parser for text/css is org.apache.jmeter.protocol.http.parser.CssParser
2026-09-10 07:39:29,326 INFO o.a.j.JMeter: Creating summariser <summary>
2026-09-10 07:39:29,346 INFO o.a.j.e.StandardJMeterEngine: Running the test!
2026-09-10 07:39:29,347 INFO o.a.j.s.SampleEvent: List of sample_variables: []
2026-09-10 07:39:29,347 INFO o.a.j.s.SampleEvent: List of sample_variables: []
2026-09-10 07:39:29,352 INFO o.a.j.e.u.CompoundVariable: Note: Function class names must contain the string: '.functions.'
2026-09-10 07:39:29,352 INFO o.a.j.e.u.CompoundVariable: Note: Function class names must not contain the string: '.gui.'
2026-09-10 07:39:29,608 INFO o.a.j.JMeter: Running test (1789036769608)
2026-09-10 07:39:29,629 INFO o.a.j.e.StandardJMeterEngine: Starting ThreadGroup: 1 : TCC order-show
2026-09-10 07:39:29,629 INFO o.a.j.e.StandardJMeterEngine: Starting 100 threads for group TCC order-show.
2026-09-10 07:39:29,629 INFO o.a.j.e.StandardJMeterEngine: Thread will continue on error
2026-09-10 07:39:29,630 INFO o.a.j.t.ThreadGroup: Starting thread group... number=1 threads=100 ramp-up=0 delayedStart=false
2026-09-10 07:39:29,636 INFO o.a.j.t.JMeterThread: Thread started: TCC order-show 1-5
2026-09-10 07:39:29,636 INFO o.a.j.t.JMeterThread: Thread started: TCC order-show 1-4
2026-09-10 07:39:29,636 INFO o.a.j.t.JMeterThread: Thread started: TCC order-show 1-2
2026-09-10 07:39:29,636 INFO o.a.j.t.JMeterThread: Thread started: TCC order-show 1-1
2026-09-10 07:39:29,637 INFO o.a.j.t.JMeterThread: Thread started: TCC order-show 1-6
2026-09-10 07:39:29,636 INFO o.a.j.t.JMeterThread: Thread started: TCC order-show 1-3
2026-09-10 07:39:29,638 INFO o.a.j.t.JMeterThread: Thread started: TCC order-show 1-7
2026-09-10 07:39:29,638 INFO o.a.j.t.JMeterThread: Thread started: TCC order-show 1-8
2026-09-10 07:39:29,639 INFO o.a.j.t.JMeterThread: Thread started: TCC order-show 1-9
2026-09-10 07:39:29,640 INFO o.a.j.t.JMeterThread: Thread started: TCC order-show 1-10
2026-09-10 07:39:29,641 INFO o.a.j.t.JMeterThread: Thread started: TCC order-show 1-11
2026-09-10 07:39:29,641 INFO o.a.j.t.JMeterThread: Thread started: TCC order-show 1-12
2026-09-10 07:39:29,644 INFO o.a.j.t.JMeterThread: Thread started: TCC order-show 1-13
2026-09-10 07:39:29,644 INFO o.a.j.t.JMeterThread: Thread started: TCC order-show 1-14
2026-09-10 07:39:29,645 INFO o.a.j.t.JMeterThread: Thread started: TCC order-show 1-15
2026-09-10 07:39:29,646 INFO o.a.j.t.JMeterThread: Thread started: TCC order-show 1-16
2026-09-10 07:39:29,646 INFO o.a.j.t.JMeterThread: Thread started: TCC order-show 1-17
2026-09-10 07:39:29,647 INFO o.a.j.t.JMeterThread: Thread started: TCC order-show 1-18
2026-09-10 07:39:29,648 INFO o.a.j.t.JMeterThread: Thread started: TCC order-show 1-19
2026-09-10 07:39:29,649 INFO o.a.j.t.JMeterThread: Thread started: TCC order-show 1-20
2026-09-10 07:39:29,649 INFO o.a.j.t.JMeterThread: Thread started: TCC order-show 1-21
2026-09-10 07:39:29,650 INFO o.a.j.t.JMeterThread: Thread started: TCC order-show 1-22
2026-09-10 07:39:29,651 INFO o.a.j.t.JMeterThread: Thread started: TCC order-show 1-23
2026-09-10 07:39:29,651 INFO o.a.j.t.JMeterThread: Thread started: TCC order-show 1-24
2026-09-10 07:39:29,652 INFO o.a.j.t.JMeterThread: Thread started: TCC order-show 1-26
2026-09-10 07:39:29,652 INFO o.a.j.t.JMeterThread: Thread started: TCC order-show 1-27
2026-09-10 07:39:29,652 INFO o.a.j.t.JMeterThread: Thread started: TCC order-show 1-25
2026-09-10 07:39:29,652 INFO o.a.j.t.JMeterThread: Thread started: TCC order-show 1-28
2026-09-10 07:39:29,653 INFO o.a.j.t.JMeterThread: Thread started: TCC order-show 1-29
2026-09-10 07:39:29,654 INFO o.a.j.t.JMeterThread: Thread started: TCC order-show 1-30
2026-09-10 07:39:29,654 INFO o.a.j.t.JMeterThread: Thread started: TCC order-show 1-31
2026-09-10 07:39:29,655 INFO o.a.j.t.JMeterThread: Thread started: TCC order-show 1-33
2026-09-10 07:39:29,655 INFO o.a.j.t.JMeterThread: Thread started: TCC order-show 1-32
2026-09-10 07:39:29,656 INFO o.a.j.t.JMeterThread: Thread started: TCC order-show 1-36
2026-09-10 07:39:29,656 INFO o.a.j.t.JMeterThread: Thread started: TCC order-show 1-35
2026-09-10 07:39:29,655 INFO o.a.j.t.JMeterThread: Thread started: TCC order-show 1-34
2026-09-10 07:39:29,657 INFO o.a.j.t.JMeterThread: Thread started: TCC order-show 1-37
2026-09-10 07:39:29,657 INFO o.a.j.t.JMeterThread: Thread started: TCC order-show 1-38
2026-09-10 07:39:29,657 INFO o.a.j.t.JMeterThread: Thread started: TCC order-show 1-39
2026-09-10 07:39:29,658 INFO o.a.j.t.JMeterThread: Thread started: TCC order-show 1-40
2026-09-10 07:39:29,659 INFO o.a.j.t.JMeterThread: Thread started: TCC order-show 1-41
2026-09-10 07:39:29,659 INFO o.a.j.t.JMeterThread: Thread started: TCC order-show 1-42
2026-09-10 07:39:29,660 INFO o.a.j.t.JMeterThread: Thread started: TCC order-show 1-43
2026-09-10 07:39:29,660 INFO o.a.j.t.JMeterThread: Thread started: TCC order-show 1-45
2026-09-10 07:39:29,660 INFO o.a.j.t.JMeterThread: Thread started: TCC order-show 1-44
2026-09-10 07:39:29,661 INFO o.a.j.t.JMeterThread: Thread started: TCC order-show 1-46
2026-09-10 07:39:29,661 INFO o.a.j.t.JMeterThread: Thread started: TCC order-show 1-47
2026-09-10 07:39:29,662 INFO o.a.j.t.JMeterThread: Thread started: TCC order-show 1-48
2026-09-10 07:39:29,662 INFO o.a.j.t.JMeterThread: Thread started: TCC order-show 1-49
2026-09-10 07:39:29,663 INFO o.a.j.t.JMeterThread: Thread started: TCC order-show 1-50
2026-09-10 07:39:29,663 INFO o.a.j.p.h.s.HTTPHCAbstractImpl: Local host = pop-os
2026-09-10 07:39:29,663 INFO o.a.j.t.JMeterThread: Thread started: TCC order-show 1-51
2026-09-10 07:39:29,663 INFO o.a.j.t.JMeterThread: Thread started: TCC order-show 1-52
2026-09-10 07:39:29,664 INFO o.a.j.t.JMeterThread: Thread started: TCC order-show 1-53
2026-09-10 07:39:29,664 INFO o.a.j.t.JMeterThread: Thread started: TCC order-show 1-54
2026-09-10 07:39:29,664 INFO o.a.j.t.JMeterThread: Thread started: TCC order-show 1-55
2026-09-10 07:39:29,665 INFO o.a.j.t.JMeterThread: Thread started: TCC order-show 1-56
2026-09-10 07:39:29,665 INFO o.a.j.t.JMeterThread: Thread started: TCC order-show 1-57
2026-09-10 07:39:29,665 INFO o.a.j.t.JMeterThread: Thread started: TCC order-show 1-58
2026-09-10 07:39:29,666 INFO o.a.j.t.JMeterThread: Thread started: TCC order-show 1-59
2026-09-10 07:39:29,666 INFO o.a.j.t.JMeterThread: Thread started: TCC order-show 1-60
2026-09-10 07:39:29,667 INFO o.a.j.t.JMeterThread: Thread started: TCC order-show 1-61
2026-09-10 07:39:29,667 INFO o.a.j.t.JMeterThread: Thread started: TCC order-show 1-62
2026-09-10 07:39:29,668 INFO o.a.j.t.JMeterThread: Thread started: TCC order-show 1-63
2026-09-10 07:39:29,668 INFO o.a.j.t.JMeterThread: Thread started: TCC order-show 1-64
2026-09-10 07:39:29,669 INFO o.a.j.t.JMeterThread: Thread started: TCC order-show 1-65
2026-09-10 07:39:29,669 INFO o.a.j.t.JMeterThread: Thread started: TCC order-show 1-66
2026-09-10 07:39:29,670 INFO o.a.j.t.JMeterThread: Thread started: TCC order-show 1-67
2026-09-10 07:39:29,670 INFO o.a.j.t.JMeterThread: Thread started: TCC order-show 1-68
2026-09-10 07:39:29,670 INFO o.a.j.t.JMeterThread: Thread started: TCC order-show 1-70
2026-09-10 07:39:29,670 INFO o.a.j.t.JMeterThread: Thread started: TCC order-show 1-69
2026-09-10 07:39:29,671 INFO o.a.j.t.JMeterThread: Thread started: TCC order-show 1-71
2026-09-10 07:39:29,672 INFO o.a.j.t.JMeterThread: Thread started: TCC order-show 1-74
2026-09-10 07:39:29,672 INFO o.a.j.t.JMeterThread: Thread started: TCC order-show 1-73
2026-09-10 07:39:29,671 INFO o.a.j.t.JMeterThread: Thread started: TCC order-show 1-72
2026-09-10 07:39:29,673 INFO o.a.j.t.JMeterThread: Thread started: TCC order-show 1-75
2026-09-10 07:39:29,673 INFO o.a.j.p.h.s.HTTPHC4Impl: HTTP request retry count = 0
2026-09-10 07:39:29,673 INFO o.a.j.t.JMeterThread: Thread started: TCC order-show 1-77
2026-09-10 07:39:29,673 INFO o.a.j.t.JMeterThread: Thread started: TCC order-show 1-76
2026-09-10 07:39:29,674 INFO o.a.j.t.JMeterThread: Thread started: TCC order-show 1-78
2026-09-10 07:39:29,674 INFO o.a.j.t.JMeterThread: Thread started: TCC order-show 1-79
2026-09-10 07:39:29,675 INFO o.a.j.s.SampleResult: Note: Sample TimeStamps are START times
2026-09-10 07:39:29,675 INFO o.a.j.s.SampleResult: sampleresult.default.encoding is set to UTF-8
2026-09-10 07:39:29,675 INFO o.a.j.s.SampleResult: sampleresult.useNanoTime=true
2026-09-10 07:39:29,676 INFO o.a.j.s.SampleResult: sampleresult.nanoThreadSleep=5000
2026-09-10 07:39:29,674 INFO o.a.j.t.JMeterThread: Thread started: TCC order-show 1-80
2026-09-10 07:39:29,675 INFO o.a.j.t.JMeterThread: Thread started: TCC order-show 1-82
2026-09-10 07:39:29,675 INFO o.a.j.t.JMeterThread: Thread started: TCC order-show 1-81
2026-09-10 07:39:29,677 INFO o.a.j.t.JMeterThread: Thread started: TCC order-show 1-83
2026-09-10 07:39:29,678 INFO o.a.j.t.JMeterThread: Thread started: TCC order-show 1-84
2026-09-10 07:39:29,679 INFO o.a.j.t.JMeterThread: Thread started: TCC order-show 1-85
2026-09-10 07:39:29,679 INFO o.a.j.t.JMeterThread: Thread started: TCC order-show 1-87
2026-09-10 07:39:29,680 INFO o.a.j.t.JMeterThread: Thread started: TCC order-show 1-86
2026-09-10 07:39:29,680 INFO o.a.j.t.JMeterThread: Thread started: TCC order-show 1-88
2026-09-10 07:39:29,681 INFO o.a.j.t.JMeterThread: Thread started: TCC order-show 1-89
2026-09-10 07:39:29,681 INFO o.a.j.t.JMeterThread: Thread started: TCC order-show 1-90
2026-09-10 07:39:29,681 INFO o.a.j.t.JMeterThread: Thread started: TCC order-show 1-91
2026-09-10 07:39:29,682 INFO o.a.j.t.JMeterThread: Thread started: TCC order-show 1-93
2026-09-10 07:39:29,682 INFO o.a.j.t.JMeterThread: Thread started: TCC order-show 1-92
2026-09-10 07:39:29,682 INFO o.a.j.t.JMeterThread: Thread started: TCC order-show 1-94
2026-09-10 07:39:29,682 INFO o.a.j.t.JMeterThread: Thread started: TCC order-show 1-95
2026-09-10 07:39:29,683 INFO o.a.j.t.JMeterThread: Thread started: TCC order-show 1-98
2026-09-10 07:39:29,684 INFO o.a.j.t.ThreadGroup: Started thread group number 1
2026-09-10 07:39:29,684 INFO o.a.j.e.StandardJMeterEngine: All thread groups have been started
2026-09-10 07:39:29,684 INFO o.a.j.t.JMeterThread: Thread started: TCC order-show 1-100
2026-09-10 07:39:29,683 INFO o.a.j.t.JMeterThread: Thread started: TCC order-show 1-96
2026-09-10 07:39:29,683 INFO o.a.j.t.JMeterThread: Thread started: TCC order-show 1-97
2026-09-10 07:39:29,685 INFO o.a.j.t.JMeterThread: Thread started: TCC order-show 1-99
2026-09-10 07:39:30,842 INFO o.a.j.r.Summariser: summary +      1 in 00:00:01 =    0.8/s Avg:   447 Min:   447 Max:   447 Err:     0 (0.00%) Active: 100 Started: 100 Finished: 0
2026-09-10 07:40:00,000 INFO o.a.j.r.Summariser: summary +   2708 in 00:00:29 =   92.9/s Avg:  1084 Min:   101 Max:  1511 Err:     0 (0.00%) Active: 100 Started: 100 Finished: 0
2026-09-10 07:40:00,000 INFO o.a.j.r.Summariser: summary =   2709 in 00:00:30 =   89.1/s Avg:  1083 Min:   101 Max:  1511 Err:     0 (0.00%)
2026-09-10 07:40:30,015 INFO o.a.j.r.Summariser: summary +   2759 in 00:00:30 =   91.9/s Avg:  1087 Min:  1028 Max:  1238 Err:     0 (0.00%) Active: 100 Started: 100 Finished: 0
2026-09-10 07:40:30,016 INFO o.a.j.r.Summariser: summary =   5468 in 00:01:00 =   90.5/s Avg:  1085 Min:   101 Max:  1511 Err:     0 (0.00%)
2026-09-10 07:41:00,017 INFO o.a.j.r.Summariser: summary +   2724 in 00:00:30 =   90.8/s Avg:  1100 Min:  1053 Max:  1214 Err:     0 (0.00%) Active: 100 Started: 100 Finished: 0
2026-09-10 07:41:00,017 INFO o.a.j.r.Summariser: summary =   8192 in 00:01:30 =   90.6/s Avg:  1090 Min:   101 Max:  1511 Err:     0 (0.00%)
2026-09-10 07:41:29,639 INFO o.a.j.t.JMeterThread: Stopping because end time detected by thread: TCC order-show 1-6
2026-09-10 07:41:29,639 INFO o.a.j.t.JMeterThread: Thread finished: TCC order-show 1-6
2026-09-10 07:41:29,680 INFO o.a.j.t.JMeterThread: Stopping because end time detected by thread: TCC order-show 1-57
2026-09-10 07:41:29,681 INFO o.a.j.t.JMeterThread: Thread finished: TCC order-show 1-57
2026-09-10 07:41:29,691 INFO o.a.j.t.JMeterThread: Stopping because end time detected by thread: TCC order-show 1-90
2026-09-10 07:41:29,691 INFO o.a.j.t.JMeterThread: Thread finished: TCC order-show 1-90
2026-09-10 07:41:29,701 INFO o.a.j.t.JMeterThread: Stopping because end time detected by thread: TCC order-show 1-78
2026-09-10 07:41:29,701 INFO o.a.j.t.JMeterThread: Thread finished: TCC order-show 1-78
2026-09-10 07:41:29,712 INFO o.a.j.t.JMeterThread: Stopping because end time detected by thread: TCC order-show 1-43
2026-09-10 07:41:29,712 INFO o.a.j.t.JMeterThread: Thread finished: TCC order-show 1-43
2026-09-10 07:41:29,722 INFO o.a.j.t.JMeterThread: Stopping because end time detected by thread: TCC order-show 1-19
2026-09-10 07:41:29,722 INFO o.a.j.t.JMeterThread: Thread finished: TCC order-show 1-19
2026-09-10 07:41:29,733 INFO o.a.j.t.JMeterThread: Stopping because end time detected by thread: TCC order-show 1-83
2026-09-10 07:41:29,733 INFO o.a.j.t.JMeterThread: Thread finished: TCC order-show 1-83
2026-09-10 07:41:29,744 INFO o.a.j.t.JMeterThread: Stopping because end time detected by thread: TCC order-show 1-28
2026-09-10 07:41:29,745 INFO o.a.j.t.JMeterThread: Thread finished: TCC order-show 1-28
2026-09-10 07:41:29,755 INFO o.a.j.t.JMeterThread: Stopping because end time detected by thread: TCC order-show 1-87
2026-09-10 07:41:29,755 INFO o.a.j.t.JMeterThread: Thread finished: TCC order-show 1-87
2026-09-10 07:41:29,766 INFO o.a.j.t.JMeterThread: Stopping because end time detected by thread: TCC order-show 1-22
2026-09-10 07:41:29,766 INFO o.a.j.t.JMeterThread: Thread finished: TCC order-show 1-22
2026-09-10 07:41:29,777 INFO o.a.j.t.JMeterThread: Stopping because end time detected by thread: TCC order-show 1-58
2026-09-10 07:41:29,778 INFO o.a.j.t.JMeterThread: Thread finished: TCC order-show 1-58
2026-09-10 07:41:29,787 INFO o.a.j.t.JMeterThread: Stopping because end time detected by thread: TCC order-show 1-66
2026-09-10 07:41:29,788 INFO o.a.j.t.JMeterThread: Thread finished: TCC order-show 1-66
2026-09-10 07:41:29,798 INFO o.a.j.t.JMeterThread: Stopping because end time detected by thread: TCC order-show 1-88
2026-09-10 07:41:29,798 INFO o.a.j.t.JMeterThread: Thread finished: TCC order-show 1-88
2026-09-10 07:41:29,808 INFO o.a.j.t.JMeterThread: Stopping because end time detected by thread: TCC order-show 1-36
2026-09-10 07:41:29,809 INFO o.a.j.t.JMeterThread: Thread finished: TCC order-show 1-36
2026-09-10 07:41:29,819 INFO o.a.j.t.JMeterThread: Stopping because end time detected by thread: TCC order-show 1-44
2026-09-10 07:41:29,819 INFO o.a.j.t.JMeterThread: Thread finished: TCC order-show 1-44
2026-09-10 07:41:29,829 INFO o.a.j.t.JMeterThread: Stopping because end time detected by thread: TCC order-show 1-18
2026-09-10 07:41:29,830 INFO o.a.j.t.JMeterThread: Thread finished: TCC order-show 1-18
2026-09-10 07:41:29,840 INFO o.a.j.t.JMeterThread: Stopping because end time detected by thread: TCC order-show 1-68
2026-09-10 07:41:29,841 INFO o.a.j.t.JMeterThread: Thread finished: TCC order-show 1-68
2026-09-10 07:41:29,851 INFO o.a.j.t.JMeterThread: Stopping because end time detected by thread: TCC order-show 1-95
2026-09-10 07:41:29,851 INFO o.a.j.t.JMeterThread: Thread finished: TCC order-show 1-95
2026-09-10 07:41:29,861 INFO o.a.j.t.JMeterThread: Stopping because end time detected by thread: TCC order-show 1-94
2026-09-10 07:41:29,862 INFO o.a.j.t.JMeterThread: Thread finished: TCC order-show 1-94
2026-09-10 07:41:29,872 INFO o.a.j.t.JMeterThread: Stopping because end time detected by thread: TCC order-show 1-25
2026-09-10 07:41:29,873 INFO o.a.j.t.JMeterThread: Thread finished: TCC order-show 1-25
2026-09-10 07:41:29,883 INFO o.a.j.t.JMeterThread: Stopping because end time detected by thread: TCC order-show 1-81
2026-09-10 07:41:29,883 INFO o.a.j.t.JMeterThread: Thread finished: TCC order-show 1-81
2026-09-10 07:41:29,894 INFO o.a.j.t.JMeterThread: Stopping because end time detected by thread: TCC order-show 1-40
2026-09-10 07:41:29,894 INFO o.a.j.t.JMeterThread: Thread finished: TCC order-show 1-40
2026-09-10 07:41:29,905 INFO o.a.j.t.JMeterThread: Stopping because end time detected by thread: TCC order-show 1-9
2026-09-10 07:41:29,905 INFO o.a.j.t.JMeterThread: Thread finished: TCC order-show 1-9
2026-09-10 07:41:29,915 INFO o.a.j.t.JMeterThread: Stopping because end time detected by thread: TCC order-show 1-75
2026-09-10 07:41:29,916 INFO o.a.j.t.JMeterThread: Thread finished: TCC order-show 1-75
2026-09-10 07:41:29,926 INFO o.a.j.t.JMeterThread: Stopping because end time detected by thread: TCC order-show 1-80
2026-09-10 07:41:29,926 INFO o.a.j.t.JMeterThread: Thread finished: TCC order-show 1-80
2026-09-10 07:41:29,936 INFO o.a.j.t.JMeterThread: Stopping because end time detected by thread: TCC order-show 1-47
2026-09-10 07:41:29,937 INFO o.a.j.t.JMeterThread: Thread finished: TCC order-show 1-47
2026-09-10 07:41:29,947 INFO o.a.j.t.JMeterThread: Stopping because end time detected by thread: TCC order-show 1-96
2026-09-10 07:41:29,947 INFO o.a.j.t.JMeterThread: Thread finished: TCC order-show 1-96
2026-09-10 07:41:29,958 INFO o.a.j.t.JMeterThread: Stopping because end time detected by thread: TCC order-show 1-41
2026-09-10 07:41:29,958 INFO o.a.j.t.JMeterThread: Thread finished: TCC order-show 1-41
2026-09-10 07:41:29,968 INFO o.a.j.t.JMeterThread: Stopping because end time detected by thread: TCC order-show 1-13
2026-09-10 07:41:29,968 INFO o.a.j.t.JMeterThread: Thread finished: TCC order-show 1-13
2026-09-10 07:41:29,979 INFO o.a.j.t.JMeterThread: Stopping because end time detected by thread: TCC order-show 1-23
2026-09-10 07:41:29,979 INFO o.a.j.t.JMeterThread: Thread finished: TCC order-show 1-23
2026-09-10 07:41:29,989 INFO o.a.j.t.JMeterThread: Stopping because end time detected by thread: TCC order-show 1-55
2026-09-10 07:41:29,989 INFO o.a.j.t.JMeterThread: Thread finished: TCC order-show 1-55
2026-09-10 07:41:29,999 INFO o.a.j.t.JMeterThread: Stopping because end time detected by thread: TCC order-show 1-10
2026-09-10 07:41:30,000 INFO o.a.j.t.JMeterThread: Thread finished: TCC order-show 1-10
2026-09-10 07:41:30,017 INFO o.a.j.r.Summariser: summary +   2780 in 00:00:30 =   92.7/s Avg:  1079 Min:  1028 Max:  1137 Err:     0 (0.00%) Active: 68 Started: 100 Finished: 32
2026-09-10 07:41:30,017 INFO o.a.j.r.Summariser: summary =  10972 in 00:02:00 =   91.1/s Avg:  1087 Min:   101 Max:  1511 Err:     0 (0.00%)
2026-09-10 07:41:30,018 INFO o.a.j.t.JMeterThread: Stopping because end time detected by thread: TCC order-show 1-1
2026-09-10 07:41:30,018 INFO o.a.j.t.JMeterThread: Thread finished: TCC order-show 1-1
2026-09-10 07:41:30,028 INFO o.a.j.t.JMeterThread: Stopping because end time detected by thread: TCC order-show 1-93
2026-09-10 07:41:30,028 INFO o.a.j.t.JMeterThread: Thread finished: TCC order-show 1-93
2026-09-10 07:41:30,040 INFO o.a.j.t.JMeterThread: Stopping because end time detected by thread: TCC order-show 1-91
2026-09-10 07:41:30,040 INFO o.a.j.t.JMeterThread: Thread finished: TCC order-show 1-91
2026-09-10 07:41:30,052 INFO o.a.j.t.JMeterThread: Stopping because end time detected by thread: TCC order-show 1-85
2026-09-10 07:41:30,052 INFO o.a.j.t.JMeterThread: Thread finished: TCC order-show 1-85
2026-09-10 07:41:30,064 INFO o.a.j.t.JMeterThread: Stopping because end time detected by thread: TCC order-show 1-50
2026-09-10 07:41:30,064 INFO o.a.j.t.JMeterThread: Thread finished: TCC order-show 1-50
2026-09-10 07:41:30,076 INFO o.a.j.t.JMeterThread: Stopping because end time detected by thread: TCC order-show 1-74
2026-09-10 07:41:30,076 INFO o.a.j.t.JMeterThread: Thread finished: TCC order-show 1-74
2026-09-10 07:41:30,087 INFO o.a.j.t.JMeterThread: Stopping because end time detected by thread: TCC order-show 1-64
2026-09-10 07:41:30,087 INFO o.a.j.t.JMeterThread: Thread finished: TCC order-show 1-64
2026-09-10 07:41:30,098 INFO o.a.j.t.JMeterThread: Stopping because end time detected by thread: TCC order-show 1-21
2026-09-10 07:41:30,098 INFO o.a.j.t.JMeterThread: Thread finished: TCC order-show 1-21
2026-09-10 07:41:30,109 INFO o.a.j.t.JMeterThread: Stopping because end time detected by thread: TCC order-show 1-12
2026-09-10 07:41:30,109 INFO o.a.j.t.JMeterThread: Thread finished: TCC order-show 1-12
2026-09-10 07:41:30,120 INFO o.a.j.t.JMeterThread: Stopping because end time detected by thread: TCC order-show 1-42
2026-09-10 07:41:30,120 INFO o.a.j.t.JMeterThread: Thread finished: TCC order-show 1-42
2026-09-10 07:41:30,131 INFO o.a.j.t.JMeterThread: Stopping because end time detected by thread: TCC order-show 1-67
2026-09-10 07:41:30,132 INFO o.a.j.t.JMeterThread: Thread finished: TCC order-show 1-67
2026-09-10 07:41:30,143 INFO o.a.j.t.JMeterThread: Stopping because end time detected by thread: TCC order-show 1-62
2026-09-10 07:41:30,143 INFO o.a.j.t.JMeterThread: Thread finished: TCC order-show 1-62
2026-09-10 07:41:30,154 INFO o.a.j.t.JMeterThread: Stopping because end time detected by thread: TCC order-show 1-73
2026-09-10 07:41:30,154 INFO o.a.j.t.JMeterThread: Thread finished: TCC order-show 1-73
2026-09-10 07:41:30,165 INFO o.a.j.t.JMeterThread: Stopping because end time detected by thread: TCC order-show 1-79
2026-09-10 07:41:30,166 INFO o.a.j.t.JMeterThread: Thread finished: TCC order-show 1-79
2026-09-10 07:41:30,176 INFO o.a.j.t.JMeterThread: Stopping because end time detected by thread: TCC order-show 1-54
2026-09-10 07:41:30,176 INFO o.a.j.t.JMeterThread: Thread finished: TCC order-show 1-54
2026-09-10 07:41:30,186 INFO o.a.j.t.JMeterThread: Stopping because end time detected by thread: TCC order-show 1-14
2026-09-10 07:41:30,187 INFO o.a.j.t.JMeterThread: Thread finished: TCC order-show 1-14
2026-09-10 07:41:30,197 INFO o.a.j.t.JMeterThread: Stopping because end time detected by thread: TCC order-show 1-33
2026-09-10 07:41:30,197 INFO o.a.j.t.JMeterThread: Thread finished: TCC order-show 1-33
2026-09-10 07:41:30,207 INFO o.a.j.t.JMeterThread: Stopping because end time detected by thread: TCC order-show 1-71
2026-09-10 07:41:30,207 INFO o.a.j.t.JMeterThread: Thread finished: TCC order-show 1-71
2026-09-10 07:41:30,217 INFO o.a.j.t.JMeterThread: Stopping because end time detected by thread: TCC order-show 1-82
2026-09-10 07:41:30,217 INFO o.a.j.t.JMeterThread: Thread finished: TCC order-show 1-82
2026-09-10 07:41:30,227 INFO o.a.j.t.JMeterThread: Stopping because end time detected by thread: TCC order-show 1-48
2026-09-10 07:41:30,227 INFO o.a.j.t.JMeterThread: Thread finished: TCC order-show 1-48
2026-09-10 07:41:30,238 INFO o.a.j.t.JMeterThread: Stopping because end time detected by thread: TCC order-show 1-49
2026-09-10 07:41:30,238 INFO o.a.j.t.JMeterThread: Thread finished: TCC order-show 1-49
2026-09-10 07:41:30,248 INFO o.a.j.t.JMeterThread: Stopping because end time detected by thread: TCC order-show 1-17
2026-09-10 07:41:30,248 INFO o.a.j.t.JMeterThread: Thread finished: TCC order-show 1-17
2026-09-10 07:41:30,258 INFO o.a.j.t.JMeterThread: Stopping because end time detected by thread: TCC order-show 1-60
2026-09-10 07:41:30,258 INFO o.a.j.t.JMeterThread: Thread finished: TCC order-show 1-60
2026-09-10 07:41:30,268 INFO o.a.j.t.JMeterThread: Stopping because end time detected by thread: TCC order-show 1-56
2026-09-10 07:41:30,268 INFO o.a.j.t.JMeterThread: Thread finished: TCC order-show 1-56
2026-09-10 07:41:30,278 INFO o.a.j.t.JMeterThread: Stopping because end time detected by thread: TCC order-show 1-32
2026-09-10 07:41:30,278 INFO o.a.j.t.JMeterThread: Thread finished: TCC order-show 1-32
2026-09-10 07:41:30,290 INFO o.a.j.t.JMeterThread: Stopping because end time detected by thread: TCC order-show 1-59
2026-09-10 07:41:30,290 INFO o.a.j.t.JMeterThread: Thread finished: TCC order-show 1-59
2026-09-10 07:41:30,300 INFO o.a.j.t.JMeterThread: Stopping because end time detected by thread: TCC order-show 1-70
2026-09-10 07:41:30,300 INFO o.a.j.t.JMeterThread: Thread finished: TCC order-show 1-70
2026-09-10 07:41:30,310 INFO o.a.j.t.JMeterThread: Stopping because end time detected by thread: TCC order-show 1-97
2026-09-10 07:41:30,310 INFO o.a.j.t.JMeterThread: Thread finished: TCC order-show 1-97
2026-09-10 07:41:30,321 INFO o.a.j.t.JMeterThread: Stopping because end time detected by thread: TCC order-show 1-77
2026-09-10 07:41:30,321 INFO o.a.j.t.JMeterThread: Thread finished: TCC order-show 1-77
2026-09-10 07:41:30,332 INFO o.a.j.t.JMeterThread: Stopping because end time detected by thread: TCC order-show 1-98
2026-09-10 07:41:30,332 INFO o.a.j.t.JMeterThread: Thread finished: TCC order-show 1-98
2026-09-10 07:41:30,343 INFO o.a.j.t.JMeterThread: Stopping because end time detected by thread: TCC order-show 1-34
2026-09-10 07:41:30,343 INFO o.a.j.t.JMeterThread: Thread finished: TCC order-show 1-34
2026-09-10 07:41:30,354 INFO o.a.j.t.JMeterThread: Stopping because end time detected by thread: TCC order-show 1-99
2026-09-10 07:41:30,354 INFO o.a.j.t.JMeterThread: Thread finished: TCC order-show 1-99
2026-09-10 07:41:30,365 INFO o.a.j.t.JMeterThread: Stopping because end time detected by thread: TCC order-show 1-69
2026-09-10 07:41:30,365 INFO o.a.j.t.JMeterThread: Thread finished: TCC order-show 1-69
2026-09-10 07:41:30,376 INFO o.a.j.t.JMeterThread: Stopping because end time detected by thread: TCC order-show 1-24
2026-09-10 07:41:30,376 INFO o.a.j.t.JMeterThread: Thread finished: TCC order-show 1-24
2026-09-10 07:41:30,387 INFO o.a.j.t.JMeterThread: Stopping because end time detected by thread: TCC order-show 1-35
2026-09-10 07:41:30,387 INFO o.a.j.t.JMeterThread: Thread finished: TCC order-show 1-35
2026-09-10 07:41:30,398 INFO o.a.j.t.JMeterThread: Stopping because end time detected by thread: TCC order-show 1-45
2026-09-10 07:41:30,398 INFO o.a.j.t.JMeterThread: Thread finished: TCC order-show 1-45
2026-09-10 07:41:30,410 INFO o.a.j.t.JMeterThread: Stopping because end time detected by thread: TCC order-show 1-46
2026-09-10 07:41:30,410 INFO o.a.j.t.JMeterThread: Thread finished: TCC order-show 1-46
2026-09-10 07:41:30,421 INFO o.a.j.t.JMeterThread: Stopping because end time detected by thread: TCC order-show 1-100
2026-09-10 07:41:30,421 INFO o.a.j.t.JMeterThread: Thread finished: TCC order-show 1-100
2026-09-10 07:41:30,432 INFO o.a.j.t.JMeterThread: Stopping because end time detected by thread: TCC order-show 1-89
2026-09-10 07:41:30,432 INFO o.a.j.t.JMeterThread: Thread finished: TCC order-show 1-89
2026-09-10 07:41:30,443 INFO o.a.j.t.JMeterThread: Stopping because end time detected by thread: TCC order-show 1-3
2026-09-10 07:41:30,443 INFO o.a.j.t.JMeterThread: Thread finished: TCC order-show 1-3
2026-09-10 07:41:30,454 INFO o.a.j.t.JMeterThread: Stopping because end time detected by thread: TCC order-show 1-86
2026-09-10 07:41:30,454 INFO o.a.j.t.JMeterThread: Thread finished: TCC order-show 1-86
2026-09-10 07:41:30,465 INFO o.a.j.t.JMeterThread: Stopping because end time detected by thread: TCC order-show 1-7
2026-09-10 07:41:30,465 INFO o.a.j.t.JMeterThread: Thread finished: TCC order-show 1-7
2026-09-10 07:41:30,476 INFO o.a.j.t.JMeterThread: Stopping because end time detected by thread: TCC order-show 1-39
2026-09-10 07:41:30,476 INFO o.a.j.t.JMeterThread: Thread finished: TCC order-show 1-39
2026-09-10 07:41:30,486 INFO o.a.j.t.JMeterThread: Stopping because end time detected by thread: TCC order-show 1-2
2026-09-10 07:41:30,486 INFO o.a.j.t.JMeterThread: Thread finished: TCC order-show 1-2
2026-09-10 07:41:30,497 INFO o.a.j.t.JMeterThread: Stopping because end time detected by thread: TCC order-show 1-30
2026-09-10 07:41:30,497 INFO o.a.j.t.JMeterThread: Thread finished: TCC order-show 1-30
2026-09-10 07:41:30,507 INFO o.a.j.t.JMeterThread: Stopping because end time detected by thread: TCC order-show 1-31
2026-09-10 07:41:30,508 INFO o.a.j.t.JMeterThread: Thread finished: TCC order-show 1-31
2026-09-10 07:41:30,518 INFO o.a.j.t.JMeterThread: Stopping because end time detected by thread: TCC order-show 1-72
2026-09-10 07:41:30,519 INFO o.a.j.t.JMeterThread: Thread finished: TCC order-show 1-72
2026-09-10 07:41:30,529 INFO o.a.j.t.JMeterThread: Stopping because end time detected by thread: TCC order-show 1-11
2026-09-10 07:41:30,530 INFO o.a.j.t.JMeterThread: Thread finished: TCC order-show 1-11
2026-09-10 07:41:30,540 INFO o.a.j.t.JMeterThread: Stopping because end time detected by thread: TCC order-show 1-20
2026-09-10 07:41:30,540 INFO o.a.j.t.JMeterThread: Thread finished: TCC order-show 1-20
2026-09-10 07:41:30,552 INFO o.a.j.t.JMeterThread: Stopping because end time detected by thread: TCC order-show 1-29
2026-09-10 07:41:30,552 INFO o.a.j.t.JMeterThread: Thread finished: TCC order-show 1-29
2026-09-10 07:41:30,563 INFO o.a.j.t.JMeterThread: Stopping because end time detected by thread: TCC order-show 1-8
2026-09-10 07:41:30,563 INFO o.a.j.t.JMeterThread: Thread finished: TCC order-show 1-8
2026-09-10 07:41:30,574 INFO o.a.j.t.JMeterThread: Stopping because end time detected by thread: TCC order-show 1-76
2026-09-10 07:41:30,574 INFO o.a.j.t.JMeterThread: Thread finished: TCC order-show 1-76
2026-09-10 07:41:30,585 INFO o.a.j.t.JMeterThread: Stopping because end time detected by thread: TCC order-show 1-15
2026-09-10 07:41:30,585 INFO o.a.j.t.JMeterThread: Thread finished: TCC order-show 1-15
2026-09-10 07:41:30,596 INFO o.a.j.t.JMeterThread: Stopping because end time detected by thread: TCC order-show 1-61
2026-09-10 07:41:30,596 INFO o.a.j.t.JMeterThread: Thread finished: TCC order-show 1-61
2026-09-10 07:41:30,607 INFO o.a.j.t.JMeterThread: Stopping because end time detected by thread: TCC order-show 1-53
2026-09-10 07:41:30,607 INFO o.a.j.t.JMeterThread: Thread finished: TCC order-show 1-53
2026-09-10 07:41:30,618 INFO o.a.j.t.JMeterThread: Stopping because end time detected by thread: TCC order-show 1-5
2026-09-10 07:41:30,618 INFO o.a.j.t.JMeterThread: Thread finished: TCC order-show 1-5
2026-09-10 07:41:30,629 INFO o.a.j.t.JMeterThread: Stopping because end time detected by thread: TCC order-show 1-16
2026-09-10 07:41:30,629 INFO o.a.j.t.JMeterThread: Thread finished: TCC order-show 1-16
2026-09-10 07:41:30,640 INFO o.a.j.t.JMeterThread: Stopping because end time detected by thread: TCC order-show 1-51
2026-09-10 07:41:30,640 INFO o.a.j.t.JMeterThread: Thread finished: TCC order-show 1-51
2026-09-10 07:41:30,651 INFO o.a.j.t.JMeterThread: Stopping because end time detected by thread: TCC order-show 1-26
2026-09-10 07:41:30,651 INFO o.a.j.t.JMeterThread: Thread finished: TCC order-show 1-26
2026-09-10 07:41:30,662 INFO o.a.j.t.JMeterThread: Stopping because end time detected by thread: TCC order-show 1-84
2026-09-10 07:41:30,662 INFO o.a.j.t.JMeterThread: Thread finished: TCC order-show 1-84
2026-09-10 07:41:30,673 INFO o.a.j.t.JMeterThread: Stopping because end time detected by thread: TCC order-show 1-4
2026-09-10 07:41:30,673 INFO o.a.j.t.JMeterThread: Thread finished: TCC order-show 1-4
2026-09-10 07:41:30,684 INFO o.a.j.t.JMeterThread: Stopping because end time detected by thread: TCC order-show 1-37
2026-09-10 07:41:30,684 INFO o.a.j.t.JMeterThread: Thread finished: TCC order-show 1-37
2026-09-10 07:41:30,695 INFO o.a.j.t.JMeterThread: Stopping because end time detected by thread: TCC order-show 1-27
2026-09-10 07:41:30,695 INFO o.a.j.t.JMeterThread: Thread finished: TCC order-show 1-27
2026-09-10 07:41:30,706 INFO o.a.j.t.JMeterThread: Stopping because end time detected by thread: TCC order-show 1-65
2026-09-10 07:41:30,706 INFO o.a.j.t.JMeterThread: Thread finished: TCC order-show 1-65
2026-09-10 07:41:30,717 INFO o.a.j.t.JMeterThread: Stopping because end time detected by thread: TCC order-show 1-63
2026-09-10 07:41:30,717 INFO o.a.j.t.JMeterThread: Thread finished: TCC order-show 1-63
2026-09-10 07:41:30,728 INFO o.a.j.t.JMeterThread: Stopping because end time detected by thread: TCC order-show 1-38
2026-09-10 07:41:30,728 INFO o.a.j.t.JMeterThread: Thread finished: TCC order-show 1-38
2026-09-10 07:41:30,738 INFO o.a.j.t.JMeterThread: Stopping because end time detected by thread: TCC order-show 1-52
2026-09-10 07:41:30,739 INFO o.a.j.t.JMeterThread: Thread finished: TCC order-show 1-52
2026-09-10 07:41:30,748 INFO o.a.j.t.JMeterThread: Stopping because end time detected by thread: TCC order-show 1-92
2026-09-10 07:41:30,748 INFO o.a.j.t.JMeterThread: Thread finished: TCC order-show 1-92
2026-09-10 07:41:30,749 INFO o.a.j.e.StandardJMeterEngine: Notifying test listeners of end of test
2026-09-10 07:41:30,752 INFO o.a.j.r.Summariser: summary +     67 in 00:00:01 =   91.3/s Avg:  1075 Min:  1069 Max:  1088 Err:     0 (0.00%) Active: 0 Started: 100 Finished: 100
2026-09-10 07:41:30,752 INFO o.a.j.r.Summariser: summary =  11039 in 00:02:01 =   91.1/s Avg:  1087 Min:   101 Max:  1511 Err:     0 (0.00%)
