2026-09-10 07:38:52,975 INFO o.a.j.u.JMeterUtils: Setting Locale to en_EN
2026-09-10 07:38:52,993 INFO o.a.j.JMeter: Loading user properties from: /home/avituo/projects/tcc/tcc-container/.tools/apache-jmeter-5.6.3/bin/user.properties
2026-09-10 07:38:52,993 INFO o.a.j.JMeter: Loading system properties from: /home/avituo/projects/tcc/tcc-container/.tools/apache-jmeter-5.6.3/bin/system.properties
2026-09-10 07:38:52,994 INFO o.a.j.JMeter: Loading additional properties from: /home/avituo/projects/tcc/tcc-container/benchmark/jmeter/benchmark.properties
2026-09-10 07:38:52,994 INFO o.a.j.JMeter: Loading additional properties from: /tmp/tcc-benchmark-auth.RSRe4b/auth.properties
2026-09-10 07:38:52,994 INFO o.a.j.JMeter: Setting JMeter property: threads=100
2026-09-10 07:38:52,994 INFO o.a.j.JMeter: Setting JMeter property: duration_seconds=30
2026-09-10 07:38:52,994 INFO o.a.j.JMeter: Setting JMeter property: target_host=localhost
2026-09-10 07:38:52,994 INFO o.a.j.JMeter: Setting JMeter property: target_port=18000
2026-09-10 07:38:52,994 INFO o.a.j.JMeter: Setting JMeter property: tcc.order.id=1
2026-09-10 07:38:52,994 INFO o.a.j.JMeter: Setting JMeter property: repetition=2
2026-09-10 07:38:53,001 INFO o.a.j.JMeter: Copyright (c) 1998-2024 The Apache Software Foundation
2026-09-10 07:38:53,002 INFO o.a.j.JMeter: Version 5.6.3
2026-09-10 07:38:53,002 INFO o.a.j.JMeter: java.version=21.0.11
2026-09-10 07:38:53,002 INFO o.a.j.JMeter: java.vm.name=OpenJDK 64-Bit Server VM
2026-09-10 07:38:53,002 INFO o.a.j.JMeter: os.name=Linux
2026-09-10 07:38:53,002 INFO o.a.j.JMeter: os.arch=amd64
2026-09-10 07:38:53,002 INFO o.a.j.JMeter: os.version=7.0.11-76070011-generic
2026-09-10 07:38:53,002 INFO o.a.j.JMeter: file.encoding=UTF-8
2026-09-10 07:38:53,002 INFO o.a.j.JMeter: java.awt.headless=true
2026-09-10 07:38:53,002 INFO o.a.j.JMeter: Max memory     =1073741824
2026-09-10 07:38:53,002 INFO o.a.j.JMeter: Available Processors =16
2026-09-10 07:38:53,011 INFO o.a.j.JMeter: Default Locale=English (EN)
2026-09-10 07:38:53,011 INFO o.a.j.JMeter: JMeter  Locale=English (EN)
2026-09-10 07:38:53,011 INFO o.a.j.JMeter: JMeterHome=/home/avituo/projects/tcc/tcc-container/.tools/apache-jmeter-5.6.3
2026-09-10 07:38:53,011 INFO o.a.j.JMeter: user.dir  =/home/avituo/projects/tcc/tcc-container
2026-09-10 07:38:53,011 INFO o.a.j.JMeter: PWD       =/home/avituo/projects/tcc/tcc-container
2026-09-10 07:38:53,019 INFO o.a.j.JMeter: IP: 192.168.1.16 Name: pop-os FullName: pop-os.home
2026-09-10 07:38:53,031 INFO o.a.j.s.FileServer: Default base='/home/avituo/projects/tcc/tcc-container'
2026-09-10 07:38:53,033 INFO o.a.j.s.FileServer: Set new base='/home/avituo/projects/tcc/tcc-container/benchmark/jmeter'
2026-09-10 07:38:53,204 INFO o.a.j.s.SaveService: Testplan (JMX) version: 2.2. Testlog (JTL) version: 2.2
2026-09-10 07:38:53,231 INFO o.a.j.s.SaveService: Using SaveService properties version 5.0
2026-09-10 07:38:53,234 INFO o.a.j.s.SaveService: Using SaveService properties file encoding UTF-8
2026-09-10 07:38:53,238 INFO o.a.j.s.SaveService: Loading file: /home/avituo/projects/tcc/tcc-container/benchmark/jmeter/tcc-order-show-v1.jmx
2026-09-10 07:38:53,289 INFO o.a.j.p.h.s.HTTPSamplerBase: Parser for text/html is org.apache.jmeter.protocol.http.parser.LagartoBasedHtmlParser
2026-09-10 07:38:53,290 INFO o.a.j.p.h.s.HTTPSamplerBase: Parser for application/xhtml+xml is org.apache.jmeter.protocol.http.parser.LagartoBasedHtmlParser
2026-09-10 07:38:53,290 INFO o.a.j.p.h.s.HTTPSamplerBase: Parser for application/xml is org.apache.jmeter.protocol.http.parser.LagartoBasedHtmlParser
2026-09-10 07:38:53,290 INFO o.a.j.p.h.s.HTTPSamplerBase: Parser for text/xml is org.apache.jmeter.protocol.http.parser.LagartoBasedHtmlParser
2026-09-10 07:38:53,290 INFO o.a.j.p.h.s.HTTPSamplerBase: Parser for text/vnd.wap.wml is org.apache.jmeter.protocol.http.parser.RegexpHTMLParser
2026-09-10 07:38:53,290 INFO o.a.j.p.h.s.HTTPSamplerBase: Parser for text/css is org.apache.jmeter.protocol.http.parser.CssParser
2026-09-10 07:38:53,322 INFO o.a.j.JMeter: Creating summariser <summary>
2026-09-10 07:38:53,342 INFO o.a.j.e.StandardJMeterEngine: Running the test!
2026-09-10 07:38:53,342 INFO o.a.j.s.SampleEvent: List of sample_variables: []
2026-09-10 07:38:53,343 INFO o.a.j.s.SampleEvent: List of sample_variables: []
2026-09-10 07:38:53,347 INFO o.a.j.e.u.CompoundVariable: Note: Function class names must contain the string: '.functions.'
2026-09-10 07:38:53,347 INFO o.a.j.e.u.CompoundVariable: Note: Function class names must not contain the string: '.gui.'
2026-09-10 07:38:53,603 INFO o.a.j.JMeter: Running test (1789036733603)
2026-09-10 07:38:53,622 INFO o.a.j.e.StandardJMeterEngine: Starting ThreadGroup: 1 : TCC order-show
2026-09-10 07:38:53,622 INFO o.a.j.e.StandardJMeterEngine: Starting 100 threads for group TCC order-show.
2026-09-10 07:38:53,623 INFO o.a.j.e.StandardJMeterEngine: Thread will continue on error
2026-09-10 07:38:53,623 INFO o.a.j.t.ThreadGroup: Starting thread group... number=1 threads=100 ramp-up=0 delayedStart=false
2026-09-10 07:38:53,630 INFO o.a.j.t.JMeterThread: Thread started: TCC order-show 1-1
2026-09-10 07:38:53,630 INFO o.a.j.t.JMeterThread: Thread started: TCC order-show 1-5
2026-09-10 07:38:53,630 INFO o.a.j.t.JMeterThread: Thread started: TCC order-show 1-2
2026-09-10 07:38:53,630 INFO o.a.j.t.JMeterThread: Thread started: TCC order-show 1-4
2026-09-10 07:38:53,630 INFO o.a.j.t.JMeterThread: Thread started: TCC order-show 1-3
2026-09-10 07:38:53,630 INFO o.a.j.t.JMeterThread: Thread started: TCC order-show 1-6
2026-09-10 07:38:53,631 INFO o.a.j.t.JMeterThread: Thread started: TCC order-show 1-7
2026-09-10 07:38:53,632 INFO o.a.j.t.JMeterThread: Thread started: TCC order-show 1-8
2026-09-10 07:38:53,632 INFO o.a.j.t.JMeterThread: Thread started: TCC order-show 1-9
2026-09-10 07:38:53,633 INFO o.a.j.t.JMeterThread: Thread started: TCC order-show 1-10
2026-09-10 07:38:53,633 INFO o.a.j.t.JMeterThread: Thread started: TCC order-show 1-11
2026-09-10 07:38:53,634 INFO o.a.j.t.JMeterThread: Thread started: TCC order-show 1-12
2026-09-10 07:38:53,635 INFO o.a.j.t.JMeterThread: Thread started: TCC order-show 1-13
2026-09-10 07:38:53,636 INFO o.a.j.t.JMeterThread: Thread started: TCC order-show 1-14
2026-09-10 07:38:53,636 INFO o.a.j.t.JMeterThread: Thread started: TCC order-show 1-15
2026-09-10 07:38:53,638 INFO o.a.j.t.JMeterThread: Thread started: TCC order-show 1-16
2026-09-10 07:38:53,638 INFO o.a.j.t.JMeterThread: Thread started: TCC order-show 1-17
2026-09-10 07:38:53,639 INFO o.a.j.t.JMeterThread: Thread started: TCC order-show 1-18
2026-09-10 07:38:53,640 INFO o.a.j.t.JMeterThread: Thread started: TCC order-show 1-19
2026-09-10 07:38:53,640 INFO o.a.j.t.JMeterThread: Thread started: TCC order-show 1-20
2026-09-10 07:38:53,641 INFO o.a.j.t.JMeterThread: Thread started: TCC order-show 1-21
2026-09-10 07:38:53,641 INFO o.a.j.t.JMeterThread: Thread started: TCC order-show 1-22
2026-09-10 07:38:53,642 INFO o.a.j.t.JMeterThread: Thread started: TCC order-show 1-23
2026-09-10 07:38:53,642 INFO o.a.j.t.JMeterThread: Thread started: TCC order-show 1-24
2026-09-10 07:38:53,643 INFO o.a.j.t.JMeterThread: Thread started: TCC order-show 1-25
2026-09-10 07:38:53,643 INFO o.a.j.t.JMeterThread: Thread started: TCC order-show 1-26
2026-09-10 07:38:53,644 INFO o.a.j.t.JMeterThread: Thread started: TCC order-show 1-27
2026-09-10 07:38:53,644 INFO o.a.j.t.JMeterThread: Thread started: TCC order-show 1-28
2026-09-10 07:38:53,645 INFO o.a.j.t.JMeterThread: Thread started: TCC order-show 1-29
2026-09-10 07:38:53,646 INFO o.a.j.t.JMeterThread: Thread started: TCC order-show 1-30
2026-09-10 07:38:53,646 INFO o.a.j.t.JMeterThread: Thread started: TCC order-show 1-31
2026-09-10 07:38:53,647 INFO o.a.j.t.JMeterThread: Thread started: TCC order-show 1-32
2026-09-10 07:38:53,647 INFO o.a.j.t.JMeterThread: Thread started: TCC order-show 1-33
2026-09-10 07:38:53,647 INFO o.a.j.t.JMeterThread: Thread started: TCC order-show 1-34
2026-09-10 07:38:53,648 INFO o.a.j.t.JMeterThread: Thread started: TCC order-show 1-35
2026-09-10 07:38:53,648 INFO o.a.j.t.JMeterThread: Thread started: TCC order-show 1-36
2026-09-10 07:38:53,649 INFO o.a.j.t.JMeterThread: Thread started: TCC order-show 1-37
2026-09-10 07:38:53,649 INFO o.a.j.t.JMeterThread: Thread started: TCC order-show 1-38
2026-09-10 07:38:53,649 INFO o.a.j.t.JMeterThread: Thread started: TCC order-show 1-39
2026-09-10 07:38:53,650 INFO o.a.j.t.JMeterThread: Thread started: TCC order-show 1-40
2026-09-10 07:38:53,650 INFO o.a.j.t.JMeterThread: Thread started: TCC order-show 1-41
2026-09-10 07:38:53,650 INFO o.a.j.t.JMeterThread: Thread started: TCC order-show 1-42
2026-09-10 07:38:53,651 INFO o.a.j.t.JMeterThread: Thread started: TCC order-show 1-43
2026-09-10 07:38:53,651 INFO o.a.j.t.JMeterThread: Thread started: TCC order-show 1-44
2026-09-10 07:38:53,651 INFO o.a.j.t.JMeterThread: Thread started: TCC order-show 1-45
2026-09-10 07:38:53,652 INFO o.a.j.t.JMeterThread: Thread started: TCC order-show 1-46
2026-09-10 07:38:53,652 INFO o.a.j.t.JMeterThread: Thread started: TCC order-show 1-47
2026-09-10 07:38:53,652 INFO o.a.j.t.JMeterThread: Thread started: TCC order-show 1-48
2026-09-10 07:38:53,653 INFO o.a.j.t.JMeterThread: Thread started: TCC order-show 1-49
2026-09-10 07:38:53,653 INFO o.a.j.t.JMeterThread: Thread started: TCC order-show 1-50
2026-09-10 07:38:53,653 INFO o.a.j.t.JMeterThread: Thread started: TCC order-show 1-51
2026-09-10 07:38:53,654 INFO o.a.j.t.JMeterThread: Thread started: TCC order-show 1-52
2026-09-10 07:38:53,654 INFO o.a.j.t.JMeterThread: Thread started: TCC order-show 1-53
2026-09-10 07:38:53,654 INFO o.a.j.t.JMeterThread: Thread started: TCC order-show 1-54
2026-09-10 07:38:53,655 INFO o.a.j.t.JMeterThread: Thread started: TCC order-show 1-55
2026-09-10 07:38:53,655 INFO o.a.j.t.JMeterThread: Thread started: TCC order-show 1-56
2026-09-10 07:38:53,655 INFO o.a.j.t.JMeterThread: Thread started: TCC order-show 1-57
2026-09-10 07:38:53,656 INFO o.a.j.t.JMeterThread: Thread started: TCC order-show 1-58
2026-09-10 07:38:53,656 INFO o.a.j.t.JMeterThread: Thread started: TCC order-show 1-59
2026-09-10 07:38:53,656 INFO o.a.j.t.JMeterThread: Thread started: TCC order-show 1-60
2026-09-10 07:38:53,657 INFO o.a.j.p.h.s.HTTPHCAbstractImpl: Local host = pop-os
2026-09-10 07:38:53,657 INFO o.a.j.t.JMeterThread: Thread started: TCC order-show 1-61
2026-09-10 07:38:53,658 INFO o.a.j.t.JMeterThread: Thread started: TCC order-show 1-62
2026-09-10 07:38:53,658 INFO o.a.j.t.JMeterThread: Thread started: TCC order-show 1-63
2026-09-10 07:38:53,659 INFO o.a.j.t.JMeterThread: Thread started: TCC order-show 1-64
2026-09-10 07:38:53,659 INFO o.a.j.t.JMeterThread: Thread started: TCC order-show 1-65
2026-09-10 07:38:53,659 INFO o.a.j.t.JMeterThread: Thread started: TCC order-show 1-66
2026-09-10 07:38:53,660 INFO o.a.j.t.JMeterThread: Thread started: TCC order-show 1-68
2026-09-10 07:38:53,660 INFO o.a.j.t.JMeterThread: Thread started: TCC order-show 1-67
2026-09-10 07:38:53,660 INFO o.a.j.t.JMeterThread: Thread started: TCC order-show 1-69
2026-09-10 07:38:53,661 INFO o.a.j.t.JMeterThread: Thread started: TCC order-show 1-70
2026-09-10 07:38:53,661 INFO o.a.j.t.JMeterThread: Thread started: TCC order-show 1-71
2026-09-10 07:38:53,662 INFO o.a.j.t.JMeterThread: Thread started: TCC order-show 1-72
2026-09-10 07:38:53,662 INFO o.a.j.t.JMeterThread: Thread started: TCC order-show 1-73
2026-09-10 07:38:53,662 INFO o.a.j.t.JMeterThread: Thread started: TCC order-show 1-74
2026-09-10 07:38:53,663 INFO o.a.j.t.JMeterThread: Thread started: TCC order-show 1-75
2026-09-10 07:38:53,664 INFO o.a.j.t.JMeterThread: Thread started: TCC order-show 1-77
2026-09-10 07:38:53,663 INFO o.a.j.t.JMeterThread: Thread started: TCC order-show 1-76
2026-09-10 07:38:53,664 INFO o.a.j.t.JMeterThread: Thread started: TCC order-show 1-78
2026-09-10 07:38:53,665 INFO o.a.j.t.JMeterThread: Thread started: TCC order-show 1-79
2026-09-10 07:38:53,665 INFO o.a.j.t.JMeterThread: Thread started: TCC order-show 1-80
2026-09-10 07:38:53,666 INFO o.a.j.t.JMeterThread: Thread started: TCC order-show 1-81
2026-09-10 07:38:53,666 INFO o.a.j.t.JMeterThread: Thread started: TCC order-show 1-82
2026-09-10 07:38:53,666 INFO o.a.j.t.JMeterThread: Thread started: TCC order-show 1-83
2026-09-10 07:38:53,667 INFO o.a.j.t.JMeterThread: Thread started: TCC order-show 1-84
2026-09-10 07:38:53,668 INFO o.a.j.t.JMeterThread: Thread started: TCC order-show 1-85
2026-09-10 07:38:53,668 INFO o.a.j.t.JMeterThread: Thread started: TCC order-show 1-86
2026-09-10 07:38:53,668 INFO o.a.j.p.h.s.HTTPHC4Impl: HTTP request retry count = 0
2026-09-10 07:38:53,668 INFO o.a.j.t.JMeterThread: Thread started: TCC order-show 1-87
2026-09-10 07:38:53,669 INFO o.a.j.t.JMeterThread: Thread started: TCC order-show 1-88
2026-09-10 07:38:53,669 INFO o.a.j.t.JMeterThread: Thread started: TCC order-show 1-89
2026-09-10 07:38:53,669 INFO o.a.j.t.JMeterThread: Thread started: TCC order-show 1-90
2026-09-10 07:38:53,670 INFO o.a.j.t.JMeterThread: Thread started: TCC order-show 1-91
2026-09-10 07:38:53,670 INFO o.a.j.s.SampleResult: Note: Sample TimeStamps are START times
2026-09-10 07:38:53,670 INFO o.a.j.s.SampleResult: sampleresult.default.encoding is set to UTF-8
2026-09-10 07:38:53,670 INFO o.a.j.s.SampleResult: sampleresult.useNanoTime=true
2026-09-10 07:38:53,670 INFO o.a.j.s.SampleResult: sampleresult.nanoThreadSleep=5000
2026-09-10 07:38:53,671 INFO o.a.j.t.JMeterThread: Thread started: TCC order-show 1-92
2026-09-10 07:38:53,671 INFO o.a.j.t.JMeterThread: Thread started: TCC order-show 1-93
2026-09-10 07:38:53,672 INFO o.a.j.t.JMeterThread: Thread started: TCC order-show 1-94
2026-09-10 07:38:53,672 INFO o.a.j.t.JMeterThread: Thread started: TCC order-show 1-95
2026-09-10 07:38:53,673 INFO o.a.j.t.JMeterThread: Thread started: TCC order-show 1-96
2026-09-10 07:38:53,673 INFO o.a.j.t.JMeterThread: Thread started: TCC order-show 1-97
2026-09-10 07:38:53,674 INFO o.a.j.t.JMeterThread: Thread started: TCC order-show 1-98
2026-09-10 07:38:53,674 INFO o.a.j.t.JMeterThread: Thread started: TCC order-show 1-99
2026-09-10 07:38:53,674 INFO o.a.j.t.ThreadGroup: Started thread group number 1
2026-09-10 07:38:53,675 INFO o.a.j.e.StandardJMeterEngine: All thread groups have been started
2026-09-10 07:38:53,674 INFO o.a.j.t.JMeterThread: Thread started: TCC order-show 1-100
2026-09-10 07:39:00,017 INFO o.a.j.r.Summariser: summary +    522 in 00:00:06 =   81.4/s Avg:  1035 Min:    93 Max:  1496 Err:     0 (0.00%) Active: 100 Started: 100 Finished: 0
2026-09-10 07:39:23,662 INFO o.a.j.t.JMeterThread: Stopping because end time detected by thread: TCC order-show 1-12
2026-09-10 07:39:23,662 INFO o.a.j.t.JMeterThread: Thread finished: TCC order-show 1-12
2026-09-10 07:39:23,672 INFO o.a.j.t.JMeterThread: Stopping because end time detected by thread: TCC order-show 1-32
2026-09-10 07:39:23,672 INFO o.a.j.t.JMeterThread: Thread finished: TCC order-show 1-32
2026-09-10 07:39:23,684 INFO o.a.j.t.JMeterThread: Stopping because end time detected by thread: TCC order-show 1-45
2026-09-10 07:39:23,684 INFO o.a.j.t.JMeterThread: Thread finished: TCC order-show 1-45
2026-09-10 07:39:23,696 INFO o.a.j.t.JMeterThread: Stopping because end time detected by thread: TCC order-show 1-72
2026-09-10 07:39:23,696 INFO o.a.j.t.JMeterThread: Thread finished: TCC order-show 1-72
2026-09-10 07:39:23,708 INFO o.a.j.t.JMeterThread: Stopping because end time detected by thread: TCC order-show 1-58
2026-09-10 07:39:23,708 INFO o.a.j.t.JMeterThread: Thread finished: TCC order-show 1-58
2026-09-10 07:39:23,719 INFO o.a.j.t.JMeterThread: Stopping because end time detected by thread: TCC order-show 1-87
2026-09-10 07:39:23,719 INFO o.a.j.t.JMeterThread: Thread finished: TCC order-show 1-87
2026-09-10 07:39:23,730 INFO o.a.j.t.JMeterThread: Stopping because end time detected by thread: TCC order-show 1-24
2026-09-10 07:39:23,730 INFO o.a.j.t.JMeterThread: Thread finished: TCC order-show 1-24
2026-09-10 07:39:23,742 INFO o.a.j.t.JMeterThread: Stopping because end time detected by thread: TCC order-show 1-94
2026-09-10 07:39:23,742 INFO o.a.j.t.JMeterThread: Thread finished: TCC order-show 1-94
2026-09-10 07:39:23,753 INFO o.a.j.t.JMeterThread: Stopping because end time detected by thread: TCC order-show 1-62
2026-09-10 07:39:23,753 INFO o.a.j.t.JMeterThread: Thread finished: TCC order-show 1-62
2026-09-10 07:39:23,763 INFO o.a.j.t.JMeterThread: Stopping because end time detected by thread: TCC order-show 1-79
2026-09-10 07:39:23,763 INFO o.a.j.t.JMeterThread: Thread finished: TCC order-show 1-79
2026-09-10 07:39:23,774 INFO o.a.j.t.JMeterThread: Stopping because end time detected by thread: TCC order-show 1-86
2026-09-10 07:39:23,774 INFO o.a.j.t.JMeterThread: Thread finished: TCC order-show 1-86
2026-09-10 07:39:23,785 INFO o.a.j.t.JMeterThread: Stopping because end time detected by thread: TCC order-show 1-83
2026-09-10 07:39:23,785 INFO o.a.j.t.JMeterThread: Thread finished: TCC order-show 1-83
2026-09-10 07:39:23,796 INFO o.a.j.t.JMeterThread: Stopping because end time detected by thread: TCC order-show 1-68
2026-09-10 07:39:23,796 INFO o.a.j.t.JMeterThread: Thread finished: TCC order-show 1-68
2026-09-10 07:39:23,807 INFO o.a.j.t.JMeterThread: Stopping because end time detected by thread: TCC order-show 1-46
2026-09-10 07:39:23,807 INFO o.a.j.t.JMeterThread: Thread finished: TCC order-show 1-46
2026-09-10 07:39:23,817 INFO o.a.j.t.JMeterThread: Stopping because end time detected by thread: TCC order-show 1-9
2026-09-10 07:39:23,817 INFO o.a.j.t.JMeterThread: Thread finished: TCC order-show 1-9
2026-09-10 07:39:23,828 INFO o.a.j.t.JMeterThread: Stopping because end time detected by thread: TCC order-show 1-88
2026-09-10 07:39:23,828 INFO o.a.j.t.JMeterThread: Thread finished: TCC order-show 1-88
2026-09-10 07:39:23,838 INFO o.a.j.t.JMeterThread: Stopping because end time detected by thread: TCC order-show 1-27
2026-09-10 07:39:23,838 INFO o.a.j.t.JMeterThread: Thread finished: TCC order-show 1-27
2026-09-10 07:39:23,848 INFO o.a.j.t.JMeterThread: Stopping because end time detected by thread: TCC order-show 1-92
2026-09-10 07:39:23,849 INFO o.a.j.t.JMeterThread: Thread finished: TCC order-show 1-92
2026-09-10 07:39:23,862 INFO o.a.j.t.JMeterThread: Stopping because end time detected by thread: TCC order-show 1-20
2026-09-10 07:39:23,862 INFO o.a.j.t.JMeterThread: Thread finished: TCC order-show 1-20
2026-09-10 07:39:23,872 INFO o.a.j.t.JMeterThread: Stopping because end time detected by thread: TCC order-show 1-40
2026-09-10 07:39:23,872 INFO o.a.j.t.JMeterThread: Thread finished: TCC order-show 1-40
2026-09-10 07:39:23,882 INFO o.a.j.t.JMeterThread: Stopping because end time detected by thread: TCC order-show 1-85
2026-09-10 07:39:23,883 INFO o.a.j.t.JMeterThread: Thread finished: TCC order-show 1-85
2026-09-10 07:39:23,893 INFO o.a.j.t.JMeterThread: Stopping because end time detected by thread: TCC order-show 1-7
2026-09-10 07:39:23,893 INFO o.a.j.t.JMeterThread: Thread finished: TCC order-show 1-7
2026-09-10 07:39:23,908 INFO o.a.j.t.JMeterThread: Stopping because end time detected by thread: TCC order-show 1-67
2026-09-10 07:39:23,908 INFO o.a.j.t.JMeterThread: Thread finished: TCC order-show 1-67
2026-09-10 07:39:23,920 INFO o.a.j.t.JMeterThread: Stopping because end time detected by thread: TCC order-show 1-55
2026-09-10 07:39:23,920 INFO o.a.j.t.JMeterThread: Thread finished: TCC order-show 1-55
2026-09-10 07:39:23,933 INFO o.a.j.t.JMeterThread: Stopping because end time detected by thread: TCC order-show 1-1
2026-09-10 07:39:23,934 INFO o.a.j.t.JMeterThread: Thread finished: TCC order-show 1-1
2026-09-10 07:39:23,944 INFO o.a.j.t.JMeterThread: Stopping because end time detected by thread: TCC order-show 1-42
2026-09-10 07:39:23,945 INFO o.a.j.t.JMeterThread: Thread finished: TCC order-show 1-42
2026-09-10 07:39:23,954 INFO o.a.j.t.JMeterThread: Stopping because end time detected by thread: TCC order-show 1-66
2026-09-10 07:39:23,955 INFO o.a.j.t.JMeterThread: Thread finished: TCC order-show 1-66
2026-09-10 07:39:23,965 INFO o.a.j.t.JMeterThread: Stopping because end time detected by thread: TCC order-show 1-36
2026-09-10 07:39:23,965 INFO o.a.j.t.JMeterThread: Thread finished: TCC order-show 1-36
2026-09-10 07:39:23,976 INFO o.a.j.t.JMeterThread: Stopping because end time detected by thread: TCC order-show 1-93
2026-09-10 07:39:23,976 INFO o.a.j.t.JMeterThread: Thread finished: TCC order-show 1-93
2026-09-10 07:39:23,986 INFO o.a.j.t.JMeterThread: Stopping because end time detected by thread: TCC order-show 1-70
2026-09-10 07:39:23,986 INFO o.a.j.t.JMeterThread: Thread finished: TCC order-show 1-70
2026-09-10 07:39:23,997 INFO o.a.j.t.JMeterThread: Stopping because end time detected by thread: TCC order-show 1-61
2026-09-10 07:39:23,997 INFO o.a.j.t.JMeterThread: Thread finished: TCC order-show 1-61
2026-09-10 07:39:24,014 INFO o.a.j.t.JMeterThread: Stopping because end time detected by thread: TCC order-show 1-3
2026-09-10 07:39:24,014 INFO o.a.j.t.JMeterThread: Thread finished: TCC order-show 1-3
2026-09-10 07:39:24,025 INFO o.a.j.t.JMeterThread: Stopping because end time detected by thread: TCC order-show 1-82
2026-09-10 07:39:24,025 INFO o.a.j.t.JMeterThread: Thread finished: TCC order-show 1-82
2026-09-10 07:39:24,035 INFO o.a.j.t.JMeterThread: Stopping because end time detected by thread: TCC order-show 1-43
2026-09-10 07:39:24,035 INFO o.a.j.t.JMeterThread: Thread finished: TCC order-show 1-43
2026-09-10 07:39:24,046 INFO o.a.j.t.JMeterThread: Stopping because end time detected by thread: TCC order-show 1-80
2026-09-10 07:39:24,046 INFO o.a.j.t.JMeterThread: Thread finished: TCC order-show 1-80
2026-09-10 07:39:24,057 INFO o.a.j.t.JMeterThread: Stopping because end time detected by thread: TCC order-show 1-17
2026-09-10 07:39:24,057 INFO o.a.j.t.JMeterThread: Thread finished: TCC order-show 1-17
2026-09-10 07:39:24,067 INFO o.a.j.t.JMeterThread: Stopping because end time detected by thread: TCC order-show 1-6
2026-09-10 07:39:24,068 INFO o.a.j.t.JMeterThread: Thread finished: TCC order-show 1-6
2026-09-10 07:39:24,080 INFO o.a.j.t.JMeterThread: Stopping because end time detected by thread: TCC order-show 1-91
2026-09-10 07:39:24,080 INFO o.a.j.t.JMeterThread: Thread finished: TCC order-show 1-91
2026-09-10 07:39:24,092 INFO o.a.j.t.JMeterThread: Stopping because end time detected by thread: TCC order-show 1-98
2026-09-10 07:39:24,092 INFO o.a.j.t.JMeterThread: Thread finished: TCC order-show 1-98
2026-09-10 07:39:24,103 INFO o.a.j.t.JMeterThread: Stopping because end time detected by thread: TCC order-show 1-29
2026-09-10 07:39:24,103 INFO o.a.j.t.JMeterThread: Thread finished: TCC order-show 1-29
2026-09-10 07:39:24,115 INFO o.a.j.t.JMeterThread: Stopping because end time detected by thread: TCC order-show 1-90
2026-09-10 07:39:24,115 INFO o.a.j.t.JMeterThread: Thread finished: TCC order-show 1-90
2026-09-10 07:39:24,126 INFO o.a.j.t.JMeterThread: Stopping because end time detected by thread: TCC order-show 1-54
2026-09-10 07:39:24,126 INFO o.a.j.t.JMeterThread: Thread finished: TCC order-show 1-54
2026-09-10 07:39:24,137 INFO o.a.j.t.JMeterThread: Stopping because end time detected by thread: TCC order-show 1-19
2026-09-10 07:39:24,137 INFO o.a.j.t.JMeterThread: Thread finished: TCC order-show 1-19
2026-09-10 07:39:24,147 INFO o.a.j.t.JMeterThread: Stopping because end time detected by thread: TCC order-show 1-95
2026-09-10 07:39:24,148 INFO o.a.j.t.JMeterThread: Thread finished: TCC order-show 1-95
2026-09-10 07:39:24,158 INFO o.a.j.t.JMeterThread: Stopping because end time detected by thread: TCC order-show 1-53
2026-09-10 07:39:24,158 INFO o.a.j.t.JMeterThread: Thread finished: TCC order-show 1-53
2026-09-10 07:39:24,169 INFO o.a.j.t.JMeterThread: Stopping because end time detected by thread: TCC order-show 1-99
2026-09-10 07:39:24,169 INFO o.a.j.t.JMeterThread: Thread finished: TCC order-show 1-99
2026-09-10 07:39:24,180 INFO o.a.j.t.JMeterThread: Stopping because end time detected by thread: TCC order-show 1-64
2026-09-10 07:39:24,180 INFO o.a.j.t.JMeterThread: Thread finished: TCC order-show 1-64
2026-09-10 07:39:24,190 INFO o.a.j.t.JMeterThread: Stopping because end time detected by thread: TCC order-show 1-37
2026-09-10 07:39:24,190 INFO o.a.j.t.JMeterThread: Thread finished: TCC order-show 1-37
2026-09-10 07:39:24,201 INFO o.a.j.t.JMeterThread: Stopping because end time detected by thread: TCC order-show 1-76
2026-09-10 07:39:24,201 INFO o.a.j.t.JMeterThread: Thread finished: TCC order-show 1-76
2026-09-10 07:39:24,212 INFO o.a.j.t.JMeterThread: Stopping because end time detected by thread: TCC order-show 1-89
2026-09-10 07:39:24,212 INFO o.a.j.t.JMeterThread: Thread finished: TCC order-show 1-89
2026-09-10 07:39:24,222 INFO o.a.j.t.JMeterThread: Stopping because end time detected by thread: TCC order-show 1-16
2026-09-10 07:39:24,222 INFO o.a.j.t.JMeterThread: Thread finished: TCC order-show 1-16
2026-09-10 07:39:24,233 INFO o.a.j.t.JMeterThread: Stopping because end time detected by thread: TCC order-show 1-96
2026-09-10 07:39:24,233 INFO o.a.j.t.JMeterThread: Thread finished: TCC order-show 1-96
2026-09-10 07:39:24,244 INFO o.a.j.t.JMeterThread: Stopping because end time detected by thread: TCC order-show 1-100
2026-09-10 07:39:24,244 INFO o.a.j.t.JMeterThread: Thread finished: TCC order-show 1-100
2026-09-10 07:39:24,254 INFO o.a.j.t.JMeterThread: Stopping because end time detected by thread: TCC order-show 1-52
2026-09-10 07:39:24,254 INFO o.a.j.t.JMeterThread: Thread finished: TCC order-show 1-52
2026-09-10 07:39:24,265 INFO o.a.j.t.JMeterThread: Stopping because end time detected by thread: TCC order-show 1-22
2026-09-10 07:39:24,265 INFO o.a.j.t.JMeterThread: Thread finished: TCC order-show 1-22
2026-09-10 07:39:24,276 INFO o.a.j.t.JMeterThread: Stopping because end time detected by thread: TCC order-show 1-23
2026-09-10 07:39:24,276 INFO o.a.j.t.JMeterThread: Thread finished: TCC order-show 1-23
2026-09-10 07:39:24,286 INFO o.a.j.t.JMeterThread: Stopping because end time detected by thread: TCC order-show 1-5
2026-09-10 07:39:24,287 INFO o.a.j.t.JMeterThread: Thread finished: TCC order-show 1-5
2026-09-10 07:39:24,297 INFO o.a.j.t.JMeterThread: Stopping because end time detected by thread: TCC order-show 1-84
2026-09-10 07:39:24,297 INFO o.a.j.t.JMeterThread: Thread finished: TCC order-show 1-84
2026-09-10 07:39:24,308 INFO o.a.j.t.JMeterThread: Stopping because end time detected by thread: TCC order-show 1-50
2026-09-10 07:39:24,308 INFO o.a.j.t.JMeterThread: Thread finished: TCC order-show 1-50
2026-09-10 07:39:24,318 INFO o.a.j.t.JMeterThread: Stopping because end time detected by thread: TCC order-show 1-38
2026-09-10 07:39:24,319 INFO o.a.j.t.JMeterThread: Thread finished: TCC order-show 1-38
2026-09-10 07:39:24,329 INFO o.a.j.t.JMeterThread: Stopping because end time detected by thread: TCC order-show 1-77
2026-09-10 07:39:24,329 INFO o.a.j.t.JMeterThread: Thread finished: TCC order-show 1-77
2026-09-10 07:39:24,340 INFO o.a.j.t.JMeterThread: Stopping because end time detected by thread: TCC order-show 1-21
2026-09-10 07:39:24,340 INFO o.a.j.t.JMeterThread: Thread finished: TCC order-show 1-21
2026-09-10 07:39:24,351 INFO o.a.j.t.JMeterThread: Stopping because end time detected by thread: TCC order-show 1-71
2026-09-10 07:39:24,351 INFO o.a.j.t.JMeterThread: Thread finished: TCC order-show 1-71
2026-09-10 07:39:24,362 INFO o.a.j.t.JMeterThread: Stopping because end time detected by thread: TCC order-show 1-51
2026-09-10 07:39:24,362 INFO o.a.j.t.JMeterThread: Thread finished: TCC order-show 1-51
2026-09-10 07:39:24,372 INFO o.a.j.t.JMeterThread: Stopping because end time detected by thread: TCC order-show 1-78
2026-09-10 07:39:24,373 INFO o.a.j.t.JMeterThread: Thread finished: TCC order-show 1-78
2026-09-10 07:39:24,383 INFO o.a.j.t.JMeterThread: Stopping because end time detected by thread: TCC order-show 1-10
2026-09-10 07:39:24,383 INFO o.a.j.t.JMeterThread: Thread finished: TCC order-show 1-10
2026-09-10 07:39:24,394 INFO o.a.j.t.JMeterThread: Stopping because end time detected by thread: TCC order-show 1-8
2026-09-10 07:39:24,394 INFO o.a.j.t.JMeterThread: Thread finished: TCC order-show 1-8
2026-09-10 07:39:24,405 INFO o.a.j.t.JMeterThread: Stopping because end time detected by thread: TCC order-show 1-74
2026-09-10 07:39:24,405 INFO o.a.j.t.JMeterThread: Thread finished: TCC order-show 1-74
2026-09-10 07:39:24,416 INFO o.a.j.t.JMeterThread: Stopping because end time detected by thread: TCC order-show 1-57
2026-09-10 07:39:24,416 INFO o.a.j.t.JMeterThread: Thread finished: TCC order-show 1-57
2026-09-10 07:39:24,426 INFO o.a.j.t.JMeterThread: Stopping because end time detected by thread: TCC order-show 1-30
2026-09-10 07:39:24,426 INFO o.a.j.t.JMeterThread: Thread finished: TCC order-show 1-30
2026-09-10 07:39:24,437 INFO o.a.j.t.JMeterThread: Stopping because end time detected by thread: TCC order-show 1-4
2026-09-10 07:39:24,437 INFO o.a.j.t.JMeterThread: Thread finished: TCC order-show 1-4
2026-09-10 07:39:24,447 INFO o.a.j.t.JMeterThread: Stopping because end time detected by thread: TCC order-show 1-81
2026-09-10 07:39:24,447 INFO o.a.j.t.JMeterThread: Thread finished: TCC order-show 1-81
2026-09-10 07:39:24,458 INFO o.a.j.t.JMeterThread: Stopping because end time detected by thread: TCC order-show 1-59
2026-09-10 07:39:24,458 INFO o.a.j.t.JMeterThread: Thread finished: TCC order-show 1-59
2026-09-10 07:39:24,469 INFO o.a.j.t.JMeterThread: Stopping because end time detected by thread: TCC order-show 1-73
2026-09-10 07:39:24,469 INFO o.a.j.t.JMeterThread: Thread finished: TCC order-show 1-73
2026-09-10 07:39:24,480 INFO o.a.j.t.JMeterThread: Stopping because end time detected by thread: TCC order-show 1-18
2026-09-10 07:39:24,480 INFO o.a.j.t.JMeterThread: Thread finished: TCC order-show 1-18
2026-09-10 07:39:24,490 INFO o.a.j.t.JMeterThread: Stopping because end time detected by thread: TCC order-show 1-25
2026-09-10 07:39:24,490 INFO o.a.j.t.JMeterThread: Thread finished: TCC order-show 1-25
2026-09-10 07:39:24,500 INFO o.a.j.t.JMeterThread: Stopping because end time detected by thread: TCC order-show 1-47
2026-09-10 07:39:24,500 INFO o.a.j.t.JMeterThread: Thread finished: TCC order-show 1-47
2026-09-10 07:39:24,511 INFO o.a.j.t.JMeterThread: Stopping because end time detected by thread: TCC order-show 1-26
2026-09-10 07:39:24,511 INFO o.a.j.t.JMeterThread: Thread finished: TCC order-show 1-26
2026-09-10 07:39:24,521 INFO o.a.j.t.JMeterThread: Stopping because end time detected by thread: TCC order-show 1-48
2026-09-10 07:39:24,521 INFO o.a.j.t.JMeterThread: Thread finished: TCC order-show 1-48
2026-09-10 07:39:24,532 INFO o.a.j.t.JMeterThread: Stopping because end time detected by thread: TCC order-show 1-65
2026-09-10 07:39:24,532 INFO o.a.j.t.JMeterThread: Thread finished: TCC order-show 1-65
2026-09-10 07:39:24,542 INFO o.a.j.t.JMeterThread: Stopping because end time detected by thread: TCC order-show 1-31
2026-09-10 07:39:24,543 INFO o.a.j.t.JMeterThread: Thread finished: TCC order-show 1-31
2026-09-10 07:39:24,553 INFO o.a.j.t.JMeterThread: Stopping because end time detected by thread: TCC order-show 1-75
2026-09-10 07:39:24,553 INFO o.a.j.t.JMeterThread: Thread finished: TCC order-show 1-75
2026-09-10 07:39:24,563 INFO o.a.j.t.JMeterThread: Stopping because end time detected by thread: TCC order-show 1-13
2026-09-10 07:39:24,563 INFO o.a.j.t.JMeterThread: Thread finished: TCC order-show 1-13
2026-09-10 07:39:24,575 INFO o.a.j.t.JMeterThread: Stopping because end time detected by thread: TCC order-show 1-33
2026-09-10 07:39:24,575 INFO o.a.j.t.JMeterThread: Thread finished: TCC order-show 1-33
2026-09-10 07:39:24,585 INFO o.a.j.t.JMeterThread: Stopping because end time detected by thread: TCC order-show 1-60
2026-09-10 07:39:24,586 INFO o.a.j.t.JMeterThread: Thread finished: TCC order-show 1-60
2026-09-10 07:39:24,597 INFO o.a.j.t.JMeterThread: Stopping because end time detected by thread: TCC order-show 1-14
2026-09-10 07:39:24,597 INFO o.a.j.t.JMeterThread: Thread finished: TCC order-show 1-14
2026-09-10 07:39:24,607 INFO o.a.j.t.JMeterThread: Stopping because end time detected by thread: TCC order-show 1-49
2026-09-10 07:39:24,607 INFO o.a.j.t.JMeterThread: Thread finished: TCC order-show 1-49
2026-09-10 07:39:24,618 INFO o.a.j.t.JMeterThread: Stopping because end time detected by thread: TCC order-show 1-69
2026-09-10 07:39:24,618 INFO o.a.j.t.JMeterThread: Thread finished: TCC order-show 1-69
2026-09-10 07:39:24,629 INFO o.a.j.t.JMeterThread: Stopping because end time detected by thread: TCC order-show 1-11
2026-09-10 07:39:24,629 INFO o.a.j.t.JMeterThread: Thread finished: TCC order-show 1-11
2026-09-10 07:39:24,639 INFO o.a.j.t.JMeterThread: Stopping because end time detected by thread: TCC order-show 1-35
2026-09-10 07:39:24,639 INFO o.a.j.t.JMeterThread: Thread finished: TCC order-show 1-35
2026-09-10 07:39:24,650 INFO o.a.j.t.JMeterThread: Stopping because end time detected by thread: TCC order-show 1-15
2026-09-10 07:39:24,650 INFO o.a.j.t.JMeterThread: Thread finished: TCC order-show 1-15
2026-09-10 07:39:24,660 INFO o.a.j.t.JMeterThread: Stopping because end time detected by thread: TCC order-show 1-56
2026-09-10 07:39:24,661 INFO o.a.j.t.JMeterThread: Thread finished: TCC order-show 1-56
2026-09-10 07:39:24,671 INFO o.a.j.t.JMeterThread: Stopping because end time detected by thread: TCC order-show 1-34
2026-09-10 07:39:24,671 INFO o.a.j.t.JMeterThread: Thread finished: TCC order-show 1-34
2026-09-10 07:39:24,682 INFO o.a.j.t.JMeterThread: Stopping because end time detected by thread: TCC order-show 1-63
2026-09-10 07:39:24,682 INFO o.a.j.t.JMeterThread: Thread finished: TCC order-show 1-63
2026-09-10 07:39:24,693 INFO o.a.j.t.JMeterThread: Stopping because end time detected by thread: TCC order-show 1-41
2026-09-10 07:39:24,693 INFO o.a.j.t.JMeterThread: Thread finished: TCC order-show 1-41
2026-09-10 07:39:24,703 INFO o.a.j.t.JMeterThread: Stopping because end time detected by thread: TCC order-show 1-39
2026-09-10 07:39:24,703 INFO o.a.j.t.JMeterThread: Thread finished: TCC order-show 1-39
2026-09-10 07:39:24,714 INFO o.a.j.t.JMeterThread: Stopping because end time detected by thread: TCC order-show 1-2
2026-09-10 07:39:24,714 INFO o.a.j.t.JMeterThread: Thread finished: TCC order-show 1-2
2026-09-10 07:39:24,725 INFO o.a.j.t.JMeterThread: Stopping because end time detected by thread: TCC order-show 1-44
2026-09-10 07:39:24,725 INFO o.a.j.t.JMeterThread: Thread finished: TCC order-show 1-44
2026-09-10 07:39:24,735 INFO o.a.j.t.JMeterThread: Stopping because end time detected by thread: TCC order-show 1-28
2026-09-10 07:39:24,736 INFO o.a.j.t.JMeterThread: Thread finished: TCC order-show 1-28
2026-09-10 07:39:24,746 INFO o.a.j.t.JMeterThread: Stopping because end time detected by thread: TCC order-show 1-97
2026-09-10 07:39:24,746 INFO o.a.j.t.JMeterThread: Thread finished: TCC order-show 1-97
2026-09-10 07:39:24,746 INFO o.a.j.e.StandardJMeterEngine: Notifying test listeners of end of test
2026-09-10 07:39:24,750 INFO o.a.j.r.Summariser: summary +   2243 in 00:00:25 =   90.7/s Avg:  1103 Min:  1058 Max:  1179 Err:     0 (0.00%) Active: 0 Started: 100 Finished: 100
2026-09-10 07:39:24,750 INFO o.a.j.r.Summariser: summary =   2765 in 00:00:31 =   88.8/s Avg:  1090 Min:    93 Max:  1496 Err:     0 (0.00%)
