2026-09-10 02:02:26,414 INFO o.a.j.u.JMeterUtils: Setting Locale to en_EN
2026-09-10 02:02:26,431 INFO o.a.j.JMeter: Loading user properties from: /home/avituo/projects/tcc/tcc-container/.tools/apache-jmeter-5.6.3/bin/user.properties
2026-09-10 02:02:26,431 INFO o.a.j.JMeter: Loading system properties from: /home/avituo/projects/tcc/tcc-container/.tools/apache-jmeter-5.6.3/bin/system.properties
2026-09-10 02:02:26,431 INFO o.a.j.JMeter: Loading additional properties from: /home/avituo/projects/tcc/tcc-container/benchmark/jmeter/benchmark.properties
2026-09-10 02:02:26,431 INFO o.a.j.JMeter: Loading additional properties from: /tmp/tcc-benchmark-auth.mlyKMw/auth.properties
2026-09-10 02:02:26,432 INFO o.a.j.JMeter: Loading additional properties from: /home/avituo/projects/tcc/tcc-container/benchmark/results/laravel-13.20.0/final/products/c25/r5/microservices/thread-counters.properties
2026-09-10 02:02:26,432 INFO o.a.j.JMeter: Setting JMeter property: threads=25
2026-09-10 02:02:26,432 INFO o.a.j.JMeter: Setting JMeter property: duration_seconds=120
2026-09-10 02:02:26,432 INFO o.a.j.JMeter: Setting JMeter property: target_host=localhost
2026-09-10 02:02:26,432 INFO o.a.j.JMeter: Setting JMeter property: target_port=18080
2026-09-10 02:02:26,432 INFO o.a.j.JMeter: Setting JMeter property: tcc.order.id=20000000-0000-4000-8000-000000000001
2026-09-10 02:02:26,432 INFO o.a.j.JMeter: Setting JMeter property: repetition=5
2026-09-10 02:02:26,439 INFO o.a.j.JMeter: Copyright (c) 1998-2024 The Apache Software Foundation
2026-09-10 02:02:26,440 INFO o.a.j.JMeter: Version 5.6.3
2026-09-10 02:02:26,440 INFO o.a.j.JMeter: java.version=21.0.11
2026-09-10 02:02:26,440 INFO o.a.j.JMeter: java.vm.name=OpenJDK 64-Bit Server VM
2026-09-10 02:02:26,440 INFO o.a.j.JMeter: os.name=Linux
2026-09-10 02:02:26,440 INFO o.a.j.JMeter: os.arch=amd64
2026-09-10 02:02:26,440 INFO o.a.j.JMeter: os.version=7.0.11-76070011-generic
2026-09-10 02:02:26,440 INFO o.a.j.JMeter: file.encoding=UTF-8
2026-09-10 02:02:26,440 INFO o.a.j.JMeter: java.awt.headless=true
2026-09-10 02:02:26,440 INFO o.a.j.JMeter: Max memory     =1073741824
2026-09-10 02:02:26,440 INFO o.a.j.JMeter: Available Processors =16
2026-09-10 02:02:26,448 INFO o.a.j.JMeter: Default Locale=English (EN)
2026-09-10 02:02:26,449 INFO o.a.j.JMeter: JMeter  Locale=English (EN)
2026-09-10 02:02:26,449 INFO o.a.j.JMeter: JMeterHome=/home/avituo/projects/tcc/tcc-container/.tools/apache-jmeter-5.6.3
2026-09-10 02:02:26,449 INFO o.a.j.JMeter: user.dir  =/home/avituo/projects/tcc/tcc-container
2026-09-10 02:02:26,449 INFO o.a.j.JMeter: PWD       =/home/avituo/projects/tcc/tcc-container
2026-09-10 02:02:26,457 INFO o.a.j.JMeter: IP: 192.168.1.16 Name: pop-os FullName: pop-os.home
2026-09-10 02:02:26,469 INFO o.a.j.s.FileServer: Default base='/home/avituo/projects/tcc/tcc-container'
2026-09-10 02:02:26,471 INFO o.a.j.s.FileServer: Set new base='/home/avituo/projects/tcc/tcc-container/benchmark/jmeter'
2026-09-10 02:02:26,632 INFO o.a.j.s.SaveService: Testplan (JMX) version: 2.2. Testlog (JTL) version: 2.2
2026-09-10 02:02:26,658 INFO o.a.j.s.SaveService: Using SaveService properties version 5.0
2026-09-10 02:02:26,661 INFO o.a.j.s.SaveService: Using SaveService properties file encoding UTF-8
2026-09-10 02:02:26,665 INFO o.a.j.s.SaveService: Loading file: /home/avituo/projects/tcc/tcc-container/benchmark/jmeter/tcc-products-v1.jmx
2026-09-10 02:02:26,716 INFO o.a.j.p.h.s.HTTPSamplerBase: Parser for text/html is org.apache.jmeter.protocol.http.parser.LagartoBasedHtmlParser
2026-09-10 02:02:26,716 INFO o.a.j.p.h.s.HTTPSamplerBase: Parser for application/xhtml+xml is org.apache.jmeter.protocol.http.parser.LagartoBasedHtmlParser
2026-09-10 02:02:26,716 INFO o.a.j.p.h.s.HTTPSamplerBase: Parser for application/xml is org.apache.jmeter.protocol.http.parser.LagartoBasedHtmlParser
2026-09-10 02:02:26,716 INFO o.a.j.p.h.s.HTTPSamplerBase: Parser for text/xml is org.apache.jmeter.protocol.http.parser.LagartoBasedHtmlParser
2026-09-10 02:02:26,716 INFO o.a.j.p.h.s.HTTPSamplerBase: Parser for text/vnd.wap.wml is org.apache.jmeter.protocol.http.parser.RegexpHTMLParser
2026-09-10 02:02:26,716 INFO o.a.j.p.h.s.HTTPSamplerBase: Parser for text/css is org.apache.jmeter.protocol.http.parser.CssParser
2026-09-10 02:02:26,745 INFO o.a.j.JMeter: Creating summariser <summary>
2026-09-10 02:02:26,767 INFO o.a.j.e.StandardJMeterEngine: Running the test!
2026-09-10 02:02:26,767 INFO o.a.j.s.SampleEvent: List of sample_variables: []
2026-09-10 02:02:26,767 INFO o.a.j.s.SampleEvent: List of sample_variables: []
2026-09-10 02:02:26,772 INFO o.a.j.e.u.CompoundVariable: Note: Function class names must contain the string: '.functions.'
2026-09-10 02:02:26,772 INFO o.a.j.e.u.CompoundVariable: Note: Function class names must not contain the string: '.gui.'
2026-09-10 02:02:27,009 INFO o.a.j.JMeter: Running test (1789016547009)
2026-09-10 02:02:27,030 INFO o.a.j.e.StandardJMeterEngine: Starting ThreadGroup: 1 : TCC products
2026-09-10 02:02:27,031 INFO o.a.j.e.StandardJMeterEngine: Starting 25 threads for group TCC products.
2026-09-10 02:02:27,031 INFO o.a.j.e.StandardJMeterEngine: Thread will continue on error
2026-09-10 02:02:27,031 INFO o.a.j.t.ThreadGroup: Starting thread group... number=1 threads=25 ramp-up=0 delayedStart=false
2026-09-10 02:02:27,038 INFO o.a.j.t.JMeterThread: Thread started: TCC products 1-2
2026-09-10 02:02:27,038 INFO o.a.j.t.JMeterThread: Thread started: TCC products 1-5
2026-09-10 02:02:27,038 INFO o.a.j.t.JMeterThread: Thread started: TCC products 1-1
2026-09-10 02:02:27,038 INFO o.a.j.t.JMeterThread: Thread started: TCC products 1-4
2026-09-10 02:02:27,038 INFO o.a.j.t.JMeterThread: Thread started: TCC products 1-7
2026-09-10 02:02:27,038 INFO o.a.j.t.JMeterThread: Thread started: TCC products 1-3
2026-09-10 02:02:27,038 INFO o.a.j.t.JMeterThread: Thread started: TCC products 1-6
2026-09-10 02:02:27,039 INFO o.a.j.t.JMeterThread: Thread started: TCC products 1-8
2026-09-10 02:02:27,040 INFO o.a.j.t.JMeterThread: Thread started: TCC products 1-9
2026-09-10 02:02:27,041 INFO o.a.j.t.JMeterThread: Thread started: TCC products 1-10
2026-09-10 02:02:27,041 INFO o.a.j.t.JMeterThread: Thread started: TCC products 1-11
2026-09-10 02:02:27,042 INFO o.a.j.t.JMeterThread: Thread started: TCC products 1-12
2026-09-10 02:02:27,043 INFO o.a.j.t.JMeterThread: Thread started: TCC products 1-13
2026-09-10 02:02:27,044 INFO o.a.j.t.JMeterThread: Thread started: TCC products 1-14
2026-09-10 02:02:27,044 INFO o.a.j.t.JMeterThread: Thread started: TCC products 1-15
2026-09-10 02:02:27,046 INFO o.a.j.t.JMeterThread: Thread started: TCC products 1-16
2026-09-10 02:02:27,046 INFO o.a.j.t.JMeterThread: Thread started: TCC products 1-17
2026-09-10 02:02:27,047 INFO o.a.j.t.JMeterThread: Thread started: TCC products 1-18
2026-09-10 02:02:27,047 INFO o.a.j.t.JMeterThread: Thread started: TCC products 1-19
2026-09-10 02:02:27,048 INFO o.a.j.t.JMeterThread: Thread started: TCC products 1-20
2026-09-10 02:02:27,049 INFO o.a.j.t.JMeterThread: Thread started: TCC products 1-21
2026-09-10 02:02:27,049 INFO o.a.j.t.JMeterThread: Thread started: TCC products 1-22
2026-09-10 02:02:27,050 INFO o.a.j.t.JMeterThread: Thread started: TCC products 1-23
2026-09-10 02:02:27,051 INFO o.a.j.t.JMeterThread: Thread started: TCC products 1-24
2026-09-10 02:02:27,051 INFO o.a.j.t.ThreadGroup: Started thread group number 1
2026-09-10 02:02:27,051 INFO o.a.j.e.StandardJMeterEngine: All thread groups have been started
2026-09-10 02:02:27,051 INFO o.a.j.t.JMeterThread: Thread started: TCC products 1-25
2026-09-10 02:02:27,058 INFO o.a.j.p.h.s.HTTPHCAbstractImpl: Local host = pop-os
2026-09-10 02:02:27,063 INFO o.a.j.p.h.s.HTTPHC4Impl: HTTP request retry count = 0
2026-09-10 02:02:27,064 INFO o.a.j.s.SampleResult: Note: Sample TimeStamps are START times
2026-09-10 02:02:27,065 INFO o.a.j.s.SampleResult: sampleresult.default.encoding is set to UTF-8
2026-09-10 02:02:27,065 INFO o.a.j.s.SampleResult: sampleresult.useNanoTime=true
2026-09-10 02:02:27,065 INFO o.a.j.s.SampleResult: sampleresult.nanoThreadSleep=5000
2026-09-10 02:02:30,008 INFO o.a.j.r.Summariser: summary +    261 in 00:00:03 =   87.1/s Avg:   195 Min:    22 Max:   334 Err:     0 (0.00%) Active: 25 Started: 25 Finished: 0
2026-09-10 02:03:00,007 INFO o.a.j.r.Summariser: summary +   3873 in 00:00:30 =  129.1/s Avg:   192 Min:   182 Max:   260 Err:     0 (0.00%) Active: 25 Started: 25 Finished: 0
2026-09-10 02:03:00,007 INFO o.a.j.r.Summariser: summary =   4134 in 00:00:33 =  125.3/s Avg:   193 Min:    22 Max:   334 Err:     0 (0.00%)
2026-09-10 02:03:30,006 INFO o.a.j.r.Summariser: summary +   3882 in 00:00:30 =  129.4/s Avg:   192 Min:   179 Max:   219 Err:     0 (0.00%) Active: 25 Started: 25 Finished: 0
2026-09-10 02:03:30,007 INFO o.a.j.r.Summariser: summary =   8016 in 00:01:03 =  127.2/s Avg:   192 Min:    22 Max:   334 Err:     0 (0.00%)
2026-09-10 02:04:00,005 INFO o.a.j.r.Summariser: summary +   3932 in 00:00:30 =  131.1/s Avg:   190 Min:   178 Max:   212 Err:     0 (0.00%) Active: 25 Started: 25 Finished: 0
2026-09-10 02:04:00,005 INFO o.a.j.r.Summariser: summary =  11948 in 00:01:33 =  128.5/s Avg:   192 Min:    22 Max:   334 Err:     0 (0.00%)
2026-09-10 02:04:27,050 INFO o.a.j.t.JMeterThread: Stopping because end time detected by thread: TCC products 1-13
2026-09-10 02:04:27,050 INFO o.a.j.t.JMeterThread: Thread finished: TCC products 1-13
2026-09-10 02:04:27,058 INFO o.a.j.t.JMeterThread: Stopping because end time detected by thread: TCC products 1-14
2026-09-10 02:04:27,059 INFO o.a.j.t.JMeterThread: Thread finished: TCC products 1-14
2026-09-10 02:04:27,067 INFO o.a.j.t.JMeterThread: Stopping because end time detected by thread: TCC products 1-5
2026-09-10 02:04:27,067 INFO o.a.j.t.JMeterThread: Thread finished: TCC products 1-5
2026-09-10 02:04:27,076 INFO o.a.j.t.JMeterThread: Stopping because end time detected by thread: TCC products 1-16
2026-09-10 02:04:27,076 INFO o.a.j.t.JMeterThread: Thread finished: TCC products 1-16
2026-09-10 02:04:27,083 INFO o.a.j.t.JMeterThread: Stopping because end time detected by thread: TCC products 1-1
2026-09-10 02:04:27,083 INFO o.a.j.t.JMeterThread: Thread finished: TCC products 1-1
2026-09-10 02:04:27,091 INFO o.a.j.t.JMeterThread: Stopping because end time detected by thread: TCC products 1-11
2026-09-10 02:04:27,091 INFO o.a.j.t.JMeterThread: Thread finished: TCC products 1-11
2026-09-10 02:04:27,099 INFO o.a.j.t.JMeterThread: Stopping because end time detected by thread: TCC products 1-24
2026-09-10 02:04:27,099 INFO o.a.j.t.JMeterThread: Thread finished: TCC products 1-24
2026-09-10 02:04:27,106 INFO o.a.j.t.JMeterThread: Stopping because end time detected by thread: TCC products 1-20
2026-09-10 02:04:27,106 INFO o.a.j.t.JMeterThread: Thread finished: TCC products 1-20
2026-09-10 02:04:27,114 INFO o.a.j.t.JMeterThread: Stopping because end time detected by thread: TCC products 1-25
2026-09-10 02:04:27,114 INFO o.a.j.t.JMeterThread: Thread finished: TCC products 1-25
2026-09-10 02:04:27,121 INFO o.a.j.t.JMeterThread: Stopping because end time detected by thread: TCC products 1-8
2026-09-10 02:04:27,121 INFO o.a.j.t.JMeterThread: Thread finished: TCC products 1-8
2026-09-10 02:04:27,129 INFO o.a.j.t.JMeterThread: Stopping because end time detected by thread: TCC products 1-10
2026-09-10 02:04:27,129 INFO o.a.j.t.JMeterThread: Thread finished: TCC products 1-10
2026-09-10 02:04:27,136 INFO o.a.j.t.JMeterThread: Stopping because end time detected by thread: TCC products 1-4
2026-09-10 02:04:27,136 INFO o.a.j.t.JMeterThread: Thread finished: TCC products 1-4
2026-09-10 02:04:27,144 INFO o.a.j.t.JMeterThread: Stopping because end time detected by thread: TCC products 1-2
2026-09-10 02:04:27,144 INFO o.a.j.t.JMeterThread: Thread finished: TCC products 1-2
2026-09-10 02:04:27,152 INFO o.a.j.t.JMeterThread: Stopping because end time detected by thread: TCC products 1-18
2026-09-10 02:04:27,152 INFO o.a.j.t.JMeterThread: Thread finished: TCC products 1-18
2026-09-10 02:04:27,159 INFO o.a.j.t.JMeterThread: Stopping because end time detected by thread: TCC products 1-6
2026-09-10 02:04:27,160 INFO o.a.j.t.JMeterThread: Thread finished: TCC products 1-6
2026-09-10 02:04:27,167 INFO o.a.j.t.JMeterThread: Stopping because end time detected by thread: TCC products 1-17
2026-09-10 02:04:27,168 INFO o.a.j.t.JMeterThread: Thread finished: TCC products 1-17
2026-09-10 02:04:27,175 INFO o.a.j.t.JMeterThread: Stopping because end time detected by thread: TCC products 1-23
2026-09-10 02:04:27,175 INFO o.a.j.t.JMeterThread: Thread finished: TCC products 1-23
2026-09-10 02:04:27,182 INFO o.a.j.t.JMeterThread: Stopping because end time detected by thread: TCC products 1-12
2026-09-10 02:04:27,182 INFO o.a.j.t.JMeterThread: Thread finished: TCC products 1-12
2026-09-10 02:04:27,189 INFO o.a.j.t.JMeterThread: Stopping because end time detected by thread: TCC products 1-9
2026-09-10 02:04:27,190 INFO o.a.j.t.JMeterThread: Thread finished: TCC products 1-9
2026-09-10 02:04:27,198 INFO o.a.j.t.JMeterThread: Stopping because end time detected by thread: TCC products 1-3
2026-09-10 02:04:27,198 INFO o.a.j.t.JMeterThread: Thread finished: TCC products 1-3
2026-09-10 02:04:27,205 INFO o.a.j.t.JMeterThread: Stopping because end time detected by thread: TCC products 1-22
2026-09-10 02:04:27,205 INFO o.a.j.t.JMeterThread: Thread finished: TCC products 1-22
2026-09-10 02:04:27,212 INFO o.a.j.t.JMeterThread: Stopping because end time detected by thread: TCC products 1-7
2026-09-10 02:04:27,213 INFO o.a.j.t.JMeterThread: Thread finished: TCC products 1-7
2026-09-10 02:04:27,220 INFO o.a.j.t.JMeterThread: Stopping because end time detected by thread: TCC products 1-19
2026-09-10 02:04:27,220 INFO o.a.j.t.JMeterThread: Thread finished: TCC products 1-19
2026-09-10 02:04:27,228 INFO o.a.j.t.JMeterThread: Stopping because end time detected by thread: TCC products 1-21
2026-09-10 02:04:27,229 INFO o.a.j.t.JMeterThread: Thread finished: TCC products 1-21
2026-09-10 02:04:27,236 INFO o.a.j.t.JMeterThread: Stopping because end time detected by thread: TCC products 1-15
2026-09-10 02:04:27,236 INFO o.a.j.t.JMeterThread: Thread finished: TCC products 1-15
2026-09-10 02:04:27,237 INFO o.a.j.e.StandardJMeterEngine: Notifying test listeners of end of test
2026-09-10 02:04:27,239 INFO o.a.j.r.Summariser: summary +   3542 in 00:00:27 =  130.1/s Avg:   191 Min:   179 Max:   233 Err:     0 (0.00%) Active: 0 Started: 25 Finished: 25
2026-09-10 02:04:27,239 INFO o.a.j.r.Summariser: summary =  15490 in 00:02:00 =  128.8/s Avg:   192 Min:    22 Max:   334 Err:     0 (0.00%)
