2026-09-10 10:26:15,347 INFO o.a.j.u.JMeterUtils: Setting Locale to en_EN
2026-09-10 10:26:15,368 INFO o.a.j.JMeter: Loading user properties from: /home/avituo/projects/tcc/tcc-container/.tools/apache-jmeter-5.6.3/bin/user.properties
2026-09-10 10:26:15,369 INFO o.a.j.JMeter: Loading system properties from: /home/avituo/projects/tcc/tcc-container/.tools/apache-jmeter-5.6.3/bin/system.properties
2026-09-10 10:26:15,369 INFO o.a.j.JMeter: Loading additional properties from: /home/avituo/projects/tcc/tcc-container/benchmark/jmeter/benchmark.properties
2026-09-10 10:26:15,369 INFO o.a.j.JMeter: Loading additional properties from: /tmp/tcc-benchmark-auth.TV1Woi/auth.properties
2026-09-10 10:26:15,369 INFO o.a.j.JMeter: Loading additional properties from: /home/avituo/projects/tcc/tcc-container/benchmark/results/laravel-13.20.0/final/order-create/c100/r5/microservices/thread-counters.properties
2026-09-10 10:26:15,370 INFO o.a.j.JMeter: Setting JMeter property: threads=100
2026-09-10 10:26:15,370 INFO o.a.j.JMeter: Setting JMeter property: duration_seconds=120
2026-09-10 10:26:15,370 INFO o.a.j.JMeter: Setting JMeter property: target_host=localhost
2026-09-10 10:26:15,370 INFO o.a.j.JMeter: Setting JMeter property: target_port=18080
2026-09-10 10:26:15,370 INFO o.a.j.JMeter: Setting JMeter property: tcc.order.id=20000000-0000-4000-8000-000000000001
2026-09-10 10:26:15,370 INFO o.a.j.JMeter: Setting JMeter property: repetition=5
2026-09-10 10:26:15,382 INFO o.a.j.JMeter: Copyright (c) 1998-2024 The Apache Software Foundation
2026-09-10 10:26:15,382 INFO o.a.j.JMeter: Version 5.6.3
2026-09-10 10:26:15,382 INFO o.a.j.JMeter: java.version=21.0.11
2026-09-10 10:26:15,382 INFO o.a.j.JMeter: java.vm.name=OpenJDK 64-Bit Server VM
2026-09-10 10:26:15,382 INFO o.a.j.JMeter: os.name=Linux
2026-09-10 10:26:15,382 INFO o.a.j.JMeter: os.arch=amd64
2026-09-10 10:26:15,382 INFO o.a.j.JMeter: os.version=7.0.11-76070011-generic
2026-09-10 10:26:15,382 INFO o.a.j.JMeter: file.encoding=UTF-8
2026-09-10 10:26:15,383 INFO o.a.j.JMeter: java.awt.headless=true
2026-09-10 10:26:15,383 INFO o.a.j.JMeter: Max memory     =1073741824
2026-09-10 10:26:15,383 INFO o.a.j.JMeter: Available Processors =16
2026-09-10 10:26:15,392 INFO o.a.j.JMeter: Default Locale=English (EN)
2026-09-10 10:26:15,393 INFO o.a.j.JMeter: JMeter  Locale=English (EN)
2026-09-10 10:26:15,393 INFO o.a.j.JMeter: JMeterHome=/home/avituo/projects/tcc/tcc-container/.tools/apache-jmeter-5.6.3
2026-09-10 10:26:15,393 INFO o.a.j.JMeter: user.dir  =/home/avituo/projects/tcc/tcc-container
2026-09-10 10:26:15,393 INFO o.a.j.JMeter: PWD       =/home/avituo/projects/tcc/tcc-container
2026-09-10 10:26:15,411 INFO o.a.j.JMeter: IP: 192.168.1.16 Name: pop-os FullName: pop-os.home
2026-09-10 10:26:15,427 INFO o.a.j.s.FileServer: Default base='/home/avituo/projects/tcc/tcc-container'
2026-09-10 10:26:15,429 INFO o.a.j.s.FileServer: Set new base='/home/avituo/projects/tcc/tcc-container/benchmark/jmeter'
2026-09-10 10:26:15,605 INFO o.a.j.s.SaveService: Testplan (JMX) version: 2.2. Testlog (JTL) version: 2.2
2026-09-10 10:26:15,630 INFO o.a.j.s.SaveService: Using SaveService properties version 5.0
2026-09-10 10:26:15,633 INFO o.a.j.s.SaveService: Using SaveService properties file encoding UTF-8
2026-09-10 10:26:15,637 INFO o.a.j.s.SaveService: Loading file: /home/avituo/projects/tcc/tcc-container/benchmark/jmeter/tcc-order-create-v1.jmx
2026-09-10 10:26:15,688 INFO o.a.j.p.h.s.HTTPSamplerBase: Parser for text/html is org.apache.jmeter.protocol.http.parser.LagartoBasedHtmlParser
2026-09-10 10:26:15,688 INFO o.a.j.p.h.s.HTTPSamplerBase: Parser for application/xhtml+xml is org.apache.jmeter.protocol.http.parser.LagartoBasedHtmlParser
2026-09-10 10:26:15,688 INFO o.a.j.p.h.s.HTTPSamplerBase: Parser for application/xml is org.apache.jmeter.protocol.http.parser.LagartoBasedHtmlParser
2026-09-10 10:26:15,688 INFO o.a.j.p.h.s.HTTPSamplerBase: Parser for text/xml is org.apache.jmeter.protocol.http.parser.LagartoBasedHtmlParser
2026-09-10 10:26:15,688 INFO o.a.j.p.h.s.HTTPSamplerBase: Parser for text/vnd.wap.wml is org.apache.jmeter.protocol.http.parser.RegexpHTMLParser
2026-09-10 10:26:15,688 INFO o.a.j.p.h.s.HTTPSamplerBase: Parser for text/css is org.apache.jmeter.protocol.http.parser.CssParser
2026-09-10 10:26:15,721 INFO o.a.j.JMeter: Creating summariser <summary>
2026-09-10 10:26:15,738 INFO o.a.j.e.StandardJMeterEngine: Running the test!
2026-09-10 10:26:15,738 INFO o.a.j.s.SampleEvent: List of sample_variables: []
2026-09-10 10:26:15,739 INFO o.a.j.s.SampleEvent: List of sample_variables: []
2026-09-10 10:26:15,745 INFO o.a.j.e.u.CompoundVariable: Note: Function class names must contain the string: '.functions.'
2026-09-10 10:26:15,745 INFO o.a.j.e.u.CompoundVariable: Note: Function class names must not contain the string: '.gui.'
2026-09-10 10:26:15,972 INFO o.a.j.JMeter: Running test (1789046775972)
2026-09-10 10:26:15,994 INFO o.a.j.e.StandardJMeterEngine: Starting ThreadGroup: 1 : TCC order-create
2026-09-10 10:26:15,994 INFO o.a.j.e.StandardJMeterEngine: Starting 100 threads for group TCC order-create.
2026-09-10 10:26:15,994 INFO o.a.j.e.StandardJMeterEngine: Thread will continue on error
2026-09-10 10:26:15,994 INFO o.a.j.t.ThreadGroup: Starting thread group... number=1 threads=100 ramp-up=0 delayedStart=false
2026-09-10 10:26:16,001 INFO o.a.j.t.JMeterThread: Thread started: TCC order-create 1-1
2026-09-10 10:26:16,001 INFO o.a.j.t.JMeterThread: Thread started: TCC order-create 1-3
2026-09-10 10:26:16,001 INFO o.a.j.t.JMeterThread: Thread started: TCC order-create 1-2
2026-09-10 10:26:16,002 INFO o.a.j.t.JMeterThread: Thread started: TCC order-create 1-4
2026-09-10 10:26:16,001 INFO o.a.j.t.JMeterThread: Thread started: TCC order-create 1-5
2026-09-10 10:26:16,002 INFO o.a.j.t.JMeterThread: Thread started: TCC order-create 1-6
2026-09-10 10:26:16,003 INFO o.a.j.t.JMeterThread: Thread started: TCC order-create 1-7
2026-09-10 10:26:16,003 INFO o.a.j.t.JMeterThread: Thread started: TCC order-create 1-8
2026-09-10 10:26:16,004 INFO o.a.j.t.JMeterThread: Thread started: TCC order-create 1-9
2026-09-10 10:26:16,005 INFO o.a.j.t.JMeterThread: Thread started: TCC order-create 1-10
2026-09-10 10:26:16,006 INFO o.a.j.t.JMeterThread: Thread started: TCC order-create 1-11
2026-09-10 10:26:16,007 INFO o.a.j.t.JMeterThread: Thread started: TCC order-create 1-12
2026-09-10 10:26:16,007 INFO o.a.j.t.JMeterThread: Thread started: TCC order-create 1-13
2026-09-10 10:26:16,008 INFO o.a.j.t.JMeterThread: Thread started: TCC order-create 1-14
2026-09-10 10:26:16,009 INFO o.a.j.t.JMeterThread: Thread started: TCC order-create 1-15
2026-09-10 10:26:16,010 INFO o.a.j.t.JMeterThread: Thread started: TCC order-create 1-16
2026-09-10 10:26:16,011 INFO o.a.j.t.JMeterThread: Thread started: TCC order-create 1-17
2026-09-10 10:26:16,012 INFO o.a.j.t.JMeterThread: Thread started: TCC order-create 1-18
2026-09-10 10:26:16,013 INFO o.a.j.t.JMeterThread: Thread started: TCC order-create 1-19
2026-09-10 10:26:16,013 INFO o.a.j.t.JMeterThread: Thread started: TCC order-create 1-20
2026-09-10 10:26:16,014 INFO o.a.j.t.JMeterThread: Thread started: TCC order-create 1-21
2026-09-10 10:26:16,015 INFO o.a.j.t.JMeterThread: Thread started: TCC order-create 1-22
2026-09-10 10:26:16,015 INFO o.a.j.t.JMeterThread: Thread started: TCC order-create 1-23
2026-09-10 10:26:16,016 INFO o.a.j.t.JMeterThread: Thread started: TCC order-create 1-24
2026-09-10 10:26:16,017 INFO o.a.j.t.JMeterThread: Thread started: TCC order-create 1-25
2026-09-10 10:26:16,017 INFO o.a.j.t.JMeterThread: Thread started: TCC order-create 1-26
2026-09-10 10:26:16,017 INFO o.a.j.t.JMeterThread: Thread started: TCC order-create 1-27
2026-09-10 10:26:16,018 INFO o.a.j.t.JMeterThread: Thread started: TCC order-create 1-28
2026-09-10 10:26:16,018 INFO o.a.j.t.JMeterThread: Thread started: TCC order-create 1-29
2026-09-10 10:26:16,018 INFO o.a.j.t.JMeterThread: Thread started: TCC order-create 1-30
2026-09-10 10:26:16,019 INFO o.a.j.t.JMeterThread: Thread started: TCC order-create 1-31
2026-09-10 10:26:16,020 INFO o.a.j.t.JMeterThread: Thread started: TCC order-create 1-32
2026-09-10 10:26:16,020 INFO o.a.j.t.JMeterThread: Thread started: TCC order-create 1-33
2026-09-10 10:26:16,021 INFO o.a.j.t.JMeterThread: Thread started: TCC order-create 1-34
2026-09-10 10:26:16,021 INFO o.a.j.t.JMeterThread: Thread started: TCC order-create 1-35
2026-09-10 10:26:16,022 INFO o.a.j.t.JMeterThread: Thread started: TCC order-create 1-36
2026-09-10 10:26:16,022 INFO o.a.j.t.JMeterThread: Thread started: TCC order-create 1-37
2026-09-10 10:26:16,023 INFO o.a.j.t.JMeterThread: Thread started: TCC order-create 1-38
2026-09-10 10:26:16,024 INFO o.a.j.t.JMeterThread: Thread started: TCC order-create 1-39
2026-09-10 10:26:16,025 INFO o.a.j.t.JMeterThread: Thread started: TCC order-create 1-40
2026-09-10 10:26:16,026 INFO o.a.j.t.JMeterThread: Thread started: TCC order-create 1-41
2026-09-10 10:26:16,027 INFO o.a.j.t.JMeterThread: Thread started: TCC order-create 1-42
2026-09-10 10:26:16,028 INFO o.a.j.t.JMeterThread: Thread started: TCC order-create 1-43
2026-09-10 10:26:16,029 INFO o.a.j.t.JMeterThread: Thread started: TCC order-create 1-44
2026-09-10 10:26:16,030 INFO o.a.j.t.JMeterThread: Thread started: TCC order-create 1-45
2026-09-10 10:26:16,031 INFO o.a.j.t.JMeterThread: Thread started: TCC order-create 1-46
2026-09-10 10:26:16,032 INFO o.a.j.t.JMeterThread: Thread started: TCC order-create 1-47
2026-09-10 10:26:16,033 INFO o.a.j.t.JMeterThread: Thread started: TCC order-create 1-48
2026-09-10 10:26:16,034 INFO o.a.j.t.JMeterThread: Thread started: TCC order-create 1-49
2026-09-10 10:26:16,035 INFO o.a.j.t.JMeterThread: Thread started: TCC order-create 1-50
2026-09-10 10:26:16,037 INFO o.a.j.t.JMeterThread: Thread started: TCC order-create 1-51
2026-09-10 10:26:16,038 INFO o.a.j.t.JMeterThread: Thread started: TCC order-create 1-52
2026-09-10 10:26:16,039 INFO o.a.j.t.JMeterThread: Thread started: TCC order-create 1-53
2026-09-10 10:26:16,039 INFO o.a.j.t.JMeterThread: Thread started: TCC order-create 1-54
2026-09-10 10:26:16,040 INFO o.a.j.t.JMeterThread: Thread started: TCC order-create 1-55
2026-09-10 10:26:16,041 INFO o.a.j.t.JMeterThread: Thread started: TCC order-create 1-56
2026-09-10 10:26:16,042 INFO o.a.j.t.JMeterThread: Thread started: TCC order-create 1-57
2026-09-10 10:26:16,044 INFO o.a.j.t.JMeterThread: Thread started: TCC order-create 1-59
2026-09-10 10:26:16,043 INFO o.a.j.t.JMeterThread: Thread started: TCC order-create 1-58
2026-09-10 10:26:16,044 INFO o.a.j.t.JMeterThread: Thread started: TCC order-create 1-60
2026-09-10 10:26:16,045 INFO o.a.j.t.JMeterThread: Thread started: TCC order-create 1-61
2026-09-10 10:26:16,047 INFO o.a.j.t.JMeterThread: Thread started: TCC order-create 1-62
2026-09-10 10:26:16,048 INFO o.a.j.t.JMeterThread: Thread started: TCC order-create 1-63
2026-09-10 10:26:16,049 INFO o.a.j.t.JMeterThread: Thread started: TCC order-create 1-64
2026-09-10 10:26:16,051 INFO o.a.j.t.JMeterThread: Thread started: TCC order-create 1-65
2026-09-10 10:26:16,053 INFO o.a.j.t.JMeterThread: Thread started: TCC order-create 1-66
2026-09-10 10:26:16,054 INFO o.a.j.t.JMeterThread: Thread started: TCC order-create 1-67
2026-09-10 10:26:16,055 INFO o.a.j.t.JMeterThread: Thread started: TCC order-create 1-68
2026-09-10 10:26:16,056 INFO o.a.j.t.JMeterThread: Thread started: TCC order-create 1-69
2026-09-10 10:26:16,057 INFO o.a.j.t.JMeterThread: Thread started: TCC order-create 1-70
2026-09-10 10:26:16,057 INFO o.a.j.t.JMeterThread: Thread started: TCC order-create 1-71
2026-09-10 10:26:16,058 INFO o.a.j.t.JMeterThread: Thread started: TCC order-create 1-72
2026-09-10 10:26:16,059 INFO o.a.j.t.JMeterThread: Thread started: TCC order-create 1-73
2026-09-10 10:26:16,060 INFO o.a.j.t.JMeterThread: Thread started: TCC order-create 1-74
2026-09-10 10:26:16,060 INFO o.a.j.t.JMeterThread: Thread started: TCC order-create 1-75
2026-09-10 10:26:16,062 INFO o.a.j.t.JMeterThread: Thread started: TCC order-create 1-76
2026-09-10 10:26:16,063 INFO o.a.j.t.JMeterThread: Thread started: TCC order-create 1-77
2026-09-10 10:26:16,064 INFO o.a.j.t.JMeterThread: Thread started: TCC order-create 1-78
2026-09-10 10:26:16,064 INFO o.a.j.t.JMeterThread: Thread started: TCC order-create 1-79
2026-09-10 10:26:16,065 INFO o.a.j.t.JMeterThread: Thread started: TCC order-create 1-80
2026-09-10 10:26:16,066 INFO o.a.j.t.JMeterThread: Thread started: TCC order-create 1-81
2026-09-10 10:26:16,066 INFO o.a.j.t.JMeterThread: Thread started: TCC order-create 1-82
2026-09-10 10:26:16,067 INFO o.a.j.t.JMeterThread: Thread started: TCC order-create 1-83
2026-09-10 10:26:16,068 INFO o.a.j.t.JMeterThread: Thread started: TCC order-create 1-84
2026-09-10 10:26:16,069 INFO o.a.j.t.JMeterThread: Thread started: TCC order-create 1-85
2026-09-10 10:26:16,070 INFO o.a.j.t.JMeterThread: Thread started: TCC order-create 1-86
2026-09-10 10:26:16,070 INFO o.a.j.t.JMeterThread: Thread started: TCC order-create 1-87
2026-09-10 10:26:16,071 INFO o.a.j.t.JMeterThread: Thread started: TCC order-create 1-88
2026-09-10 10:26:16,072 INFO o.a.j.t.JMeterThread: Thread started: TCC order-create 1-89
2026-09-10 10:26:16,072 INFO o.a.j.t.JMeterThread: Thread started: TCC order-create 1-90
2026-09-10 10:26:16,073 INFO o.a.j.t.JMeterThread: Thread started: TCC order-create 1-91
2026-09-10 10:26:16,073 INFO o.a.j.t.JMeterThread: Thread started: TCC order-create 1-92
2026-09-10 10:26:16,074 INFO o.a.j.t.JMeterThread: Thread started: TCC order-create 1-93
2026-09-10 10:26:16,074 INFO o.a.j.t.JMeterThread: Thread started: TCC order-create 1-94
2026-09-10 10:26:16,075 INFO o.a.j.t.JMeterThread: Thread started: TCC order-create 1-95
2026-09-10 10:26:16,075 INFO o.a.j.t.JMeterThread: Thread started: TCC order-create 1-96
2026-09-10 10:26:16,076 INFO o.a.j.t.JMeterThread: Thread started: TCC order-create 1-97
2026-09-10 10:26:16,076 INFO o.a.j.t.JMeterThread: Thread started: TCC order-create 1-98
2026-09-10 10:26:16,077 INFO o.a.j.t.JMeterThread: Thread started: TCC order-create 1-99
2026-09-10 10:26:16,077 INFO o.a.j.t.ThreadGroup: Started thread group number 1
2026-09-10 10:26:16,077 INFO o.a.j.e.StandardJMeterEngine: All thread groups have been started
2026-09-10 10:26:16,077 INFO o.a.j.t.JMeterThread: Thread started: TCC order-create 1-100
2026-09-10 10:26:16,819 INFO o.a.j.p.h.s.HTTPHCAbstractImpl: Local host = pop-os
2026-09-10 10:26:16,826 INFO o.a.j.p.h.s.HTTPHC4Impl: HTTP request retry count = 0
2026-09-10 10:26:16,828 INFO o.a.j.s.SampleResult: Note: Sample TimeStamps are START times
2026-09-10 10:26:16,828 INFO o.a.j.s.SampleResult: sampleresult.default.encoding is set to UTF-8
2026-09-10 10:26:16,828 INFO o.a.j.s.SampleResult: sampleresult.useNanoTime=true
2026-09-10 10:26:16,829 INFO o.a.j.s.SampleResult: sampleresult.nanoThreadSleep=5000
2026-09-10 10:26:30,014 INFO o.a.j.r.Summariser: summary +    243 in 00:00:14 =   17.3/s Avg:  4294 Min:   180 Max:  5473 Err:     0 (0.00%) Active: 100 Started: 100 Finished: 0
2026-09-10 10:27:00,045 INFO o.a.j.r.Summariser: summary +    569 in 00:00:30 =   18.9/s Avg:  5282 Min:  5193 Max:  5350 Err:     0 (0.00%) Active: 100 Started: 100 Finished: 0
2026-09-10 10:27:00,045 INFO o.a.j.r.Summariser: summary =    812 in 00:00:44 =   18.4/s Avg:  4986 Min:   180 Max:  5473 Err:     0 (0.00%)
2026-09-10 10:27:30,011 INFO o.a.j.r.Summariser: summary +    564 in 00:00:30 =   18.8/s Avg:  5308 Min:  5186 Max:  5450 Err:     0 (0.00%) Active: 100 Started: 100 Finished: 0
2026-09-10 10:27:30,011 INFO o.a.j.r.Summariser: summary =   1376 in 00:01:14 =   18.6/s Avg:  5118 Min:   180 Max:  5473 Err:     0 (0.00%)
2026-09-10 10:28:00,029 INFO o.a.j.r.Summariser: summary +    545 in 00:00:30 =   18.2/s Avg:  5498 Min:  5110 Max:  6702 Err:     0 (0.00%) Active: 100 Started: 100 Finished: 0
2026-09-10 10:28:00,030 INFO o.a.j.r.Summariser: summary =   1921 in 00:01:44 =   18.5/s Avg:  5226 Min:   180 Max:  6702 Err:     0 (0.00%)
2026-09-10 10:28:16,057 INFO o.a.j.t.JMeterThread: Stopping because end time detected by thread: TCC order-create 1-56
2026-09-10 10:28:16,058 INFO o.a.j.t.JMeterThread: Thread finished: TCC order-create 1-56
2026-09-10 10:28:16,113 INFO o.a.j.t.JMeterThread: Stopping because end time detected by thread: TCC order-create 1-80
2026-09-10 10:28:16,113 INFO o.a.j.t.JMeterThread: Thread finished: TCC order-create 1-80
2026-09-10 10:28:16,165 INFO o.a.j.t.JMeterThread: Stopping because end time detected by thread: TCC order-create 1-51
2026-09-10 10:28:16,165 INFO o.a.j.t.JMeterThread: Thread finished: TCC order-create 1-51
2026-09-10 10:28:16,217 INFO o.a.j.t.JMeterThread: Stopping because end time detected by thread: TCC order-create 1-33
2026-09-10 10:28:16,217 INFO o.a.j.t.JMeterThread: Thread finished: TCC order-create 1-33
2026-09-10 10:28:16,269 INFO o.a.j.t.JMeterThread: Stopping because end time detected by thread: TCC order-create 1-44
2026-09-10 10:28:16,269 INFO o.a.j.t.JMeterThread: Thread finished: TCC order-create 1-44
2026-09-10 10:28:16,319 INFO o.a.j.t.JMeterThread: Stopping because end time detected by thread: TCC order-create 1-77
2026-09-10 10:28:16,319 INFO o.a.j.t.JMeterThread: Thread finished: TCC order-create 1-77
2026-09-10 10:28:16,371 INFO o.a.j.t.JMeterThread: Stopping because end time detected by thread: TCC order-create 1-60
2026-09-10 10:28:16,371 INFO o.a.j.t.JMeterThread: Thread finished: TCC order-create 1-60
2026-09-10 10:28:16,422 INFO o.a.j.t.JMeterThread: Stopping because end time detected by thread: TCC order-create 1-46
2026-09-10 10:28:16,422 INFO o.a.j.t.JMeterThread: Thread finished: TCC order-create 1-46
2026-09-10 10:28:16,471 INFO o.a.j.t.JMeterThread: Stopping because end time detected by thread: TCC order-create 1-16
2026-09-10 10:28:16,471 INFO o.a.j.t.JMeterThread: Thread finished: TCC order-create 1-16
2026-09-10 10:28:16,523 INFO o.a.j.t.JMeterThread: Stopping because end time detected by thread: TCC order-create 1-97
2026-09-10 10:28:16,523 INFO o.a.j.t.JMeterThread: Thread finished: TCC order-create 1-97
2026-09-10 10:28:16,576 INFO o.a.j.t.JMeterThread: Stopping because end time detected by thread: TCC order-create 1-4
2026-09-10 10:28:16,576 INFO o.a.j.t.JMeterThread: Thread finished: TCC order-create 1-4
2026-09-10 10:28:16,629 INFO o.a.j.t.JMeterThread: Stopping because end time detected by thread: TCC order-create 1-12
2026-09-10 10:28:16,629 INFO o.a.j.t.JMeterThread: Thread finished: TCC order-create 1-12
2026-09-10 10:28:16,682 INFO o.a.j.t.JMeterThread: Stopping because end time detected by thread: TCC order-create 1-23
2026-09-10 10:28:16,682 INFO o.a.j.t.JMeterThread: Thread finished: TCC order-create 1-23
2026-09-10 10:28:16,733 INFO o.a.j.t.JMeterThread: Stopping because end time detected by thread: TCC order-create 1-25
2026-09-10 10:28:16,734 INFO o.a.j.t.JMeterThread: Thread finished: TCC order-create 1-25
2026-09-10 10:28:16,785 INFO o.a.j.t.JMeterThread: Stopping because end time detected by thread: TCC order-create 1-85
2026-09-10 10:28:16,785 INFO o.a.j.t.JMeterThread: Thread finished: TCC order-create 1-85
2026-09-10 10:28:16,836 INFO o.a.j.t.JMeterThread: Stopping because end time detected by thread: TCC order-create 1-9
2026-09-10 10:28:16,836 INFO o.a.j.t.JMeterThread: Thread finished: TCC order-create 1-9
2026-09-10 10:28:16,891 INFO o.a.j.t.JMeterThread: Stopping because end time detected by thread: TCC order-create 1-1
2026-09-10 10:28:16,891 INFO o.a.j.t.JMeterThread: Thread finished: TCC order-create 1-1
2026-09-10 10:28:16,943 INFO o.a.j.t.JMeterThread: Stopping because end time detected by thread: TCC order-create 1-93
2026-09-10 10:28:16,943 INFO o.a.j.t.JMeterThread: Thread finished: TCC order-create 1-93
2026-09-10 10:28:16,994 INFO o.a.j.t.JMeterThread: Stopping because end time detected by thread: TCC order-create 1-64
2026-09-10 10:28:16,994 INFO o.a.j.t.JMeterThread: Thread finished: TCC order-create 1-64
2026-09-10 10:28:17,046 INFO o.a.j.t.JMeterThread: Stopping because end time detected by thread: TCC order-create 1-70
2026-09-10 10:28:17,046 INFO o.a.j.t.JMeterThread: Thread finished: TCC order-create 1-70
2026-09-10 10:28:17,098 INFO o.a.j.t.JMeterThread: Stopping because end time detected by thread: TCC order-create 1-72
2026-09-10 10:28:17,098 INFO o.a.j.t.JMeterThread: Thread finished: TCC order-create 1-72
2026-09-10 10:28:17,150 INFO o.a.j.t.JMeterThread: Stopping because end time detected by thread: TCC order-create 1-55
2026-09-10 10:28:17,150 INFO o.a.j.t.JMeterThread: Thread finished: TCC order-create 1-55
2026-09-10 10:28:17,200 INFO o.a.j.t.JMeterThread: Stopping because end time detected by thread: TCC order-create 1-40
2026-09-10 10:28:17,201 INFO o.a.j.t.JMeterThread: Thread finished: TCC order-create 1-40
2026-09-10 10:28:17,253 INFO o.a.j.t.JMeterThread: Stopping because end time detected by thread: TCC order-create 1-11
2026-09-10 10:28:17,254 INFO o.a.j.t.JMeterThread: Thread finished: TCC order-create 1-11
2026-09-10 10:28:17,307 INFO o.a.j.t.JMeterThread: Stopping because end time detected by thread: TCC order-create 1-21
2026-09-10 10:28:17,308 INFO o.a.j.t.JMeterThread: Thread finished: TCC order-create 1-21
2026-09-10 10:28:17,361 INFO o.a.j.t.JMeterThread: Stopping because end time detected by thread: TCC order-create 1-61
2026-09-10 10:28:17,362 INFO o.a.j.t.JMeterThread: Thread finished: TCC order-create 1-61
2026-09-10 10:28:17,415 INFO o.a.j.t.JMeterThread: Stopping because end time detected by thread: TCC order-create 1-95
2026-09-10 10:28:17,415 INFO o.a.j.t.JMeterThread: Thread finished: TCC order-create 1-95
2026-09-10 10:28:17,466 INFO o.a.j.t.JMeterThread: Stopping because end time detected by thread: TCC order-create 1-15
2026-09-10 10:28:17,466 INFO o.a.j.t.JMeterThread: Thread finished: TCC order-create 1-15
2026-09-10 10:28:17,513 INFO o.a.j.t.JMeterThread: Stopping because end time detected by thread: TCC order-create 1-45
2026-09-10 10:28:17,514 INFO o.a.j.t.JMeterThread: Thread finished: TCC order-create 1-45
2026-09-10 10:28:17,563 INFO o.a.j.t.JMeterThread: Stopping because end time detected by thread: TCC order-create 1-62
2026-09-10 10:28:17,563 INFO o.a.j.t.JMeterThread: Thread finished: TCC order-create 1-62
2026-09-10 10:28:17,615 INFO o.a.j.t.JMeterThread: Stopping because end time detected by thread: TCC order-create 1-83
2026-09-10 10:28:17,615 INFO o.a.j.t.JMeterThread: Thread finished: TCC order-create 1-83
2026-09-10 10:28:17,665 INFO o.a.j.t.JMeterThread: Stopping because end time detected by thread: TCC order-create 1-88
2026-09-10 10:28:17,666 INFO o.a.j.t.JMeterThread: Thread finished: TCC order-create 1-88
2026-09-10 10:28:17,720 INFO o.a.j.t.JMeterThread: Stopping because end time detected by thread: TCC order-create 1-39
2026-09-10 10:28:17,720 INFO o.a.j.t.JMeterThread: Thread finished: TCC order-create 1-39
2026-09-10 10:28:17,768 INFO o.a.j.t.JMeterThread: Stopping because end time detected by thread: TCC order-create 1-79
2026-09-10 10:28:17,768 INFO o.a.j.t.JMeterThread: Thread finished: TCC order-create 1-79
2026-09-10 10:28:17,819 INFO o.a.j.t.JMeterThread: Stopping because end time detected by thread: TCC order-create 1-92
2026-09-10 10:28:17,819 INFO o.a.j.t.JMeterThread: Thread finished: TCC order-create 1-92
2026-09-10 10:28:17,872 INFO o.a.j.t.JMeterThread: Stopping because end time detected by thread: TCC order-create 1-52
2026-09-10 10:28:17,872 INFO o.a.j.t.JMeterThread: Thread finished: TCC order-create 1-52
2026-09-10 10:28:17,927 INFO o.a.j.t.JMeterThread: Stopping because end time detected by thread: TCC order-create 1-10
2026-09-10 10:28:17,927 INFO o.a.j.t.JMeterThread: Thread finished: TCC order-create 1-10
2026-09-10 10:28:17,979 INFO o.a.j.t.JMeterThread: Stopping because end time detected by thread: TCC order-create 1-24
2026-09-10 10:28:17,979 INFO o.a.j.t.JMeterThread: Thread finished: TCC order-create 1-24
2026-09-10 10:28:18,033 INFO o.a.j.t.JMeterThread: Stopping because end time detected by thread: TCC order-create 1-17
2026-09-10 10:28:18,033 INFO o.a.j.t.JMeterThread: Thread finished: TCC order-create 1-17
2026-09-10 10:28:18,086 INFO o.a.j.t.JMeterThread: Stopping because end time detected by thread: TCC order-create 1-35
2026-09-10 10:28:18,086 INFO o.a.j.t.JMeterThread: Thread finished: TCC order-create 1-35
2026-09-10 10:28:18,139 INFO o.a.j.t.JMeterThread: Stopping because end time detected by thread: TCC order-create 1-30
2026-09-10 10:28:18,140 INFO o.a.j.t.JMeterThread: Thread finished: TCC order-create 1-30
2026-09-10 10:28:18,190 INFO o.a.j.t.JMeterThread: Stopping because end time detected by thread: TCC order-create 1-34
2026-09-10 10:28:18,190 INFO o.a.j.t.JMeterThread: Thread finished: TCC order-create 1-34
2026-09-10 10:28:18,243 INFO o.a.j.t.JMeterThread: Stopping because end time detected by thread: TCC order-create 1-7
2026-09-10 10:28:18,243 INFO o.a.j.t.JMeterThread: Thread finished: TCC order-create 1-7
2026-09-10 10:28:18,292 INFO o.a.j.t.JMeterThread: Stopping because end time detected by thread: TCC order-create 1-14
2026-09-10 10:28:18,292 INFO o.a.j.t.JMeterThread: Thread finished: TCC order-create 1-14
2026-09-10 10:28:18,347 INFO o.a.j.t.JMeterThread: Stopping because end time detected by thread: TCC order-create 1-47
2026-09-10 10:28:18,347 INFO o.a.j.t.JMeterThread: Thread finished: TCC order-create 1-47
2026-09-10 10:28:18,397 INFO o.a.j.t.JMeterThread: Stopping because end time detected by thread: TCC order-create 1-99
2026-09-10 10:28:18,397 INFO o.a.j.t.JMeterThread: Thread finished: TCC order-create 1-99
2026-09-10 10:28:18,453 INFO o.a.j.t.JMeterThread: Stopping because end time detected by thread: TCC order-create 1-6
2026-09-10 10:28:18,454 INFO o.a.j.t.JMeterThread: Thread finished: TCC order-create 1-6
2026-09-10 10:28:18,504 INFO o.a.j.t.JMeterThread: Stopping because end time detected by thread: TCC order-create 1-76
2026-09-10 10:28:18,504 INFO o.a.j.t.JMeterThread: Thread finished: TCC order-create 1-76
2026-09-10 10:28:18,558 INFO o.a.j.t.JMeterThread: Stopping because end time detected by thread: TCC order-create 1-37
2026-09-10 10:28:18,559 INFO o.a.j.t.JMeterThread: Thread finished: TCC order-create 1-37
2026-09-10 10:28:18,610 INFO o.a.j.t.JMeterThread: Stopping because end time detected by thread: TCC order-create 1-78
2026-09-10 10:28:18,610 INFO o.a.j.t.JMeterThread: Thread finished: TCC order-create 1-78
2026-09-10 10:28:18,662 INFO o.a.j.t.JMeterThread: Stopping because end time detected by thread: TCC order-create 1-91
2026-09-10 10:28:18,662 INFO o.a.j.t.JMeterThread: Thread finished: TCC order-create 1-91
2026-09-10 10:28:18,714 INFO o.a.j.t.JMeterThread: Stopping because end time detected by thread: TCC order-create 1-20
2026-09-10 10:28:18,715 INFO o.a.j.t.JMeterThread: Thread finished: TCC order-create 1-20
2026-09-10 10:28:18,769 INFO o.a.j.t.JMeterThread: Stopping because end time detected by thread: TCC order-create 1-69
2026-09-10 10:28:18,769 INFO o.a.j.t.JMeterThread: Thread finished: TCC order-create 1-69
2026-09-10 10:28:18,818 INFO o.a.j.t.JMeterThread: Stopping because end time detected by thread: TCC order-create 1-28
2026-09-10 10:28:18,819 INFO o.a.j.t.JMeterThread: Thread finished: TCC order-create 1-28
2026-09-10 10:28:18,868 INFO o.a.j.t.JMeterThread: Stopping because end time detected by thread: TCC order-create 1-84
2026-09-10 10:28:18,868 INFO o.a.j.t.JMeterThread: Thread finished: TCC order-create 1-84
2026-09-10 10:28:18,920 INFO o.a.j.t.JMeterThread: Stopping because end time detected by thread: TCC order-create 1-18
2026-09-10 10:28:18,920 INFO o.a.j.t.JMeterThread: Thread finished: TCC order-create 1-18
2026-09-10 10:28:18,970 INFO o.a.j.t.JMeterThread: Stopping because end time detected by thread: TCC order-create 1-48
2026-09-10 10:28:18,970 INFO o.a.j.t.JMeterThread: Thread finished: TCC order-create 1-48
2026-09-10 10:28:19,024 INFO o.a.j.t.JMeterThread: Stopping because end time detected by thread: TCC order-create 1-96
2026-09-10 10:28:19,024 INFO o.a.j.t.JMeterThread: Thread finished: TCC order-create 1-96
2026-09-10 10:28:19,075 INFO o.a.j.t.JMeterThread: Stopping because end time detected by thread: TCC order-create 1-94
2026-09-10 10:28:19,075 INFO o.a.j.t.JMeterThread: Thread finished: TCC order-create 1-94
2026-09-10 10:28:19,127 INFO o.a.j.t.JMeterThread: Stopping because end time detected by thread: TCC order-create 1-87
2026-09-10 10:28:19,127 INFO o.a.j.t.JMeterThread: Thread finished: TCC order-create 1-87
2026-09-10 10:28:19,175 INFO o.a.j.t.JMeterThread: Stopping because end time detected by thread: TCC order-create 1-27
2026-09-10 10:28:19,175 INFO o.a.j.t.JMeterThread: Thread finished: TCC order-create 1-27
2026-09-10 10:28:19,227 INFO o.a.j.t.JMeterThread: Stopping because end time detected by thread: TCC order-create 1-3
2026-09-10 10:28:19,227 INFO o.a.j.t.JMeterThread: Thread finished: TCC order-create 1-3
2026-09-10 10:28:19,278 INFO o.a.j.t.JMeterThread: Stopping because end time detected by thread: TCC order-create 1-98
2026-09-10 10:28:19,278 INFO o.a.j.t.JMeterThread: Thread finished: TCC order-create 1-98
2026-09-10 10:28:19,329 INFO o.a.j.t.JMeterThread: Stopping because end time detected by thread: TCC order-create 1-26
2026-09-10 10:28:19,330 INFO o.a.j.t.JMeterThread: Thread finished: TCC order-create 1-26
2026-09-10 10:28:19,380 INFO o.a.j.t.JMeterThread: Stopping because end time detected by thread: TCC order-create 1-71
2026-09-10 10:28:19,380 INFO o.a.j.t.JMeterThread: Thread finished: TCC order-create 1-71
2026-09-10 10:28:19,433 INFO o.a.j.t.JMeterThread: Stopping because end time detected by thread: TCC order-create 1-5
2026-09-10 10:28:19,433 INFO o.a.j.t.JMeterThread: Thread finished: TCC order-create 1-5
2026-09-10 10:28:19,482 INFO o.a.j.t.JMeterThread: Stopping because end time detected by thread: TCC order-create 1-65
2026-09-10 10:28:19,482 INFO o.a.j.t.JMeterThread: Thread finished: TCC order-create 1-65
2026-09-10 10:28:19,534 INFO o.a.j.t.JMeterThread: Stopping because end time detected by thread: TCC order-create 1-68
2026-09-10 10:28:19,534 INFO o.a.j.t.JMeterThread: Thread finished: TCC order-create 1-68
2026-09-10 10:28:19,584 INFO o.a.j.t.JMeterThread: Stopping because end time detected by thread: TCC order-create 1-31
2026-09-10 10:28:19,584 INFO o.a.j.t.JMeterThread: Thread finished: TCC order-create 1-31
2026-09-10 10:28:19,637 INFO o.a.j.t.JMeterThread: Stopping because end time detected by thread: TCC order-create 1-81
2026-09-10 10:28:19,637 INFO o.a.j.t.JMeterThread: Thread finished: TCC order-create 1-81
2026-09-10 10:28:19,690 INFO o.a.j.t.JMeterThread: Stopping because end time detected by thread: TCC order-create 1-57
2026-09-10 10:28:19,690 INFO o.a.j.t.JMeterThread: Thread finished: TCC order-create 1-57
2026-09-10 10:28:19,741 INFO o.a.j.t.JMeterThread: Stopping because end time detected by thread: TCC order-create 1-41
2026-09-10 10:28:19,741 INFO o.a.j.t.JMeterThread: Thread finished: TCC order-create 1-41
2026-09-10 10:28:19,792 INFO o.a.j.t.JMeterThread: Stopping because end time detected by thread: TCC order-create 1-67
2026-09-10 10:28:19,793 INFO o.a.j.t.JMeterThread: Thread finished: TCC order-create 1-67
2026-09-10 10:28:19,842 INFO o.a.j.t.JMeterThread: Stopping because end time detected by thread: TCC order-create 1-19
2026-09-10 10:28:19,843 INFO o.a.j.t.JMeterThread: Thread finished: TCC order-create 1-19
2026-09-10 10:28:19,893 INFO o.a.j.t.JMeterThread: Stopping because end time detected by thread: TCC order-create 1-82
2026-09-10 10:28:19,893 INFO o.a.j.t.JMeterThread: Thread finished: TCC order-create 1-82
2026-09-10 10:28:19,943 INFO o.a.j.t.JMeterThread: Stopping because end time detected by thread: TCC order-create 1-29
2026-09-10 10:28:19,944 INFO o.a.j.t.JMeterThread: Thread finished: TCC order-create 1-29
2026-09-10 10:28:19,995 INFO o.a.j.t.JMeterThread: Stopping because end time detected by thread: TCC order-create 1-89
2026-09-10 10:28:19,995 INFO o.a.j.t.JMeterThread: Thread finished: TCC order-create 1-89
2026-09-10 10:28:20,047 INFO o.a.j.t.JMeterThread: Stopping because end time detected by thread: TCC order-create 1-53
2026-09-10 10:28:20,048 INFO o.a.j.t.JMeterThread: Thread finished: TCC order-create 1-53
2026-09-10 10:28:20,099 INFO o.a.j.t.JMeterThread: Stopping because end time detected by thread: TCC order-create 1-63
2026-09-10 10:28:20,099 INFO o.a.j.t.JMeterThread: Thread finished: TCC order-create 1-63
2026-09-10 10:28:20,154 INFO o.a.j.t.JMeterThread: Stopping because end time detected by thread: TCC order-create 1-32
2026-09-10 10:28:20,154 INFO o.a.j.t.JMeterThread: Thread finished: TCC order-create 1-32
2026-09-10 10:28:20,206 INFO o.a.j.t.JMeterThread: Stopping because end time detected by thread: TCC order-create 1-13
2026-09-10 10:28:20,206 INFO o.a.j.t.JMeterThread: Thread finished: TCC order-create 1-13
2026-09-10 10:28:20,260 INFO o.a.j.t.JMeterThread: Stopping because end time detected by thread: TCC order-create 1-75
2026-09-10 10:28:20,260 INFO o.a.j.t.JMeterThread: Thread finished: TCC order-create 1-75
2026-09-10 10:28:20,314 INFO o.a.j.t.JMeterThread: Stopping because end time detected by thread: TCC order-create 1-73
2026-09-10 10:28:20,314 INFO o.a.j.t.JMeterThread: Thread finished: TCC order-create 1-73
2026-09-10 10:28:20,367 INFO o.a.j.t.JMeterThread: Stopping because end time detected by thread: TCC order-create 1-38
2026-09-10 10:28:20,367 INFO o.a.j.t.JMeterThread: Thread finished: TCC order-create 1-38
2026-09-10 10:28:20,419 INFO o.a.j.t.JMeterThread: Stopping because end time detected by thread: TCC order-create 1-49
2026-09-10 10:28:20,420 INFO o.a.j.t.JMeterThread: Thread finished: TCC order-create 1-49
2026-09-10 10:28:20,472 INFO o.a.j.t.JMeterThread: Stopping because end time detected by thread: TCC order-create 1-22
2026-09-10 10:28:20,472 INFO o.a.j.t.JMeterThread: Thread finished: TCC order-create 1-22
2026-09-10 10:28:20,522 INFO o.a.j.t.JMeterThread: Stopping because end time detected by thread: TCC order-create 1-54
2026-09-10 10:28:20,522 INFO o.a.j.t.JMeterThread: Thread finished: TCC order-create 1-54
2026-09-10 10:28:20,576 INFO o.a.j.t.JMeterThread: Stopping because end time detected by thread: TCC order-create 1-66
2026-09-10 10:28:20,576 INFO o.a.j.t.JMeterThread: Thread finished: TCC order-create 1-66
2026-09-10 10:28:20,628 INFO o.a.j.t.JMeterThread: Stopping because end time detected by thread: TCC order-create 1-100
2026-09-10 10:28:20,628 INFO o.a.j.t.JMeterThread: Thread finished: TCC order-create 1-100
2026-09-10 10:28:20,681 INFO o.a.j.t.JMeterThread: Stopping because end time detected by thread: TCC order-create 1-43
2026-09-10 10:28:20,681 INFO o.a.j.t.JMeterThread: Thread finished: TCC order-create 1-43
2026-09-10 10:28:20,734 INFO o.a.j.t.JMeterThread: Stopping because end time detected by thread: TCC order-create 1-58
2026-09-10 10:28:20,734 INFO o.a.j.t.JMeterThread: Thread finished: TCC order-create 1-58
2026-09-10 10:28:20,785 INFO o.a.j.t.JMeterThread: Stopping because end time detected by thread: TCC order-create 1-8
2026-09-10 10:28:20,786 INFO o.a.j.t.JMeterThread: Thread finished: TCC order-create 1-8
2026-09-10 10:28:20,837 INFO o.a.j.t.JMeterThread: Stopping because end time detected by thread: TCC order-create 1-86
2026-09-10 10:28:20,837 INFO o.a.j.t.JMeterThread: Thread finished: TCC order-create 1-86
2026-09-10 10:28:20,891 INFO o.a.j.t.JMeterThread: Stopping because end time detected by thread: TCC order-create 1-74
2026-09-10 10:28:20,891 INFO o.a.j.t.JMeterThread: Thread finished: TCC order-create 1-74
2026-09-10 10:28:20,944 INFO o.a.j.t.JMeterThread: Stopping because end time detected by thread: TCC order-create 1-59
2026-09-10 10:28:20,944 INFO o.a.j.t.JMeterThread: Thread finished: TCC order-create 1-59
2026-09-10 10:28:20,998 INFO o.a.j.t.JMeterThread: Stopping because end time detected by thread: TCC order-create 1-42
2026-09-10 10:28:20,998 INFO o.a.j.t.JMeterThread: Thread finished: TCC order-create 1-42
2026-09-10 10:28:21,054 INFO o.a.j.t.JMeterThread: Stopping because end time detected by thread: TCC order-create 1-90
2026-09-10 10:28:21,055 INFO o.a.j.t.JMeterThread: Thread finished: TCC order-create 1-90
2026-09-10 10:28:21,109 INFO o.a.j.t.JMeterThread: Stopping because end time detected by thread: TCC order-create 1-2
2026-09-10 10:28:21,109 INFO o.a.j.t.JMeterThread: Thread finished: TCC order-create 1-2
2026-09-10 10:28:21,162 INFO o.a.j.t.JMeterThread: Stopping because end time detected by thread: TCC order-create 1-50
2026-09-10 10:28:21,162 INFO o.a.j.t.JMeterThread: Thread finished: TCC order-create 1-50
2026-09-10 10:28:21,213 INFO o.a.j.t.JMeterThread: Stopping because end time detected by thread: TCC order-create 1-36
2026-09-10 10:28:21,214 INFO o.a.j.t.JMeterThread: Thread finished: TCC order-create 1-36
2026-09-10 10:28:21,214 INFO o.a.j.e.StandardJMeterEngine: Notifying test listeners of end of test
2026-09-10 10:28:21,218 INFO o.a.j.r.Summariser: summary +    404 in 00:00:21 =   19.1/s Avg:  5264 Min:  5180 Max:  5467 Err:     0 (0.00%) Active: 0 Started: 100 Finished: 100
2026-09-10 10:28:21,218 INFO o.a.j.r.Summariser: summary =   2325 in 00:02:05 =   18.6/s Avg:  5233 Min:   180 Max:  6702 Err:     0 (0.00%)
