2026-09-10 08:54:46,359 INFO o.a.j.u.JMeterUtils: Setting Locale to en_EN
2026-09-10 08:54:46,375 INFO o.a.j.JMeter: Loading user properties from: /home/avituo/projects/tcc/tcc-container/.tools/apache-jmeter-5.6.3/bin/user.properties
2026-09-10 08:54:46,375 INFO o.a.j.JMeter: Loading system properties from: /home/avituo/projects/tcc/tcc-container/.tools/apache-jmeter-5.6.3/bin/system.properties
2026-09-10 08:54:46,375 INFO o.a.j.JMeter: Loading additional properties from: /home/avituo/projects/tcc/tcc-container/benchmark/jmeter/benchmark.properties
2026-09-10 08:54:46,375 INFO o.a.j.JMeter: Loading additional properties from: /tmp/tcc-benchmark-auth.2ZW0Qv/auth.properties
2026-09-10 08:54:46,376 INFO o.a.j.JMeter: Loading additional properties from: /home/avituo/projects/tcc/tcc-container/benchmark/results/laravel-13.20.0/final/order-create/c25/r3/monolith/thread-counters.properties
2026-09-10 08:54:46,376 INFO o.a.j.JMeter: Setting JMeter property: threads=25
2026-09-10 08:54:46,376 INFO o.a.j.JMeter: Setting JMeter property: duration_seconds=120
2026-09-10 08:54:46,376 INFO o.a.j.JMeter: Setting JMeter property: target_host=localhost
2026-09-10 08:54:46,376 INFO o.a.j.JMeter: Setting JMeter property: target_port=18000
2026-09-10 08:54:46,376 INFO o.a.j.JMeter: Setting JMeter property: tcc.order.id=1
2026-09-10 08:54:46,376 INFO o.a.j.JMeter: Setting JMeter property: repetition=3
2026-09-10 08:54:46,382 INFO o.a.j.JMeter: Copyright (c) 1998-2024 The Apache Software Foundation
2026-09-10 08:54:46,383 INFO o.a.j.JMeter: Version 5.6.3
2026-09-10 08:54:46,383 INFO o.a.j.JMeter: java.version=21.0.11
2026-09-10 08:54:46,383 INFO o.a.j.JMeter: java.vm.name=OpenJDK 64-Bit Server VM
2026-09-10 08:54:46,383 INFO o.a.j.JMeter: os.name=Linux
2026-09-10 08:54:46,383 INFO o.a.j.JMeter: os.arch=amd64
2026-09-10 08:54:46,383 INFO o.a.j.JMeter: os.version=7.0.11-76070011-generic
2026-09-10 08:54:46,383 INFO o.a.j.JMeter: file.encoding=UTF-8
2026-09-10 08:54:46,383 INFO o.a.j.JMeter: java.awt.headless=true
2026-09-10 08:54:46,383 INFO o.a.j.JMeter: Max memory     =1073741824
2026-09-10 08:54:46,383 INFO o.a.j.JMeter: Available Processors =16
2026-09-10 08:54:46,391 INFO o.a.j.JMeter: Default Locale=English (EN)
2026-09-10 08:54:46,392 INFO o.a.j.JMeter: JMeter  Locale=English (EN)
2026-09-10 08:54:46,392 INFO o.a.j.JMeter: JMeterHome=/home/avituo/projects/tcc/tcc-container/.tools/apache-jmeter-5.6.3
2026-09-10 08:54:46,392 INFO o.a.j.JMeter: user.dir  =/home/avituo/projects/tcc/tcc-container
2026-09-10 08:54:46,392 INFO o.a.j.JMeter: PWD       =/home/avituo/projects/tcc/tcc-container
2026-09-10 08:54:46,400 INFO o.a.j.JMeter: IP: 192.168.1.16 Name: pop-os FullName: pop-os.home
2026-09-10 08:54:46,412 INFO o.a.j.s.FileServer: Default base='/home/avituo/projects/tcc/tcc-container'
2026-09-10 08:54:46,413 INFO o.a.j.s.FileServer: Set new base='/home/avituo/projects/tcc/tcc-container/benchmark/jmeter'
2026-09-10 08:54:46,577 INFO o.a.j.s.SaveService: Testplan (JMX) version: 2.2. Testlog (JTL) version: 2.2
2026-09-10 08:54:46,601 INFO o.a.j.s.SaveService: Using SaveService properties version 5.0
2026-09-10 08:54:46,604 INFO o.a.j.s.SaveService: Using SaveService properties file encoding UTF-8
2026-09-10 08:54:46,608 INFO o.a.j.s.SaveService: Loading file: /home/avituo/projects/tcc/tcc-container/benchmark/jmeter/tcc-order-create-v1.jmx
2026-09-10 08:54:46,658 INFO o.a.j.p.h.s.HTTPSamplerBase: Parser for text/html is org.apache.jmeter.protocol.http.parser.LagartoBasedHtmlParser
2026-09-10 08:54:46,658 INFO o.a.j.p.h.s.HTTPSamplerBase: Parser for application/xhtml+xml is org.apache.jmeter.protocol.http.parser.LagartoBasedHtmlParser
2026-09-10 08:54:46,658 INFO o.a.j.p.h.s.HTTPSamplerBase: Parser for application/xml is org.apache.jmeter.protocol.http.parser.LagartoBasedHtmlParser
2026-09-10 08:54:46,658 INFO o.a.j.p.h.s.HTTPSamplerBase: Parser for text/xml is org.apache.jmeter.protocol.http.parser.LagartoBasedHtmlParser
2026-09-10 08:54:46,658 INFO o.a.j.p.h.s.HTTPSamplerBase: Parser for text/vnd.wap.wml is org.apache.jmeter.protocol.http.parser.RegexpHTMLParser
2026-09-10 08:54:46,658 INFO o.a.j.p.h.s.HTTPSamplerBase: Parser for text/css is org.apache.jmeter.protocol.http.parser.CssParser
2026-09-10 08:54:46,691 INFO o.a.j.JMeter: Creating summariser <summary>
2026-09-10 08:54:46,709 INFO o.a.j.e.StandardJMeterEngine: Running the test!
2026-09-10 08:54:46,709 INFO o.a.j.s.SampleEvent: List of sample_variables: []
2026-09-10 08:54:46,710 INFO o.a.j.s.SampleEvent: List of sample_variables: []
2026-09-10 08:54:46,717 INFO o.a.j.e.u.CompoundVariable: Note: Function class names must contain the string: '.functions.'
2026-09-10 08:54:46,717 INFO o.a.j.e.u.CompoundVariable: Note: Function class names must not contain the string: '.gui.'
2026-09-10 08:54:46,956 INFO o.a.j.JMeter: Running test (1789041286956)
2026-09-10 08:54:46,974 INFO o.a.j.e.StandardJMeterEngine: Starting ThreadGroup: 1 : TCC order-create
2026-09-10 08:54:46,975 INFO o.a.j.e.StandardJMeterEngine: Starting 25 threads for group TCC order-create.
2026-09-10 08:54:46,975 INFO o.a.j.e.StandardJMeterEngine: Thread will continue on error
2026-09-10 08:54:46,975 INFO o.a.j.t.ThreadGroup: Starting thread group... number=1 threads=25 ramp-up=0 delayedStart=false
2026-09-10 08:54:46,981 INFO o.a.j.t.JMeterThread: Thread started: TCC order-create 1-2
2026-09-10 08:54:46,981 INFO o.a.j.t.JMeterThread: Thread started: TCC order-create 1-3
2026-09-10 08:54:46,981 INFO o.a.j.t.JMeterThread: Thread started: TCC order-create 1-1
2026-09-10 08:54:46,981 INFO o.a.j.t.JMeterThread: Thread started: TCC order-create 1-4
2026-09-10 08:54:46,982 INFO o.a.j.t.JMeterThread: Thread started: TCC order-create 1-5
2026-09-10 08:54:46,983 INFO o.a.j.t.JMeterThread: Thread started: TCC order-create 1-6
2026-09-10 08:54:46,984 INFO o.a.j.t.JMeterThread: Thread started: TCC order-create 1-7
2026-09-10 08:54:46,984 INFO o.a.j.t.JMeterThread: Thread started: TCC order-create 1-8
2026-09-10 08:54:46,985 INFO o.a.j.t.JMeterThread: Thread started: TCC order-create 1-9
2026-09-10 08:54:46,985 INFO o.a.j.t.JMeterThread: Thread started: TCC order-create 1-10
2026-09-10 08:54:46,986 INFO o.a.j.t.JMeterThread: Thread started: TCC order-create 1-11
2026-09-10 08:54:46,987 INFO o.a.j.t.JMeterThread: Thread started: TCC order-create 1-12
2026-09-10 08:54:46,988 INFO o.a.j.t.JMeterThread: Thread started: TCC order-create 1-13
2026-09-10 08:54:46,989 INFO o.a.j.t.JMeterThread: Thread started: TCC order-create 1-14
2026-09-10 08:54:46,990 INFO o.a.j.t.JMeterThread: Thread started: TCC order-create 1-15
2026-09-10 08:54:46,991 INFO o.a.j.t.JMeterThread: Thread started: TCC order-create 1-16
2026-09-10 08:54:46,992 INFO o.a.j.t.JMeterThread: Thread started: TCC order-create 1-17
2026-09-10 08:54:46,993 INFO o.a.j.t.JMeterThread: Thread started: TCC order-create 1-18
2026-09-10 08:54:46,994 INFO o.a.j.t.JMeterThread: Thread started: TCC order-create 1-19
2026-09-10 08:54:46,994 INFO o.a.j.t.JMeterThread: Thread started: TCC order-create 1-20
2026-09-10 08:54:46,995 INFO o.a.j.t.JMeterThread: Thread started: TCC order-create 1-21
2026-09-10 08:54:46,995 INFO o.a.j.t.JMeterThread: Thread started: TCC order-create 1-22
2026-09-10 08:54:46,996 INFO o.a.j.t.JMeterThread: Thread started: TCC order-create 1-23
2026-09-10 08:54:46,997 INFO o.a.j.t.ThreadGroup: Started thread group number 1
2026-09-10 08:54:46,997 INFO o.a.j.t.JMeterThread: Thread started: TCC order-create 1-24
2026-09-10 08:54:46,997 INFO o.a.j.e.StandardJMeterEngine: All thread groups have been started
2026-09-10 08:54:46,997 INFO o.a.j.t.JMeterThread: Thread started: TCC order-create 1-25
2026-09-10 08:54:47,758 INFO o.a.j.p.h.s.HTTPHCAbstractImpl: Local host = pop-os
2026-09-10 08:54:47,765 INFO o.a.j.p.h.s.HTTPHC4Impl: HTTP request retry count = 0
2026-09-10 08:54:47,766 INFO o.a.j.s.SampleResult: Note: Sample TimeStamps are START times
2026-09-10 08:54:47,766 INFO o.a.j.s.SampleResult: sampleresult.default.encoding is set to UTF-8
2026-09-10 08:54:47,766 INFO o.a.j.s.SampleResult: sampleresult.useNanoTime=true
2026-09-10 08:54:47,767 INFO o.a.j.s.SampleResult: sampleresult.nanoThreadSleep=5000
2026-09-10 08:55:00,039 INFO o.a.j.r.Summariser: summary +    457 in 00:00:13 =   34.9/s Avg:   645 Min:    86 Max:   742 Err:     0 (0.00%) Active: 25 Started: 25 Finished: 0
2026-09-10 08:55:30,018 INFO o.a.j.r.Summariser: summary +   1135 in 00:00:30 =   37.9/s Avg:   660 Min:   609 Max:   729 Err:     0 (0.00%) Active: 25 Started: 25 Finished: 0
2026-09-10 08:55:30,019 INFO o.a.j.r.Summariser: summary =   1592 in 00:00:43 =   37.0/s Avg:   655 Min:    86 Max:   742 Err:     0 (0.00%)
2026-09-10 08:56:00,024 INFO o.a.j.r.Summariser: summary +   1138 in 00:00:30 =   37.9/s Avg:   658 Min:   614 Max:   761 Err:     0 (0.00%) Active: 25 Started: 25 Finished: 0
2026-09-10 08:56:00,025 INFO o.a.j.r.Summariser: summary =   2730 in 00:01:13 =   37.4/s Avg:   657 Min:    86 Max:   761 Err:     0 (0.00%)
2026-09-10 08:56:30,011 INFO o.a.j.r.Summariser: summary +   1087 in 00:00:30 =   36.3/s Avg:   689 Min:   617 Max:  1844 Err:     0 (0.00%) Active: 25 Started: 25 Finished: 0
2026-09-10 08:56:30,011 INFO o.a.j.r.Summariser: summary =   3817 in 00:01:43 =   37.0/s Avg:   666 Min:    86 Max:  1844 Err:     0 (0.00%)
2026-09-10 08:56:47,012 INFO o.a.j.t.JMeterThread: Stopping because end time detected by thread: TCC order-create 1-23
2026-09-10 08:56:47,012 INFO o.a.j.t.JMeterThread: Thread finished: TCC order-create 1-23
2026-09-10 08:56:47,037 INFO o.a.j.t.JMeterThread: Stopping because end time detected by thread: TCC order-create 1-13
2026-09-10 08:56:47,038 INFO o.a.j.t.JMeterThread: Thread finished: TCC order-create 1-13
2026-09-10 08:56:47,067 INFO o.a.j.t.JMeterThread: Stopping because end time detected by thread: TCC order-create 1-2
2026-09-10 08:56:47,068 INFO o.a.j.t.JMeterThread: Thread finished: TCC order-create 1-2
2026-09-10 08:56:47,092 INFO o.a.j.t.JMeterThread: Stopping because end time detected by thread: TCC order-create 1-1
2026-09-10 08:56:47,093 INFO o.a.j.t.JMeterThread: Thread finished: TCC order-create 1-1
2026-09-10 08:56:47,125 INFO o.a.j.t.JMeterThread: Stopping because end time detected by thread: TCC order-create 1-20
2026-09-10 08:56:47,125 INFO o.a.j.t.JMeterThread: Thread finished: TCC order-create 1-20
2026-09-10 08:56:47,150 INFO o.a.j.t.JMeterThread: Stopping because end time detected by thread: TCC order-create 1-7
2026-09-10 08:56:47,151 INFO o.a.j.t.JMeterThread: Thread finished: TCC order-create 1-7
2026-09-10 08:56:47,178 INFO o.a.j.t.JMeterThread: Stopping because end time detected by thread: TCC order-create 1-24
2026-09-10 08:56:47,178 INFO o.a.j.t.JMeterThread: Thread finished: TCC order-create 1-24
2026-09-10 08:56:47,204 INFO o.a.j.t.JMeterThread: Stopping because end time detected by thread: TCC order-create 1-17
2026-09-10 08:56:47,204 INFO o.a.j.t.JMeterThread: Thread finished: TCC order-create 1-17
2026-09-10 08:56:47,230 INFO o.a.j.t.JMeterThread: Stopping because end time detected by thread: TCC order-create 1-21
2026-09-10 08:56:47,230 INFO o.a.j.t.JMeterThread: Thread finished: TCC order-create 1-21
2026-09-10 08:56:47,258 INFO o.a.j.t.JMeterThread: Stopping because end time detected by thread: TCC order-create 1-22
2026-09-10 08:56:47,258 INFO o.a.j.t.JMeterThread: Thread finished: TCC order-create 1-22
2026-09-10 08:56:47,284 INFO o.a.j.t.JMeterThread: Stopping because end time detected by thread: TCC order-create 1-3
2026-09-10 08:56:47,284 INFO o.a.j.t.JMeterThread: Thread finished: TCC order-create 1-3
2026-09-10 08:56:47,311 INFO o.a.j.t.JMeterThread: Stopping because end time detected by thread: TCC order-create 1-18
2026-09-10 08:56:47,311 INFO o.a.j.t.JMeterThread: Thread finished: TCC order-create 1-18
2026-09-10 08:56:47,336 INFO o.a.j.t.JMeterThread: Stopping because end time detected by thread: TCC order-create 1-4
2026-09-10 08:56:47,337 INFO o.a.j.t.JMeterThread: Thread finished: TCC order-create 1-4
2026-09-10 08:56:47,364 INFO o.a.j.t.JMeterThread: Stopping because end time detected by thread: TCC order-create 1-15
2026-09-10 08:56:47,364 INFO o.a.j.t.JMeterThread: Thread finished: TCC order-create 1-15
2026-09-10 08:56:47,391 INFO o.a.j.t.JMeterThread: Stopping because end time detected by thread: TCC order-create 1-5
2026-09-10 08:56:47,391 INFO o.a.j.t.JMeterThread: Thread finished: TCC order-create 1-5
2026-09-10 08:56:47,419 INFO o.a.j.t.JMeterThread: Stopping because end time detected by thread: TCC order-create 1-12
2026-09-10 08:56:47,420 INFO o.a.j.t.JMeterThread: Thread finished: TCC order-create 1-12
2026-09-10 08:56:47,453 INFO o.a.j.t.JMeterThread: Stopping because end time detected by thread: TCC order-create 1-25
2026-09-10 08:56:47,453 INFO o.a.j.t.JMeterThread: Thread finished: TCC order-create 1-25
2026-09-10 08:56:47,485 INFO o.a.j.t.JMeterThread: Stopping because end time detected by thread: TCC order-create 1-14
2026-09-10 08:56:47,486 INFO o.a.j.t.JMeterThread: Thread finished: TCC order-create 1-14
2026-09-10 08:56:47,514 INFO o.a.j.t.JMeterThread: Stopping because end time detected by thread: TCC order-create 1-8
2026-09-10 08:56:47,515 INFO o.a.j.t.JMeterThread: Thread finished: TCC order-create 1-8
2026-09-10 08:56:47,544 INFO o.a.j.t.JMeterThread: Stopping because end time detected by thread: TCC order-create 1-11
2026-09-10 08:56:47,544 INFO o.a.j.t.JMeterThread: Thread finished: TCC order-create 1-11
2026-09-10 08:56:47,574 INFO o.a.j.t.JMeterThread: Stopping because end time detected by thread: TCC order-create 1-9
2026-09-10 08:56:47,574 INFO o.a.j.t.JMeterThread: Thread finished: TCC order-create 1-9
2026-09-10 08:56:47,603 INFO o.a.j.t.JMeterThread: Stopping because end time detected by thread: TCC order-create 1-19
2026-09-10 08:56:47,603 INFO o.a.j.t.JMeterThread: Thread finished: TCC order-create 1-19
2026-09-10 08:56:47,633 INFO o.a.j.t.JMeterThread: Stopping because end time detected by thread: TCC order-create 1-16
2026-09-10 08:56:47,633 INFO o.a.j.t.JMeterThread: Thread finished: TCC order-create 1-16
2026-09-10 08:56:47,666 INFO o.a.j.t.JMeterThread: Stopping because end time detected by thread: TCC order-create 1-10
2026-09-10 08:56:47,666 INFO o.a.j.t.JMeterThread: Thread finished: TCC order-create 1-10
2026-09-10 08:56:47,689 INFO o.a.j.t.JMeterThread: Stopping because end time detected by thread: TCC order-create 1-6
2026-09-10 08:56:47,690 INFO o.a.j.t.JMeterThread: Thread finished: TCC order-create 1-6
2026-09-10 08:56:47,690 INFO o.a.j.e.StandardJMeterEngine: Notifying test listeners of end of test
2026-09-10 08:56:47,693 INFO o.a.j.r.Summariser: summary +    689 in 00:00:18 =   39.0/s Avg:   639 Min:   612 Max:   740 Err:     0 (0.00%) Active: 0 Started: 25 Finished: 25
2026-09-10 08:56:47,694 INFO o.a.j.r.Summariser: summary =   4506 in 00:02:01 =   37.3/s Avg:   662 Min:    86 Max:  1844 Err:     0 (0.00%)
