2026-09-10 08:54:10,841 INFO o.a.j.u.JMeterUtils: Setting Locale to en_EN
2026-09-10 08:54:10,857 INFO o.a.j.JMeter: Loading user properties from: /home/avituo/projects/tcc/tcc-container/.tools/apache-jmeter-5.6.3/bin/user.properties
2026-09-10 08:54:10,858 INFO o.a.j.JMeter: Loading system properties from: /home/avituo/projects/tcc/tcc-container/.tools/apache-jmeter-5.6.3/bin/system.properties
2026-09-10 08:54:10,858 INFO o.a.j.JMeter: Loading additional properties from: /home/avituo/projects/tcc/tcc-container/benchmark/jmeter/benchmark.properties
2026-09-10 08:54:10,858 INFO o.a.j.JMeter: Loading additional properties from: /tmp/tcc-benchmark-auth.2ZW0Qv/auth.properties
2026-09-10 08:54:10,858 INFO o.a.j.JMeter: Setting JMeter property: threads=25
2026-09-10 08:54:10,858 INFO o.a.j.JMeter: Setting JMeter property: duration_seconds=30
2026-09-10 08:54:10,858 INFO o.a.j.JMeter: Setting JMeter property: target_host=localhost
2026-09-10 08:54:10,858 INFO o.a.j.JMeter: Setting JMeter property: target_port=18000
2026-09-10 08:54:10,858 INFO o.a.j.JMeter: Setting JMeter property: tcc.order.id=1
2026-09-10 08:54:10,858 INFO o.a.j.JMeter: Setting JMeter property: repetition=3
2026-09-10 08:54:10,865 INFO o.a.j.JMeter: Copyright (c) 1998-2024 The Apache Software Foundation
2026-09-10 08:54:10,865 INFO o.a.j.JMeter: Version 5.6.3
2026-09-10 08:54:10,865 INFO o.a.j.JMeter: java.version=21.0.11
2026-09-10 08:54:10,865 INFO o.a.j.JMeter: java.vm.name=OpenJDK 64-Bit Server VM
2026-09-10 08:54:10,865 INFO o.a.j.JMeter: os.name=Linux
2026-09-10 08:54:10,865 INFO o.a.j.JMeter: os.arch=amd64
2026-09-10 08:54:10,865 INFO o.a.j.JMeter: os.version=7.0.11-76070011-generic
2026-09-10 08:54:10,865 INFO o.a.j.JMeter: file.encoding=UTF-8
2026-09-10 08:54:10,865 INFO o.a.j.JMeter: java.awt.headless=true
2026-09-10 08:54:10,865 INFO o.a.j.JMeter: Max memory     =1073741824
2026-09-10 08:54:10,865 INFO o.a.j.JMeter: Available Processors =16
2026-09-10 08:54:10,874 INFO o.a.j.JMeter: Default Locale=English (EN)
2026-09-10 08:54:10,874 INFO o.a.j.JMeter: JMeter  Locale=English (EN)
2026-09-10 08:54:10,874 INFO o.a.j.JMeter: JMeterHome=/home/avituo/projects/tcc/tcc-container/.tools/apache-jmeter-5.6.3
2026-09-10 08:54:10,874 INFO o.a.j.JMeter: user.dir  =/home/avituo/projects/tcc/tcc-container
2026-09-10 08:54:10,874 INFO o.a.j.JMeter: PWD       =/home/avituo/projects/tcc/tcc-container
2026-09-10 08:54:10,882 INFO o.a.j.JMeter: IP: 192.168.1.16 Name: pop-os FullName: pop-os.home
2026-09-10 08:54:10,894 INFO o.a.j.s.FileServer: Default base='/home/avituo/projects/tcc/tcc-container'
2026-09-10 08:54:10,895 INFO o.a.j.s.FileServer: Set new base='/home/avituo/projects/tcc/tcc-container/benchmark/jmeter'
2026-09-10 08:54:11,073 INFO o.a.j.s.SaveService: Testplan (JMX) version: 2.2. Testlog (JTL) version: 2.2
2026-09-10 08:54:11,097 INFO o.a.j.s.SaveService: Using SaveService properties version 5.0
2026-09-10 08:54:11,101 INFO o.a.j.s.SaveService: Using SaveService properties file encoding UTF-8
2026-09-10 08:54:11,106 INFO o.a.j.s.SaveService: Loading file: /home/avituo/projects/tcc/tcc-container/benchmark/jmeter/tcc-order-create-v1.jmx
2026-09-10 08:54:11,158 INFO o.a.j.p.h.s.HTTPSamplerBase: Parser for text/html is org.apache.jmeter.protocol.http.parser.LagartoBasedHtmlParser
2026-09-10 08:54:11,158 INFO o.a.j.p.h.s.HTTPSamplerBase: Parser for application/xhtml+xml is org.apache.jmeter.protocol.http.parser.LagartoBasedHtmlParser
2026-09-10 08:54:11,158 INFO o.a.j.p.h.s.HTTPSamplerBase: Parser for application/xml is org.apache.jmeter.protocol.http.parser.LagartoBasedHtmlParser
2026-09-10 08:54:11,158 INFO o.a.j.p.h.s.HTTPSamplerBase: Parser for text/xml is org.apache.jmeter.protocol.http.parser.LagartoBasedHtmlParser
2026-09-10 08:54:11,158 INFO o.a.j.p.h.s.HTTPSamplerBase: Parser for text/vnd.wap.wml is org.apache.jmeter.protocol.http.parser.RegexpHTMLParser
2026-09-10 08:54:11,158 INFO o.a.j.p.h.s.HTTPSamplerBase: Parser for text/css is org.apache.jmeter.protocol.http.parser.CssParser
2026-09-10 08:54:11,195 INFO o.a.j.JMeter: Creating summariser <summary>
2026-09-10 08:54:11,213 INFO o.a.j.e.StandardJMeterEngine: Running the test!
2026-09-10 08:54:11,213 INFO o.a.j.s.SampleEvent: List of sample_variables: []
2026-09-10 08:54:11,214 INFO o.a.j.s.SampleEvent: List of sample_variables: []
2026-09-10 08:54:11,219 INFO o.a.j.e.u.CompoundVariable: Note: Function class names must contain the string: '.functions.'
2026-09-10 08:54:11,219 INFO o.a.j.e.u.CompoundVariable: Note: Function class names must not contain the string: '.gui.'
2026-09-10 08:54:11,457 INFO o.a.j.JMeter: Running test (1789041251457)
2026-09-10 08:54:11,478 INFO o.a.j.e.StandardJMeterEngine: Starting ThreadGroup: 1 : TCC order-create
2026-09-10 08:54:11,479 INFO o.a.j.e.StandardJMeterEngine: Starting 25 threads for group TCC order-create.
2026-09-10 08:54:11,479 INFO o.a.j.e.StandardJMeterEngine: Thread will continue on error
2026-09-10 08:54:11,479 INFO o.a.j.t.ThreadGroup: Starting thread group... number=1 threads=25 ramp-up=0 delayedStart=false
2026-09-10 08:54:11,486 INFO o.a.j.t.JMeterThread: Thread started: TCC order-create 1-3
2026-09-10 08:54:11,486 INFO o.a.j.t.JMeterThread: Thread started: TCC order-create 1-1
2026-09-10 08:54:11,486 INFO o.a.j.t.JMeterThread: Thread started: TCC order-create 1-2
2026-09-10 08:54:11,486 INFO o.a.j.t.JMeterThread: Thread started: TCC order-create 1-4
2026-09-10 08:54:11,486 INFO o.a.j.t.JMeterThread: Thread started: TCC order-create 1-5
2026-09-10 08:54:11,487 INFO o.a.j.t.JMeterThread: Thread started: TCC order-create 1-6
2026-09-10 08:54:11,488 INFO o.a.j.t.JMeterThread: Thread started: TCC order-create 1-7
2026-09-10 08:54:11,489 INFO o.a.j.t.JMeterThread: Thread started: TCC order-create 1-8
2026-09-10 08:54:11,489 INFO o.a.j.t.JMeterThread: Thread started: TCC order-create 1-9
2026-09-10 08:54:11,490 INFO o.a.j.t.JMeterThread: Thread started: TCC order-create 1-10
2026-09-10 08:54:11,491 INFO o.a.j.t.JMeterThread: Thread started: TCC order-create 1-11
2026-09-10 08:54:11,492 INFO o.a.j.t.JMeterThread: Thread started: TCC order-create 1-12
2026-09-10 08:54:11,492 INFO o.a.j.t.JMeterThread: Thread started: TCC order-create 1-13
2026-09-10 08:54:11,493 INFO o.a.j.t.JMeterThread: Thread started: TCC order-create 1-14
2026-09-10 08:54:11,494 INFO o.a.j.t.JMeterThread: Thread started: TCC order-create 1-15
2026-09-10 08:54:11,495 INFO o.a.j.t.JMeterThread: Thread started: TCC order-create 1-16
2026-09-10 08:54:11,496 INFO o.a.j.t.JMeterThread: Thread started: TCC order-create 1-17
2026-09-10 08:54:11,497 INFO o.a.j.t.JMeterThread: Thread started: TCC order-create 1-18
2026-09-10 08:54:11,498 INFO o.a.j.t.JMeterThread: Thread started: TCC order-create 1-19
2026-09-10 08:54:11,498 INFO o.a.j.t.JMeterThread: Thread started: TCC order-create 1-20
2026-09-10 08:54:11,499 INFO o.a.j.t.JMeterThread: Thread started: TCC order-create 1-21
2026-09-10 08:54:11,499 INFO o.a.j.t.JMeterThread: Thread started: TCC order-create 1-22
2026-09-10 08:54:11,500 INFO o.a.j.t.JMeterThread: Thread started: TCC order-create 1-23
2026-09-10 08:54:11,501 INFO o.a.j.t.ThreadGroup: Started thread group number 1
2026-09-10 08:54:11,501 INFO o.a.j.t.JMeterThread: Thread started: TCC order-create 1-24
2026-09-10 08:54:11,501 INFO o.a.j.e.StandardJMeterEngine: All thread groups have been started
2026-09-10 08:54:11,502 INFO o.a.j.t.JMeterThread: Thread started: TCC order-create 1-25
2026-09-10 08:54:12,273 INFO o.a.j.p.h.s.HTTPHCAbstractImpl: Local host = pop-os
2026-09-10 08:54:12,280 INFO o.a.j.p.h.s.HTTPHC4Impl: HTTP request retry count = 0
2026-09-10 08:54:12,282 INFO o.a.j.s.SampleResult: Note: Sample TimeStamps are START times
2026-09-10 08:54:12,283 INFO o.a.j.s.SampleResult: sampleresult.default.encoding is set to UTF-8
2026-09-10 08:54:12,283 INFO o.a.j.s.SampleResult: sampleresult.useNanoTime=true
2026-09-10 08:54:12,283 INFO o.a.j.s.SampleResult: sampleresult.nanoThreadSleep=5000
2026-09-10 08:54:30,030 INFO o.a.j.r.Summariser: summary +    656 in 00:00:19 =   35.3/s Avg:   659 Min:   112 Max:   805 Err:     0 (0.00%) Active: 25 Started: 25 Finished: 0
2026-09-10 08:54:41,497 INFO o.a.j.t.JMeterThread: Stopping because end time detected by thread: TCC order-create 1-16
2026-09-10 08:54:41,497 INFO o.a.j.t.JMeterThread: Thread finished: TCC order-create 1-16
2026-09-10 08:54:41,525 INFO o.a.j.t.JMeterThread: Stopping because end time detected by thread: TCC order-create 1-7
2026-09-10 08:54:41,525 INFO o.a.j.t.JMeterThread: Thread finished: TCC order-create 1-7
2026-09-10 08:54:41,550 INFO o.a.j.t.JMeterThread: Stopping because end time detected by thread: TCC order-create 1-24
2026-09-10 08:54:41,550 INFO o.a.j.t.JMeterThread: Thread finished: TCC order-create 1-24
2026-09-10 08:54:41,576 INFO o.a.j.t.JMeterThread: Stopping because end time detected by thread: TCC order-create 1-14
2026-09-10 08:54:41,576 INFO o.a.j.t.JMeterThread: Thread finished: TCC order-create 1-14
2026-09-10 08:54:41,602 INFO o.a.j.t.JMeterThread: Stopping because end time detected by thread: TCC order-create 1-15
2026-09-10 08:54:41,602 INFO o.a.j.t.JMeterThread: Thread finished: TCC order-create 1-15
2026-09-10 08:54:41,627 INFO o.a.j.t.JMeterThread: Stopping because end time detected by thread: TCC order-create 1-13
2026-09-10 08:54:41,627 INFO o.a.j.t.JMeterThread: Thread finished: TCC order-create 1-13
2026-09-10 08:54:41,652 INFO o.a.j.t.JMeterThread: Stopping because end time detected by thread: TCC order-create 1-20
2026-09-10 08:54:41,652 INFO o.a.j.t.JMeterThread: Thread finished: TCC order-create 1-20
2026-09-10 08:54:41,676 INFO o.a.j.t.JMeterThread: Stopping because end time detected by thread: TCC order-create 1-5
2026-09-10 08:54:41,676 INFO o.a.j.t.JMeterThread: Thread finished: TCC order-create 1-5
2026-09-10 08:54:41,702 INFO o.a.j.t.JMeterThread: Stopping because end time detected by thread: TCC order-create 1-11
2026-09-10 08:54:41,702 INFO o.a.j.t.JMeterThread: Thread finished: TCC order-create 1-11
2026-09-10 08:54:41,728 INFO o.a.j.t.JMeterThread: Stopping because end time detected by thread: TCC order-create 1-12
2026-09-10 08:54:41,728 INFO o.a.j.t.JMeterThread: Thread finished: TCC order-create 1-12
2026-09-10 08:54:41,753 INFO o.a.j.t.JMeterThread: Stopping because end time detected by thread: TCC order-create 1-25
2026-09-10 08:54:41,754 INFO o.a.j.t.JMeterThread: Thread finished: TCC order-create 1-25
2026-09-10 08:54:41,778 INFO o.a.j.t.JMeterThread: Stopping because end time detected by thread: TCC order-create 1-17
2026-09-10 08:54:41,778 INFO o.a.j.t.JMeterThread: Thread finished: TCC order-create 1-17
2026-09-10 08:54:41,806 INFO o.a.j.t.JMeterThread: Stopping because end time detected by thread: TCC order-create 1-8
2026-09-10 08:54:41,806 INFO o.a.j.t.JMeterThread: Thread finished: TCC order-create 1-8
2026-09-10 08:54:41,833 INFO o.a.j.t.JMeterThread: Stopping because end time detected by thread: TCC order-create 1-1
2026-09-10 08:54:41,833 INFO o.a.j.t.JMeterThread: Thread finished: TCC order-create 1-1
2026-09-10 08:54:41,865 INFO o.a.j.t.JMeterThread: Stopping because end time detected by thread: TCC order-create 1-22
2026-09-10 08:54:41,865 INFO o.a.j.t.JMeterThread: Thread finished: TCC order-create 1-22
2026-09-10 08:54:41,890 INFO o.a.j.t.JMeterThread: Stopping because end time detected by thread: TCC order-create 1-4
2026-09-10 08:54:41,891 INFO o.a.j.t.JMeterThread: Thread finished: TCC order-create 1-4
2026-09-10 08:54:41,916 INFO o.a.j.t.JMeterThread: Stopping because end time detected by thread: TCC order-create 1-23
2026-09-10 08:54:41,916 INFO o.a.j.t.JMeterThread: Thread finished: TCC order-create 1-23
2026-09-10 08:54:41,941 INFO o.a.j.t.JMeterThread: Stopping because end time detected by thread: TCC order-create 1-3
2026-09-10 08:54:41,941 INFO o.a.j.t.JMeterThread: Thread finished: TCC order-create 1-3
2026-09-10 08:54:41,965 INFO o.a.j.t.JMeterThread: Stopping because end time detected by thread: TCC order-create 1-6
2026-09-10 08:54:41,965 INFO o.a.j.t.JMeterThread: Thread finished: TCC order-create 1-6
2026-09-10 08:54:41,991 INFO o.a.j.t.JMeterThread: Stopping because end time detected by thread: TCC order-create 1-2
2026-09-10 08:54:41,991 INFO o.a.j.t.JMeterThread: Thread finished: TCC order-create 1-2
2026-09-10 08:54:42,024 INFO o.a.j.t.JMeterThread: Stopping because end time detected by thread: TCC order-create 1-19
2026-09-10 08:54:42,024 INFO o.a.j.t.JMeterThread: Thread finished: TCC order-create 1-19
2026-09-10 08:54:42,049 INFO o.a.j.t.JMeterThread: Stopping because end time detected by thread: TCC order-create 1-21
2026-09-10 08:54:42,049 INFO o.a.j.t.JMeterThread: Thread finished: TCC order-create 1-21
2026-09-10 08:54:42,077 INFO o.a.j.t.JMeterThread: Stopping because end time detected by thread: TCC order-create 1-18
2026-09-10 08:54:42,078 INFO o.a.j.t.JMeterThread: Thread finished: TCC order-create 1-18
2026-09-10 08:54:42,107 INFO o.a.j.t.JMeterThread: Stopping because end time detected by thread: TCC order-create 1-10
2026-09-10 08:54:42,107 INFO o.a.j.t.JMeterThread: Thread finished: TCC order-create 1-10
2026-09-10 08:54:42,137 INFO o.a.j.t.JMeterThread: Stopping because end time detected by thread: TCC order-create 1-9
2026-09-10 08:54:42,137 INFO o.a.j.t.JMeterThread: Thread finished: TCC order-create 1-9
2026-09-10 08:54:42,137 INFO o.a.j.e.StandardJMeterEngine: Notifying test listeners of end of test
2026-09-10 08:54:42,141 INFO o.a.j.r.Summariser: summary +    453 in 00:00:12 =   37.4/s Avg:   666 Min:   632 Max:   715 Err:     0 (0.00%) Active: 0 Started: 25 Finished: 25
2026-09-10 08:54:42,141 INFO o.a.j.r.Summariser: summary =   1109 in 00:00:31 =   36.1/s Avg:   662 Min:   112 Max:   805 Err:     0 (0.00%)
