2026-09-10 02:41:43,437 INFO o.a.j.u.JMeterUtils: Setting Locale to en_EN
2026-09-10 02:41:43,454 INFO o.a.j.JMeter: Loading user properties from: /home/avituo/projects/tcc/tcc-container/.tools/apache-jmeter-5.6.3/bin/user.properties
2026-09-10 02:41:43,454 INFO o.a.j.JMeter: Loading system properties from: /home/avituo/projects/tcc/tcc-container/.tools/apache-jmeter-5.6.3/bin/system.properties
2026-09-10 02:41:43,454 INFO o.a.j.JMeter: Loading additional properties from: /home/avituo/projects/tcc/tcc-container/benchmark/jmeter/benchmark.properties
2026-09-10 02:41:43,454 INFO o.a.j.JMeter: Loading additional properties from: /tmp/tcc-benchmark-auth.akTqnj/auth.properties
2026-09-10 02:41:43,454 INFO o.a.j.JMeter: Loading additional properties from: /home/avituo/projects/tcc/tcc-container/benchmark/results/laravel-13.20.0/final/products/c100/r1/monolith/thread-counters.properties
2026-09-10 02:41:43,455 INFO o.a.j.JMeter: Setting JMeter property: threads=100
2026-09-10 02:41:43,455 INFO o.a.j.JMeter: Setting JMeter property: duration_seconds=120
2026-09-10 02:41:43,455 INFO o.a.j.JMeter: Setting JMeter property: target_host=localhost
2026-09-10 02:41:43,455 INFO o.a.j.JMeter: Setting JMeter property: target_port=18000
2026-09-10 02:41:43,455 INFO o.a.j.JMeter: Setting JMeter property: tcc.order.id=1
2026-09-10 02:41:43,455 INFO o.a.j.JMeter: Setting JMeter property: repetition=1
2026-09-10 02:41:43,463 INFO o.a.j.JMeter: Copyright (c) 1998-2024 The Apache Software Foundation
2026-09-10 02:41:43,463 INFO o.a.j.JMeter: Version 5.6.3
2026-09-10 02:41:43,463 INFO o.a.j.JMeter: java.version=21.0.11
2026-09-10 02:41:43,463 INFO o.a.j.JMeter: java.vm.name=OpenJDK 64-Bit Server VM
2026-09-10 02:41:43,463 INFO o.a.j.JMeter: os.name=Linux
2026-09-10 02:41:43,463 INFO o.a.j.JMeter: os.arch=amd64
2026-09-10 02:41:43,463 INFO o.a.j.JMeter: os.version=7.0.11-76070011-generic
2026-09-10 02:41:43,463 INFO o.a.j.JMeter: file.encoding=UTF-8
2026-09-10 02:41:43,464 INFO o.a.j.JMeter: java.awt.headless=true
2026-09-10 02:41:43,464 INFO o.a.j.JMeter: Max memory     =1073741824
2026-09-10 02:41:43,464 INFO o.a.j.JMeter: Available Processors =16
2026-09-10 02:41:43,473 INFO o.a.j.JMeter: Default Locale=English (EN)
2026-09-10 02:41:43,473 INFO o.a.j.JMeter: JMeter  Locale=English (EN)
2026-09-10 02:41:43,473 INFO o.a.j.JMeter: JMeterHome=/home/avituo/projects/tcc/tcc-container/.tools/apache-jmeter-5.6.3
2026-09-10 02:41:43,473 INFO o.a.j.JMeter: user.dir  =/home/avituo/projects/tcc/tcc-container
2026-09-10 02:41:43,473 INFO o.a.j.JMeter: PWD       =/home/avituo/projects/tcc/tcc-container
2026-09-10 02:41:43,485 INFO o.a.j.JMeter: IP: 192.168.1.16 Name: pop-os FullName: pop-os.home
2026-09-10 02:41:43,497 INFO o.a.j.s.FileServer: Default base='/home/avituo/projects/tcc/tcc-container'
2026-09-10 02:41:43,499 INFO o.a.j.s.FileServer: Set new base='/home/avituo/projects/tcc/tcc-container/benchmark/jmeter'
2026-09-10 02:41:43,659 INFO o.a.j.s.SaveService: Testplan (JMX) version: 2.2. Testlog (JTL) version: 2.2
2026-09-10 02:41:43,684 INFO o.a.j.s.SaveService: Using SaveService properties version 5.0
2026-09-10 02:41:43,687 INFO o.a.j.s.SaveService: Using SaveService properties file encoding UTF-8
2026-09-10 02:41:43,690 INFO o.a.j.s.SaveService: Loading file: /home/avituo/projects/tcc/tcc-container/benchmark/jmeter/tcc-products-v1.jmx
2026-09-10 02:41:43,739 INFO o.a.j.p.h.s.HTTPSamplerBase: Parser for text/html is org.apache.jmeter.protocol.http.parser.LagartoBasedHtmlParser
2026-09-10 02:41:43,739 INFO o.a.j.p.h.s.HTTPSamplerBase: Parser for application/xhtml+xml is org.apache.jmeter.protocol.http.parser.LagartoBasedHtmlParser
2026-09-10 02:41:43,739 INFO o.a.j.p.h.s.HTTPSamplerBase: Parser for application/xml is org.apache.jmeter.protocol.http.parser.LagartoBasedHtmlParser
2026-09-10 02:41:43,739 INFO o.a.j.p.h.s.HTTPSamplerBase: Parser for text/xml is org.apache.jmeter.protocol.http.parser.LagartoBasedHtmlParser
2026-09-10 02:41:43,739 INFO o.a.j.p.h.s.HTTPSamplerBase: Parser for text/vnd.wap.wml is org.apache.jmeter.protocol.http.parser.RegexpHTMLParser
2026-09-10 02:41:43,739 INFO o.a.j.p.h.s.HTTPSamplerBase: Parser for text/css is org.apache.jmeter.protocol.http.parser.CssParser
2026-09-10 02:41:43,768 INFO o.a.j.JMeter: Creating summariser <summary>
2026-09-10 02:41:43,789 INFO o.a.j.e.StandardJMeterEngine: Running the test!
2026-09-10 02:41:43,789 INFO o.a.j.s.SampleEvent: List of sample_variables: []
2026-09-10 02:41:43,789 INFO o.a.j.s.SampleEvent: List of sample_variables: []
2026-09-10 02:41:43,794 INFO o.a.j.e.u.CompoundVariable: Note: Function class names must contain the string: '.functions.'
2026-09-10 02:41:43,794 INFO o.a.j.e.u.CompoundVariable: Note: Function class names must not contain the string: '.gui.'
2026-09-10 02:41:44,030 INFO o.a.j.JMeter: Running test (1789018904030)
2026-09-10 02:41:44,050 INFO o.a.j.e.StandardJMeterEngine: Starting ThreadGroup: 1 : TCC products
2026-09-10 02:41:44,051 INFO o.a.j.e.StandardJMeterEngine: Starting 100 threads for group TCC products.
2026-09-10 02:41:44,051 INFO o.a.j.e.StandardJMeterEngine: Thread will continue on error
2026-09-10 02:41:44,051 INFO o.a.j.t.ThreadGroup: Starting thread group... number=1 threads=100 ramp-up=0 delayedStart=false
2026-09-10 02:41:44,058 INFO o.a.j.t.JMeterThread: Thread started: TCC products 1-5
2026-09-10 02:41:44,058 INFO o.a.j.t.JMeterThread: Thread started: TCC products 1-1
2026-09-10 02:41:44,058 INFO o.a.j.t.JMeterThread: Thread started: TCC products 1-2
2026-09-10 02:41:44,058 INFO o.a.j.t.JMeterThread: Thread started: TCC products 1-3
2026-09-10 02:41:44,058 INFO o.a.j.t.JMeterThread: Thread started: TCC products 1-4
2026-09-10 02:41:44,059 INFO o.a.j.t.JMeterThread: Thread started: TCC products 1-6
2026-09-10 02:41:44,059 INFO o.a.j.t.JMeterThread: Thread started: TCC products 1-7
2026-09-10 02:41:44,060 INFO o.a.j.t.JMeterThread: Thread started: TCC products 1-8
2026-09-10 02:41:44,060 INFO o.a.j.t.JMeterThread: Thread started: TCC products 1-9
2026-09-10 02:41:44,061 INFO o.a.j.t.JMeterThread: Thread started: TCC products 1-10
2026-09-10 02:41:44,061 INFO o.a.j.t.JMeterThread: Thread started: TCC products 1-11
2026-09-10 02:41:44,062 INFO o.a.j.t.JMeterThread: Thread started: TCC products 1-12
2026-09-10 02:41:44,064 INFO o.a.j.t.JMeterThread: Thread started: TCC products 1-13
2026-09-10 02:41:44,065 INFO o.a.j.t.JMeterThread: Thread started: TCC products 1-14
2026-09-10 02:41:44,065 INFO o.a.j.t.JMeterThread: Thread started: TCC products 1-15
2026-09-10 02:41:44,066 INFO o.a.j.t.JMeterThread: Thread started: TCC products 1-16
2026-09-10 02:41:44,067 INFO o.a.j.t.JMeterThread: Thread started: TCC products 1-17
2026-09-10 02:41:44,068 INFO o.a.j.t.JMeterThread: Thread started: TCC products 1-18
2026-09-10 02:41:44,068 INFO o.a.j.t.JMeterThread: Thread started: TCC products 1-19
2026-09-10 02:41:44,069 INFO o.a.j.t.JMeterThread: Thread started: TCC products 1-20
2026-09-10 02:41:44,070 INFO o.a.j.t.JMeterThread: Thread started: TCC products 1-21
2026-09-10 02:41:44,070 INFO o.a.j.t.JMeterThread: Thread started: TCC products 1-22
2026-09-10 02:41:44,070 INFO o.a.j.t.JMeterThread: Thread started: TCC products 1-23
2026-09-10 02:41:44,071 INFO o.a.j.t.JMeterThread: Thread started: TCC products 1-24
2026-09-10 02:41:44,072 INFO o.a.j.t.JMeterThread: Thread started: TCC products 1-25
2026-09-10 02:41:44,072 INFO o.a.j.t.JMeterThread: Thread started: TCC products 1-26
2026-09-10 02:41:44,073 INFO o.a.j.t.JMeterThread: Thread started: TCC products 1-27
2026-09-10 02:41:44,074 INFO o.a.j.t.JMeterThread: Thread started: TCC products 1-28
2026-09-10 02:41:44,074 INFO o.a.j.t.JMeterThread: Thread started: TCC products 1-29
2026-09-10 02:41:44,075 INFO o.a.j.t.JMeterThread: Thread started: TCC products 1-30
2026-09-10 02:41:44,075 INFO o.a.j.t.JMeterThread: Thread started: TCC products 1-31
2026-09-10 02:41:44,075 INFO o.a.j.t.JMeterThread: Thread started: TCC products 1-32
2026-09-10 02:41:44,076 INFO o.a.j.t.JMeterThread: Thread started: TCC products 1-33
2026-09-10 02:41:44,076 INFO o.a.j.t.JMeterThread: Thread started: TCC products 1-34
2026-09-10 02:41:44,077 INFO o.a.j.t.JMeterThread: Thread started: TCC products 1-35
2026-09-10 02:41:44,077 INFO o.a.j.t.JMeterThread: Thread started: TCC products 1-36
2026-09-10 02:41:44,078 INFO o.a.j.t.JMeterThread: Thread started: TCC products 1-37
2026-09-10 02:41:44,078 INFO o.a.j.t.JMeterThread: Thread started: TCC products 1-38
2026-09-10 02:41:44,079 INFO o.a.j.t.JMeterThread: Thread started: TCC products 1-39
2026-09-10 02:41:44,080 INFO o.a.j.t.JMeterThread: Thread started: TCC products 1-40
2026-09-10 02:41:44,080 INFO o.a.j.t.JMeterThread: Thread started: TCC products 1-41
2026-09-10 02:41:44,081 INFO o.a.j.t.JMeterThread: Thread started: TCC products 1-42
2026-09-10 02:41:44,082 INFO o.a.j.t.JMeterThread: Thread started: TCC products 1-43
2026-09-10 02:41:44,082 INFO o.a.j.t.JMeterThread: Thread started: TCC products 1-44
2026-09-10 02:41:44,083 INFO o.a.j.t.JMeterThread: Thread started: TCC products 1-45
2026-09-10 02:41:44,083 INFO o.a.j.t.JMeterThread: Thread started: TCC products 1-46
2026-09-10 02:41:44,083 INFO o.a.j.t.JMeterThread: Thread started: TCC products 1-47
2026-09-10 02:41:44,084 INFO o.a.j.t.JMeterThread: Thread started: TCC products 1-48
2026-09-10 02:41:44,084 INFO o.a.j.t.JMeterThread: Thread started: TCC products 1-49
2026-09-10 02:41:44,085 INFO o.a.j.t.JMeterThread: Thread started: TCC products 1-50
2026-09-10 02:41:44,086 INFO o.a.j.t.JMeterThread: Thread started: TCC products 1-51
2026-09-10 02:41:44,086 INFO o.a.j.t.JMeterThread: Thread started: TCC products 1-52
2026-09-10 02:41:44,087 INFO o.a.j.p.h.s.HTTPHCAbstractImpl: Local host = pop-os
2026-09-10 02:41:44,087 INFO o.a.j.t.JMeterThread: Thread started: TCC products 1-53
2026-09-10 02:41:44,087 INFO o.a.j.t.JMeterThread: Thread started: TCC products 1-54
2026-09-10 02:41:44,087 INFO o.a.j.t.JMeterThread: Thread started: TCC products 1-55
2026-09-10 02:41:44,088 INFO o.a.j.t.JMeterThread: Thread started: TCC products 1-56
2026-09-10 02:41:44,088 INFO o.a.j.t.JMeterThread: Thread started: TCC products 1-57
2026-09-10 02:41:44,089 INFO o.a.j.t.JMeterThread: Thread started: TCC products 1-58
2026-09-10 02:41:44,089 INFO o.a.j.t.JMeterThread: Thread started: TCC products 1-59
2026-09-10 02:41:44,090 INFO o.a.j.t.JMeterThread: Thread started: TCC products 1-60
2026-09-10 02:41:44,090 INFO o.a.j.t.JMeterThread: Thread started: TCC products 1-61
2026-09-10 02:41:44,091 INFO o.a.j.t.JMeterThread: Thread started: TCC products 1-62
2026-09-10 02:41:44,091 INFO o.a.j.t.JMeterThread: Thread started: TCC products 1-63
2026-09-10 02:41:44,092 INFO o.a.j.t.JMeterThread: Thread started: TCC products 1-64
2026-09-10 02:41:44,093 INFO o.a.j.t.JMeterThread: Thread started: TCC products 1-65
2026-09-10 02:41:44,094 INFO o.a.j.t.JMeterThread: Thread started: TCC products 1-66
2026-09-10 02:41:44,094 INFO o.a.j.t.JMeterThread: Thread started: TCC products 1-67
2026-09-10 02:41:44,095 INFO o.a.j.t.JMeterThread: Thread started: TCC products 1-68
2026-09-10 02:41:44,095 INFO o.a.j.t.JMeterThread: Thread started: TCC products 1-69
2026-09-10 02:41:44,095 INFO o.a.j.t.JMeterThread: Thread started: TCC products 1-70
2026-09-10 02:41:44,096 INFO o.a.j.t.JMeterThread: Thread started: TCC products 1-71
2026-09-10 02:41:44,096 INFO o.a.j.t.JMeterThread: Thread started: TCC products 1-72
2026-09-10 02:41:44,096 INFO o.a.j.p.h.s.HTTPHC4Impl: HTTP request retry count = 0
2026-09-10 02:41:44,096 INFO o.a.j.t.JMeterThread: Thread started: TCC products 1-73
2026-09-10 02:41:44,097 INFO o.a.j.t.JMeterThread: Thread started: TCC products 1-74
2026-09-10 02:41:44,098 INFO o.a.j.s.SampleResult: Note: Sample TimeStamps are START times
2026-09-10 02:41:44,098 INFO o.a.j.t.JMeterThread: Thread started: TCC products 1-76
2026-09-10 02:41:44,098 INFO o.a.j.t.JMeterThread: Thread started: TCC products 1-75
2026-09-10 02:41:44,099 INFO o.a.j.t.JMeterThread: Thread started: TCC products 1-77
2026-09-10 02:41:44,099 INFO o.a.j.s.SampleResult: sampleresult.default.encoding is set to UTF-8
2026-09-10 02:41:44,099 INFO o.a.j.s.SampleResult: sampleresult.useNanoTime=true
2026-09-10 02:41:44,099 INFO o.a.j.s.SampleResult: sampleresult.nanoThreadSleep=5000
2026-09-10 02:41:44,099 INFO o.a.j.t.JMeterThread: Thread started: TCC products 1-78
2026-09-10 02:41:44,100 INFO o.a.j.t.JMeterThread: Thread started: TCC products 1-79
2026-09-10 02:41:44,101 INFO o.a.j.t.JMeterThread: Thread started: TCC products 1-80
2026-09-10 02:41:44,101 INFO o.a.j.t.JMeterThread: Thread started: TCC products 1-81
2026-09-10 02:41:44,102 INFO o.a.j.t.JMeterThread: Thread started: TCC products 1-82
2026-09-10 02:41:44,103 INFO o.a.j.t.JMeterThread: Thread started: TCC products 1-83
2026-09-10 02:41:44,104 INFO o.a.j.t.JMeterThread: Thread started: TCC products 1-84
2026-09-10 02:41:44,104 INFO o.a.j.t.JMeterThread: Thread started: TCC products 1-85
2026-09-10 02:41:44,105 INFO o.a.j.t.JMeterThread: Thread started: TCC products 1-86
2026-09-10 02:41:44,105 INFO o.a.j.t.JMeterThread: Thread started: TCC products 1-87
2026-09-10 02:41:44,106 INFO o.a.j.t.JMeterThread: Thread started: TCC products 1-88
2026-09-10 02:41:44,106 INFO o.a.j.t.JMeterThread: Thread started: TCC products 1-89
2026-09-10 02:41:44,107 INFO o.a.j.t.JMeterThread: Thread started: TCC products 1-90
2026-09-10 02:41:44,107 INFO o.a.j.t.JMeterThread: Thread started: TCC products 1-92
2026-09-10 02:41:44,107 INFO o.a.j.t.JMeterThread: Thread started: TCC products 1-93
2026-09-10 02:41:44,107 INFO o.a.j.t.JMeterThread: Thread started: TCC products 1-91
2026-09-10 02:41:44,108 INFO o.a.j.t.JMeterThread: Thread started: TCC products 1-94
2026-09-10 02:41:44,108 INFO o.a.j.t.JMeterThread: Thread started: TCC products 1-95
2026-09-10 02:41:44,109 INFO o.a.j.t.JMeterThread: Thread started: TCC products 1-97
2026-09-10 02:41:44,109 INFO o.a.j.t.JMeterThread: Thread started: TCC products 1-98
2026-09-10 02:41:44,110 INFO o.a.j.t.JMeterThread: Thread started: TCC products 1-99
2026-09-10 02:41:44,110 INFO o.a.j.t.ThreadGroup: Started thread group number 1
2026-09-10 02:41:44,110 INFO o.a.j.e.StandardJMeterEngine: All thread groups have been started
2026-09-10 02:41:44,108 INFO o.a.j.t.JMeterThread: Thread started: TCC products 1-96
2026-09-10 02:41:44,110 INFO o.a.j.t.JMeterThread: Thread started: TCC products 1-100
2026-09-10 02:42:00,017 INFO o.a.j.r.Summariser: summary +   1363 in 00:00:16 =   85.3/s Avg:  1099 Min:    74 Max:  1510 Err:     0 (0.00%) Active: 100 Started: 100 Finished: 0
2026-09-10 02:42:30,001 INFO o.a.j.r.Summariser: summary +   2688 in 00:00:30 =   89.6/s Avg:  1114 Min:  1089 Max:  1152 Err:     0 (0.00%) Active: 100 Started: 100 Finished: 0
2026-09-10 02:42:30,001 INFO o.a.j.r.Summariser: summary =   4051 in 00:00:46 =   88.1/s Avg:  1109 Min:    74 Max:  1510 Err:     0 (0.00%)
2026-09-10 02:43:00,016 INFO o.a.j.r.Summariser: summary +   2708 in 00:00:30 =   90.2/s Avg:  1107 Min:  1036 Max:  1201 Err:     0 (0.00%) Active: 100 Started: 100 Finished: 0
2026-09-10 02:43:00,016 INFO o.a.j.r.Summariser: summary =   6759 in 00:01:16 =   89.0/s Avg:  1108 Min:    74 Max:  1510 Err:     0 (0.00%)
2026-09-10 02:43:30,014 INFO o.a.j.r.Summariser: summary +   2723 in 00:00:30 =   90.8/s Avg:  1101 Min:  1051 Max:  1154 Err:     0 (0.00%) Active: 100 Started: 100 Finished: 0
2026-09-10 02:43:30,015 INFO o.a.j.r.Summariser: summary =   9482 in 00:01:46 =   89.5/s Avg:  1106 Min:    74 Max:  1510 Err:     0 (0.00%)
2026-09-10 02:43:44,063 INFO o.a.j.t.JMeterThread: Stopping because end time detected by thread: TCC products 1-13
2026-09-10 02:43:44,063 INFO o.a.j.t.JMeterThread: Thread finished: TCC products 1-13
2026-09-10 02:43:44,087 INFO o.a.j.t.JMeterThread: Stopping because end time detected by thread: TCC products 1-33
2026-09-10 02:43:44,087 INFO o.a.j.t.JMeterThread: Thread finished: TCC products 1-33
2026-09-10 02:43:44,098 INFO o.a.j.t.JMeterThread: Stopping because end time detected by thread: TCC products 1-38
2026-09-10 02:43:44,098 INFO o.a.j.t.JMeterThread: Thread finished: TCC products 1-38
2026-09-10 02:43:44,109 INFO o.a.j.t.JMeterThread: Stopping because end time detected by thread: TCC products 1-16
2026-09-10 02:43:44,109 INFO o.a.j.t.JMeterThread: Thread finished: TCC products 1-16
2026-09-10 02:43:44,120 INFO o.a.j.t.JMeterThread: Stopping because end time detected by thread: TCC products 1-53
2026-09-10 02:43:44,120 INFO o.a.j.t.JMeterThread: Thread finished: TCC products 1-53
2026-09-10 02:43:44,131 INFO o.a.j.t.JMeterThread: Stopping because end time detected by thread: TCC products 1-20
2026-09-10 02:43:44,132 INFO o.a.j.t.JMeterThread: Thread finished: TCC products 1-20
2026-09-10 02:43:44,143 INFO o.a.j.t.JMeterThread: Stopping because end time detected by thread: TCC products 1-47
2026-09-10 02:43:44,143 INFO o.a.j.t.JMeterThread: Thread finished: TCC products 1-47
2026-09-10 02:43:44,154 INFO o.a.j.t.JMeterThread: Stopping because end time detected by thread: TCC products 1-88
2026-09-10 02:43:44,155 INFO o.a.j.t.JMeterThread: Thread finished: TCC products 1-88
2026-09-10 02:43:44,166 INFO o.a.j.t.JMeterThread: Stopping because end time detected by thread: TCC products 1-98
2026-09-10 02:43:44,166 INFO o.a.j.t.JMeterThread: Thread finished: TCC products 1-98
2026-09-10 02:43:44,177 INFO o.a.j.t.JMeterThread: Stopping because end time detected by thread: TCC products 1-67
2026-09-10 02:43:44,177 INFO o.a.j.t.JMeterThread: Thread finished: TCC products 1-67
2026-09-10 02:43:44,188 INFO o.a.j.t.JMeterThread: Stopping because end time detected by thread: TCC products 1-77
2026-09-10 02:43:44,188 INFO o.a.j.t.JMeterThread: Thread finished: TCC products 1-77
2026-09-10 02:43:44,200 INFO o.a.j.t.JMeterThread: Stopping because end time detected by thread: TCC products 1-99
2026-09-10 02:43:44,200 INFO o.a.j.t.JMeterThread: Thread finished: TCC products 1-99
2026-09-10 02:43:44,211 INFO o.a.j.t.JMeterThread: Stopping because end time detected by thread: TCC products 1-73
2026-09-10 02:43:44,211 INFO o.a.j.t.JMeterThread: Thread finished: TCC products 1-73
2026-09-10 02:43:44,222 INFO o.a.j.t.JMeterThread: Stopping because end time detected by thread: TCC products 1-51
2026-09-10 02:43:44,222 INFO o.a.j.t.JMeterThread: Thread finished: TCC products 1-51
2026-09-10 02:43:44,233 INFO o.a.j.t.JMeterThread: Stopping because end time detected by thread: TCC products 1-29
2026-09-10 02:43:44,233 INFO o.a.j.t.JMeterThread: Thread finished: TCC products 1-29
2026-09-10 02:43:44,244 INFO o.a.j.t.JMeterThread: Stopping because end time detected by thread: TCC products 1-64
2026-09-10 02:43:44,245 INFO o.a.j.t.JMeterThread: Thread finished: TCC products 1-64
2026-09-10 02:43:44,256 INFO o.a.j.t.JMeterThread: Stopping because end time detected by thread: TCC products 1-12
2026-09-10 02:43:44,256 INFO o.a.j.t.JMeterThread: Thread finished: TCC products 1-12
2026-09-10 02:43:44,267 INFO o.a.j.t.JMeterThread: Stopping because end time detected by thread: TCC products 1-66
2026-09-10 02:43:44,267 INFO o.a.j.t.JMeterThread: Thread finished: TCC products 1-66
2026-09-10 02:43:44,279 INFO o.a.j.t.JMeterThread: Stopping because end time detected by thread: TCC products 1-40
2026-09-10 02:43:44,279 INFO o.a.j.t.JMeterThread: Thread finished: TCC products 1-40
2026-09-10 02:43:44,290 INFO o.a.j.t.JMeterThread: Stopping because end time detected by thread: TCC products 1-19
2026-09-10 02:43:44,290 INFO o.a.j.t.JMeterThread: Thread finished: TCC products 1-19
2026-09-10 02:43:44,302 INFO o.a.j.t.JMeterThread: Stopping because end time detected by thread: TCC products 1-56
2026-09-10 02:43:44,303 INFO o.a.j.t.JMeterThread: Thread finished: TCC products 1-56
2026-09-10 02:43:44,314 INFO o.a.j.t.JMeterThread: Stopping because end time detected by thread: TCC products 1-45
2026-09-10 02:43:44,314 INFO o.a.j.t.JMeterThread: Thread finished: TCC products 1-45
2026-09-10 02:43:44,324 INFO o.a.j.t.JMeterThread: Stopping because end time detected by thread: TCC products 1-69
2026-09-10 02:43:44,324 INFO o.a.j.t.JMeterThread: Thread finished: TCC products 1-69
2026-09-10 02:43:44,334 INFO o.a.j.t.JMeterThread: Stopping because end time detected by thread: TCC products 1-76
2026-09-10 02:43:44,334 INFO o.a.j.t.JMeterThread: Thread finished: TCC products 1-76
2026-09-10 02:43:44,344 INFO o.a.j.t.JMeterThread: Stopping because end time detected by thread: TCC products 1-54
2026-09-10 02:43:44,344 INFO o.a.j.t.JMeterThread: Thread finished: TCC products 1-54
2026-09-10 02:43:44,354 INFO o.a.j.t.JMeterThread: Stopping because end time detected by thread: TCC products 1-72
2026-09-10 02:43:44,355 INFO o.a.j.t.JMeterThread: Thread finished: TCC products 1-72
2026-09-10 02:43:44,365 INFO o.a.j.t.JMeterThread: Stopping because end time detected by thread: TCC products 1-93
2026-09-10 02:43:44,365 INFO o.a.j.t.JMeterThread: Thread finished: TCC products 1-93
2026-09-10 02:43:44,375 INFO o.a.j.t.JMeterThread: Stopping because end time detected by thread: TCC products 1-14
2026-09-10 02:43:44,375 INFO o.a.j.t.JMeterThread: Thread finished: TCC products 1-14
2026-09-10 02:43:44,385 INFO o.a.j.t.JMeterThread: Stopping because end time detected by thread: TCC products 1-89
2026-09-10 02:43:44,386 INFO o.a.j.t.JMeterThread: Thread finished: TCC products 1-89
2026-09-10 02:43:44,397 INFO o.a.j.t.JMeterThread: Stopping because end time detected by thread: TCC products 1-42
2026-09-10 02:43:44,397 INFO o.a.j.t.JMeterThread: Thread finished: TCC products 1-42
2026-09-10 02:43:44,407 INFO o.a.j.t.JMeterThread: Stopping because end time detected by thread: TCC products 1-4
2026-09-10 02:43:44,408 INFO o.a.j.t.JMeterThread: Thread finished: TCC products 1-4
2026-09-10 02:43:44,418 INFO o.a.j.t.JMeterThread: Stopping because end time detected by thread: TCC products 1-9
2026-09-10 02:43:44,419 INFO o.a.j.t.JMeterThread: Thread finished: TCC products 1-9
2026-09-10 02:43:44,429 INFO o.a.j.t.JMeterThread: Stopping because end time detected by thread: TCC products 1-36
2026-09-10 02:43:44,429 INFO o.a.j.t.JMeterThread: Thread finished: TCC products 1-36
2026-09-10 02:43:44,439 INFO o.a.j.t.JMeterThread: Stopping because end time detected by thread: TCC products 1-63
2026-09-10 02:43:44,440 INFO o.a.j.t.JMeterThread: Thread finished: TCC products 1-63
2026-09-10 02:43:44,450 INFO o.a.j.t.JMeterThread: Stopping because end time detected by thread: TCC products 1-60
2026-09-10 02:43:44,450 INFO o.a.j.t.JMeterThread: Thread finished: TCC products 1-60
2026-09-10 02:43:44,461 INFO o.a.j.t.JMeterThread: Stopping because end time detected by thread: TCC products 1-85
2026-09-10 02:43:44,461 INFO o.a.j.t.JMeterThread: Thread finished: TCC products 1-85
2026-09-10 02:43:44,471 INFO o.a.j.t.JMeterThread: Stopping because end time detected by thread: TCC products 1-75
2026-09-10 02:43:44,472 INFO o.a.j.t.JMeterThread: Thread finished: TCC products 1-75
2026-09-10 02:43:44,483 INFO o.a.j.t.JMeterThread: Stopping because end time detected by thread: TCC products 1-100
2026-09-10 02:43:44,483 INFO o.a.j.t.JMeterThread: Thread finished: TCC products 1-100
2026-09-10 02:43:44,495 INFO o.a.j.t.JMeterThread: Stopping because end time detected by thread: TCC products 1-17
2026-09-10 02:43:44,495 INFO o.a.j.t.JMeterThread: Thread finished: TCC products 1-17
2026-09-10 02:43:44,506 INFO o.a.j.t.JMeterThread: Stopping because end time detected by thread: TCC products 1-61
2026-09-10 02:43:44,506 INFO o.a.j.t.JMeterThread: Thread finished: TCC products 1-61
2026-09-10 02:43:44,517 INFO o.a.j.t.JMeterThread: Stopping because end time detected by thread: TCC products 1-57
2026-09-10 02:43:44,517 INFO o.a.j.t.JMeterThread: Thread finished: TCC products 1-57
2026-09-10 02:43:44,528 INFO o.a.j.t.JMeterThread: Stopping because end time detected by thread: TCC products 1-71
2026-09-10 02:43:44,528 INFO o.a.j.t.JMeterThread: Thread finished: TCC products 1-71
2026-09-10 02:43:44,539 INFO o.a.j.t.JMeterThread: Stopping because end time detected by thread: TCC products 1-68
2026-09-10 02:43:44,539 INFO o.a.j.t.JMeterThread: Thread finished: TCC products 1-68
2026-09-10 02:43:44,550 INFO o.a.j.t.JMeterThread: Stopping because end time detected by thread: TCC products 1-21
2026-09-10 02:43:44,551 INFO o.a.j.t.JMeterThread: Thread finished: TCC products 1-21
2026-09-10 02:43:44,563 INFO o.a.j.t.JMeterThread: Stopping because end time detected by thread: TCC products 1-11
2026-09-10 02:43:44,563 INFO o.a.j.t.JMeterThread: Thread finished: TCC products 1-11
2026-09-10 02:43:44,575 INFO o.a.j.t.JMeterThread: Stopping because end time detected by thread: TCC products 1-44
2026-09-10 02:43:44,575 INFO o.a.j.t.JMeterThread: Thread finished: TCC products 1-44
2026-09-10 02:43:44,586 INFO o.a.j.t.JMeterThread: Stopping because end time detected by thread: TCC products 1-70
2026-09-10 02:43:44,586 INFO o.a.j.t.JMeterThread: Thread finished: TCC products 1-70
2026-09-10 02:43:44,597 INFO o.a.j.t.JMeterThread: Stopping because end time detected by thread: TCC products 1-28
2026-09-10 02:43:44,597 INFO o.a.j.t.JMeterThread: Thread finished: TCC products 1-28
2026-09-10 02:43:44,607 INFO o.a.j.t.JMeterThread: Stopping because end time detected by thread: TCC products 1-96
2026-09-10 02:43:44,608 INFO o.a.j.t.JMeterThread: Thread finished: TCC products 1-96
2026-09-10 02:43:44,619 INFO o.a.j.t.JMeterThread: Stopping because end time detected by thread: TCC products 1-65
2026-09-10 02:43:44,619 INFO o.a.j.t.JMeterThread: Thread finished: TCC products 1-65
2026-09-10 02:43:44,629 INFO o.a.j.t.JMeterThread: Stopping because end time detected by thread: TCC products 1-84
2026-09-10 02:43:44,630 INFO o.a.j.t.JMeterThread: Thread finished: TCC products 1-84
2026-09-10 02:43:44,640 INFO o.a.j.t.JMeterThread: Stopping because end time detected by thread: TCC products 1-52
2026-09-10 02:43:44,640 INFO o.a.j.t.JMeterThread: Thread finished: TCC products 1-52
2026-09-10 02:43:44,651 INFO o.a.j.t.JMeterThread: Stopping because end time detected by thread: TCC products 1-2
2026-09-10 02:43:44,651 INFO o.a.j.t.JMeterThread: Thread finished: TCC products 1-2
2026-09-10 02:43:44,663 INFO o.a.j.t.JMeterThread: Stopping because end time detected by thread: TCC products 1-50
2026-09-10 02:43:44,663 INFO o.a.j.t.JMeterThread: Thread finished: TCC products 1-50
2026-09-10 02:43:44,674 INFO o.a.j.t.JMeterThread: Stopping because end time detected by thread: TCC products 1-7
2026-09-10 02:43:44,674 INFO o.a.j.t.JMeterThread: Thread finished: TCC products 1-7
2026-09-10 02:43:44,685 INFO o.a.j.t.JMeterThread: Stopping because end time detected by thread: TCC products 1-22
2026-09-10 02:43:44,685 INFO o.a.j.t.JMeterThread: Thread finished: TCC products 1-22
2026-09-10 02:43:44,695 INFO o.a.j.t.JMeterThread: Stopping because end time detected by thread: TCC products 1-49
2026-09-10 02:43:44,696 INFO o.a.j.t.JMeterThread: Thread finished: TCC products 1-49
2026-09-10 02:43:44,706 INFO o.a.j.t.JMeterThread: Stopping because end time detected by thread: TCC products 1-87
2026-09-10 02:43:44,706 INFO o.a.j.t.JMeterThread: Thread finished: TCC products 1-87
2026-09-10 02:43:44,717 INFO o.a.j.t.JMeterThread: Stopping because end time detected by thread: TCC products 1-25
2026-09-10 02:43:44,717 INFO o.a.j.t.JMeterThread: Thread finished: TCC products 1-25
2026-09-10 02:43:44,728 INFO o.a.j.t.JMeterThread: Stopping because end time detected by thread: TCC products 1-92
2026-09-10 02:43:44,728 INFO o.a.j.t.JMeterThread: Thread finished: TCC products 1-92
2026-09-10 02:43:44,739 INFO o.a.j.t.JMeterThread: Stopping because end time detected by thread: TCC products 1-80
2026-09-10 02:43:44,739 INFO o.a.j.t.JMeterThread: Thread finished: TCC products 1-80
2026-09-10 02:43:44,749 INFO o.a.j.t.JMeterThread: Stopping because end time detected by thread: TCC products 1-15
2026-09-10 02:43:44,749 INFO o.a.j.t.JMeterThread: Thread finished: TCC products 1-15
2026-09-10 02:43:44,760 INFO o.a.j.t.JMeterThread: Stopping because end time detected by thread: TCC products 1-79
2026-09-10 02:43:44,761 INFO o.a.j.t.JMeterThread: Thread finished: TCC products 1-79
2026-09-10 02:43:44,772 INFO o.a.j.t.JMeterThread: Stopping because end time detected by thread: TCC products 1-24
2026-09-10 02:43:44,772 INFO o.a.j.t.JMeterThread: Thread finished: TCC products 1-24
2026-09-10 02:43:44,783 INFO o.a.j.t.JMeterThread: Stopping because end time detected by thread: TCC products 1-6
2026-09-10 02:43:44,783 INFO o.a.j.t.JMeterThread: Thread finished: TCC products 1-6
2026-09-10 02:43:44,794 INFO o.a.j.t.JMeterThread: Stopping because end time detected by thread: TCC products 1-1
2026-09-10 02:43:44,794 INFO o.a.j.t.JMeterThread: Thread finished: TCC products 1-1
2026-09-10 02:43:44,805 INFO o.a.j.t.JMeterThread: Stopping because end time detected by thread: TCC products 1-8
2026-09-10 02:43:44,805 INFO o.a.j.t.JMeterThread: Thread finished: TCC products 1-8
2026-09-10 02:43:44,817 INFO o.a.j.t.JMeterThread: Stopping because end time detected by thread: TCC products 1-5
2026-09-10 02:43:44,817 INFO o.a.j.t.JMeterThread: Thread finished: TCC products 1-5
2026-09-10 02:43:44,827 INFO o.a.j.t.JMeterThread: Stopping because end time detected by thread: TCC products 1-82
2026-09-10 02:43:44,827 INFO o.a.j.t.JMeterThread: Thread finished: TCC products 1-82
2026-09-10 02:43:44,837 INFO o.a.j.t.JMeterThread: Stopping because end time detected by thread: TCC products 1-41
2026-09-10 02:43:44,837 INFO o.a.j.t.JMeterThread: Thread finished: TCC products 1-41
2026-09-10 02:43:44,848 INFO o.a.j.t.JMeterThread: Stopping because end time detected by thread: TCC products 1-32
2026-09-10 02:43:44,848 INFO o.a.j.t.JMeterThread: Thread finished: TCC products 1-32
2026-09-10 02:43:44,858 INFO o.a.j.t.JMeterThread: Stopping because end time detected by thread: TCC products 1-58
2026-09-10 02:43:44,858 INFO o.a.j.t.JMeterThread: Thread finished: TCC products 1-58
2026-09-10 02:43:44,869 INFO o.a.j.t.JMeterThread: Stopping because end time detected by thread: TCC products 1-78
2026-09-10 02:43:44,869 INFO o.a.j.t.JMeterThread: Thread finished: TCC products 1-78
2026-09-10 02:43:44,880 INFO o.a.j.t.JMeterThread: Stopping because end time detected by thread: TCC products 1-37
2026-09-10 02:43:44,880 INFO o.a.j.t.JMeterThread: Thread finished: TCC products 1-37
2026-09-10 02:43:44,891 INFO o.a.j.t.JMeterThread: Stopping because end time detected by thread: TCC products 1-83
2026-09-10 02:43:44,891 INFO o.a.j.t.JMeterThread: Thread finished: TCC products 1-83
2026-09-10 02:43:44,902 INFO o.a.j.t.JMeterThread: Stopping because end time detected by thread: TCC products 1-30
2026-09-10 02:43:44,902 INFO o.a.j.t.JMeterThread: Thread finished: TCC products 1-30
2026-09-10 02:43:44,913 INFO o.a.j.t.JMeterThread: Stopping because end time detected by thread: TCC products 1-55
2026-09-10 02:43:44,913 INFO o.a.j.t.JMeterThread: Thread finished: TCC products 1-55
2026-09-10 02:43:44,925 INFO o.a.j.t.JMeterThread: Stopping because end time detected by thread: TCC products 1-86
2026-09-10 02:43:44,925 INFO o.a.j.t.JMeterThread: Thread finished: TCC products 1-86
2026-09-10 02:43:44,936 INFO o.a.j.t.JMeterThread: Stopping because end time detected by thread: TCC products 1-81
2026-09-10 02:43:44,936 INFO o.a.j.t.JMeterThread: Thread finished: TCC products 1-81
2026-09-10 02:43:44,947 INFO o.a.j.t.JMeterThread: Stopping because end time detected by thread: TCC products 1-91
2026-09-10 02:43:44,947 INFO o.a.j.t.JMeterThread: Thread finished: TCC products 1-91
2026-09-10 02:43:44,958 INFO o.a.j.t.JMeterThread: Stopping because end time detected by thread: TCC products 1-10
2026-09-10 02:43:44,958 INFO o.a.j.t.JMeterThread: Thread finished: TCC products 1-10
2026-09-10 02:43:44,969 INFO o.a.j.t.JMeterThread: Stopping because end time detected by thread: TCC products 1-74
2026-09-10 02:43:44,969 INFO o.a.j.t.JMeterThread: Thread finished: TCC products 1-74
2026-09-10 02:43:44,980 INFO o.a.j.t.JMeterThread: Stopping because end time detected by thread: TCC products 1-62
2026-09-10 02:43:44,980 INFO o.a.j.t.JMeterThread: Thread finished: TCC products 1-62
2026-09-10 02:43:44,991 INFO o.a.j.t.JMeterThread: Stopping because end time detected by thread: TCC products 1-48
2026-09-10 02:43:44,991 INFO o.a.j.t.JMeterThread: Thread finished: TCC products 1-48
2026-09-10 02:43:45,009 INFO o.a.j.t.JMeterThread: Stopping because end time detected by thread: TCC products 1-43
2026-09-10 02:43:45,009 INFO o.a.j.t.JMeterThread: Thread finished: TCC products 1-43
2026-09-10 02:43:45,020 INFO o.a.j.t.JMeterThread: Stopping because end time detected by thread: TCC products 1-31
2026-09-10 02:43:45,020 INFO o.a.j.t.JMeterThread: Thread finished: TCC products 1-31
2026-09-10 02:43:45,031 INFO o.a.j.t.JMeterThread: Stopping because end time detected by thread: TCC products 1-59
2026-09-10 02:43:45,031 INFO o.a.j.t.JMeterThread: Thread finished: TCC products 1-59
2026-09-10 02:43:45,042 INFO o.a.j.t.JMeterThread: Stopping because end time detected by thread: TCC products 1-26
2026-09-10 02:43:45,042 INFO o.a.j.t.JMeterThread: Thread finished: TCC products 1-26
2026-09-10 02:43:45,053 INFO o.a.j.t.JMeterThread: Stopping because end time detected by thread: TCC products 1-23
2026-09-10 02:43:45,053 INFO o.a.j.t.JMeterThread: Thread finished: TCC products 1-23
2026-09-10 02:43:45,064 INFO o.a.j.t.JMeterThread: Stopping because end time detected by thread: TCC products 1-3
2026-09-10 02:43:45,065 INFO o.a.j.t.JMeterThread: Thread finished: TCC products 1-3
2026-09-10 02:43:45,077 INFO o.a.j.t.JMeterThread: Stopping because end time detected by thread: TCC products 1-34
2026-09-10 02:43:45,077 INFO o.a.j.t.JMeterThread: Thread finished: TCC products 1-34
2026-09-10 02:43:45,087 INFO o.a.j.t.JMeterThread: Stopping because end time detected by thread: TCC products 1-27
2026-09-10 02:43:45,088 INFO o.a.j.t.JMeterThread: Thread finished: TCC products 1-27
2026-09-10 02:43:45,098 INFO o.a.j.t.JMeterThread: Stopping because end time detected by thread: TCC products 1-94
2026-09-10 02:43:45,098 INFO o.a.j.t.JMeterThread: Thread finished: TCC products 1-94
2026-09-10 02:43:45,109 INFO o.a.j.t.JMeterThread: Stopping because end time detected by thread: TCC products 1-18
2026-09-10 02:43:45,109 INFO o.a.j.t.JMeterThread: Thread finished: TCC products 1-18
2026-09-10 02:43:45,120 INFO o.a.j.t.JMeterThread: Stopping because end time detected by thread: TCC products 1-95
2026-09-10 02:43:45,120 INFO o.a.j.t.JMeterThread: Thread finished: TCC products 1-95
2026-09-10 02:43:45,131 INFO o.a.j.t.JMeterThread: Stopping because end time detected by thread: TCC products 1-90
2026-09-10 02:43:45,131 INFO o.a.j.t.JMeterThread: Thread finished: TCC products 1-90
2026-09-10 02:43:45,141 INFO o.a.j.t.JMeterThread: Stopping because end time detected by thread: TCC products 1-46
2026-09-10 02:43:45,141 INFO o.a.j.t.JMeterThread: Thread finished: TCC products 1-46
2026-09-10 02:43:45,152 INFO o.a.j.t.JMeterThread: Stopping because end time detected by thread: TCC products 1-39
2026-09-10 02:43:45,152 INFO o.a.j.t.JMeterThread: Thread finished: TCC products 1-39
2026-09-10 02:43:45,163 INFO o.a.j.t.JMeterThread: Stopping because end time detected by thread: TCC products 1-35
2026-09-10 02:43:45,163 INFO o.a.j.t.JMeterThread: Thread finished: TCC products 1-35
2026-09-10 02:43:45,173 INFO o.a.j.t.JMeterThread: Stopping because end time detected by thread: TCC products 1-97
2026-09-10 02:43:45,173 INFO o.a.j.t.JMeterThread: Thread finished: TCC products 1-97
2026-09-10 02:43:45,173 INFO o.a.j.e.StandardJMeterEngine: Notifying test listeners of end of test
2026-09-10 02:43:45,176 INFO o.a.j.r.Summariser: summary +   1382 in 00:00:15 =   91.1/s Avg:  1096 Min:  1062 Max:  1135 Err:     0 (0.00%) Active: 0 Started: 100 Finished: 100
2026-09-10 02:43:45,176 INFO o.a.j.r.Summariser: summary =  10864 in 00:02:01 =   89.7/s Avg:  1105 Min:    74 Max:  1510 Err:     0 (0.00%)
