2026-09-10 02:41:07,418 INFO o.a.j.u.JMeterUtils: Setting Locale to en_EN
2026-09-10 02:41:07,440 INFO o.a.j.JMeter: Loading user properties from: /home/avituo/projects/tcc/tcc-container/.tools/apache-jmeter-5.6.3/bin/user.properties
2026-09-10 02:41:07,441 INFO o.a.j.JMeter: Loading system properties from: /home/avituo/projects/tcc/tcc-container/.tools/apache-jmeter-5.6.3/bin/system.properties
2026-09-10 02:41:07,441 INFO o.a.j.JMeter: Loading additional properties from: /home/avituo/projects/tcc/tcc-container/benchmark/jmeter/benchmark.properties
2026-09-10 02:41:07,441 INFO o.a.j.JMeter: Loading additional properties from: /tmp/tcc-benchmark-auth.akTqnj/auth.properties
2026-09-10 02:41:07,441 INFO o.a.j.JMeter: Setting JMeter property: threads=100
2026-09-10 02:41:07,441 INFO o.a.j.JMeter: Setting JMeter property: duration_seconds=30
2026-09-10 02:41:07,442 INFO o.a.j.JMeter: Setting JMeter property: target_host=localhost
2026-09-10 02:41:07,442 INFO o.a.j.JMeter: Setting JMeter property: target_port=18000
2026-09-10 02:41:07,442 INFO o.a.j.JMeter: Setting JMeter property: tcc.order.id=1
2026-09-10 02:41:07,442 INFO o.a.j.JMeter: Setting JMeter property: repetition=1
2026-09-10 02:41:07,449 INFO o.a.j.JMeter: Copyright (c) 1998-2024 The Apache Software Foundation
2026-09-10 02:41:07,449 INFO o.a.j.JMeter: Version 5.6.3
2026-09-10 02:41:07,449 INFO o.a.j.JMeter: java.version=21.0.11
2026-09-10 02:41:07,449 INFO o.a.j.JMeter: java.vm.name=OpenJDK 64-Bit Server VM
2026-09-10 02:41:07,449 INFO o.a.j.JMeter: os.name=Linux
2026-09-10 02:41:07,449 INFO o.a.j.JMeter: os.arch=amd64
2026-09-10 02:41:07,449 INFO o.a.j.JMeter: os.version=7.0.11-76070011-generic
2026-09-10 02:41:07,449 INFO o.a.j.JMeter: file.encoding=UTF-8
2026-09-10 02:41:07,449 INFO o.a.j.JMeter: java.awt.headless=true
2026-09-10 02:41:07,449 INFO o.a.j.JMeter: Max memory     =1073741824
2026-09-10 02:41:07,449 INFO o.a.j.JMeter: Available Processors =16
2026-09-10 02:41:07,458 INFO o.a.j.JMeter: Default Locale=English (EN)
2026-09-10 02:41:07,458 INFO o.a.j.JMeter: JMeter  Locale=English (EN)
2026-09-10 02:41:07,458 INFO o.a.j.JMeter: JMeterHome=/home/avituo/projects/tcc/tcc-container/.tools/apache-jmeter-5.6.3
2026-09-10 02:41:07,458 INFO o.a.j.JMeter: user.dir  =/home/avituo/projects/tcc/tcc-container
2026-09-10 02:41:07,458 INFO o.a.j.JMeter: PWD       =/home/avituo/projects/tcc/tcc-container
2026-09-10 02:41:07,470 INFO o.a.j.JMeter: IP: 192.168.1.16 Name: pop-os FullName: pop-os.home
2026-09-10 02:41:07,482 INFO o.a.j.s.FileServer: Default base='/home/avituo/projects/tcc/tcc-container'
2026-09-10 02:41:07,484 INFO o.a.j.s.FileServer: Set new base='/home/avituo/projects/tcc/tcc-container/benchmark/jmeter'
2026-09-10 02:41:07,654 INFO o.a.j.s.SaveService: Testplan (JMX) version: 2.2. Testlog (JTL) version: 2.2
2026-09-10 02:41:07,680 INFO o.a.j.s.SaveService: Using SaveService properties version 5.0
2026-09-10 02:41:07,683 INFO o.a.j.s.SaveService: Using SaveService properties file encoding UTF-8
2026-09-10 02:41:07,687 INFO o.a.j.s.SaveService: Loading file: /home/avituo/projects/tcc/tcc-container/benchmark/jmeter/tcc-products-v1.jmx
2026-09-10 02:41:07,739 INFO o.a.j.p.h.s.HTTPSamplerBase: Parser for text/html is org.apache.jmeter.protocol.http.parser.LagartoBasedHtmlParser
2026-09-10 02:41:07,740 INFO o.a.j.p.h.s.HTTPSamplerBase: Parser for application/xhtml+xml is org.apache.jmeter.protocol.http.parser.LagartoBasedHtmlParser
2026-09-10 02:41:07,740 INFO o.a.j.p.h.s.HTTPSamplerBase: Parser for application/xml is org.apache.jmeter.protocol.http.parser.LagartoBasedHtmlParser
2026-09-10 02:41:07,740 INFO o.a.j.p.h.s.HTTPSamplerBase: Parser for text/xml is org.apache.jmeter.protocol.http.parser.LagartoBasedHtmlParser
2026-09-10 02:41:07,740 INFO o.a.j.p.h.s.HTTPSamplerBase: Parser for text/vnd.wap.wml is org.apache.jmeter.protocol.http.parser.RegexpHTMLParser
2026-09-10 02:41:07,740 INFO o.a.j.p.h.s.HTTPSamplerBase: Parser for text/css is org.apache.jmeter.protocol.http.parser.CssParser
2026-09-10 02:41:07,768 INFO o.a.j.JMeter: Creating summariser <summary>
2026-09-10 02:41:07,789 INFO o.a.j.e.StandardJMeterEngine: Running the test!
2026-09-10 02:41:07,790 INFO o.a.j.s.SampleEvent: List of sample_variables: []
2026-09-10 02:41:07,790 INFO o.a.j.s.SampleEvent: List of sample_variables: []
2026-09-10 02:41:07,796 INFO o.a.j.e.u.CompoundVariable: Note: Function class names must contain the string: '.functions.'
2026-09-10 02:41:07,797 INFO o.a.j.e.u.CompoundVariable: Note: Function class names must not contain the string: '.gui.'
2026-09-10 02:41:08,040 INFO o.a.j.JMeter: Running test (1789018868040)
2026-09-10 02:41:08,060 INFO o.a.j.e.StandardJMeterEngine: Starting ThreadGroup: 1 : TCC products
2026-09-10 02:41:08,060 INFO o.a.j.e.StandardJMeterEngine: Starting 100 threads for group TCC products.
2026-09-10 02:41:08,060 INFO o.a.j.e.StandardJMeterEngine: Thread will continue on error
2026-09-10 02:41:08,060 INFO o.a.j.t.ThreadGroup: Starting thread group... number=1 threads=100 ramp-up=0 delayedStart=false
2026-09-10 02:41:08,067 INFO o.a.j.t.JMeterThread: Thread started: TCC products 1-4
2026-09-10 02:41:08,067 INFO o.a.j.t.JMeterThread: Thread started: TCC products 1-2
2026-09-10 02:41:08,067 INFO o.a.j.t.JMeterThread: Thread started: TCC products 1-5
2026-09-10 02:41:08,067 INFO o.a.j.t.JMeterThread: Thread started: TCC products 1-3
2026-09-10 02:41:08,067 INFO o.a.j.t.JMeterThread: Thread started: TCC products 1-1
2026-09-10 02:41:08,067 INFO o.a.j.t.JMeterThread: Thread started: TCC products 1-6
2026-09-10 02:41:08,068 INFO o.a.j.t.JMeterThread: Thread started: TCC products 1-7
2026-09-10 02:41:08,069 INFO o.a.j.t.JMeterThread: Thread started: TCC products 1-8
2026-09-10 02:41:08,069 INFO o.a.j.t.JMeterThread: Thread started: TCC products 1-9
2026-09-10 02:41:08,070 INFO o.a.j.t.JMeterThread: Thread started: TCC products 1-10
2026-09-10 02:41:08,071 INFO o.a.j.t.JMeterThread: Thread started: TCC products 1-11
2026-09-10 02:41:08,072 INFO o.a.j.t.JMeterThread: Thread started: TCC products 1-12
2026-09-10 02:41:08,073 INFO o.a.j.t.JMeterThread: Thread started: TCC products 1-13
2026-09-10 02:41:08,074 INFO o.a.j.t.JMeterThread: Thread started: TCC products 1-14
2026-09-10 02:41:08,075 INFO o.a.j.t.JMeterThread: Thread started: TCC products 1-15
2026-09-10 02:41:08,076 INFO o.a.j.t.JMeterThread: Thread started: TCC products 1-16
2026-09-10 02:41:08,076 INFO o.a.j.t.JMeterThread: Thread started: TCC products 1-17
2026-09-10 02:41:08,077 INFO o.a.j.t.JMeterThread: Thread started: TCC products 1-18
2026-09-10 02:41:08,078 INFO o.a.j.t.JMeterThread: Thread started: TCC products 1-19
2026-09-10 02:41:08,079 INFO o.a.j.t.JMeterThread: Thread started: TCC products 1-20
2026-09-10 02:41:08,080 INFO o.a.j.t.JMeterThread: Thread started: TCC products 1-21
2026-09-10 02:41:08,080 INFO o.a.j.t.JMeterThread: Thread started: TCC products 1-22
2026-09-10 02:41:08,081 INFO o.a.j.t.JMeterThread: Thread started: TCC products 1-23
2026-09-10 02:41:08,082 INFO o.a.j.t.JMeterThread: Thread started: TCC products 1-24
2026-09-10 02:41:08,082 INFO o.a.j.t.JMeterThread: Thread started: TCC products 1-25
2026-09-10 02:41:08,083 INFO o.a.j.t.JMeterThread: Thread started: TCC products 1-27
2026-09-10 02:41:08,083 INFO o.a.j.t.JMeterThread: Thread started: TCC products 1-26
2026-09-10 02:41:08,084 INFO o.a.j.t.JMeterThread: Thread started: TCC products 1-28
2026-09-10 02:41:08,084 INFO o.a.j.t.JMeterThread: Thread started: TCC products 1-29
2026-09-10 02:41:08,085 INFO o.a.j.t.JMeterThread: Thread started: TCC products 1-30
2026-09-10 02:41:08,085 INFO o.a.j.t.JMeterThread: Thread started: TCC products 1-31
2026-09-10 02:41:08,086 INFO o.a.j.t.JMeterThread: Thread started: TCC products 1-33
2026-09-10 02:41:08,086 INFO o.a.j.t.JMeterThread: Thread started: TCC products 1-32
2026-09-10 02:41:08,087 INFO o.a.j.t.JMeterThread: Thread started: TCC products 1-34
2026-09-10 02:41:08,087 INFO o.a.j.t.JMeterThread: Thread started: TCC products 1-35
2026-09-10 02:41:08,088 INFO o.a.j.p.h.s.HTTPHCAbstractImpl: Local host = pop-os
2026-09-10 02:41:08,088 INFO o.a.j.t.JMeterThread: Thread started: TCC products 1-36
2026-09-10 02:41:08,088 INFO o.a.j.t.JMeterThread: Thread started: TCC products 1-37
2026-09-10 02:41:08,089 INFO o.a.j.t.JMeterThread: Thread started: TCC products 1-38
2026-09-10 02:41:08,089 INFO o.a.j.t.JMeterThread: Thread started: TCC products 1-39
2026-09-10 02:41:08,090 INFO o.a.j.t.JMeterThread: Thread started: TCC products 1-40
2026-09-10 02:41:08,090 INFO o.a.j.t.JMeterThread: Thread started: TCC products 1-41
2026-09-10 02:41:08,091 INFO o.a.j.t.JMeterThread: Thread started: TCC products 1-42
2026-09-10 02:41:08,092 INFO o.a.j.t.JMeterThread: Thread started: TCC products 1-43
2026-09-10 02:41:08,092 INFO o.a.j.t.JMeterThread: Thread started: TCC products 1-44
2026-09-10 02:41:08,093 INFO o.a.j.t.JMeterThread: Thread started: TCC products 1-45
2026-09-10 02:41:08,093 INFO o.a.j.t.JMeterThread: Thread started: TCC products 1-46
2026-09-10 02:41:08,094 INFO o.a.j.t.JMeterThread: Thread started: TCC products 1-47
2026-09-10 02:41:08,094 INFO o.a.j.t.JMeterThread: Thread started: TCC products 1-48
2026-09-10 02:41:08,095 INFO o.a.j.t.JMeterThread: Thread started: TCC products 1-49
2026-09-10 02:41:08,095 INFO o.a.j.t.JMeterThread: Thread started: TCC products 1-50
2026-09-10 02:41:08,096 INFO o.a.j.t.JMeterThread: Thread started: TCC products 1-51
2026-09-10 02:41:08,096 INFO o.a.j.p.h.s.HTTPHC4Impl: HTTP request retry count = 0
2026-09-10 02:41:08,096 INFO o.a.j.t.JMeterThread: Thread started: TCC products 1-52
2026-09-10 02:41:08,097 INFO o.a.j.t.JMeterThread: Thread started: TCC products 1-53
2026-09-10 02:41:08,097 INFO o.a.j.t.JMeterThread: Thread started: TCC products 1-54
2026-09-10 02:41:08,097 INFO o.a.j.s.SampleResult: Note: Sample TimeStamps are START times
2026-09-10 02:41:08,098 INFO o.a.j.s.SampleResult: sampleresult.default.encoding is set to UTF-8
2026-09-10 02:41:08,098 INFO o.a.j.s.SampleResult: sampleresult.useNanoTime=true
2026-09-10 02:41:08,098 INFO o.a.j.s.SampleResult: sampleresult.nanoThreadSleep=5000
2026-09-10 02:41:08,098 INFO o.a.j.t.JMeterThread: Thread started: TCC products 1-55
2026-09-10 02:41:08,099 INFO o.a.j.t.JMeterThread: Thread started: TCC products 1-57
2026-09-10 02:41:08,098 INFO o.a.j.t.JMeterThread: Thread started: TCC products 1-56
2026-09-10 02:41:08,099 INFO o.a.j.t.JMeterThread: Thread started: TCC products 1-58
2026-09-10 02:41:08,100 INFO o.a.j.t.JMeterThread: Thread started: TCC products 1-59
2026-09-10 02:41:08,100 INFO o.a.j.t.JMeterThread: Thread started: TCC products 1-60
2026-09-10 02:41:08,101 INFO o.a.j.t.JMeterThread: Thread started: TCC products 1-61
2026-09-10 02:41:08,103 INFO o.a.j.t.JMeterThread: Thread started: TCC products 1-62
2026-09-10 02:41:08,104 INFO o.a.j.t.JMeterThread: Thread started: TCC products 1-63
2026-09-10 02:41:08,104 INFO o.a.j.t.JMeterThread: Thread started: TCC products 1-64
2026-09-10 02:41:08,105 INFO o.a.j.t.JMeterThread: Thread started: TCC products 1-65
2026-09-10 02:41:08,106 INFO o.a.j.t.JMeterThread: Thread started: TCC products 1-66
2026-09-10 02:41:08,106 INFO o.a.j.t.JMeterThread: Thread started: TCC products 1-67
2026-09-10 02:41:08,107 INFO o.a.j.t.JMeterThread: Thread started: TCC products 1-68
2026-09-10 02:41:08,107 INFO o.a.j.t.JMeterThread: Thread started: TCC products 1-69
2026-09-10 02:41:08,108 INFO o.a.j.t.JMeterThread: Thread started: TCC products 1-70
2026-09-10 02:41:08,109 INFO o.a.j.t.JMeterThread: Thread started: TCC products 1-71
2026-09-10 02:41:08,110 INFO o.a.j.t.JMeterThread: Thread started: TCC products 1-73
2026-09-10 02:41:08,110 INFO o.a.j.t.JMeterThread: Thread started: TCC products 1-74
2026-09-10 02:41:08,110 INFO o.a.j.t.JMeterThread: Thread started: TCC products 1-72
2026-09-10 02:41:08,111 INFO o.a.j.t.JMeterThread: Thread started: TCC products 1-75
2026-09-10 02:41:08,111 INFO o.a.j.t.JMeterThread: Thread started: TCC products 1-76
2026-09-10 02:41:08,112 INFO o.a.j.t.JMeterThread: Thread started: TCC products 1-77
2026-09-10 02:41:08,112 INFO o.a.j.t.JMeterThread: Thread started: TCC products 1-78
2026-09-10 02:41:08,113 INFO o.a.j.t.JMeterThread: Thread started: TCC products 1-79
2026-09-10 02:41:08,114 INFO o.a.j.t.JMeterThread: Thread started: TCC products 1-81
2026-09-10 02:41:08,119 INFO o.a.j.t.JMeterThread: Thread started: TCC products 1-82
2026-09-10 02:41:08,123 INFO o.a.j.t.JMeterThread: Thread started: TCC products 1-83
2026-09-10 02:41:08,123 INFO o.a.j.t.JMeterThread: Thread started: TCC products 1-84
2026-09-10 02:41:08,114 INFO o.a.j.t.JMeterThread: Thread started: TCC products 1-80
2026-09-10 02:41:08,125 INFO o.a.j.t.JMeterThread: Thread started: TCC products 1-85
2026-09-10 02:41:08,126 INFO o.a.j.t.JMeterThread: Thread started: TCC products 1-86
2026-09-10 02:41:08,127 INFO o.a.j.t.JMeterThread: Thread started: TCC products 1-88
2026-09-10 02:41:08,128 INFO o.a.j.t.JMeterThread: Thread started: TCC products 1-87
2026-09-10 02:41:08,128 INFO o.a.j.t.JMeterThread: Thread started: TCC products 1-89
2026-09-10 02:41:08,129 INFO o.a.j.t.JMeterThread: Thread started: TCC products 1-90
2026-09-10 02:41:08,129 INFO o.a.j.t.JMeterThread: Thread started: TCC products 1-91
2026-09-10 02:41:08,130 INFO o.a.j.t.JMeterThread: Thread started: TCC products 1-92
2026-09-10 02:41:08,130 INFO o.a.j.t.JMeterThread: Thread started: TCC products 1-93
2026-09-10 02:41:08,131 INFO o.a.j.t.JMeterThread: Thread started: TCC products 1-94
2026-09-10 02:41:08,131 INFO o.a.j.t.JMeterThread: Thread started: TCC products 1-95
2026-09-10 02:41:08,131 INFO o.a.j.t.JMeterThread: Thread started: TCC products 1-96
2026-09-10 02:41:08,132 INFO o.a.j.t.JMeterThread: Thread started: TCC products 1-97
2026-09-10 02:41:08,132 INFO o.a.j.t.JMeterThread: Thread started: TCC products 1-98
2026-09-10 02:41:08,133 INFO o.a.j.t.JMeterThread: Thread started: TCC products 1-99
2026-09-10 02:41:08,133 INFO o.a.j.t.ThreadGroup: Started thread group number 1
2026-09-10 02:41:08,133 INFO o.a.j.e.StandardJMeterEngine: All thread groups have been started
2026-09-10 02:41:08,133 INFO o.a.j.t.JMeterThread: Thread started: TCC products 1-100
2026-09-10 02:41:30,011 INFO o.a.j.r.Summariser: summary +   1907 in 00:00:22 =   86.8/s Avg:  1096 Min:    90 Max:  1586 Err:     0 (0.00%) Active: 100 Started: 100 Finished: 0
2026-09-10 02:41:38,070 INFO o.a.j.t.JMeterThread: Stopping because end time detected by thread: TCC products 1-9
2026-09-10 02:41:38,070 INFO o.a.j.t.JMeterThread: Thread finished: TCC products 1-9
2026-09-10 02:41:38,103 INFO o.a.j.t.JMeterThread: Stopping because end time detected by thread: TCC products 1-23
2026-09-10 02:41:38,104 INFO o.a.j.t.JMeterThread: Thread finished: TCC products 1-23
2026-09-10 02:41:38,126 INFO o.a.j.t.JMeterThread: Stopping because end time detected by thread: TCC products 1-82
2026-09-10 02:41:38,126 INFO o.a.j.t.JMeterThread: Thread finished: TCC products 1-82
2026-09-10 02:41:38,136 INFO o.a.j.t.JMeterThread: Stopping because end time detected by thread: TCC products 1-68
2026-09-10 02:41:38,136 INFO o.a.j.t.JMeterThread: Thread finished: TCC products 1-68
2026-09-10 02:41:38,148 INFO o.a.j.t.JMeterThread: Stopping because end time detected by thread: TCC products 1-20
2026-09-10 02:41:38,148 INFO o.a.j.t.JMeterThread: Thread finished: TCC products 1-20
2026-09-10 02:41:38,159 INFO o.a.j.t.JMeterThread: Stopping because end time detected by thread: TCC products 1-65
2026-09-10 02:41:38,159 INFO o.a.j.t.JMeterThread: Thread finished: TCC products 1-65
2026-09-10 02:41:38,170 INFO o.a.j.t.JMeterThread: Stopping because end time detected by thread: TCC products 1-51
2026-09-10 02:41:38,170 INFO o.a.j.t.JMeterThread: Thread finished: TCC products 1-51
2026-09-10 02:41:38,182 INFO o.a.j.t.JMeterThread: Stopping because end time detected by thread: TCC products 1-47
2026-09-10 02:41:38,182 INFO o.a.j.t.JMeterThread: Thread finished: TCC products 1-47
2026-09-10 02:41:38,193 INFO o.a.j.t.JMeterThread: Stopping because end time detected by thread: TCC products 1-39
2026-09-10 02:41:38,193 INFO o.a.j.t.JMeterThread: Thread finished: TCC products 1-39
2026-09-10 02:41:38,205 INFO o.a.j.t.JMeterThread: Stopping because end time detected by thread: TCC products 1-63
2026-09-10 02:41:38,205 INFO o.a.j.t.JMeterThread: Thread finished: TCC products 1-63
2026-09-10 02:41:38,216 INFO o.a.j.t.JMeterThread: Stopping because end time detected by thread: TCC products 1-12
2026-09-10 02:41:38,216 INFO o.a.j.t.JMeterThread: Thread finished: TCC products 1-12
2026-09-10 02:41:38,227 INFO o.a.j.t.JMeterThread: Stopping because end time detected by thread: TCC products 1-27
2026-09-10 02:41:38,227 INFO o.a.j.t.JMeterThread: Thread finished: TCC products 1-27
2026-09-10 02:41:38,238 INFO o.a.j.t.JMeterThread: Stopping because end time detected by thread: TCC products 1-40
2026-09-10 02:41:38,238 INFO o.a.j.t.JMeterThread: Thread finished: TCC products 1-40
2026-09-10 02:41:38,249 INFO o.a.j.t.JMeterThread: Stopping because end time detected by thread: TCC products 1-98
2026-09-10 02:41:38,250 INFO o.a.j.t.JMeterThread: Thread finished: TCC products 1-98
2026-09-10 02:41:38,260 INFO o.a.j.t.JMeterThread: Stopping because end time detected by thread: TCC products 1-24
2026-09-10 02:41:38,260 INFO o.a.j.t.JMeterThread: Thread finished: TCC products 1-24
2026-09-10 02:41:38,272 INFO o.a.j.t.JMeterThread: Stopping because end time detected by thread: TCC products 1-71
2026-09-10 02:41:38,272 INFO o.a.j.t.JMeterThread: Thread finished: TCC products 1-71
2026-09-10 02:41:38,284 INFO o.a.j.t.JMeterThread: Stopping because end time detected by thread: TCC products 1-84
2026-09-10 02:41:38,284 INFO o.a.j.t.JMeterThread: Thread finished: TCC products 1-84
2026-09-10 02:41:38,296 INFO o.a.j.t.JMeterThread: Stopping because end time detected by thread: TCC products 1-8
2026-09-10 02:41:38,296 INFO o.a.j.t.JMeterThread: Thread finished: TCC products 1-8
2026-09-10 02:41:38,307 INFO o.a.j.t.JMeterThread: Stopping because end time detected by thread: TCC products 1-69
2026-09-10 02:41:38,307 INFO o.a.j.t.JMeterThread: Thread finished: TCC products 1-69
2026-09-10 02:41:38,319 INFO o.a.j.t.JMeterThread: Stopping because end time detected by thread: TCC products 1-1
2026-09-10 02:41:38,319 INFO o.a.j.t.JMeterThread: Thread finished: TCC products 1-1
2026-09-10 02:41:38,330 INFO o.a.j.t.JMeterThread: Stopping because end time detected by thread: TCC products 1-33
2026-09-10 02:41:38,330 INFO o.a.j.t.JMeterThread: Thread finished: TCC products 1-33
2026-09-10 02:41:38,341 INFO o.a.j.t.JMeterThread: Stopping because end time detected by thread: TCC products 1-91
2026-09-10 02:41:38,341 INFO o.a.j.t.JMeterThread: Thread finished: TCC products 1-91
2026-09-10 02:41:38,353 INFO o.a.j.t.JMeterThread: Stopping because end time detected by thread: TCC products 1-89
2026-09-10 02:41:38,353 INFO o.a.j.t.JMeterThread: Thread finished: TCC products 1-89
2026-09-10 02:41:38,363 INFO o.a.j.t.JMeterThread: Stopping because end time detected by thread: TCC products 1-72
2026-09-10 02:41:38,363 INFO o.a.j.t.JMeterThread: Thread finished: TCC products 1-72
2026-09-10 02:41:38,374 INFO o.a.j.t.JMeterThread: Stopping because end time detected by thread: TCC products 1-50
2026-09-10 02:41:38,374 INFO o.a.j.t.JMeterThread: Thread finished: TCC products 1-50
2026-09-10 02:41:38,385 INFO o.a.j.t.JMeterThread: Stopping because end time detected by thread: TCC products 1-79
2026-09-10 02:41:38,385 INFO o.a.j.t.JMeterThread: Thread finished: TCC products 1-79
2026-09-10 02:41:38,396 INFO o.a.j.t.JMeterThread: Stopping because end time detected by thread: TCC products 1-74
2026-09-10 02:41:38,396 INFO o.a.j.t.JMeterThread: Thread finished: TCC products 1-74
2026-09-10 02:41:38,407 INFO o.a.j.t.JMeterThread: Stopping because end time detected by thread: TCC products 1-45
2026-09-10 02:41:38,407 INFO o.a.j.t.JMeterThread: Thread finished: TCC products 1-45
2026-09-10 02:41:38,418 INFO o.a.j.t.JMeterThread: Stopping because end time detected by thread: TCC products 1-60
2026-09-10 02:41:38,418 INFO o.a.j.t.JMeterThread: Thread finished: TCC products 1-60
2026-09-10 02:41:38,429 INFO o.a.j.t.JMeterThread: Stopping because end time detected by thread: TCC products 1-54
2026-09-10 02:41:38,429 INFO o.a.j.t.JMeterThread: Thread finished: TCC products 1-54
2026-09-10 02:41:38,440 INFO o.a.j.t.JMeterThread: Stopping because end time detected by thread: TCC products 1-26
2026-09-10 02:41:38,440 INFO o.a.j.t.JMeterThread: Thread finished: TCC products 1-26
2026-09-10 02:41:38,450 INFO o.a.j.t.JMeterThread: Stopping because end time detected by thread: TCC products 1-56
2026-09-10 02:41:38,450 INFO o.a.j.t.JMeterThread: Thread finished: TCC products 1-56
2026-09-10 02:41:38,461 INFO o.a.j.t.JMeterThread: Stopping because end time detected by thread: TCC products 1-16
2026-09-10 02:41:38,461 INFO o.a.j.t.JMeterThread: Thread finished: TCC products 1-16
2026-09-10 02:41:38,472 INFO o.a.j.t.JMeterThread: Stopping because end time detected by thread: TCC products 1-37
2026-09-10 02:41:38,472 INFO o.a.j.t.JMeterThread: Thread finished: TCC products 1-37
2026-09-10 02:41:38,484 INFO o.a.j.t.JMeterThread: Stopping because end time detected by thread: TCC products 1-62
2026-09-10 02:41:38,484 INFO o.a.j.t.JMeterThread: Thread finished: TCC products 1-62
2026-09-10 02:41:38,495 INFO o.a.j.t.JMeterThread: Stopping because end time detected by thread: TCC products 1-4
2026-09-10 02:41:38,495 INFO o.a.j.t.JMeterThread: Thread finished: TCC products 1-4
2026-09-10 02:41:38,505 INFO o.a.j.t.JMeterThread: Stopping because end time detected by thread: TCC products 1-21
2026-09-10 02:41:38,506 INFO o.a.j.t.JMeterThread: Thread finished: TCC products 1-21
2026-09-10 02:41:38,516 INFO o.a.j.t.JMeterThread: Stopping because end time detected by thread: TCC products 1-5
2026-09-10 02:41:38,516 INFO o.a.j.t.JMeterThread: Thread finished: TCC products 1-5
2026-09-10 02:41:38,526 INFO o.a.j.t.JMeterThread: Stopping because end time detected by thread: TCC products 1-81
2026-09-10 02:41:38,527 INFO o.a.j.t.JMeterThread: Thread finished: TCC products 1-81
2026-09-10 02:41:38,539 INFO o.a.j.t.JMeterThread: Stopping because end time detected by thread: TCC products 1-61
2026-09-10 02:41:38,539 INFO o.a.j.t.JMeterThread: Thread finished: TCC products 1-61
2026-09-10 02:41:38,550 INFO o.a.j.t.JMeterThread: Stopping because end time detected by thread: TCC products 1-55
2026-09-10 02:41:38,550 INFO o.a.j.t.JMeterThread: Thread finished: TCC products 1-55
2026-09-10 02:41:38,560 INFO o.a.j.t.JMeterThread: Stopping because end time detected by thread: TCC products 1-59
2026-09-10 02:41:38,560 INFO o.a.j.t.JMeterThread: Thread finished: TCC products 1-59
2026-09-10 02:41:38,571 INFO o.a.j.t.JMeterThread: Stopping because end time detected by thread: TCC products 1-93
2026-09-10 02:41:38,571 INFO o.a.j.t.JMeterThread: Thread finished: TCC products 1-93
2026-09-10 02:41:38,581 INFO o.a.j.t.JMeterThread: Stopping because end time detected by thread: TCC products 1-41
2026-09-10 02:41:38,581 INFO o.a.j.t.JMeterThread: Thread finished: TCC products 1-41
2026-09-10 02:41:38,592 INFO o.a.j.t.JMeterThread: Stopping because end time detected by thread: TCC products 1-49
2026-09-10 02:41:38,593 INFO o.a.j.t.JMeterThread: Thread finished: TCC products 1-49
2026-09-10 02:41:38,603 INFO o.a.j.t.JMeterThread: Stopping because end time detected by thread: TCC products 1-46
2026-09-10 02:41:38,603 INFO o.a.j.t.JMeterThread: Thread finished: TCC products 1-46
2026-09-10 02:41:38,613 INFO o.a.j.t.JMeterThread: Stopping because end time detected by thread: TCC products 1-19
2026-09-10 02:41:38,614 INFO o.a.j.t.JMeterThread: Thread finished: TCC products 1-19
2026-09-10 02:41:38,624 INFO o.a.j.t.JMeterThread: Stopping because end time detected by thread: TCC products 1-99
2026-09-10 02:41:38,624 INFO o.a.j.t.JMeterThread: Thread finished: TCC products 1-99
2026-09-10 02:41:38,634 INFO o.a.j.t.JMeterThread: Stopping because end time detected by thread: TCC products 1-38
2026-09-10 02:41:38,635 INFO o.a.j.t.JMeterThread: Thread finished: TCC products 1-38
2026-09-10 02:41:38,645 INFO o.a.j.t.JMeterThread: Stopping because end time detected by thread: TCC products 1-78
2026-09-10 02:41:38,645 INFO o.a.j.t.JMeterThread: Thread finished: TCC products 1-78
2026-09-10 02:41:38,655 INFO o.a.j.t.JMeterThread: Stopping because end time detected by thread: TCC products 1-7
2026-09-10 02:41:38,656 INFO o.a.j.t.JMeterThread: Thread finished: TCC products 1-7
2026-09-10 02:41:38,666 INFO o.a.j.t.JMeterThread: Stopping because end time detected by thread: TCC products 1-77
2026-09-10 02:41:38,666 INFO o.a.j.t.JMeterThread: Thread finished: TCC products 1-77
2026-09-10 02:41:38,677 INFO o.a.j.t.JMeterThread: Stopping because end time detected by thread: TCC products 1-2
2026-09-10 02:41:38,677 INFO o.a.j.t.JMeterThread: Thread finished: TCC products 1-2
2026-09-10 02:41:38,687 INFO o.a.j.t.JMeterThread: Stopping because end time detected by thread: TCC products 1-44
2026-09-10 02:41:38,687 INFO o.a.j.t.JMeterThread: Thread finished: TCC products 1-44
2026-09-10 02:41:38,697 INFO o.a.j.t.JMeterThread: Stopping because end time detected by thread: TCC products 1-10
2026-09-10 02:41:38,697 INFO o.a.j.t.JMeterThread: Thread finished: TCC products 1-10
2026-09-10 02:41:38,707 INFO o.a.j.t.JMeterThread: Stopping because end time detected by thread: TCC products 1-32
2026-09-10 02:41:38,708 INFO o.a.j.t.JMeterThread: Thread finished: TCC products 1-32
2026-09-10 02:41:38,718 INFO o.a.j.t.JMeterThread: Stopping because end time detected by thread: TCC products 1-36
2026-09-10 02:41:38,718 INFO o.a.j.t.JMeterThread: Thread finished: TCC products 1-36
2026-09-10 02:41:38,728 INFO o.a.j.t.JMeterThread: Stopping because end time detected by thread: TCC products 1-43
2026-09-10 02:41:38,728 INFO o.a.j.t.JMeterThread: Thread finished: TCC products 1-43
2026-09-10 02:41:38,739 INFO o.a.j.t.JMeterThread: Stopping because end time detected by thread: TCC products 1-90
2026-09-10 02:41:38,739 INFO o.a.j.t.JMeterThread: Thread finished: TCC products 1-90
2026-09-10 02:41:38,749 INFO o.a.j.t.JMeterThread: Stopping because end time detected by thread: TCC products 1-11
2026-09-10 02:41:38,750 INFO o.a.j.t.JMeterThread: Thread finished: TCC products 1-11
2026-09-10 02:41:38,760 INFO o.a.j.t.JMeterThread: Stopping because end time detected by thread: TCC products 1-25
2026-09-10 02:41:38,760 INFO o.a.j.t.JMeterThread: Thread finished: TCC products 1-25
2026-09-10 02:41:38,770 INFO o.a.j.t.JMeterThread: Stopping because end time detected by thread: TCC products 1-67
2026-09-10 02:41:38,770 INFO o.a.j.t.JMeterThread: Thread finished: TCC products 1-67
2026-09-10 02:41:38,781 INFO o.a.j.t.JMeterThread: Stopping because end time detected by thread: TCC products 1-35
2026-09-10 02:41:38,781 INFO o.a.j.t.JMeterThread: Thread finished: TCC products 1-35
2026-09-10 02:41:38,791 INFO o.a.j.t.JMeterThread: Stopping because end time detected by thread: TCC products 1-57
2026-09-10 02:41:38,791 INFO o.a.j.t.JMeterThread: Thread finished: TCC products 1-57
2026-09-10 02:41:38,801 INFO o.a.j.t.JMeterThread: Stopping because end time detected by thread: TCC products 1-87
2026-09-10 02:41:38,802 INFO o.a.j.t.JMeterThread: Thread finished: TCC products 1-87
2026-09-10 02:41:38,812 INFO o.a.j.t.JMeterThread: Stopping because end time detected by thread: TCC products 1-18
2026-09-10 02:41:38,812 INFO o.a.j.t.JMeterThread: Thread finished: TCC products 1-18
2026-09-10 02:41:38,823 INFO o.a.j.t.JMeterThread: Stopping because end time detected by thread: TCC products 1-28
2026-09-10 02:41:38,823 INFO o.a.j.t.JMeterThread: Thread finished: TCC products 1-28
2026-09-10 02:41:38,833 INFO o.a.j.t.JMeterThread: Stopping because end time detected by thread: TCC products 1-22
2026-09-10 02:41:38,833 INFO o.a.j.t.JMeterThread: Thread finished: TCC products 1-22
2026-09-10 02:41:38,844 INFO o.a.j.t.JMeterThread: Stopping because end time detected by thread: TCC products 1-34
2026-09-10 02:41:38,844 INFO o.a.j.t.JMeterThread: Thread finished: TCC products 1-34
2026-09-10 02:41:38,854 INFO o.a.j.t.JMeterThread: Stopping because end time detected by thread: TCC products 1-13
2026-09-10 02:41:38,854 INFO o.a.j.t.JMeterThread: Thread finished: TCC products 1-13
2026-09-10 02:41:38,865 INFO o.a.j.t.JMeterThread: Stopping because end time detected by thread: TCC products 1-95
2026-09-10 02:41:38,865 INFO o.a.j.t.JMeterThread: Thread finished: TCC products 1-95
2026-09-10 02:41:38,876 INFO o.a.j.t.JMeterThread: Stopping because end time detected by thread: TCC products 1-15
2026-09-10 02:41:38,876 INFO o.a.j.t.JMeterThread: Thread finished: TCC products 1-15
2026-09-10 02:41:38,886 INFO o.a.j.t.JMeterThread: Stopping because end time detected by thread: TCC products 1-73
2026-09-10 02:41:38,886 INFO o.a.j.t.JMeterThread: Thread finished: TCC products 1-73
2026-09-10 02:41:38,897 INFO o.a.j.t.JMeterThread: Stopping because end time detected by thread: TCC products 1-70
2026-09-10 02:41:38,897 INFO o.a.j.t.JMeterThread: Thread finished: TCC products 1-70
2026-09-10 02:41:38,908 INFO o.a.j.t.JMeterThread: Stopping because end time detected by thread: TCC products 1-94
2026-09-10 02:41:38,908 INFO o.a.j.t.JMeterThread: Thread finished: TCC products 1-94
2026-09-10 02:41:38,918 INFO o.a.j.t.JMeterThread: Stopping because end time detected by thread: TCC products 1-66
2026-09-10 02:41:38,918 INFO o.a.j.t.JMeterThread: Thread finished: TCC products 1-66
2026-09-10 02:41:38,929 INFO o.a.j.t.JMeterThread: Stopping because end time detected by thread: TCC products 1-92
2026-09-10 02:41:38,929 INFO o.a.j.t.JMeterThread: Thread finished: TCC products 1-92
2026-09-10 02:41:38,940 INFO o.a.j.t.JMeterThread: Stopping because end time detected by thread: TCC products 1-75
2026-09-10 02:41:38,940 INFO o.a.j.t.JMeterThread: Thread finished: TCC products 1-75
2026-09-10 02:41:38,952 INFO o.a.j.t.JMeterThread: Stopping because end time detected by thread: TCC products 1-29
2026-09-10 02:41:38,952 INFO o.a.j.t.JMeterThread: Thread finished: TCC products 1-29
2026-09-10 02:41:38,962 INFO o.a.j.t.JMeterThread: Stopping because end time detected by thread: TCC products 1-42
2026-09-10 02:41:38,962 INFO o.a.j.t.JMeterThread: Thread finished: TCC products 1-42
2026-09-10 02:41:38,974 INFO o.a.j.t.JMeterThread: Stopping because end time detected by thread: TCC products 1-17
2026-09-10 02:41:38,974 INFO o.a.j.t.JMeterThread: Thread finished: TCC products 1-17
2026-09-10 02:41:38,984 INFO o.a.j.t.JMeterThread: Stopping because end time detected by thread: TCC products 1-6
2026-09-10 02:41:38,984 INFO o.a.j.t.JMeterThread: Thread finished: TCC products 1-6
2026-09-10 02:41:38,996 INFO o.a.j.t.JMeterThread: Stopping because end time detected by thread: TCC products 1-31
2026-09-10 02:41:38,996 INFO o.a.j.t.JMeterThread: Thread finished: TCC products 1-31
2026-09-10 02:41:39,013 INFO o.a.j.t.JMeterThread: Stopping because end time detected by thread: TCC products 1-80
2026-09-10 02:41:39,013 INFO o.a.j.t.JMeterThread: Thread finished: TCC products 1-80
2026-09-10 02:41:39,025 INFO o.a.j.t.JMeterThread: Stopping because end time detected by thread: TCC products 1-3
2026-09-10 02:41:39,025 INFO o.a.j.t.JMeterThread: Thread finished: TCC products 1-3
2026-09-10 02:41:39,037 INFO o.a.j.t.JMeterThread: Stopping because end time detected by thread: TCC products 1-52
2026-09-10 02:41:39,037 INFO o.a.j.t.JMeterThread: Thread finished: TCC products 1-52
2026-09-10 02:41:39,048 INFO o.a.j.t.JMeterThread: Stopping because end time detected by thread: TCC products 1-58
2026-09-10 02:41:39,048 INFO o.a.j.t.JMeterThread: Thread finished: TCC products 1-58
2026-09-10 02:41:39,059 INFO o.a.j.t.JMeterThread: Stopping because end time detected by thread: TCC products 1-53
2026-09-10 02:41:39,059 INFO o.a.j.t.JMeterThread: Thread finished: TCC products 1-53
2026-09-10 02:41:39,070 INFO o.a.j.t.JMeterThread: Stopping because end time detected by thread: TCC products 1-76
2026-09-10 02:41:39,070 INFO o.a.j.t.JMeterThread: Thread finished: TCC products 1-76
2026-09-10 02:41:39,081 INFO o.a.j.t.JMeterThread: Stopping because end time detected by thread: TCC products 1-86
2026-09-10 02:41:39,081 INFO o.a.j.t.JMeterThread: Thread finished: TCC products 1-86
2026-09-10 02:41:39,091 INFO o.a.j.t.JMeterThread: Stopping because end time detected by thread: TCC products 1-96
2026-09-10 02:41:39,091 INFO o.a.j.t.JMeterThread: Thread finished: TCC products 1-96
2026-09-10 02:41:39,101 INFO o.a.j.t.JMeterThread: Stopping because end time detected by thread: TCC products 1-100
2026-09-10 02:41:39,102 INFO o.a.j.t.JMeterThread: Thread finished: TCC products 1-100
2026-09-10 02:41:39,112 INFO o.a.j.t.JMeterThread: Stopping because end time detected by thread: TCC products 1-83
2026-09-10 02:41:39,112 INFO o.a.j.t.JMeterThread: Thread finished: TCC products 1-83
2026-09-10 02:41:39,122 INFO o.a.j.t.JMeterThread: Stopping because end time detected by thread: TCC products 1-48
2026-09-10 02:41:39,122 INFO o.a.j.t.JMeterThread: Thread finished: TCC products 1-48
2026-09-10 02:41:39,133 INFO o.a.j.t.JMeterThread: Stopping because end time detected by thread: TCC products 1-30
2026-09-10 02:41:39,133 INFO o.a.j.t.JMeterThread: Thread finished: TCC products 1-30
2026-09-10 02:41:39,143 INFO o.a.j.t.JMeterThread: Stopping because end time detected by thread: TCC products 1-14
2026-09-10 02:41:39,143 INFO o.a.j.t.JMeterThread: Thread finished: TCC products 1-14
2026-09-10 02:41:39,154 INFO o.a.j.t.JMeterThread: Stopping because end time detected by thread: TCC products 1-85
2026-09-10 02:41:39,154 INFO o.a.j.t.JMeterThread: Thread finished: TCC products 1-85
2026-09-10 02:41:39,164 INFO o.a.j.t.JMeterThread: Stopping because end time detected by thread: TCC products 1-97
2026-09-10 02:41:39,164 INFO o.a.j.t.JMeterThread: Thread finished: TCC products 1-97
2026-09-10 02:41:39,174 INFO o.a.j.t.JMeterThread: Stopping because end time detected by thread: TCC products 1-64
2026-09-10 02:41:39,174 INFO o.a.j.t.JMeterThread: Thread finished: TCC products 1-64
2026-09-10 02:41:39,185 INFO o.a.j.t.JMeterThread: Stopping because end time detected by thread: TCC products 1-88
2026-09-10 02:41:39,185 INFO o.a.j.t.JMeterThread: Thread finished: TCC products 1-88
2026-09-10 02:41:39,185 INFO o.a.j.e.StandardJMeterEngine: Notifying test listeners of end of test
2026-09-10 02:41:39,188 INFO o.a.j.r.Summariser: summary +    824 in 00:00:09 =   89.8/s Avg:  1115 Min:  1070 Max:  1137 Err:     0 (0.00%) Active: 0 Started: 100 Finished: 100
2026-09-10 02:41:39,188 INFO o.a.j.r.Summariser: summary =   2731 in 00:00:31 =   87.7/s Avg:  1102 Min:    90 Max:  1586 Err:     0 (0.00%)
