2026-09-10 01:33:13,843 INFO o.a.j.u.JMeterUtils: Setting Locale to en_EN
2026-09-10 01:33:13,858 INFO o.a.j.JMeter: Loading user properties from: /home/avituo/projects/tcc/tcc-container/.tools/apache-jmeter-5.6.3/bin/user.properties
2026-09-10 01:33:13,859 INFO o.a.j.JMeter: Loading system properties from: /home/avituo/projects/tcc/tcc-container/.tools/apache-jmeter-5.6.3/bin/system.properties
2026-09-10 01:33:13,859 INFO o.a.j.JMeter: Loading additional properties from: /home/avituo/projects/tcc/tcc-container/benchmark/jmeter/benchmark.properties
2026-09-10 01:33:13,859 INFO o.a.j.JMeter: Loading additional properties from: /tmp/tcc-benchmark-auth.RdyONd/auth.properties
2026-09-10 01:33:13,859 INFO o.a.j.JMeter: Loading additional properties from: /home/avituo/projects/tcc/tcc-container/benchmark/results/laravel-13.20.0/final/products/c25/r1/microservices/thread-counters.properties
2026-09-10 01:33:13,859 INFO o.a.j.JMeter: Setting JMeter property: threads=25
2026-09-10 01:33:13,859 INFO o.a.j.JMeter: Setting JMeter property: duration_seconds=120
2026-09-10 01:33:13,859 INFO o.a.j.JMeter: Setting JMeter property: target_host=localhost
2026-09-10 01:33:13,859 INFO o.a.j.JMeter: Setting JMeter property: target_port=18080
2026-09-10 01:33:13,859 INFO o.a.j.JMeter: Setting JMeter property: tcc.order.id=20000000-0000-4000-8000-000000000001
2026-09-10 01:33:13,859 INFO o.a.j.JMeter: Setting JMeter property: repetition=1
2026-09-10 01:33:13,865 INFO o.a.j.JMeter: Copyright (c) 1998-2024 The Apache Software Foundation
2026-09-10 01:33:13,866 INFO o.a.j.JMeter: Version 5.6.3
2026-09-10 01:33:13,866 INFO o.a.j.JMeter: java.version=21.0.11
2026-09-10 01:33:13,866 INFO o.a.j.JMeter: java.vm.name=OpenJDK 64-Bit Server VM
2026-09-10 01:33:13,866 INFO o.a.j.JMeter: os.name=Linux
2026-09-10 01:33:13,866 INFO o.a.j.JMeter: os.arch=amd64
2026-09-10 01:33:13,866 INFO o.a.j.JMeter: os.version=7.0.11-76070011-generic
2026-09-10 01:33:13,866 INFO o.a.j.JMeter: file.encoding=UTF-8
2026-09-10 01:33:13,866 INFO o.a.j.JMeter: java.awt.headless=true
2026-09-10 01:33:13,866 INFO o.a.j.JMeter: Max memory     =1073741824
2026-09-10 01:33:13,866 INFO o.a.j.JMeter: Available Processors =16
2026-09-10 01:33:13,874 INFO o.a.j.JMeter: Default Locale=English (EN)
2026-09-10 01:33:13,875 INFO o.a.j.JMeter: JMeter  Locale=English (EN)
2026-09-10 01:33:13,875 INFO o.a.j.JMeter: JMeterHome=/home/avituo/projects/tcc/tcc-container/.tools/apache-jmeter-5.6.3
2026-09-10 01:33:13,875 INFO o.a.j.JMeter: user.dir  =/home/avituo/projects/tcc/tcc-container
2026-09-10 01:33:13,875 INFO o.a.j.JMeter: PWD       =/home/avituo/projects/tcc/tcc-container
2026-09-10 01:33:13,886 INFO o.a.j.JMeter: IP: 192.168.1.16 Name: pop-os FullName: pop-os.home
2026-09-10 01:33:13,897 INFO o.a.j.s.FileServer: Default base='/home/avituo/projects/tcc/tcc-container'
2026-09-10 01:33:13,899 INFO o.a.j.s.FileServer: Set new base='/home/avituo/projects/tcc/tcc-container/benchmark/jmeter'
2026-09-10 01:33:14,064 INFO o.a.j.s.SaveService: Testplan (JMX) version: 2.2. Testlog (JTL) version: 2.2
2026-09-10 01:33:14,088 INFO o.a.j.s.SaveService: Using SaveService properties version 5.0
2026-09-10 01:33:14,091 INFO o.a.j.s.SaveService: Using SaveService properties file encoding UTF-8
2026-09-10 01:33:14,095 INFO o.a.j.s.SaveService: Loading file: /home/avituo/projects/tcc/tcc-container/benchmark/jmeter/tcc-products-v1.jmx
2026-09-10 01:33:14,145 INFO o.a.j.p.h.s.HTTPSamplerBase: Parser for text/html is org.apache.jmeter.protocol.http.parser.LagartoBasedHtmlParser
2026-09-10 01:33:14,145 INFO o.a.j.p.h.s.HTTPSamplerBase: Parser for application/xhtml+xml is org.apache.jmeter.protocol.http.parser.LagartoBasedHtmlParser
2026-09-10 01:33:14,145 INFO o.a.j.p.h.s.HTTPSamplerBase: Parser for application/xml is org.apache.jmeter.protocol.http.parser.LagartoBasedHtmlParser
2026-09-10 01:33:14,145 INFO o.a.j.p.h.s.HTTPSamplerBase: Parser for text/xml is org.apache.jmeter.protocol.http.parser.LagartoBasedHtmlParser
2026-09-10 01:33:14,145 INFO o.a.j.p.h.s.HTTPSamplerBase: Parser for text/vnd.wap.wml is org.apache.jmeter.protocol.http.parser.RegexpHTMLParser
2026-09-10 01:33:14,146 INFO o.a.j.p.h.s.HTTPSamplerBase: Parser for text/css is org.apache.jmeter.protocol.http.parser.CssParser
2026-09-10 01:33:14,174 INFO o.a.j.JMeter: Creating summariser <summary>
2026-09-10 01:33:14,194 INFO o.a.j.e.StandardJMeterEngine: Running the test!
2026-09-10 01:33:14,195 INFO o.a.j.s.SampleEvent: List of sample_variables: []
2026-09-10 01:33:14,195 INFO o.a.j.s.SampleEvent: List of sample_variables: []
2026-09-10 01:33:14,200 INFO o.a.j.e.u.CompoundVariable: Note: Function class names must contain the string: '.functions.'
2026-09-10 01:33:14,200 INFO o.a.j.e.u.CompoundVariable: Note: Function class names must not contain the string: '.gui.'
2026-09-10 01:33:14,448 INFO o.a.j.JMeter: Running test (1789014794448)
2026-09-10 01:33:14,468 INFO o.a.j.e.StandardJMeterEngine: Starting ThreadGroup: 1 : TCC products
2026-09-10 01:33:14,469 INFO o.a.j.e.StandardJMeterEngine: Starting 25 threads for group TCC products.
2026-09-10 01:33:14,469 INFO o.a.j.e.StandardJMeterEngine: Thread will continue on error
2026-09-10 01:33:14,469 INFO o.a.j.t.ThreadGroup: Starting thread group... number=1 threads=25 ramp-up=0 delayedStart=false
2026-09-10 01:33:14,475 INFO o.a.j.t.JMeterThread: Thread started: TCC products 1-3
2026-09-10 01:33:14,475 INFO o.a.j.t.JMeterThread: Thread started: TCC products 1-1
2026-09-10 01:33:14,475 INFO o.a.j.t.JMeterThread: Thread started: TCC products 1-2
2026-09-10 01:33:14,475 INFO o.a.j.t.JMeterThread: Thread started: TCC products 1-5
2026-09-10 01:33:14,475 INFO o.a.j.t.JMeterThread: Thread started: TCC products 1-4
2026-09-10 01:33:14,476 INFO o.a.j.t.JMeterThread: Thread started: TCC products 1-6
2026-09-10 01:33:14,477 INFO o.a.j.t.JMeterThread: Thread started: TCC products 1-7
2026-09-10 01:33:14,477 INFO o.a.j.t.JMeterThread: Thread started: TCC products 1-8
2026-09-10 01:33:14,478 INFO o.a.j.t.JMeterThread: Thread started: TCC products 1-9
2026-09-10 01:33:14,478 INFO o.a.j.t.JMeterThread: Thread started: TCC products 1-10
2026-09-10 01:33:14,479 INFO o.a.j.t.JMeterThread: Thread started: TCC products 1-11
2026-09-10 01:33:14,480 INFO o.a.j.t.JMeterThread: Thread started: TCC products 1-12
2026-09-10 01:33:14,481 INFO o.a.j.t.JMeterThread: Thread started: TCC products 1-13
2026-09-10 01:33:14,482 INFO o.a.j.t.JMeterThread: Thread started: TCC products 1-14
2026-09-10 01:33:14,482 INFO o.a.j.t.JMeterThread: Thread started: TCC products 1-15
2026-09-10 01:33:14,484 INFO o.a.j.t.JMeterThread: Thread started: TCC products 1-16
2026-09-10 01:33:14,484 INFO o.a.j.t.JMeterThread: Thread started: TCC products 1-17
2026-09-10 01:33:14,485 INFO o.a.j.t.JMeterThread: Thread started: TCC products 1-18
2026-09-10 01:33:14,486 INFO o.a.j.t.JMeterThread: Thread started: TCC products 1-19
2026-09-10 01:33:14,486 INFO o.a.j.t.JMeterThread: Thread started: TCC products 1-20
2026-09-10 01:33:14,487 INFO o.a.j.t.JMeterThread: Thread started: TCC products 1-21
2026-09-10 01:33:14,487 INFO o.a.j.t.JMeterThread: Thread started: TCC products 1-22
2026-09-10 01:33:14,488 INFO o.a.j.t.JMeterThread: Thread started: TCC products 1-23
2026-09-10 01:33:14,488 INFO o.a.j.t.ThreadGroup: Started thread group number 1
2026-09-10 01:33:14,488 INFO o.a.j.t.JMeterThread: Thread started: TCC products 1-24
2026-09-10 01:33:14,489 INFO o.a.j.e.StandardJMeterEngine: All thread groups have been started
2026-09-10 01:33:14,489 INFO o.a.j.t.JMeterThread: Thread started: TCC products 1-25
2026-09-10 01:33:14,496 INFO o.a.j.p.h.s.HTTPHCAbstractImpl: Local host = pop-os
2026-09-10 01:33:14,501 INFO o.a.j.p.h.s.HTTPHC4Impl: HTTP request retry count = 0
2026-09-10 01:33:14,503 INFO o.a.j.s.SampleResult: Note: Sample TimeStamps are START times
2026-09-10 01:33:14,503 INFO o.a.j.s.SampleResult: sampleresult.default.encoding is set to UTF-8
2026-09-10 01:33:14,503 INFO o.a.j.s.SampleResult: sampleresult.useNanoTime=true
2026-09-10 01:33:14,503 INFO o.a.j.s.SampleResult: sampleresult.nanoThreadSleep=5000
2026-09-10 01:33:30,009 INFO o.a.j.r.Summariser: summary +   1846 in 00:00:16 =  118.6/s Avg:   195 Min:    20 Max:   385 Err:     0 (0.00%) Active: 25 Started: 25 Finished: 0
2026-09-10 01:34:00,006 INFO o.a.j.r.Summariser: summary +   3902 in 00:00:30 =  130.1/s Avg:   191 Min:   179 Max:   244 Err:     0 (0.00%) Active: 25 Started: 25 Finished: 0
2026-09-10 01:34:00,007 INFO o.a.j.r.Summariser: summary =   5748 in 00:00:46 =  126.2/s Avg:   192 Min:    20 Max:   385 Err:     0 (0.00%)
2026-09-10 01:34:30,001 INFO o.a.j.r.Summariser: summary +   3907 in 00:00:30 =  130.3/s Avg:   191 Min:   181 Max:   219 Err:     0 (0.00%) Active: 25 Started: 25 Finished: 0
2026-09-10 01:34:30,002 INFO o.a.j.r.Summariser: summary =   9655 in 00:01:16 =  127.8/s Avg:   192 Min:    20 Max:   385 Err:     0 (0.00%)
2026-09-10 01:35:00,001 INFO o.a.j.r.Summariser: summary +   3921 in 00:00:30 =  130.7/s Avg:   190 Min:   180 Max:   211 Err:     0 (0.00%) Active: 25 Started: 25 Finished: 0
2026-09-10 01:35:00,001 INFO o.a.j.r.Summariser: summary =  13576 in 00:01:46 =  128.6/s Avg:   191 Min:    20 Max:   385 Err:     0 (0.00%)
2026-09-10 01:35:14,490 INFO o.a.j.t.JMeterThread: Stopping because end time detected by thread: TCC products 1-6
2026-09-10 01:35:14,490 INFO o.a.j.t.JMeterThread: Thread finished: TCC products 1-6
2026-09-10 01:35:14,498 INFO o.a.j.t.JMeterThread: Stopping because end time detected by thread: TCC products 1-16
2026-09-10 01:35:14,498 INFO o.a.j.t.JMeterThread: Thread finished: TCC products 1-16
2026-09-10 01:35:14,505 INFO o.a.j.t.JMeterThread: Stopping because end time detected by thread: TCC products 1-2
2026-09-10 01:35:14,505 INFO o.a.j.t.JMeterThread: Thread finished: TCC products 1-2
2026-09-10 01:35:14,512 INFO o.a.j.t.JMeterThread: Stopping because end time detected by thread: TCC products 1-3
2026-09-10 01:35:14,513 INFO o.a.j.t.JMeterThread: Thread finished: TCC products 1-3
2026-09-10 01:35:14,520 INFO o.a.j.t.JMeterThread: Stopping because end time detected by thread: TCC products 1-9
2026-09-10 01:35:14,520 INFO o.a.j.t.JMeterThread: Thread finished: TCC products 1-9
2026-09-10 01:35:14,528 INFO o.a.j.t.JMeterThread: Stopping because end time detected by thread: TCC products 1-18
2026-09-10 01:35:14,528 INFO o.a.j.t.JMeterThread: Thread finished: TCC products 1-18
2026-09-10 01:35:14,536 INFO o.a.j.t.JMeterThread: Stopping because end time detected by thread: TCC products 1-17
2026-09-10 01:35:14,537 INFO o.a.j.t.JMeterThread: Thread finished: TCC products 1-17
2026-09-10 01:35:14,544 INFO o.a.j.t.JMeterThread: Stopping because end time detected by thread: TCC products 1-14
2026-09-10 01:35:14,544 INFO o.a.j.t.JMeterThread: Thread finished: TCC products 1-14
2026-09-10 01:35:14,552 INFO o.a.j.t.JMeterThread: Stopping because end time detected by thread: TCC products 1-1
2026-09-10 01:35:14,553 INFO o.a.j.t.JMeterThread: Thread finished: TCC products 1-1
2026-09-10 01:35:14,560 INFO o.a.j.t.JMeterThread: Stopping because end time detected by thread: TCC products 1-15
2026-09-10 01:35:14,560 INFO o.a.j.t.JMeterThread: Thread finished: TCC products 1-15
2026-09-10 01:35:14,568 INFO o.a.j.t.JMeterThread: Stopping because end time detected by thread: TCC products 1-8
2026-09-10 01:35:14,568 INFO o.a.j.t.JMeterThread: Thread finished: TCC products 1-8
2026-09-10 01:35:14,575 INFO o.a.j.t.JMeterThread: Stopping because end time detected by thread: TCC products 1-4
2026-09-10 01:35:14,575 INFO o.a.j.t.JMeterThread: Thread finished: TCC products 1-4
2026-09-10 01:35:14,583 INFO o.a.j.t.JMeterThread: Stopping because end time detected by thread: TCC products 1-25
2026-09-10 01:35:14,583 INFO o.a.j.t.JMeterThread: Thread finished: TCC products 1-25
2026-09-10 01:35:14,590 INFO o.a.j.t.JMeterThread: Stopping because end time detected by thread: TCC products 1-7
2026-09-10 01:35:14,590 INFO o.a.j.t.JMeterThread: Thread finished: TCC products 1-7
2026-09-10 01:35:14,598 INFO o.a.j.t.JMeterThread: Stopping because end time detected by thread: TCC products 1-21
2026-09-10 01:35:14,598 INFO o.a.j.t.JMeterThread: Thread finished: TCC products 1-21
2026-09-10 01:35:14,605 INFO o.a.j.t.JMeterThread: Stopping because end time detected by thread: TCC products 1-5
2026-09-10 01:35:14,605 INFO o.a.j.t.JMeterThread: Thread finished: TCC products 1-5
2026-09-10 01:35:14,614 INFO o.a.j.t.JMeterThread: Stopping because end time detected by thread: TCC products 1-20
2026-09-10 01:35:14,614 INFO o.a.j.t.JMeterThread: Thread finished: TCC products 1-20
2026-09-10 01:35:14,621 INFO o.a.j.t.JMeterThread: Stopping because end time detected by thread: TCC products 1-13
2026-09-10 01:35:14,621 INFO o.a.j.t.JMeterThread: Thread finished: TCC products 1-13
2026-09-10 01:35:14,629 INFO o.a.j.t.JMeterThread: Stopping because end time detected by thread: TCC products 1-24
2026-09-10 01:35:14,629 INFO o.a.j.t.JMeterThread: Thread finished: TCC products 1-24
2026-09-10 01:35:14,636 INFO o.a.j.t.JMeterThread: Stopping because end time detected by thread: TCC products 1-22
2026-09-10 01:35:14,636 INFO o.a.j.t.JMeterThread: Thread finished: TCC products 1-22
2026-09-10 01:35:14,643 INFO o.a.j.t.JMeterThread: Stopping because end time detected by thread: TCC products 1-12
2026-09-10 01:35:14,643 INFO o.a.j.t.JMeterThread: Thread finished: TCC products 1-12
2026-09-10 01:35:14,651 INFO o.a.j.t.JMeterThread: Stopping because end time detected by thread: TCC products 1-11
2026-09-10 01:35:14,651 INFO o.a.j.t.JMeterThread: Thread finished: TCC products 1-11
2026-09-10 01:35:14,658 INFO o.a.j.t.JMeterThread: Stopping because end time detected by thread: TCC products 1-23
2026-09-10 01:35:14,658 INFO o.a.j.t.JMeterThread: Thread finished: TCC products 1-23
2026-09-10 01:35:14,666 INFO o.a.j.t.JMeterThread: Stopping because end time detected by thread: TCC products 1-10
2026-09-10 01:35:14,666 INFO o.a.j.t.JMeterThread: Thread finished: TCC products 1-10
2026-09-10 01:35:14,673 INFO o.a.j.t.JMeterThread: Stopping because end time detected by thread: TCC products 1-19
2026-09-10 01:35:14,673 INFO o.a.j.t.JMeterThread: Thread finished: TCC products 1-19
2026-09-10 01:35:14,673 INFO o.a.j.e.StandardJMeterEngine: Notifying test listeners of end of test
2026-09-10 01:35:14,676 INFO o.a.j.r.Summariser: summary +   1927 in 00:00:15 =  131.3/s Avg:   190 Min:   179 Max:   208 Err:     0 (0.00%) Active: 0 Started: 25 Finished: 25
2026-09-10 01:35:14,676 INFO o.a.j.r.Summariser: summary =  15503 in 00:02:00 =  128.9/s Avg:   191 Min:    20 Max:   385 Err:     0 (0.00%)
