2026-09-10 05:22:53,369 INFO o.a.j.u.JMeterUtils: Setting Locale to en_EN
2026-09-10 05:22:53,386 INFO o.a.j.JMeter: Loading user properties from: /home/avituo/projects/tcc/tcc-container/.tools/apache-jmeter-5.6.3/bin/user.properties
2026-09-10 05:22:53,387 INFO o.a.j.JMeter: Loading system properties from: /home/avituo/projects/tcc/tcc-container/.tools/apache-jmeter-5.6.3/bin/system.properties
2026-09-10 05:22:53,387 INFO o.a.j.JMeter: Loading additional properties from: /home/avituo/projects/tcc/tcc-container/benchmark/jmeter/benchmark.properties
2026-09-10 05:22:53,387 INFO o.a.j.JMeter: Loading additional properties from: /tmp/tcc-benchmark-auth.N9te6L/auth.properties
2026-09-10 05:22:53,387 INFO o.a.j.JMeter: Setting JMeter property: threads=100
2026-09-10 05:22:53,387 INFO o.a.j.JMeter: Setting JMeter property: duration_seconds=30
2026-09-10 05:22:53,387 INFO o.a.j.JMeter: Setting JMeter property: target_host=localhost
2026-09-10 05:22:53,387 INFO o.a.j.JMeter: Setting JMeter property: target_port=18080
2026-09-10 05:22:53,387 INFO o.a.j.JMeter: Setting JMeter property: tcc.order.id=20000000-0000-4000-8000-000000000001
2026-09-10 05:22:53,387 INFO o.a.j.JMeter: Setting JMeter property: repetition=3
2026-09-10 05:22:53,395 INFO o.a.j.JMeter: Copyright (c) 1998-2024 The Apache Software Foundation
2026-09-10 05:22:53,396 INFO o.a.j.JMeter: Version 5.6.3
2026-09-10 05:22:53,396 INFO o.a.j.JMeter: java.version=21.0.11
2026-09-10 05:22:53,396 INFO o.a.j.JMeter: java.vm.name=OpenJDK 64-Bit Server VM
2026-09-10 05:22:53,396 INFO o.a.j.JMeter: os.name=Linux
2026-09-10 05:22:53,396 INFO o.a.j.JMeter: os.arch=amd64
2026-09-10 05:22:53,396 INFO o.a.j.JMeter: os.version=7.0.11-76070011-generic
2026-09-10 05:22:53,396 INFO o.a.j.JMeter: file.encoding=UTF-8
2026-09-10 05:22:53,396 INFO o.a.j.JMeter: java.awt.headless=true
2026-09-10 05:22:53,396 INFO o.a.j.JMeter: Max memory     =1073741824
2026-09-10 05:22:53,396 INFO o.a.j.JMeter: Available Processors =16
2026-09-10 05:22:53,405 INFO o.a.j.JMeter: Default Locale=English (EN)
2026-09-10 05:22:53,405 INFO o.a.j.JMeter: JMeter  Locale=English (EN)
2026-09-10 05:22:53,405 INFO o.a.j.JMeter: JMeterHome=/home/avituo/projects/tcc/tcc-container/.tools/apache-jmeter-5.6.3
2026-09-10 05:22:53,405 INFO o.a.j.JMeter: user.dir  =/home/avituo/projects/tcc/tcc-container
2026-09-10 05:22:53,405 INFO o.a.j.JMeter: PWD       =/home/avituo/projects/tcc/tcc-container
2026-09-10 05:22:53,420 INFO o.a.j.JMeter: IP: 192.168.1.16 Name: pop-os FullName: pop-os.home
2026-09-10 05:22:53,432 INFO o.a.j.s.FileServer: Default base='/home/avituo/projects/tcc/tcc-container'
2026-09-10 05:22:53,434 INFO o.a.j.s.FileServer: Set new base='/home/avituo/projects/tcc/tcc-container/benchmark/jmeter'
2026-09-10 05:22:53,612 INFO o.a.j.s.SaveService: Testplan (JMX) version: 2.2. Testlog (JTL) version: 2.2
2026-09-10 05:22:53,637 INFO o.a.j.s.SaveService: Using SaveService properties version 5.0
2026-09-10 05:22:53,640 INFO o.a.j.s.SaveService: Using SaveService properties file encoding UTF-8
2026-09-10 05:22:53,643 INFO o.a.j.s.SaveService: Loading file: /home/avituo/projects/tcc/tcc-container/benchmark/jmeter/tcc-orders-v1.jmx
2026-09-10 05:22:53,693 INFO o.a.j.p.h.s.HTTPSamplerBase: Parser for text/html is org.apache.jmeter.protocol.http.parser.LagartoBasedHtmlParser
2026-09-10 05:22:53,693 INFO o.a.j.p.h.s.HTTPSamplerBase: Parser for application/xhtml+xml is org.apache.jmeter.protocol.http.parser.LagartoBasedHtmlParser
2026-09-10 05:22:53,693 INFO o.a.j.p.h.s.HTTPSamplerBase: Parser for application/xml is org.apache.jmeter.protocol.http.parser.LagartoBasedHtmlParser
2026-09-10 05:22:53,693 INFO o.a.j.p.h.s.HTTPSamplerBase: Parser for text/xml is org.apache.jmeter.protocol.http.parser.LagartoBasedHtmlParser
2026-09-10 05:22:53,693 INFO o.a.j.p.h.s.HTTPSamplerBase: Parser for text/vnd.wap.wml is org.apache.jmeter.protocol.http.parser.RegexpHTMLParser
2026-09-10 05:22:53,693 INFO o.a.j.p.h.s.HTTPSamplerBase: Parser for text/css is org.apache.jmeter.protocol.http.parser.CssParser
2026-09-10 05:22:53,724 INFO o.a.j.JMeter: Creating summariser <summary>
2026-09-10 05:22:53,743 INFO o.a.j.e.StandardJMeterEngine: Running the test!
2026-09-10 05:22:53,744 INFO o.a.j.s.SampleEvent: List of sample_variables: []
2026-09-10 05:22:53,744 INFO o.a.j.s.SampleEvent: List of sample_variables: []
2026-09-10 05:22:53,749 INFO o.a.j.e.u.CompoundVariable: Note: Function class names must contain the string: '.functions.'
2026-09-10 05:22:53,749 INFO o.a.j.e.u.CompoundVariable: Note: Function class names must not contain the string: '.gui.'
2026-09-10 05:22:53,995 INFO o.a.j.JMeter: Running test (1789028573994)
2026-09-10 05:22:54,017 INFO o.a.j.e.StandardJMeterEngine: Starting ThreadGroup: 1 : TCC orders
2026-09-10 05:22:54,017 INFO o.a.j.e.StandardJMeterEngine: Starting 100 threads for group TCC orders.
2026-09-10 05:22:54,017 INFO o.a.j.e.StandardJMeterEngine: Thread will continue on error
2026-09-10 05:22:54,017 INFO o.a.j.t.ThreadGroup: Starting thread group... number=1 threads=100 ramp-up=0 delayedStart=false
2026-09-10 05:22:54,024 INFO o.a.j.t.JMeterThread: Thread started: TCC orders 1-5
2026-09-10 05:22:54,024 INFO o.a.j.t.JMeterThread: Thread started: TCC orders 1-4
2026-09-10 05:22:54,024 INFO o.a.j.t.JMeterThread: Thread started: TCC orders 1-1
2026-09-10 05:22:54,024 INFO o.a.j.t.JMeterThread: Thread started: TCC orders 1-2
2026-09-10 05:22:54,024 INFO o.a.j.t.JMeterThread: Thread started: TCC orders 1-3
2026-09-10 05:22:54,025 INFO o.a.j.t.JMeterThread: Thread started: TCC orders 1-6
2026-09-10 05:22:54,026 INFO o.a.j.t.JMeterThread: Thread started: TCC orders 1-7
2026-09-10 05:22:54,026 INFO o.a.j.t.JMeterThread: Thread started: TCC orders 1-8
2026-09-10 05:22:54,027 INFO o.a.j.t.JMeterThread: Thread started: TCC orders 1-9
2026-09-10 05:22:54,028 INFO o.a.j.t.JMeterThread: Thread started: TCC orders 1-10
2026-09-10 05:22:54,029 INFO o.a.j.t.JMeterThread: Thread started: TCC orders 1-11
2026-09-10 05:22:54,029 INFO o.a.j.t.JMeterThread: Thread started: TCC orders 1-12
2026-09-10 05:22:54,030 INFO o.a.j.t.JMeterThread: Thread started: TCC orders 1-13
2026-09-10 05:22:54,031 INFO o.a.j.t.JMeterThread: Thread started: TCC orders 1-14
2026-09-10 05:22:54,032 INFO o.a.j.t.JMeterThread: Thread started: TCC orders 1-15
2026-09-10 05:22:54,033 INFO o.a.j.t.JMeterThread: Thread started: TCC orders 1-16
2026-09-10 05:22:54,033 INFO o.a.j.t.JMeterThread: Thread started: TCC orders 1-17
2026-09-10 05:22:54,034 INFO o.a.j.t.JMeterThread: Thread started: TCC orders 1-18
2026-09-10 05:22:54,034 INFO o.a.j.t.JMeterThread: Thread started: TCC orders 1-19
2026-09-10 05:22:54,035 INFO o.a.j.t.JMeterThread: Thread started: TCC orders 1-20
2026-09-10 05:22:54,036 INFO o.a.j.t.JMeterThread: Thread started: TCC orders 1-21
2026-09-10 05:22:54,036 INFO o.a.j.t.JMeterThread: Thread started: TCC orders 1-22
2026-09-10 05:22:54,037 INFO o.a.j.t.JMeterThread: Thread started: TCC orders 1-23
2026-09-10 05:22:54,037 INFO o.a.j.t.JMeterThread: Thread started: TCC orders 1-24
2026-09-10 05:22:54,038 INFO o.a.j.t.JMeterThread: Thread started: TCC orders 1-25
2026-09-10 05:22:54,038 INFO o.a.j.t.JMeterThread: Thread started: TCC orders 1-26
2026-09-10 05:22:54,038 INFO o.a.j.t.JMeterThread: Thread started: TCC orders 1-27
2026-09-10 05:22:54,039 INFO o.a.j.t.JMeterThread: Thread started: TCC orders 1-28
2026-09-10 05:22:54,039 INFO o.a.j.t.JMeterThread: Thread started: TCC orders 1-29
2026-09-10 05:22:54,040 INFO o.a.j.t.JMeterThread: Thread started: TCC orders 1-30
2026-09-10 05:22:54,041 INFO o.a.j.t.JMeterThread: Thread started: TCC orders 1-31
2026-09-10 05:22:54,041 INFO o.a.j.t.JMeterThread: Thread started: TCC orders 1-32
2026-09-10 05:22:54,042 INFO o.a.j.t.JMeterThread: Thread started: TCC orders 1-33
2026-09-10 05:22:54,042 INFO o.a.j.t.JMeterThread: Thread started: TCC orders 1-34
2026-09-10 05:22:54,043 INFO o.a.j.t.JMeterThread: Thread started: TCC orders 1-35
2026-09-10 05:22:54,043 INFO o.a.j.t.JMeterThread: Thread started: TCC orders 1-36
2026-09-10 05:22:54,044 INFO o.a.j.t.JMeterThread: Thread started: TCC orders 1-37
2026-09-10 05:22:54,044 INFO o.a.j.t.JMeterThread: Thread started: TCC orders 1-38
2026-09-10 05:22:54,044 INFO o.a.j.t.JMeterThread: Thread started: TCC orders 1-39
2026-09-10 05:22:54,045 INFO o.a.j.t.JMeterThread: Thread started: TCC orders 1-41
2026-09-10 05:22:54,045 INFO o.a.j.t.JMeterThread: Thread started: TCC orders 1-40
2026-09-10 05:22:54,045 INFO o.a.j.t.JMeterThread: Thread started: TCC orders 1-42
2026-09-10 05:22:54,046 INFO o.a.j.t.JMeterThread: Thread started: TCC orders 1-44
2026-09-10 05:22:54,046 INFO o.a.j.t.JMeterThread: Thread started: TCC orders 1-43
2026-09-10 05:22:54,047 INFO o.a.j.t.JMeterThread: Thread started: TCC orders 1-45
2026-09-10 05:22:54,047 INFO o.a.j.t.JMeterThread: Thread started: TCC orders 1-46
2026-09-10 05:22:54,048 INFO o.a.j.t.JMeterThread: Thread started: TCC orders 1-47
2026-09-10 05:22:54,048 INFO o.a.j.t.JMeterThread: Thread started: TCC orders 1-48
2026-09-10 05:22:54,048 INFO o.a.j.p.h.s.HTTPHCAbstractImpl: Local host = pop-os
2026-09-10 05:22:54,048 INFO o.a.j.t.JMeterThread: Thread started: TCC orders 1-49
2026-09-10 05:22:54,049 INFO o.a.j.t.JMeterThread: Thread started: TCC orders 1-50
2026-09-10 05:22:54,049 INFO o.a.j.t.JMeterThread: Thread started: TCC orders 1-51
2026-09-10 05:22:54,050 INFO o.a.j.t.JMeterThread: Thread started: TCC orders 1-52
2026-09-10 05:22:54,050 INFO o.a.j.t.JMeterThread: Thread started: TCC orders 1-53
2026-09-10 05:22:54,051 INFO o.a.j.t.JMeterThread: Thread started: TCC orders 1-54
2026-09-10 05:22:54,051 INFO o.a.j.t.JMeterThread: Thread started: TCC orders 1-55
2026-09-10 05:22:54,051 INFO o.a.j.t.JMeterThread: Thread started: TCC orders 1-56
2026-09-10 05:22:54,052 INFO o.a.j.t.JMeterThread: Thread started: TCC orders 1-57
2026-09-10 05:22:54,052 INFO o.a.j.t.JMeterThread: Thread started: TCC orders 1-58
2026-09-10 05:22:54,052 INFO o.a.j.t.JMeterThread: Thread started: TCC orders 1-59
2026-09-10 05:22:54,053 INFO o.a.j.t.JMeterThread: Thread started: TCC orders 1-60
2026-09-10 05:22:54,054 INFO o.a.j.t.JMeterThread: Thread started: TCC orders 1-61
2026-09-10 05:22:54,054 INFO o.a.j.t.JMeterThread: Thread started: TCC orders 1-62
2026-09-10 05:22:54,055 INFO o.a.j.t.JMeterThread: Thread started: TCC orders 1-63
2026-09-10 05:22:54,055 INFO o.a.j.t.JMeterThread: Thread started: TCC orders 1-64
2026-09-10 05:22:54,056 INFO o.a.j.t.JMeterThread: Thread started: TCC orders 1-65
2026-09-10 05:22:54,057 INFO o.a.j.t.JMeterThread: Thread started: TCC orders 1-66
2026-09-10 05:22:54,057 INFO o.a.j.t.JMeterThread: Thread started: TCC orders 1-67
2026-09-10 05:22:54,058 INFO o.a.j.p.h.s.HTTPHC4Impl: HTTP request retry count = 0
2026-09-10 05:22:54,058 INFO o.a.j.t.JMeterThread: Thread started: TCC orders 1-68
2026-09-10 05:22:54,058 INFO o.a.j.t.JMeterThread: Thread started: TCC orders 1-69
2026-09-10 05:22:54,058 INFO o.a.j.t.JMeterThread: Thread started: TCC orders 1-70
2026-09-10 05:22:54,059 INFO o.a.j.t.JMeterThread: Thread started: TCC orders 1-71
2026-09-10 05:22:54,059 INFO o.a.j.s.SampleResult: Note: Sample TimeStamps are START times
2026-09-10 05:22:54,059 INFO o.a.j.s.SampleResult: sampleresult.default.encoding is set to UTF-8
2026-09-10 05:22:54,059 INFO o.a.j.t.JMeterThread: Thread started: TCC orders 1-72
2026-09-10 05:22:54,059 INFO o.a.j.s.SampleResult: sampleresult.useNanoTime=true
2026-09-10 05:22:54,060 INFO o.a.j.t.JMeterThread: Thread started: TCC orders 1-73
2026-09-10 05:22:54,060 INFO o.a.j.t.JMeterThread: Thread started: TCC orders 1-74
2026-09-10 05:22:54,060 INFO o.a.j.s.SampleResult: sampleresult.nanoThreadSleep=5000
2026-09-10 05:22:54,060 INFO o.a.j.t.JMeterThread: Thread started: TCC orders 1-75
2026-09-10 05:22:54,061 INFO o.a.j.t.JMeterThread: Thread started: TCC orders 1-76
2026-09-10 05:22:54,062 INFO o.a.j.t.JMeterThread: Thread started: TCC orders 1-78
2026-09-10 05:22:54,061 INFO o.a.j.t.JMeterThread: Thread started: TCC orders 1-77
2026-09-10 05:22:54,062 INFO o.a.j.t.JMeterThread: Thread started: TCC orders 1-79
2026-09-10 05:22:54,063 INFO o.a.j.t.JMeterThread: Thread started: TCC orders 1-81
2026-09-10 05:22:54,063 INFO o.a.j.t.JMeterThread: Thread started: TCC orders 1-80
2026-09-10 05:22:54,064 INFO o.a.j.t.JMeterThread: Thread started: TCC orders 1-82
2026-09-10 05:22:54,064 INFO o.a.j.t.JMeterThread: Thread started: TCC orders 1-83
2026-09-10 05:22:54,065 INFO o.a.j.t.JMeterThread: Thread started: TCC orders 1-84
2026-09-10 05:22:54,066 INFO o.a.j.t.JMeterThread: Thread started: TCC orders 1-85
2026-09-10 05:22:54,066 INFO o.a.j.t.JMeterThread: Thread started: TCC orders 1-86
2026-09-10 05:22:54,067 INFO o.a.j.t.JMeterThread: Thread started: TCC orders 1-87
2026-09-10 05:22:54,067 INFO o.a.j.t.JMeterThread: Thread started: TCC orders 1-88
2026-09-10 05:22:54,067 INFO o.a.j.t.JMeterThread: Thread started: TCC orders 1-89
2026-09-10 05:22:54,068 INFO o.a.j.t.JMeterThread: Thread started: TCC orders 1-90
2026-09-10 05:22:54,068 INFO o.a.j.t.JMeterThread: Thread started: TCC orders 1-91
2026-09-10 05:22:54,069 INFO o.a.j.t.JMeterThread: Thread started: TCC orders 1-92
2026-09-10 05:22:54,069 INFO o.a.j.t.JMeterThread: Thread started: TCC orders 1-93
2026-09-10 05:22:54,070 INFO o.a.j.t.JMeterThread: Thread started: TCC orders 1-94
2026-09-10 05:22:54,070 INFO o.a.j.t.JMeterThread: Thread started: TCC orders 1-95
2026-09-10 05:22:54,071 INFO o.a.j.t.JMeterThread: Thread started: TCC orders 1-97
2026-09-10 05:22:54,071 INFO o.a.j.t.JMeterThread: Thread started: TCC orders 1-98
2026-09-10 05:22:54,072 INFO o.a.j.t.JMeterThread: Thread started: TCC orders 1-99
2026-09-10 05:22:54,072 INFO o.a.j.t.JMeterThread: Thread started: TCC orders 1-96
2026-09-10 05:22:54,072 INFO o.a.j.t.ThreadGroup: Started thread group number 1
2026-09-10 05:22:54,072 INFO o.a.j.e.StandardJMeterEngine: All thread groups have been started
2026-09-10 05:22:54,072 INFO o.a.j.t.JMeterThread: Thread started: TCC orders 1-100
2026-09-10 05:23:00,004 INFO o.a.j.r.Summariser: summary +    514 in 00:00:06 =   85.6/s Avg:   959 Min:   289 Max:  1719 Err:     0 (0.00%) Active: 100 Started: 100 Finished: 0
2026-09-10 05:23:24,052 INFO o.a.j.t.JMeterThread: Stopping because end time detected by thread: TCC orders 1-8
2026-09-10 05:23:24,052 INFO o.a.j.t.JMeterThread: Thread finished: TCC orders 1-8
2026-09-10 05:23:24,060 INFO o.a.j.t.JMeterThread: Stopping because end time detected by thread: TCC orders 1-61
2026-09-10 05:23:24,061 INFO o.a.j.t.JMeterThread: Thread finished: TCC orders 1-61
2026-09-10 05:23:24,069 INFO o.a.j.t.JMeterThread: Stopping because end time detected by thread: TCC orders 1-37
2026-09-10 05:23:24,069 INFO o.a.j.t.JMeterThread: Thread finished: TCC orders 1-37
2026-09-10 05:23:24,078 INFO o.a.j.t.JMeterThread: Stopping because end time detected by thread: TCC orders 1-90
2026-09-10 05:23:24,079 INFO o.a.j.t.JMeterThread: Thread finished: TCC orders 1-90
2026-09-10 05:23:24,088 INFO o.a.j.t.JMeterThread: Stopping because end time detected by thread: TCC orders 1-11
2026-09-10 05:23:24,088 INFO o.a.j.t.JMeterThread: Thread finished: TCC orders 1-11
2026-09-10 05:23:24,096 INFO o.a.j.t.JMeterThread: Stopping because end time detected by thread: TCC orders 1-57
2026-09-10 05:23:24,096 INFO o.a.j.t.JMeterThread: Thread finished: TCC orders 1-57
2026-09-10 05:23:24,105 INFO o.a.j.t.JMeterThread: Stopping because end time detected by thread: TCC orders 1-20
2026-09-10 05:23:24,105 INFO o.a.j.t.JMeterThread: Thread finished: TCC orders 1-20
2026-09-10 05:23:24,113 INFO o.a.j.t.JMeterThread: Stopping because end time detected by thread: TCC orders 1-75
2026-09-10 05:23:24,114 INFO o.a.j.t.JMeterThread: Thread finished: TCC orders 1-75
2026-09-10 05:23:24,122 INFO o.a.j.t.JMeterThread: Stopping because end time detected by thread: TCC orders 1-19
2026-09-10 05:23:24,123 INFO o.a.j.t.JMeterThread: Thread finished: TCC orders 1-19
2026-09-10 05:23:24,131 INFO o.a.j.t.JMeterThread: Stopping because end time detected by thread: TCC orders 1-74
2026-09-10 05:23:24,131 INFO o.a.j.t.JMeterThread: Thread finished: TCC orders 1-74
2026-09-10 05:23:24,140 INFO o.a.j.t.JMeterThread: Stopping because end time detected by thread: TCC orders 1-51
2026-09-10 05:23:24,140 INFO o.a.j.t.JMeterThread: Thread finished: TCC orders 1-51
2026-09-10 05:23:24,148 INFO o.a.j.t.JMeterThread: Stopping because end time detected by thread: TCC orders 1-41
2026-09-10 05:23:24,148 INFO o.a.j.t.JMeterThread: Thread finished: TCC orders 1-41
2026-09-10 05:23:24,157 INFO o.a.j.t.JMeterThread: Stopping because end time detected by thread: TCC orders 1-100
2026-09-10 05:23:24,157 INFO o.a.j.t.JMeterThread: Thread finished: TCC orders 1-100
2026-09-10 05:23:24,165 INFO o.a.j.t.JMeterThread: Stopping because end time detected by thread: TCC orders 1-30
2026-09-10 05:23:24,166 INFO o.a.j.t.JMeterThread: Thread finished: TCC orders 1-30
2026-09-10 05:23:24,174 INFO o.a.j.t.JMeterThread: Stopping because end time detected by thread: TCC orders 1-73
2026-09-10 05:23:24,174 INFO o.a.j.t.JMeterThread: Thread finished: TCC orders 1-73
2026-09-10 05:23:24,182 INFO o.a.j.t.JMeterThread: Stopping because end time detected by thread: TCC orders 1-58
2026-09-10 05:23:24,182 INFO o.a.j.t.JMeterThread: Thread finished: TCC orders 1-58
2026-09-10 05:23:24,190 INFO o.a.j.t.JMeterThread: Stopping because end time detected by thread: TCC orders 1-50
2026-09-10 05:23:24,190 INFO o.a.j.t.JMeterThread: Thread finished: TCC orders 1-50
2026-09-10 05:23:24,199 INFO o.a.j.t.JMeterThread: Stopping because end time detected by thread: TCC orders 1-94
2026-09-10 05:23:24,199 INFO o.a.j.t.JMeterThread: Thread finished: TCC orders 1-94
2026-09-10 05:23:24,207 INFO o.a.j.t.JMeterThread: Stopping because end time detected by thread: TCC orders 1-69
2026-09-10 05:23:24,208 INFO o.a.j.t.JMeterThread: Thread finished: TCC orders 1-69
2026-09-10 05:23:24,216 INFO o.a.j.t.JMeterThread: Stopping because end time detected by thread: TCC orders 1-29
2026-09-10 05:23:24,216 INFO o.a.j.t.JMeterThread: Thread finished: TCC orders 1-29
2026-09-10 05:23:24,224 INFO o.a.j.t.JMeterThread: Stopping because end time detected by thread: TCC orders 1-49
2026-09-10 05:23:24,224 INFO o.a.j.t.JMeterThread: Thread finished: TCC orders 1-49
2026-09-10 05:23:24,232 INFO o.a.j.t.JMeterThread: Stopping because end time detected by thread: TCC orders 1-18
2026-09-10 05:23:24,232 INFO o.a.j.t.JMeterThread: Thread finished: TCC orders 1-18
2026-09-10 05:23:24,241 INFO o.a.j.t.JMeterThread: Stopping because end time detected by thread: TCC orders 1-95
2026-09-10 05:23:24,242 INFO o.a.j.t.JMeterThread: Thread finished: TCC orders 1-95
2026-09-10 05:23:24,251 INFO o.a.j.t.JMeterThread: Stopping because end time detected by thread: TCC orders 1-70
2026-09-10 05:23:24,251 INFO o.a.j.t.JMeterThread: Thread finished: TCC orders 1-70
2026-09-10 05:23:24,260 INFO o.a.j.t.JMeterThread: Stopping because end time detected by thread: TCC orders 1-98
2026-09-10 05:23:24,260 INFO o.a.j.t.JMeterThread: Thread finished: TCC orders 1-98
2026-09-10 05:23:24,268 INFO o.a.j.t.JMeterThread: Stopping because end time detected by thread: TCC orders 1-42
2026-09-10 05:23:24,268 INFO o.a.j.t.JMeterThread: Thread finished: TCC orders 1-42
2026-09-10 05:23:24,277 INFO o.a.j.t.JMeterThread: Stopping because end time detected by thread: TCC orders 1-36
2026-09-10 05:23:24,278 INFO o.a.j.t.JMeterThread: Thread finished: TCC orders 1-36
2026-09-10 05:23:24,287 INFO o.a.j.t.JMeterThread: Stopping because end time detected by thread: TCC orders 1-17
2026-09-10 05:23:24,287 INFO o.a.j.t.JMeterThread: Thread finished: TCC orders 1-17
2026-09-10 05:23:24,296 INFO o.a.j.t.JMeterThread: Stopping because end time detected by thread: TCC orders 1-44
2026-09-10 05:23:24,296 INFO o.a.j.t.JMeterThread: Thread finished: TCC orders 1-44
2026-09-10 05:23:24,305 INFO o.a.j.t.JMeterThread: Stopping because end time detected by thread: TCC orders 1-13
2026-09-10 05:23:24,305 INFO o.a.j.t.JMeterThread: Thread finished: TCC orders 1-13
2026-09-10 05:23:24,313 INFO o.a.j.t.JMeterThread: Stopping because end time detected by thread: TCC orders 1-22
2026-09-10 05:23:24,314 INFO o.a.j.t.JMeterThread: Thread finished: TCC orders 1-22
2026-09-10 05:23:24,323 INFO o.a.j.t.JMeterThread: Stopping because end time detected by thread: TCC orders 1-80
2026-09-10 05:23:24,323 INFO o.a.j.t.JMeterThread: Thread finished: TCC orders 1-80
2026-09-10 05:23:24,332 INFO o.a.j.t.JMeterThread: Stopping because end time detected by thread: TCC orders 1-79
2026-09-10 05:23:24,332 INFO o.a.j.t.JMeterThread: Thread finished: TCC orders 1-79
2026-09-10 05:23:24,341 INFO o.a.j.t.JMeterThread: Stopping because end time detected by thread: TCC orders 1-28
2026-09-10 05:23:24,341 INFO o.a.j.t.JMeterThread: Thread finished: TCC orders 1-28
2026-09-10 05:23:24,350 INFO o.a.j.t.JMeterThread: Stopping because end time detected by thread: TCC orders 1-63
2026-09-10 05:23:24,351 INFO o.a.j.t.JMeterThread: Thread finished: TCC orders 1-63
2026-09-10 05:23:24,359 INFO o.a.j.t.JMeterThread: Stopping because end time detected by thread: TCC orders 1-38
2026-09-10 05:23:24,359 INFO o.a.j.t.JMeterThread: Thread finished: TCC orders 1-38
2026-09-10 05:23:24,368 INFO o.a.j.t.JMeterThread: Stopping because end time detected by thread: TCC orders 1-64
2026-09-10 05:23:24,369 INFO o.a.j.t.JMeterThread: Thread finished: TCC orders 1-64
2026-09-10 05:23:24,377 INFO o.a.j.t.JMeterThread: Stopping because end time detected by thread: TCC orders 1-77
2026-09-10 05:23:24,378 INFO o.a.j.t.JMeterThread: Thread finished: TCC orders 1-77
2026-09-10 05:23:24,386 INFO o.a.j.t.JMeterThread: Stopping because end time detected by thread: TCC orders 1-83
2026-09-10 05:23:24,387 INFO o.a.j.t.JMeterThread: Thread finished: TCC orders 1-83
2026-09-10 05:23:24,396 INFO o.a.j.t.JMeterThread: Stopping because end time detected by thread: TCC orders 1-81
2026-09-10 05:23:24,396 INFO o.a.j.t.JMeterThread: Thread finished: TCC orders 1-81
2026-09-10 05:23:24,405 INFO o.a.j.t.JMeterThread: Stopping because end time detected by thread: TCC orders 1-26
2026-09-10 05:23:24,405 INFO o.a.j.t.JMeterThread: Thread finished: TCC orders 1-26
2026-09-10 05:23:24,414 INFO o.a.j.t.JMeterThread: Stopping because end time detected by thread: TCC orders 1-68
2026-09-10 05:23:24,414 INFO o.a.j.t.JMeterThread: Thread finished: TCC orders 1-68
2026-09-10 05:23:24,422 INFO o.a.j.t.JMeterThread: Stopping because end time detected by thread: TCC orders 1-25
2026-09-10 05:23:24,422 INFO o.a.j.t.JMeterThread: Thread finished: TCC orders 1-25
2026-09-10 05:23:24,430 INFO o.a.j.t.JMeterThread: Stopping because end time detected by thread: TCC orders 1-56
2026-09-10 05:23:24,431 INFO o.a.j.t.JMeterThread: Thread finished: TCC orders 1-56
2026-09-10 05:23:24,439 INFO o.a.j.t.JMeterThread: Stopping because end time detected by thread: TCC orders 1-2
2026-09-10 05:23:24,439 INFO o.a.j.t.JMeterThread: Thread finished: TCC orders 1-2
2026-09-10 05:23:24,448 INFO o.a.j.t.JMeterThread: Stopping because end time detected by thread: TCC orders 1-21
2026-09-10 05:23:24,448 INFO o.a.j.t.JMeterThread: Thread finished: TCC orders 1-21
2026-09-10 05:23:24,456 INFO o.a.j.t.JMeterThread: Stopping because end time detected by thread: TCC orders 1-85
2026-09-10 05:23:24,456 INFO o.a.j.t.JMeterThread: Thread finished: TCC orders 1-85
2026-09-10 05:23:24,466 INFO o.a.j.t.JMeterThread: Stopping because end time detected by thread: TCC orders 1-7
2026-09-10 05:23:24,466 INFO o.a.j.t.JMeterThread: Thread finished: TCC orders 1-7
2026-09-10 05:23:24,474 INFO o.a.j.t.JMeterThread: Stopping because end time detected by thread: TCC orders 1-33
2026-09-10 05:23:24,474 INFO o.a.j.t.JMeterThread: Thread finished: TCC orders 1-33
2026-09-10 05:23:24,483 INFO o.a.j.t.JMeterThread: Stopping because end time detected by thread: TCC orders 1-6
2026-09-10 05:23:24,483 INFO o.a.j.t.JMeterThread: Thread finished: TCC orders 1-6
2026-09-10 05:23:24,492 INFO o.a.j.t.JMeterThread: Stopping because end time detected by thread: TCC orders 1-24
2026-09-10 05:23:24,492 INFO o.a.j.t.JMeterThread: Thread finished: TCC orders 1-24
2026-09-10 05:23:24,500 INFO o.a.j.t.JMeterThread: Stopping because end time detected by thread: TCC orders 1-9
2026-09-10 05:23:24,501 INFO o.a.j.t.JMeterThread: Thread finished: TCC orders 1-9
2026-09-10 05:23:24,509 INFO o.a.j.t.JMeterThread: Stopping because end time detected by thread: TCC orders 1-5
2026-09-10 05:23:24,509 INFO o.a.j.t.JMeterThread: Thread finished: TCC orders 1-5
2026-09-10 05:23:24,517 INFO o.a.j.t.JMeterThread: Stopping because end time detected by thread: TCC orders 1-48
2026-09-10 05:23:24,518 INFO o.a.j.t.JMeterThread: Thread finished: TCC orders 1-48
2026-09-10 05:23:24,526 INFO o.a.j.t.JMeterThread: Stopping because end time detected by thread: TCC orders 1-78
2026-09-10 05:23:24,526 INFO o.a.j.t.JMeterThread: Thread finished: TCC orders 1-78
2026-09-10 05:23:24,534 INFO o.a.j.t.JMeterThread: Stopping because end time detected by thread: TCC orders 1-72
2026-09-10 05:23:24,534 INFO o.a.j.t.JMeterThread: Thread finished: TCC orders 1-72
2026-09-10 05:23:24,543 INFO o.a.j.t.JMeterThread: Stopping because end time detected by thread: TCC orders 1-47
2026-09-10 05:23:24,543 INFO o.a.j.t.JMeterThread: Thread finished: TCC orders 1-47
2026-09-10 05:23:24,551 INFO o.a.j.t.JMeterThread: Stopping because end time detected by thread: TCC orders 1-60
2026-09-10 05:23:24,551 INFO o.a.j.t.JMeterThread: Thread finished: TCC orders 1-60
2026-09-10 05:23:24,560 INFO o.a.j.t.JMeterThread: Stopping because end time detected by thread: TCC orders 1-46
2026-09-10 05:23:24,560 INFO o.a.j.t.JMeterThread: Thread finished: TCC orders 1-46
2026-09-10 05:23:24,569 INFO o.a.j.t.JMeterThread: Stopping because end time detected by thread: TCC orders 1-4
2026-09-10 05:23:24,569 INFO o.a.j.t.JMeterThread: Thread finished: TCC orders 1-4
2026-09-10 05:23:24,577 INFO o.a.j.t.JMeterThread: Stopping because end time detected by thread: TCC orders 1-89
2026-09-10 05:23:24,578 INFO o.a.j.t.JMeterThread: Thread finished: TCC orders 1-89
2026-09-10 05:23:24,588 INFO o.a.j.t.JMeterThread: Stopping because end time detected by thread: TCC orders 1-43
2026-09-10 05:23:24,588 INFO o.a.j.t.JMeterThread: Thread finished: TCC orders 1-43
2026-09-10 05:23:24,596 INFO o.a.j.t.JMeterThread: Stopping because end time detected by thread: TCC orders 1-23
2026-09-10 05:23:24,596 INFO o.a.j.t.JMeterThread: Thread finished: TCC orders 1-23
2026-09-10 05:23:24,606 INFO o.a.j.t.JMeterThread: Stopping because end time detected by thread: TCC orders 1-59
2026-09-10 05:23:24,606 INFO o.a.j.t.JMeterThread: Thread finished: TCC orders 1-59
2026-09-10 05:23:24,615 INFO o.a.j.t.JMeterThread: Stopping because end time detected by thread: TCC orders 1-97
2026-09-10 05:23:24,615 INFO o.a.j.t.JMeterThread: Thread finished: TCC orders 1-97
2026-09-10 05:23:24,624 INFO o.a.j.t.JMeterThread: Stopping because end time detected by thread: TCC orders 1-76
2026-09-10 05:23:24,624 INFO o.a.j.t.JMeterThread: Thread finished: TCC orders 1-76
2026-09-10 05:23:24,632 INFO o.a.j.t.JMeterThread: Stopping because end time detected by thread: TCC orders 1-34
2026-09-10 05:23:24,632 INFO o.a.j.t.JMeterThread: Thread finished: TCC orders 1-34
2026-09-10 05:23:24,641 INFO o.a.j.t.JMeterThread: Stopping because end time detected by thread: TCC orders 1-31
2026-09-10 05:23:24,641 INFO o.a.j.t.JMeterThread: Thread finished: TCC orders 1-31
2026-09-10 05:23:24,650 INFO o.a.j.t.JMeterThread: Stopping because end time detected by thread: TCC orders 1-54
2026-09-10 05:23:24,650 INFO o.a.j.t.JMeterThread: Thread finished: TCC orders 1-54
2026-09-10 05:23:24,658 INFO o.a.j.t.JMeterThread: Stopping because end time detected by thread: TCC orders 1-92
2026-09-10 05:23:24,658 INFO o.a.j.t.JMeterThread: Thread finished: TCC orders 1-92
2026-09-10 05:23:24,666 INFO o.a.j.t.JMeterThread: Stopping because end time detected by thread: TCC orders 1-3
2026-09-10 05:23:24,666 INFO o.a.j.t.JMeterThread: Thread finished: TCC orders 1-3
2026-09-10 05:23:24,675 INFO o.a.j.t.JMeterThread: Stopping because end time detected by thread: TCC orders 1-65
2026-09-10 05:23:24,675 INFO o.a.j.t.JMeterThread: Thread finished: TCC orders 1-65
2026-09-10 05:23:24,683 INFO o.a.j.t.JMeterThread: Stopping because end time detected by thread: TCC orders 1-67
2026-09-10 05:23:24,683 INFO o.a.j.t.JMeterThread: Thread finished: TCC orders 1-67
2026-09-10 05:23:24,691 INFO o.a.j.t.JMeterThread: Stopping because end time detected by thread: TCC orders 1-87
2026-09-10 05:23:24,691 INFO o.a.j.t.JMeterThread: Thread finished: TCC orders 1-87
2026-09-10 05:23:24,700 INFO o.a.j.t.JMeterThread: Stopping because end time detected by thread: TCC orders 1-14
2026-09-10 05:23:24,700 INFO o.a.j.t.JMeterThread: Thread finished: TCC orders 1-14
2026-09-10 05:23:24,709 INFO o.a.j.t.JMeterThread: Stopping because end time detected by thread: TCC orders 1-82
2026-09-10 05:23:24,709 INFO o.a.j.t.JMeterThread: Thread finished: TCC orders 1-82
2026-09-10 05:23:24,717 INFO o.a.j.t.JMeterThread: Stopping because end time detected by thread: TCC orders 1-10
2026-09-10 05:23:24,717 INFO o.a.j.t.JMeterThread: Thread finished: TCC orders 1-10
2026-09-10 05:23:24,725 INFO o.a.j.t.JMeterThread: Stopping because end time detected by thread: TCC orders 1-66
2026-09-10 05:23:24,725 INFO o.a.j.t.JMeterThread: Thread finished: TCC orders 1-66
2026-09-10 05:23:24,734 INFO o.a.j.t.JMeterThread: Stopping because end time detected by thread: TCC orders 1-40
2026-09-10 05:23:24,734 INFO o.a.j.t.JMeterThread: Thread finished: TCC orders 1-40
2026-09-10 05:23:24,742 INFO o.a.j.t.JMeterThread: Stopping because end time detected by thread: TCC orders 1-91
2026-09-10 05:23:24,742 INFO o.a.j.t.JMeterThread: Thread finished: TCC orders 1-91
2026-09-10 05:23:24,751 INFO o.a.j.t.JMeterThread: Stopping because end time detected by thread: TCC orders 1-93
2026-09-10 05:23:24,751 INFO o.a.j.t.JMeterThread: Thread finished: TCC orders 1-93
2026-09-10 05:23:24,759 INFO o.a.j.t.JMeterThread: Stopping because end time detected by thread: TCC orders 1-15
2026-09-10 05:23:24,759 INFO o.a.j.t.JMeterThread: Thread finished: TCC orders 1-15
2026-09-10 05:23:24,768 INFO o.a.j.t.JMeterThread: Stopping because end time detected by thread: TCC orders 1-55
2026-09-10 05:23:24,769 INFO o.a.j.t.JMeterThread: Thread finished: TCC orders 1-55
2026-09-10 05:23:24,777 INFO o.a.j.t.JMeterThread: Stopping because end time detected by thread: TCC orders 1-88
2026-09-10 05:23:24,777 INFO o.a.j.t.JMeterThread: Thread finished: TCC orders 1-88
2026-09-10 05:23:24,786 INFO o.a.j.t.JMeterThread: Stopping because end time detected by thread: TCC orders 1-27
2026-09-10 05:23:24,786 INFO o.a.j.t.JMeterThread: Thread finished: TCC orders 1-27
2026-09-10 05:23:24,794 INFO o.a.j.t.JMeterThread: Stopping because end time detected by thread: TCC orders 1-84
2026-09-10 05:23:24,794 INFO o.a.j.t.JMeterThread: Thread finished: TCC orders 1-84
2026-09-10 05:23:24,803 INFO o.a.j.t.JMeterThread: Stopping because end time detected by thread: TCC orders 1-1
2026-09-10 05:23:24,803 INFO o.a.j.t.JMeterThread: Thread finished: TCC orders 1-1
2026-09-10 05:23:24,811 INFO o.a.j.t.JMeterThread: Stopping because end time detected by thread: TCC orders 1-35
2026-09-10 05:23:24,811 INFO o.a.j.t.JMeterThread: Thread finished: TCC orders 1-35
2026-09-10 05:23:24,819 INFO o.a.j.t.JMeterThread: Stopping because end time detected by thread: TCC orders 1-16
2026-09-10 05:23:24,819 INFO o.a.j.t.JMeterThread: Thread finished: TCC orders 1-16
2026-09-10 05:23:24,827 INFO o.a.j.t.JMeterThread: Stopping because end time detected by thread: TCC orders 1-86
2026-09-10 05:23:24,827 INFO o.a.j.t.JMeterThread: Thread finished: TCC orders 1-86
2026-09-10 05:23:24,835 INFO o.a.j.t.JMeterThread: Stopping because end time detected by thread: TCC orders 1-96
2026-09-10 05:23:24,835 INFO o.a.j.t.JMeterThread: Thread finished: TCC orders 1-96
2026-09-10 05:23:24,844 INFO o.a.j.t.JMeterThread: Stopping because end time detected by thread: TCC orders 1-52
2026-09-10 05:23:24,844 INFO o.a.j.t.JMeterThread: Thread finished: TCC orders 1-52
2026-09-10 05:23:24,852 INFO o.a.j.t.JMeterThread: Stopping because end time detected by thread: TCC orders 1-45
2026-09-10 05:23:24,852 INFO o.a.j.t.JMeterThread: Thread finished: TCC orders 1-45
2026-09-10 05:23:24,861 INFO o.a.j.t.JMeterThread: Stopping because end time detected by thread: TCC orders 1-62
2026-09-10 05:23:24,861 INFO o.a.j.t.JMeterThread: Thread finished: TCC orders 1-62
2026-09-10 05:23:24,869 INFO o.a.j.t.JMeterThread: Stopping because end time detected by thread: TCC orders 1-53
2026-09-10 05:23:24,869 INFO o.a.j.t.JMeterThread: Thread finished: TCC orders 1-53
2026-09-10 05:23:24,878 INFO o.a.j.t.JMeterThread: Stopping because end time detected by thread: TCC orders 1-71
2026-09-10 05:23:24,878 INFO o.a.j.t.JMeterThread: Thread finished: TCC orders 1-71
2026-09-10 05:23:24,886 INFO o.a.j.t.JMeterThread: Stopping because end time detected by thread: TCC orders 1-12
2026-09-10 05:23:24,886 INFO o.a.j.t.JMeterThread: Thread finished: TCC orders 1-12
2026-09-10 05:23:24,895 INFO o.a.j.t.JMeterThread: Stopping because end time detected by thread: TCC orders 1-32
2026-09-10 05:23:24,895 INFO o.a.j.t.JMeterThread: Thread finished: TCC orders 1-32
2026-09-10 05:23:24,904 INFO o.a.j.t.JMeterThread: Stopping because end time detected by thread: TCC orders 1-99
2026-09-10 05:23:24,904 INFO o.a.j.t.JMeterThread: Thread finished: TCC orders 1-99
2026-09-10 05:23:24,912 INFO o.a.j.t.JMeterThread: Stopping because end time detected by thread: TCC orders 1-39
2026-09-10 05:23:24,912 INFO o.a.j.t.JMeterThread: Thread finished: TCC orders 1-39
2026-09-10 05:23:24,913 INFO o.a.j.e.StandardJMeterEngine: Notifying test listeners of end of test
2026-09-10 05:23:24,915 INFO o.a.j.r.Summariser: summary +   2801 in 00:00:25 =  112.4/s Avg:   890 Min:   844 Max:   956 Err:     0 (0.00%) Active: 0 Started: 100 Finished: 100
2026-09-10 05:23:24,916 INFO o.a.j.r.Summariser: summary =   3315 in 00:00:31 =  107.2/s Avg:   900 Min:   289 Max:  1719 Err:     0 (0.00%)
