2026-09-10 05:45:05,543 INFO o.a.j.u.JMeterUtils: Setting Locale to en_EN
2026-09-10 05:45:05,564 INFO o.a.j.JMeter: Loading user properties from: /home/avituo/projects/tcc/tcc-container/.tools/apache-jmeter-5.6.3/bin/user.properties
2026-09-10 05:45:05,564 INFO o.a.j.JMeter: Loading system properties from: /home/avituo/projects/tcc/tcc-container/.tools/apache-jmeter-5.6.3/bin/system.properties
2026-09-10 05:45:05,564 INFO o.a.j.JMeter: Loading additional properties from: /home/avituo/projects/tcc/tcc-container/benchmark/jmeter/benchmark.properties
2026-09-10 05:45:05,564 INFO o.a.j.JMeter: Loading additional properties from: /tmp/tcc-benchmark-auth.LOWZKh/auth.properties
2026-09-10 05:45:05,564 INFO o.a.j.JMeter: Loading additional properties from: /home/avituo/projects/tcc/tcc-container/benchmark/results/laravel-13.20.0/final/order-show/c10/r1/microservices/thread-counters.properties
2026-09-10 05:45:05,565 INFO o.a.j.JMeter: Setting JMeter property: threads=10
2026-09-10 05:45:05,565 INFO o.a.j.JMeter: Setting JMeter property: duration_seconds=120
2026-09-10 05:45:05,565 INFO o.a.j.JMeter: Setting JMeter property: target_host=localhost
2026-09-10 05:45:05,565 INFO o.a.j.JMeter: Setting JMeter property: target_port=18080
2026-09-10 05:45:05,565 INFO o.a.j.JMeter: Setting JMeter property: tcc.order.id=20000000-0000-4000-8000-000000000001
2026-09-10 05:45:05,565 INFO o.a.j.JMeter: Setting JMeter property: repetition=1
2026-09-10 05:45:05,573 INFO o.a.j.JMeter: Copyright (c) 1998-2024 The Apache Software Foundation
2026-09-10 05:45:05,573 INFO o.a.j.JMeter: Version 5.6.3
2026-09-10 05:45:05,573 INFO o.a.j.JMeter: java.version=21.0.11
2026-09-10 05:45:05,573 INFO o.a.j.JMeter: java.vm.name=OpenJDK 64-Bit Server VM
2026-09-10 05:45:05,573 INFO o.a.j.JMeter: os.name=Linux
2026-09-10 05:45:05,573 INFO o.a.j.JMeter: os.arch=amd64
2026-09-10 05:45:05,573 INFO o.a.j.JMeter: os.version=7.0.11-76070011-generic
2026-09-10 05:45:05,573 INFO o.a.j.JMeter: file.encoding=UTF-8
2026-09-10 05:45:05,573 INFO o.a.j.JMeter: java.awt.headless=true
2026-09-10 05:45:05,573 INFO o.a.j.JMeter: Max memory     =1073741824
2026-09-10 05:45:05,573 INFO o.a.j.JMeter: Available Processors =16
2026-09-10 05:45:05,583 INFO o.a.j.JMeter: Default Locale=English (EN)
2026-09-10 05:45:05,583 INFO o.a.j.JMeter: JMeter  Locale=English (EN)
2026-09-10 05:45:05,583 INFO o.a.j.JMeter: JMeterHome=/home/avituo/projects/tcc/tcc-container/.tools/apache-jmeter-5.6.3
2026-09-10 05:45:05,583 INFO o.a.j.JMeter: user.dir  =/home/avituo/projects/tcc/tcc-container
2026-09-10 05:45:05,583 INFO o.a.j.JMeter: PWD       =/home/avituo/projects/tcc/tcc-container
2026-09-10 05:45:05,591 INFO o.a.j.JMeter: IP: 192.168.1.16 Name: pop-os FullName: pop-os.home
2026-09-10 05:45:05,603 INFO o.a.j.s.FileServer: Default base='/home/avituo/projects/tcc/tcc-container'
2026-09-10 05:45:05,605 INFO o.a.j.s.FileServer: Set new base='/home/avituo/projects/tcc/tcc-container/benchmark/jmeter'
2026-09-10 05:45:05,789 INFO o.a.j.s.SaveService: Testplan (JMX) version: 2.2. Testlog (JTL) version: 2.2
2026-09-10 05:45:05,814 INFO o.a.j.s.SaveService: Using SaveService properties version 5.0
2026-09-10 05:45:05,818 INFO o.a.j.s.SaveService: Using SaveService properties file encoding UTF-8
2026-09-10 05:45:05,822 INFO o.a.j.s.SaveService: Loading file: /home/avituo/projects/tcc/tcc-container/benchmark/jmeter/tcc-order-show-v1.jmx
2026-09-10 05:45:05,874 INFO o.a.j.p.h.s.HTTPSamplerBase: Parser for text/html is org.apache.jmeter.protocol.http.parser.LagartoBasedHtmlParser
2026-09-10 05:45:05,874 INFO o.a.j.p.h.s.HTTPSamplerBase: Parser for application/xhtml+xml is org.apache.jmeter.protocol.http.parser.LagartoBasedHtmlParser
2026-09-10 05:45:05,874 INFO o.a.j.p.h.s.HTTPSamplerBase: Parser for application/xml is org.apache.jmeter.protocol.http.parser.LagartoBasedHtmlParser
2026-09-10 05:45:05,874 INFO o.a.j.p.h.s.HTTPSamplerBase: Parser for text/xml is org.apache.jmeter.protocol.http.parser.LagartoBasedHtmlParser
2026-09-10 05:45:05,874 INFO o.a.j.p.h.s.HTTPSamplerBase: Parser for text/vnd.wap.wml is org.apache.jmeter.protocol.http.parser.RegexpHTMLParser
2026-09-10 05:45:05,874 INFO o.a.j.p.h.s.HTTPSamplerBase: Parser for text/css is org.apache.jmeter.protocol.http.parser.CssParser
2026-09-10 05:45:05,902 INFO o.a.j.JMeter: Creating summariser <summary>
2026-09-10 05:45:05,919 INFO o.a.j.e.StandardJMeterEngine: Running the test!
2026-09-10 05:45:05,919 INFO o.a.j.s.SampleEvent: List of sample_variables: []
2026-09-10 05:45:05,920 INFO o.a.j.s.SampleEvent: List of sample_variables: []
2026-09-10 05:45:05,925 INFO o.a.j.e.u.CompoundVariable: Note: Function class names must contain the string: '.functions.'
2026-09-10 05:45:05,926 INFO o.a.j.e.u.CompoundVariable: Note: Function class names must not contain the string: '.gui.'
2026-09-10 05:45:06,162 INFO o.a.j.JMeter: Running test (1789029906162)
2026-09-10 05:45:06,184 INFO o.a.j.e.StandardJMeterEngine: Starting ThreadGroup: 1 : TCC order-show
2026-09-10 05:45:06,184 INFO o.a.j.e.StandardJMeterEngine: Starting 10 threads for group TCC order-show.
2026-09-10 05:45:06,184 INFO o.a.j.e.StandardJMeterEngine: Thread will continue on error
2026-09-10 05:45:06,184 INFO o.a.j.t.ThreadGroup: Starting thread group... number=1 threads=10 ramp-up=0 delayedStart=false
2026-09-10 05:45:06,191 INFO o.a.j.t.JMeterThread: Thread started: TCC order-show 1-2
2026-09-10 05:45:06,191 INFO o.a.j.t.JMeterThread: Thread started: TCC order-show 1-3
2026-09-10 05:45:06,191 INFO o.a.j.t.JMeterThread: Thread started: TCC order-show 1-4
2026-09-10 05:45:06,191 INFO o.a.j.t.JMeterThread: Thread started: TCC order-show 1-1
2026-09-10 05:45:06,191 INFO o.a.j.t.JMeterThread: Thread started: TCC order-show 1-5
2026-09-10 05:45:06,193 INFO o.a.j.t.JMeterThread: Thread started: TCC order-show 1-6
2026-09-10 05:45:06,193 INFO o.a.j.t.JMeterThread: Thread started: TCC order-show 1-7
2026-09-10 05:45:06,194 INFO o.a.j.t.JMeterThread: Thread started: TCC order-show 1-8
2026-09-10 05:45:06,194 INFO o.a.j.t.JMeterThread: Thread started: TCC order-show 1-9
2026-09-10 05:45:06,194 INFO o.a.j.t.ThreadGroup: Started thread group number 1
2026-09-10 05:45:06,194 INFO o.a.j.e.StandardJMeterEngine: All thread groups have been started
2026-09-10 05:45:06,195 INFO o.a.j.t.JMeterThread: Thread started: TCC order-show 1-10
2026-09-10 05:45:06,208 INFO o.a.j.p.h.s.HTTPHCAbstractImpl: Local host = pop-os
2026-09-10 05:45:06,213 INFO o.a.j.p.h.s.HTTPHC4Impl: HTTP request retry count = 0
2026-09-10 05:45:06,215 INFO o.a.j.s.SampleResult: Note: Sample TimeStamps are START times
2026-09-10 05:45:06,215 INFO o.a.j.s.SampleResult: sampleresult.default.encoding is set to UTF-8
2026-09-10 05:45:06,215 INFO o.a.j.s.SampleResult: sampleresult.useNanoTime=true
2026-09-10 05:45:06,215 INFO o.a.j.s.SampleResult: sampleresult.nanoThreadSleep=5000
2026-09-10 05:45:30,007 INFO o.a.j.r.Summariser: summary +   3171 in 00:00:24 =  133.0/s Avg:    71 Min:    13 Max:   148 Err:     0 (0.00%) Active: 10 Started: 10 Finished: 0
2026-09-10 05:46:00,001 INFO o.a.j.r.Summariser: summary +   4235 in 00:00:30 =  141.2/s Avg:    70 Min:    60 Max:   116 Err:     0 (0.00%) Active: 10 Started: 10 Finished: 0
2026-09-10 05:46:00,001 INFO o.a.j.r.Summariser: summary =   7406 in 00:00:54 =  137.6/s Avg:    70 Min:    13 Max:   148 Err:     0 (0.00%)
2026-09-10 05:46:30,001 INFO o.a.j.r.Summariser: summary +   4337 in 00:00:30 =  144.6/s Avg:    68 Min:    62 Max:    83 Err:     0 (0.00%) Active: 10 Started: 10 Finished: 0
2026-09-10 05:46:30,001 INFO o.a.j.r.Summariser: summary =  11743 in 00:01:24 =  140.1/s Avg:    70 Min:    13 Max:   148 Err:     0 (0.00%)
2026-09-10 05:47:00,007 INFO o.a.j.r.Summariser: summary +   4362 in 00:00:30 =  145.4/s Avg:    68 Min:    63 Max:    78 Err:     0 (0.00%) Active: 10 Started: 10 Finished: 0
2026-09-10 05:47:00,008 INFO o.a.j.r.Summariser: summary =  16105 in 00:01:54 =  141.5/s Avg:    69 Min:    13 Max:   148 Err:     0 (0.00%)
2026-09-10 05:47:06,198 INFO o.a.j.t.JMeterThread: Stopping because end time detected by thread: TCC order-show 1-4
2026-09-10 05:47:06,198 INFO o.a.j.t.JMeterThread: Thread finished: TCC order-show 1-4
2026-09-10 05:47:06,204 INFO o.a.j.t.JMeterThread: Stopping because end time detected by thread: TCC order-show 1-2
2026-09-10 05:47:06,205 INFO o.a.j.t.JMeterThread: Thread finished: TCC order-show 1-2
2026-09-10 05:47:06,211 INFO o.a.j.t.JMeterThread: Stopping because end time detected by thread: TCC order-show 1-7
2026-09-10 05:47:06,212 INFO o.a.j.t.JMeterThread: Thread finished: TCC order-show 1-7
2026-09-10 05:47:06,218 INFO o.a.j.t.JMeterThread: Stopping because end time detected by thread: TCC order-show 1-1
2026-09-10 05:47:06,218 INFO o.a.j.t.JMeterThread: Thread finished: TCC order-show 1-1
2026-09-10 05:47:06,224 INFO o.a.j.t.JMeterThread: Stopping because end time detected by thread: TCC order-show 1-9
2026-09-10 05:47:06,225 INFO o.a.j.t.JMeterThread: Thread finished: TCC order-show 1-9
2026-09-10 05:47:06,231 INFO o.a.j.t.JMeterThread: Stopping because end time detected by thread: TCC order-show 1-8
2026-09-10 05:47:06,231 INFO o.a.j.t.JMeterThread: Thread finished: TCC order-show 1-8
2026-09-10 05:47:06,237 INFO o.a.j.t.JMeterThread: Stopping because end time detected by thread: TCC order-show 1-5
2026-09-10 05:47:06,237 INFO o.a.j.t.JMeterThread: Thread finished: TCC order-show 1-5
2026-09-10 05:47:06,244 INFO o.a.j.t.JMeterThread: Stopping because end time detected by thread: TCC order-show 1-6
2026-09-10 05:47:06,245 INFO o.a.j.t.JMeterThread: Thread finished: TCC order-show 1-6
2026-09-10 05:47:06,251 INFO o.a.j.t.JMeterThread: Stopping because end time detected by thread: TCC order-show 1-3
2026-09-10 05:47:06,252 INFO o.a.j.t.JMeterThread: Thread finished: TCC order-show 1-3
2026-09-10 05:47:06,258 INFO o.a.j.t.JMeterThread: Stopping because end time detected by thread: TCC order-show 1-10
2026-09-10 05:47:06,258 INFO o.a.j.t.JMeterThread: Thread finished: TCC order-show 1-10
2026-09-10 05:47:06,259 INFO o.a.j.e.StandardJMeterEngine: Notifying test listeners of end of test
2026-09-10 05:47:06,266 INFO o.a.j.r.Summariser: summary +    909 in 00:00:06 =  145.2/s Avg:    68 Min:    64 Max:    75 Err:     0 (0.00%) Active: 0 Started: 10 Finished: 10
2026-09-10 05:47:06,266 INFO o.a.j.r.Summariser: summary =  17014 in 00:02:00 =  141.7/s Avg:    69 Min:    13 Max:   148 Err:     0 (0.00%)
