2026-09-10 04:03:42,655 INFO o.a.j.u.JMeterUtils: Setting Locale to en_EN
2026-09-10 04:03:42,672 INFO o.a.j.JMeter: Loading user properties from: /home/avituo/projects/tcc/tcc-container/.tools/apache-jmeter-5.6.3/bin/user.properties
2026-09-10 04:03:42,672 INFO o.a.j.JMeter: Loading system properties from: /home/avituo/projects/tcc/tcc-container/.tools/apache-jmeter-5.6.3/bin/system.properties
2026-09-10 04:03:42,673 INFO o.a.j.JMeter: Loading additional properties from: /home/avituo/projects/tcc/tcc-container/benchmark/jmeter/benchmark.properties
2026-09-10 04:03:42,673 INFO o.a.j.JMeter: Loading additional properties from: /tmp/tcc-benchmark-auth.cbM3eU/auth.properties
2026-09-10 04:03:42,673 INFO o.a.j.JMeter: Setting JMeter property: threads=25
2026-09-10 04:03:42,673 INFO o.a.j.JMeter: Setting JMeter property: duration_seconds=30
2026-09-10 04:03:42,673 INFO o.a.j.JMeter: Setting JMeter property: target_host=localhost
2026-09-10 04:03:42,673 INFO o.a.j.JMeter: Setting JMeter property: target_port=18000
2026-09-10 04:03:42,673 INFO o.a.j.JMeter: Setting JMeter property: tcc.order.id=1
2026-09-10 04:03:42,673 INFO o.a.j.JMeter: Setting JMeter property: repetition=2
2026-09-10 04:03:42,679 INFO o.a.j.JMeter: Copyright (c) 1998-2024 The Apache Software Foundation
2026-09-10 04:03:42,680 INFO o.a.j.JMeter: Version 5.6.3
2026-09-10 04:03:42,680 INFO o.a.j.JMeter: java.version=21.0.11
2026-09-10 04:03:42,680 INFO o.a.j.JMeter: java.vm.name=OpenJDK 64-Bit Server VM
2026-09-10 04:03:42,680 INFO o.a.j.JMeter: os.name=Linux
2026-09-10 04:03:42,680 INFO o.a.j.JMeter: os.arch=amd64
2026-09-10 04:03:42,680 INFO o.a.j.JMeter: os.version=7.0.11-76070011-generic
2026-09-10 04:03:42,680 INFO o.a.j.JMeter: file.encoding=UTF-8
2026-09-10 04:03:42,680 INFO o.a.j.JMeter: java.awt.headless=true
2026-09-10 04:03:42,680 INFO o.a.j.JMeter: Max memory     =1073741824
2026-09-10 04:03:42,680 INFO o.a.j.JMeter: Available Processors =16
2026-09-10 04:03:42,689 INFO o.a.j.JMeter: Default Locale=English (EN)
2026-09-10 04:03:42,689 INFO o.a.j.JMeter: JMeter  Locale=English (EN)
2026-09-10 04:03:42,689 INFO o.a.j.JMeter: JMeterHome=/home/avituo/projects/tcc/tcc-container/.tools/apache-jmeter-5.6.3
2026-09-10 04:03:42,689 INFO o.a.j.JMeter: user.dir  =/home/avituo/projects/tcc/tcc-container
2026-09-10 04:03:42,689 INFO o.a.j.JMeter: PWD       =/home/avituo/projects/tcc/tcc-container
2026-09-10 04:03:42,703 INFO o.a.j.JMeter: IP: 192.168.1.16 Name: pop-os FullName: pop-os.home
2026-09-10 04:03:42,716 INFO o.a.j.s.FileServer: Default base='/home/avituo/projects/tcc/tcc-container'
2026-09-10 04:03:42,718 INFO o.a.j.s.FileServer: Set new base='/home/avituo/projects/tcc/tcc-container/benchmark/jmeter'
2026-09-10 04:03:42,897 INFO o.a.j.s.SaveService: Testplan (JMX) version: 2.2. Testlog (JTL) version: 2.2
2026-09-10 04:03:42,923 INFO o.a.j.s.SaveService: Using SaveService properties version 5.0
2026-09-10 04:03:42,926 INFO o.a.j.s.SaveService: Using SaveService properties file encoding UTF-8
2026-09-10 04:03:42,930 INFO o.a.j.s.SaveService: Loading file: /home/avituo/projects/tcc/tcc-container/benchmark/jmeter/tcc-orders-v1.jmx
2026-09-10 04:03:42,982 INFO o.a.j.p.h.s.HTTPSamplerBase: Parser for text/html is org.apache.jmeter.protocol.http.parser.LagartoBasedHtmlParser
2026-09-10 04:03:42,982 INFO o.a.j.p.h.s.HTTPSamplerBase: Parser for application/xhtml+xml is org.apache.jmeter.protocol.http.parser.LagartoBasedHtmlParser
2026-09-10 04:03:42,982 INFO o.a.j.p.h.s.HTTPSamplerBase: Parser for application/xml is org.apache.jmeter.protocol.http.parser.LagartoBasedHtmlParser
2026-09-10 04:03:42,982 INFO o.a.j.p.h.s.HTTPSamplerBase: Parser for text/xml is org.apache.jmeter.protocol.http.parser.LagartoBasedHtmlParser
2026-09-10 04:03:42,982 INFO o.a.j.p.h.s.HTTPSamplerBase: Parser for text/vnd.wap.wml is org.apache.jmeter.protocol.http.parser.RegexpHTMLParser
2026-09-10 04:03:42,982 INFO o.a.j.p.h.s.HTTPSamplerBase: Parser for text/css is org.apache.jmeter.protocol.http.parser.CssParser
2026-09-10 04:03:43,012 INFO o.a.j.JMeter: Creating summariser <summary>
2026-09-10 04:03:43,030 INFO o.a.j.e.StandardJMeterEngine: Running the test!
2026-09-10 04:03:43,031 INFO o.a.j.s.SampleEvent: List of sample_variables: []
2026-09-10 04:03:43,032 INFO o.a.j.s.SampleEvent: List of sample_variables: []
2026-09-10 04:03:43,036 INFO o.a.j.e.u.CompoundVariable: Note: Function class names must contain the string: '.functions.'
2026-09-10 04:03:43,037 INFO o.a.j.e.u.CompoundVariable: Note: Function class names must not contain the string: '.gui.'
2026-09-10 04:03:43,282 INFO o.a.j.JMeter: Running test (1789023823282)
2026-09-10 04:03:43,302 INFO o.a.j.e.StandardJMeterEngine: Starting ThreadGroup: 1 : TCC orders
2026-09-10 04:03:43,302 INFO o.a.j.e.StandardJMeterEngine: Starting 25 threads for group TCC orders.
2026-09-10 04:03:43,302 INFO o.a.j.e.StandardJMeterEngine: Thread will continue on error
2026-09-10 04:03:43,302 INFO o.a.j.t.ThreadGroup: Starting thread group... number=1 threads=25 ramp-up=0 delayedStart=false
2026-09-10 04:03:43,308 INFO o.a.j.t.JMeterThread: Thread started: TCC orders 1-3
2026-09-10 04:03:43,308 INFO o.a.j.t.JMeterThread: Thread started: TCC orders 1-1
2026-09-10 04:03:43,308 INFO o.a.j.t.JMeterThread: Thread started: TCC orders 1-5
2026-09-10 04:03:43,308 INFO o.a.j.t.JMeterThread: Thread started: TCC orders 1-2
2026-09-10 04:03:43,308 INFO o.a.j.t.JMeterThread: Thread started: TCC orders 1-4
2026-09-10 04:03:43,309 INFO o.a.j.t.JMeterThread: Thread started: TCC orders 1-6
2026-09-10 04:03:43,310 INFO o.a.j.t.JMeterThread: Thread started: TCC orders 1-7
2026-09-10 04:03:43,310 INFO o.a.j.t.JMeterThread: Thread started: TCC orders 1-8
2026-09-10 04:03:43,311 INFO o.a.j.t.JMeterThread: Thread started: TCC orders 1-9
2026-09-10 04:03:43,312 INFO o.a.j.t.JMeterThread: Thread started: TCC orders 1-10
2026-09-10 04:03:43,312 INFO o.a.j.t.JMeterThread: Thread started: TCC orders 1-11
2026-09-10 04:03:43,313 INFO o.a.j.t.JMeterThread: Thread started: TCC orders 1-12
2026-09-10 04:03:43,313 INFO o.a.j.t.JMeterThread: Thread started: TCC orders 1-13
2026-09-10 04:03:43,314 INFO o.a.j.t.JMeterThread: Thread started: TCC orders 1-14
2026-09-10 04:03:43,315 INFO o.a.j.t.JMeterThread: Thread started: TCC orders 1-15
2026-09-10 04:03:43,317 INFO o.a.j.t.JMeterThread: Thread started: TCC orders 1-16
2026-09-10 04:03:43,317 INFO o.a.j.t.JMeterThread: Thread started: TCC orders 1-17
2026-09-10 04:03:43,318 INFO o.a.j.t.JMeterThread: Thread started: TCC orders 1-18
2026-09-10 04:03:43,319 INFO o.a.j.t.JMeterThread: Thread started: TCC orders 1-19
2026-09-10 04:03:43,319 INFO o.a.j.t.JMeterThread: Thread started: TCC orders 1-20
2026-09-10 04:03:43,320 INFO o.a.j.t.JMeterThread: Thread started: TCC orders 1-21
2026-09-10 04:03:43,320 INFO o.a.j.t.JMeterThread: Thread started: TCC orders 1-22
2026-09-10 04:03:43,321 INFO o.a.j.t.JMeterThread: Thread started: TCC orders 1-23
2026-09-10 04:03:43,322 INFO o.a.j.t.ThreadGroup: Started thread group number 1
2026-09-10 04:03:43,321 INFO o.a.j.t.JMeterThread: Thread started: TCC orders 1-24
2026-09-10 04:03:43,322 INFO o.a.j.e.StandardJMeterEngine: All thread groups have been started
2026-09-10 04:03:43,322 INFO o.a.j.t.JMeterThread: Thread started: TCC orders 1-25
2026-09-10 04:03:43,329 INFO o.a.j.p.h.s.HTTPHCAbstractImpl: Local host = pop-os
2026-09-10 04:03:43,334 INFO o.a.j.p.h.s.HTTPHC4Impl: HTTP request retry count = 0
2026-09-10 04:03:43,336 INFO o.a.j.s.SampleResult: Note: Sample TimeStamps are START times
2026-09-10 04:03:43,336 INFO o.a.j.s.SampleResult: sampleresult.default.encoding is set to UTF-8
2026-09-10 04:03:43,336 INFO o.a.j.s.SampleResult: sampleresult.useNanoTime=true
2026-09-10 04:03:43,336 INFO o.a.j.s.SampleResult: sampleresult.nanoThreadSleep=5000
2026-09-10 04:04:00,031 INFO o.a.j.r.Summariser: summary +    649 in 00:00:17 =   38.8/s Avg:   610 Min:    31 Max:   947 Err:     0 (0.00%) Active: 25 Started: 25 Finished: 0
2026-09-10 04:04:13,324 INFO o.a.j.t.JMeterThread: Stopping because end time detected by thread: TCC orders 1-23
2026-09-10 04:04:13,324 INFO o.a.j.t.JMeterThread: Thread finished: TCC orders 1-23
2026-09-10 04:04:13,348 INFO o.a.j.t.JMeterThread: Stopping because end time detected by thread: TCC orders 1-15
2026-09-10 04:04:13,348 INFO o.a.j.t.JMeterThread: Thread finished: TCC orders 1-15
2026-09-10 04:04:13,372 INFO o.a.j.t.JMeterThread: Stopping because end time detected by thread: TCC orders 1-6
2026-09-10 04:04:13,372 INFO o.a.j.t.JMeterThread: Thread finished: TCC orders 1-6
2026-09-10 04:04:13,398 INFO o.a.j.t.JMeterThread: Stopping because end time detected by thread: TCC orders 1-7
2026-09-10 04:04:13,398 INFO o.a.j.t.JMeterThread: Thread finished: TCC orders 1-7
2026-09-10 04:04:13,422 INFO o.a.j.t.JMeterThread: Stopping because end time detected by thread: TCC orders 1-20
2026-09-10 04:04:13,423 INFO o.a.j.t.JMeterThread: Thread finished: TCC orders 1-20
2026-09-10 04:04:13,448 INFO o.a.j.t.JMeterThread: Stopping because end time detected by thread: TCC orders 1-11
2026-09-10 04:04:13,448 INFO o.a.j.t.JMeterThread: Thread finished: TCC orders 1-11
2026-09-10 04:04:13,473 INFO o.a.j.t.JMeterThread: Stopping because end time detected by thread: TCC orders 1-21
2026-09-10 04:04:13,474 INFO o.a.j.t.JMeterThread: Thread finished: TCC orders 1-21
2026-09-10 04:04:13,498 INFO o.a.j.t.JMeterThread: Stopping because end time detected by thread: TCC orders 1-1
2026-09-10 04:04:13,498 INFO o.a.j.t.JMeterThread: Thread finished: TCC orders 1-1
2026-09-10 04:04:13,523 INFO o.a.j.t.JMeterThread: Stopping because end time detected by thread: TCC orders 1-19
2026-09-10 04:04:13,523 INFO o.a.j.t.JMeterThread: Thread finished: TCC orders 1-19
2026-09-10 04:04:13,548 INFO o.a.j.t.JMeterThread: Stopping because end time detected by thread: TCC orders 1-14
2026-09-10 04:04:13,548 INFO o.a.j.t.JMeterThread: Thread finished: TCC orders 1-14
2026-09-10 04:04:13,572 INFO o.a.j.t.JMeterThread: Stopping because end time detected by thread: TCC orders 1-2
2026-09-10 04:04:13,572 INFO o.a.j.t.JMeterThread: Thread finished: TCC orders 1-2
2026-09-10 04:04:13,600 INFO o.a.j.t.JMeterThread: Stopping because end time detected by thread: TCC orders 1-16
2026-09-10 04:04:13,600 INFO o.a.j.t.JMeterThread: Thread finished: TCC orders 1-16
2026-09-10 04:04:13,625 INFO o.a.j.t.JMeterThread: Stopping because end time detected by thread: TCC orders 1-13
2026-09-10 04:04:13,625 INFO o.a.j.t.JMeterThread: Thread finished: TCC orders 1-13
2026-09-10 04:04:13,649 INFO o.a.j.t.JMeterThread: Stopping because end time detected by thread: TCC orders 1-9
2026-09-10 04:04:13,649 INFO o.a.j.t.JMeterThread: Thread finished: TCC orders 1-9
2026-09-10 04:04:13,674 INFO o.a.j.t.JMeterThread: Stopping because end time detected by thread: TCC orders 1-4
2026-09-10 04:04:13,674 INFO o.a.j.t.JMeterThread: Thread finished: TCC orders 1-4
2026-09-10 04:04:13,699 INFO o.a.j.t.JMeterThread: Stopping because end time detected by thread: TCC orders 1-12
2026-09-10 04:04:13,699 INFO o.a.j.t.JMeterThread: Thread finished: TCC orders 1-12
2026-09-10 04:04:13,723 INFO o.a.j.t.JMeterThread: Stopping because end time detected by thread: TCC orders 1-17
2026-09-10 04:04:13,723 INFO o.a.j.t.JMeterThread: Thread finished: TCC orders 1-17
2026-09-10 04:04:13,749 INFO o.a.j.t.JMeterThread: Stopping because end time detected by thread: TCC orders 1-22
2026-09-10 04:04:13,749 INFO o.a.j.t.JMeterThread: Thread finished: TCC orders 1-22
2026-09-10 04:04:13,774 INFO o.a.j.t.JMeterThread: Stopping because end time detected by thread: TCC orders 1-5
2026-09-10 04:04:13,774 INFO o.a.j.t.JMeterThread: Thread finished: TCC orders 1-5
2026-09-10 04:04:13,799 INFO o.a.j.t.JMeterThread: Stopping because end time detected by thread: TCC orders 1-18
2026-09-10 04:04:13,799 INFO o.a.j.t.JMeterThread: Thread finished: TCC orders 1-18
2026-09-10 04:04:13,824 INFO o.a.j.t.JMeterThread: Stopping because end time detected by thread: TCC orders 1-25
2026-09-10 04:04:13,824 INFO o.a.j.t.JMeterThread: Thread finished: TCC orders 1-25
2026-09-10 04:04:13,848 INFO o.a.j.t.JMeterThread: Stopping because end time detected by thread: TCC orders 1-8
2026-09-10 04:04:13,849 INFO o.a.j.t.JMeterThread: Thread finished: TCC orders 1-8
2026-09-10 04:04:13,873 INFO o.a.j.t.JMeterThread: Stopping because end time detected by thread: TCC orders 1-3
2026-09-10 04:04:13,873 INFO o.a.j.t.JMeterThread: Thread finished: TCC orders 1-3
2026-09-10 04:04:13,898 INFO o.a.j.t.JMeterThread: Stopping because end time detected by thread: TCC orders 1-10
2026-09-10 04:04:13,898 INFO o.a.j.t.JMeterThread: Thread finished: TCC orders 1-10
2026-09-10 04:04:13,923 INFO o.a.j.t.JMeterThread: Stopping because end time detected by thread: TCC orders 1-24
2026-09-10 04:04:13,923 INFO o.a.j.t.JMeterThread: Thread finished: TCC orders 1-24
2026-09-10 04:04:13,923 INFO o.a.j.e.StandardJMeterEngine: Notifying test listeners of end of test
2026-09-10 04:04:13,926 INFO o.a.j.r.Summariser: summary +    556 in 00:00:14 =   40.0/s Avg:   624 Min:   599 Max:   655 Err:     0 (0.00%) Active: 0 Started: 25 Finished: 25
2026-09-10 04:04:13,926 INFO o.a.j.r.Summariser: summary =   1205 in 00:00:31 =   39.3/s Avg:   616 Min:    31 Max:   947 Err:     0 (0.00%)
