2026-09-10 01:43:16,346 INFO o.a.j.u.JMeterUtils: Setting Locale to en_EN
2026-09-10 01:43:16,363 INFO o.a.j.JMeter: Loading user properties from: /home/avituo/projects/tcc/tcc-container/.tools/apache-jmeter-5.6.3/bin/user.properties
2026-09-10 01:43:16,363 INFO o.a.j.JMeter: Loading system properties from: /home/avituo/projects/tcc/tcc-container/.tools/apache-jmeter-5.6.3/bin/system.properties
2026-09-10 01:43:16,363 INFO o.a.j.JMeter: Loading additional properties from: /home/avituo/projects/tcc/tcc-container/benchmark/jmeter/benchmark.properties
2026-09-10 01:43:16,363 INFO o.a.j.JMeter: Loading additional properties from: /tmp/tcc-benchmark-auth.K6jH90/auth.properties
2026-09-10 01:43:16,363 INFO o.a.j.JMeter: Setting JMeter property: threads=25
2026-09-10 01:43:16,363 INFO o.a.j.JMeter: Setting JMeter property: duration_seconds=30
2026-09-10 01:43:16,363 INFO o.a.j.JMeter: Setting JMeter property: target_host=localhost
2026-09-10 01:43:16,363 INFO o.a.j.JMeter: Setting JMeter property: target_port=18000
2026-09-10 01:43:16,363 INFO o.a.j.JMeter: Setting JMeter property: tcc.order.id=1
2026-09-10 01:43:16,363 INFO o.a.j.JMeter: Setting JMeter property: repetition=3
2026-09-10 01:43:16,370 INFO o.a.j.JMeter: Copyright (c) 1998-2024 The Apache Software Foundation
2026-09-10 01:43:16,370 INFO o.a.j.JMeter: Version 5.6.3
2026-09-10 01:43:16,370 INFO o.a.j.JMeter: java.version=21.0.11
2026-09-10 01:43:16,370 INFO o.a.j.JMeter: java.vm.name=OpenJDK 64-Bit Server VM
2026-09-10 01:43:16,370 INFO o.a.j.JMeter: os.name=Linux
2026-09-10 01:43:16,370 INFO o.a.j.JMeter: os.arch=amd64
2026-09-10 01:43:16,370 INFO o.a.j.JMeter: os.version=7.0.11-76070011-generic
2026-09-10 01:43:16,370 INFO o.a.j.JMeter: file.encoding=UTF-8
2026-09-10 01:43:16,370 INFO o.a.j.JMeter: java.awt.headless=true
2026-09-10 01:43:16,370 INFO o.a.j.JMeter: Max memory     =1073741824
2026-09-10 01:43:16,370 INFO o.a.j.JMeter: Available Processors =16
2026-09-10 01:43:16,379 INFO o.a.j.JMeter: Default Locale=English (EN)
2026-09-10 01:43:16,379 INFO o.a.j.JMeter: JMeter  Locale=English (EN)
2026-09-10 01:43:16,379 INFO o.a.j.JMeter: JMeterHome=/home/avituo/projects/tcc/tcc-container/.tools/apache-jmeter-5.6.3
2026-09-10 01:43:16,379 INFO o.a.j.JMeter: user.dir  =/home/avituo/projects/tcc/tcc-container
2026-09-10 01:43:16,379 INFO o.a.j.JMeter: PWD       =/home/avituo/projects/tcc/tcc-container
2026-09-10 01:43:16,387 INFO o.a.j.JMeter: IP: 192.168.1.16 Name: pop-os FullName: pop-os.home
2026-09-10 01:43:16,399 INFO o.a.j.s.FileServer: Default base='/home/avituo/projects/tcc/tcc-container'
2026-09-10 01:43:16,401 INFO o.a.j.s.FileServer: Set new base='/home/avituo/projects/tcc/tcc-container/benchmark/jmeter'
2026-09-10 01:43:16,590 INFO o.a.j.s.SaveService: Testplan (JMX) version: 2.2. Testlog (JTL) version: 2.2
2026-09-10 01:43:16,613 INFO o.a.j.s.SaveService: Using SaveService properties version 5.0
2026-09-10 01:43:16,616 INFO o.a.j.s.SaveService: Using SaveService properties file encoding UTF-8
2026-09-10 01:43:16,620 INFO o.a.j.s.SaveService: Loading file: /home/avituo/projects/tcc/tcc-container/benchmark/jmeter/tcc-products-v1.jmx
2026-09-10 01:43:16,668 INFO o.a.j.p.h.s.HTTPSamplerBase: Parser for text/html is org.apache.jmeter.protocol.http.parser.LagartoBasedHtmlParser
2026-09-10 01:43:16,669 INFO o.a.j.p.h.s.HTTPSamplerBase: Parser for application/xhtml+xml is org.apache.jmeter.protocol.http.parser.LagartoBasedHtmlParser
2026-09-10 01:43:16,669 INFO o.a.j.p.h.s.HTTPSamplerBase: Parser for application/xml is org.apache.jmeter.protocol.http.parser.LagartoBasedHtmlParser
2026-09-10 01:43:16,669 INFO o.a.j.p.h.s.HTTPSamplerBase: Parser for text/xml is org.apache.jmeter.protocol.http.parser.LagartoBasedHtmlParser
2026-09-10 01:43:16,669 INFO o.a.j.p.h.s.HTTPSamplerBase: Parser for text/vnd.wap.wml is org.apache.jmeter.protocol.http.parser.RegexpHTMLParser
2026-09-10 01:43:16,669 INFO o.a.j.p.h.s.HTTPSamplerBase: Parser for text/css is org.apache.jmeter.protocol.http.parser.CssParser
2026-09-10 01:43:16,696 INFO o.a.j.JMeter: Creating summariser <summary>
2026-09-10 01:43:16,713 INFO o.a.j.e.StandardJMeterEngine: Running the test!
2026-09-10 01:43:16,714 INFO o.a.j.s.SampleEvent: List of sample_variables: []
2026-09-10 01:43:16,714 INFO o.a.j.s.SampleEvent: List of sample_variables: []
2026-09-10 01:43:16,721 INFO o.a.j.e.u.CompoundVariable: Note: Function class names must contain the string: '.functions.'
2026-09-10 01:43:16,721 INFO o.a.j.e.u.CompoundVariable: Note: Function class names must not contain the string: '.gui.'
2026-09-10 01:43:16,964 INFO o.a.j.JMeter: Running test (1789015396964)
2026-09-10 01:43:16,985 INFO o.a.j.e.StandardJMeterEngine: Starting ThreadGroup: 1 : TCC products
2026-09-10 01:43:16,985 INFO o.a.j.e.StandardJMeterEngine: Starting 25 threads for group TCC products.
2026-09-10 01:43:16,986 INFO o.a.j.e.StandardJMeterEngine: Thread will continue on error
2026-09-10 01:43:16,986 INFO o.a.j.t.ThreadGroup: Starting thread group... number=1 threads=25 ramp-up=0 delayedStart=false
2026-09-10 01:43:16,992 INFO o.a.j.t.JMeterThread: Thread started: TCC products 1-1
2026-09-10 01:43:16,992 INFO o.a.j.t.JMeterThread: Thread started: TCC products 1-5
2026-09-10 01:43:16,992 INFO o.a.j.t.JMeterThread: Thread started: TCC products 1-2
2026-09-10 01:43:16,992 INFO o.a.j.t.JMeterThread: Thread started: TCC products 1-3
2026-09-10 01:43:16,992 INFO o.a.j.t.JMeterThread: Thread started: TCC products 1-4
2026-09-10 01:43:16,993 INFO o.a.j.t.JMeterThread: Thread started: TCC products 1-6
2026-09-10 01:43:16,994 INFO o.a.j.t.JMeterThread: Thread started: TCC products 1-7
2026-09-10 01:43:16,994 INFO o.a.j.t.JMeterThread: Thread started: TCC products 1-8
2026-09-10 01:43:16,995 INFO o.a.j.t.JMeterThread: Thread started: TCC products 1-9
2026-09-10 01:43:16,996 INFO o.a.j.t.JMeterThread: Thread started: TCC products 1-10
2026-09-10 01:43:16,996 INFO o.a.j.t.JMeterThread: Thread started: TCC products 1-11
2026-09-10 01:43:16,997 INFO o.a.j.t.JMeterThread: Thread started: TCC products 1-12
2026-09-10 01:43:16,999 INFO o.a.j.t.JMeterThread: Thread started: TCC products 1-13
2026-09-10 01:43:16,999 INFO o.a.j.t.JMeterThread: Thread started: TCC products 1-14
2026-09-10 01:43:17,001 INFO o.a.j.t.JMeterThread: Thread started: TCC products 1-15
2026-09-10 01:43:17,002 INFO o.a.j.t.JMeterThread: Thread started: TCC products 1-16
2026-09-10 01:43:17,003 INFO o.a.j.t.JMeterThread: Thread started: TCC products 1-17
2026-09-10 01:43:17,003 INFO o.a.j.t.JMeterThread: Thread started: TCC products 1-18
2026-09-10 01:43:17,004 INFO o.a.j.t.JMeterThread: Thread started: TCC products 1-19
2026-09-10 01:43:17,005 INFO o.a.j.t.JMeterThread: Thread started: TCC products 1-20
2026-09-10 01:43:17,006 INFO o.a.j.t.JMeterThread: Thread started: TCC products 1-21
2026-09-10 01:43:17,006 INFO o.a.j.t.JMeterThread: Thread started: TCC products 1-22
2026-09-10 01:43:17,007 INFO o.a.j.t.JMeterThread: Thread started: TCC products 1-23
2026-09-10 01:43:17,008 INFO o.a.j.t.JMeterThread: Thread started: TCC products 1-24
2026-09-10 01:43:17,008 INFO o.a.j.t.ThreadGroup: Started thread group number 1
2026-09-10 01:43:17,009 INFO o.a.j.e.StandardJMeterEngine: All thread groups have been started
2026-09-10 01:43:17,009 INFO o.a.j.t.JMeterThread: Thread started: TCC products 1-25
2026-09-10 01:43:17,013 INFO o.a.j.p.h.s.HTTPHCAbstractImpl: Local host = pop-os
2026-09-10 01:43:17,019 INFO o.a.j.p.h.s.HTTPHC4Impl: HTTP request retry count = 0
2026-09-10 01:43:17,020 INFO o.a.j.s.SampleResult: Note: Sample TimeStamps are START times
2026-09-10 01:43:17,020 INFO o.a.j.s.SampleResult: sampleresult.default.encoding is set to UTF-8
2026-09-10 01:43:17,021 INFO o.a.j.s.SampleResult: sampleresult.useNanoTime=true
2026-09-10 01:43:17,021 INFO o.a.j.s.SampleResult: sampleresult.nanoThreadSleep=5000
2026-09-10 01:43:30,015 INFO o.a.j.r.Summariser: summary +   1099 in 00:00:13 =   84.2/s Avg:   274 Min:    31 Max:   504 Err:     0 (0.00%) Active: 25 Started: 25 Finished: 0
2026-09-10 01:43:46,999 INFO o.a.j.t.JMeterThread: Stopping because end time detected by thread: TCC products 1-14
2026-09-10 01:43:46,999 INFO o.a.j.t.JMeterThread: Thread finished: TCC products 1-14
2026-09-10 01:44:03,046 INFO o.a.j.r.Summariser: summary +   1490 in 00:00:33 =   45.1/s Avg:   295 Min:   256 Max: 16310 Err:     0 (0.00%) Active: 24 Started: 25 Finished: 1
2026-09-10 01:44:03,046 INFO o.a.j.r.Summariser: summary =   2589 in 00:00:46 =   56.2/s Avg:   286 Min:    31 Max: 16310 Err:     0 (0.00%)
2026-09-10 01:44:03,046 INFO o.a.j.t.JMeterThread: Stopping because end time detected by thread: TCC products 1-5
2026-09-10 01:44:03,046 INFO o.a.j.t.JMeterThread: Thread finished: TCC products 1-5
2026-09-10 01:44:03,087 INFO o.a.j.t.JMeterThread: Stopping because end time detected by thread: TCC products 1-2
2026-09-10 01:44:03,087 INFO o.a.j.t.JMeterThread: Thread finished: TCC products 1-2
2026-09-10 01:44:03,100 INFO o.a.j.t.JMeterThread: Stopping because end time detected by thread: TCC products 1-17
2026-09-10 01:44:03,100 INFO o.a.j.t.JMeterThread: Thread finished: TCC products 1-17
2026-09-10 01:44:03,112 INFO o.a.j.t.JMeterThread: Stopping because end time detected by thread: TCC products 1-7
2026-09-10 01:44:03,112 INFO o.a.j.t.JMeterThread: Thread finished: TCC products 1-7
2026-09-10 01:44:03,125 INFO o.a.j.t.JMeterThread: Stopping because end time detected by thread: TCC products 1-12
2026-09-10 01:44:03,125 INFO o.a.j.t.JMeterThread: Thread finished: TCC products 1-12
2026-09-10 01:44:03,136 INFO o.a.j.t.JMeterThread: Stopping because end time detected by thread: TCC products 1-11
2026-09-10 01:44:03,136 INFO o.a.j.t.JMeterThread: Thread finished: TCC products 1-11
2026-09-10 01:44:03,146 INFO o.a.j.t.JMeterThread: Stopping because end time detected by thread: TCC products 1-13
2026-09-10 01:44:03,147 INFO o.a.j.t.JMeterThread: Thread finished: TCC products 1-13
2026-09-10 01:44:03,158 INFO o.a.j.t.JMeterThread: Stopping because end time detected by thread: TCC products 1-15
2026-09-10 01:44:03,158 INFO o.a.j.t.JMeterThread: Thread finished: TCC products 1-15
2026-09-10 01:44:03,169 INFO o.a.j.t.JMeterThread: Stopping because end time detected by thread: TCC products 1-9
2026-09-10 01:44:03,169 INFO o.a.j.t.JMeterThread: Thread finished: TCC products 1-9
2026-09-10 01:44:03,180 INFO o.a.j.t.JMeterThread: Stopping because end time detected by thread: TCC products 1-18
2026-09-10 01:44:03,180 INFO o.a.j.t.JMeterThread: Thread finished: TCC products 1-18
2026-09-10 01:44:03,190 INFO o.a.j.t.JMeterThread: Stopping because end time detected by thread: TCC products 1-16
2026-09-10 01:44:03,190 INFO o.a.j.t.JMeterThread: Thread finished: TCC products 1-16
2026-09-10 01:44:03,201 INFO o.a.j.t.JMeterThread: Stopping because end time detected by thread: TCC products 1-10
2026-09-10 01:44:03,201 INFO o.a.j.t.JMeterThread: Thread finished: TCC products 1-10
2026-09-10 01:44:03,212 INFO o.a.j.t.JMeterThread: Stopping because end time detected by thread: TCC products 1-19
2026-09-10 01:44:03,212 INFO o.a.j.t.JMeterThread: Thread finished: TCC products 1-19
2026-09-10 01:44:03,223 INFO o.a.j.t.JMeterThread: Stopping because end time detected by thread: TCC products 1-25
2026-09-10 01:44:03,223 INFO o.a.j.t.JMeterThread: Thread finished: TCC products 1-25
2026-09-10 01:44:03,234 INFO o.a.j.t.JMeterThread: Stopping because end time detected by thread: TCC products 1-23
2026-09-10 01:44:03,234 INFO o.a.j.t.JMeterThread: Thread finished: TCC products 1-23
2026-09-10 01:44:03,245 INFO o.a.j.t.JMeterThread: Stopping because end time detected by thread: TCC products 1-22
2026-09-10 01:44:03,245 INFO o.a.j.t.JMeterThread: Thread finished: TCC products 1-22
2026-09-10 01:44:03,256 INFO o.a.j.t.JMeterThread: Stopping because end time detected by thread: TCC products 1-1
2026-09-10 01:44:03,256 INFO o.a.j.t.JMeterThread: Thread finished: TCC products 1-1
2026-09-10 01:44:03,267 INFO o.a.j.t.JMeterThread: Stopping because end time detected by thread: TCC products 1-21
2026-09-10 01:44:03,267 INFO o.a.j.t.JMeterThread: Thread finished: TCC products 1-21
2026-09-10 01:44:03,277 INFO o.a.j.t.JMeterThread: Stopping because end time detected by thread: TCC products 1-6
2026-09-10 01:44:03,278 INFO o.a.j.t.JMeterThread: Thread finished: TCC products 1-6
2026-09-10 01:44:03,288 INFO o.a.j.t.JMeterThread: Stopping because end time detected by thread: TCC products 1-3
2026-09-10 01:44:03,288 INFO o.a.j.t.JMeterThread: Thread finished: TCC products 1-3
2026-09-10 01:44:03,299 INFO o.a.j.t.JMeterThread: Stopping because end time detected by thread: TCC products 1-8
2026-09-10 01:44:03,299 INFO o.a.j.t.JMeterThread: Thread finished: TCC products 1-8
2026-09-10 01:44:03,310 INFO o.a.j.t.JMeterThread: Stopping because end time detected by thread: TCC products 1-24
2026-09-10 01:44:03,310 INFO o.a.j.t.JMeterThread: Thread finished: TCC products 1-24
2026-09-10 01:44:03,321 INFO o.a.j.t.JMeterThread: Stopping because end time detected by thread: TCC products 1-4
2026-09-10 01:44:03,321 INFO o.a.j.t.JMeterThread: Thread finished: TCC products 1-4
2026-09-10 01:44:03,333 INFO o.a.j.t.JMeterThread: Stopping because end time detected by thread: TCC products 1-20
2026-09-10 01:44:03,333 INFO o.a.j.t.JMeterThread: Thread finished: TCC products 1-20
2026-09-10 01:44:03,333 INFO o.a.j.e.StandardJMeterEngine: Notifying test listeners of end of test
2026-09-10 01:44:03,336 INFO o.a.j.r.Summariser: summary +     23 in 00:00:00 =   79.3/s Avg: 16345 Min: 16341 Max: 16348 Err:     0 (0.00%) Active: 0 Started: 25 Finished: 25
2026-09-10 01:44:03,336 INFO o.a.j.r.Summariser: summary =   2612 in 00:00:46 =   56.3/s Avg:   427 Min:    31 Max: 16348 Err:     0 (0.00%)
