2026-09-10 10:18:20,377 INFO o.a.j.u.JMeterUtils: Setting Locale to en_EN
2026-09-10 10:18:20,400 INFO o.a.j.JMeter: Loading user properties from: /home/avituo/projects/tcc/tcc-container/.tools/apache-jmeter-5.6.3/bin/user.properties
2026-09-10 10:18:20,400 INFO o.a.j.JMeter: Loading system properties from: /home/avituo/projects/tcc/tcc-container/.tools/apache-jmeter-5.6.3/bin/system.properties
2026-09-10 10:18:20,400 INFO o.a.j.JMeter: Loading additional properties from: /home/avituo/projects/tcc/tcc-container/benchmark/jmeter/benchmark.properties
2026-09-10 10:18:20,401 INFO o.a.j.JMeter: Loading additional properties from: /tmp/tcc-benchmark-auth.uNtdT0/auth.properties
2026-09-10 10:18:20,401 INFO o.a.j.JMeter: Setting JMeter property: threads=100
2026-09-10 10:18:20,401 INFO o.a.j.JMeter: Setting JMeter property: duration_seconds=30
2026-09-10 10:18:20,401 INFO o.a.j.JMeter: Setting JMeter property: target_host=localhost
2026-09-10 10:18:20,401 INFO o.a.j.JMeter: Setting JMeter property: target_port=18000
2026-09-10 10:18:20,401 INFO o.a.j.JMeter: Setting JMeter property: tcc.order.id=1
2026-09-10 10:18:20,401 INFO o.a.j.JMeter: Setting JMeter property: repetition=4
2026-09-10 10:18:20,408 INFO o.a.j.JMeter: Copyright (c) 1998-2024 The Apache Software Foundation
2026-09-10 10:18:20,409 INFO o.a.j.JMeter: Version 5.6.3
2026-09-10 10:18:20,409 INFO o.a.j.JMeter: java.version=21.0.11
2026-09-10 10:18:20,409 INFO o.a.j.JMeter: java.vm.name=OpenJDK 64-Bit Server VM
2026-09-10 10:18:20,409 INFO o.a.j.JMeter: os.name=Linux
2026-09-10 10:18:20,409 INFO o.a.j.JMeter: os.arch=amd64
2026-09-10 10:18:20,409 INFO o.a.j.JMeter: os.version=7.0.11-76070011-generic
2026-09-10 10:18:20,409 INFO o.a.j.JMeter: file.encoding=UTF-8
2026-09-10 10:18:20,409 INFO o.a.j.JMeter: java.awt.headless=true
2026-09-10 10:18:20,409 INFO o.a.j.JMeter: Max memory     =1073741824
2026-09-10 10:18:20,409 INFO o.a.j.JMeter: Available Processors =16
2026-09-10 10:18:20,420 INFO o.a.j.JMeter: Default Locale=English (EN)
2026-09-10 10:18:20,421 INFO o.a.j.JMeter: JMeter  Locale=English (EN)
2026-09-10 10:18:20,421 INFO o.a.j.JMeter: JMeterHome=/home/avituo/projects/tcc/tcc-container/.tools/apache-jmeter-5.6.3
2026-09-10 10:18:20,421 INFO o.a.j.JMeter: user.dir  =/home/avituo/projects/tcc/tcc-container
2026-09-10 10:18:20,421 INFO o.a.j.JMeter: PWD       =/home/avituo/projects/tcc/tcc-container
2026-09-10 10:18:20,429 INFO o.a.j.JMeter: IP: 192.168.1.16 Name: pop-os FullName: pop-os.home
2026-09-10 10:18:20,442 INFO o.a.j.s.FileServer: Default base='/home/avituo/projects/tcc/tcc-container'
2026-09-10 10:18:20,444 INFO o.a.j.s.FileServer: Set new base='/home/avituo/projects/tcc/tcc-container/benchmark/jmeter'
2026-09-10 10:18:20,615 INFO o.a.j.s.SaveService: Testplan (JMX) version: 2.2. Testlog (JTL) version: 2.2
2026-09-10 10:18:20,638 INFO o.a.j.s.SaveService: Using SaveService properties version 5.0
2026-09-10 10:18:20,641 INFO o.a.j.s.SaveService: Using SaveService properties file encoding UTF-8
2026-09-10 10:18:20,644 INFO o.a.j.s.SaveService: Loading file: /home/avituo/projects/tcc/tcc-container/benchmark/jmeter/tcc-order-create-v1.jmx
2026-09-10 10:18:20,694 INFO o.a.j.p.h.s.HTTPSamplerBase: Parser for text/html is org.apache.jmeter.protocol.http.parser.LagartoBasedHtmlParser
2026-09-10 10:18:20,694 INFO o.a.j.p.h.s.HTTPSamplerBase: Parser for application/xhtml+xml is org.apache.jmeter.protocol.http.parser.LagartoBasedHtmlParser
2026-09-10 10:18:20,694 INFO o.a.j.p.h.s.HTTPSamplerBase: Parser for application/xml is org.apache.jmeter.protocol.http.parser.LagartoBasedHtmlParser
2026-09-10 10:18:20,694 INFO o.a.j.p.h.s.HTTPSamplerBase: Parser for text/xml is org.apache.jmeter.protocol.http.parser.LagartoBasedHtmlParser
2026-09-10 10:18:20,694 INFO o.a.j.p.h.s.HTTPSamplerBase: Parser for text/vnd.wap.wml is org.apache.jmeter.protocol.http.parser.RegexpHTMLParser
2026-09-10 10:18:20,694 INFO o.a.j.p.h.s.HTTPSamplerBase: Parser for text/css is org.apache.jmeter.protocol.http.parser.CssParser
2026-09-10 10:18:20,725 INFO o.a.j.JMeter: Creating summariser <summary>
2026-09-10 10:18:20,741 INFO o.a.j.e.StandardJMeterEngine: Running the test!
2026-09-10 10:18:20,742 INFO o.a.j.s.SampleEvent: List of sample_variables: []
2026-09-10 10:18:20,742 INFO o.a.j.s.SampleEvent: List of sample_variables: []
2026-09-10 10:18:20,747 INFO o.a.j.e.u.CompoundVariable: Note: Function class names must contain the string: '.functions.'
2026-09-10 10:18:20,747 INFO o.a.j.e.u.CompoundVariable: Note: Function class names must not contain the string: '.gui.'
2026-09-10 10:18:20,985 INFO o.a.j.JMeter: Running test (1789046300985)
2026-09-10 10:18:21,004 INFO o.a.j.e.StandardJMeterEngine: Starting ThreadGroup: 1 : TCC order-create
2026-09-10 10:18:21,004 INFO o.a.j.e.StandardJMeterEngine: Starting 100 threads for group TCC order-create.
2026-09-10 10:18:21,004 INFO o.a.j.e.StandardJMeterEngine: Thread will continue on error
2026-09-10 10:18:21,004 INFO o.a.j.t.ThreadGroup: Starting thread group... number=1 threads=100 ramp-up=0 delayedStart=false
2026-09-10 10:18:21,011 INFO o.a.j.t.JMeterThread: Thread started: TCC order-create 1-4
2026-09-10 10:18:21,011 INFO o.a.j.t.JMeterThread: Thread started: TCC order-create 1-1
2026-09-10 10:18:21,011 INFO o.a.j.t.JMeterThread: Thread started: TCC order-create 1-3
2026-09-10 10:18:21,012 INFO o.a.j.t.JMeterThread: Thread started: TCC order-create 1-5
2026-09-10 10:18:21,011 INFO o.a.j.t.JMeterThread: Thread started: TCC order-create 1-2
2026-09-10 10:18:21,012 INFO o.a.j.t.JMeterThread: Thread started: TCC order-create 1-6
2026-09-10 10:18:21,013 INFO o.a.j.t.JMeterThread: Thread started: TCC order-create 1-7
2026-09-10 10:18:21,014 INFO o.a.j.t.JMeterThread: Thread started: TCC order-create 1-8
2026-09-10 10:18:21,014 INFO o.a.j.t.JMeterThread: Thread started: TCC order-create 1-9
2026-09-10 10:18:21,015 INFO o.a.j.t.JMeterThread: Thread started: TCC order-create 1-10
2026-09-10 10:18:21,016 INFO o.a.j.t.JMeterThread: Thread started: TCC order-create 1-11
2026-09-10 10:18:21,017 INFO o.a.j.t.JMeterThread: Thread started: TCC order-create 1-12
2026-09-10 10:18:21,018 INFO o.a.j.t.JMeterThread: Thread started: TCC order-create 1-13
2026-09-10 10:18:21,019 INFO o.a.j.t.JMeterThread: Thread started: TCC order-create 1-14
2026-09-10 10:18:21,019 INFO o.a.j.t.JMeterThread: Thread started: TCC order-create 1-15
2026-09-10 10:18:21,021 INFO o.a.j.t.JMeterThread: Thread started: TCC order-create 1-16
2026-09-10 10:18:21,021 INFO o.a.j.t.JMeterThread: Thread started: TCC order-create 1-17
2026-09-10 10:18:21,022 INFO o.a.j.t.JMeterThread: Thread started: TCC order-create 1-18
2026-09-10 10:18:21,024 INFO o.a.j.t.JMeterThread: Thread started: TCC order-create 1-19
2026-09-10 10:18:21,024 INFO o.a.j.t.JMeterThread: Thread started: TCC order-create 1-20
2026-09-10 10:18:21,025 INFO o.a.j.t.JMeterThread: Thread started: TCC order-create 1-21
2026-09-10 10:18:21,025 INFO o.a.j.t.JMeterThread: Thread started: TCC order-create 1-22
2026-09-10 10:18:21,026 INFO o.a.j.t.JMeterThread: Thread started: TCC order-create 1-23
2026-09-10 10:18:21,027 INFO o.a.j.t.JMeterThread: Thread started: TCC order-create 1-24
2026-09-10 10:18:21,027 INFO o.a.j.t.JMeterThread: Thread started: TCC order-create 1-25
2026-09-10 10:18:21,027 INFO o.a.j.t.JMeterThread: Thread started: TCC order-create 1-26
2026-09-10 10:18:21,028 INFO o.a.j.t.JMeterThread: Thread started: TCC order-create 1-27
2026-09-10 10:18:21,028 INFO o.a.j.t.JMeterThread: Thread started: TCC order-create 1-28
2026-09-10 10:18:21,029 INFO o.a.j.t.JMeterThread: Thread started: TCC order-create 1-29
2026-09-10 10:18:21,029 INFO o.a.j.t.JMeterThread: Thread started: TCC order-create 1-30
2026-09-10 10:18:21,029 INFO o.a.j.t.JMeterThread: Thread started: TCC order-create 1-31
2026-09-10 10:18:21,030 INFO o.a.j.t.JMeterThread: Thread started: TCC order-create 1-32
2026-09-10 10:18:21,031 INFO o.a.j.t.JMeterThread: Thread started: TCC order-create 1-33
2026-09-10 10:18:21,031 INFO o.a.j.t.JMeterThread: Thread started: TCC order-create 1-34
2026-09-10 10:18:21,031 INFO o.a.j.t.JMeterThread: Thread started: TCC order-create 1-35
2026-09-10 10:18:21,032 INFO o.a.j.t.JMeterThread: Thread started: TCC order-create 1-36
2026-09-10 10:18:21,033 INFO o.a.j.t.JMeterThread: Thread started: TCC order-create 1-37
2026-09-10 10:18:21,034 INFO o.a.j.t.JMeterThread: Thread started: TCC order-create 1-38
2026-09-10 10:18:21,035 INFO o.a.j.t.JMeterThread: Thread started: TCC order-create 1-39
2026-09-10 10:18:21,036 INFO o.a.j.t.JMeterThread: Thread started: TCC order-create 1-41
2026-09-10 10:18:21,037 INFO o.a.j.t.JMeterThread: Thread started: TCC order-create 1-40
2026-09-10 10:18:21,038 INFO o.a.j.t.JMeterThread: Thread started: TCC order-create 1-42
2026-09-10 10:18:21,040 INFO o.a.j.t.JMeterThread: Thread started: TCC order-create 1-43
2026-09-10 10:18:21,040 INFO o.a.j.t.JMeterThread: Thread started: TCC order-create 1-44
2026-09-10 10:18:21,041 INFO o.a.j.t.JMeterThread: Thread started: TCC order-create 1-45
2026-09-10 10:18:21,042 INFO o.a.j.t.JMeterThread: Thread started: TCC order-create 1-46
2026-09-10 10:18:21,043 INFO o.a.j.t.JMeterThread: Thread started: TCC order-create 1-47
2026-09-10 10:18:21,044 INFO o.a.j.t.JMeterThread: Thread started: TCC order-create 1-48
2026-09-10 10:18:21,045 INFO o.a.j.t.JMeterThread: Thread started: TCC order-create 1-49
2026-09-10 10:18:21,045 INFO o.a.j.t.JMeterThread: Thread started: TCC order-create 1-50
2026-09-10 10:18:21,046 INFO o.a.j.t.JMeterThread: Thread started: TCC order-create 1-51
2026-09-10 10:18:21,050 INFO o.a.j.t.JMeterThread: Thread started: TCC order-create 1-52
2026-09-10 10:18:21,051 INFO o.a.j.t.JMeterThread: Thread started: TCC order-create 1-53
2026-09-10 10:18:21,052 INFO o.a.j.t.JMeterThread: Thread started: TCC order-create 1-54
2026-09-10 10:18:21,056 INFO o.a.j.t.JMeterThread: Thread started: TCC order-create 1-55
2026-09-10 10:18:21,058 INFO o.a.j.t.JMeterThread: Thread started: TCC order-create 1-56
2026-09-10 10:18:21,059 INFO o.a.j.t.JMeterThread: Thread started: TCC order-create 1-57
2026-09-10 10:18:21,060 INFO o.a.j.t.JMeterThread: Thread started: TCC order-create 1-58
2026-09-10 10:18:21,061 INFO o.a.j.t.JMeterThread: Thread started: TCC order-create 1-59
2026-09-10 10:18:21,063 INFO o.a.j.t.JMeterThread: Thread started: TCC order-create 1-60
2026-09-10 10:18:21,065 INFO o.a.j.t.JMeterThread: Thread started: TCC order-create 1-61
2026-09-10 10:18:21,066 INFO o.a.j.t.JMeterThread: Thread started: TCC order-create 1-62
2026-09-10 10:18:21,067 INFO o.a.j.t.JMeterThread: Thread started: TCC order-create 1-63
2026-09-10 10:18:21,068 INFO o.a.j.t.JMeterThread: Thread started: TCC order-create 1-64
2026-09-10 10:18:21,070 INFO o.a.j.t.JMeterThread: Thread started: TCC order-create 1-65
2026-09-10 10:18:21,070 INFO o.a.j.t.JMeterThread: Thread started: TCC order-create 1-66
2026-09-10 10:18:21,071 INFO o.a.j.t.JMeterThread: Thread started: TCC order-create 1-67
2026-09-10 10:18:21,072 INFO o.a.j.t.JMeterThread: Thread started: TCC order-create 1-68
2026-09-10 10:18:21,073 INFO o.a.j.t.JMeterThread: Thread started: TCC order-create 1-69
2026-09-10 10:18:21,075 INFO o.a.j.t.JMeterThread: Thread started: TCC order-create 1-70
2026-09-10 10:18:21,076 INFO o.a.j.t.JMeterThread: Thread started: TCC order-create 1-71
2026-09-10 10:18:21,077 INFO o.a.j.t.JMeterThread: Thread started: TCC order-create 1-72
2026-09-10 10:18:21,079 INFO o.a.j.t.JMeterThread: Thread started: TCC order-create 1-73
2026-09-10 10:18:21,081 INFO o.a.j.t.JMeterThread: Thread started: TCC order-create 1-75
2026-09-10 10:18:21,081 INFO o.a.j.t.JMeterThread: Thread started: TCC order-create 1-74
2026-09-10 10:18:21,082 INFO o.a.j.t.JMeterThread: Thread started: TCC order-create 1-76
2026-09-10 10:18:21,083 INFO o.a.j.t.JMeterThread: Thread started: TCC order-create 1-77
2026-09-10 10:18:21,085 INFO o.a.j.t.JMeterThread: Thread started: TCC order-create 1-78
2026-09-10 10:18:21,086 INFO o.a.j.t.JMeterThread: Thread started: TCC order-create 1-79
2026-09-10 10:18:21,088 INFO o.a.j.t.JMeterThread: Thread started: TCC order-create 1-80
2026-09-10 10:18:21,088 INFO o.a.j.t.JMeterThread: Thread started: TCC order-create 1-81
2026-09-10 10:18:21,089 INFO o.a.j.t.JMeterThread: Thread started: TCC order-create 1-82
2026-09-10 10:18:21,090 INFO o.a.j.t.JMeterThread: Thread started: TCC order-create 1-83
2026-09-10 10:18:21,091 INFO o.a.j.t.JMeterThread: Thread started: TCC order-create 1-84
2026-09-10 10:18:21,092 INFO o.a.j.t.JMeterThread: Thread started: TCC order-create 1-85
2026-09-10 10:18:21,092 INFO o.a.j.t.JMeterThread: Thread started: TCC order-create 1-87
2026-09-10 10:18:21,093 INFO o.a.j.t.JMeterThread: Thread started: TCC order-create 1-86
2026-09-10 10:18:21,093 INFO o.a.j.t.JMeterThread: Thread started: TCC order-create 1-88
2026-09-10 10:18:21,095 INFO o.a.j.t.JMeterThread: Thread started: TCC order-create 1-89
2026-09-10 10:18:21,095 INFO o.a.j.t.JMeterThread: Thread started: TCC order-create 1-90
2026-09-10 10:18:21,096 INFO o.a.j.t.JMeterThread: Thread started: TCC order-create 1-91
2026-09-10 10:18:21,097 INFO o.a.j.t.JMeterThread: Thread started: TCC order-create 1-92
2026-09-10 10:18:21,098 INFO o.a.j.t.JMeterThread: Thread started: TCC order-create 1-93
2026-09-10 10:18:21,099 INFO o.a.j.t.JMeterThread: Thread started: TCC order-create 1-94
2026-09-10 10:18:21,099 INFO o.a.j.t.JMeterThread: Thread started: TCC order-create 1-95
2026-09-10 10:18:21,100 INFO o.a.j.t.JMeterThread: Thread started: TCC order-create 1-96
2026-09-10 10:18:21,101 INFO o.a.j.t.JMeterThread: Thread started: TCC order-create 1-97
2026-09-10 10:18:21,102 INFO o.a.j.t.JMeterThread: Thread started: TCC order-create 1-98
2026-09-10 10:18:21,103 INFO o.a.j.t.JMeterThread: Thread started: TCC order-create 1-99
2026-09-10 10:18:21,103 INFO o.a.j.t.ThreadGroup: Started thread group number 1
2026-09-10 10:18:21,103 INFO o.a.j.e.StandardJMeterEngine: All thread groups have been started
2026-09-10 10:18:21,103 INFO o.a.j.t.JMeterThread: Thread started: TCC order-create 1-100
2026-09-10 10:18:21,920 INFO o.a.j.p.h.s.HTTPHCAbstractImpl: Local host = pop-os
2026-09-10 10:18:21,927 INFO o.a.j.p.h.s.HTTPHC4Impl: HTTP request retry count = 0
2026-09-10 10:18:21,929 INFO o.a.j.s.SampleResult: Note: Sample TimeStamps are START times
2026-09-10 10:18:21,929 INFO o.a.j.s.SampleResult: sampleresult.default.encoding is set to UTF-8
2026-09-10 10:18:21,929 INFO o.a.j.s.SampleResult: sampleresult.useNanoTime=true
2026-09-10 10:18:21,929 INFO o.a.j.s.SampleResult: sampleresult.nanoThreadSleep=5000
2026-09-10 10:18:30,015 INFO o.a.j.r.Summariser: summary +    291 in 00:00:09 =   32.2/s Avg:  2268 Min:   131 Max:  2819 Err:     0 (0.00%) Active: 100 Started: 100 Finished: 0
2026-09-10 10:18:51,041 INFO o.a.j.t.JMeterThread: Stopping because end time detected by thread: TCC order-create 1-7
2026-09-10 10:18:51,042 INFO o.a.j.t.JMeterThread: Thread finished: TCC order-create 1-7
2026-09-10 10:18:51,068 INFO o.a.j.t.JMeterThread: Stopping because end time detected by thread: TCC order-create 1-34
2026-09-10 10:18:51,068 INFO o.a.j.t.JMeterThread: Thread finished: TCC order-create 1-34
2026-09-10 10:18:51,093 INFO o.a.j.t.JMeterThread: Stopping because end time detected by thread: TCC order-create 1-89
2026-09-10 10:18:51,093 INFO o.a.j.t.JMeterThread: Thread finished: TCC order-create 1-89
2026-09-10 10:18:51,123 INFO o.a.j.t.JMeterThread: Stopping because end time detected by thread: TCC order-create 1-72
2026-09-10 10:18:51,123 INFO o.a.j.t.JMeterThread: Thread finished: TCC order-create 1-72
2026-09-10 10:18:51,149 INFO o.a.j.t.JMeterThread: Stopping because end time detected by thread: TCC order-create 1-97
2026-09-10 10:18:51,149 INFO o.a.j.t.JMeterThread: Thread finished: TCC order-create 1-97
2026-09-10 10:18:51,175 INFO o.a.j.t.JMeterThread: Stopping because end time detected by thread: TCC order-create 1-80
2026-09-10 10:18:51,175 INFO o.a.j.t.JMeterThread: Thread finished: TCC order-create 1-80
2026-09-10 10:18:51,200 INFO o.a.j.t.JMeterThread: Stopping because end time detected by thread: TCC order-create 1-99
2026-09-10 10:18:51,200 INFO o.a.j.t.JMeterThread: Thread finished: TCC order-create 1-99
2026-09-10 10:18:51,225 INFO o.a.j.t.JMeterThread: Stopping because end time detected by thread: TCC order-create 1-48
2026-09-10 10:18:51,226 INFO o.a.j.t.JMeterThread: Thread finished: TCC order-create 1-48
2026-09-10 10:18:51,252 INFO o.a.j.t.JMeterThread: Stopping because end time detected by thread: TCC order-create 1-63
2026-09-10 10:18:51,252 INFO o.a.j.t.JMeterThread: Thread finished: TCC order-create 1-63
2026-09-10 10:18:51,277 INFO o.a.j.t.JMeterThread: Stopping because end time detected by thread: TCC order-create 1-43
2026-09-10 10:18:51,278 INFO o.a.j.t.JMeterThread: Thread finished: TCC order-create 1-43
2026-09-10 10:18:51,301 INFO o.a.j.t.JMeterThread: Stopping because end time detected by thread: TCC order-create 1-41
2026-09-10 10:18:51,301 INFO o.a.j.t.JMeterThread: Thread finished: TCC order-create 1-41
2026-09-10 10:18:51,326 INFO o.a.j.t.JMeterThread: Stopping because end time detected by thread: TCC order-create 1-49
2026-09-10 10:18:51,326 INFO o.a.j.t.JMeterThread: Thread finished: TCC order-create 1-49
2026-09-10 10:18:51,353 INFO o.a.j.t.JMeterThread: Stopping because end time detected by thread: TCC order-create 1-35
2026-09-10 10:18:51,353 INFO o.a.j.t.JMeterThread: Thread finished: TCC order-create 1-35
2026-09-10 10:18:51,378 INFO o.a.j.t.JMeterThread: Stopping because end time detected by thread: TCC order-create 1-54
2026-09-10 10:18:51,378 INFO o.a.j.t.JMeterThread: Thread finished: TCC order-create 1-54
2026-09-10 10:18:51,403 INFO o.a.j.t.JMeterThread: Stopping because end time detected by thread: TCC order-create 1-6
2026-09-10 10:18:51,404 INFO o.a.j.t.JMeterThread: Thread finished: TCC order-create 1-6
2026-09-10 10:18:51,429 INFO o.a.j.t.JMeterThread: Stopping because end time detected by thread: TCC order-create 1-95
2026-09-10 10:18:51,429 INFO o.a.j.t.JMeterThread: Thread finished: TCC order-create 1-95
2026-09-10 10:18:51,455 INFO o.a.j.t.JMeterThread: Stopping because end time detected by thread: TCC order-create 1-15
2026-09-10 10:18:51,455 INFO o.a.j.t.JMeterThread: Thread finished: TCC order-create 1-15
2026-09-10 10:18:51,480 INFO o.a.j.t.JMeterThread: Stopping because end time detected by thread: TCC order-create 1-18
2026-09-10 10:18:51,480 INFO o.a.j.t.JMeterThread: Thread finished: TCC order-create 1-18
2026-09-10 10:18:51,504 INFO o.a.j.t.JMeterThread: Stopping because end time detected by thread: TCC order-create 1-47
2026-09-10 10:18:51,504 INFO o.a.j.t.JMeterThread: Thread finished: TCC order-create 1-47
2026-09-10 10:18:51,528 INFO o.a.j.t.JMeterThread: Stopping because end time detected by thread: TCC order-create 1-90
2026-09-10 10:18:51,528 INFO o.a.j.t.JMeterThread: Thread finished: TCC order-create 1-90
2026-09-10 10:18:51,553 INFO o.a.j.t.JMeterThread: Stopping because end time detected by thread: TCC order-create 1-27
2026-09-10 10:18:51,553 INFO o.a.j.t.JMeterThread: Thread finished: TCC order-create 1-27
2026-09-10 10:18:51,578 INFO o.a.j.t.JMeterThread: Stopping because end time detected by thread: TCC order-create 1-77
2026-09-10 10:18:51,578 INFO o.a.j.t.JMeterThread: Thread finished: TCC order-create 1-77
2026-09-10 10:18:51,604 INFO o.a.j.t.JMeterThread: Stopping because end time detected by thread: TCC order-create 1-8
2026-09-10 10:18:51,604 INFO o.a.j.t.JMeterThread: Thread finished: TCC order-create 1-8
2026-09-10 10:18:51,629 INFO o.a.j.t.JMeterThread: Stopping because end time detected by thread: TCC order-create 1-60
2026-09-10 10:18:51,629 INFO o.a.j.t.JMeterThread: Thread finished: TCC order-create 1-60
2026-09-10 10:18:51,653 INFO o.a.j.t.JMeterThread: Stopping because end time detected by thread: TCC order-create 1-5
2026-09-10 10:18:51,653 INFO o.a.j.t.JMeterThread: Thread finished: TCC order-create 1-5
2026-09-10 10:18:51,679 INFO o.a.j.t.JMeterThread: Stopping because end time detected by thread: TCC order-create 1-44
2026-09-10 10:18:51,679 INFO o.a.j.t.JMeterThread: Thread finished: TCC order-create 1-44
2026-09-10 10:18:51,706 INFO o.a.j.t.JMeterThread: Stopping because end time detected by thread: TCC order-create 1-69
2026-09-10 10:18:51,706 INFO o.a.j.t.JMeterThread: Thread finished: TCC order-create 1-69
2026-09-10 10:18:51,732 INFO o.a.j.t.JMeterThread: Stopping because end time detected by thread: TCC order-create 1-83
2026-09-10 10:18:51,732 INFO o.a.j.t.JMeterThread: Thread finished: TCC order-create 1-83
2026-09-10 10:18:51,757 INFO o.a.j.t.JMeterThread: Stopping because end time detected by thread: TCC order-create 1-78
2026-09-10 10:18:51,757 INFO o.a.j.t.JMeterThread: Thread finished: TCC order-create 1-78
2026-09-10 10:18:51,781 INFO o.a.j.t.JMeterThread: Stopping because end time detected by thread: TCC order-create 1-85
2026-09-10 10:18:51,781 INFO o.a.j.t.JMeterThread: Thread finished: TCC order-create 1-85
2026-09-10 10:18:51,806 INFO o.a.j.t.JMeterThread: Stopping because end time detected by thread: TCC order-create 1-22
2026-09-10 10:18:51,806 INFO o.a.j.t.JMeterThread: Thread finished: TCC order-create 1-22
2026-09-10 10:18:51,831 INFO o.a.j.t.JMeterThread: Stopping because end time detected by thread: TCC order-create 1-9
2026-09-10 10:18:51,831 INFO o.a.j.t.JMeterThread: Thread finished: TCC order-create 1-9
2026-09-10 10:18:51,856 INFO o.a.j.t.JMeterThread: Stopping because end time detected by thread: TCC order-create 1-64
2026-09-10 10:18:51,856 INFO o.a.j.t.JMeterThread: Thread finished: TCC order-create 1-64
2026-09-10 10:18:51,881 INFO o.a.j.t.JMeterThread: Stopping because end time detected by thread: TCC order-create 1-93
2026-09-10 10:18:51,881 INFO o.a.j.t.JMeterThread: Thread finished: TCC order-create 1-93
2026-09-10 10:18:51,906 INFO o.a.j.t.JMeterThread: Stopping because end time detected by thread: TCC order-create 1-30
2026-09-10 10:18:51,906 INFO o.a.j.t.JMeterThread: Thread finished: TCC order-create 1-30
2026-09-10 10:18:51,932 INFO o.a.j.t.JMeterThread: Stopping because end time detected by thread: TCC order-create 1-94
2026-09-10 10:18:51,932 INFO o.a.j.t.JMeterThread: Thread finished: TCC order-create 1-94
2026-09-10 10:18:51,957 INFO o.a.j.t.JMeterThread: Stopping because end time detected by thread: TCC order-create 1-1
2026-09-10 10:18:51,957 INFO o.a.j.t.JMeterThread: Thread finished: TCC order-create 1-1
2026-09-10 10:18:51,982 INFO o.a.j.t.JMeterThread: Stopping because end time detected by thread: TCC order-create 1-23
2026-09-10 10:18:51,982 INFO o.a.j.t.JMeterThread: Thread finished: TCC order-create 1-23
2026-09-10 10:18:52,015 INFO o.a.j.t.JMeterThread: Stopping because end time detected by thread: TCC order-create 1-17
2026-09-10 10:18:52,015 INFO o.a.j.t.JMeterThread: Thread finished: TCC order-create 1-17
2026-09-10 10:18:52,040 INFO o.a.j.t.JMeterThread: Stopping because end time detected by thread: TCC order-create 1-38
2026-09-10 10:18:52,040 INFO o.a.j.t.JMeterThread: Thread finished: TCC order-create 1-38
2026-09-10 10:18:52,066 INFO o.a.j.t.JMeterThread: Stopping because end time detected by thread: TCC order-create 1-29
2026-09-10 10:18:52,066 INFO o.a.j.t.JMeterThread: Thread finished: TCC order-create 1-29
2026-09-10 10:18:52,091 INFO o.a.j.t.JMeterThread: Stopping because end time detected by thread: TCC order-create 1-50
2026-09-10 10:18:52,091 INFO o.a.j.t.JMeterThread: Thread finished: TCC order-create 1-50
2026-09-10 10:18:52,118 INFO o.a.j.t.JMeterThread: Stopping because end time detected by thread: TCC order-create 1-84
2026-09-10 10:18:52,118 INFO o.a.j.t.JMeterThread: Thread finished: TCC order-create 1-84
2026-09-10 10:18:52,143 INFO o.a.j.t.JMeterThread: Stopping because end time detected by thread: TCC order-create 1-86
2026-09-10 10:18:52,143 INFO o.a.j.t.JMeterThread: Thread finished: TCC order-create 1-86
2026-09-10 10:18:52,168 INFO o.a.j.t.JMeterThread: Stopping because end time detected by thread: TCC order-create 1-87
2026-09-10 10:18:52,168 INFO o.a.j.t.JMeterThread: Thread finished: TCC order-create 1-87
2026-09-10 10:18:52,194 INFO o.a.j.t.JMeterThread: Stopping because end time detected by thread: TCC order-create 1-51
2026-09-10 10:18:52,194 INFO o.a.j.t.JMeterThread: Thread finished: TCC order-create 1-51
2026-09-10 10:18:52,222 INFO o.a.j.t.JMeterThread: Stopping because end time detected by thread: TCC order-create 1-61
2026-09-10 10:18:52,222 INFO o.a.j.t.JMeterThread: Thread finished: TCC order-create 1-61
2026-09-10 10:18:52,248 INFO o.a.j.t.JMeterThread: Stopping because end time detected by thread: TCC order-create 1-55
2026-09-10 10:18:52,248 INFO o.a.j.t.JMeterThread: Thread finished: TCC order-create 1-55
2026-09-10 10:18:52,272 INFO o.a.j.t.JMeterThread: Stopping because end time detected by thread: TCC order-create 1-21
2026-09-10 10:18:52,272 INFO o.a.j.t.JMeterThread: Thread finished: TCC order-create 1-21
2026-09-10 10:18:52,298 INFO o.a.j.t.JMeterThread: Stopping because end time detected by thread: TCC order-create 1-88
2026-09-10 10:18:52,298 INFO o.a.j.t.JMeterThread: Thread finished: TCC order-create 1-88
2026-09-10 10:18:52,325 INFO o.a.j.t.JMeterThread: Stopping because end time detected by thread: TCC order-create 1-91
2026-09-10 10:18:52,325 INFO o.a.j.t.JMeterThread: Thread finished: TCC order-create 1-91
2026-09-10 10:18:52,350 INFO o.a.j.t.JMeterThread: Stopping because end time detected by thread: TCC order-create 1-82
2026-09-10 10:18:52,350 INFO o.a.j.t.JMeterThread: Thread finished: TCC order-create 1-82
2026-09-10 10:18:52,374 INFO o.a.j.t.JMeterThread: Stopping because end time detected by thread: TCC order-create 1-16
2026-09-10 10:18:52,374 INFO o.a.j.t.JMeterThread: Thread finished: TCC order-create 1-16
2026-09-10 10:18:52,397 INFO o.a.j.t.JMeterThread: Stopping because end time detected by thread: TCC order-create 1-76
2026-09-10 10:18:52,397 INFO o.a.j.t.JMeterThread: Thread finished: TCC order-create 1-76
2026-09-10 10:18:52,424 INFO o.a.j.t.JMeterThread: Stopping because end time detected by thread: TCC order-create 1-26
2026-09-10 10:18:52,424 INFO o.a.j.t.JMeterThread: Thread finished: TCC order-create 1-26
2026-09-10 10:18:52,451 INFO o.a.j.t.JMeterThread: Stopping because end time detected by thread: TCC order-create 1-39
2026-09-10 10:18:52,451 INFO o.a.j.t.JMeterThread: Thread finished: TCC order-create 1-39
2026-09-10 10:18:52,476 INFO o.a.j.t.JMeterThread: Stopping because end time detected by thread: TCC order-create 1-81
2026-09-10 10:18:52,476 INFO o.a.j.t.JMeterThread: Thread finished: TCC order-create 1-81
2026-09-10 10:18:52,501 INFO o.a.j.t.JMeterThread: Stopping because end time detected by thread: TCC order-create 1-24
2026-09-10 10:18:52,501 INFO o.a.j.t.JMeterThread: Thread finished: TCC order-create 1-24
2026-09-10 10:18:52,526 INFO o.a.j.t.JMeterThread: Stopping because end time detected by thread: TCC order-create 1-13
2026-09-10 10:18:52,526 INFO o.a.j.t.JMeterThread: Thread finished: TCC order-create 1-13
2026-09-10 10:18:52,550 INFO o.a.j.t.JMeterThread: Stopping because end time detected by thread: TCC order-create 1-62
2026-09-10 10:18:52,551 INFO o.a.j.t.JMeterThread: Thread finished: TCC order-create 1-62
2026-09-10 10:18:52,575 INFO o.a.j.t.JMeterThread: Stopping because end time detected by thread: TCC order-create 1-12
2026-09-10 10:18:52,575 INFO o.a.j.t.JMeterThread: Thread finished: TCC order-create 1-12
2026-09-10 10:18:52,599 INFO o.a.j.t.JMeterThread: Stopping because end time detected by thread: TCC order-create 1-32
2026-09-10 10:18:52,600 INFO o.a.j.t.JMeterThread: Thread finished: TCC order-create 1-32
2026-09-10 10:18:52,625 INFO o.a.j.t.JMeterThread: Stopping because end time detected by thread: TCC order-create 1-73
2026-09-10 10:18:52,625 INFO o.a.j.t.JMeterThread: Thread finished: TCC order-create 1-73
2026-09-10 10:18:52,649 INFO o.a.j.t.JMeterThread: Stopping because end time detected by thread: TCC order-create 1-57
2026-09-10 10:18:52,649 INFO o.a.j.t.JMeterThread: Thread finished: TCC order-create 1-57
2026-09-10 10:18:52,674 INFO o.a.j.t.JMeterThread: Stopping because end time detected by thread: TCC order-create 1-46
2026-09-10 10:18:52,674 INFO o.a.j.t.JMeterThread: Thread finished: TCC order-create 1-46
2026-09-10 10:18:52,699 INFO o.a.j.t.JMeterThread: Stopping because end time detected by thread: TCC order-create 1-68
2026-09-10 10:18:52,699 INFO o.a.j.t.JMeterThread: Thread finished: TCC order-create 1-68
2026-09-10 10:18:52,725 INFO o.a.j.t.JMeterThread: Stopping because end time detected by thread: TCC order-create 1-28
2026-09-10 10:18:52,725 INFO o.a.j.t.JMeterThread: Thread finished: TCC order-create 1-28
2026-09-10 10:18:52,749 INFO o.a.j.t.JMeterThread: Stopping because end time detected by thread: TCC order-create 1-70
2026-09-10 10:18:52,749 INFO o.a.j.t.JMeterThread: Thread finished: TCC order-create 1-70
2026-09-10 10:18:52,774 INFO o.a.j.t.JMeterThread: Stopping because end time detected by thread: TCC order-create 1-71
2026-09-10 10:18:52,774 INFO o.a.j.t.JMeterThread: Thread finished: TCC order-create 1-71
2026-09-10 10:18:52,799 INFO o.a.j.t.JMeterThread: Stopping because end time detected by thread: TCC order-create 1-2
2026-09-10 10:18:52,799 INFO o.a.j.t.JMeterThread: Thread finished: TCC order-create 1-2
2026-09-10 10:18:52,824 INFO o.a.j.t.JMeterThread: Stopping because end time detected by thread: TCC order-create 1-59
2026-09-10 10:18:52,825 INFO o.a.j.t.JMeterThread: Thread finished: TCC order-create 1-59
2026-09-10 10:18:52,849 INFO o.a.j.t.JMeterThread: Stopping because end time detected by thread: TCC order-create 1-74
2026-09-10 10:18:52,849 INFO o.a.j.t.JMeterThread: Thread finished: TCC order-create 1-74
2026-09-10 10:18:52,873 INFO o.a.j.t.JMeterThread: Stopping because end time detected by thread: TCC order-create 1-37
2026-09-10 10:18:52,873 INFO o.a.j.t.JMeterThread: Thread finished: TCC order-create 1-37
2026-09-10 10:18:52,897 INFO o.a.j.t.JMeterThread: Stopping because end time detected by thread: TCC order-create 1-19
2026-09-10 10:18:52,898 INFO o.a.j.t.JMeterThread: Thread finished: TCC order-create 1-19
2026-09-10 10:18:52,923 INFO o.a.j.t.JMeterThread: Stopping because end time detected by thread: TCC order-create 1-25
2026-09-10 10:18:52,923 INFO o.a.j.t.JMeterThread: Thread finished: TCC order-create 1-25
2026-09-10 10:18:52,946 INFO o.a.j.t.JMeterThread: Stopping because end time detected by thread: TCC order-create 1-42
2026-09-10 10:18:52,946 INFO o.a.j.t.JMeterThread: Thread finished: TCC order-create 1-42
2026-09-10 10:18:52,971 INFO o.a.j.t.JMeterThread: Stopping because end time detected by thread: TCC order-create 1-3
2026-09-10 10:18:52,971 INFO o.a.j.t.JMeterThread: Thread finished: TCC order-create 1-3
2026-09-10 10:18:52,998 INFO o.a.j.t.JMeterThread: Stopping because end time detected by thread: TCC order-create 1-98
2026-09-10 10:18:52,998 INFO o.a.j.t.JMeterThread: Thread finished: TCC order-create 1-98
2026-09-10 10:18:53,030 INFO o.a.j.t.JMeterThread: Stopping because end time detected by thread: TCC order-create 1-65
2026-09-10 10:18:53,030 INFO o.a.j.t.JMeterThread: Thread finished: TCC order-create 1-65
2026-09-10 10:18:53,053 INFO o.a.j.t.JMeterThread: Stopping because end time detected by thread: TCC order-create 1-96
2026-09-10 10:18:53,053 INFO o.a.j.t.JMeterThread: Thread finished: TCC order-create 1-96
2026-09-10 10:18:53,080 INFO o.a.j.t.JMeterThread: Stopping because end time detected by thread: TCC order-create 1-75
2026-09-10 10:18:53,080 INFO o.a.j.t.JMeterThread: Thread finished: TCC order-create 1-75
2026-09-10 10:18:53,104 INFO o.a.j.t.JMeterThread: Stopping because end time detected by thread: TCC order-create 1-36
2026-09-10 10:18:53,104 INFO o.a.j.t.JMeterThread: Thread finished: TCC order-create 1-36
2026-09-10 10:18:53,128 INFO o.a.j.t.JMeterThread: Stopping because end time detected by thread: TCC order-create 1-31
2026-09-10 10:18:53,129 INFO o.a.j.t.JMeterThread: Thread finished: TCC order-create 1-31
2026-09-10 10:18:53,153 INFO o.a.j.t.JMeterThread: Stopping because end time detected by thread: TCC order-create 1-92
2026-09-10 10:18:53,153 INFO o.a.j.t.JMeterThread: Thread finished: TCC order-create 1-92
2026-09-10 10:18:53,182 INFO o.a.j.t.JMeterThread: Stopping because end time detected by thread: TCC order-create 1-67
2026-09-10 10:18:53,182 INFO o.a.j.t.JMeterThread: Thread finished: TCC order-create 1-67
2026-09-10 10:18:53,210 INFO o.a.j.t.JMeterThread: Stopping because end time detected by thread: TCC order-create 1-56
2026-09-10 10:18:53,210 INFO o.a.j.t.JMeterThread: Thread finished: TCC order-create 1-56
2026-09-10 10:18:53,234 INFO o.a.j.t.JMeterThread: Stopping because end time detected by thread: TCC order-create 1-11
2026-09-10 10:18:53,235 INFO o.a.j.t.JMeterThread: Thread finished: TCC order-create 1-11
2026-09-10 10:18:53,259 INFO o.a.j.t.JMeterThread: Stopping because end time detected by thread: TCC order-create 1-53
2026-09-10 10:18:53,259 INFO o.a.j.t.JMeterThread: Thread finished: TCC order-create 1-53
2026-09-10 10:18:53,286 INFO o.a.j.t.JMeterThread: Stopping because end time detected by thread: TCC order-create 1-10
2026-09-10 10:18:53,286 INFO o.a.j.t.JMeterThread: Thread finished: TCC order-create 1-10
2026-09-10 10:18:53,312 INFO o.a.j.t.JMeterThread: Stopping because end time detected by thread: TCC order-create 1-58
2026-09-10 10:18:53,312 INFO o.a.j.t.JMeterThread: Thread finished: TCC order-create 1-58
2026-09-10 10:18:53,337 INFO o.a.j.t.JMeterThread: Stopping because end time detected by thread: TCC order-create 1-40
2026-09-10 10:18:53,337 INFO o.a.j.t.JMeterThread: Thread finished: TCC order-create 1-40
2026-09-10 10:18:53,362 INFO o.a.j.t.JMeterThread: Stopping because end time detected by thread: TCC order-create 1-4
2026-09-10 10:18:53,363 INFO o.a.j.t.JMeterThread: Thread finished: TCC order-create 1-4
2026-09-10 10:18:53,390 INFO o.a.j.t.JMeterThread: Stopping because end time detected by thread: TCC order-create 1-100
2026-09-10 10:18:53,390 INFO o.a.j.t.JMeterThread: Thread finished: TCC order-create 1-100
2026-09-10 10:18:53,418 INFO o.a.j.t.JMeterThread: Stopping because end time detected by thread: TCC order-create 1-66
2026-09-10 10:18:53,418 INFO o.a.j.t.JMeterThread: Thread finished: TCC order-create 1-66
2026-09-10 10:18:53,444 INFO o.a.j.t.JMeterThread: Stopping because end time detected by thread: TCC order-create 1-14
2026-09-10 10:18:53,444 INFO o.a.j.t.JMeterThread: Thread finished: TCC order-create 1-14
2026-09-10 10:18:53,473 INFO o.a.j.t.JMeterThread: Stopping because end time detected by thread: TCC order-create 1-45
2026-09-10 10:18:53,473 INFO o.a.j.t.JMeterThread: Thread finished: TCC order-create 1-45
2026-09-10 10:18:53,498 INFO o.a.j.t.JMeterThread: Stopping because end time detected by thread: TCC order-create 1-79
2026-09-10 10:18:53,498 INFO o.a.j.t.JMeterThread: Thread finished: TCC order-create 1-79
2026-09-10 10:18:53,525 INFO o.a.j.t.JMeterThread: Stopping because end time detected by thread: TCC order-create 1-52
2026-09-10 10:18:53,525 INFO o.a.j.t.JMeterThread: Thread finished: TCC order-create 1-52
2026-09-10 10:18:53,552 INFO o.a.j.t.JMeterThread: Stopping because end time detected by thread: TCC order-create 1-33
2026-09-10 10:18:53,552 INFO o.a.j.t.JMeterThread: Thread finished: TCC order-create 1-33
2026-09-10 10:18:53,578 INFO o.a.j.t.JMeterThread: Stopping because end time detected by thread: TCC order-create 1-20
2026-09-10 10:18:53,578 INFO o.a.j.t.JMeterThread: Thread finished: TCC order-create 1-20
2026-09-10 10:18:53,579 INFO o.a.j.e.StandardJMeterEngine: Notifying test listeners of end of test
2026-09-10 10:18:53,582 INFO o.a.j.r.Summariser: summary +    884 in 00:00:24 =   37.5/s Avg:  2675 Min:  2532 Max:  2769 Err:     0 (0.00%) Active: 0 Started: 100 Finished: 100
2026-09-10 10:18:53,583 INFO o.a.j.r.Summariser: summary =   1175 in 00:00:33 =   36.0/s Avg:  2574 Min:   131 Max:  2819 Err:     0 (0.00%)
