2026-09-10 07:50:26,007 INFO o.a.j.u.JMeterUtils: Setting Locale to en_EN
2026-09-10 07:50:26,025 INFO o.a.j.JMeter: Loading user properties from: /home/avituo/projects/tcc/tcc-container/.tools/apache-jmeter-5.6.3/bin/user.properties
2026-09-10 07:50:26,025 INFO o.a.j.JMeter: Loading system properties from: /home/avituo/projects/tcc/tcc-container/.tools/apache-jmeter-5.6.3/bin/system.properties
2026-09-10 07:50:26,025 INFO o.a.j.JMeter: Loading additional properties from: /home/avituo/projects/tcc/tcc-container/benchmark/jmeter/benchmark.properties
2026-09-10 07:50:26,025 INFO o.a.j.JMeter: Loading additional properties from: /tmp/tcc-benchmark-auth.vaGlPT/auth.properties
2026-09-10 07:50:26,026 INFO o.a.j.JMeter: Loading additional properties from: /home/avituo/projects/tcc/tcc-container/benchmark/results/laravel-13.20.0/final/order-show/c100/r4/microservices/thread-counters.properties
2026-09-10 07:50:26,026 INFO o.a.j.JMeter: Setting JMeter property: threads=100
2026-09-10 07:50:26,026 INFO o.a.j.JMeter: Setting JMeter property: duration_seconds=120
2026-09-10 07:50:26,026 INFO o.a.j.JMeter: Setting JMeter property: target_host=localhost
2026-09-10 07:50:26,026 INFO o.a.j.JMeter: Setting JMeter property: target_port=18080
2026-09-10 07:50:26,026 INFO o.a.j.JMeter: Setting JMeter property: tcc.order.id=20000000-0000-4000-8000-000000000001
2026-09-10 07:50:26,026 INFO o.a.j.JMeter: Setting JMeter property: repetition=4
2026-09-10 07:50:26,035 INFO o.a.j.JMeter: Copyright (c) 1998-2024 The Apache Software Foundation
2026-09-10 07:50:26,035 INFO o.a.j.JMeter: Version 5.6.3
2026-09-10 07:50:26,035 INFO o.a.j.JMeter: java.version=21.0.11
2026-09-10 07:50:26,035 INFO o.a.j.JMeter: java.vm.name=OpenJDK 64-Bit Server VM
2026-09-10 07:50:26,035 INFO o.a.j.JMeter: os.name=Linux
2026-09-10 07:50:26,035 INFO o.a.j.JMeter: os.arch=amd64
2026-09-10 07:50:26,035 INFO o.a.j.JMeter: os.version=7.0.11-76070011-generic
2026-09-10 07:50:26,035 INFO o.a.j.JMeter: file.encoding=UTF-8
2026-09-10 07:50:26,035 INFO o.a.j.JMeter: java.awt.headless=true
2026-09-10 07:50:26,036 INFO o.a.j.JMeter: Max memory     =1073741824
2026-09-10 07:50:26,036 INFO o.a.j.JMeter: Available Processors =16
2026-09-10 07:50:26,044 INFO o.a.j.JMeter: Default Locale=English (EN)
2026-09-10 07:50:26,044 INFO o.a.j.JMeter: JMeter  Locale=English (EN)
2026-09-10 07:50:26,045 INFO o.a.j.JMeter: JMeterHome=/home/avituo/projects/tcc/tcc-container/.tools/apache-jmeter-5.6.3
2026-09-10 07:50:26,045 INFO o.a.j.JMeter: user.dir  =/home/avituo/projects/tcc/tcc-container
2026-09-10 07:50:26,045 INFO o.a.j.JMeter: PWD       =/home/avituo/projects/tcc/tcc-container
2026-09-10 07:50:26,053 INFO o.a.j.JMeter: IP: 192.168.1.16 Name: pop-os FullName: pop-os.home
2026-09-10 07:50:26,064 INFO o.a.j.s.FileServer: Default base='/home/avituo/projects/tcc/tcc-container'
2026-09-10 07:50:26,066 INFO o.a.j.s.FileServer: Set new base='/home/avituo/projects/tcc/tcc-container/benchmark/jmeter'
2026-09-10 07:50:26,244 INFO o.a.j.s.SaveService: Testplan (JMX) version: 2.2. Testlog (JTL) version: 2.2
2026-09-10 07:50:26,270 INFO o.a.j.s.SaveService: Using SaveService properties version 5.0
2026-09-10 07:50:26,273 INFO o.a.j.s.SaveService: Using SaveService properties file encoding UTF-8
2026-09-10 07:50:26,277 INFO o.a.j.s.SaveService: Loading file: /home/avituo/projects/tcc/tcc-container/benchmark/jmeter/tcc-order-show-v1.jmx
2026-09-10 07:50:26,328 INFO o.a.j.p.h.s.HTTPSamplerBase: Parser for text/html is org.apache.jmeter.protocol.http.parser.LagartoBasedHtmlParser
2026-09-10 07:50:26,329 INFO o.a.j.p.h.s.HTTPSamplerBase: Parser for application/xhtml+xml is org.apache.jmeter.protocol.http.parser.LagartoBasedHtmlParser
2026-09-10 07:50:26,329 INFO o.a.j.p.h.s.HTTPSamplerBase: Parser for application/xml is org.apache.jmeter.protocol.http.parser.LagartoBasedHtmlParser
2026-09-10 07:50:26,329 INFO o.a.j.p.h.s.HTTPSamplerBase: Parser for text/xml is org.apache.jmeter.protocol.http.parser.LagartoBasedHtmlParser
2026-09-10 07:50:26,329 INFO o.a.j.p.h.s.HTTPSamplerBase: Parser for text/vnd.wap.wml is org.apache.jmeter.protocol.http.parser.RegexpHTMLParser
2026-09-10 07:50:26,329 INFO o.a.j.p.h.s.HTTPSamplerBase: Parser for text/css is org.apache.jmeter.protocol.http.parser.CssParser
2026-09-10 07:50:26,362 INFO o.a.j.JMeter: Creating summariser <summary>
2026-09-10 07:50:26,379 INFO o.a.j.e.StandardJMeterEngine: Running the test!
2026-09-10 07:50:26,380 INFO o.a.j.s.SampleEvent: List of sample_variables: []
2026-09-10 07:50:26,381 INFO o.a.j.s.SampleEvent: List of sample_variables: []
2026-09-10 07:50:26,389 INFO o.a.j.e.u.CompoundVariable: Note: Function class names must contain the string: '.functions.'
2026-09-10 07:50:26,389 INFO o.a.j.e.u.CompoundVariable: Note: Function class names must not contain the string: '.gui.'
2026-09-10 07:50:26,630 INFO o.a.j.JMeter: Running test (1789037426630)
2026-09-10 07:50:26,653 INFO o.a.j.e.StandardJMeterEngine: Starting ThreadGroup: 1 : TCC order-show
2026-09-10 07:50:26,653 INFO o.a.j.e.StandardJMeterEngine: Starting 100 threads for group TCC order-show.
2026-09-10 07:50:26,653 INFO o.a.j.e.StandardJMeterEngine: Thread will continue on error
2026-09-10 07:50:26,654 INFO o.a.j.t.ThreadGroup: Starting thread group... number=1 threads=100 ramp-up=0 delayedStart=false
2026-09-10 07:50:26,660 INFO o.a.j.t.JMeterThread: Thread started: TCC order-show 1-3
2026-09-10 07:50:26,660 INFO o.a.j.t.JMeterThread: Thread started: TCC order-show 1-1
2026-09-10 07:50:26,660 INFO o.a.j.t.JMeterThread: Thread started: TCC order-show 1-2
2026-09-10 07:50:26,660 INFO o.a.j.t.JMeterThread: Thread started: TCC order-show 1-4
2026-09-10 07:50:26,661 INFO o.a.j.t.JMeterThread: Thread started: TCC order-show 1-5
2026-09-10 07:50:26,661 INFO o.a.j.t.JMeterThread: Thread started: TCC order-show 1-6
2026-09-10 07:50:26,662 INFO o.a.j.t.JMeterThread: Thread started: TCC order-show 1-7
2026-09-10 07:50:26,663 INFO o.a.j.t.JMeterThread: Thread started: TCC order-show 1-8
2026-09-10 07:50:26,663 INFO o.a.j.t.JMeterThread: Thread started: TCC order-show 1-9
2026-09-10 07:50:26,664 INFO o.a.j.t.JMeterThread: Thread started: TCC order-show 1-10
2026-09-10 07:50:26,664 INFO o.a.j.t.JMeterThread: Thread started: TCC order-show 1-11
2026-09-10 07:50:26,665 INFO o.a.j.t.JMeterThread: Thread started: TCC order-show 1-12
2026-09-10 07:50:26,667 INFO o.a.j.t.JMeterThread: Thread started: TCC order-show 1-13
2026-09-10 07:50:26,668 INFO o.a.j.t.JMeterThread: Thread started: TCC order-show 1-14
2026-09-10 07:50:26,669 INFO o.a.j.t.JMeterThread: Thread started: TCC order-show 1-15
2026-09-10 07:50:26,670 INFO o.a.j.t.JMeterThread: Thread started: TCC order-show 1-16
2026-09-10 07:50:26,670 INFO o.a.j.t.JMeterThread: Thread started: TCC order-show 1-17
2026-09-10 07:50:26,671 INFO o.a.j.t.JMeterThread: Thread started: TCC order-show 1-18
2026-09-10 07:50:26,671 INFO o.a.j.t.JMeterThread: Thread started: TCC order-show 1-19
2026-09-10 07:50:26,672 INFO o.a.j.t.JMeterThread: Thread started: TCC order-show 1-20
2026-09-10 07:50:26,672 INFO o.a.j.t.JMeterThread: Thread started: TCC order-show 1-21
2026-09-10 07:50:26,673 INFO o.a.j.t.JMeterThread: Thread started: TCC order-show 1-22
2026-09-10 07:50:26,674 INFO o.a.j.t.JMeterThread: Thread started: TCC order-show 1-23
2026-09-10 07:50:26,675 INFO o.a.j.t.JMeterThread: Thread started: TCC order-show 1-25
2026-09-10 07:50:26,674 INFO o.a.j.t.JMeterThread: Thread started: TCC order-show 1-24
2026-09-10 07:50:26,675 INFO o.a.j.t.JMeterThread: Thread started: TCC order-show 1-26
2026-09-10 07:50:26,675 INFO o.a.j.t.JMeterThread: Thread started: TCC order-show 1-27
2026-09-10 07:50:26,676 INFO o.a.j.t.JMeterThread: Thread started: TCC order-show 1-28
2026-09-10 07:50:26,677 INFO o.a.j.t.JMeterThread: Thread started: TCC order-show 1-29
2026-09-10 07:50:26,677 INFO o.a.j.t.JMeterThread: Thread started: TCC order-show 1-30
2026-09-10 07:50:26,677 INFO o.a.j.t.JMeterThread: Thread started: TCC order-show 1-31
2026-09-10 07:50:26,678 INFO o.a.j.t.JMeterThread: Thread started: TCC order-show 1-32
2026-09-10 07:50:26,678 INFO o.a.j.t.JMeterThread: Thread started: TCC order-show 1-33
2026-09-10 07:50:26,679 INFO o.a.j.t.JMeterThread: Thread started: TCC order-show 1-35
2026-09-10 07:50:26,679 INFO o.a.j.t.JMeterThread: Thread started: TCC order-show 1-34
2026-09-10 07:50:26,679 INFO o.a.j.t.JMeterThread: Thread started: TCC order-show 1-36
2026-09-10 07:50:26,680 INFO o.a.j.t.JMeterThread: Thread started: TCC order-show 1-37
2026-09-10 07:50:26,680 INFO o.a.j.t.JMeterThread: Thread started: TCC order-show 1-38
2026-09-10 07:50:26,680 INFO o.a.j.t.JMeterThread: Thread started: TCC order-show 1-39
2026-09-10 07:50:26,681 INFO o.a.j.t.JMeterThread: Thread started: TCC order-show 1-40
2026-09-10 07:50:26,682 INFO o.a.j.t.JMeterThread: Thread started: TCC order-show 1-41
2026-09-10 07:50:26,683 INFO o.a.j.t.JMeterThread: Thread started: TCC order-show 1-42
2026-09-10 07:50:26,683 INFO o.a.j.t.JMeterThread: Thread started: TCC order-show 1-44
2026-09-10 07:50:26,684 INFO o.a.j.t.JMeterThread: Thread started: TCC order-show 1-45
2026-09-10 07:50:26,683 INFO o.a.j.t.JMeterThread: Thread started: TCC order-show 1-43
2026-09-10 07:50:26,684 INFO o.a.j.t.JMeterThread: Thread started: TCC order-show 1-46
2026-09-10 07:50:26,684 INFO o.a.j.t.JMeterThread: Thread started: TCC order-show 1-47
2026-09-10 07:50:26,685 INFO o.a.j.t.JMeterThread: Thread started: TCC order-show 1-48
2026-09-10 07:50:26,685 INFO o.a.j.t.JMeterThread: Thread started: TCC order-show 1-49
2026-09-10 07:50:26,685 INFO o.a.j.t.JMeterThread: Thread started: TCC order-show 1-50
2026-09-10 07:50:26,686 INFO o.a.j.t.JMeterThread: Thread started: TCC order-show 1-51
2026-09-10 07:50:26,686 INFO o.a.j.t.JMeterThread: Thread started: TCC order-show 1-52
2026-09-10 07:50:26,687 INFO o.a.j.t.JMeterThread: Thread started: TCC order-show 1-53
2026-09-10 07:50:26,687 INFO o.a.j.t.JMeterThread: Thread started: TCC order-show 1-54
2026-09-10 07:50:26,687 INFO o.a.j.t.JMeterThread: Thread started: TCC order-show 1-56
2026-09-10 07:50:26,687 INFO o.a.j.t.JMeterThread: Thread started: TCC order-show 1-55
2026-09-10 07:50:26,688 INFO o.a.j.t.JMeterThread: Thread started: TCC order-show 1-57
2026-09-10 07:50:26,688 INFO o.a.j.t.JMeterThread: Thread started: TCC order-show 1-58
2026-09-10 07:50:26,689 INFO o.a.j.t.JMeterThread: Thread started: TCC order-show 1-59
2026-09-10 07:50:26,689 INFO o.a.j.p.h.s.HTTPHCAbstractImpl: Local host = pop-os
2026-09-10 07:50:26,689 INFO o.a.j.t.JMeterThread: Thread started: TCC order-show 1-60
2026-09-10 07:50:26,690 INFO o.a.j.t.JMeterThread: Thread started: TCC order-show 1-61
2026-09-10 07:50:26,690 INFO o.a.j.t.JMeterThread: Thread started: TCC order-show 1-62
2026-09-10 07:50:26,691 INFO o.a.j.t.JMeterThread: Thread started: TCC order-show 1-63
2026-09-10 07:50:26,691 INFO o.a.j.t.JMeterThread: Thread started: TCC order-show 1-64
2026-09-10 07:50:26,692 INFO o.a.j.t.JMeterThread: Thread started: TCC order-show 1-65
2026-09-10 07:50:26,692 INFO o.a.j.t.JMeterThread: Thread started: TCC order-show 1-66
2026-09-10 07:50:26,692 INFO o.a.j.t.JMeterThread: Thread started: TCC order-show 1-67
2026-09-10 07:50:26,693 INFO o.a.j.t.JMeterThread: Thread started: TCC order-show 1-68
2026-09-10 07:50:26,693 INFO o.a.j.t.JMeterThread: Thread started: TCC order-show 1-69
2026-09-10 07:50:26,693 INFO o.a.j.t.JMeterThread: Thread started: TCC order-show 1-70
2026-09-10 07:50:26,694 INFO o.a.j.t.JMeterThread: Thread started: TCC order-show 1-71
2026-09-10 07:50:26,694 INFO o.a.j.t.JMeterThread: Thread started: TCC order-show 1-72
2026-09-10 07:50:26,694 INFO o.a.j.t.JMeterThread: Thread started: TCC order-show 1-73
2026-09-10 07:50:26,695 INFO o.a.j.t.JMeterThread: Thread started: TCC order-show 1-74
2026-09-10 07:50:26,695 INFO o.a.j.t.JMeterThread: Thread started: TCC order-show 1-75
2026-09-10 07:50:26,695 INFO o.a.j.t.JMeterThread: Thread started: TCC order-show 1-76
2026-09-10 07:50:26,696 INFO o.a.j.t.JMeterThread: Thread started: TCC order-show 1-77
2026-09-10 07:50:26,696 INFO o.a.j.t.JMeterThread: Thread started: TCC order-show 1-78
2026-09-10 07:50:26,697 INFO o.a.j.t.JMeterThread: Thread started: TCC order-show 1-79
2026-09-10 07:50:26,697 INFO o.a.j.t.JMeterThread: Thread started: TCC order-show 1-80
2026-09-10 07:50:26,697 INFO o.a.j.t.JMeterThread: Thread started: TCC order-show 1-81
2026-09-10 07:50:26,697 INFO o.a.j.t.JMeterThread: Thread started: TCC order-show 1-82
2026-09-10 07:50:26,698 INFO o.a.j.t.JMeterThread: Thread started: TCC order-show 1-83
2026-09-10 07:50:26,699 INFO o.a.j.t.JMeterThread: Thread started: TCC order-show 1-84
2026-09-10 07:50:26,699 INFO o.a.j.t.JMeterThread: Thread started: TCC order-show 1-85
2026-09-10 07:50:26,699 INFO o.a.j.t.JMeterThread: Thread started: TCC order-show 1-86
2026-09-10 07:50:26,700 INFO o.a.j.t.JMeterThread: Thread started: TCC order-show 1-87
2026-09-10 07:50:26,700 INFO o.a.j.t.JMeterThread: Thread started: TCC order-show 1-88
2026-09-10 07:50:26,700 INFO o.a.j.t.JMeterThread: Thread started: TCC order-show 1-89
2026-09-10 07:50:26,700 INFO o.a.j.t.JMeterThread: Thread started: TCC order-show 1-90
2026-09-10 07:50:26,701 INFO o.a.j.t.JMeterThread: Thread started: TCC order-show 1-91
2026-09-10 07:50:26,701 INFO o.a.j.t.JMeterThread: Thread started: TCC order-show 1-92
2026-09-10 07:50:26,701 INFO o.a.j.t.JMeterThread: Thread started: TCC order-show 1-93
2026-09-10 07:50:26,702 INFO o.a.j.t.JMeterThread: Thread started: TCC order-show 1-94
2026-09-10 07:50:26,702 INFO o.a.j.p.h.s.HTTPHC4Impl: HTTP request retry count = 0
2026-09-10 07:50:26,702 INFO o.a.j.t.JMeterThread: Thread started: TCC order-show 1-95
2026-09-10 07:50:26,702 INFO o.a.j.t.JMeterThread: Thread started: TCC order-show 1-96
2026-09-10 07:50:26,702 INFO o.a.j.t.JMeterThread: Thread started: TCC order-show 1-97
2026-09-10 07:50:26,703 INFO o.a.j.t.JMeterThread: Thread started: TCC order-show 1-98
2026-09-10 07:50:26,704 INFO o.a.j.t.JMeterThread: Thread started: TCC order-show 1-99
2026-09-10 07:50:26,704 INFO o.a.j.s.SampleResult: Note: Sample TimeStamps are START times
2026-09-10 07:50:26,704 INFO o.a.j.s.SampleResult: sampleresult.default.encoding is set to UTF-8
2026-09-10 07:50:26,704 INFO o.a.j.s.SampleResult: sampleresult.useNanoTime=true
2026-09-10 07:50:26,704 INFO o.a.j.t.ThreadGroup: Started thread group number 1
2026-09-10 07:50:26,704 INFO o.a.j.s.SampleResult: sampleresult.nanoThreadSleep=5000
2026-09-10 07:50:26,705 INFO o.a.j.e.StandardJMeterEngine: All thread groups have been started
2026-09-10 07:50:26,705 INFO o.a.j.t.JMeterThread: Thread started: TCC order-show 1-100
2026-09-10 07:50:30,004 INFO o.a.j.r.Summariser: summary +    361 in 00:00:03 =  107.1/s Avg:   644 Min:    95 Max:  1214 Err:     0 (0.00%) Active: 100 Started: 100 Finished: 0
2026-09-10 07:51:00,004 INFO o.a.j.r.Summariser: summary +   4203 in 00:00:30 =  140.1/s Avg:   713 Min:   688 Max:   780 Err:     0 (0.00%) Active: 100 Started: 100 Finished: 0
2026-09-10 07:51:00,004 INFO o.a.j.r.Summariser: summary =   4564 in 00:00:33 =  136.8/s Avg:   708 Min:    95 Max:  1214 Err:     0 (0.00%)
2026-09-10 07:51:30,001 INFO o.a.j.r.Summariser: summary +   4279 in 00:00:30 =  142.7/s Avg:   700 Min:   677 Max:   731 Err:     0 (0.00%) Active: 100 Started: 100 Finished: 0
2026-09-10 07:51:30,001 INFO o.a.j.r.Summariser: summary =   8843 in 00:01:03 =  139.5/s Avg:   704 Min:    95 Max:  1214 Err:     0 (0.00%)
2026-09-10 07:52:00,005 INFO o.a.j.r.Summariser: summary +   4308 in 00:00:30 =  143.6/s Avg:   696 Min:   671 Max:   725 Err:     0 (0.00%) Active: 100 Started: 100 Finished: 0
2026-09-10 07:52:00,005 INFO o.a.j.r.Summariser: summary =  13151 in 00:01:33 =  140.8/s Avg:   701 Min:    95 Max:  1214 Err:     0 (0.00%)
2026-09-10 07:52:26,689 INFO o.a.j.t.JMeterThread: Stopping because end time detected by thread: TCC order-show 1-3
2026-09-10 07:52:26,689 INFO o.a.j.t.JMeterThread: Thread finished: TCC order-show 1-3
2026-09-10 07:52:26,696 INFO o.a.j.t.JMeterThread: Stopping because end time detected by thread: TCC order-show 1-41
2026-09-10 07:52:26,696 INFO o.a.j.t.JMeterThread: Thread finished: TCC order-show 1-41
2026-09-10 07:52:26,703 INFO o.a.j.t.JMeterThread: Stopping because end time detected by thread: TCC order-show 1-46
2026-09-10 07:52:26,703 INFO o.a.j.t.JMeterThread: Thread finished: TCC order-show 1-46
2026-09-10 07:52:26,710 INFO o.a.j.t.JMeterThread: Stopping because end time detected by thread: TCC order-show 1-23
2026-09-10 07:52:26,710 INFO o.a.j.t.JMeterThread: Thread finished: TCC order-show 1-23
2026-09-10 07:52:26,718 INFO o.a.j.t.JMeterThread: Stopping because end time detected by thread: TCC order-show 1-39
2026-09-10 07:52:26,718 INFO o.a.j.t.JMeterThread: Thread finished: TCC order-show 1-39
2026-09-10 07:52:26,725 INFO o.a.j.t.JMeterThread: Stopping because end time detected by thread: TCC order-show 1-50
2026-09-10 07:52:26,725 INFO o.a.j.t.JMeterThread: Thread finished: TCC order-show 1-50
2026-09-10 07:52:26,732 INFO o.a.j.t.JMeterThread: Stopping because end time detected by thread: TCC order-show 1-10
2026-09-10 07:52:26,732 INFO o.a.j.t.JMeterThread: Thread finished: TCC order-show 1-10
2026-09-10 07:52:26,739 INFO o.a.j.t.JMeterThread: Stopping because end time detected by thread: TCC order-show 1-65
2026-09-10 07:52:26,739 INFO o.a.j.t.JMeterThread: Thread finished: TCC order-show 1-65
2026-09-10 07:52:26,746 INFO o.a.j.t.JMeterThread: Stopping because end time detected by thread: TCC order-show 1-84
2026-09-10 07:52:26,746 INFO o.a.j.t.JMeterThread: Thread finished: TCC order-show 1-84
2026-09-10 07:52:26,753 INFO o.a.j.t.JMeterThread: Stopping because end time detected by thread: TCC order-show 1-8
2026-09-10 07:52:26,754 INFO o.a.j.t.JMeterThread: Thread finished: TCC order-show 1-8
2026-09-10 07:52:26,760 INFO o.a.j.t.JMeterThread: Stopping because end time detected by thread: TCC order-show 1-36
2026-09-10 07:52:26,760 INFO o.a.j.t.JMeterThread: Thread finished: TCC order-show 1-36
2026-09-10 07:52:26,767 INFO o.a.j.t.JMeterThread: Stopping because end time detected by thread: TCC order-show 1-1
2026-09-10 07:52:26,768 INFO o.a.j.t.JMeterThread: Thread finished: TCC order-show 1-1
2026-09-10 07:52:26,774 INFO o.a.j.t.JMeterThread: Stopping because end time detected by thread: TCC order-show 1-80
2026-09-10 07:52:26,774 INFO o.a.j.t.JMeterThread: Thread finished: TCC order-show 1-80
2026-09-10 07:52:26,781 INFO o.a.j.t.JMeterThread: Stopping because end time detected by thread: TCC order-show 1-13
2026-09-10 07:52:26,781 INFO o.a.j.t.JMeterThread: Thread finished: TCC order-show 1-13
2026-09-10 07:52:26,788 INFO o.a.j.t.JMeterThread: Stopping because end time detected by thread: TCC order-show 1-78
2026-09-10 07:52:26,788 INFO o.a.j.t.JMeterThread: Thread finished: TCC order-show 1-78
2026-09-10 07:52:26,795 INFO o.a.j.t.JMeterThread: Stopping because end time detected by thread: TCC order-show 1-63
2026-09-10 07:52:26,795 INFO o.a.j.t.JMeterThread: Thread finished: TCC order-show 1-63
2026-09-10 07:52:26,801 INFO o.a.j.t.JMeterThread: Stopping because end time detected by thread: TCC order-show 1-61
2026-09-10 07:52:26,801 INFO o.a.j.t.JMeterThread: Thread finished: TCC order-show 1-61
2026-09-10 07:52:26,808 INFO o.a.j.t.JMeterThread: Stopping because end time detected by thread: TCC order-show 1-43
2026-09-10 07:52:26,808 INFO o.a.j.t.JMeterThread: Thread finished: TCC order-show 1-43
2026-09-10 07:52:26,815 INFO o.a.j.t.JMeterThread: Stopping because end time detected by thread: TCC order-show 1-66
2026-09-10 07:52:26,815 INFO o.a.j.t.JMeterThread: Thread finished: TCC order-show 1-66
2026-09-10 07:52:26,822 INFO o.a.j.t.JMeterThread: Stopping because end time detected by thread: TCC order-show 1-14
2026-09-10 07:52:26,823 INFO o.a.j.t.JMeterThread: Thread finished: TCC order-show 1-14
2026-09-10 07:52:26,830 INFO o.a.j.t.JMeterThread: Stopping because end time detected by thread: TCC order-show 1-49
2026-09-10 07:52:26,830 INFO o.a.j.t.JMeterThread: Thread finished: TCC order-show 1-49
2026-09-10 07:52:26,837 INFO o.a.j.t.JMeterThread: Stopping because end time detected by thread: TCC order-show 1-98
2026-09-10 07:52:26,837 INFO o.a.j.t.JMeterThread: Thread finished: TCC order-show 1-98
2026-09-10 07:52:26,845 INFO o.a.j.t.JMeterThread: Stopping because end time detected by thread: TCC order-show 1-82
2026-09-10 07:52:26,845 INFO o.a.j.t.JMeterThread: Thread finished: TCC order-show 1-82
2026-09-10 07:52:26,851 INFO o.a.j.t.JMeterThread: Stopping because end time detected by thread: TCC order-show 1-24
2026-09-10 07:52:26,852 INFO o.a.j.t.JMeterThread: Thread finished: TCC order-show 1-24
2026-09-10 07:52:26,858 INFO o.a.j.t.JMeterThread: Stopping because end time detected by thread: TCC order-show 1-92
2026-09-10 07:52:26,858 INFO o.a.j.t.JMeterThread: Thread finished: TCC order-show 1-92
2026-09-10 07:52:26,866 INFO o.a.j.t.JMeterThread: Stopping because end time detected by thread: TCC order-show 1-91
2026-09-10 07:52:26,866 INFO o.a.j.t.JMeterThread: Thread finished: TCC order-show 1-91
2026-09-10 07:52:26,873 INFO o.a.j.t.JMeterThread: Stopping because end time detected by thread: TCC order-show 1-58
2026-09-10 07:52:26,873 INFO o.a.j.t.JMeterThread: Thread finished: TCC order-show 1-58
2026-09-10 07:52:26,880 INFO o.a.j.t.JMeterThread: Stopping because end time detected by thread: TCC order-show 1-33
2026-09-10 07:52:26,880 INFO o.a.j.t.JMeterThread: Thread finished: TCC order-show 1-33
2026-09-10 07:52:26,887 INFO o.a.j.t.JMeterThread: Stopping because end time detected by thread: TCC order-show 1-34
2026-09-10 07:52:26,887 INFO o.a.j.t.JMeterThread: Thread finished: TCC order-show 1-34
2026-09-10 07:52:26,895 INFO o.a.j.t.JMeterThread: Stopping because end time detected by thread: TCC order-show 1-97
2026-09-10 07:52:26,895 INFO o.a.j.t.JMeterThread: Thread finished: TCC order-show 1-97
2026-09-10 07:52:26,902 INFO o.a.j.t.JMeterThread: Stopping because end time detected by thread: TCC order-show 1-9
2026-09-10 07:52:26,902 INFO o.a.j.t.JMeterThread: Thread finished: TCC order-show 1-9
2026-09-10 07:52:26,909 INFO o.a.j.t.JMeterThread: Stopping because end time detected by thread: TCC order-show 1-81
2026-09-10 07:52:26,909 INFO o.a.j.t.JMeterThread: Thread finished: TCC order-show 1-81
2026-09-10 07:52:26,915 INFO o.a.j.t.JMeterThread: Stopping because end time detected by thread: TCC order-show 1-100
2026-09-10 07:52:26,916 INFO o.a.j.t.JMeterThread: Thread finished: TCC order-show 1-100
2026-09-10 07:52:26,922 INFO o.a.j.t.JMeterThread: Stopping because end time detected by thread: TCC order-show 1-68
2026-09-10 07:52:26,923 INFO o.a.j.t.JMeterThread: Thread finished: TCC order-show 1-68
2026-09-10 07:52:26,929 INFO o.a.j.t.JMeterThread: Stopping because end time detected by thread: TCC order-show 1-30
2026-09-10 07:52:26,929 INFO o.a.j.t.JMeterThread: Thread finished: TCC order-show 1-30
2026-09-10 07:52:26,937 INFO o.a.j.t.JMeterThread: Stopping because end time detected by thread: TCC order-show 1-59
2026-09-10 07:52:26,937 INFO o.a.j.t.JMeterThread: Thread finished: TCC order-show 1-59
2026-09-10 07:52:26,944 INFO o.a.j.t.JMeterThread: Stopping because end time detected by thread: TCC order-show 1-22
2026-09-10 07:52:26,944 INFO o.a.j.t.JMeterThread: Thread finished: TCC order-show 1-22
2026-09-10 07:52:26,951 INFO o.a.j.t.JMeterThread: Stopping because end time detected by thread: TCC order-show 1-94
2026-09-10 07:52:26,951 INFO o.a.j.t.JMeterThread: Thread finished: TCC order-show 1-94
2026-09-10 07:52:26,958 INFO o.a.j.t.JMeterThread: Stopping because end time detected by thread: TCC order-show 1-93
2026-09-10 07:52:26,958 INFO o.a.j.t.JMeterThread: Thread finished: TCC order-show 1-93
2026-09-10 07:52:26,964 INFO o.a.j.t.JMeterThread: Stopping because end time detected by thread: TCC order-show 1-21
2026-09-10 07:52:26,965 INFO o.a.j.t.JMeterThread: Thread finished: TCC order-show 1-21
2026-09-10 07:52:26,971 INFO o.a.j.t.JMeterThread: Stopping because end time detected by thread: TCC order-show 1-90
2026-09-10 07:52:26,972 INFO o.a.j.t.JMeterThread: Thread finished: TCC order-show 1-90
2026-09-10 07:52:26,978 INFO o.a.j.t.JMeterThread: Stopping because end time detected by thread: TCC order-show 1-17
2026-09-10 07:52:26,979 INFO o.a.j.t.JMeterThread: Thread finished: TCC order-show 1-17
2026-09-10 07:52:26,985 INFO o.a.j.t.JMeterThread: Stopping because end time detected by thread: TCC order-show 1-52
2026-09-10 07:52:26,986 INFO o.a.j.t.JMeterThread: Thread finished: TCC order-show 1-52
2026-09-10 07:52:26,993 INFO o.a.j.t.JMeterThread: Stopping because end time detected by thread: TCC order-show 1-62
2026-09-10 07:52:26,993 INFO o.a.j.t.JMeterThread: Thread finished: TCC order-show 1-62
2026-09-10 07:52:27,000 INFO o.a.j.t.JMeterThread: Stopping because end time detected by thread: TCC order-show 1-40
2026-09-10 07:52:27,000 INFO o.a.j.t.JMeterThread: Thread finished: TCC order-show 1-40
2026-09-10 07:52:27,007 INFO o.a.j.t.JMeterThread: Stopping because end time detected by thread: TCC order-show 1-74
2026-09-10 07:52:27,008 INFO o.a.j.t.JMeterThread: Thread finished: TCC order-show 1-74
2026-09-10 07:52:27,015 INFO o.a.j.t.JMeterThread: Stopping because end time detected by thread: TCC order-show 1-35
2026-09-10 07:52:27,015 INFO o.a.j.t.JMeterThread: Thread finished: TCC order-show 1-35
2026-09-10 07:52:27,022 INFO o.a.j.t.JMeterThread: Stopping because end time detected by thread: TCC order-show 1-45
2026-09-10 07:52:27,022 INFO o.a.j.t.JMeterThread: Thread finished: TCC order-show 1-45
2026-09-10 07:52:27,029 INFO o.a.j.t.JMeterThread: Stopping because end time detected by thread: TCC order-show 1-67
2026-09-10 07:52:27,029 INFO o.a.j.t.JMeterThread: Thread finished: TCC order-show 1-67
2026-09-10 07:52:27,036 INFO o.a.j.t.JMeterThread: Stopping because end time detected by thread: TCC order-show 1-47
2026-09-10 07:52:27,036 INFO o.a.j.t.JMeterThread: Thread finished: TCC order-show 1-47
2026-09-10 07:52:27,043 INFO o.a.j.t.JMeterThread: Stopping because end time detected by thread: TCC order-show 1-5
2026-09-10 07:52:27,043 INFO o.a.j.t.JMeterThread: Thread finished: TCC order-show 1-5
2026-09-10 07:52:27,051 INFO o.a.j.t.JMeterThread: Stopping because end time detected by thread: TCC order-show 1-28
2026-09-10 07:52:27,051 INFO o.a.j.t.JMeterThread: Thread finished: TCC order-show 1-28
2026-09-10 07:52:27,058 INFO o.a.j.t.JMeterThread: Stopping because end time detected by thread: TCC order-show 1-56
2026-09-10 07:52:27,058 INFO o.a.j.t.JMeterThread: Thread finished: TCC order-show 1-56
2026-09-10 07:52:27,065 INFO o.a.j.t.JMeterThread: Stopping because end time detected by thread: TCC order-show 1-38
2026-09-10 07:52:27,065 INFO o.a.j.t.JMeterThread: Thread finished: TCC order-show 1-38
2026-09-10 07:52:27,073 INFO o.a.j.t.JMeterThread: Stopping because end time detected by thread: TCC order-show 1-89
2026-09-10 07:52:27,073 INFO o.a.j.t.JMeterThread: Thread finished: TCC order-show 1-89
2026-09-10 07:52:27,080 INFO o.a.j.t.JMeterThread: Stopping because end time detected by thread: TCC order-show 1-55
2026-09-10 07:52:27,080 INFO o.a.j.t.JMeterThread: Thread finished: TCC order-show 1-55
2026-09-10 07:52:27,088 INFO o.a.j.t.JMeterThread: Stopping because end time detected by thread: TCC order-show 1-64
2026-09-10 07:52:27,088 INFO o.a.j.t.JMeterThread: Thread finished: TCC order-show 1-64
2026-09-10 07:52:27,094 INFO o.a.j.t.JMeterThread: Stopping because end time detected by thread: TCC order-show 1-16
2026-09-10 07:52:27,094 INFO o.a.j.t.JMeterThread: Thread finished: TCC order-show 1-16
2026-09-10 07:52:27,102 INFO o.a.j.t.JMeterThread: Stopping because end time detected by thread: TCC order-show 1-71
2026-09-10 07:52:27,102 INFO o.a.j.t.JMeterThread: Thread finished: TCC order-show 1-71
2026-09-10 07:52:27,109 INFO o.a.j.t.JMeterThread: Stopping because end time detected by thread: TCC order-show 1-76
2026-09-10 07:52:27,109 INFO o.a.j.t.JMeterThread: Thread finished: TCC order-show 1-76
2026-09-10 07:52:27,116 INFO o.a.j.t.JMeterThread: Stopping because end time detected by thread: TCC order-show 1-85
2026-09-10 07:52:27,116 INFO o.a.j.t.JMeterThread: Thread finished: TCC order-show 1-85
2026-09-10 07:52:27,123 INFO o.a.j.t.JMeterThread: Stopping because end time detected by thread: TCC order-show 1-72
2026-09-10 07:52:27,123 INFO o.a.j.t.JMeterThread: Thread finished: TCC order-show 1-72
2026-09-10 07:52:27,130 INFO o.a.j.t.JMeterThread: Stopping because end time detected by thread: TCC order-show 1-29
2026-09-10 07:52:27,130 INFO o.a.j.t.JMeterThread: Thread finished: TCC order-show 1-29
2026-09-10 07:52:27,137 INFO o.a.j.t.JMeterThread: Stopping because end time detected by thread: TCC order-show 1-75
2026-09-10 07:52:27,137 INFO o.a.j.t.JMeterThread: Thread finished: TCC order-show 1-75
2026-09-10 07:52:27,144 INFO o.a.j.t.JMeterThread: Stopping because end time detected by thread: TCC order-show 1-32
2026-09-10 07:52:27,144 INFO o.a.j.t.JMeterThread: Thread finished: TCC order-show 1-32
2026-09-10 07:52:27,151 INFO o.a.j.t.JMeterThread: Stopping because end time detected by thread: TCC order-show 1-87
2026-09-10 07:52:27,151 INFO o.a.j.t.JMeterThread: Thread finished: TCC order-show 1-87
2026-09-10 07:52:27,158 INFO o.a.j.t.JMeterThread: Stopping because end time detected by thread: TCC order-show 1-86
2026-09-10 07:52:27,158 INFO o.a.j.t.JMeterThread: Thread finished: TCC order-show 1-86
2026-09-10 07:52:27,165 INFO o.a.j.t.JMeterThread: Stopping because end time detected by thread: TCC order-show 1-51
2026-09-10 07:52:27,165 INFO o.a.j.t.JMeterThread: Thread finished: TCC order-show 1-51
2026-09-10 07:52:27,172 INFO o.a.j.t.JMeterThread: Stopping because end time detected by thread: TCC order-show 1-99
2026-09-10 07:52:27,172 INFO o.a.j.t.JMeterThread: Thread finished: TCC order-show 1-99
2026-09-10 07:52:27,179 INFO o.a.j.t.JMeterThread: Stopping because end time detected by thread: TCC order-show 1-6
2026-09-10 07:52:27,179 INFO o.a.j.t.JMeterThread: Thread finished: TCC order-show 1-6
2026-09-10 07:52:27,186 INFO o.a.j.t.JMeterThread: Stopping because end time detected by thread: TCC order-show 1-48
2026-09-10 07:52:27,186 INFO o.a.j.t.JMeterThread: Thread finished: TCC order-show 1-48
2026-09-10 07:52:27,193 INFO o.a.j.t.JMeterThread: Stopping because end time detected by thread: TCC order-show 1-25
2026-09-10 07:52:27,194 INFO o.a.j.t.JMeterThread: Thread finished: TCC order-show 1-25
2026-09-10 07:52:27,200 INFO o.a.j.t.JMeterThread: Stopping because end time detected by thread: TCC order-show 1-60
2026-09-10 07:52:27,200 INFO o.a.j.t.JMeterThread: Thread finished: TCC order-show 1-60
2026-09-10 07:52:27,207 INFO o.a.j.t.JMeterThread: Stopping because end time detected by thread: TCC order-show 1-54
2026-09-10 07:52:27,207 INFO o.a.j.t.JMeterThread: Thread finished: TCC order-show 1-54
2026-09-10 07:52:27,214 INFO o.a.j.t.JMeterThread: Stopping because end time detected by thread: TCC order-show 1-83
2026-09-10 07:52:27,214 INFO o.a.j.t.JMeterThread: Thread finished: TCC order-show 1-83
2026-09-10 07:52:27,221 INFO o.a.j.t.JMeterThread: Stopping because end time detected by thread: TCC order-show 1-37
2026-09-10 07:52:27,221 INFO o.a.j.t.JMeterThread: Thread finished: TCC order-show 1-37
2026-09-10 07:52:27,228 INFO o.a.j.t.JMeterThread: Stopping because end time detected by thread: TCC order-show 1-31
2026-09-10 07:52:27,228 INFO o.a.j.t.JMeterThread: Thread finished: TCC order-show 1-31
2026-09-10 07:52:27,235 INFO o.a.j.t.JMeterThread: Stopping because end time detected by thread: TCC order-show 1-19
2026-09-10 07:52:27,235 INFO o.a.j.t.JMeterThread: Thread finished: TCC order-show 1-19
2026-09-10 07:52:27,242 INFO o.a.j.t.JMeterThread: Stopping because end time detected by thread: TCC order-show 1-27
2026-09-10 07:52:27,242 INFO o.a.j.t.JMeterThread: Thread finished: TCC order-show 1-27
2026-09-10 07:52:27,249 INFO o.a.j.t.JMeterThread: Stopping because end time detected by thread: TCC order-show 1-69
2026-09-10 07:52:27,249 INFO o.a.j.t.JMeterThread: Thread finished: TCC order-show 1-69
2026-09-10 07:52:27,255 INFO o.a.j.t.JMeterThread: Stopping because end time detected by thread: TCC order-show 1-73
2026-09-10 07:52:27,255 INFO o.a.j.t.JMeterThread: Thread finished: TCC order-show 1-73
2026-09-10 07:52:27,262 INFO o.a.j.t.JMeterThread: Stopping because end time detected by thread: TCC order-show 1-4
2026-09-10 07:52:27,262 INFO o.a.j.t.JMeterThread: Thread finished: TCC order-show 1-4
2026-09-10 07:52:27,269 INFO o.a.j.t.JMeterThread: Stopping because end time detected by thread: TCC order-show 1-2
2026-09-10 07:52:27,269 INFO o.a.j.t.JMeterThread: Thread finished: TCC order-show 1-2
2026-09-10 07:52:27,276 INFO o.a.j.t.JMeterThread: Stopping because end time detected by thread: TCC order-show 1-88
2026-09-10 07:52:27,276 INFO o.a.j.t.JMeterThread: Thread finished: TCC order-show 1-88
2026-09-10 07:52:27,283 INFO o.a.j.t.JMeterThread: Stopping because end time detected by thread: TCC order-show 1-7
2026-09-10 07:52:27,283 INFO o.a.j.t.JMeterThread: Thread finished: TCC order-show 1-7
2026-09-10 07:52:27,291 INFO o.a.j.t.JMeterThread: Stopping because end time detected by thread: TCC order-show 1-42
2026-09-10 07:52:27,291 INFO o.a.j.t.JMeterThread: Thread finished: TCC order-show 1-42
2026-09-10 07:52:27,298 INFO o.a.j.t.JMeterThread: Stopping because end time detected by thread: TCC order-show 1-57
2026-09-10 07:52:27,298 INFO o.a.j.t.JMeterThread: Thread finished: TCC order-show 1-57
2026-09-10 07:52:27,305 INFO o.a.j.t.JMeterThread: Stopping because end time detected by thread: TCC order-show 1-53
2026-09-10 07:52:27,305 INFO o.a.j.t.JMeterThread: Thread finished: TCC order-show 1-53
2026-09-10 07:52:27,312 INFO o.a.j.t.JMeterThread: Stopping because end time detected by thread: TCC order-show 1-44
2026-09-10 07:52:27,312 INFO o.a.j.t.JMeterThread: Thread finished: TCC order-show 1-44
2026-09-10 07:52:27,320 INFO o.a.j.t.JMeterThread: Stopping because end time detected by thread: TCC order-show 1-11
2026-09-10 07:52:27,320 INFO o.a.j.t.JMeterThread: Thread finished: TCC order-show 1-11
2026-09-10 07:52:27,327 INFO o.a.j.t.JMeterThread: Stopping because end time detected by thread: TCC order-show 1-12
2026-09-10 07:52:27,327 INFO o.a.j.t.JMeterThread: Thread finished: TCC order-show 1-12
2026-09-10 07:52:27,334 INFO o.a.j.t.JMeterThread: Stopping because end time detected by thread: TCC order-show 1-70
2026-09-10 07:52:27,334 INFO o.a.j.t.JMeterThread: Thread finished: TCC order-show 1-70
2026-09-10 07:52:27,341 INFO o.a.j.t.JMeterThread: Stopping because end time detected by thread: TCC order-show 1-18
2026-09-10 07:52:27,341 INFO o.a.j.t.JMeterThread: Thread finished: TCC order-show 1-18
2026-09-10 07:52:27,348 INFO o.a.j.t.JMeterThread: Stopping because end time detected by thread: TCC order-show 1-20
2026-09-10 07:52:27,348 INFO o.a.j.t.JMeterThread: Thread finished: TCC order-show 1-20
2026-09-10 07:52:27,355 INFO o.a.j.t.JMeterThread: Stopping because end time detected by thread: TCC order-show 1-95
2026-09-10 07:52:27,355 INFO o.a.j.t.JMeterThread: Thread finished: TCC order-show 1-95
2026-09-10 07:52:27,362 INFO o.a.j.t.JMeterThread: Stopping because end time detected by thread: TCC order-show 1-15
2026-09-10 07:52:27,362 INFO o.a.j.t.JMeterThread: Thread finished: TCC order-show 1-15
2026-09-10 07:52:27,369 INFO o.a.j.t.JMeterThread: Stopping because end time detected by thread: TCC order-show 1-26
2026-09-10 07:52:27,369 INFO o.a.j.t.JMeterThread: Thread finished: TCC order-show 1-26
2026-09-10 07:52:27,376 INFO o.a.j.t.JMeterThread: Stopping because end time detected by thread: TCC order-show 1-77
2026-09-10 07:52:27,376 INFO o.a.j.t.JMeterThread: Thread finished: TCC order-show 1-77
2026-09-10 07:52:27,383 INFO o.a.j.t.JMeterThread: Stopping because end time detected by thread: TCC order-show 1-79
2026-09-10 07:52:27,383 INFO o.a.j.t.JMeterThread: Thread finished: TCC order-show 1-79
2026-09-10 07:52:27,390 INFO o.a.j.t.JMeterThread: Stopping because end time detected by thread: TCC order-show 1-96
2026-09-10 07:52:27,390 INFO o.a.j.t.JMeterThread: Thread finished: TCC order-show 1-96
2026-09-10 07:52:27,390 INFO o.a.j.e.StandardJMeterEngine: Notifying test listeners of end of test
2026-09-10 07:52:27,393 INFO o.a.j.r.Summariser: summary +   3937 in 00:00:27 =  143.7/s Avg:   695 Min:   670 Max:   722 Err:     0 (0.00%) Active: 0 Started: 100 Finished: 100
2026-09-10 07:52:27,393 INFO o.a.j.r.Summariser: summary =  17088 in 00:02:01 =  141.5/s Avg:   700 Min:    95 Max:  1214 Err:     0 (0.00%)
