2026-08-11 10:38:49,895 INFO o.a.j.u.JMeterUtils: Setting Locale to en_EN
2026-08-11 10:38:49,990 INFO o.a.j.JMeter: Loading user properties from: /opt/local/share/jmeter/bin/user.properties
2026-08-11 10:38:49,991 INFO o.a.j.JMeter: Loading system properties from: /opt/local/share/jmeter/bin/system.properties
2026-08-11 10:38:49,991 INFO o.a.j.JMeter: Loading additional properties from: /Users/devnit/Documents/projects/tcc-container/benchmark/jmeter/benchmark.properties
2026-08-11 10:38:50,002 INFO o.a.j.JMeter: Loading additional properties from: /private/tmp/tcc-benchmark-auth.xBoni4/auth.properties
2026-08-11 10:38:50,025 INFO o.a.j.JMeter: Loading additional properties from: /Users/devnit/Documents/projects/tcc-container/benchmark/results/pilot/products/c10/r1/microservices/thread-counters.properties
2026-08-11 10:38:50,026 INFO o.a.j.JMeter: Setting JMeter property: threads=10
2026-08-11 10:38:50,026 INFO o.a.j.JMeter: Setting JMeter property: duration_seconds=30
2026-08-11 10:38:50,026 INFO o.a.j.JMeter: Setting JMeter property: target_host=localhost
2026-08-11 10:38:50,027 INFO o.a.j.JMeter: Setting JMeter property: target_port=18080
2026-08-11 10:38:50,027 INFO o.a.j.JMeter: Setting JMeter property: tcc.order.id=20000000-0000-4000-8000-000000000001
2026-08-11 10:38:50,027 INFO o.a.j.JMeter: Setting JMeter property: repetition=1
2026-08-11 10:38:50,034 INFO o.a.j.JMeter: Copyright (c) 1998-2024 The Apache Software Foundation
2026-08-11 10:38:50,034 INFO o.a.j.JMeter: Version 5.6.3
2026-08-11 10:38:50,034 INFO o.a.j.JMeter: java.version=21.0.9
2026-08-11 10:38:50,034 INFO o.a.j.JMeter: java.vm.name=OpenJDK 64-Bit Server VM
2026-08-11 10:38:50,034 INFO o.a.j.JMeter: os.name=Mac OS X
2026-08-11 10:38:50,034 INFO o.a.j.JMeter: os.arch=x86_64
2026-08-11 10:38:50,034 INFO o.a.j.JMeter: os.version=10.15.7
2026-08-11 10:38:50,034 INFO o.a.j.JMeter: file.encoding=UTF-8
2026-08-11 10:38:50,034 INFO o.a.j.JMeter: java.awt.headless=true
2026-08-11 10:38:50,035 INFO o.a.j.JMeter: Max memory     =1073741824
2026-08-11 10:38:50,035 INFO o.a.j.JMeter: Available Processors =4
2026-08-11 10:38:50,045 INFO o.a.j.JMeter: Default Locale=English (EN)
2026-08-11 10:38:50,046 INFO o.a.j.JMeter: JMeter  Locale=English (EN)
2026-08-11 10:38:50,046 INFO o.a.j.JMeter: JMeterHome=/opt/local/share/jmeter
2026-08-11 10:38:50,046 INFO o.a.j.JMeter: user.dir  =/Users/devnit/Documents/projects/tcc-container
2026-08-11 10:38:50,046 INFO o.a.j.JMeter: PWD       =/Users/devnit/Documents/projects/tcc-container
2026-08-11 10:38:50,048 INFO o.a.j.JMeter: IP: 10.10.53.37 Name: PCTEL.idtech.br FullName: 10.10.53.37
2026-08-11 10:38:50,186 INFO o.a.j.s.FileServer: Default base='/Users/devnit/Documents/projects/tcc-container'
2026-08-11 10:38:50,189 INFO o.a.j.s.FileServer: Set new base='/Users/devnit/Documents/projects/tcc-container/benchmark/jmeter'
2026-08-11 10:38:54,084 INFO o.a.j.s.SaveService: Testplan (JMX) version: 2.2. Testlog (JTL) version: 2.2
2026-08-11 10:38:54,134 INFO o.a.j.s.SaveService: Using SaveService properties version 5.0
2026-08-11 10:38:54,137 INFO o.a.j.s.SaveService: Using SaveService properties file encoding UTF-8
2026-08-11 10:38:54,142 INFO o.a.j.s.SaveService: Loading file: /Users/devnit/Documents/projects/tcc-container/benchmark/jmeter/tcc-products-v1.jmx
2026-08-11 10:38:54,237 INFO o.a.j.p.h.s.HTTPSamplerBase: Parser for text/html is org.apache.jmeter.protocol.http.parser.LagartoBasedHtmlParser
2026-08-11 10:38:54,237 INFO o.a.j.p.h.s.HTTPSamplerBase: Parser for application/xhtml+xml is org.apache.jmeter.protocol.http.parser.LagartoBasedHtmlParser
2026-08-11 10:38:54,237 INFO o.a.j.p.h.s.HTTPSamplerBase: Parser for application/xml is org.apache.jmeter.protocol.http.parser.LagartoBasedHtmlParser
2026-08-11 10:38:54,237 INFO o.a.j.p.h.s.HTTPSamplerBase: Parser for text/xml is org.apache.jmeter.protocol.http.parser.LagartoBasedHtmlParser
2026-08-11 10:38:54,237 INFO o.a.j.p.h.s.HTTPSamplerBase: Parser for text/vnd.wap.wml is org.apache.jmeter.protocol.http.parser.RegexpHTMLParser
2026-08-11 10:38:54,238 INFO o.a.j.p.h.s.HTTPSamplerBase: Parser for text/css is org.apache.jmeter.protocol.http.parser.CssParser
2026-08-11 10:38:54,300 INFO o.a.j.JMeter: Creating summariser <summary>
2026-08-11 10:38:54,326 INFO o.a.j.e.StandardJMeterEngine: Running the test!
2026-08-11 10:38:54,327 INFO o.a.j.s.SampleEvent: List of sample_variables: []
2026-08-11 10:38:54,327 INFO o.a.j.s.SampleEvent: List of sample_variables: []
2026-08-11 10:38:54,332 INFO o.a.j.e.u.CompoundVariable: Note: Function class names must contain the string: '.functions.'
2026-08-11 10:38:54,332 INFO o.a.j.e.u.CompoundVariable: Note: Function class names must not contain the string: '.gui.'
2026-08-11 10:38:54,760 INFO o.a.j.JMeter: Running test (1786455534760)
2026-08-11 10:38:54,780 INFO o.a.j.e.StandardJMeterEngine: Starting ThreadGroup: 1 : TCC products
2026-08-11 10:38:54,781 INFO o.a.j.e.StandardJMeterEngine: Starting 10 threads for group TCC products.
2026-08-11 10:38:54,781 INFO o.a.j.e.StandardJMeterEngine: Thread will continue on error
2026-08-11 10:38:54,781 INFO o.a.j.t.ThreadGroup: Starting thread group... number=1 threads=10 ramp-up=0 delayedStart=false
2026-08-11 10:38:54,788 INFO o.a.j.t.JMeterThread: Thread started: TCC products 1-4
2026-08-11 10:38:54,788 INFO o.a.j.t.JMeterThread: Thread started: TCC products 1-2
2026-08-11 10:38:54,788 INFO o.a.j.t.JMeterThread: Thread started: TCC products 1-1
2026-08-11 10:38:54,788 INFO o.a.j.t.JMeterThread: Thread started: TCC products 1-3
2026-08-11 10:38:54,792 INFO o.a.j.t.JMeterThread: Thread started: TCC products 1-5
2026-08-11 10:38:54,793 INFO o.a.j.t.JMeterThread: Thread started: TCC products 1-6
2026-08-11 10:38:54,793 INFO o.a.j.t.JMeterThread: Thread started: TCC products 1-7
2026-08-11 10:38:54,795 INFO o.a.j.t.JMeterThread: Thread started: TCC products 1-8
2026-08-11 10:38:54,797 INFO o.a.j.t.JMeterThread: Thread started: TCC products 1-9
2026-08-11 10:38:54,798 INFO o.a.j.t.ThreadGroup: Started thread group number 1
2026-08-11 10:38:54,798 INFO o.a.j.e.StandardJMeterEngine: All thread groups have been started
2026-08-11 10:38:54,798 INFO o.a.j.t.JMeterThread: Thread started: TCC products 1-10
2026-08-11 10:38:54,818 INFO o.a.j.p.h.s.HTTPHCAbstractImpl: Local host = PCTEL.idtech.br
2026-08-11 10:38:54,826 INFO o.a.j.p.h.s.HTTPHC4Impl: HTTP request retry count = 0
2026-08-11 10:38:54,827 INFO o.a.j.s.SampleResult: Note: Sample TimeStamps are START times
2026-08-11 10:38:54,827 INFO o.a.j.s.SampleResult: sampleresult.default.encoding is set to UTF-8
2026-08-11 10:38:54,827 INFO o.a.j.s.SampleResult: sampleresult.useNanoTime=true
2026-08-11 10:38:54,827 INFO o.a.j.s.SampleResult: sampleresult.nanoThreadSleep=5000
2026-08-11 10:39:00,014 INFO o.a.j.r.Summariser: summary +    218 in 00:00:05 =   41.5/s Avg:   186 Min:    59 Max:   458 Err:     0 (0.00%) Active: 10 Started: 10 Finished: 0
2026-08-11 10:39:24,794 INFO o.a.j.t.JMeterThread: Stopping because end time detected by thread: TCC products 1-8
2026-08-11 10:39:24,821 INFO o.a.j.t.JMeterThread: Stopping because end time detected by thread: TCC products 1-4
2026-08-11 10:39:24,806 INFO o.a.j.t.JMeterThread: Stopping because end time detected by thread: TCC products 1-10
2026-08-11 10:39:24,869 INFO o.a.j.t.JMeterThread: Thread finished: TCC products 1-4
2026-08-11 10:39:24,869 INFO o.a.j.t.JMeterThread: Thread finished: TCC products 1-8
2026-08-11 10:39:24,869 INFO o.a.j.t.JMeterThread: Thread finished: TCC products 1-10
2026-08-11 10:39:24,870 INFO o.a.j.t.JMeterThread: Stopping because end time detected by thread: TCC products 1-1
2026-08-11 10:39:24,870 INFO o.a.j.t.JMeterThread: Stopping because end time detected by thread: TCC products 1-2
2026-08-11 10:39:24,870 INFO o.a.j.t.JMeterThread: Thread finished: TCC products 1-1
2026-08-11 10:39:24,870 INFO o.a.j.t.JMeterThread: Thread finished: TCC products 1-2
2026-08-11 10:39:24,872 INFO o.a.j.t.JMeterThread: Stopping because end time detected by thread: TCC products 1-9
2026-08-11 10:39:24,872 INFO o.a.j.t.JMeterThread: Thread finished: TCC products 1-9
2026-08-11 10:39:24,891 INFO o.a.j.t.JMeterThread: Stopping because end time detected by thread: TCC products 1-3
2026-08-11 10:39:24,891 INFO o.a.j.t.JMeterThread: Thread finished: TCC products 1-3
2026-08-11 10:39:24,904 INFO o.a.j.t.JMeterThread: Stopping because end time detected by thread: TCC products 1-6
2026-08-11 10:39:24,905 INFO o.a.j.t.JMeterThread: Thread finished: TCC products 1-6
2026-08-11 10:39:24,921 INFO o.a.j.t.JMeterThread: Stopping because end time detected by thread: TCC products 1-7
2026-08-11 10:39:24,921 INFO o.a.j.t.JMeterThread: Thread finished: TCC products 1-7
2026-08-11 10:39:24,933 INFO o.a.j.t.JMeterThread: Stopping because end time detected by thread: TCC products 1-5
2026-08-11 10:39:24,933 INFO o.a.j.t.JMeterThread: Thread finished: TCC products 1-5
2026-08-11 10:39:24,933 INFO o.a.j.e.StandardJMeterEngine: Notifying test listeners of end of test
2026-08-11 10:39:24,937 INFO o.a.j.r.Summariser: summary +   1373 in 00:00:25 =   55.1/s Avg:   180 Min:    47 Max:   630 Err:     0 (0.00%) Active: 0 Started: 10 Finished: 10
2026-08-11 10:39:24,937 INFO o.a.j.r.Summariser: summary =   1591 in 00:00:30 =   52.7/s Avg:   181 Min:    47 Max:   630 Err:     0 (0.00%)
