2026-09-10 02:31:05,045 INFO o.a.j.u.JMeterUtils: Setting Locale to en_EN
2026-09-10 02:31:05,062 INFO o.a.j.JMeter: Loading user properties from: /home/avituo/projects/tcc/tcc-container/.tools/apache-jmeter-5.6.3/bin/user.properties
2026-09-10 02:31:05,062 INFO o.a.j.JMeter: Loading system properties from: /home/avituo/projects/tcc/tcc-container/.tools/apache-jmeter-5.6.3/bin/system.properties
2026-09-10 02:31:05,062 INFO o.a.j.JMeter: Loading additional properties from: /home/avituo/projects/tcc/tcc-container/benchmark/jmeter/benchmark.properties
2026-09-10 02:31:05,062 INFO o.a.j.JMeter: Loading additional properties from: /tmp/tcc-benchmark-auth.62xPe2/auth.properties
2026-09-10 02:31:05,062 INFO o.a.j.JMeter: Loading additional properties from: /home/avituo/projects/tcc/tcc-container/benchmark/results/laravel-13.20.0/final/products/c50/r4/monolith/thread-counters.properties
2026-09-10 02:31:05,063 INFO o.a.j.JMeter: Setting JMeter property: threads=50
2026-09-10 02:31:05,063 INFO o.a.j.JMeter: Setting JMeter property: duration_seconds=120
2026-09-10 02:31:05,063 INFO o.a.j.JMeter: Setting JMeter property: target_host=localhost
2026-09-10 02:31:05,063 INFO o.a.j.JMeter: Setting JMeter property: target_port=18000
2026-09-10 02:31:05,063 INFO o.a.j.JMeter: Setting JMeter property: tcc.order.id=1
2026-09-10 02:31:05,063 INFO o.a.j.JMeter: Setting JMeter property: repetition=4
2026-09-10 02:31:05,070 INFO o.a.j.JMeter: Copyright (c) 1998-2024 The Apache Software Foundation
2026-09-10 02:31:05,070 INFO o.a.j.JMeter: Version 5.6.3
2026-09-10 02:31:05,070 INFO o.a.j.JMeter: java.version=21.0.11
2026-09-10 02:31:05,071 INFO o.a.j.JMeter: java.vm.name=OpenJDK 64-Bit Server VM
2026-09-10 02:31:05,071 INFO o.a.j.JMeter: os.name=Linux
2026-09-10 02:31:05,071 INFO o.a.j.JMeter: os.arch=amd64
2026-09-10 02:31:05,071 INFO o.a.j.JMeter: os.version=7.0.11-76070011-generic
2026-09-10 02:31:05,071 INFO o.a.j.JMeter: file.encoding=UTF-8
2026-09-10 02:31:05,071 INFO o.a.j.JMeter: java.awt.headless=true
2026-09-10 02:31:05,071 INFO o.a.j.JMeter: Max memory     =1073741824
2026-09-10 02:31:05,071 INFO o.a.j.JMeter: Available Processors =16
2026-09-10 02:31:05,079 INFO o.a.j.JMeter: Default Locale=English (EN)
2026-09-10 02:31:05,079 INFO o.a.j.JMeter: JMeter  Locale=English (EN)
2026-09-10 02:31:05,080 INFO o.a.j.JMeter: JMeterHome=/home/avituo/projects/tcc/tcc-container/.tools/apache-jmeter-5.6.3
2026-09-10 02:31:05,080 INFO o.a.j.JMeter: user.dir  =/home/avituo/projects/tcc/tcc-container
2026-09-10 02:31:05,080 INFO o.a.j.JMeter: PWD       =/home/avituo/projects/tcc/tcc-container
2026-09-10 02:31:05,091 INFO o.a.j.JMeter: IP: 192.168.1.16 Name: pop-os FullName: pop-os.home
2026-09-10 02:31:05,103 INFO o.a.j.s.FileServer: Default base='/home/avituo/projects/tcc/tcc-container'
2026-09-10 02:31:05,105 INFO o.a.j.s.FileServer: Set new base='/home/avituo/projects/tcc/tcc-container/benchmark/jmeter'
2026-09-10 02:31:05,272 INFO o.a.j.s.SaveService: Testplan (JMX) version: 2.2. Testlog (JTL) version: 2.2
2026-09-10 02:31:05,297 INFO o.a.j.s.SaveService: Using SaveService properties version 5.0
2026-09-10 02:31:05,301 INFO o.a.j.s.SaveService: Using SaveService properties file encoding UTF-8
2026-09-10 02:31:05,304 INFO o.a.j.s.SaveService: Loading file: /home/avituo/projects/tcc/tcc-container/benchmark/jmeter/tcc-products-v1.jmx
2026-09-10 02:31:05,353 INFO o.a.j.p.h.s.HTTPSamplerBase: Parser for text/html is org.apache.jmeter.protocol.http.parser.LagartoBasedHtmlParser
2026-09-10 02:31:05,353 INFO o.a.j.p.h.s.HTTPSamplerBase: Parser for application/xhtml+xml is org.apache.jmeter.protocol.http.parser.LagartoBasedHtmlParser
2026-09-10 02:31:05,353 INFO o.a.j.p.h.s.HTTPSamplerBase: Parser for application/xml is org.apache.jmeter.protocol.http.parser.LagartoBasedHtmlParser
2026-09-10 02:31:05,353 INFO o.a.j.p.h.s.HTTPSamplerBase: Parser for text/xml is org.apache.jmeter.protocol.http.parser.LagartoBasedHtmlParser
2026-09-10 02:31:05,354 INFO o.a.j.p.h.s.HTTPSamplerBase: Parser for text/vnd.wap.wml is org.apache.jmeter.protocol.http.parser.RegexpHTMLParser
2026-09-10 02:31:05,354 INFO o.a.j.p.h.s.HTTPSamplerBase: Parser for text/css is org.apache.jmeter.protocol.http.parser.CssParser
2026-09-10 02:31:05,382 INFO o.a.j.JMeter: Creating summariser <summary>
2026-09-10 02:31:05,402 INFO o.a.j.e.StandardJMeterEngine: Running the test!
2026-09-10 02:31:05,402 INFO o.a.j.s.SampleEvent: List of sample_variables: []
2026-09-10 02:31:05,403 INFO o.a.j.s.SampleEvent: List of sample_variables: []
2026-09-10 02:31:05,407 INFO o.a.j.e.u.CompoundVariable: Note: Function class names must contain the string: '.functions.'
2026-09-10 02:31:05,407 INFO o.a.j.e.u.CompoundVariable: Note: Function class names must not contain the string: '.gui.'
2026-09-10 02:31:05,645 INFO o.a.j.JMeter: Running test (1789018265645)
2026-09-10 02:31:05,664 INFO o.a.j.e.StandardJMeterEngine: Starting ThreadGroup: 1 : TCC products
2026-09-10 02:31:05,664 INFO o.a.j.e.StandardJMeterEngine: Starting 50 threads for group TCC products.
2026-09-10 02:31:05,664 INFO o.a.j.e.StandardJMeterEngine: Thread will continue on error
2026-09-10 02:31:05,665 INFO o.a.j.t.ThreadGroup: Starting thread group... number=1 threads=50 ramp-up=0 delayedStart=false
2026-09-10 02:31:05,671 INFO o.a.j.t.JMeterThread: Thread started: TCC products 1-3
2026-09-10 02:31:05,671 INFO o.a.j.t.JMeterThread: Thread started: TCC products 1-4
2026-09-10 02:31:05,671 INFO o.a.j.t.JMeterThread: Thread started: TCC products 1-5
2026-09-10 02:31:05,671 INFO o.a.j.t.JMeterThread: Thread started: TCC products 1-2
2026-09-10 02:31:05,672 INFO o.a.j.t.JMeterThread: Thread started: TCC products 1-6
2026-09-10 02:31:05,672 INFO o.a.j.t.JMeterThread: Thread started: TCC products 1-7
2026-09-10 02:31:05,671 INFO o.a.j.t.JMeterThread: Thread started: TCC products 1-1
2026-09-10 02:31:05,673 INFO o.a.j.t.JMeterThread: Thread started: TCC products 1-8
2026-09-10 02:31:05,673 INFO o.a.j.t.JMeterThread: Thread started: TCC products 1-9
2026-09-10 02:31:05,674 INFO o.a.j.t.JMeterThread: Thread started: TCC products 1-10
2026-09-10 02:31:05,674 INFO o.a.j.t.JMeterThread: Thread started: TCC products 1-11
2026-09-10 02:31:05,675 INFO o.a.j.t.JMeterThread: Thread started: TCC products 1-12
2026-09-10 02:31:05,676 INFO o.a.j.t.JMeterThread: Thread started: TCC products 1-13
2026-09-10 02:31:05,677 INFO o.a.j.t.JMeterThread: Thread started: TCC products 1-14
2026-09-10 02:31:05,677 INFO o.a.j.t.JMeterThread: Thread started: TCC products 1-15
2026-09-10 02:31:05,680 INFO o.a.j.t.JMeterThread: Thread started: TCC products 1-16
2026-09-10 02:31:05,680 INFO o.a.j.t.JMeterThread: Thread started: TCC products 1-17
2026-09-10 02:31:05,681 INFO o.a.j.t.JMeterThread: Thread started: TCC products 1-18
2026-09-10 02:31:05,682 INFO o.a.j.t.JMeterThread: Thread started: TCC products 1-19
2026-09-10 02:31:05,682 INFO o.a.j.t.JMeterThread: Thread started: TCC products 1-20
2026-09-10 02:31:05,683 INFO o.a.j.t.JMeterThread: Thread started: TCC products 1-21
2026-09-10 02:31:05,683 INFO o.a.j.t.JMeterThread: Thread started: TCC products 1-22
2026-09-10 02:31:05,684 INFO o.a.j.t.JMeterThread: Thread started: TCC products 1-23
2026-09-10 02:31:05,685 INFO o.a.j.t.JMeterThread: Thread started: TCC products 1-24
2026-09-10 02:31:05,685 INFO o.a.j.t.JMeterThread: Thread started: TCC products 1-25
2026-09-10 02:31:05,686 INFO o.a.j.t.JMeterThread: Thread started: TCC products 1-26
2026-09-10 02:31:05,686 INFO o.a.j.t.JMeterThread: Thread started: TCC products 1-27
2026-09-10 02:31:05,687 INFO o.a.j.t.JMeterThread: Thread started: TCC products 1-28
2026-09-10 02:31:05,687 INFO o.a.j.t.JMeterThread: Thread started: TCC products 1-29
2026-09-10 02:31:05,688 INFO o.a.j.t.JMeterThread: Thread started: TCC products 1-30
2026-09-10 02:31:05,688 INFO o.a.j.t.JMeterThread: Thread started: TCC products 1-31
2026-09-10 02:31:05,689 INFO o.a.j.t.JMeterThread: Thread started: TCC products 1-32
2026-09-10 02:31:05,689 INFO o.a.j.t.JMeterThread: Thread started: TCC products 1-33
2026-09-10 02:31:05,690 INFO o.a.j.t.JMeterThread: Thread started: TCC products 1-34
2026-09-10 02:31:05,690 INFO o.a.j.t.JMeterThread: Thread started: TCC products 1-35
2026-09-10 02:31:05,691 INFO o.a.j.t.JMeterThread: Thread started: TCC products 1-36
2026-09-10 02:31:05,691 INFO o.a.j.t.JMeterThread: Thread started: TCC products 1-37
2026-09-10 02:31:05,692 INFO o.a.j.t.JMeterThread: Thread started: TCC products 1-38
2026-09-10 02:31:05,692 INFO o.a.j.t.JMeterThread: Thread started: TCC products 1-39
2026-09-10 02:31:05,693 INFO o.a.j.t.JMeterThread: Thread started: TCC products 1-41
2026-09-10 02:31:05,692 INFO o.a.j.t.JMeterThread: Thread started: TCC products 1-40
2026-09-10 02:31:05,694 INFO o.a.j.t.JMeterThread: Thread started: TCC products 1-42
2026-09-10 02:31:05,695 INFO o.a.j.t.JMeterThread: Thread started: TCC products 1-44
2026-09-10 02:31:05,695 INFO o.a.j.t.JMeterThread: Thread started: TCC products 1-43
2026-09-10 02:31:05,696 INFO o.a.j.t.JMeterThread: Thread started: TCC products 1-45
2026-09-10 02:31:05,696 INFO o.a.j.t.JMeterThread: Thread started: TCC products 1-46
2026-09-10 02:31:05,696 INFO o.a.j.t.JMeterThread: Thread started: TCC products 1-47
2026-09-10 02:31:05,697 INFO o.a.j.t.JMeterThread: Thread started: TCC products 1-48
2026-09-10 02:31:05,698 INFO o.a.j.t.JMeterThread: Thread started: TCC products 1-49
2026-09-10 02:31:05,698 INFO o.a.j.t.ThreadGroup: Started thread group number 1
2026-09-10 02:31:05,698 INFO o.a.j.p.h.s.HTTPHCAbstractImpl: Local host = pop-os
2026-09-10 02:31:05,698 INFO o.a.j.e.StandardJMeterEngine: All thread groups have been started
2026-09-10 02:31:05,698 INFO o.a.j.t.JMeterThread: Thread started: TCC products 1-50
2026-09-10 02:31:05,703 INFO o.a.j.p.h.s.HTTPHC4Impl: HTTP request retry count = 0
2026-09-10 02:31:05,705 INFO o.a.j.s.SampleResult: Note: Sample TimeStamps are START times
2026-09-10 02:31:05,705 INFO o.a.j.s.SampleResult: sampleresult.default.encoding is set to UTF-8
2026-09-10 02:31:05,705 INFO o.a.j.s.SampleResult: sampleresult.useNanoTime=true
2026-09-10 02:31:05,705 INFO o.a.j.s.SampleResult: sampleresult.nanoThreadSleep=5000
2026-09-10 02:31:30,014 INFO o.a.j.r.Summariser: summary +   2129 in 00:00:24 =   87.4/s Avg:   549 Min:    24 Max:   937 Err:     0 (0.00%) Active: 50 Started: 50 Finished: 0
2026-09-10 02:32:00,009 INFO o.a.j.r.Summariser: summary +   2735 in 00:00:30 =   91.2/s Avg:   547 Min:   517 Max:   629 Err:     0 (0.00%) Active: 50 Started: 50 Finished: 0
2026-09-10 02:32:00,009 INFO o.a.j.r.Summariser: summary =   4864 in 00:00:54 =   89.5/s Avg:   548 Min:    24 Max:   937 Err:     0 (0.00%)
2026-09-10 02:32:30,017 INFO o.a.j.r.Summariser: summary +   2727 in 00:00:30 =   90.9/s Avg:   549 Min:   521 Max:   591 Err:     0 (0.00%) Active: 50 Started: 50 Finished: 0
2026-09-10 02:32:30,017 INFO o.a.j.r.Summariser: summary =   7591 in 00:01:24 =   90.0/s Avg:   548 Min:    24 Max:   937 Err:     0 (0.00%)
2026-09-10 02:33:00,011 INFO o.a.j.r.Summariser: summary +   2746 in 00:00:30 =   91.6/s Avg:   546 Min:   521 Max:   605 Err:     0 (0.00%) Active: 50 Started: 50 Finished: 0
2026-09-10 02:33:00,011 INFO o.a.j.r.Summariser: summary =  10337 in 00:01:54 =   90.4/s Avg:   548 Min:    24 Max:   937 Err:     0 (0.00%)
2026-09-10 02:33:05,695 INFO o.a.j.t.JMeterThread: Stopping because end time detected by thread: TCC products 1-26
2026-09-10 02:33:05,696 INFO o.a.j.t.JMeterThread: Thread finished: TCC products 1-26
2026-09-10 02:33:05,706 INFO o.a.j.t.JMeterThread: Stopping because end time detected by thread: TCC products 1-23
2026-09-10 02:33:05,706 INFO o.a.j.t.JMeterThread: Thread finished: TCC products 1-23
2026-09-10 02:33:05,717 INFO o.a.j.t.JMeterThread: Stopping because end time detected by thread: TCC products 1-13
2026-09-10 02:33:05,717 INFO o.a.j.t.JMeterThread: Thread finished: TCC products 1-13
2026-09-10 02:33:05,728 INFO o.a.j.t.JMeterThread: Stopping because end time detected by thread: TCC products 1-8
2026-09-10 02:33:05,728 INFO o.a.j.t.JMeterThread: Thread finished: TCC products 1-8
2026-09-10 02:33:05,739 INFO o.a.j.t.JMeterThread: Stopping because end time detected by thread: TCC products 1-46
2026-09-10 02:33:05,739 INFO o.a.j.t.JMeterThread: Thread finished: TCC products 1-46
2026-09-10 02:33:05,750 INFO o.a.j.t.JMeterThread: Stopping because end time detected by thread: TCC products 1-15
2026-09-10 02:33:05,750 INFO o.a.j.t.JMeterThread: Thread finished: TCC products 1-15
2026-09-10 02:33:05,762 INFO o.a.j.t.JMeterThread: Stopping because end time detected by thread: TCC products 1-29
2026-09-10 02:33:05,762 INFO o.a.j.t.JMeterThread: Thread finished: TCC products 1-29
2026-09-10 02:33:05,773 INFO o.a.j.t.JMeterThread: Stopping because end time detected by thread: TCC products 1-36
2026-09-10 02:33:05,773 INFO o.a.j.t.JMeterThread: Thread finished: TCC products 1-36
2026-09-10 02:33:05,784 INFO o.a.j.t.JMeterThread: Stopping because end time detected by thread: TCC products 1-40
2026-09-10 02:33:05,784 INFO o.a.j.t.JMeterThread: Thread finished: TCC products 1-40
2026-09-10 02:33:05,796 INFO o.a.j.t.JMeterThread: Stopping because end time detected by thread: TCC products 1-4
2026-09-10 02:33:05,796 INFO o.a.j.t.JMeterThread: Thread finished: TCC products 1-4
2026-09-10 02:33:05,808 INFO o.a.j.t.JMeterThread: Stopping because end time detected by thread: TCC products 1-30
2026-09-10 02:33:05,808 INFO o.a.j.t.JMeterThread: Thread finished: TCC products 1-30
2026-09-10 02:33:05,819 INFO o.a.j.t.JMeterThread: Stopping because end time detected by thread: TCC products 1-20
2026-09-10 02:33:05,820 INFO o.a.j.t.JMeterThread: Thread finished: TCC products 1-20
2026-09-10 02:33:05,830 INFO o.a.j.t.JMeterThread: Stopping because end time detected by thread: TCC products 1-1
2026-09-10 02:33:05,830 INFO o.a.j.t.JMeterThread: Thread finished: TCC products 1-1
2026-09-10 02:33:05,841 INFO o.a.j.t.JMeterThread: Stopping because end time detected by thread: TCC products 1-18
2026-09-10 02:33:05,841 INFO o.a.j.t.JMeterThread: Thread finished: TCC products 1-18
2026-09-10 02:33:05,852 INFO o.a.j.t.JMeterThread: Stopping because end time detected by thread: TCC products 1-19
2026-09-10 02:33:05,853 INFO o.a.j.t.JMeterThread: Thread finished: TCC products 1-19
2026-09-10 02:33:05,863 INFO o.a.j.t.JMeterThread: Stopping because end time detected by thread: TCC products 1-50
2026-09-10 02:33:05,863 INFO o.a.j.t.JMeterThread: Thread finished: TCC products 1-50
2026-09-10 02:33:05,874 INFO o.a.j.t.JMeterThread: Stopping because end time detected by thread: TCC products 1-10
2026-09-10 02:33:05,874 INFO o.a.j.t.JMeterThread: Thread finished: TCC products 1-10
2026-09-10 02:33:05,885 INFO o.a.j.t.JMeterThread: Stopping because end time detected by thread: TCC products 1-37
2026-09-10 02:33:05,885 INFO o.a.j.t.JMeterThread: Thread finished: TCC products 1-37
2026-09-10 02:33:05,896 INFO o.a.j.t.JMeterThread: Stopping because end time detected by thread: TCC products 1-17
2026-09-10 02:33:05,896 INFO o.a.j.t.JMeterThread: Thread finished: TCC products 1-17
2026-09-10 02:33:05,907 INFO o.a.j.t.JMeterThread: Stopping because end time detected by thread: TCC products 1-11
2026-09-10 02:33:05,908 INFO o.a.j.t.JMeterThread: Thread finished: TCC products 1-11
2026-09-10 02:33:05,918 INFO o.a.j.t.JMeterThread: Stopping because end time detected by thread: TCC products 1-21
2026-09-10 02:33:05,919 INFO o.a.j.t.JMeterThread: Thread finished: TCC products 1-21
2026-09-10 02:33:05,929 INFO o.a.j.t.JMeterThread: Stopping because end time detected by thread: TCC products 1-38
2026-09-10 02:33:05,929 INFO o.a.j.t.JMeterThread: Thread finished: TCC products 1-38
2026-09-10 02:33:05,940 INFO o.a.j.t.JMeterThread: Stopping because end time detected by thread: TCC products 1-22
2026-09-10 02:33:05,940 INFO o.a.j.t.JMeterThread: Thread finished: TCC products 1-22
2026-09-10 02:33:05,951 INFO o.a.j.t.JMeterThread: Stopping because end time detected by thread: TCC products 1-41
2026-09-10 02:33:05,952 INFO o.a.j.t.JMeterThread: Thread finished: TCC products 1-41
2026-09-10 02:33:05,962 INFO o.a.j.t.JMeterThread: Stopping because end time detected by thread: TCC products 1-24
2026-09-10 02:33:05,962 INFO o.a.j.t.JMeterThread: Thread finished: TCC products 1-24
2026-09-10 02:33:05,974 INFO o.a.j.t.JMeterThread: Stopping because end time detected by thread: TCC products 1-2
2026-09-10 02:33:05,974 INFO o.a.j.t.JMeterThread: Thread finished: TCC products 1-2
2026-09-10 02:33:05,984 INFO o.a.j.t.JMeterThread: Stopping because end time detected by thread: TCC products 1-43
2026-09-10 02:33:05,984 INFO o.a.j.t.JMeterThread: Thread finished: TCC products 1-43
2026-09-10 02:33:05,994 INFO o.a.j.t.JMeterThread: Stopping because end time detected by thread: TCC products 1-39
2026-09-10 02:33:05,994 INFO o.a.j.t.JMeterThread: Thread finished: TCC products 1-39
2026-09-10 02:33:06,015 INFO o.a.j.t.JMeterThread: Stopping because end time detected by thread: TCC products 1-14
2026-09-10 02:33:06,015 INFO o.a.j.t.JMeterThread: Thread finished: TCC products 1-14
2026-09-10 02:33:06,024 INFO o.a.j.t.JMeterThread: Stopping because end time detected by thread: TCC products 1-44
2026-09-10 02:33:06,024 INFO o.a.j.t.JMeterThread: Thread finished: TCC products 1-44
2026-09-10 02:33:06,036 INFO o.a.j.t.JMeterThread: Stopping because end time detected by thread: TCC products 1-7
2026-09-10 02:33:06,036 INFO o.a.j.t.JMeterThread: Thread finished: TCC products 1-7
2026-09-10 02:33:06,047 INFO o.a.j.t.JMeterThread: Stopping because end time detected by thread: TCC products 1-25
2026-09-10 02:33:06,048 INFO o.a.j.t.JMeterThread: Thread finished: TCC products 1-25
2026-09-10 02:33:06,058 INFO o.a.j.t.JMeterThread: Stopping because end time detected by thread: TCC products 1-5
2026-09-10 02:33:06,058 INFO o.a.j.t.JMeterThread: Thread finished: TCC products 1-5
2026-09-10 02:33:06,069 INFO o.a.j.t.JMeterThread: Stopping because end time detected by thread: TCC products 1-49
2026-09-10 02:33:06,069 INFO o.a.j.t.JMeterThread: Thread finished: TCC products 1-49
2026-09-10 02:33:06,080 INFO o.a.j.t.JMeterThread: Stopping because end time detected by thread: TCC products 1-33
2026-09-10 02:33:06,080 INFO o.a.j.t.JMeterThread: Thread finished: TCC products 1-33
2026-09-10 02:33:06,090 INFO o.a.j.t.JMeterThread: Stopping because end time detected by thread: TCC products 1-47
2026-09-10 02:33:06,090 INFO o.a.j.t.JMeterThread: Thread finished: TCC products 1-47
2026-09-10 02:33:06,101 INFO o.a.j.t.JMeterThread: Stopping because end time detected by thread: TCC products 1-31
2026-09-10 02:33:06,101 INFO o.a.j.t.JMeterThread: Thread finished: TCC products 1-31
2026-09-10 02:33:06,112 INFO o.a.j.t.JMeterThread: Stopping because end time detected by thread: TCC products 1-35
2026-09-10 02:33:06,112 INFO o.a.j.t.JMeterThread: Thread finished: TCC products 1-35
2026-09-10 02:33:06,123 INFO o.a.j.t.JMeterThread: Stopping because end time detected by thread: TCC products 1-28
2026-09-10 02:33:06,123 INFO o.a.j.t.JMeterThread: Thread finished: TCC products 1-28
2026-09-10 02:33:06,134 INFO o.a.j.t.JMeterThread: Stopping because end time detected by thread: TCC products 1-34
2026-09-10 02:33:06,134 INFO o.a.j.t.JMeterThread: Thread finished: TCC products 1-34
2026-09-10 02:33:06,145 INFO o.a.j.t.JMeterThread: Stopping because end time detected by thread: TCC products 1-6
2026-09-10 02:33:06,145 INFO o.a.j.t.JMeterThread: Thread finished: TCC products 1-6
2026-09-10 02:33:06,156 INFO o.a.j.t.JMeterThread: Stopping because end time detected by thread: TCC products 1-9
2026-09-10 02:33:06,156 INFO o.a.j.t.JMeterThread: Thread finished: TCC products 1-9
2026-09-10 02:33:06,167 INFO o.a.j.t.JMeterThread: Stopping because end time detected by thread: TCC products 1-45
2026-09-10 02:33:06,167 INFO o.a.j.t.JMeterThread: Thread finished: TCC products 1-45
2026-09-10 02:33:06,178 INFO o.a.j.t.JMeterThread: Stopping because end time detected by thread: TCC products 1-3
2026-09-10 02:33:06,179 INFO o.a.j.t.JMeterThread: Thread finished: TCC products 1-3
2026-09-10 02:33:06,189 INFO o.a.j.t.JMeterThread: Stopping because end time detected by thread: TCC products 1-32
2026-09-10 02:33:06,189 INFO o.a.j.t.JMeterThread: Thread finished: TCC products 1-32
2026-09-10 02:33:06,200 INFO o.a.j.t.JMeterThread: Stopping because end time detected by thread: TCC products 1-27
2026-09-10 02:33:06,200 INFO o.a.j.t.JMeterThread: Thread finished: TCC products 1-27
2026-09-10 02:33:06,211 INFO o.a.j.t.JMeterThread: Stopping because end time detected by thread: TCC products 1-12
2026-09-10 02:33:06,212 INFO o.a.j.t.JMeterThread: Thread finished: TCC products 1-12
2026-09-10 02:33:06,222 INFO o.a.j.t.JMeterThread: Stopping because end time detected by thread: TCC products 1-42
2026-09-10 02:33:06,222 INFO o.a.j.t.JMeterThread: Thread finished: TCC products 1-42
2026-09-10 02:33:06,233 INFO o.a.j.t.JMeterThread: Stopping because end time detected by thread: TCC products 1-16
2026-09-10 02:33:06,233 INFO o.a.j.t.JMeterThread: Thread finished: TCC products 1-16
2026-09-10 02:33:06,244 INFO o.a.j.t.JMeterThread: Stopping because end time detected by thread: TCC products 1-48
2026-09-10 02:33:06,245 INFO o.a.j.t.JMeterThread: Thread finished: TCC products 1-48
2026-09-10 02:33:06,245 INFO o.a.j.e.StandardJMeterEngine: Notifying test listeners of end of test
2026-09-10 02:33:06,248 INFO o.a.j.r.Summariser: summary +    566 in 00:00:06 =   90.7/s Avg:   549 Min:   532 Max:   572 Err:     0 (0.00%) Active: 0 Started: 50 Finished: 50
2026-09-10 02:33:06,248 INFO o.a.j.r.Summariser: summary =  10903 in 00:02:01 =   90.4/s Avg:   548 Min:    24 Max:   937 Err:     0 (0.00%)
