2026-09-10 02:30:29,580 INFO o.a.j.u.JMeterUtils: Setting Locale to en_EN
2026-09-10 02:30:29,598 INFO o.a.j.JMeter: Loading user properties from: /home/avituo/projects/tcc/tcc-container/.tools/apache-jmeter-5.6.3/bin/user.properties
2026-09-10 02:30:29,598 INFO o.a.j.JMeter: Loading system properties from: /home/avituo/projects/tcc/tcc-container/.tools/apache-jmeter-5.6.3/bin/system.properties
2026-09-10 02:30:29,598 INFO o.a.j.JMeter: Loading additional properties from: /home/avituo/projects/tcc/tcc-container/benchmark/jmeter/benchmark.properties
2026-09-10 02:30:29,598 INFO o.a.j.JMeter: Loading additional properties from: /tmp/tcc-benchmark-auth.62xPe2/auth.properties
2026-09-10 02:30:29,599 INFO o.a.j.JMeter: Setting JMeter property: threads=50
2026-09-10 02:30:29,599 INFO o.a.j.JMeter: Setting JMeter property: duration_seconds=30
2026-09-10 02:30:29,599 INFO o.a.j.JMeter: Setting JMeter property: target_host=localhost
2026-09-10 02:30:29,599 INFO o.a.j.JMeter: Setting JMeter property: target_port=18000
2026-09-10 02:30:29,599 INFO o.a.j.JMeter: Setting JMeter property: tcc.order.id=1
2026-09-10 02:30:29,599 INFO o.a.j.JMeter: Setting JMeter property: repetition=4
2026-09-10 02:30:29,605 INFO o.a.j.JMeter: Copyright (c) 1998-2024 The Apache Software Foundation
2026-09-10 02:30:29,605 INFO o.a.j.JMeter: Version 5.6.3
2026-09-10 02:30:29,605 INFO o.a.j.JMeter: java.version=21.0.11
2026-09-10 02:30:29,605 INFO o.a.j.JMeter: java.vm.name=OpenJDK 64-Bit Server VM
2026-09-10 02:30:29,605 INFO o.a.j.JMeter: os.name=Linux
2026-09-10 02:30:29,605 INFO o.a.j.JMeter: os.arch=amd64
2026-09-10 02:30:29,605 INFO o.a.j.JMeter: os.version=7.0.11-76070011-generic
2026-09-10 02:30:29,605 INFO o.a.j.JMeter: file.encoding=UTF-8
2026-09-10 02:30:29,605 INFO o.a.j.JMeter: java.awt.headless=true
2026-09-10 02:30:29,606 INFO o.a.j.JMeter: Max memory     =1073741824
2026-09-10 02:30:29,606 INFO o.a.j.JMeter: Available Processors =16
2026-09-10 02:30:29,614 INFO o.a.j.JMeter: Default Locale=English (EN)
2026-09-10 02:30:29,614 INFO o.a.j.JMeter: JMeter  Locale=English (EN)
2026-09-10 02:30:29,614 INFO o.a.j.JMeter: JMeterHome=/home/avituo/projects/tcc/tcc-container/.tools/apache-jmeter-5.6.3
2026-09-10 02:30:29,614 INFO o.a.j.JMeter: user.dir  =/home/avituo/projects/tcc/tcc-container
2026-09-10 02:30:29,614 INFO o.a.j.JMeter: PWD       =/home/avituo/projects/tcc/tcc-container
2026-09-10 02:30:29,625 INFO o.a.j.JMeter: IP: 192.168.1.16 Name: pop-os FullName: pop-os.home
2026-09-10 02:30:29,637 INFO o.a.j.s.FileServer: Default base='/home/avituo/projects/tcc/tcc-container'
2026-09-10 02:30:29,638 INFO o.a.j.s.FileServer: Set new base='/home/avituo/projects/tcc/tcc-container/benchmark/jmeter'
2026-09-10 02:30:29,803 INFO o.a.j.s.SaveService: Testplan (JMX) version: 2.2. Testlog (JTL) version: 2.2
2026-09-10 02:30:29,827 INFO o.a.j.s.SaveService: Using SaveService properties version 5.0
2026-09-10 02:30:29,831 INFO o.a.j.s.SaveService: Using SaveService properties file encoding UTF-8
2026-09-10 02:30:29,834 INFO o.a.j.s.SaveService: Loading file: /home/avituo/projects/tcc/tcc-container/benchmark/jmeter/tcc-products-v1.jmx
2026-09-10 02:30:29,884 INFO o.a.j.p.h.s.HTTPSamplerBase: Parser for text/html is org.apache.jmeter.protocol.http.parser.LagartoBasedHtmlParser
2026-09-10 02:30:29,885 INFO o.a.j.p.h.s.HTTPSamplerBase: Parser for application/xhtml+xml is org.apache.jmeter.protocol.http.parser.LagartoBasedHtmlParser
2026-09-10 02:30:29,885 INFO o.a.j.p.h.s.HTTPSamplerBase: Parser for application/xml is org.apache.jmeter.protocol.http.parser.LagartoBasedHtmlParser
2026-09-10 02:30:29,885 INFO o.a.j.p.h.s.HTTPSamplerBase: Parser for text/xml is org.apache.jmeter.protocol.http.parser.LagartoBasedHtmlParser
2026-09-10 02:30:29,885 INFO o.a.j.p.h.s.HTTPSamplerBase: Parser for text/vnd.wap.wml is org.apache.jmeter.protocol.http.parser.RegexpHTMLParser
2026-09-10 02:30:29,885 INFO o.a.j.p.h.s.HTTPSamplerBase: Parser for text/css is org.apache.jmeter.protocol.http.parser.CssParser
2026-09-10 02:30:29,912 INFO o.a.j.JMeter: Creating summariser <summary>
2026-09-10 02:30:29,930 INFO o.a.j.e.StandardJMeterEngine: Running the test!
2026-09-10 02:30:29,931 INFO o.a.j.s.SampleEvent: List of sample_variables: []
2026-09-10 02:30:29,932 INFO o.a.j.s.SampleEvent: List of sample_variables: []
2026-09-10 02:30:29,937 INFO o.a.j.e.u.CompoundVariable: Note: Function class names must contain the string: '.functions.'
2026-09-10 02:30:29,937 INFO o.a.j.e.u.CompoundVariable: Note: Function class names must not contain the string: '.gui.'
2026-09-10 02:30:30,185 INFO o.a.j.JMeter: Running test (1789018230185)
2026-09-10 02:30:30,205 INFO o.a.j.e.StandardJMeterEngine: Starting ThreadGroup: 1 : TCC products
2026-09-10 02:30:30,206 INFO o.a.j.e.StandardJMeterEngine: Starting 50 threads for group TCC products.
2026-09-10 02:30:30,206 INFO o.a.j.e.StandardJMeterEngine: Thread will continue on error
2026-09-10 02:30:30,206 INFO o.a.j.t.ThreadGroup: Starting thread group... number=1 threads=50 ramp-up=0 delayedStart=false
2026-09-10 02:30:30,213 INFO o.a.j.t.JMeterThread: Thread started: TCC products 1-4
2026-09-10 02:30:30,213 INFO o.a.j.t.JMeterThread: Thread started: TCC products 1-2
2026-09-10 02:30:30,213 INFO o.a.j.t.JMeterThread: Thread started: TCC products 1-5
2026-09-10 02:30:30,213 INFO o.a.j.t.JMeterThread: Thread started: TCC products 1-1
2026-09-10 02:30:30,213 INFO o.a.j.t.JMeterThread: Thread started: TCC products 1-3
2026-09-10 02:30:30,213 INFO o.a.j.t.JMeterThread: Thread started: TCC products 1-6
2026-09-10 02:30:30,214 INFO o.a.j.t.JMeterThread: Thread started: TCC products 1-7
2026-09-10 02:30:30,215 INFO o.a.j.t.JMeterThread: Thread started: TCC products 1-8
2026-09-10 02:30:30,215 INFO o.a.j.t.JMeterThread: Thread started: TCC products 1-9
2026-09-10 02:30:30,216 INFO o.a.j.t.JMeterThread: Thread started: TCC products 1-10
2026-09-10 02:30:30,217 INFO o.a.j.t.JMeterThread: Thread started: TCC products 1-11
2026-09-10 02:30:30,218 INFO o.a.j.t.JMeterThread: Thread started: TCC products 1-12
2026-09-10 02:30:30,219 INFO o.a.j.t.JMeterThread: Thread started: TCC products 1-13
2026-09-10 02:30:30,220 INFO o.a.j.t.JMeterThread: Thread started: TCC products 1-14
2026-09-10 02:30:30,221 INFO o.a.j.t.JMeterThread: Thread started: TCC products 1-15
2026-09-10 02:30:30,222 INFO o.a.j.t.JMeterThread: Thread started: TCC products 1-16
2026-09-10 02:30:30,223 INFO o.a.j.t.JMeterThread: Thread started: TCC products 1-17
2026-09-10 02:30:30,224 INFO o.a.j.t.JMeterThread: Thread started: TCC products 1-18
2026-09-10 02:30:30,224 INFO o.a.j.t.JMeterThread: Thread started: TCC products 1-19
2026-09-10 02:30:30,225 INFO o.a.j.t.JMeterThread: Thread started: TCC products 1-20
2026-09-10 02:30:30,226 INFO o.a.j.t.JMeterThread: Thread started: TCC products 1-21
2026-09-10 02:30:30,226 INFO o.a.j.t.JMeterThread: Thread started: TCC products 1-22
2026-09-10 02:30:30,227 INFO o.a.j.t.JMeterThread: Thread started: TCC products 1-23
2026-09-10 02:30:30,227 INFO o.a.j.t.JMeterThread: Thread started: TCC products 1-24
2026-09-10 02:30:30,228 INFO o.a.j.t.JMeterThread: Thread started: TCC products 1-25
2026-09-10 02:30:30,228 INFO o.a.j.t.JMeterThread: Thread started: TCC products 1-26
2026-09-10 02:30:30,229 INFO o.a.j.t.JMeterThread: Thread started: TCC products 1-27
2026-09-10 02:30:30,230 INFO o.a.j.t.JMeterThread: Thread started: TCC products 1-28
2026-09-10 02:30:30,230 INFO o.a.j.t.JMeterThread: Thread started: TCC products 1-29
2026-09-10 02:30:30,231 INFO o.a.j.t.JMeterThread: Thread started: TCC products 1-30
2026-09-10 02:30:30,231 INFO o.a.j.t.JMeterThread: Thread started: TCC products 1-31
2026-09-10 02:30:30,232 INFO o.a.j.t.JMeterThread: Thread started: TCC products 1-32
2026-09-10 02:30:30,232 INFO o.a.j.t.JMeterThread: Thread started: TCC products 1-33
2026-09-10 02:30:30,233 INFO o.a.j.t.JMeterThread: Thread started: TCC products 1-34
2026-09-10 02:30:30,233 INFO o.a.j.t.JMeterThread: Thread started: TCC products 1-35
2026-09-10 02:30:30,234 INFO o.a.j.t.JMeterThread: Thread started: TCC products 1-36
2026-09-10 02:30:30,234 INFO o.a.j.t.JMeterThread: Thread started: TCC products 1-37
2026-09-10 02:30:30,235 INFO o.a.j.t.JMeterThread: Thread started: TCC products 1-38
2026-09-10 02:30:30,235 INFO o.a.j.t.JMeterThread: Thread started: TCC products 1-39
2026-09-10 02:30:30,236 INFO o.a.j.t.JMeterThread: Thread started: TCC products 1-40
2026-09-10 02:30:30,236 INFO o.a.j.t.JMeterThread: Thread started: TCC products 1-41
2026-09-10 02:30:30,237 INFO o.a.j.t.JMeterThread: Thread started: TCC products 1-42
2026-09-10 02:30:30,238 INFO o.a.j.p.h.s.HTTPHCAbstractImpl: Local host = pop-os
2026-09-10 02:30:30,238 INFO o.a.j.t.JMeterThread: Thread started: TCC products 1-43
2026-09-10 02:30:30,238 INFO o.a.j.t.JMeterThread: Thread started: TCC products 1-44
2026-09-10 02:30:30,239 INFO o.a.j.t.JMeterThread: Thread started: TCC products 1-45
2026-09-10 02:30:30,240 INFO o.a.j.t.JMeterThread: Thread started: TCC products 1-46
2026-09-10 02:30:30,240 INFO o.a.j.t.JMeterThread: Thread started: TCC products 1-47
2026-09-10 02:30:30,240 INFO o.a.j.t.JMeterThread: Thread started: TCC products 1-48
2026-09-10 02:30:30,241 INFO o.a.j.t.JMeterThread: Thread started: TCC products 1-49
2026-09-10 02:30:30,241 INFO o.a.j.t.ThreadGroup: Started thread group number 1
2026-09-10 02:30:30,242 INFO o.a.j.e.StandardJMeterEngine: All thread groups have been started
2026-09-10 02:30:30,242 INFO o.a.j.t.JMeterThread: Thread started: TCC products 1-50
2026-09-10 02:30:30,246 INFO o.a.j.p.h.s.HTTPHC4Impl: HTTP request retry count = 0
2026-09-10 02:30:30,247 INFO o.a.j.s.SampleResult: Note: Sample TimeStamps are START times
2026-09-10 02:30:30,247 INFO o.a.j.s.SampleResult: sampleresult.default.encoding is set to UTF-8
2026-09-10 02:30:30,247 INFO o.a.j.s.SampleResult: sampleresult.useNanoTime=true
2026-09-10 02:30:30,247 INFO o.a.j.s.SampleResult: sampleresult.nanoThreadSleep=5000
2026-09-10 02:30:31,384 INFO o.a.j.r.Summariser: summary +      1 in 00:00:01 =    0.8/s Avg:   493 Min:   493 Max:   493 Err:     0 (0.00%) Active: 50 Started: 50 Finished: 0
2026-09-10 02:31:00,015 INFO o.a.j.r.Summariser: summary +   2611 in 00:00:29 =   91.2/s Avg:   551 Min:    35 Max:   952 Err:     0 (0.00%) Active: 50 Started: 50 Finished: 0
2026-09-10 02:31:00,016 INFO o.a.j.r.Summariser: summary =   2612 in 00:00:30 =   87.6/s Avg:   551 Min:    35 Max:   952 Err:     0 (0.00%)
2026-09-10 02:31:00,234 INFO o.a.j.t.JMeterThread: Stopping because end time detected by thread: TCC products 1-12
2026-09-10 02:31:00,234 INFO o.a.j.t.JMeterThread: Thread finished: TCC products 1-12
2026-09-10 02:31:00,245 INFO o.a.j.t.JMeterThread: Stopping because end time detected by thread: TCC products 1-45
2026-09-10 02:31:00,245 INFO o.a.j.t.JMeterThread: Thread finished: TCC products 1-45
2026-09-10 02:31:00,256 INFO o.a.j.t.JMeterThread: Stopping because end time detected by thread: TCC products 1-3
2026-09-10 02:31:00,256 INFO o.a.j.t.JMeterThread: Thread finished: TCC products 1-3
2026-09-10 02:31:00,266 INFO o.a.j.t.JMeterThread: Stopping because end time detected by thread: TCC products 1-30
2026-09-10 02:31:00,267 INFO o.a.j.t.JMeterThread: Thread finished: TCC products 1-30
2026-09-10 02:31:00,277 INFO o.a.j.t.JMeterThread: Stopping because end time detected by thread: TCC products 1-50
2026-09-10 02:31:00,277 INFO o.a.j.t.JMeterThread: Thread finished: TCC products 1-50
2026-09-10 02:31:00,287 INFO o.a.j.t.JMeterThread: Stopping because end time detected by thread: TCC products 1-43
2026-09-10 02:31:00,288 INFO o.a.j.t.JMeterThread: Thread finished: TCC products 1-43
2026-09-10 02:31:00,298 INFO o.a.j.t.JMeterThread: Stopping because end time detected by thread: TCC products 1-28
2026-09-10 02:31:00,298 INFO o.a.j.t.JMeterThread: Thread finished: TCC products 1-28
2026-09-10 02:31:00,309 INFO o.a.j.t.JMeterThread: Stopping because end time detected by thread: TCC products 1-9
2026-09-10 02:31:00,309 INFO o.a.j.t.JMeterThread: Thread finished: TCC products 1-9
2026-09-10 02:31:00,319 INFO o.a.j.t.JMeterThread: Stopping because end time detected by thread: TCC products 1-37
2026-09-10 02:31:00,320 INFO o.a.j.t.JMeterThread: Thread finished: TCC products 1-37
2026-09-10 02:31:00,329 INFO o.a.j.t.JMeterThread: Stopping because end time detected by thread: TCC products 1-19
2026-09-10 02:31:00,329 INFO o.a.j.t.JMeterThread: Thread finished: TCC products 1-19
2026-09-10 02:31:00,340 INFO o.a.j.t.JMeterThread: Stopping because end time detected by thread: TCC products 1-35
2026-09-10 02:31:00,341 INFO o.a.j.t.JMeterThread: Thread finished: TCC products 1-35
2026-09-10 02:31:00,351 INFO o.a.j.t.JMeterThread: Stopping because end time detected by thread: TCC products 1-41
2026-09-10 02:31:00,351 INFO o.a.j.t.JMeterThread: Thread finished: TCC products 1-41
2026-09-10 02:31:00,361 INFO o.a.j.t.JMeterThread: Stopping because end time detected by thread: TCC products 1-39
2026-09-10 02:31:00,362 INFO o.a.j.t.JMeterThread: Thread finished: TCC products 1-39
2026-09-10 02:31:00,372 INFO o.a.j.t.JMeterThread: Stopping because end time detected by thread: TCC products 1-2
2026-09-10 02:31:00,372 INFO o.a.j.t.JMeterThread: Thread finished: TCC products 1-2
2026-09-10 02:31:00,382 INFO o.a.j.t.JMeterThread: Stopping because end time detected by thread: TCC products 1-15
2026-09-10 02:31:00,382 INFO o.a.j.t.JMeterThread: Thread finished: TCC products 1-15
2026-09-10 02:31:00,393 INFO o.a.j.t.JMeterThread: Stopping because end time detected by thread: TCC products 1-11
2026-09-10 02:31:00,393 INFO o.a.j.t.JMeterThread: Thread finished: TCC products 1-11
2026-09-10 02:31:00,404 INFO o.a.j.t.JMeterThread: Stopping because end time detected by thread: TCC products 1-44
2026-09-10 02:31:00,404 INFO o.a.j.t.JMeterThread: Thread finished: TCC products 1-44
2026-09-10 02:31:00,415 INFO o.a.j.t.JMeterThread: Stopping because end time detected by thread: TCC products 1-10
2026-09-10 02:31:00,415 INFO o.a.j.t.JMeterThread: Thread finished: TCC products 1-10
2026-09-10 02:31:00,426 INFO o.a.j.t.JMeterThread: Stopping because end time detected by thread: TCC products 1-14
2026-09-10 02:31:00,426 INFO o.a.j.t.JMeterThread: Thread finished: TCC products 1-14
2026-09-10 02:31:00,436 INFO o.a.j.t.JMeterThread: Stopping because end time detected by thread: TCC products 1-49
2026-09-10 02:31:00,436 INFO o.a.j.t.JMeterThread: Thread finished: TCC products 1-49
2026-09-10 02:31:00,447 INFO o.a.j.t.JMeterThread: Stopping because end time detected by thread: TCC products 1-33
2026-09-10 02:31:00,447 INFO o.a.j.t.JMeterThread: Thread finished: TCC products 1-33
2026-09-10 02:31:00,458 INFO o.a.j.t.JMeterThread: Stopping because end time detected by thread: TCC products 1-25
2026-09-10 02:31:00,458 INFO o.a.j.t.JMeterThread: Thread finished: TCC products 1-25
2026-09-10 02:31:00,469 INFO o.a.j.t.JMeterThread: Stopping because end time detected by thread: TCC products 1-31
2026-09-10 02:31:00,469 INFO o.a.j.t.JMeterThread: Thread finished: TCC products 1-31
2026-09-10 02:31:00,481 INFO o.a.j.t.JMeterThread: Stopping because end time detected by thread: TCC products 1-40
2026-09-10 02:31:00,481 INFO o.a.j.t.JMeterThread: Thread finished: TCC products 1-40
2026-09-10 02:31:00,492 INFO o.a.j.t.JMeterThread: Stopping because end time detected by thread: TCC products 1-36
2026-09-10 02:31:00,492 INFO o.a.j.t.JMeterThread: Thread finished: TCC products 1-36
2026-09-10 02:31:00,502 INFO o.a.j.t.JMeterThread: Stopping because end time detected by thread: TCC products 1-21
2026-09-10 02:31:00,503 INFO o.a.j.t.JMeterThread: Thread finished: TCC products 1-21
2026-09-10 02:31:00,513 INFO o.a.j.t.JMeterThread: Stopping because end time detected by thread: TCC products 1-4
2026-09-10 02:31:00,513 INFO o.a.j.t.JMeterThread: Thread finished: TCC products 1-4
2026-09-10 02:31:00,526 INFO o.a.j.t.JMeterThread: Stopping because end time detected by thread: TCC products 1-16
2026-09-10 02:31:00,526 INFO o.a.j.t.JMeterThread: Thread finished: TCC products 1-16
2026-09-10 02:31:00,537 INFO o.a.j.t.JMeterThread: Stopping because end time detected by thread: TCC products 1-20
2026-09-10 02:31:00,537 INFO o.a.j.t.JMeterThread: Thread finished: TCC products 1-20
2026-09-10 02:31:00,549 INFO o.a.j.t.JMeterThread: Stopping because end time detected by thread: TCC products 1-18
2026-09-10 02:31:00,549 INFO o.a.j.t.JMeterThread: Thread finished: TCC products 1-18
2026-09-10 02:31:00,560 INFO o.a.j.t.JMeterThread: Stopping because end time detected by thread: TCC products 1-5
2026-09-10 02:31:00,560 INFO o.a.j.t.JMeterThread: Thread finished: TCC products 1-5
2026-09-10 02:31:00,571 INFO o.a.j.t.JMeterThread: Stopping because end time detected by thread: TCC products 1-8
2026-09-10 02:31:00,571 INFO o.a.j.t.JMeterThread: Thread finished: TCC products 1-8
2026-09-10 02:31:00,582 INFO o.a.j.t.JMeterThread: Stopping because end time detected by thread: TCC products 1-48
2026-09-10 02:31:00,582 INFO o.a.j.t.JMeterThread: Thread finished: TCC products 1-48
2026-09-10 02:31:00,594 INFO o.a.j.t.JMeterThread: Stopping because end time detected by thread: TCC products 1-7
2026-09-10 02:31:00,594 INFO o.a.j.t.JMeterThread: Thread finished: TCC products 1-7
2026-09-10 02:31:00,606 INFO o.a.j.t.JMeterThread: Stopping because end time detected by thread: TCC products 1-23
2026-09-10 02:31:00,606 INFO o.a.j.t.JMeterThread: Thread finished: TCC products 1-23
2026-09-10 02:31:00,618 INFO o.a.j.t.JMeterThread: Stopping because end time detected by thread: TCC products 1-38
2026-09-10 02:31:00,618 INFO o.a.j.t.JMeterThread: Thread finished: TCC products 1-38
2026-09-10 02:31:00,630 INFO o.a.j.t.JMeterThread: Stopping because end time detected by thread: TCC products 1-26
2026-09-10 02:31:00,630 INFO o.a.j.t.JMeterThread: Thread finished: TCC products 1-26
2026-09-10 02:31:00,642 INFO o.a.j.t.JMeterThread: Stopping because end time detected by thread: TCC products 1-17
2026-09-10 02:31:00,642 INFO o.a.j.t.JMeterThread: Thread finished: TCC products 1-17
2026-09-10 02:31:00,654 INFO o.a.j.t.JMeterThread: Stopping because end time detected by thread: TCC products 1-13
2026-09-10 02:31:00,654 INFO o.a.j.t.JMeterThread: Thread finished: TCC products 1-13
2026-09-10 02:31:00,667 INFO o.a.j.t.JMeterThread: Stopping because end time detected by thread: TCC products 1-27
2026-09-10 02:31:00,667 INFO o.a.j.t.JMeterThread: Thread finished: TCC products 1-27
2026-09-10 02:31:00,680 INFO o.a.j.t.JMeterThread: Stopping because end time detected by thread: TCC products 1-6
2026-09-10 02:31:00,680 INFO o.a.j.t.JMeterThread: Thread finished: TCC products 1-6
2026-09-10 02:31:00,691 INFO o.a.j.t.JMeterThread: Stopping because end time detected by thread: TCC products 1-42
2026-09-10 02:31:00,691 INFO o.a.j.t.JMeterThread: Thread finished: TCC products 1-42
2026-09-10 02:31:00,702 INFO o.a.j.t.JMeterThread: Stopping because end time detected by thread: TCC products 1-22
2026-09-10 02:31:00,702 INFO o.a.j.t.JMeterThread: Thread finished: TCC products 1-22
2026-09-10 02:31:00,715 INFO o.a.j.t.JMeterThread: Stopping because end time detected by thread: TCC products 1-32
2026-09-10 02:31:00,715 INFO o.a.j.t.JMeterThread: Thread finished: TCC products 1-32
2026-09-10 02:31:00,727 INFO o.a.j.t.JMeterThread: Stopping because end time detected by thread: TCC products 1-47
2026-09-10 02:31:00,727 INFO o.a.j.t.JMeterThread: Thread finished: TCC products 1-47
2026-09-10 02:31:00,739 INFO o.a.j.t.JMeterThread: Stopping because end time detected by thread: TCC products 1-24
2026-09-10 02:31:00,739 INFO o.a.j.t.JMeterThread: Thread finished: TCC products 1-24
2026-09-10 02:31:00,751 INFO o.a.j.t.JMeterThread: Stopping because end time detected by thread: TCC products 1-46
2026-09-10 02:31:00,751 INFO o.a.j.t.JMeterThread: Thread finished: TCC products 1-46
2026-09-10 02:31:00,763 INFO o.a.j.t.JMeterThread: Stopping because end time detected by thread: TCC products 1-1
2026-09-10 02:31:00,764 INFO o.a.j.t.JMeterThread: Thread finished: TCC products 1-1
2026-09-10 02:31:00,773 INFO o.a.j.t.JMeterThread: Stopping because end time detected by thread: TCC products 1-34
2026-09-10 02:31:00,774 INFO o.a.j.t.JMeterThread: Thread finished: TCC products 1-34
2026-09-10 02:31:00,785 INFO o.a.j.t.JMeterThread: Stopping because end time detected by thread: TCC products 1-29
2026-09-10 02:31:00,785 INFO o.a.j.t.JMeterThread: Thread finished: TCC products 1-29
2026-09-10 02:31:00,785 INFO o.a.j.e.StandardJMeterEngine: Notifying test listeners of end of test
2026-09-10 02:31:00,788 INFO o.a.j.r.Summariser: summary +     69 in 00:00:01 =   89.4/s Avg:   548 Min:   541 Max:   562 Err:     0 (0.00%) Active: 0 Started: 50 Finished: 50
2026-09-10 02:31:00,788 INFO o.a.j.r.Summariser: summary =   2681 in 00:00:31 =   87.6/s Avg:   551 Min:    35 Max:   952 Err:     0 (0.00%)
