2026-09-10 09:38:26,352 INFO o.a.j.u.JMeterUtils: Setting Locale to en_EN
2026-09-10 09:38:26,370 INFO o.a.j.JMeter: Loading user properties from: /home/avituo/projects/tcc/tcc-container/.tools/apache-jmeter-5.6.3/bin/user.properties
2026-09-10 09:38:26,371 INFO o.a.j.JMeter: Loading system properties from: /home/avituo/projects/tcc/tcc-container/.tools/apache-jmeter-5.6.3/bin/system.properties
2026-09-10 09:38:26,371 INFO o.a.j.JMeter: Loading additional properties from: /home/avituo/projects/tcc/tcc-container/benchmark/jmeter/benchmark.properties
2026-09-10 09:38:26,371 INFO o.a.j.JMeter: Loading additional properties from: /tmp/tcc-benchmark-auth.xwBWUj/auth.properties
2026-09-10 09:38:26,371 INFO o.a.j.JMeter: Loading additional properties from: /home/avituo/projects/tcc/tcc-container/benchmark/results/laravel-13.20.0/final/order-create/c50/r4/microservices/thread-counters.properties
2026-09-10 09:38:26,371 INFO o.a.j.JMeter: Setting JMeter property: threads=50
2026-09-10 09:38:26,372 INFO o.a.j.JMeter: Setting JMeter property: duration_seconds=120
2026-09-10 09:38:26,372 INFO o.a.j.JMeter: Setting JMeter property: target_host=localhost
2026-09-10 09:38:26,372 INFO o.a.j.JMeter: Setting JMeter property: target_port=18080
2026-09-10 09:38:26,372 INFO o.a.j.JMeter: Setting JMeter property: tcc.order.id=20000000-0000-4000-8000-000000000001
2026-09-10 09:38:26,372 INFO o.a.j.JMeter: Setting JMeter property: repetition=4
2026-09-10 09:38:26,381 INFO o.a.j.JMeter: Copyright (c) 1998-2024 The Apache Software Foundation
2026-09-10 09:38:26,381 INFO o.a.j.JMeter: Version 5.6.3
2026-09-10 09:38:26,381 INFO o.a.j.JMeter: java.version=21.0.11
2026-09-10 09:38:26,381 INFO o.a.j.JMeter: java.vm.name=OpenJDK 64-Bit Server VM
2026-09-10 09:38:26,381 INFO o.a.j.JMeter: os.name=Linux
2026-09-10 09:38:26,381 INFO o.a.j.JMeter: os.arch=amd64
2026-09-10 09:38:26,381 INFO o.a.j.JMeter: os.version=7.0.11-76070011-generic
2026-09-10 09:38:26,381 INFO o.a.j.JMeter: file.encoding=UTF-8
2026-09-10 09:38:26,381 INFO o.a.j.JMeter: java.awt.headless=true
2026-09-10 09:38:26,381 INFO o.a.j.JMeter: Max memory     =1073741824
2026-09-10 09:38:26,381 INFO o.a.j.JMeter: Available Processors =16
2026-09-10 09:38:26,390 INFO o.a.j.JMeter: Default Locale=English (EN)
2026-09-10 09:38:26,390 INFO o.a.j.JMeter: JMeter  Locale=English (EN)
2026-09-10 09:38:26,390 INFO o.a.j.JMeter: JMeterHome=/home/avituo/projects/tcc/tcc-container/.tools/apache-jmeter-5.6.3
2026-09-10 09:38:26,391 INFO o.a.j.JMeter: user.dir  =/home/avituo/projects/tcc/tcc-container
2026-09-10 09:38:26,391 INFO o.a.j.JMeter: PWD       =/home/avituo/projects/tcc/tcc-container
2026-09-10 09:38:26,405 INFO o.a.j.JMeter: IP: 192.168.1.16 Name: pop-os FullName: pop-os.home
2026-09-10 09:38:26,417 INFO o.a.j.s.FileServer: Default base='/home/avituo/projects/tcc/tcc-container'
2026-09-10 09:38:26,419 INFO o.a.j.s.FileServer: Set new base='/home/avituo/projects/tcc/tcc-container/benchmark/jmeter'
2026-09-10 09:38:26,592 INFO o.a.j.s.SaveService: Testplan (JMX) version: 2.2. Testlog (JTL) version: 2.2
2026-09-10 09:38:26,616 INFO o.a.j.s.SaveService: Using SaveService properties version 5.0
2026-09-10 09:38:26,619 INFO o.a.j.s.SaveService: Using SaveService properties file encoding UTF-8
2026-09-10 09:38:26,623 INFO o.a.j.s.SaveService: Loading file: /home/avituo/projects/tcc/tcc-container/benchmark/jmeter/tcc-order-create-v1.jmx
2026-09-10 09:38:26,676 INFO o.a.j.p.h.s.HTTPSamplerBase: Parser for text/html is org.apache.jmeter.protocol.http.parser.LagartoBasedHtmlParser
2026-09-10 09:38:26,677 INFO o.a.j.p.h.s.HTTPSamplerBase: Parser for application/xhtml+xml is org.apache.jmeter.protocol.http.parser.LagartoBasedHtmlParser
2026-09-10 09:38:26,677 INFO o.a.j.p.h.s.HTTPSamplerBase: Parser for application/xml is org.apache.jmeter.protocol.http.parser.LagartoBasedHtmlParser
2026-09-10 09:38:26,677 INFO o.a.j.p.h.s.HTTPSamplerBase: Parser for text/xml is org.apache.jmeter.protocol.http.parser.LagartoBasedHtmlParser
2026-09-10 09:38:26,677 INFO o.a.j.p.h.s.HTTPSamplerBase: Parser for text/vnd.wap.wml is org.apache.jmeter.protocol.http.parser.RegexpHTMLParser
2026-09-10 09:38:26,677 INFO o.a.j.p.h.s.HTTPSamplerBase: Parser for text/css is org.apache.jmeter.protocol.http.parser.CssParser
2026-09-10 09:38:26,708 INFO o.a.j.JMeter: Creating summariser <summary>
2026-09-10 09:38:26,727 INFO o.a.j.e.StandardJMeterEngine: Running the test!
2026-09-10 09:38:26,728 INFO o.a.j.s.SampleEvent: List of sample_variables: []
2026-09-10 09:38:26,728 INFO o.a.j.s.SampleEvent: List of sample_variables: []
2026-09-10 09:38:26,733 INFO o.a.j.e.u.CompoundVariable: Note: Function class names must contain the string: '.functions.'
2026-09-10 09:38:26,733 INFO o.a.j.e.u.CompoundVariable: Note: Function class names must not contain the string: '.gui.'
2026-09-10 09:38:26,984 INFO o.a.j.JMeter: Running test (1789043906984)
2026-09-10 09:38:27,006 INFO o.a.j.e.StandardJMeterEngine: Starting ThreadGroup: 1 : TCC order-create
2026-09-10 09:38:27,007 INFO o.a.j.e.StandardJMeterEngine: Starting 50 threads for group TCC order-create.
2026-09-10 09:38:27,007 INFO o.a.j.e.StandardJMeterEngine: Thread will continue on error
2026-09-10 09:38:27,007 INFO o.a.j.t.ThreadGroup: Starting thread group... number=1 threads=50 ramp-up=0 delayedStart=false
2026-09-10 09:38:27,014 INFO o.a.j.t.JMeterThread: Thread started: TCC order-create 1-1
2026-09-10 09:38:27,014 INFO o.a.j.t.JMeterThread: Thread started: TCC order-create 1-2
2026-09-10 09:38:27,014 INFO o.a.j.t.JMeterThread: Thread started: TCC order-create 1-3
2026-09-10 09:38:27,014 INFO o.a.j.t.JMeterThread: Thread started: TCC order-create 1-4
2026-09-10 09:38:27,014 INFO o.a.j.t.JMeterThread: Thread started: TCC order-create 1-5
2026-09-10 09:38:27,015 INFO o.a.j.t.JMeterThread: Thread started: TCC order-create 1-6
2026-09-10 09:38:27,016 INFO o.a.j.t.JMeterThread: Thread started: TCC order-create 1-7
2026-09-10 09:38:27,016 INFO o.a.j.t.JMeterThread: Thread started: TCC order-create 1-8
2026-09-10 09:38:27,017 INFO o.a.j.t.JMeterThread: Thread started: TCC order-create 1-9
2026-09-10 09:38:27,017 INFO o.a.j.t.JMeterThread: Thread started: TCC order-create 1-10
2026-09-10 09:38:27,019 INFO o.a.j.t.JMeterThread: Thread started: TCC order-create 1-11
2026-09-10 09:38:27,019 INFO o.a.j.t.JMeterThread: Thread started: TCC order-create 1-12
2026-09-10 09:38:27,020 INFO o.a.j.t.JMeterThread: Thread started: TCC order-create 1-13
2026-09-10 09:38:27,021 INFO o.a.j.t.JMeterThread: Thread started: TCC order-create 1-14
2026-09-10 09:38:27,022 INFO o.a.j.t.JMeterThread: Thread started: TCC order-create 1-15
2026-09-10 09:38:27,023 INFO o.a.j.t.JMeterThread: Thread started: TCC order-create 1-16
2026-09-10 09:38:27,024 INFO o.a.j.t.JMeterThread: Thread started: TCC order-create 1-17
2026-09-10 09:38:27,025 INFO o.a.j.t.JMeterThread: Thread started: TCC order-create 1-18
2026-09-10 09:38:27,026 INFO o.a.j.t.JMeterThread: Thread started: TCC order-create 1-19
2026-09-10 09:38:27,026 INFO o.a.j.t.JMeterThread: Thread started: TCC order-create 1-20
2026-09-10 09:38:27,027 INFO o.a.j.t.JMeterThread: Thread started: TCC order-create 1-21
2026-09-10 09:38:27,027 INFO o.a.j.t.JMeterThread: Thread started: TCC order-create 1-22
2026-09-10 09:38:27,028 INFO o.a.j.t.JMeterThread: Thread started: TCC order-create 1-23
2026-09-10 09:38:27,029 INFO o.a.j.t.JMeterThread: Thread started: TCC order-create 1-24
2026-09-10 09:38:27,030 INFO o.a.j.t.JMeterThread: Thread started: TCC order-create 1-25
2026-09-10 09:38:27,030 INFO o.a.j.t.JMeterThread: Thread started: TCC order-create 1-26
2026-09-10 09:38:27,031 INFO o.a.j.t.JMeterThread: Thread started: TCC order-create 1-28
2026-09-10 09:38:27,031 INFO o.a.j.t.JMeterThread: Thread started: TCC order-create 1-27
2026-09-10 09:38:27,031 INFO o.a.j.t.JMeterThread: Thread started: TCC order-create 1-29
2026-09-10 09:38:27,031 INFO o.a.j.t.JMeterThread: Thread started: TCC order-create 1-30
2026-09-10 09:38:27,032 INFO o.a.j.t.JMeterThread: Thread started: TCC order-create 1-31
2026-09-10 09:38:27,033 INFO o.a.j.t.JMeterThread: Thread started: TCC order-create 1-32
2026-09-10 09:38:27,033 INFO o.a.j.t.JMeterThread: Thread started: TCC order-create 1-33
2026-09-10 09:38:27,033 INFO o.a.j.t.JMeterThread: Thread started: TCC order-create 1-34
2026-09-10 09:38:27,034 INFO o.a.j.t.JMeterThread: Thread started: TCC order-create 1-35
2026-09-10 09:38:27,035 INFO o.a.j.t.JMeterThread: Thread started: TCC order-create 1-36
2026-09-10 09:38:27,036 INFO o.a.j.t.JMeterThread: Thread started: TCC order-create 1-37
2026-09-10 09:38:27,037 INFO o.a.j.t.JMeterThread: Thread started: TCC order-create 1-38
2026-09-10 09:38:27,037 INFO o.a.j.t.JMeterThread: Thread started: TCC order-create 1-39
2026-09-10 09:38:27,038 INFO o.a.j.t.JMeterThread: Thread started: TCC order-create 1-40
2026-09-10 09:38:27,039 INFO o.a.j.t.JMeterThread: Thread started: TCC order-create 1-41
2026-09-10 09:38:27,040 INFO o.a.j.t.JMeterThread: Thread started: TCC order-create 1-42
2026-09-10 09:38:27,041 INFO o.a.j.t.JMeterThread: Thread started: TCC order-create 1-43
2026-09-10 09:38:27,042 INFO o.a.j.t.JMeterThread: Thread started: TCC order-create 1-44
2026-09-10 09:38:27,043 INFO o.a.j.t.JMeterThread: Thread started: TCC order-create 1-45
2026-09-10 09:38:27,043 INFO o.a.j.t.JMeterThread: Thread started: TCC order-create 1-46
2026-09-10 09:38:27,044 INFO o.a.j.t.JMeterThread: Thread started: TCC order-create 1-47
2026-09-10 09:38:27,045 INFO o.a.j.t.JMeterThread: Thread started: TCC order-create 1-48
2026-09-10 09:38:27,046 INFO o.a.j.t.JMeterThread: Thread started: TCC order-create 1-49
2026-09-10 09:38:27,046 INFO o.a.j.t.ThreadGroup: Started thread group number 1
2026-09-10 09:38:27,047 INFO o.a.j.e.StandardJMeterEngine: All thread groups have been started
2026-09-10 09:38:27,047 INFO o.a.j.t.JMeterThread: Thread started: TCC order-create 1-50
2026-09-10 09:38:27,776 INFO o.a.j.p.h.s.HTTPHCAbstractImpl: Local host = pop-os
2026-09-10 09:38:27,782 INFO o.a.j.p.h.s.HTTPHC4Impl: HTTP request retry count = 0
2026-09-10 09:38:27,783 INFO o.a.j.s.SampleResult: Note: Sample TimeStamps are START times
2026-09-10 09:38:27,783 INFO o.a.j.s.SampleResult: sampleresult.default.encoding is set to UTF-8
2026-09-10 09:38:27,783 INFO o.a.j.s.SampleResult: sampleresult.useNanoTime=true
2026-09-10 09:38:27,784 INFO o.a.j.s.SampleResult: sampleresult.nanoThreadSleep=5000
2026-09-10 09:38:30,012 INFO o.a.j.r.Summariser: summary +     38 in 00:00:03 =   12.5/s Avg:  1153 Min:   142 Max:  2143 Err:     0 (0.00%) Active: 50 Started: 50 Finished: 0
2026-09-10 09:39:00,008 INFO o.a.j.r.Summariser: summary +    565 in 00:00:30 =   18.8/s Avg:  2650 Min:  2202 Max:  2783 Err:     0 (0.00%) Active: 50 Started: 50 Finished: 0
2026-09-10 09:39:00,009 INFO o.a.j.r.Summariser: summary =    603 in 00:00:33 =   18.3/s Avg:  2556 Min:   142 Max:  2783 Err:     0 (0.00%)
2026-09-10 09:39:30,040 INFO o.a.j.r.Summariser: summary +    548 in 00:00:30 =   18.2/s Avg:  2739 Min:  2574 Max:  3722 Err:     0 (0.00%) Active: 50 Started: 50 Finished: 0
2026-09-10 09:39:30,040 INFO o.a.j.r.Summariser: summary =   1151 in 00:01:03 =   18.3/s Avg:  2643 Min:   142 Max:  3722 Err:     0 (0.00%)
2026-09-10 09:40:00,046 INFO o.a.j.r.Summariser: summary +    566 in 00:00:30 =   18.9/s Avg:  2649 Min:  2600 Max:  2730 Err:     0 (0.00%) Active: 50 Started: 50 Finished: 0
2026-09-10 09:40:00,046 INFO o.a.j.r.Summariser: summary =   1717 in 00:01:33 =   18.5/s Avg:  2645 Min:   142 Max:  3722 Err:     0 (0.00%)
2026-09-10 09:40:27,070 INFO o.a.j.t.JMeterThread: Stopping because end time detected by thread: TCC order-create 1-27
2026-09-10 09:40:27,071 INFO o.a.j.t.JMeterThread: Thread finished: TCC order-create 1-27
2026-09-10 09:40:27,126 INFO o.a.j.t.JMeterThread: Stopping because end time detected by thread: TCC order-create 1-46
2026-09-10 09:40:27,126 INFO o.a.j.t.JMeterThread: Thread finished: TCC order-create 1-46
2026-09-10 09:40:27,177 INFO o.a.j.t.JMeterThread: Stopping because end time detected by thread: TCC order-create 1-7
2026-09-10 09:40:27,177 INFO o.a.j.t.JMeterThread: Thread finished: TCC order-create 1-7
2026-09-10 09:40:27,230 INFO o.a.j.t.JMeterThread: Stopping because end time detected by thread: TCC order-create 1-37
2026-09-10 09:40:27,230 INFO o.a.j.t.JMeterThread: Thread finished: TCC order-create 1-37
2026-09-10 09:40:27,280 INFO o.a.j.t.JMeterThread: Stopping because end time detected by thread: TCC order-create 1-23
2026-09-10 09:40:27,280 INFO o.a.j.t.JMeterThread: Thread finished: TCC order-create 1-23
2026-09-10 09:40:27,334 INFO o.a.j.t.JMeterThread: Stopping because end time detected by thread: TCC order-create 1-21
2026-09-10 09:40:27,334 INFO o.a.j.t.JMeterThread: Thread finished: TCC order-create 1-21
2026-09-10 09:40:27,390 INFO o.a.j.t.JMeterThread: Stopping because end time detected by thread: TCC order-create 1-10
2026-09-10 09:40:27,390 INFO o.a.j.t.JMeterThread: Thread finished: TCC order-create 1-10
2026-09-10 09:40:27,441 INFO o.a.j.t.JMeterThread: Stopping because end time detected by thread: TCC order-create 1-36
2026-09-10 09:40:27,441 INFO o.a.j.t.JMeterThread: Thread finished: TCC order-create 1-36
2026-09-10 09:40:27,492 INFO o.a.j.t.JMeterThread: Stopping because end time detected by thread: TCC order-create 1-22
2026-09-10 09:40:27,492 INFO o.a.j.t.JMeterThread: Thread finished: TCC order-create 1-22
2026-09-10 09:40:27,545 INFO o.a.j.t.JMeterThread: Stopping because end time detected by thread: TCC order-create 1-40
2026-09-10 09:40:27,546 INFO o.a.j.t.JMeterThread: Thread finished: TCC order-create 1-40
2026-09-10 09:40:27,597 INFO o.a.j.t.JMeterThread: Stopping because end time detected by thread: TCC order-create 1-44
2026-09-10 09:40:27,597 INFO o.a.j.t.JMeterThread: Thread finished: TCC order-create 1-44
2026-09-10 09:40:27,650 INFO o.a.j.t.JMeterThread: Stopping because end time detected by thread: TCC order-create 1-33
2026-09-10 09:40:27,650 INFO o.a.j.t.JMeterThread: Thread finished: TCC order-create 1-33
2026-09-10 09:40:27,704 INFO o.a.j.t.JMeterThread: Stopping because end time detected by thread: TCC order-create 1-15
2026-09-10 09:40:27,704 INFO o.a.j.t.JMeterThread: Thread finished: TCC order-create 1-15
2026-09-10 09:40:27,755 INFO o.a.j.t.JMeterThread: Stopping because end time detected by thread: TCC order-create 1-26
2026-09-10 09:40:27,756 INFO o.a.j.t.JMeterThread: Thread finished: TCC order-create 1-26
2026-09-10 09:40:27,808 INFO o.a.j.t.JMeterThread: Stopping because end time detected by thread: TCC order-create 1-6
2026-09-10 09:40:27,809 INFO o.a.j.t.JMeterThread: Thread finished: TCC order-create 1-6
2026-09-10 09:40:27,860 INFO o.a.j.t.JMeterThread: Stopping because end time detected by thread: TCC order-create 1-32
2026-09-10 09:40:27,860 INFO o.a.j.t.JMeterThread: Thread finished: TCC order-create 1-32
2026-09-10 09:40:27,915 INFO o.a.j.t.JMeterThread: Stopping because end time detected by thread: TCC order-create 1-50
2026-09-10 09:40:27,915 INFO o.a.j.t.JMeterThread: Thread finished: TCC order-create 1-50
2026-09-10 09:40:27,964 INFO o.a.j.t.JMeterThread: Stopping because end time detected by thread: TCC order-create 1-42
2026-09-10 09:40:27,964 INFO o.a.j.t.JMeterThread: Thread finished: TCC order-create 1-42
2026-09-10 09:40:28,016 INFO o.a.j.t.JMeterThread: Stopping because end time detected by thread: TCC order-create 1-16
2026-09-10 09:40:28,016 INFO o.a.j.t.JMeterThread: Thread finished: TCC order-create 1-16
2026-09-10 09:40:28,065 INFO o.a.j.t.JMeterThread: Stopping because end time detected by thread: TCC order-create 1-47
2026-09-10 09:40:28,065 INFO o.a.j.t.JMeterThread: Thread finished: TCC order-create 1-47
2026-09-10 09:40:28,116 INFO o.a.j.t.JMeterThread: Stopping because end time detected by thread: TCC order-create 1-20
2026-09-10 09:40:28,117 INFO o.a.j.t.JMeterThread: Thread finished: TCC order-create 1-20
2026-09-10 09:40:28,167 INFO o.a.j.t.JMeterThread: Stopping because end time detected by thread: TCC order-create 1-18
2026-09-10 09:40:28,167 INFO o.a.j.t.JMeterThread: Thread finished: TCC order-create 1-18
2026-09-10 09:40:28,219 INFO o.a.j.t.JMeterThread: Stopping because end time detected by thread: TCC order-create 1-35
2026-09-10 09:40:28,219 INFO o.a.j.t.JMeterThread: Thread finished: TCC order-create 1-35
2026-09-10 09:40:28,271 INFO o.a.j.t.JMeterThread: Stopping because end time detected by thread: TCC order-create 1-28
2026-09-10 09:40:28,271 INFO o.a.j.t.JMeterThread: Thread finished: TCC order-create 1-28
2026-09-10 09:40:28,321 INFO o.a.j.t.JMeterThread: Stopping because end time detected by thread: TCC order-create 1-25
2026-09-10 09:40:28,321 INFO o.a.j.t.JMeterThread: Thread finished: TCC order-create 1-25
2026-09-10 09:40:28,370 INFO o.a.j.t.JMeterThread: Stopping because end time detected by thread: TCC order-create 1-11
2026-09-10 09:40:28,370 INFO o.a.j.t.JMeterThread: Thread finished: TCC order-create 1-11
2026-09-10 09:40:28,421 INFO o.a.j.t.JMeterThread: Stopping because end time detected by thread: TCC order-create 1-39
2026-09-10 09:40:28,421 INFO o.a.j.t.JMeterThread: Thread finished: TCC order-create 1-39
2026-09-10 09:40:28,471 INFO o.a.j.t.JMeterThread: Stopping because end time detected by thread: TCC order-create 1-12
2026-09-10 09:40:28,472 INFO o.a.j.t.JMeterThread: Thread finished: TCC order-create 1-12
2026-09-10 09:40:28,524 INFO o.a.j.t.JMeterThread: Stopping because end time detected by thread: TCC order-create 1-29
2026-09-10 09:40:28,524 INFO o.a.j.t.JMeterThread: Thread finished: TCC order-create 1-29
2026-09-10 09:40:28,575 INFO o.a.j.t.JMeterThread: Stopping because end time detected by thread: TCC order-create 1-45
2026-09-10 09:40:28,576 INFO o.a.j.t.JMeterThread: Thread finished: TCC order-create 1-45
2026-09-10 09:40:28,628 INFO o.a.j.t.JMeterThread: Stopping because end time detected by thread: TCC order-create 1-49
2026-09-10 09:40:28,629 INFO o.a.j.t.JMeterThread: Thread finished: TCC order-create 1-49
2026-09-10 09:40:28,681 INFO o.a.j.t.JMeterThread: Stopping because end time detected by thread: TCC order-create 1-43
2026-09-10 09:40:28,682 INFO o.a.j.t.JMeterThread: Thread finished: TCC order-create 1-43
2026-09-10 09:40:28,733 INFO o.a.j.t.JMeterThread: Stopping because end time detected by thread: TCC order-create 1-5
2026-09-10 09:40:28,733 INFO o.a.j.t.JMeterThread: Thread finished: TCC order-create 1-5
2026-09-10 09:40:28,790 INFO o.a.j.t.JMeterThread: Stopping because end time detected by thread: TCC order-create 1-13
2026-09-10 09:40:28,790 INFO o.a.j.t.JMeterThread: Thread finished: TCC order-create 1-13
2026-09-10 09:40:28,846 INFO o.a.j.t.JMeterThread: Stopping because end time detected by thread: TCC order-create 1-14
2026-09-10 09:40:28,846 INFO o.a.j.t.JMeterThread: Thread finished: TCC order-create 1-14
2026-09-10 09:40:28,896 INFO o.a.j.t.JMeterThread: Stopping because end time detected by thread: TCC order-create 1-41
2026-09-10 09:40:28,897 INFO o.a.j.t.JMeterThread: Thread finished: TCC order-create 1-41
2026-09-10 09:40:28,948 INFO o.a.j.t.JMeterThread: Stopping because end time detected by thread: TCC order-create 1-8
2026-09-10 09:40:28,948 INFO o.a.j.t.JMeterThread: Thread finished: TCC order-create 1-8
2026-09-10 09:40:29,002 INFO o.a.j.t.JMeterThread: Stopping because end time detected by thread: TCC order-create 1-38
2026-09-10 09:40:29,002 INFO o.a.j.t.JMeterThread: Thread finished: TCC order-create 1-38
2026-09-10 09:40:29,053 INFO o.a.j.t.JMeterThread: Stopping because end time detected by thread: TCC order-create 1-31
2026-09-10 09:40:29,054 INFO o.a.j.t.JMeterThread: Thread finished: TCC order-create 1-31
2026-09-10 09:40:29,104 INFO o.a.j.t.JMeterThread: Stopping because end time detected by thread: TCC order-create 1-3
2026-09-10 09:40:29,104 INFO o.a.j.t.JMeterThread: Thread finished: TCC order-create 1-3
2026-09-10 09:40:29,154 INFO o.a.j.t.JMeterThread: Stopping because end time detected by thread: TCC order-create 1-1
2026-09-10 09:40:29,154 INFO o.a.j.t.JMeterThread: Thread finished: TCC order-create 1-1
2026-09-10 09:40:29,209 INFO o.a.j.t.JMeterThread: Stopping because end time detected by thread: TCC order-create 1-2
2026-09-10 09:40:29,209 INFO o.a.j.t.JMeterThread: Thread finished: TCC order-create 1-2
2026-09-10 09:40:29,261 INFO o.a.j.t.JMeterThread: Stopping because end time detected by thread: TCC order-create 1-48
2026-09-10 09:40:29,261 INFO o.a.j.t.JMeterThread: Thread finished: TCC order-create 1-48
2026-09-10 09:40:29,312 INFO o.a.j.t.JMeterThread: Stopping because end time detected by thread: TCC order-create 1-19
2026-09-10 09:40:29,312 INFO o.a.j.t.JMeterThread: Thread finished: TCC order-create 1-19
2026-09-10 09:40:29,361 INFO o.a.j.t.JMeterThread: Stopping because end time detected by thread: TCC order-create 1-4
2026-09-10 09:40:29,362 INFO o.a.j.t.JMeterThread: Thread finished: TCC order-create 1-4
2026-09-10 09:40:29,411 INFO o.a.j.t.JMeterThread: Stopping because end time detected by thread: TCC order-create 1-34
2026-09-10 09:40:29,411 INFO o.a.j.t.JMeterThread: Thread finished: TCC order-create 1-34
2026-09-10 09:40:29,461 INFO o.a.j.t.JMeterThread: Stopping because end time detected by thread: TCC order-create 1-9
2026-09-10 09:40:29,461 INFO o.a.j.t.JMeterThread: Thread finished: TCC order-create 1-9
2026-09-10 09:40:29,515 INFO o.a.j.t.JMeterThread: Stopping because end time detected by thread: TCC order-create 1-30
2026-09-10 09:40:29,515 INFO o.a.j.t.JMeterThread: Thread finished: TCC order-create 1-30
2026-09-10 09:40:29,566 INFO o.a.j.t.JMeterThread: Stopping because end time detected by thread: TCC order-create 1-24
2026-09-10 09:40:29,566 INFO o.a.j.t.JMeterThread: Thread finished: TCC order-create 1-24
2026-09-10 09:40:29,619 INFO o.a.j.t.JMeterThread: Stopping because end time detected by thread: TCC order-create 1-17
2026-09-10 09:40:29,620 INFO o.a.j.t.JMeterThread: Thread finished: TCC order-create 1-17
2026-09-10 09:40:29,620 INFO o.a.j.e.StandardJMeterEngine: Notifying test listeners of end of test
2026-09-10 09:40:29,624 INFO o.a.j.r.Summariser: summary +    548 in 00:00:30 =   18.5/s Avg:  2700 Min:  2572 Max:  3588 Err:     0 (0.00%) Active: 0 Started: 50 Finished: 50
2026-09-10 09:40:29,624 INFO o.a.j.r.Summariser: summary =   2265 in 00:02:03 =   18.5/s Avg:  2658 Min:   142 Max:  3722 Err:     0 (0.00%)
