2026-09-10 06:49:14,163 INFO o.a.j.u.JMeterUtils: Setting Locale to en_EN
2026-09-10 06:49:14,180 INFO o.a.j.JMeter: Loading user properties from: /home/avituo/projects/tcc/tcc-container/.tools/apache-jmeter-5.6.3/bin/user.properties
2026-09-10 06:49:14,181 INFO o.a.j.JMeter: Loading system properties from: /home/avituo/projects/tcc/tcc-container/.tools/apache-jmeter-5.6.3/bin/system.properties
2026-09-10 06:49:14,181 INFO o.a.j.JMeter: Loading additional properties from: /home/avituo/projects/tcc/tcc-container/benchmark/jmeter/benchmark.properties
2026-09-10 06:49:14,181 INFO o.a.j.JMeter: Loading additional properties from: /tmp/tcc-benchmark-auth.av45ZB/auth.properties
2026-09-10 06:49:14,181 INFO o.a.j.JMeter: Loading additional properties from: /home/avituo/projects/tcc/tcc-container/benchmark/results/laravel-13.20.0/final/order-show/c25/r5/microservices/thread-counters.properties
2026-09-10 06:49:14,181 INFO o.a.j.JMeter: Setting JMeter property: threads=25
2026-09-10 06:49:14,181 INFO o.a.j.JMeter: Setting JMeter property: duration_seconds=120
2026-09-10 06:49:14,181 INFO o.a.j.JMeter: Setting JMeter property: target_host=localhost
2026-09-10 06:49:14,181 INFO o.a.j.JMeter: Setting JMeter property: target_port=18080
2026-09-10 06:49:14,181 INFO o.a.j.JMeter: Setting JMeter property: tcc.order.id=20000000-0000-4000-8000-000000000001
2026-09-10 06:49:14,182 INFO o.a.j.JMeter: Setting JMeter property: repetition=5
2026-09-10 06:49:14,189 INFO o.a.j.JMeter: Copyright (c) 1998-2024 The Apache Software Foundation
2026-09-10 06:49:14,189 INFO o.a.j.JMeter: Version 5.6.3
2026-09-10 06:49:14,189 INFO o.a.j.JMeter: java.version=21.0.11
2026-09-10 06:49:14,189 INFO o.a.j.JMeter: java.vm.name=OpenJDK 64-Bit Server VM
2026-09-10 06:49:14,189 INFO o.a.j.JMeter: os.name=Linux
2026-09-10 06:49:14,190 INFO o.a.j.JMeter: os.arch=amd64
2026-09-10 06:49:14,190 INFO o.a.j.JMeter: os.version=7.0.11-76070011-generic
2026-09-10 06:49:14,190 INFO o.a.j.JMeter: file.encoding=UTF-8
2026-09-10 06:49:14,190 INFO o.a.j.JMeter: java.awt.headless=true
2026-09-10 06:49:14,190 INFO o.a.j.JMeter: Max memory     =1073741824
2026-09-10 06:49:14,190 INFO o.a.j.JMeter: Available Processors =16
2026-09-10 06:49:14,198 INFO o.a.j.JMeter: Default Locale=English (EN)
2026-09-10 06:49:14,198 INFO o.a.j.JMeter: JMeter  Locale=English (EN)
2026-09-10 06:49:14,198 INFO o.a.j.JMeter: JMeterHome=/home/avituo/projects/tcc/tcc-container/.tools/apache-jmeter-5.6.3
2026-09-10 06:49:14,198 INFO o.a.j.JMeter: user.dir  =/home/avituo/projects/tcc/tcc-container
2026-09-10 06:49:14,199 INFO o.a.j.JMeter: PWD       =/home/avituo/projects/tcc/tcc-container
2026-09-10 06:49:14,206 INFO o.a.j.JMeter: IP: 192.168.1.16 Name: pop-os FullName: pop-os.home
2026-09-10 06:49:14,218 INFO o.a.j.s.FileServer: Default base='/home/avituo/projects/tcc/tcc-container'
2026-09-10 06:49:14,220 INFO o.a.j.s.FileServer: Set new base='/home/avituo/projects/tcc/tcc-container/benchmark/jmeter'
2026-09-10 06:49:14,397 INFO o.a.j.s.SaveService: Testplan (JMX) version: 2.2. Testlog (JTL) version: 2.2
2026-09-10 06:49:14,422 INFO o.a.j.s.SaveService: Using SaveService properties version 5.0
2026-09-10 06:49:14,426 INFO o.a.j.s.SaveService: Using SaveService properties file encoding UTF-8
2026-09-10 06:49:14,430 INFO o.a.j.s.SaveService: Loading file: /home/avituo/projects/tcc/tcc-container/benchmark/jmeter/tcc-order-show-v1.jmx
2026-09-10 06:49:14,483 INFO o.a.j.p.h.s.HTTPSamplerBase: Parser for text/html is org.apache.jmeter.protocol.http.parser.LagartoBasedHtmlParser
2026-09-10 06:49:14,483 INFO o.a.j.p.h.s.HTTPSamplerBase: Parser for application/xhtml+xml is org.apache.jmeter.protocol.http.parser.LagartoBasedHtmlParser
2026-09-10 06:49:14,483 INFO o.a.j.p.h.s.HTTPSamplerBase: Parser for application/xml is org.apache.jmeter.protocol.http.parser.LagartoBasedHtmlParser
2026-09-10 06:49:14,483 INFO o.a.j.p.h.s.HTTPSamplerBase: Parser for text/xml is org.apache.jmeter.protocol.http.parser.LagartoBasedHtmlParser
2026-09-10 06:49:14,483 INFO o.a.j.p.h.s.HTTPSamplerBase: Parser for text/vnd.wap.wml is org.apache.jmeter.protocol.http.parser.RegexpHTMLParser
2026-09-10 06:49:14,483 INFO o.a.j.p.h.s.HTTPSamplerBase: Parser for text/css is org.apache.jmeter.protocol.http.parser.CssParser
2026-09-10 06:49:14,512 INFO o.a.j.JMeter: Creating summariser <summary>
2026-09-10 06:49:14,532 INFO o.a.j.e.StandardJMeterEngine: Running the test!
2026-09-10 06:49:14,533 INFO o.a.j.s.SampleEvent: List of sample_variables: []
2026-09-10 06:49:14,533 INFO o.a.j.s.SampleEvent: List of sample_variables: []
2026-09-10 06:49:14,537 INFO o.a.j.e.u.CompoundVariable: Note: Function class names must contain the string: '.functions.'
2026-09-10 06:49:14,537 INFO o.a.j.e.u.CompoundVariable: Note: Function class names must not contain the string: '.gui.'
2026-09-10 06:49:14,790 INFO o.a.j.JMeter: Running test (1789033754790)
2026-09-10 06:49:14,812 INFO o.a.j.e.StandardJMeterEngine: Starting ThreadGroup: 1 : TCC order-show
2026-09-10 06:49:14,812 INFO o.a.j.e.StandardJMeterEngine: Starting 25 threads for group TCC order-show.
2026-09-10 06:49:14,812 INFO o.a.j.e.StandardJMeterEngine: Thread will continue on error
2026-09-10 06:49:14,812 INFO o.a.j.t.ThreadGroup: Starting thread group... number=1 threads=25 ramp-up=0 delayedStart=false
2026-09-10 06:49:14,820 INFO o.a.j.t.JMeterThread: Thread started: TCC order-show 1-2
2026-09-10 06:49:14,820 INFO o.a.j.t.JMeterThread: Thread started: TCC order-show 1-1
2026-09-10 06:49:14,820 INFO o.a.j.t.JMeterThread: Thread started: TCC order-show 1-6
2026-09-10 06:49:14,820 INFO o.a.j.t.JMeterThread: Thread started: TCC order-show 1-3
2026-09-10 06:49:14,820 INFO o.a.j.t.JMeterThread: Thread started: TCC order-show 1-4
2026-09-10 06:49:14,820 INFO o.a.j.t.JMeterThread: Thread started: TCC order-show 1-5
2026-09-10 06:49:14,821 INFO o.a.j.t.JMeterThread: Thread started: TCC order-show 1-7
2026-09-10 06:49:14,822 INFO o.a.j.t.JMeterThread: Thread started: TCC order-show 1-8
2026-09-10 06:49:14,822 INFO o.a.j.t.JMeterThread: Thread started: TCC order-show 1-9
2026-09-10 06:49:14,823 INFO o.a.j.t.JMeterThread: Thread started: TCC order-show 1-10
2026-09-10 06:49:14,824 INFO o.a.j.t.JMeterThread: Thread started: TCC order-show 1-11
2026-09-10 06:49:14,826 INFO o.a.j.t.JMeterThread: Thread started: TCC order-show 1-12
2026-09-10 06:49:14,826 INFO o.a.j.t.JMeterThread: Thread started: TCC order-show 1-13
2026-09-10 06:49:14,827 INFO o.a.j.t.JMeterThread: Thread started: TCC order-show 1-14
2026-09-10 06:49:14,828 INFO o.a.j.t.JMeterThread: Thread started: TCC order-show 1-15
2026-09-10 06:49:14,829 INFO o.a.j.t.JMeterThread: Thread started: TCC order-show 1-16
2026-09-10 06:49:14,829 INFO o.a.j.t.JMeterThread: Thread started: TCC order-show 1-17
2026-09-10 06:49:14,830 INFO o.a.j.t.JMeterThread: Thread started: TCC order-show 1-18
2026-09-10 06:49:14,831 INFO o.a.j.t.JMeterThread: Thread started: TCC order-show 1-19
2026-09-10 06:49:14,831 INFO o.a.j.t.JMeterThread: Thread started: TCC order-show 1-20
2026-09-10 06:49:14,832 INFO o.a.j.t.JMeterThread: Thread started: TCC order-show 1-21
2026-09-10 06:49:14,833 INFO o.a.j.t.JMeterThread: Thread started: TCC order-show 1-22
2026-09-10 06:49:14,833 INFO o.a.j.t.JMeterThread: Thread started: TCC order-show 1-23
2026-09-10 06:49:14,834 INFO o.a.j.t.JMeterThread: Thread started: TCC order-show 1-24
2026-09-10 06:49:14,834 INFO o.a.j.t.ThreadGroup: Started thread group number 1
2026-09-10 06:49:14,834 INFO o.a.j.e.StandardJMeterEngine: All thread groups have been started
2026-09-10 06:49:14,834 INFO o.a.j.t.JMeterThread: Thread started: TCC order-show 1-25
2026-09-10 06:49:14,840 INFO o.a.j.p.h.s.HTTPHCAbstractImpl: Local host = pop-os
2026-09-10 06:49:14,848 INFO o.a.j.p.h.s.HTTPHC4Impl: HTTP request retry count = 0
2026-09-10 06:49:14,849 INFO o.a.j.s.SampleResult: Note: Sample TimeStamps are START times
2026-09-10 06:49:14,849 INFO o.a.j.s.SampleResult: sampleresult.default.encoding is set to UTF-8
2026-09-10 06:49:14,849 INFO o.a.j.s.SampleResult: sampleresult.useNanoTime=true
2026-09-10 06:49:14,849 INFO o.a.j.s.SampleResult: sampleresult.nanoThreadSleep=5000
2026-09-10 06:49:30,005 INFO o.a.j.r.Summariser: summary +   1953 in 00:00:15 =  128.4/s Avg:   181 Min:    25 Max:   373 Err:     0 (0.00%) Active: 25 Started: 25 Finished: 0
2026-09-10 06:50:00,003 INFO o.a.j.r.Summariser: summary +   4238 in 00:00:30 =  141.3/s Avg:   176 Min:   163 Max:   211 Err:     0 (0.00%) Active: 25 Started: 25 Finished: 0
2026-09-10 06:50:00,004 INFO o.a.j.r.Summariser: summary =   6191 in 00:00:45 =  136.9/s Avg:   178 Min:    25 Max:   373 Err:     0 (0.00%)
2026-09-10 06:50:30,005 INFO o.a.j.r.Summariser: summary +   4295 in 00:00:30 =  143.2/s Avg:   174 Min:   161 Max:   202 Err:     0 (0.00%) Active: 25 Started: 25 Finished: 0
2026-09-10 06:50:30,005 INFO o.a.j.r.Summariser: summary =  10486 in 00:01:15 =  139.4/s Avg:   176 Min:    25 Max:   373 Err:     0 (0.00%)
2026-09-10 06:51:00,006 INFO o.a.j.r.Summariser: summary +   4332 in 00:00:30 =  144.4/s Avg:   172 Min:   164 Max:   182 Err:     0 (0.00%) Active: 25 Started: 25 Finished: 0
2026-09-10 06:51:00,006 INFO o.a.j.r.Summariser: summary =  14818 in 00:01:45 =  140.8/s Avg:   175 Min:    25 Max:   373 Err:     0 (0.00%)
2026-09-10 06:51:14,819 INFO o.a.j.t.JMeterThread: Stopping because end time detected by thread: TCC order-show 1-4
2026-09-10 06:51:14,820 INFO o.a.j.t.JMeterThread: Thread finished: TCC order-show 1-4
2026-09-10 06:51:14,833 INFO o.a.j.t.JMeterThread: Stopping because end time detected by thread: TCC order-show 1-14
2026-09-10 06:51:14,834 INFO o.a.j.t.JMeterThread: Thread finished: TCC order-show 1-14
2026-09-10 06:51:14,841 INFO o.a.j.t.JMeterThread: Stopping because end time detected by thread: TCC order-show 1-21
2026-09-10 06:51:14,841 INFO o.a.j.t.JMeterThread: Thread finished: TCC order-show 1-21
2026-09-10 06:51:14,847 INFO o.a.j.t.JMeterThread: Stopping because end time detected by thread: TCC order-show 1-23
2026-09-10 06:51:14,848 INFO o.a.j.t.JMeterThread: Thread finished: TCC order-show 1-23
2026-09-10 06:51:14,854 INFO o.a.j.t.JMeterThread: Stopping because end time detected by thread: TCC order-show 1-19
2026-09-10 06:51:14,854 INFO o.a.j.t.JMeterThread: Thread finished: TCC order-show 1-19
2026-09-10 06:51:14,861 INFO o.a.j.t.JMeterThread: Stopping because end time detected by thread: TCC order-show 1-12
2026-09-10 06:51:14,861 INFO o.a.j.t.JMeterThread: Thread finished: TCC order-show 1-12
2026-09-10 06:51:14,868 INFO o.a.j.t.JMeterThread: Stopping because end time detected by thread: TCC order-show 1-9
2026-09-10 06:51:14,868 INFO o.a.j.t.JMeterThread: Thread finished: TCC order-show 1-9
2026-09-10 06:51:14,875 INFO o.a.j.t.JMeterThread: Stopping because end time detected by thread: TCC order-show 1-22
2026-09-10 06:51:14,875 INFO o.a.j.t.JMeterThread: Thread finished: TCC order-show 1-22
2026-09-10 06:51:14,882 INFO o.a.j.t.JMeterThread: Stopping because end time detected by thread: TCC order-show 1-20
2026-09-10 06:51:14,882 INFO o.a.j.t.JMeterThread: Thread finished: TCC order-show 1-20
2026-09-10 06:51:14,889 INFO o.a.j.t.JMeterThread: Stopping because end time detected by thread: TCC order-show 1-7
2026-09-10 06:51:14,889 INFO o.a.j.t.JMeterThread: Thread finished: TCC order-show 1-7
2026-09-10 06:51:14,896 INFO o.a.j.t.JMeterThread: Stopping because end time detected by thread: TCC order-show 1-3
2026-09-10 06:51:14,896 INFO o.a.j.t.JMeterThread: Thread finished: TCC order-show 1-3
2026-09-10 06:51:14,903 INFO o.a.j.t.JMeterThread: Stopping because end time detected by thread: TCC order-show 1-17
2026-09-10 06:51:14,903 INFO o.a.j.t.JMeterThread: Thread finished: TCC order-show 1-17
2026-09-10 06:51:14,910 INFO o.a.j.t.JMeterThread: Stopping because end time detected by thread: TCC order-show 1-6
2026-09-10 06:51:14,910 INFO o.a.j.t.JMeterThread: Thread finished: TCC order-show 1-6
2026-09-10 06:51:14,916 INFO o.a.j.t.JMeterThread: Stopping because end time detected by thread: TCC order-show 1-24
2026-09-10 06:51:14,916 INFO o.a.j.t.JMeterThread: Thread finished: TCC order-show 1-24
2026-09-10 06:51:14,923 INFO o.a.j.t.JMeterThread: Stopping because end time detected by thread: TCC order-show 1-16
2026-09-10 06:51:14,923 INFO o.a.j.t.JMeterThread: Thread finished: TCC order-show 1-16
2026-09-10 06:51:14,930 INFO o.a.j.t.JMeterThread: Stopping because end time detected by thread: TCC order-show 1-8
2026-09-10 06:51:14,931 INFO o.a.j.t.JMeterThread: Thread finished: TCC order-show 1-8
2026-09-10 06:51:14,937 INFO o.a.j.t.JMeterThread: Stopping because end time detected by thread: TCC order-show 1-1
2026-09-10 06:51:14,938 INFO o.a.j.t.JMeterThread: Thread finished: TCC order-show 1-1
2026-09-10 06:51:14,944 INFO o.a.j.t.JMeterThread: Stopping because end time detected by thread: TCC order-show 1-5
2026-09-10 06:51:14,944 INFO o.a.j.t.JMeterThread: Thread finished: TCC order-show 1-5
2026-09-10 06:51:14,951 INFO o.a.j.t.JMeterThread: Stopping because end time detected by thread: TCC order-show 1-13
2026-09-10 06:51:14,951 INFO o.a.j.t.JMeterThread: Thread finished: TCC order-show 1-13
2026-09-10 06:51:14,958 INFO o.a.j.t.JMeterThread: Stopping because end time detected by thread: TCC order-show 1-2
2026-09-10 06:51:14,958 INFO o.a.j.t.JMeterThread: Thread finished: TCC order-show 1-2
2026-09-10 06:51:14,965 INFO o.a.j.t.JMeterThread: Stopping because end time detected by thread: TCC order-show 1-25
2026-09-10 06:51:14,965 INFO o.a.j.t.JMeterThread: Thread finished: TCC order-show 1-25
2026-09-10 06:51:14,973 INFO o.a.j.t.JMeterThread: Stopping because end time detected by thread: TCC order-show 1-10
2026-09-10 06:51:14,973 INFO o.a.j.t.JMeterThread: Thread finished: TCC order-show 1-10
2026-09-10 06:51:14,979 INFO o.a.j.t.JMeterThread: Stopping because end time detected by thread: TCC order-show 1-15
2026-09-10 06:51:14,980 INFO o.a.j.t.JMeterThread: Thread finished: TCC order-show 1-15
2026-09-10 06:51:14,986 INFO o.a.j.t.JMeterThread: Stopping because end time detected by thread: TCC order-show 1-11
2026-09-10 06:51:14,986 INFO o.a.j.t.JMeterThread: Thread finished: TCC order-show 1-11
2026-09-10 06:51:14,993 INFO o.a.j.t.JMeterThread: Stopping because end time detected by thread: TCC order-show 1-18
2026-09-10 06:51:14,993 INFO o.a.j.t.JMeterThread: Thread finished: TCC order-show 1-18
2026-09-10 06:51:14,994 INFO o.a.j.e.StandardJMeterEngine: Notifying test listeners of end of test
2026-09-10 06:51:14,997 INFO o.a.j.r.Summariser: summary +   2156 in 00:00:15 =  143.8/s Avg:   173 Min:   162 Max:   183 Err:     0 (0.00%) Active: 0 Started: 25 Finished: 25
2026-09-10 06:51:14,997 INFO o.a.j.r.Summariser: summary =  16974 in 00:02:00 =  141.2/s Avg:   175 Min:    25 Max:   373 Err:     0 (0.00%)
