2026-09-10 05:01:42,219 INFO o.a.j.u.JMeterUtils: Setting Locale to en_EN
2026-09-10 05:01:42,236 INFO o.a.j.JMeter: Loading user properties from: /home/avituo/projects/tcc/tcc-container/.tools/apache-jmeter-5.6.3/bin/user.properties
2026-09-10 05:01:42,236 INFO o.a.j.JMeter: Loading system properties from: /home/avituo/projects/tcc/tcc-container/.tools/apache-jmeter-5.6.3/bin/system.properties
2026-09-10 05:01:42,236 INFO o.a.j.JMeter: Loading additional properties from: /home/avituo/projects/tcc/tcc-container/benchmark/jmeter/benchmark.properties
2026-09-10 05:01:42,237 INFO o.a.j.JMeter: Loading additional properties from: /tmp/tcc-benchmark-auth.Ef8u73/auth.properties
2026-09-10 05:01:42,237 INFO o.a.j.JMeter: Loading additional properties from: /home/avituo/projects/tcc/tcc-container/benchmark/results/laravel-13.20.0/final/orders/c50/r5/microservices/thread-counters.properties
2026-09-10 05:01:42,237 INFO o.a.j.JMeter: Setting JMeter property: threads=50
2026-09-10 05:01:42,237 INFO o.a.j.JMeter: Setting JMeter property: duration_seconds=120
2026-09-10 05:01:42,237 INFO o.a.j.JMeter: Setting JMeter property: target_host=localhost
2026-09-10 05:01:42,237 INFO o.a.j.JMeter: Setting JMeter property: target_port=18080
2026-09-10 05:01:42,237 INFO o.a.j.JMeter: Setting JMeter property: tcc.order.id=20000000-0000-4000-8000-000000000001
2026-09-10 05:01:42,237 INFO o.a.j.JMeter: Setting JMeter property: repetition=5
2026-09-10 05:01:42,245 INFO o.a.j.JMeter: Copyright (c) 1998-2024 The Apache Software Foundation
2026-09-10 05:01:42,245 INFO o.a.j.JMeter: Version 5.6.3
2026-09-10 05:01:42,245 INFO o.a.j.JMeter: java.version=21.0.11
2026-09-10 05:01:42,246 INFO o.a.j.JMeter: java.vm.name=OpenJDK 64-Bit Server VM
2026-09-10 05:01:42,246 INFO o.a.j.JMeter: os.name=Linux
2026-09-10 05:01:42,246 INFO o.a.j.JMeter: os.arch=amd64
2026-09-10 05:01:42,246 INFO o.a.j.JMeter: os.version=7.0.11-76070011-generic
2026-09-10 05:01:42,246 INFO o.a.j.JMeter: file.encoding=UTF-8
2026-09-10 05:01:42,246 INFO o.a.j.JMeter: java.awt.headless=true
2026-09-10 05:01:42,246 INFO o.a.j.JMeter: Max memory     =1073741824
2026-09-10 05:01:42,246 INFO o.a.j.JMeter: Available Processors =16
2026-09-10 05:01:42,255 INFO o.a.j.JMeter: Default Locale=English (EN)
2026-09-10 05:01:42,255 INFO o.a.j.JMeter: JMeter  Locale=English (EN)
2026-09-10 05:01:42,255 INFO o.a.j.JMeter: JMeterHome=/home/avituo/projects/tcc/tcc-container/.tools/apache-jmeter-5.6.3
2026-09-10 05:01:42,255 INFO o.a.j.JMeter: user.dir  =/home/avituo/projects/tcc/tcc-container
2026-09-10 05:01:42,255 INFO o.a.j.JMeter: PWD       =/home/avituo/projects/tcc/tcc-container
2026-09-10 05:01:42,263 INFO o.a.j.JMeter: IP: 192.168.1.16 Name: pop-os FullName: pop-os.home
2026-09-10 05:01:42,276 INFO o.a.j.s.FileServer: Default base='/home/avituo/projects/tcc/tcc-container'
2026-09-10 05:01:42,278 INFO o.a.j.s.FileServer: Set new base='/home/avituo/projects/tcc/tcc-container/benchmark/jmeter'
2026-09-10 05:01:42,468 INFO o.a.j.s.SaveService: Testplan (JMX) version: 2.2. Testlog (JTL) version: 2.2
2026-09-10 05:01:42,497 INFO o.a.j.s.SaveService: Using SaveService properties version 5.0
2026-09-10 05:01:42,500 INFO o.a.j.s.SaveService: Using SaveService properties file encoding UTF-8
2026-09-10 05:01:42,504 INFO o.a.j.s.SaveService: Loading file: /home/avituo/projects/tcc/tcc-container/benchmark/jmeter/tcc-orders-v1.jmx
2026-09-10 05:01:42,553 INFO o.a.j.p.h.s.HTTPSamplerBase: Parser for text/html is org.apache.jmeter.protocol.http.parser.LagartoBasedHtmlParser
2026-09-10 05:01:42,553 INFO o.a.j.p.h.s.HTTPSamplerBase: Parser for application/xhtml+xml is org.apache.jmeter.protocol.http.parser.LagartoBasedHtmlParser
2026-09-10 05:01:42,554 INFO o.a.j.p.h.s.HTTPSamplerBase: Parser for application/xml is org.apache.jmeter.protocol.http.parser.LagartoBasedHtmlParser
2026-09-10 05:01:42,554 INFO o.a.j.p.h.s.HTTPSamplerBase: Parser for text/xml is org.apache.jmeter.protocol.http.parser.LagartoBasedHtmlParser
2026-09-10 05:01:42,554 INFO o.a.j.p.h.s.HTTPSamplerBase: Parser for text/vnd.wap.wml is org.apache.jmeter.protocol.http.parser.RegexpHTMLParser
2026-09-10 05:01:42,554 INFO o.a.j.p.h.s.HTTPSamplerBase: Parser for text/css is org.apache.jmeter.protocol.http.parser.CssParser
2026-09-10 05:01:42,585 INFO o.a.j.JMeter: Creating summariser <summary>
2026-09-10 05:01:42,601 INFO o.a.j.e.StandardJMeterEngine: Running the test!
2026-09-10 05:01:42,602 INFO o.a.j.s.SampleEvent: List of sample_variables: []
2026-09-10 05:01:42,603 INFO o.a.j.s.SampleEvent: List of sample_variables: []
2026-09-10 05:01:42,607 INFO o.a.j.e.u.CompoundVariable: Note: Function class names must contain the string: '.functions.'
2026-09-10 05:01:42,608 INFO o.a.j.e.u.CompoundVariable: Note: Function class names must not contain the string: '.gui.'
2026-09-10 05:01:42,865 INFO o.a.j.JMeter: Running test (1789027302865)
2026-09-10 05:01:42,892 INFO o.a.j.e.StandardJMeterEngine: Starting ThreadGroup: 1 : TCC orders
2026-09-10 05:01:42,892 INFO o.a.j.e.StandardJMeterEngine: Starting 50 threads for group TCC orders.
2026-09-10 05:01:42,892 INFO o.a.j.e.StandardJMeterEngine: Thread will continue on error
2026-09-10 05:01:42,892 INFO o.a.j.t.ThreadGroup: Starting thread group... number=1 threads=50 ramp-up=0 delayedStart=false
2026-09-10 05:01:42,902 INFO o.a.j.t.JMeterThread: Thread started: TCC orders 1-4
2026-09-10 05:01:42,902 INFO o.a.j.t.JMeterThread: Thread started: TCC orders 1-3
2026-09-10 05:01:42,903 INFO o.a.j.t.JMeterThread: Thread started: TCC orders 1-5
2026-09-10 05:01:42,902 INFO o.a.j.t.JMeterThread: Thread started: TCC orders 1-1
2026-09-10 05:01:42,902 INFO o.a.j.t.JMeterThread: Thread started: TCC orders 1-2
2026-09-10 05:01:42,904 INFO o.a.j.t.JMeterThread: Thread started: TCC orders 1-6
2026-09-10 05:01:42,905 INFO o.a.j.t.JMeterThread: Thread started: TCC orders 1-7
2026-09-10 05:01:42,905 INFO o.a.j.t.JMeterThread: Thread started: TCC orders 1-8
2026-09-10 05:01:42,906 INFO o.a.j.t.JMeterThread: Thread started: TCC orders 1-9
2026-09-10 05:01:42,907 INFO o.a.j.t.JMeterThread: Thread started: TCC orders 1-10
2026-09-10 05:01:42,908 INFO o.a.j.t.JMeterThread: Thread started: TCC orders 1-11
2026-09-10 05:01:42,909 INFO o.a.j.t.JMeterThread: Thread started: TCC orders 1-12
2026-09-10 05:01:42,911 INFO o.a.j.t.JMeterThread: Thread started: TCC orders 1-13
2026-09-10 05:01:42,911 INFO o.a.j.t.JMeterThread: Thread started: TCC orders 1-14
2026-09-10 05:01:42,912 INFO o.a.j.t.JMeterThread: Thread started: TCC orders 1-15
2026-09-10 05:01:42,914 INFO o.a.j.t.JMeterThread: Thread started: TCC orders 1-16
2026-09-10 05:01:42,914 INFO o.a.j.t.JMeterThread: Thread started: TCC orders 1-17
2026-09-10 05:01:42,915 INFO o.a.j.t.JMeterThread: Thread started: TCC orders 1-18
2026-09-10 05:01:42,915 INFO o.a.j.t.JMeterThread: Thread started: TCC orders 1-19
2026-09-10 05:01:42,916 INFO o.a.j.t.JMeterThread: Thread started: TCC orders 1-20
2026-09-10 05:01:42,917 INFO o.a.j.t.JMeterThread: Thread started: TCC orders 1-21
2026-09-10 05:01:42,917 INFO o.a.j.t.JMeterThread: Thread started: TCC orders 1-22
2026-09-10 05:01:42,918 INFO o.a.j.t.JMeterThread: Thread started: TCC orders 1-23
2026-09-10 05:01:42,918 INFO o.a.j.t.JMeterThread: Thread started: TCC orders 1-24
2026-09-10 05:01:42,919 INFO o.a.j.t.JMeterThread: Thread started: TCC orders 1-25
2026-09-10 05:01:42,919 INFO o.a.j.t.JMeterThread: Thread started: TCC orders 1-26
2026-09-10 05:01:42,920 INFO o.a.j.t.JMeterThread: Thread started: TCC orders 1-27
2026-09-10 05:01:42,920 INFO o.a.j.t.JMeterThread: Thread started: TCC orders 1-28
2026-09-10 05:01:42,921 INFO o.a.j.t.JMeterThread: Thread started: TCC orders 1-29
2026-09-10 05:01:42,922 INFO o.a.j.t.JMeterThread: Thread started: TCC orders 1-30
2026-09-10 05:01:42,922 INFO o.a.j.t.JMeterThread: Thread started: TCC orders 1-31
2026-09-10 05:01:42,923 INFO o.a.j.t.JMeterThread: Thread started: TCC orders 1-32
2026-09-10 05:01:42,923 INFO o.a.j.t.JMeterThread: Thread started: TCC orders 1-33
2026-09-10 05:01:42,924 INFO o.a.j.t.JMeterThread: Thread started: TCC orders 1-34
2026-09-10 05:01:42,924 INFO o.a.j.t.JMeterThread: Thread started: TCC orders 1-35
2026-09-10 05:01:42,925 INFO o.a.j.t.JMeterThread: Thread started: TCC orders 1-36
2026-09-10 05:01:42,925 INFO o.a.j.t.JMeterThread: Thread started: TCC orders 1-37
2026-09-10 05:01:42,926 INFO o.a.j.t.JMeterThread: Thread started: TCC orders 1-38
2026-09-10 05:01:42,926 INFO o.a.j.t.JMeterThread: Thread started: TCC orders 1-39
2026-09-10 05:01:42,927 INFO o.a.j.t.JMeterThread: Thread started: TCC orders 1-40
2026-09-10 05:01:42,927 INFO o.a.j.t.JMeterThread: Thread started: TCC orders 1-41
2026-09-10 05:01:42,928 INFO o.a.j.t.JMeterThread: Thread started: TCC orders 1-42
2026-09-10 05:01:42,929 INFO o.a.j.p.h.s.HTTPHCAbstractImpl: Local host = pop-os
2026-09-10 05:01:42,929 INFO o.a.j.t.JMeterThread: Thread started: TCC orders 1-43
2026-09-10 05:01:42,930 INFO o.a.j.t.JMeterThread: Thread started: TCC orders 1-45
2026-09-10 05:01:42,930 INFO o.a.j.t.JMeterThread: Thread started: TCC orders 1-44
2026-09-10 05:01:42,931 INFO o.a.j.t.JMeterThread: Thread started: TCC orders 1-46
2026-09-10 05:01:42,932 INFO o.a.j.t.JMeterThread: Thread started: TCC orders 1-47
2026-09-10 05:01:42,932 INFO o.a.j.t.JMeterThread: Thread started: TCC orders 1-48
2026-09-10 05:01:42,933 INFO o.a.j.t.JMeterThread: Thread started: TCC orders 1-49
2026-09-10 05:01:42,933 INFO o.a.j.t.ThreadGroup: Started thread group number 1
2026-09-10 05:01:42,933 INFO o.a.j.e.StandardJMeterEngine: All thread groups have been started
2026-09-10 05:01:42,934 INFO o.a.j.t.JMeterThread: Thread started: TCC orders 1-50
2026-09-10 05:01:42,937 INFO o.a.j.p.h.s.HTTPHC4Impl: HTTP request retry count = 0
2026-09-10 05:01:42,938 INFO o.a.j.s.SampleResult: Note: Sample TimeStamps are START times
2026-09-10 05:01:42,938 INFO o.a.j.s.SampleResult: sampleresult.default.encoding is set to UTF-8
2026-09-10 05:01:42,938 INFO o.a.j.s.SampleResult: sampleresult.useNanoTime=true
2026-09-10 05:01:42,938 INFO o.a.j.s.SampleResult: sampleresult.nanoThreadSleep=5000
2026-09-10 05:02:00,002 INFO o.a.j.r.Summariser: summary +   1848 in 00:00:17 =  107.8/s Avg:   434 Min:    48 Max:   807 Err:     0 (0.00%) Active: 50 Started: 50 Finished: 0
2026-09-10 05:02:30,001 INFO o.a.j.r.Summariser: summary +   3490 in 00:00:30 =  116.3/s Avg:   429 Min:   412 Max:   468 Err:     0 (0.00%) Active: 50 Started: 50 Finished: 0
2026-09-10 05:02:30,002 INFO o.a.j.r.Summariser: summary =   5338 in 00:00:47 =  113.2/s Avg:   431 Min:    48 Max:   807 Err:     0 (0.00%)
2026-09-10 05:03:00,002 INFO o.a.j.r.Summariser: summary +   3490 in 00:00:30 =  116.3/s Avg:   429 Min:   412 Max:   466 Err:     0 (0.00%) Active: 50 Started: 50 Finished: 0
2026-09-10 05:03:00,002 INFO o.a.j.r.Summariser: summary =   8828 in 00:01:17 =  114.4/s Avg:   430 Min:    48 Max:   807 Err:     0 (0.00%)
2026-09-10 05:03:30,005 INFO o.a.j.r.Summariser: summary +   3508 in 00:00:30 =  116.9/s Avg:   427 Min:   408 Max:   473 Err:     0 (0.00%) Active: 50 Started: 50 Finished: 0
2026-09-10 05:03:30,005 INFO o.a.j.r.Summariser: summary =  12336 in 00:01:47 =  115.1/s Avg:   429 Min:    48 Max:   807 Err:     0 (0.00%)
2026-09-10 05:03:42,925 INFO o.a.j.t.JMeterThread: Stopping because end time detected by thread: TCC orders 1-9
2026-09-10 05:03:42,925 INFO o.a.j.t.JMeterThread: Thread finished: TCC orders 1-9
2026-09-10 05:03:42,934 INFO o.a.j.t.JMeterThread: Stopping because end time detected by thread: TCC orders 1-45
2026-09-10 05:03:42,935 INFO o.a.j.t.JMeterThread: Thread finished: TCC orders 1-45
2026-09-10 05:03:42,944 INFO o.a.j.t.JMeterThread: Stopping because end time detected by thread: TCC orders 1-25
2026-09-10 05:03:42,944 INFO o.a.j.t.JMeterThread: Thread finished: TCC orders 1-25
2026-09-10 05:03:42,953 INFO o.a.j.t.JMeterThread: Stopping because end time detected by thread: TCC orders 1-46
2026-09-10 05:03:42,953 INFO o.a.j.t.JMeterThread: Thread finished: TCC orders 1-46
2026-09-10 05:03:42,962 INFO o.a.j.t.JMeterThread: Stopping because end time detected by thread: TCC orders 1-28
2026-09-10 05:03:42,962 INFO o.a.j.t.JMeterThread: Thread finished: TCC orders 1-28
2026-09-10 05:03:42,970 INFO o.a.j.t.JMeterThread: Stopping because end time detected by thread: TCC orders 1-44
2026-09-10 05:03:42,970 INFO o.a.j.t.JMeterThread: Thread finished: TCC orders 1-44
2026-09-10 05:03:42,978 INFO o.a.j.t.JMeterThread: Stopping because end time detected by thread: TCC orders 1-29
2026-09-10 05:03:42,978 INFO o.a.j.t.JMeterThread: Thread finished: TCC orders 1-29
2026-09-10 05:03:42,986 INFO o.a.j.t.JMeterThread: Stopping because end time detected by thread: TCC orders 1-13
2026-09-10 05:03:42,987 INFO o.a.j.t.JMeterThread: Thread finished: TCC orders 1-13
2026-09-10 05:03:42,995 INFO o.a.j.t.JMeterThread: Stopping because end time detected by thread: TCC orders 1-7
2026-09-10 05:03:42,995 INFO o.a.j.t.JMeterThread: Thread finished: TCC orders 1-7
2026-09-10 05:03:43,004 INFO o.a.j.t.JMeterThread: Stopping because end time detected by thread: TCC orders 1-49
2026-09-10 05:03:43,004 INFO o.a.j.t.JMeterThread: Thread finished: TCC orders 1-49
2026-09-10 05:03:43,012 INFO o.a.j.t.JMeterThread: Stopping because end time detected by thread: TCC orders 1-30
2026-09-10 05:03:43,013 INFO o.a.j.t.JMeterThread: Thread finished: TCC orders 1-30
2026-09-10 05:03:43,021 INFO o.a.j.t.JMeterThread: Stopping because end time detected by thread: TCC orders 1-10
2026-09-10 05:03:43,021 INFO o.a.j.t.JMeterThread: Thread finished: TCC orders 1-10
2026-09-10 05:03:43,031 INFO o.a.j.t.JMeterThread: Stopping because end time detected by thread: TCC orders 1-37
2026-09-10 05:03:43,031 INFO o.a.j.t.JMeterThread: Thread finished: TCC orders 1-37
2026-09-10 05:03:43,039 INFO o.a.j.t.JMeterThread: Stopping because end time detected by thread: TCC orders 1-14
2026-09-10 05:03:43,039 INFO o.a.j.t.JMeterThread: Thread finished: TCC orders 1-14
2026-09-10 05:03:43,049 INFO o.a.j.t.JMeterThread: Stopping because end time detected by thread: TCC orders 1-26
2026-09-10 05:03:43,049 INFO o.a.j.t.JMeterThread: Thread finished: TCC orders 1-26
2026-09-10 05:03:43,057 INFO o.a.j.t.JMeterThread: Stopping because end time detected by thread: TCC orders 1-20
2026-09-10 05:03:43,057 INFO o.a.j.t.JMeterThread: Thread finished: TCC orders 1-20
2026-09-10 05:03:43,065 INFO o.a.j.t.JMeterThread: Stopping because end time detected by thread: TCC orders 1-11
2026-09-10 05:03:43,065 INFO o.a.j.t.JMeterThread: Thread finished: TCC orders 1-11
2026-09-10 05:03:43,073 INFO o.a.j.t.JMeterThread: Stopping because end time detected by thread: TCC orders 1-42
2026-09-10 05:03:43,074 INFO o.a.j.t.JMeterThread: Thread finished: TCC orders 1-42
2026-09-10 05:03:43,082 INFO o.a.j.t.JMeterThread: Stopping because end time detected by thread: TCC orders 1-19
2026-09-10 05:03:43,082 INFO o.a.j.t.JMeterThread: Thread finished: TCC orders 1-19
2026-09-10 05:03:43,090 INFO o.a.j.t.JMeterThread: Stopping because end time detected by thread: TCC orders 1-18
2026-09-10 05:03:43,090 INFO o.a.j.t.JMeterThread: Thread finished: TCC orders 1-18
2026-09-10 05:03:43,099 INFO o.a.j.t.JMeterThread: Stopping because end time detected by thread: TCC orders 1-22
2026-09-10 05:03:43,099 INFO o.a.j.t.JMeterThread: Thread finished: TCC orders 1-22
2026-09-10 05:03:43,108 INFO o.a.j.t.JMeterThread: Stopping because end time detected by thread: TCC orders 1-47
2026-09-10 05:03:43,108 INFO o.a.j.t.JMeterThread: Thread finished: TCC orders 1-47
2026-09-10 05:03:43,116 INFO o.a.j.t.JMeterThread: Stopping because end time detected by thread: TCC orders 1-16
2026-09-10 05:03:43,116 INFO o.a.j.t.JMeterThread: Thread finished: TCC orders 1-16
2026-09-10 05:03:43,126 INFO o.a.j.t.JMeterThread: Stopping because end time detected by thread: TCC orders 1-39
2026-09-10 05:03:43,126 INFO o.a.j.t.JMeterThread: Thread finished: TCC orders 1-39
2026-09-10 05:03:43,134 INFO o.a.j.t.JMeterThread: Stopping because end time detected by thread: TCC orders 1-48
2026-09-10 05:03:43,134 INFO o.a.j.t.JMeterThread: Thread finished: TCC orders 1-48
2026-09-10 05:03:43,143 INFO o.a.j.t.JMeterThread: Stopping because end time detected by thread: TCC orders 1-50
2026-09-10 05:03:43,143 INFO o.a.j.t.JMeterThread: Thread finished: TCC orders 1-50
2026-09-10 05:03:43,152 INFO o.a.j.t.JMeterThread: Stopping because end time detected by thread: TCC orders 1-43
2026-09-10 05:03:43,152 INFO o.a.j.t.JMeterThread: Thread finished: TCC orders 1-43
2026-09-10 05:03:43,160 INFO o.a.j.t.JMeterThread: Stopping because end time detected by thread: TCC orders 1-35
2026-09-10 05:03:43,160 INFO o.a.j.t.JMeterThread: Thread finished: TCC orders 1-35
2026-09-10 05:03:43,169 INFO o.a.j.t.JMeterThread: Stopping because end time detected by thread: TCC orders 1-38
2026-09-10 05:03:43,169 INFO o.a.j.t.JMeterThread: Thread finished: TCC orders 1-38
2026-09-10 05:03:43,177 INFO o.a.j.t.JMeterThread: Stopping because end time detected by thread: TCC orders 1-40
2026-09-10 05:03:43,177 INFO o.a.j.t.JMeterThread: Thread finished: TCC orders 1-40
2026-09-10 05:03:43,186 INFO o.a.j.t.JMeterThread: Stopping because end time detected by thread: TCC orders 1-24
2026-09-10 05:03:43,186 INFO o.a.j.t.JMeterThread: Thread finished: TCC orders 1-24
2026-09-10 05:03:43,195 INFO o.a.j.t.JMeterThread: Stopping because end time detected by thread: TCC orders 1-2
2026-09-10 05:03:43,195 INFO o.a.j.t.JMeterThread: Thread finished: TCC orders 1-2
2026-09-10 05:03:43,206 INFO o.a.j.t.JMeterThread: Stopping because end time detected by thread: TCC orders 1-21
2026-09-10 05:03:43,206 INFO o.a.j.t.JMeterThread: Thread finished: TCC orders 1-21
2026-09-10 05:03:43,215 INFO o.a.j.t.JMeterThread: Stopping because end time detected by thread: TCC orders 1-6
2026-09-10 05:03:43,216 INFO o.a.j.t.JMeterThread: Thread finished: TCC orders 1-6
2026-09-10 05:03:43,224 INFO o.a.j.t.JMeterThread: Stopping because end time detected by thread: TCC orders 1-36
2026-09-10 05:03:43,224 INFO o.a.j.t.JMeterThread: Thread finished: TCC orders 1-36
2026-09-10 05:03:43,233 INFO o.a.j.t.JMeterThread: Stopping because end time detected by thread: TCC orders 1-5
2026-09-10 05:03:43,233 INFO o.a.j.t.JMeterThread: Thread finished: TCC orders 1-5
2026-09-10 05:03:43,241 INFO o.a.j.t.JMeterThread: Stopping because end time detected by thread: TCC orders 1-8
2026-09-10 05:03:43,242 INFO o.a.j.t.JMeterThread: Thread finished: TCC orders 1-8
2026-09-10 05:03:43,250 INFO o.a.j.t.JMeterThread: Stopping because end time detected by thread: TCC orders 1-27
2026-09-10 05:03:43,251 INFO o.a.j.t.JMeterThread: Thread finished: TCC orders 1-27
2026-09-10 05:03:43,259 INFO o.a.j.t.JMeterThread: Stopping because end time detected by thread: TCC orders 1-23
2026-09-10 05:03:43,259 INFO o.a.j.t.JMeterThread: Thread finished: TCC orders 1-23
2026-09-10 05:03:43,267 INFO o.a.j.t.JMeterThread: Stopping because end time detected by thread: TCC orders 1-33
2026-09-10 05:03:43,267 INFO o.a.j.t.JMeterThread: Thread finished: TCC orders 1-33
2026-09-10 05:03:43,275 INFO o.a.j.t.JMeterThread: Stopping because end time detected by thread: TCC orders 1-15
2026-09-10 05:03:43,275 INFO o.a.j.t.JMeterThread: Thread finished: TCC orders 1-15
2026-09-10 05:03:43,284 INFO o.a.j.t.JMeterThread: Stopping because end time detected by thread: TCC orders 1-17
2026-09-10 05:03:43,284 INFO o.a.j.t.JMeterThread: Thread finished: TCC orders 1-17
2026-09-10 05:03:43,293 INFO o.a.j.t.JMeterThread: Stopping because end time detected by thread: TCC orders 1-41
2026-09-10 05:03:43,293 INFO o.a.j.t.JMeterThread: Thread finished: TCC orders 1-41
2026-09-10 05:03:43,301 INFO o.a.j.t.JMeterThread: Stopping because end time detected by thread: TCC orders 1-1
2026-09-10 05:03:43,301 INFO o.a.j.t.JMeterThread: Thread finished: TCC orders 1-1
2026-09-10 05:03:43,310 INFO o.a.j.t.JMeterThread: Stopping because end time detected by thread: TCC orders 1-3
2026-09-10 05:03:43,310 INFO o.a.j.t.JMeterThread: Thread finished: TCC orders 1-3
2026-09-10 05:03:43,318 INFO o.a.j.t.JMeterThread: Stopping because end time detected by thread: TCC orders 1-34
2026-09-10 05:03:43,318 INFO o.a.j.t.JMeterThread: Thread finished: TCC orders 1-34
2026-09-10 05:03:43,326 INFO o.a.j.t.JMeterThread: Stopping because end time detected by thread: TCC orders 1-4
2026-09-10 05:03:43,327 INFO o.a.j.t.JMeterThread: Thread finished: TCC orders 1-4
2026-09-10 05:03:43,335 INFO o.a.j.t.JMeterThread: Stopping because end time detected by thread: TCC orders 1-32
2026-09-10 05:03:43,335 INFO o.a.j.t.JMeterThread: Thread finished: TCC orders 1-32
2026-09-10 05:03:43,343 INFO o.a.j.t.JMeterThread: Stopping because end time detected by thread: TCC orders 1-12
2026-09-10 05:03:43,343 INFO o.a.j.t.JMeterThread: Thread finished: TCC orders 1-12
2026-09-10 05:03:43,352 INFO o.a.j.t.JMeterThread: Stopping because end time detected by thread: TCC orders 1-31
2026-09-10 05:03:43,352 INFO o.a.j.t.JMeterThread: Thread finished: TCC orders 1-31
2026-09-10 05:03:43,352 INFO o.a.j.e.StandardJMeterEngine: Notifying test listeners of end of test
2026-09-10 05:03:43,355 INFO o.a.j.r.Summariser: summary +   1559 in 00:00:13 =  116.8/s Avg:   427 Min:   412 Max:   470 Err:     0 (0.00%) Active: 0 Started: 50 Finished: 50
2026-09-10 05:03:43,355 INFO o.a.j.r.Summariser: summary =  13895 in 00:02:00 =  115.3/s Avg:   429 Min:    48 Max:   807 Err:     0 (0.00%)
