2026-09-10 05:04:36,658 INFO o.a.j.u.JMeterUtils: Setting Locale to en_EN
2026-09-10 05:04:36,677 INFO o.a.j.JMeter: Loading user properties from: /home/avituo/projects/tcc/tcc-container/.tools/apache-jmeter-5.6.3/bin/user.properties
2026-09-10 05:04:36,677 INFO o.a.j.JMeter: Loading system properties from: /home/avituo/projects/tcc/tcc-container/.tools/apache-jmeter-5.6.3/bin/system.properties
2026-09-10 05:04:36,677 INFO o.a.j.JMeter: Loading additional properties from: /home/avituo/projects/tcc/tcc-container/benchmark/jmeter/benchmark.properties
2026-09-10 05:04:36,678 INFO o.a.j.JMeter: Loading additional properties from: /tmp/tcc-benchmark-auth.fNizm1/auth.properties
2026-09-10 05:04:36,678 INFO o.a.j.JMeter: Setting JMeter property: threads=100
2026-09-10 05:04:36,678 INFO o.a.j.JMeter: Setting JMeter property: duration_seconds=30
2026-09-10 05:04:36,678 INFO o.a.j.JMeter: Setting JMeter property: target_host=localhost
2026-09-10 05:04:36,678 INFO o.a.j.JMeter: Setting JMeter property: target_port=18000
2026-09-10 05:04:36,678 INFO o.a.j.JMeter: Setting JMeter property: tcc.order.id=1
2026-09-10 05:04:36,678 INFO o.a.j.JMeter: Setting JMeter property: repetition=1
2026-09-10 05:04:36,684 INFO o.a.j.JMeter: Copyright (c) 1998-2024 The Apache Software Foundation
2026-09-10 05:04:36,684 INFO o.a.j.JMeter: Version 5.6.3
2026-09-10 05:04:36,684 INFO o.a.j.JMeter: java.version=21.0.11
2026-09-10 05:04:36,684 INFO o.a.j.JMeter: java.vm.name=OpenJDK 64-Bit Server VM
2026-09-10 05:04:36,684 INFO o.a.j.JMeter: os.name=Linux
2026-09-10 05:04:36,684 INFO o.a.j.JMeter: os.arch=amd64
2026-09-10 05:04:36,684 INFO o.a.j.JMeter: os.version=7.0.11-76070011-generic
2026-09-10 05:04:36,685 INFO o.a.j.JMeter: file.encoding=UTF-8
2026-09-10 05:04:36,685 INFO o.a.j.JMeter: java.awt.headless=true
2026-09-10 05:04:36,685 INFO o.a.j.JMeter: Max memory     =1073741824
2026-09-10 05:04:36,685 INFO o.a.j.JMeter: Available Processors =16
2026-09-10 05:04:36,694 INFO o.a.j.JMeter: Default Locale=English (EN)
2026-09-10 05:04:36,694 INFO o.a.j.JMeter: JMeter  Locale=English (EN)
2026-09-10 05:04:36,694 INFO o.a.j.JMeter: JMeterHome=/home/avituo/projects/tcc/tcc-container/.tools/apache-jmeter-5.6.3
2026-09-10 05:04:36,694 INFO o.a.j.JMeter: user.dir  =/home/avituo/projects/tcc/tcc-container
2026-09-10 05:04:36,694 INFO o.a.j.JMeter: PWD       =/home/avituo/projects/tcc/tcc-container
2026-09-10 05:04:36,702 INFO o.a.j.JMeter: IP: 192.168.1.16 Name: pop-os FullName: pop-os.home
2026-09-10 05:04:36,714 INFO o.a.j.s.FileServer: Default base='/home/avituo/projects/tcc/tcc-container'
2026-09-10 05:04:36,716 INFO o.a.j.s.FileServer: Set new base='/home/avituo/projects/tcc/tcc-container/benchmark/jmeter'
2026-09-10 05:04:36,887 INFO o.a.j.s.SaveService: Testplan (JMX) version: 2.2. Testlog (JTL) version: 2.2
2026-09-10 05:04:36,912 INFO o.a.j.s.SaveService: Using SaveService properties version 5.0
2026-09-10 05:04:36,916 INFO o.a.j.s.SaveService: Using SaveService properties file encoding UTF-8
2026-09-10 05:04:36,919 INFO o.a.j.s.SaveService: Loading file: /home/avituo/projects/tcc/tcc-container/benchmark/jmeter/tcc-orders-v1.jmx
2026-09-10 05:04:36,969 INFO o.a.j.p.h.s.HTTPSamplerBase: Parser for text/html is org.apache.jmeter.protocol.http.parser.LagartoBasedHtmlParser
2026-09-10 05:04:36,969 INFO o.a.j.p.h.s.HTTPSamplerBase: Parser for application/xhtml+xml is org.apache.jmeter.protocol.http.parser.LagartoBasedHtmlParser
2026-09-10 05:04:36,969 INFO o.a.j.p.h.s.HTTPSamplerBase: Parser for application/xml is org.apache.jmeter.protocol.http.parser.LagartoBasedHtmlParser
2026-09-10 05:04:36,969 INFO o.a.j.p.h.s.HTTPSamplerBase: Parser for text/xml is org.apache.jmeter.protocol.http.parser.LagartoBasedHtmlParser
2026-09-10 05:04:36,969 INFO o.a.j.p.h.s.HTTPSamplerBase: Parser for text/vnd.wap.wml is org.apache.jmeter.protocol.http.parser.RegexpHTMLParser
2026-09-10 05:04:36,969 INFO o.a.j.p.h.s.HTTPSamplerBase: Parser for text/css is org.apache.jmeter.protocol.http.parser.CssParser
2026-09-10 05:04:36,996 INFO o.a.j.JMeter: Creating summariser <summary>
2026-09-10 05:04:37,014 INFO o.a.j.e.StandardJMeterEngine: Running the test!
2026-09-10 05:04:37,015 INFO o.a.j.s.SampleEvent: List of sample_variables: []
2026-09-10 05:04:37,015 INFO o.a.j.s.SampleEvent: List of sample_variables: []
2026-09-10 05:04:37,021 INFO o.a.j.e.u.CompoundVariable: Note: Function class names must contain the string: '.functions.'
2026-09-10 05:04:37,021 INFO o.a.j.e.u.CompoundVariable: Note: Function class names must not contain the string: '.gui.'
2026-09-10 05:04:37,266 INFO o.a.j.JMeter: Running test (1789027477266)
2026-09-10 05:04:37,285 INFO o.a.j.e.StandardJMeterEngine: Starting ThreadGroup: 1 : TCC orders
2026-09-10 05:04:37,285 INFO o.a.j.e.StandardJMeterEngine: Starting 100 threads for group TCC orders.
2026-09-10 05:04:37,285 INFO o.a.j.e.StandardJMeterEngine: Thread will continue on error
2026-09-10 05:04:37,286 INFO o.a.j.t.ThreadGroup: Starting thread group... number=1 threads=100 ramp-up=0 delayedStart=false
2026-09-10 05:04:37,293 INFO o.a.j.t.JMeterThread: Thread started: TCC orders 1-4
2026-09-10 05:04:37,293 INFO o.a.j.t.JMeterThread: Thread started: TCC orders 1-1
2026-09-10 05:04:37,293 INFO o.a.j.t.JMeterThread: Thread started: TCC orders 1-5
2026-09-10 05:04:37,293 INFO o.a.j.t.JMeterThread: Thread started: TCC orders 1-2
2026-09-10 05:04:37,293 INFO o.a.j.t.JMeterThread: Thread started: TCC orders 1-3
2026-09-10 05:04:37,294 INFO o.a.j.t.JMeterThread: Thread started: TCC orders 1-6
2026-09-10 05:04:37,294 INFO o.a.j.t.JMeterThread: Thread started: TCC orders 1-7
2026-09-10 05:04:37,295 INFO o.a.j.t.JMeterThread: Thread started: TCC orders 1-8
2026-09-10 05:04:37,296 INFO o.a.j.t.JMeterThread: Thread started: TCC orders 1-9
2026-09-10 05:04:37,296 INFO o.a.j.t.JMeterThread: Thread started: TCC orders 1-10
2026-09-10 05:04:37,297 INFO o.a.j.t.JMeterThread: Thread started: TCC orders 1-11
2026-09-10 05:04:37,298 INFO o.a.j.t.JMeterThread: Thread started: TCC orders 1-12
2026-09-10 05:04:37,299 INFO o.a.j.t.JMeterThread: Thread started: TCC orders 1-13
2026-09-10 05:04:37,300 INFO o.a.j.t.JMeterThread: Thread started: TCC orders 1-14
2026-09-10 05:04:37,301 INFO o.a.j.t.JMeterThread: Thread started: TCC orders 1-15
2026-09-10 05:04:37,302 INFO o.a.j.t.JMeterThread: Thread started: TCC orders 1-16
2026-09-10 05:04:37,303 INFO o.a.j.t.JMeterThread: Thread started: TCC orders 1-17
2026-09-10 05:04:37,303 INFO o.a.j.t.JMeterThread: Thread started: TCC orders 1-18
2026-09-10 05:04:37,304 INFO o.a.j.t.JMeterThread: Thread started: TCC orders 1-19
2026-09-10 05:04:37,305 INFO o.a.j.t.JMeterThread: Thread started: TCC orders 1-20
2026-09-10 05:04:37,306 INFO o.a.j.t.JMeterThread: Thread started: TCC orders 1-21
2026-09-10 05:04:37,306 INFO o.a.j.t.JMeterThread: Thread started: TCC orders 1-22
2026-09-10 05:04:37,307 INFO o.a.j.t.JMeterThread: Thread started: TCC orders 1-23
2026-09-10 05:04:37,307 INFO o.a.j.t.JMeterThread: Thread started: TCC orders 1-24
2026-09-10 05:04:37,308 INFO o.a.j.t.JMeterThread: Thread started: TCC orders 1-25
2026-09-10 05:04:37,308 INFO o.a.j.t.JMeterThread: Thread started: TCC orders 1-26
2026-09-10 05:04:37,309 INFO o.a.j.t.JMeterThread: Thread started: TCC orders 1-27
2026-09-10 05:04:37,310 INFO o.a.j.t.JMeterThread: Thread started: TCC orders 1-28
2026-09-10 05:04:37,310 INFO o.a.j.t.JMeterThread: Thread started: TCC orders 1-29
2026-09-10 05:04:37,311 INFO o.a.j.t.JMeterThread: Thread started: TCC orders 1-30
2026-09-10 05:04:37,311 INFO o.a.j.t.JMeterThread: Thread started: TCC orders 1-31
2026-09-10 05:04:37,312 INFO o.a.j.t.JMeterThread: Thread started: TCC orders 1-32
2026-09-10 05:04:37,312 INFO o.a.j.t.JMeterThread: Thread started: TCC orders 1-33
2026-09-10 05:04:37,313 INFO o.a.j.t.JMeterThread: Thread started: TCC orders 1-34
2026-09-10 05:04:37,313 INFO o.a.j.t.JMeterThread: Thread started: TCC orders 1-35
2026-09-10 05:04:37,314 INFO o.a.j.t.JMeterThread: Thread started: TCC orders 1-36
2026-09-10 05:04:37,315 INFO o.a.j.t.JMeterThread: Thread started: TCC orders 1-37
2026-09-10 05:04:37,315 INFO o.a.j.p.h.s.HTTPHCAbstractImpl: Local host = pop-os
2026-09-10 05:04:37,315 INFO o.a.j.t.JMeterThread: Thread started: TCC orders 1-38
2026-09-10 05:04:37,316 INFO o.a.j.t.JMeterThread: Thread started: TCC orders 1-39
2026-09-10 05:04:37,316 INFO o.a.j.t.JMeterThread: Thread started: TCC orders 1-40
2026-09-10 05:04:37,317 INFO o.a.j.t.JMeterThread: Thread started: TCC orders 1-41
2026-09-10 05:04:37,317 INFO o.a.j.t.JMeterThread: Thread started: TCC orders 1-42
2026-09-10 05:04:37,318 INFO o.a.j.t.JMeterThread: Thread started: TCC orders 1-43
2026-09-10 05:04:37,318 INFO o.a.j.t.JMeterThread: Thread started: TCC orders 1-44
2026-09-10 05:04:37,319 INFO o.a.j.t.JMeterThread: Thread started: TCC orders 1-45
2026-09-10 05:04:37,319 INFO o.a.j.t.JMeterThread: Thread started: TCC orders 1-46
2026-09-10 05:04:37,320 INFO o.a.j.t.JMeterThread: Thread started: TCC orders 1-47
2026-09-10 05:04:37,320 INFO o.a.j.t.JMeterThread: Thread started: TCC orders 1-48
2026-09-10 05:04:37,321 INFO o.a.j.t.JMeterThread: Thread started: TCC orders 1-49
2026-09-10 05:04:37,321 INFO o.a.j.t.JMeterThread: Thread started: TCC orders 1-50
2026-09-10 05:04:37,322 INFO o.a.j.t.JMeterThread: Thread started: TCC orders 1-51
2026-09-10 05:04:37,322 INFO o.a.j.t.JMeterThread: Thread started: TCC orders 1-52
2026-09-10 05:04:37,323 INFO o.a.j.t.JMeterThread: Thread started: TCC orders 1-53
2026-09-10 05:04:37,323 INFO o.a.j.t.JMeterThread: Thread started: TCC orders 1-54
2026-09-10 05:04:37,324 INFO o.a.j.p.h.s.HTTPHC4Impl: HTTP request retry count = 0
2026-09-10 05:04:37,324 INFO o.a.j.t.JMeterThread: Thread started: TCC orders 1-55
2026-09-10 05:04:37,324 INFO o.a.j.t.JMeterThread: Thread started: TCC orders 1-56
2026-09-10 05:04:37,325 INFO o.a.j.t.JMeterThread: Thread started: TCC orders 1-57
2026-09-10 05:04:37,325 INFO o.a.j.s.SampleResult: Note: Sample TimeStamps are START times
2026-09-10 05:04:37,325 INFO o.a.j.t.JMeterThread: Thread started: TCC orders 1-58
2026-09-10 05:04:37,325 INFO o.a.j.s.SampleResult: sampleresult.default.encoding is set to UTF-8
2026-09-10 05:04:37,325 INFO o.a.j.s.SampleResult: sampleresult.useNanoTime=true
2026-09-10 05:04:37,325 INFO o.a.j.s.SampleResult: sampleresult.nanoThreadSleep=5000
2026-09-10 05:04:37,325 INFO o.a.j.t.JMeterThread: Thread started: TCC orders 1-59
2026-09-10 05:04:37,326 INFO o.a.j.t.JMeterThread: Thread started: TCC orders 1-60
2026-09-10 05:04:37,326 INFO o.a.j.t.JMeterThread: Thread started: TCC orders 1-61
2026-09-10 05:04:37,327 INFO o.a.j.t.JMeterThread: Thread started: TCC orders 1-62
2026-09-10 05:04:37,328 INFO o.a.j.t.JMeterThread: Thread started: TCC orders 1-63
2026-09-10 05:04:37,329 INFO o.a.j.t.JMeterThread: Thread started: TCC orders 1-64
2026-09-10 05:04:37,330 INFO o.a.j.t.JMeterThread: Thread started: TCC orders 1-65
2026-09-10 05:04:37,331 INFO o.a.j.t.JMeterThread: Thread started: TCC orders 1-69
2026-09-10 05:04:37,331 INFO o.a.j.t.JMeterThread: Thread started: TCC orders 1-66
2026-09-10 05:04:37,331 INFO o.a.j.t.JMeterThread: Thread started: TCC orders 1-68
2026-09-10 05:04:37,332 INFO o.a.j.t.JMeterThread: Thread started: TCC orders 1-67
2026-09-10 05:04:37,332 INFO o.a.j.t.JMeterThread: Thread started: TCC orders 1-70
2026-09-10 05:04:37,336 INFO o.a.j.t.JMeterThread: Thread started: TCC orders 1-71
2026-09-10 05:04:37,336 INFO o.a.j.t.JMeterThread: Thread started: TCC orders 1-72
2026-09-10 05:04:37,337 INFO o.a.j.t.JMeterThread: Thread started: TCC orders 1-73
2026-09-10 05:04:37,337 INFO o.a.j.t.JMeterThread: Thread started: TCC orders 1-74
2026-09-10 05:04:37,338 INFO o.a.j.t.JMeterThread: Thread started: TCC orders 1-76
2026-09-10 05:04:37,338 INFO o.a.j.t.JMeterThread: Thread started: TCC orders 1-75
2026-09-10 05:04:37,339 INFO o.a.j.t.JMeterThread: Thread started: TCC orders 1-77
2026-09-10 05:04:37,340 INFO o.a.j.t.JMeterThread: Thread started: TCC orders 1-78
2026-09-10 05:04:37,342 INFO o.a.j.t.JMeterThread: Thread started: TCC orders 1-79
2026-09-10 05:04:37,344 INFO o.a.j.t.JMeterThread: Thread started: TCC orders 1-80
2026-09-10 05:04:37,344 INFO o.a.j.t.JMeterThread: Thread started: TCC orders 1-81
2026-09-10 05:04:37,345 INFO o.a.j.t.JMeterThread: Thread started: TCC orders 1-82
2026-09-10 05:04:37,346 INFO o.a.j.t.JMeterThread: Thread started: TCC orders 1-83
2026-09-10 05:04:37,346 INFO o.a.j.t.JMeterThread: Thread started: TCC orders 1-84
2026-09-10 05:04:37,348 INFO o.a.j.t.JMeterThread: Thread started: TCC orders 1-86
2026-09-10 05:04:37,348 INFO o.a.j.t.JMeterThread: Thread started: TCC orders 1-85
2026-09-10 05:04:37,348 INFO o.a.j.t.JMeterThread: Thread started: TCC orders 1-87
2026-09-10 05:04:37,349 INFO o.a.j.t.JMeterThread: Thread started: TCC orders 1-88
2026-09-10 05:04:37,349 INFO o.a.j.t.JMeterThread: Thread started: TCC orders 1-89
2026-09-10 05:04:37,350 INFO o.a.j.t.JMeterThread: Thread started: TCC orders 1-90
2026-09-10 05:04:37,350 INFO o.a.j.t.JMeterThread: Thread started: TCC orders 1-91
2026-09-10 05:04:37,351 INFO o.a.j.t.JMeterThread: Thread started: TCC orders 1-92
2026-09-10 05:04:37,352 INFO o.a.j.t.JMeterThread: Thread started: TCC orders 1-93
2026-09-10 05:04:37,352 INFO o.a.j.t.JMeterThread: Thread started: TCC orders 1-94
2026-09-10 05:04:37,353 INFO o.a.j.t.JMeterThread: Thread started: TCC orders 1-95
2026-09-10 05:04:37,353 INFO o.a.j.t.JMeterThread: Thread started: TCC orders 1-96
2026-09-10 05:04:37,354 INFO o.a.j.t.JMeterThread: Thread started: TCC orders 1-97
2026-09-10 05:04:37,354 INFO o.a.j.t.JMeterThread: Thread started: TCC orders 1-98
2026-09-10 05:04:37,355 INFO o.a.j.t.ThreadGroup: Started thread group number 1
2026-09-10 05:04:37,354 INFO o.a.j.t.JMeterThread: Thread started: TCC orders 1-99
2026-09-10 05:04:37,355 INFO o.a.j.e.StandardJMeterEngine: All thread groups have been started
2026-09-10 05:04:37,355 INFO o.a.j.t.JMeterThread: Thread started: TCC orders 1-100
2026-09-10 05:05:00,016 INFO o.a.j.r.Summariser: summary +    881 in 00:00:23 =   38.7/s Avg:  2411 Min:   130 Max:  2899 Err:     0 (0.00%) Active: 100 Started: 100 Finished: 0
2026-09-10 05:05:07,348 INFO o.a.j.t.JMeterThread: Stopping because end time detected by thread: TCC orders 1-12
2026-09-10 05:05:07,348 INFO o.a.j.t.JMeterThread: Thread finished: TCC orders 1-12
2026-09-10 05:05:07,373 INFO o.a.j.t.JMeterThread: Stopping because end time detected by thread: TCC orders 1-68
2026-09-10 05:05:07,373 INFO o.a.j.t.JMeterThread: Thread finished: TCC orders 1-68
2026-09-10 05:05:07,397 INFO o.a.j.t.JMeterThread: Stopping because end time detected by thread: TCC orders 1-31
2026-09-10 05:05:07,398 INFO o.a.j.t.JMeterThread: Thread finished: TCC orders 1-31
2026-09-10 05:05:07,423 INFO o.a.j.t.JMeterThread: Stopping because end time detected by thread: TCC orders 1-9
2026-09-10 05:05:07,423 INFO o.a.j.t.JMeterThread: Thread finished: TCC orders 1-9
2026-09-10 05:05:07,449 INFO o.a.j.t.JMeterThread: Stopping because end time detected by thread: TCC orders 1-50
2026-09-10 05:05:07,449 INFO o.a.j.t.JMeterThread: Thread finished: TCC orders 1-50
2026-09-10 05:05:07,473 INFO o.a.j.t.JMeterThread: Stopping because end time detected by thread: TCC orders 1-6
2026-09-10 05:05:07,473 INFO o.a.j.t.JMeterThread: Thread finished: TCC orders 1-6
2026-09-10 05:05:07,498 INFO o.a.j.t.JMeterThread: Stopping because end time detected by thread: TCC orders 1-35
2026-09-10 05:05:07,498 INFO o.a.j.t.JMeterThread: Thread finished: TCC orders 1-35
2026-09-10 05:05:07,522 INFO o.a.j.t.JMeterThread: Stopping because end time detected by thread: TCC orders 1-30
2026-09-10 05:05:07,522 INFO o.a.j.t.JMeterThread: Thread finished: TCC orders 1-30
2026-09-10 05:05:07,546 INFO o.a.j.t.JMeterThread: Stopping because end time detected by thread: TCC orders 1-88
2026-09-10 05:05:07,546 INFO o.a.j.t.JMeterThread: Thread finished: TCC orders 1-88
2026-09-10 05:05:07,572 INFO o.a.j.t.JMeterThread: Stopping because end time detected by thread: TCC orders 1-76
2026-09-10 05:05:07,572 INFO o.a.j.t.JMeterThread: Thread finished: TCC orders 1-76
2026-09-10 05:05:07,597 INFO o.a.j.t.JMeterThread: Stopping because end time detected by thread: TCC orders 1-46
2026-09-10 05:05:07,597 INFO o.a.j.t.JMeterThread: Thread finished: TCC orders 1-46
2026-09-10 05:05:07,622 INFO o.a.j.t.JMeterThread: Stopping because end time detected by thread: TCC orders 1-48
2026-09-10 05:05:07,623 INFO o.a.j.t.JMeterThread: Thread finished: TCC orders 1-48
2026-09-10 05:05:07,645 INFO o.a.j.t.JMeterThread: Stopping because end time detected by thread: TCC orders 1-3
2026-09-10 05:05:07,646 INFO o.a.j.t.JMeterThread: Thread finished: TCC orders 1-3
2026-09-10 05:05:07,670 INFO o.a.j.t.JMeterThread: Stopping because end time detected by thread: TCC orders 1-25
2026-09-10 05:05:07,670 INFO o.a.j.t.JMeterThread: Thread finished: TCC orders 1-25
2026-09-10 05:05:07,693 INFO o.a.j.t.JMeterThread: Stopping because end time detected by thread: TCC orders 1-79
2026-09-10 05:05:07,693 INFO o.a.j.t.JMeterThread: Thread finished: TCC orders 1-79
2026-09-10 05:05:07,717 INFO o.a.j.t.JMeterThread: Stopping because end time detected by thread: TCC orders 1-89
2026-09-10 05:05:07,717 INFO o.a.j.t.JMeterThread: Thread finished: TCC orders 1-89
2026-09-10 05:05:07,740 INFO o.a.j.t.JMeterThread: Stopping because end time detected by thread: TCC orders 1-43
2026-09-10 05:05:07,741 INFO o.a.j.t.JMeterThread: Thread finished: TCC orders 1-43
2026-09-10 05:05:07,765 INFO o.a.j.t.JMeterThread: Stopping because end time detected by thread: TCC orders 1-73
2026-09-10 05:05:07,766 INFO o.a.j.t.JMeterThread: Thread finished: TCC orders 1-73
2026-09-10 05:05:07,789 INFO o.a.j.t.JMeterThread: Stopping because end time detected by thread: TCC orders 1-10
2026-09-10 05:05:07,789 INFO o.a.j.t.JMeterThread: Thread finished: TCC orders 1-10
2026-09-10 05:05:07,813 INFO o.a.j.t.JMeterThread: Stopping because end time detected by thread: TCC orders 1-41
2026-09-10 05:05:07,814 INFO o.a.j.t.JMeterThread: Thread finished: TCC orders 1-41
2026-09-10 05:05:07,837 INFO o.a.j.t.JMeterThread: Stopping because end time detected by thread: TCC orders 1-64
2026-09-10 05:05:07,837 INFO o.a.j.t.JMeterThread: Thread finished: TCC orders 1-64
2026-09-10 05:05:07,863 INFO o.a.j.t.JMeterThread: Stopping because end time detected by thread: TCC orders 1-61
2026-09-10 05:05:07,863 INFO o.a.j.t.JMeterThread: Thread finished: TCC orders 1-61
2026-09-10 05:05:07,888 INFO o.a.j.t.JMeterThread: Stopping because end time detected by thread: TCC orders 1-90
2026-09-10 05:05:07,888 INFO o.a.j.t.JMeterThread: Thread finished: TCC orders 1-90
2026-09-10 05:05:07,913 INFO o.a.j.t.JMeterThread: Stopping because end time detected by thread: TCC orders 1-75
2026-09-10 05:05:07,913 INFO o.a.j.t.JMeterThread: Thread finished: TCC orders 1-75
2026-09-10 05:05:07,938 INFO o.a.j.t.JMeterThread: Stopping because end time detected by thread: TCC orders 1-81
2026-09-10 05:05:07,939 INFO o.a.j.t.JMeterThread: Thread finished: TCC orders 1-81
2026-09-10 05:05:07,963 INFO o.a.j.t.JMeterThread: Stopping because end time detected by thread: TCC orders 1-5
2026-09-10 05:05:07,963 INFO o.a.j.t.JMeterThread: Thread finished: TCC orders 1-5
2026-09-10 05:05:07,988 INFO o.a.j.t.JMeterThread: Stopping because end time detected by thread: TCC orders 1-11
2026-09-10 05:05:07,988 INFO o.a.j.t.JMeterThread: Thread finished: TCC orders 1-11
2026-09-10 05:05:08,021 INFO o.a.j.t.JMeterThread: Stopping because end time detected by thread: TCC orders 1-22
2026-09-10 05:05:08,021 INFO o.a.j.t.JMeterThread: Thread finished: TCC orders 1-22
2026-09-10 05:05:08,048 INFO o.a.j.t.JMeterThread: Stopping because end time detected by thread: TCC orders 1-54
2026-09-10 05:05:08,048 INFO o.a.j.t.JMeterThread: Thread finished: TCC orders 1-54
2026-09-10 05:05:08,075 INFO o.a.j.t.JMeterThread: Stopping because end time detected by thread: TCC orders 1-84
2026-09-10 05:05:08,075 INFO o.a.j.t.JMeterThread: Thread finished: TCC orders 1-84
2026-09-10 05:05:08,101 INFO o.a.j.t.JMeterThread: Stopping because end time detected by thread: TCC orders 1-60
2026-09-10 05:05:08,101 INFO o.a.j.t.JMeterThread: Thread finished: TCC orders 1-60
2026-09-10 05:05:08,126 INFO o.a.j.t.JMeterThread: Stopping because end time detected by thread: TCC orders 1-13
2026-09-10 05:05:08,126 INFO o.a.j.t.JMeterThread: Thread finished: TCC orders 1-13
2026-09-10 05:05:08,151 INFO o.a.j.t.JMeterThread: Stopping because end time detected by thread: TCC orders 1-98
2026-09-10 05:05:08,151 INFO o.a.j.t.JMeterThread: Thread finished: TCC orders 1-98
2026-09-10 05:05:08,176 INFO o.a.j.t.JMeterThread: Stopping because end time detected by thread: TCC orders 1-93
2026-09-10 05:05:08,176 INFO o.a.j.t.JMeterThread: Thread finished: TCC orders 1-93
2026-09-10 05:05:08,201 INFO o.a.j.t.JMeterThread: Stopping because end time detected by thread: TCC orders 1-39
2026-09-10 05:05:08,202 INFO o.a.j.t.JMeterThread: Thread finished: TCC orders 1-39
2026-09-10 05:05:08,227 INFO o.a.j.t.JMeterThread: Stopping because end time detected by thread: TCC orders 1-19
2026-09-10 05:05:08,227 INFO o.a.j.t.JMeterThread: Thread finished: TCC orders 1-19
2026-09-10 05:05:08,252 INFO o.a.j.t.JMeterThread: Stopping because end time detected by thread: TCC orders 1-51
2026-09-10 05:05:08,252 INFO o.a.j.t.JMeterThread: Thread finished: TCC orders 1-51
2026-09-10 05:05:08,277 INFO o.a.j.t.JMeterThread: Stopping because end time detected by thread: TCC orders 1-87
2026-09-10 05:05:08,277 INFO o.a.j.t.JMeterThread: Thread finished: TCC orders 1-87
2026-09-10 05:05:08,302 INFO o.a.j.t.JMeterThread: Stopping because end time detected by thread: TCC orders 1-57
2026-09-10 05:05:08,302 INFO o.a.j.t.JMeterThread: Thread finished: TCC orders 1-57
2026-09-10 05:05:08,328 INFO o.a.j.t.JMeterThread: Stopping because end time detected by thread: TCC orders 1-18
2026-09-10 05:05:08,328 INFO o.a.j.t.JMeterThread: Thread finished: TCC orders 1-18
2026-09-10 05:05:08,352 INFO o.a.j.t.JMeterThread: Stopping because end time detected by thread: TCC orders 1-42
2026-09-10 05:05:08,353 INFO o.a.j.t.JMeterThread: Thread finished: TCC orders 1-42
2026-09-10 05:05:08,378 INFO o.a.j.t.JMeterThread: Stopping because end time detected by thread: TCC orders 1-77
2026-09-10 05:05:08,378 INFO o.a.j.t.JMeterThread: Thread finished: TCC orders 1-77
2026-09-10 05:05:08,403 INFO o.a.j.t.JMeterThread: Stopping because end time detected by thread: TCC orders 1-45
2026-09-10 05:05:08,403 INFO o.a.j.t.JMeterThread: Thread finished: TCC orders 1-45
2026-09-10 05:05:08,428 INFO o.a.j.t.JMeterThread: Stopping because end time detected by thread: TCC orders 1-70
2026-09-10 05:05:08,428 INFO o.a.j.t.JMeterThread: Thread finished: TCC orders 1-70
2026-09-10 05:05:08,453 INFO o.a.j.t.JMeterThread: Stopping because end time detected by thread: TCC orders 1-58
2026-09-10 05:05:08,453 INFO o.a.j.t.JMeterThread: Thread finished: TCC orders 1-58
2026-09-10 05:05:08,478 INFO o.a.j.t.JMeterThread: Stopping because end time detected by thread: TCC orders 1-72
2026-09-10 05:05:08,479 INFO o.a.j.t.JMeterThread: Thread finished: TCC orders 1-72
2026-09-10 05:05:08,504 INFO o.a.j.t.JMeterThread: Stopping because end time detected by thread: TCC orders 1-56
2026-09-10 05:05:08,504 INFO o.a.j.t.JMeterThread: Thread finished: TCC orders 1-56
2026-09-10 05:05:08,529 INFO o.a.j.t.JMeterThread: Stopping because end time detected by thread: TCC orders 1-2
2026-09-10 05:05:08,529 INFO o.a.j.t.JMeterThread: Thread finished: TCC orders 1-2
2026-09-10 05:05:08,554 INFO o.a.j.t.JMeterThread: Stopping because end time detected by thread: TCC orders 1-38
2026-09-10 05:05:08,555 INFO o.a.j.t.JMeterThread: Thread finished: TCC orders 1-38
2026-09-10 05:05:08,581 INFO o.a.j.t.JMeterThread: Stopping because end time detected by thread: TCC orders 1-49
2026-09-10 05:05:08,581 INFO o.a.j.t.JMeterThread: Thread finished: TCC orders 1-49
2026-09-10 05:05:08,606 INFO o.a.j.t.JMeterThread: Stopping because end time detected by thread: TCC orders 1-95
2026-09-10 05:05:08,606 INFO o.a.j.t.JMeterThread: Thread finished: TCC orders 1-95
2026-09-10 05:05:08,631 INFO o.a.j.t.JMeterThread: Stopping because end time detected by thread: TCC orders 1-23
2026-09-10 05:05:08,631 INFO o.a.j.t.JMeterThread: Thread finished: TCC orders 1-23
2026-09-10 05:05:08,656 INFO o.a.j.t.JMeterThread: Stopping because end time detected by thread: TCC orders 1-62
2026-09-10 05:05:08,656 INFO o.a.j.t.JMeterThread: Thread finished: TCC orders 1-62
2026-09-10 05:05:08,680 INFO o.a.j.t.JMeterThread: Stopping because end time detected by thread: TCC orders 1-99
2026-09-10 05:05:08,680 INFO o.a.j.t.JMeterThread: Thread finished: TCC orders 1-99
2026-09-10 05:05:08,705 INFO o.a.j.t.JMeterThread: Stopping because end time detected by thread: TCC orders 1-37
2026-09-10 05:05:08,705 INFO o.a.j.t.JMeterThread: Thread finished: TCC orders 1-37
2026-09-10 05:05:08,731 INFO o.a.j.t.JMeterThread: Stopping because end time detected by thread: TCC orders 1-71
2026-09-10 05:05:08,731 INFO o.a.j.t.JMeterThread: Thread finished: TCC orders 1-71
2026-09-10 05:05:08,755 INFO o.a.j.t.JMeterThread: Stopping because end time detected by thread: TCC orders 1-97
2026-09-10 05:05:08,755 INFO o.a.j.t.JMeterThread: Thread finished: TCC orders 1-97
2026-09-10 05:05:08,780 INFO o.a.j.t.JMeterThread: Stopping because end time detected by thread: TCC orders 1-28
2026-09-10 05:05:08,780 INFO o.a.j.t.JMeterThread: Thread finished: TCC orders 1-28
2026-09-10 05:05:08,805 INFO o.a.j.t.JMeterThread: Stopping because end time detected by thread: TCC orders 1-27
2026-09-10 05:05:08,805 INFO o.a.j.t.JMeterThread: Thread finished: TCC orders 1-27
2026-09-10 05:05:08,830 INFO o.a.j.t.JMeterThread: Stopping because end time detected by thread: TCC orders 1-91
2026-09-10 05:05:08,830 INFO o.a.j.t.JMeterThread: Thread finished: TCC orders 1-91
2026-09-10 05:05:08,855 INFO o.a.j.t.JMeterThread: Stopping because end time detected by thread: TCC orders 1-94
2026-09-10 05:05:08,855 INFO o.a.j.t.JMeterThread: Thread finished: TCC orders 1-94
2026-09-10 05:05:08,879 INFO o.a.j.t.JMeterThread: Stopping because end time detected by thread: TCC orders 1-65
2026-09-10 05:05:08,880 INFO o.a.j.t.JMeterThread: Thread finished: TCC orders 1-65
2026-09-10 05:05:08,905 INFO o.a.j.t.JMeterThread: Stopping because end time detected by thread: TCC orders 1-8
2026-09-10 05:05:08,905 INFO o.a.j.t.JMeterThread: Thread finished: TCC orders 1-8
2026-09-10 05:05:08,929 INFO o.a.j.t.JMeterThread: Stopping because end time detected by thread: TCC orders 1-17
2026-09-10 05:05:08,929 INFO o.a.j.t.JMeterThread: Thread finished: TCC orders 1-17
2026-09-10 05:05:08,954 INFO o.a.j.t.JMeterThread: Stopping because end time detected by thread: TCC orders 1-7
2026-09-10 05:05:08,955 INFO o.a.j.t.JMeterThread: Thread finished: TCC orders 1-7
2026-09-10 05:05:08,979 INFO o.a.j.t.JMeterThread: Stopping because end time detected by thread: TCC orders 1-40
2026-09-10 05:05:08,980 INFO o.a.j.t.JMeterThread: Thread finished: TCC orders 1-40
2026-09-10 05:05:09,009 INFO o.a.j.t.JMeterThread: Stopping because end time detected by thread: TCC orders 1-21
2026-09-10 05:05:09,009 INFO o.a.j.t.JMeterThread: Thread finished: TCC orders 1-21
2026-09-10 05:05:09,034 INFO o.a.j.t.JMeterThread: Stopping because end time detected by thread: TCC orders 1-36
2026-09-10 05:05:09,035 INFO o.a.j.t.JMeterThread: Thread finished: TCC orders 1-36
2026-09-10 05:05:09,059 INFO o.a.j.t.JMeterThread: Stopping because end time detected by thread: TCC orders 1-52
2026-09-10 05:05:09,059 INFO o.a.j.t.JMeterThread: Thread finished: TCC orders 1-52
2026-09-10 05:05:09,084 INFO o.a.j.t.JMeterThread: Stopping because end time detected by thread: TCC orders 1-63
2026-09-10 05:05:09,085 INFO o.a.j.t.JMeterThread: Thread finished: TCC orders 1-63
2026-09-10 05:05:09,111 INFO o.a.j.t.JMeterThread: Stopping because end time detected by thread: TCC orders 1-86
2026-09-10 05:05:09,111 INFO o.a.j.t.JMeterThread: Thread finished: TCC orders 1-86
2026-09-10 05:05:09,136 INFO o.a.j.t.JMeterThread: Stopping because end time detected by thread: TCC orders 1-44
2026-09-10 05:05:09,137 INFO o.a.j.t.JMeterThread: Thread finished: TCC orders 1-44
2026-09-10 05:05:09,162 INFO o.a.j.t.JMeterThread: Stopping because end time detected by thread: TCC orders 1-29
2026-09-10 05:05:09,162 INFO o.a.j.t.JMeterThread: Thread finished: TCC orders 1-29
2026-09-10 05:05:09,187 INFO o.a.j.t.JMeterThread: Stopping because end time detected by thread: TCC orders 1-53
2026-09-10 05:05:09,187 INFO o.a.j.t.JMeterThread: Thread finished: TCC orders 1-53
2026-09-10 05:05:09,212 INFO o.a.j.t.JMeterThread: Stopping because end time detected by thread: TCC orders 1-16
2026-09-10 05:05:09,212 INFO o.a.j.t.JMeterThread: Thread finished: TCC orders 1-16
2026-09-10 05:05:09,237 INFO o.a.j.t.JMeterThread: Stopping because end time detected by thread: TCC orders 1-83
2026-09-10 05:05:09,237 INFO o.a.j.t.JMeterThread: Thread finished: TCC orders 1-83
2026-09-10 05:05:09,262 INFO o.a.j.t.JMeterThread: Stopping because end time detected by thread: TCC orders 1-74
2026-09-10 05:05:09,262 INFO o.a.j.t.JMeterThread: Thread finished: TCC orders 1-74
2026-09-10 05:05:09,287 INFO o.a.j.t.JMeterThread: Stopping because end time detected by thread: TCC orders 1-66
2026-09-10 05:05:09,287 INFO o.a.j.t.JMeterThread: Thread finished: TCC orders 1-66
2026-09-10 05:05:09,312 INFO o.a.j.t.JMeterThread: Stopping because end time detected by thread: TCC orders 1-32
2026-09-10 05:05:09,312 INFO o.a.j.t.JMeterThread: Thread finished: TCC orders 1-32
2026-09-10 05:05:09,337 INFO o.a.j.t.JMeterThread: Stopping because end time detected by thread: TCC orders 1-96
2026-09-10 05:05:09,337 INFO o.a.j.t.JMeterThread: Thread finished: TCC orders 1-96
2026-09-10 05:05:09,362 INFO o.a.j.t.JMeterThread: Stopping because end time detected by thread: TCC orders 1-100
2026-09-10 05:05:09,362 INFO o.a.j.t.JMeterThread: Thread finished: TCC orders 1-100
2026-09-10 05:05:09,386 INFO o.a.j.t.JMeterThread: Stopping because end time detected by thread: TCC orders 1-69
2026-09-10 05:05:09,386 INFO o.a.j.t.JMeterThread: Thread finished: TCC orders 1-69
2026-09-10 05:05:09,412 INFO o.a.j.t.JMeterThread: Stopping because end time detected by thread: TCC orders 1-80
2026-09-10 05:05:09,413 INFO o.a.j.t.JMeterThread: Thread finished: TCC orders 1-80
2026-09-10 05:05:09,438 INFO o.a.j.t.JMeterThread: Stopping because end time detected by thread: TCC orders 1-47
2026-09-10 05:05:09,438 INFO o.a.j.t.JMeterThread: Thread finished: TCC orders 1-47
2026-09-10 05:05:09,462 INFO o.a.j.t.JMeterThread: Stopping because end time detected by thread: TCC orders 1-33
2026-09-10 05:05:09,463 INFO o.a.j.t.JMeterThread: Thread finished: TCC orders 1-33
2026-09-10 05:05:09,487 INFO o.a.j.t.JMeterThread: Stopping because end time detected by thread: TCC orders 1-20
2026-09-10 05:05:09,487 INFO o.a.j.t.JMeterThread: Thread finished: TCC orders 1-20
2026-09-10 05:05:09,511 INFO o.a.j.t.JMeterThread: Stopping because end time detected by thread: TCC orders 1-55
2026-09-10 05:05:09,511 INFO o.a.j.t.JMeterThread: Thread finished: TCC orders 1-55
2026-09-10 05:05:09,535 INFO o.a.j.t.JMeterThread: Stopping because end time detected by thread: TCC orders 1-14
2026-09-10 05:05:09,536 INFO o.a.j.t.JMeterThread: Thread finished: TCC orders 1-14
2026-09-10 05:05:09,560 INFO o.a.j.t.JMeterThread: Stopping because end time detected by thread: TCC orders 1-34
2026-09-10 05:05:09,560 INFO o.a.j.t.JMeterThread: Thread finished: TCC orders 1-34
2026-09-10 05:05:09,587 INFO o.a.j.t.JMeterThread: Stopping because end time detected by thread: TCC orders 1-59
2026-09-10 05:05:09,587 INFO o.a.j.t.JMeterThread: Thread finished: TCC orders 1-59
2026-09-10 05:05:09,612 INFO o.a.j.t.JMeterThread: Stopping because end time detected by thread: TCC orders 1-1
2026-09-10 05:05:09,612 INFO o.a.j.t.JMeterThread: Thread finished: TCC orders 1-1
2026-09-10 05:05:09,638 INFO o.a.j.t.JMeterThread: Stopping because end time detected by thread: TCC orders 1-85
2026-09-10 05:05:09,638 INFO o.a.j.t.JMeterThread: Thread finished: TCC orders 1-85
2026-09-10 05:05:09,662 INFO o.a.j.t.JMeterThread: Stopping because end time detected by thread: TCC orders 1-15
2026-09-10 05:05:09,663 INFO o.a.j.t.JMeterThread: Thread finished: TCC orders 1-15
2026-09-10 05:05:09,688 INFO o.a.j.t.JMeterThread: Stopping because end time detected by thread: TCC orders 1-78
2026-09-10 05:05:09,688 INFO o.a.j.t.JMeterThread: Thread finished: TCC orders 1-78
2026-09-10 05:05:09,713 INFO o.a.j.t.JMeterThread: Stopping because end time detected by thread: TCC orders 1-24
2026-09-10 05:05:09,714 INFO o.a.j.t.JMeterThread: Thread finished: TCC orders 1-24
2026-09-10 05:05:09,739 INFO o.a.j.t.JMeterThread: Stopping because end time detected by thread: TCC orders 1-92
2026-09-10 05:05:09,739 INFO o.a.j.t.JMeterThread: Thread finished: TCC orders 1-92
2026-09-10 05:05:09,764 INFO o.a.j.t.JMeterThread: Stopping because end time detected by thread: TCC orders 1-26
2026-09-10 05:05:09,764 INFO o.a.j.t.JMeterThread: Thread finished: TCC orders 1-26
2026-09-10 05:05:09,789 INFO o.a.j.t.JMeterThread: Stopping because end time detected by thread: TCC orders 1-4
2026-09-10 05:05:09,789 INFO o.a.j.t.JMeterThread: Thread finished: TCC orders 1-4
2026-09-10 05:05:09,814 INFO o.a.j.t.JMeterThread: Stopping because end time detected by thread: TCC orders 1-82
2026-09-10 05:05:09,814 INFO o.a.j.t.JMeterThread: Thread finished: TCC orders 1-82
2026-09-10 05:05:09,839 INFO o.a.j.t.JMeterThread: Stopping because end time detected by thread: TCC orders 1-67
2026-09-10 05:05:09,839 INFO o.a.j.t.JMeterThread: Thread finished: TCC orders 1-67
2026-09-10 05:05:09,839 INFO o.a.j.e.StandardJMeterEngine: Notifying test listeners of end of test
2026-09-10 05:05:09,842 INFO o.a.j.r.Summariser: summary +    394 in 00:00:10 =   40.1/s Avg:  2485 Min:  2455 Max:  2524 Err:     0 (0.00%) Active: 0 Started: 100 Finished: 100
2026-09-10 05:05:09,842 INFO o.a.j.r.Summariser: summary =   1275 in 00:00:33 =   39.1/s Avg:  2434 Min:   130 Max:  2899 Err:     0 (0.00%)
