2026-09-10 06:38:38,333 INFO o.a.j.u.JMeterUtils: Setting Locale to en_EN
2026-09-10 06:38:38,352 INFO o.a.j.JMeter: Loading user properties from: /home/avituo/projects/tcc/tcc-container/.tools/apache-jmeter-5.6.3/bin/user.properties
2026-09-10 06:38:38,352 INFO o.a.j.JMeter: Loading system properties from: /home/avituo/projects/tcc/tcc-container/.tools/apache-jmeter-5.6.3/bin/system.properties
2026-09-10 06:38:38,352 INFO o.a.j.JMeter: Loading additional properties from: /home/avituo/projects/tcc/tcc-container/benchmark/jmeter/benchmark.properties
2026-09-10 06:38:38,352 INFO o.a.j.JMeter: Loading additional properties from: /tmp/tcc-benchmark-auth.vJa4LS/auth.properties
2026-09-10 06:38:38,352 INFO o.a.j.JMeter: Loading additional properties from: /home/avituo/projects/tcc/tcc-container/benchmark/results/laravel-13.20.0/final/order-show/c25/r4/microservices/thread-counters.properties
2026-09-10 06:38:38,353 INFO o.a.j.JMeter: Setting JMeter property: threads=25
2026-09-10 06:38:38,353 INFO o.a.j.JMeter: Setting JMeter property: duration_seconds=120
2026-09-10 06:38:38,353 INFO o.a.j.JMeter: Setting JMeter property: target_host=localhost
2026-09-10 06:38:38,353 INFO o.a.j.JMeter: Setting JMeter property: target_port=18080
2026-09-10 06:38:38,353 INFO o.a.j.JMeter: Setting JMeter property: tcc.order.id=20000000-0000-4000-8000-000000000001
2026-09-10 06:38:38,353 INFO o.a.j.JMeter: Setting JMeter property: repetition=4
2026-09-10 06:38:38,360 INFO o.a.j.JMeter: Copyright (c) 1998-2024 The Apache Software Foundation
2026-09-10 06:38:38,361 INFO o.a.j.JMeter: Version 5.6.3
2026-09-10 06:38:38,361 INFO o.a.j.JMeter: java.version=21.0.11
2026-09-10 06:38:38,361 INFO o.a.j.JMeter: java.vm.name=OpenJDK 64-Bit Server VM
2026-09-10 06:38:38,361 INFO o.a.j.JMeter: os.name=Linux
2026-09-10 06:38:38,361 INFO o.a.j.JMeter: os.arch=amd64
2026-09-10 06:38:38,361 INFO o.a.j.JMeter: os.version=7.0.11-76070011-generic
2026-09-10 06:38:38,361 INFO o.a.j.JMeter: file.encoding=UTF-8
2026-09-10 06:38:38,361 INFO o.a.j.JMeter: java.awt.headless=true
2026-09-10 06:38:38,361 INFO o.a.j.JMeter: Max memory     =1073741824
2026-09-10 06:38:38,361 INFO o.a.j.JMeter: Available Processors =16
2026-09-10 06:38:38,369 INFO o.a.j.JMeter: Default Locale=English (EN)
2026-09-10 06:38:38,369 INFO o.a.j.JMeter: JMeter  Locale=English (EN)
2026-09-10 06:38:38,369 INFO o.a.j.JMeter: JMeterHome=/home/avituo/projects/tcc/tcc-container/.tools/apache-jmeter-5.6.3
2026-09-10 06:38:38,369 INFO o.a.j.JMeter: user.dir  =/home/avituo/projects/tcc/tcc-container
2026-09-10 06:38:38,369 INFO o.a.j.JMeter: PWD       =/home/avituo/projects/tcc/tcc-container
2026-09-10 06:38:38,377 INFO o.a.j.JMeter: IP: 192.168.1.16 Name: pop-os FullName: pop-os.home
2026-09-10 06:38:38,389 INFO o.a.j.s.FileServer: Default base='/home/avituo/projects/tcc/tcc-container'
2026-09-10 06:38:38,391 INFO o.a.j.s.FileServer: Set new base='/home/avituo/projects/tcc/tcc-container/benchmark/jmeter'
2026-09-10 06:38:38,574 INFO o.a.j.s.SaveService: Testplan (JMX) version: 2.2. Testlog (JTL) version: 2.2
2026-09-10 06:38:38,600 INFO o.a.j.s.SaveService: Using SaveService properties version 5.0
2026-09-10 06:38:38,603 INFO o.a.j.s.SaveService: Using SaveService properties file encoding UTF-8
2026-09-10 06:38:38,607 INFO o.a.j.s.SaveService: Loading file: /home/avituo/projects/tcc/tcc-container/benchmark/jmeter/tcc-order-show-v1.jmx
2026-09-10 06:38:38,658 INFO o.a.j.p.h.s.HTTPSamplerBase: Parser for text/html is org.apache.jmeter.protocol.http.parser.LagartoBasedHtmlParser
2026-09-10 06:38:38,658 INFO o.a.j.p.h.s.HTTPSamplerBase: Parser for application/xhtml+xml is org.apache.jmeter.protocol.http.parser.LagartoBasedHtmlParser
2026-09-10 06:38:38,659 INFO o.a.j.p.h.s.HTTPSamplerBase: Parser for application/xml is org.apache.jmeter.protocol.http.parser.LagartoBasedHtmlParser
2026-09-10 06:38:38,659 INFO o.a.j.p.h.s.HTTPSamplerBase: Parser for text/xml is org.apache.jmeter.protocol.http.parser.LagartoBasedHtmlParser
2026-09-10 06:38:38,659 INFO o.a.j.p.h.s.HTTPSamplerBase: Parser for text/vnd.wap.wml is org.apache.jmeter.protocol.http.parser.RegexpHTMLParser
2026-09-10 06:38:38,659 INFO o.a.j.p.h.s.HTTPSamplerBase: Parser for text/css is org.apache.jmeter.protocol.http.parser.CssParser
2026-09-10 06:38:38,690 INFO o.a.j.JMeter: Creating summariser <summary>
2026-09-10 06:38:38,706 INFO o.a.j.e.StandardJMeterEngine: Running the test!
2026-09-10 06:38:38,707 INFO o.a.j.s.SampleEvent: List of sample_variables: []
2026-09-10 06:38:38,708 INFO o.a.j.s.SampleEvent: List of sample_variables: []
2026-09-10 06:38:38,715 INFO o.a.j.e.u.CompoundVariable: Note: Function class names must contain the string: '.functions.'
2026-09-10 06:38:38,716 INFO o.a.j.e.u.CompoundVariable: Note: Function class names must not contain the string: '.gui.'
2026-09-10 06:38:38,958 INFO o.a.j.JMeter: Running test (1789033118957)
2026-09-10 06:38:38,979 INFO o.a.j.e.StandardJMeterEngine: Starting ThreadGroup: 1 : TCC order-show
2026-09-10 06:38:38,979 INFO o.a.j.e.StandardJMeterEngine: Starting 25 threads for group TCC order-show.
2026-09-10 06:38:38,979 INFO o.a.j.e.StandardJMeterEngine: Thread will continue on error
2026-09-10 06:38:38,979 INFO o.a.j.t.ThreadGroup: Starting thread group... number=1 threads=25 ramp-up=0 delayedStart=false
2026-09-10 06:38:38,986 INFO o.a.j.t.JMeterThread: Thread started: TCC order-show 1-4
2026-09-10 06:38:38,986 INFO o.a.j.t.JMeterThread: Thread started: TCC order-show 1-6
2026-09-10 06:38:38,986 INFO o.a.j.t.JMeterThread: Thread started: TCC order-show 1-5
2026-09-10 06:38:38,986 INFO o.a.j.t.JMeterThread: Thread started: TCC order-show 1-1
2026-09-10 06:38:38,986 INFO o.a.j.t.JMeterThread: Thread started: TCC order-show 1-3
2026-09-10 06:38:38,986 INFO o.a.j.t.JMeterThread: Thread started: TCC order-show 1-2
2026-09-10 06:38:38,987 INFO o.a.j.t.JMeterThread: Thread started: TCC order-show 1-7
2026-09-10 06:38:38,988 INFO o.a.j.t.JMeterThread: Thread started: TCC order-show 1-8
2026-09-10 06:38:38,988 INFO o.a.j.t.JMeterThread: Thread started: TCC order-show 1-9
2026-09-10 06:38:38,989 INFO o.a.j.t.JMeterThread: Thread started: TCC order-show 1-10
2026-09-10 06:38:38,989 INFO o.a.j.t.JMeterThread: Thread started: TCC order-show 1-11
2026-09-10 06:38:38,990 INFO o.a.j.t.JMeterThread: Thread started: TCC order-show 1-12
2026-09-10 06:38:38,991 INFO o.a.j.t.JMeterThread: Thread started: TCC order-show 1-13
2026-09-10 06:38:38,992 INFO o.a.j.t.JMeterThread: Thread started: TCC order-show 1-14
2026-09-10 06:38:38,993 INFO o.a.j.t.JMeterThread: Thread started: TCC order-show 1-15
2026-09-10 06:38:38,994 INFO o.a.j.t.JMeterThread: Thread started: TCC order-show 1-16
2026-09-10 06:38:38,995 INFO o.a.j.t.JMeterThread: Thread started: TCC order-show 1-17
2026-09-10 06:38:38,996 INFO o.a.j.t.JMeterThread: Thread started: TCC order-show 1-18
2026-09-10 06:38:38,997 INFO o.a.j.t.JMeterThread: Thread started: TCC order-show 1-19
2026-09-10 06:38:38,997 INFO o.a.j.t.JMeterThread: Thread started: TCC order-show 1-20
2026-09-10 06:38:38,998 INFO o.a.j.t.JMeterThread: Thread started: TCC order-show 1-21
2026-09-10 06:38:38,998 INFO o.a.j.t.JMeterThread: Thread started: TCC order-show 1-22
2026-09-10 06:38:38,999 INFO o.a.j.t.JMeterThread: Thread started: TCC order-show 1-23
2026-09-10 06:38:39,000 INFO o.a.j.t.JMeterThread: Thread started: TCC order-show 1-24
2026-09-10 06:38:39,000 INFO o.a.j.t.ThreadGroup: Started thread group number 1
2026-09-10 06:38:39,000 INFO o.a.j.e.StandardJMeterEngine: All thread groups have been started
2026-09-10 06:38:39,000 INFO o.a.j.t.JMeterThread: Thread started: TCC order-show 1-25
2026-09-10 06:38:39,007 INFO o.a.j.p.h.s.HTTPHCAbstractImpl: Local host = pop-os
2026-09-10 06:38:39,013 INFO o.a.j.p.h.s.HTTPHC4Impl: HTTP request retry count = 0
2026-09-10 06:38:39,015 INFO o.a.j.s.SampleResult: Note: Sample TimeStamps are START times
2026-09-10 06:38:39,015 INFO o.a.j.s.SampleResult: sampleresult.default.encoding is set to UTF-8
2026-09-10 06:38:39,015 INFO o.a.j.s.SampleResult: sampleresult.useNanoTime=true
2026-09-10 06:38:39,015 INFO o.a.j.s.SampleResult: sampleresult.nanoThreadSleep=5000
2026-09-10 06:39:00,002 INFO o.a.j.r.Summariser: summary +   2780 in 00:00:21 =  132.1/s Avg:   179 Min:    22 Max:   367 Err:     0 (0.00%) Active: 25 Started: 25 Finished: 0
2026-09-10 06:39:30,006 INFO o.a.j.r.Summariser: summary +   4234 in 00:00:30 =  141.1/s Avg:   176 Min:   161 Max:   243 Err:     0 (0.00%) Active: 25 Started: 25 Finished: 0
2026-09-10 06:39:30,006 INFO o.a.j.r.Summariser: summary =   7014 in 00:00:51 =  137.4/s Avg:   177 Min:    22 Max:   367 Err:     0 (0.00%)
2026-09-10 06:40:00,001 INFO o.a.j.r.Summariser: summary +   4283 in 00:00:30 =  142.8/s Avg:   174 Min:   144 Max:   200 Err:     0 (0.00%) Active: 25 Started: 25 Finished: 0
2026-09-10 06:40:00,001 INFO o.a.j.r.Summariser: summary =  11297 in 00:01:21 =  139.4/s Avg:   176 Min:    22 Max:   367 Err:     0 (0.00%)
2026-09-10 06:40:30,002 INFO o.a.j.r.Summariser: summary +   4305 in 00:00:30 =  143.5/s Avg:   173 Min:   165 Max:   191 Err:     0 (0.00%) Active: 25 Started: 25 Finished: 0
2026-09-10 06:40:30,002 INFO o.a.j.r.Summariser: summary =  15602 in 00:01:51 =  140.5/s Avg:   175 Min:    22 Max:   367 Err:     0 (0.00%)
2026-09-10 06:40:38,991 INFO o.a.j.t.JMeterThread: Stopping because end time detected by thread: TCC order-show 1-4
2026-09-10 06:40:38,991 INFO o.a.j.t.JMeterThread: Thread finished: TCC order-show 1-4
2026-09-10 06:40:38,998 INFO o.a.j.t.JMeterThread: Stopping because end time detected by thread: TCC order-show 1-5
2026-09-10 06:40:38,998 INFO o.a.j.t.JMeterThread: Thread finished: TCC order-show 1-5
2026-09-10 06:40:39,005 INFO o.a.j.t.JMeterThread: Stopping because end time detected by thread: TCC order-show 1-9
2026-09-10 06:40:39,005 INFO o.a.j.t.JMeterThread: Thread finished: TCC order-show 1-9
2026-09-10 06:40:39,013 INFO o.a.j.t.JMeterThread: Stopping because end time detected by thread: TCC order-show 1-10
2026-09-10 06:40:39,013 INFO o.a.j.t.JMeterThread: Thread finished: TCC order-show 1-10
2026-09-10 06:40:39,019 INFO o.a.j.t.JMeterThread: Stopping because end time detected by thread: TCC order-show 1-17
2026-09-10 06:40:39,019 INFO o.a.j.t.JMeterThread: Thread finished: TCC order-show 1-17
2026-09-10 06:40:39,027 INFO o.a.j.t.JMeterThread: Stopping because end time detected by thread: TCC order-show 1-23
2026-09-10 06:40:39,027 INFO o.a.j.t.JMeterThread: Thread finished: TCC order-show 1-23
2026-09-10 06:40:39,034 INFO o.a.j.t.JMeterThread: Stopping because end time detected by thread: TCC order-show 1-12
2026-09-10 06:40:39,034 INFO o.a.j.t.JMeterThread: Thread finished: TCC order-show 1-12
2026-09-10 06:40:39,041 INFO o.a.j.t.JMeterThread: Stopping because end time detected by thread: TCC order-show 1-1
2026-09-10 06:40:39,041 INFO o.a.j.t.JMeterThread: Thread finished: TCC order-show 1-1
2026-09-10 06:40:39,048 INFO o.a.j.t.JMeterThread: Stopping because end time detected by thread: TCC order-show 1-20
2026-09-10 06:40:39,048 INFO o.a.j.t.JMeterThread: Thread finished: TCC order-show 1-20
2026-09-10 06:40:39,056 INFO o.a.j.t.JMeterThread: Stopping because end time detected by thread: TCC order-show 1-2
2026-09-10 06:40:39,056 INFO o.a.j.t.JMeterThread: Thread finished: TCC order-show 1-2
2026-09-10 06:40:39,063 INFO o.a.j.t.JMeterThread: Stopping because end time detected by thread: TCC order-show 1-11
2026-09-10 06:40:39,063 INFO o.a.j.t.JMeterThread: Thread finished: TCC order-show 1-11
2026-09-10 06:40:39,070 INFO o.a.j.t.JMeterThread: Stopping because end time detected by thread: TCC order-show 1-21
2026-09-10 06:40:39,070 INFO o.a.j.t.JMeterThread: Thread finished: TCC order-show 1-21
2026-09-10 06:40:39,078 INFO o.a.j.t.JMeterThread: Stopping because end time detected by thread: TCC order-show 1-15
2026-09-10 06:40:39,078 INFO o.a.j.t.JMeterThread: Thread finished: TCC order-show 1-15
2026-09-10 06:40:39,085 INFO o.a.j.t.JMeterThread: Stopping because end time detected by thread: TCC order-show 1-24
2026-09-10 06:40:39,085 INFO o.a.j.t.JMeterThread: Thread finished: TCC order-show 1-24
2026-09-10 06:40:39,092 INFO o.a.j.t.JMeterThread: Stopping because end time detected by thread: TCC order-show 1-19
2026-09-10 06:40:39,092 INFO o.a.j.t.JMeterThread: Thread finished: TCC order-show 1-19
2026-09-10 06:40:39,099 INFO o.a.j.t.JMeterThread: Stopping because end time detected by thread: TCC order-show 1-13
2026-09-10 06:40:39,099 INFO o.a.j.t.JMeterThread: Thread finished: TCC order-show 1-13
2026-09-10 06:40:39,106 INFO o.a.j.t.JMeterThread: Stopping because end time detected by thread: TCC order-show 1-7
2026-09-10 06:40:39,106 INFO o.a.j.t.JMeterThread: Thread finished: TCC order-show 1-7
2026-09-10 06:40:39,113 INFO o.a.j.t.JMeterThread: Stopping because end time detected by thread: TCC order-show 1-3
2026-09-10 06:40:39,113 INFO o.a.j.t.JMeterThread: Thread finished: TCC order-show 1-3
2026-09-10 06:40:39,120 INFO o.a.j.t.JMeterThread: Stopping because end time detected by thread: TCC order-show 1-22
2026-09-10 06:40:39,120 INFO o.a.j.t.JMeterThread: Thread finished: TCC order-show 1-22
2026-09-10 06:40:39,126 INFO o.a.j.t.JMeterThread: Stopping because end time detected by thread: TCC order-show 1-14
2026-09-10 06:40:39,127 INFO o.a.j.t.JMeterThread: Thread finished: TCC order-show 1-14
2026-09-10 06:40:39,134 INFO o.a.j.t.JMeterThread: Stopping because end time detected by thread: TCC order-show 1-18
2026-09-10 06:40:39,134 INFO o.a.j.t.JMeterThread: Thread finished: TCC order-show 1-18
2026-09-10 06:40:39,141 INFO o.a.j.t.JMeterThread: Stopping because end time detected by thread: TCC order-show 1-16
2026-09-10 06:40:39,141 INFO o.a.j.t.JMeterThread: Thread finished: TCC order-show 1-16
2026-09-10 06:40:39,147 INFO o.a.j.t.JMeterThread: Stopping because end time detected by thread: TCC order-show 1-25
2026-09-10 06:40:39,147 INFO o.a.j.t.JMeterThread: Thread finished: TCC order-show 1-25
2026-09-10 06:40:39,154 INFO o.a.j.t.JMeterThread: Stopping because end time detected by thread: TCC order-show 1-6
2026-09-10 06:40:39,154 INFO o.a.j.t.JMeterThread: Thread finished: TCC order-show 1-6
2026-09-10 06:40:39,161 INFO o.a.j.t.JMeterThread: Stopping because end time detected by thread: TCC order-show 1-8
2026-09-10 06:40:39,161 INFO o.a.j.t.JMeterThread: Thread finished: TCC order-show 1-8
2026-09-10 06:40:39,161 INFO o.a.j.e.StandardJMeterEngine: Notifying test listeners of end of test
2026-09-10 06:40:39,165 INFO o.a.j.r.Summariser: summary +   1323 in 00:00:09 =  144.4/s Avg:   172 Min:   165 Max:   188 Err:     0 (0.00%) Active: 0 Started: 25 Finished: 25
2026-09-10 06:40:39,165 INFO o.a.j.r.Summariser: summary =  16925 in 00:02:00 =  140.8/s Avg:   175 Min:    22 Max:   367 Err:     0 (0.00%)
