2026-09-10 06:38:03,200 INFO o.a.j.u.JMeterUtils: Setting Locale to en_EN
2026-09-10 06:38:03,221 INFO o.a.j.JMeter: Loading user properties from: /home/avituo/projects/tcc/tcc-container/.tools/apache-jmeter-5.6.3/bin/user.properties
2026-09-10 06:38:03,221 INFO o.a.j.JMeter: Loading system properties from: /home/avituo/projects/tcc/tcc-container/.tools/apache-jmeter-5.6.3/bin/system.properties
2026-09-10 06:38:03,221 INFO o.a.j.JMeter: Loading additional properties from: /home/avituo/projects/tcc/tcc-container/benchmark/jmeter/benchmark.properties
2026-09-10 06:38:03,222 INFO o.a.j.JMeter: Loading additional properties from: /tmp/tcc-benchmark-auth.vJa4LS/auth.properties
2026-09-10 06:38:03,222 INFO o.a.j.JMeter: Setting JMeter property: threads=25
2026-09-10 06:38:03,222 INFO o.a.j.JMeter: Setting JMeter property: duration_seconds=30
2026-09-10 06:38:03,222 INFO o.a.j.JMeter: Setting JMeter property: target_host=localhost
2026-09-10 06:38:03,222 INFO o.a.j.JMeter: Setting JMeter property: target_port=18080
2026-09-10 06:38:03,222 INFO o.a.j.JMeter: Setting JMeter property: tcc.order.id=20000000-0000-4000-8000-000000000001
2026-09-10 06:38:03,222 INFO o.a.j.JMeter: Setting JMeter property: repetition=4
2026-09-10 06:38:03,230 INFO o.a.j.JMeter: Copyright (c) 1998-2024 The Apache Software Foundation
2026-09-10 06:38:03,230 INFO o.a.j.JMeter: Version 5.6.3
2026-09-10 06:38:03,230 INFO o.a.j.JMeter: java.version=21.0.11
2026-09-10 06:38:03,230 INFO o.a.j.JMeter: java.vm.name=OpenJDK 64-Bit Server VM
2026-09-10 06:38:03,230 INFO o.a.j.JMeter: os.name=Linux
2026-09-10 06:38:03,230 INFO o.a.j.JMeter: os.arch=amd64
2026-09-10 06:38:03,230 INFO o.a.j.JMeter: os.version=7.0.11-76070011-generic
2026-09-10 06:38:03,230 INFO o.a.j.JMeter: file.encoding=UTF-8
2026-09-10 06:38:03,230 INFO o.a.j.JMeter: java.awt.headless=true
2026-09-10 06:38:03,230 INFO o.a.j.JMeter: Max memory     =1073741824
2026-09-10 06:38:03,230 INFO o.a.j.JMeter: Available Processors =16
2026-09-10 06:38:03,240 INFO o.a.j.JMeter: Default Locale=English (EN)
2026-09-10 06:38:03,240 INFO o.a.j.JMeter: JMeter  Locale=English (EN)
2026-09-10 06:38:03,240 INFO o.a.j.JMeter: JMeterHome=/home/avituo/projects/tcc/tcc-container/.tools/apache-jmeter-5.6.3
2026-09-10 06:38:03,240 INFO o.a.j.JMeter: user.dir  =/home/avituo/projects/tcc/tcc-container
2026-09-10 06:38:03,240 INFO o.a.j.JMeter: PWD       =/home/avituo/projects/tcc/tcc-container
2026-09-10 06:38:03,248 INFO o.a.j.JMeter: IP: 192.168.1.16 Name: pop-os FullName: pop-os.home
2026-09-10 06:38:03,262 INFO o.a.j.s.FileServer: Default base='/home/avituo/projects/tcc/tcc-container'
2026-09-10 06:38:03,265 INFO o.a.j.s.FileServer: Set new base='/home/avituo/projects/tcc/tcc-container/benchmark/jmeter'
2026-09-10 06:38:03,453 INFO o.a.j.s.SaveService: Testplan (JMX) version: 2.2. Testlog (JTL) version: 2.2
2026-09-10 06:38:03,479 INFO o.a.j.s.SaveService: Using SaveService properties version 5.0
2026-09-10 06:38:03,483 INFO o.a.j.s.SaveService: Using SaveService properties file encoding UTF-8
2026-09-10 06:38:03,488 INFO o.a.j.s.SaveService: Loading file: /home/avituo/projects/tcc/tcc-container/benchmark/jmeter/tcc-order-show-v1.jmx
2026-09-10 06:38:03,545 INFO o.a.j.p.h.s.HTTPSamplerBase: Parser for text/html is org.apache.jmeter.protocol.http.parser.LagartoBasedHtmlParser
2026-09-10 06:38:03,546 INFO o.a.j.p.h.s.HTTPSamplerBase: Parser for application/xhtml+xml is org.apache.jmeter.protocol.http.parser.LagartoBasedHtmlParser
2026-09-10 06:38:03,546 INFO o.a.j.p.h.s.HTTPSamplerBase: Parser for application/xml is org.apache.jmeter.protocol.http.parser.LagartoBasedHtmlParser
2026-09-10 06:38:03,546 INFO o.a.j.p.h.s.HTTPSamplerBase: Parser for text/xml is org.apache.jmeter.protocol.http.parser.LagartoBasedHtmlParser
2026-09-10 06:38:03,546 INFO o.a.j.p.h.s.HTTPSamplerBase: Parser for text/vnd.wap.wml is org.apache.jmeter.protocol.http.parser.RegexpHTMLParser
2026-09-10 06:38:03,546 INFO o.a.j.p.h.s.HTTPSamplerBase: Parser for text/css is org.apache.jmeter.protocol.http.parser.CssParser
2026-09-10 06:38:03,577 INFO o.a.j.JMeter: Creating summariser <summary>
2026-09-10 06:38:03,599 INFO o.a.j.e.StandardJMeterEngine: Running the test!
2026-09-10 06:38:03,600 INFO o.a.j.s.SampleEvent: List of sample_variables: []
2026-09-10 06:38:03,600 INFO o.a.j.s.SampleEvent: List of sample_variables: []
2026-09-10 06:38:03,606 INFO o.a.j.e.u.CompoundVariable: Note: Function class names must contain the string: '.functions.'
2026-09-10 06:38:03,607 INFO o.a.j.e.u.CompoundVariable: Note: Function class names must not contain the string: '.gui.'
2026-09-10 06:38:03,872 INFO o.a.j.JMeter: Running test (1789033083871)
2026-09-10 06:38:03,897 INFO o.a.j.e.StandardJMeterEngine: Starting ThreadGroup: 1 : TCC order-show
2026-09-10 06:38:03,897 INFO o.a.j.e.StandardJMeterEngine: Starting 25 threads for group TCC order-show.
2026-09-10 06:38:03,897 INFO o.a.j.e.StandardJMeterEngine: Thread will continue on error
2026-09-10 06:38:03,897 INFO o.a.j.t.ThreadGroup: Starting thread group... number=1 threads=25 ramp-up=0 delayedStart=false
2026-09-10 06:38:03,904 INFO o.a.j.t.JMeterThread: Thread started: TCC order-show 1-5
2026-09-10 06:38:03,904 INFO o.a.j.t.JMeterThread: Thread started: TCC order-show 1-2
2026-09-10 06:38:03,904 INFO o.a.j.t.JMeterThread: Thread started: TCC order-show 1-4
2026-09-10 06:38:03,904 INFO o.a.j.t.JMeterThread: Thread started: TCC order-show 1-1
2026-09-10 06:38:03,904 INFO o.a.j.t.JMeterThread: Thread started: TCC order-show 1-3
2026-09-10 06:38:03,905 INFO o.a.j.t.JMeterThread: Thread started: TCC order-show 1-6
2026-09-10 06:38:03,906 INFO o.a.j.t.JMeterThread: Thread started: TCC order-show 1-7
2026-09-10 06:38:03,906 INFO o.a.j.t.JMeterThread: Thread started: TCC order-show 1-8
2026-09-10 06:38:03,907 INFO o.a.j.t.JMeterThread: Thread started: TCC order-show 1-9
2026-09-10 06:38:03,908 INFO o.a.j.t.JMeterThread: Thread started: TCC order-show 1-10
2026-09-10 06:38:03,909 INFO o.a.j.t.JMeterThread: Thread started: TCC order-show 1-11
2026-09-10 06:38:03,910 INFO o.a.j.t.JMeterThread: Thread started: TCC order-show 1-12
2026-09-10 06:38:03,911 INFO o.a.j.t.JMeterThread: Thread started: TCC order-show 1-13
2026-09-10 06:38:03,913 INFO o.a.j.t.JMeterThread: Thread started: TCC order-show 1-15
2026-09-10 06:38:03,913 INFO o.a.j.t.JMeterThread: Thread started: TCC order-show 1-14
2026-09-10 06:38:03,914 INFO o.a.j.t.JMeterThread: Thread started: TCC order-show 1-16
2026-09-10 06:38:03,914 INFO o.a.j.t.JMeterThread: Thread started: TCC order-show 1-17
2026-09-10 06:38:03,915 INFO o.a.j.t.JMeterThread: Thread started: TCC order-show 1-18
2026-09-10 06:38:03,916 INFO o.a.j.t.JMeterThread: Thread started: TCC order-show 1-19
2026-09-10 06:38:03,916 INFO o.a.j.t.JMeterThread: Thread started: TCC order-show 1-20
2026-09-10 06:38:03,917 INFO o.a.j.t.JMeterThread: Thread started: TCC order-show 1-21
2026-09-10 06:38:03,917 INFO o.a.j.t.JMeterThread: Thread started: TCC order-show 1-22
2026-09-10 06:38:03,918 INFO o.a.j.t.JMeterThread: Thread started: TCC order-show 1-23
2026-09-10 06:38:03,919 INFO o.a.j.t.JMeterThread: Thread started: TCC order-show 1-24
2026-09-10 06:38:03,919 INFO o.a.j.t.ThreadGroup: Started thread group number 1
2026-09-10 06:38:03,919 INFO o.a.j.e.StandardJMeterEngine: All thread groups have been started
2026-09-10 06:38:03,919 INFO o.a.j.t.JMeterThread: Thread started: TCC order-show 1-25
2026-09-10 06:38:03,926 INFO o.a.j.p.h.s.HTTPHCAbstractImpl: Local host = pop-os
2026-09-10 06:38:03,931 INFO o.a.j.p.h.s.HTTPHC4Impl: HTTP request retry count = 0
2026-09-10 06:38:03,932 INFO o.a.j.s.SampleResult: Note: Sample TimeStamps are START times
2026-09-10 06:38:03,933 INFO o.a.j.s.SampleResult: sampleresult.default.encoding is set to UTF-8
2026-09-10 06:38:03,933 INFO o.a.j.s.SampleResult: sampleresult.useNanoTime=true
2026-09-10 06:38:03,933 INFO o.a.j.s.SampleResult: sampleresult.nanoThreadSleep=5000
2026-09-10 06:38:05,024 INFO o.a.j.r.Summariser: summary +      1 in 00:00:01 =    0.9/s Avg:   288 Min:   288 Max:   288 Err:     0 (0.00%) Active: 25 Started: 25 Finished: 0
2026-09-10 06:38:30,005 INFO o.a.j.r.Summariser: summary +   3316 in 00:00:25 =  132.7/s Avg:   189 Min:    33 Max:   446 Err:     0 (0.00%) Active: 25 Started: 25 Finished: 0
2026-09-10 06:38:30,005 INFO o.a.j.r.Summariser: summary =   3317 in 00:00:26 =  126.9/s Avg:   189 Min:    33 Max:   446 Err:     0 (0.00%)
2026-09-10 06:38:33,902 INFO o.a.j.t.JMeterThread: Stopping because end time detected by thread: TCC order-show 1-2
2026-09-10 06:38:33,902 INFO o.a.j.t.JMeterThread: Thread finished: TCC order-show 1-2
2026-09-10 06:38:33,916 INFO o.a.j.t.JMeterThread: Stopping because end time detected by thread: TCC order-show 1-13
2026-09-10 06:38:33,916 INFO o.a.j.t.JMeterThread: Thread finished: TCC order-show 1-13
2026-09-10 06:38:33,923 INFO o.a.j.t.JMeterThread: Stopping because end time detected by thread: TCC order-show 1-4
2026-09-10 06:38:33,923 INFO o.a.j.t.JMeterThread: Thread finished: TCC order-show 1-4
2026-09-10 06:38:33,930 INFO o.a.j.t.JMeterThread: Stopping because end time detected by thread: TCC order-show 1-20
2026-09-10 06:38:33,931 INFO o.a.j.t.JMeterThread: Thread finished: TCC order-show 1-20
2026-09-10 06:38:33,938 INFO o.a.j.t.JMeterThread: Stopping because end time detected by thread: TCC order-show 1-19
2026-09-10 06:38:33,938 INFO o.a.j.t.JMeterThread: Thread finished: TCC order-show 1-19
2026-09-10 06:38:33,944 INFO o.a.j.t.JMeterThread: Stopping because end time detected by thread: TCC order-show 1-8
2026-09-10 06:38:33,945 INFO o.a.j.t.JMeterThread: Thread finished: TCC order-show 1-8
2026-09-10 06:38:33,951 INFO o.a.j.t.JMeterThread: Stopping because end time detected by thread: TCC order-show 1-3
2026-09-10 06:38:33,952 INFO o.a.j.t.JMeterThread: Thread finished: TCC order-show 1-3
2026-09-10 06:38:33,958 INFO o.a.j.t.JMeterThread: Stopping because end time detected by thread: TCC order-show 1-1
2026-09-10 06:38:33,959 INFO o.a.j.t.JMeterThread: Thread finished: TCC order-show 1-1
2026-09-10 06:38:33,966 INFO o.a.j.t.JMeterThread: Stopping because end time detected by thread: TCC order-show 1-16
2026-09-10 06:38:33,966 INFO o.a.j.t.JMeterThread: Thread finished: TCC order-show 1-16
2026-09-10 06:38:33,973 INFO o.a.j.t.JMeterThread: Stopping because end time detected by thread: TCC order-show 1-21
2026-09-10 06:38:33,973 INFO o.a.j.t.JMeterThread: Thread finished: TCC order-show 1-21
2026-09-10 06:38:33,980 INFO o.a.j.t.JMeterThread: Stopping because end time detected by thread: TCC order-show 1-7
2026-09-10 06:38:33,980 INFO o.a.j.t.JMeterThread: Thread finished: TCC order-show 1-7
2026-09-10 06:38:33,987 INFO o.a.j.t.JMeterThread: Stopping because end time detected by thread: TCC order-show 1-14
2026-09-10 06:38:33,987 INFO o.a.j.t.JMeterThread: Thread finished: TCC order-show 1-14
2026-09-10 06:38:33,994 INFO o.a.j.t.JMeterThread: Stopping because end time detected by thread: TCC order-show 1-18
2026-09-10 06:38:33,994 INFO o.a.j.t.JMeterThread: Thread finished: TCC order-show 1-18
2026-09-10 06:38:34,002 INFO o.a.j.t.JMeterThread: Stopping because end time detected by thread: TCC order-show 1-10
2026-09-10 06:38:34,002 INFO o.a.j.t.JMeterThread: Thread finished: TCC order-show 1-10
2026-09-10 06:38:34,009 INFO o.a.j.t.JMeterThread: Stopping because end time detected by thread: TCC order-show 1-12
2026-09-10 06:38:34,009 INFO o.a.j.t.JMeterThread: Thread finished: TCC order-show 1-12
2026-09-10 06:38:34,016 INFO o.a.j.t.JMeterThread: Stopping because end time detected by thread: TCC order-show 1-5
2026-09-10 06:38:34,016 INFO o.a.j.t.JMeterThread: Thread finished: TCC order-show 1-5
2026-09-10 06:38:34,025 INFO o.a.j.t.JMeterThread: Stopping because end time detected by thread: TCC order-show 1-22
2026-09-10 06:38:34,025 INFO o.a.j.t.JMeterThread: Thread finished: TCC order-show 1-22
2026-09-10 06:38:34,032 INFO o.a.j.t.JMeterThread: Stopping because end time detected by thread: TCC order-show 1-24
2026-09-10 06:38:34,033 INFO o.a.j.t.JMeterThread: Thread finished: TCC order-show 1-24
2026-09-10 06:38:34,040 INFO o.a.j.t.JMeterThread: Stopping because end time detected by thread: TCC order-show 1-9
2026-09-10 06:38:34,040 INFO o.a.j.t.JMeterThread: Thread finished: TCC order-show 1-9
2026-09-10 06:38:34,048 INFO o.a.j.t.JMeterThread: Stopping because end time detected by thread: TCC order-show 1-15
2026-09-10 06:38:34,048 INFO o.a.j.t.JMeterThread: Thread finished: TCC order-show 1-15
2026-09-10 06:38:34,056 INFO o.a.j.t.JMeterThread: Stopping because end time detected by thread: TCC order-show 1-25
2026-09-10 06:38:34,056 INFO o.a.j.t.JMeterThread: Thread finished: TCC order-show 1-25
2026-09-10 06:38:34,063 INFO o.a.j.t.JMeterThread: Stopping because end time detected by thread: TCC order-show 1-6
2026-09-10 06:38:34,063 INFO o.a.j.t.JMeterThread: Thread finished: TCC order-show 1-6
2026-09-10 06:38:34,070 INFO o.a.j.t.JMeterThread: Stopping because end time detected by thread: TCC order-show 1-11
2026-09-10 06:38:34,070 INFO o.a.j.t.JMeterThread: Thread finished: TCC order-show 1-11
2026-09-10 06:38:34,078 INFO o.a.j.t.JMeterThread: Stopping because end time detected by thread: TCC order-show 1-17
2026-09-10 06:38:34,078 INFO o.a.j.t.JMeterThread: Thread finished: TCC order-show 1-17
2026-09-10 06:38:34,085 INFO o.a.j.t.JMeterThread: Stopping because end time detected by thread: TCC order-show 1-23
2026-09-10 06:38:34,085 INFO o.a.j.t.JMeterThread: Thread finished: TCC order-show 1-23
2026-09-10 06:38:34,085 INFO o.a.j.e.StandardJMeterEngine: Notifying test listeners of end of test
2026-09-10 06:38:34,088 INFO o.a.j.r.Summariser: summary +    570 in 00:00:04 =  139.6/s Avg:   178 Min:   168 Max:   194 Err:     0 (0.00%) Active: 0 Started: 25 Finished: 25
2026-09-10 06:38:34,089 INFO o.a.j.r.Summariser: summary =   3887 in 00:00:30 =  128.6/s Avg:   187 Min:    33 Max:   446 Err:     0 (0.00%)
