2026-09-10 03:25:01,354 INFO o.a.j.u.JMeterUtils: Setting Locale to en_EN
2026-09-10 03:25:01,372 INFO o.a.j.JMeter: Loading user properties from: /home/avituo/projects/tcc/tcc-container/.tools/apache-jmeter-5.6.3/bin/user.properties
2026-09-10 03:25:01,372 INFO o.a.j.JMeter: Loading system properties from: /home/avituo/projects/tcc/tcc-container/.tools/apache-jmeter-5.6.3/bin/system.properties
2026-09-10 03:25:01,372 INFO o.a.j.JMeter: Loading additional properties from: /home/avituo/projects/tcc/tcc-container/benchmark/jmeter/benchmark.properties
2026-09-10 03:25:01,372 INFO o.a.j.JMeter: Loading additional properties from: /tmp/tcc-benchmark-auth.Df0YHb/auth.properties
2026-09-10 03:25:01,372 INFO o.a.j.JMeter: Loading additional properties from: /home/avituo/projects/tcc/tcc-container/benchmark/results/laravel-13.20.0/final/orders/c10/r2/microservices/thread-counters.properties
2026-09-10 03:25:01,372 INFO o.a.j.JMeter: Setting JMeter property: threads=10
2026-09-10 03:25:01,372 INFO o.a.j.JMeter: Setting JMeter property: duration_seconds=120
2026-09-10 03:25:01,372 INFO o.a.j.JMeter: Setting JMeter property: target_host=localhost
2026-09-10 03:25:01,373 INFO o.a.j.JMeter: Setting JMeter property: target_port=18080
2026-09-10 03:25:01,373 INFO o.a.j.JMeter: Setting JMeter property: tcc.order.id=20000000-0000-4000-8000-000000000001
2026-09-10 03:25:01,373 INFO o.a.j.JMeter: Setting JMeter property: repetition=2
2026-09-10 03:25:01,380 INFO o.a.j.JMeter: Copyright (c) 1998-2024 The Apache Software Foundation
2026-09-10 03:25:01,380 INFO o.a.j.JMeter: Version 5.6.3
2026-09-10 03:25:01,380 INFO o.a.j.JMeter: java.version=21.0.11
2026-09-10 03:25:01,380 INFO o.a.j.JMeter: java.vm.name=OpenJDK 64-Bit Server VM
2026-09-10 03:25:01,380 INFO o.a.j.JMeter: os.name=Linux
2026-09-10 03:25:01,380 INFO o.a.j.JMeter: os.arch=amd64
2026-09-10 03:25:01,380 INFO o.a.j.JMeter: os.version=7.0.11-76070011-generic
2026-09-10 03:25:01,381 INFO o.a.j.JMeter: file.encoding=UTF-8
2026-09-10 03:25:01,381 INFO o.a.j.JMeter: java.awt.headless=true
2026-09-10 03:25:01,381 INFO o.a.j.JMeter: Max memory     =1073741824
2026-09-10 03:25:01,381 INFO o.a.j.JMeter: Available Processors =16
2026-09-10 03:25:01,390 INFO o.a.j.JMeter: Default Locale=English (EN)
2026-09-10 03:25:01,390 INFO o.a.j.JMeter: JMeter  Locale=English (EN)
2026-09-10 03:25:01,390 INFO o.a.j.JMeter: JMeterHome=/home/avituo/projects/tcc/tcc-container/.tools/apache-jmeter-5.6.3
2026-09-10 03:25:01,390 INFO o.a.j.JMeter: user.dir  =/home/avituo/projects/tcc/tcc-container
2026-09-10 03:25:01,390 INFO o.a.j.JMeter: PWD       =/home/avituo/projects/tcc/tcc-container
2026-09-10 03:25:01,408 INFO o.a.j.JMeter: IP: 192.168.1.16 Name: pop-os FullName: pop-os.home
2026-09-10 03:25:01,420 INFO o.a.j.s.FileServer: Default base='/home/avituo/projects/tcc/tcc-container'
2026-09-10 03:25:01,422 INFO o.a.j.s.FileServer: Set new base='/home/avituo/projects/tcc/tcc-container/benchmark/jmeter'
2026-09-10 03:25:01,591 INFO o.a.j.s.SaveService: Testplan (JMX) version: 2.2. Testlog (JTL) version: 2.2
2026-09-10 03:25:01,613 INFO o.a.j.s.SaveService: Using SaveService properties version 5.0
2026-09-10 03:25:01,617 INFO o.a.j.s.SaveService: Using SaveService properties file encoding UTF-8
2026-09-10 03:25:01,620 INFO o.a.j.s.SaveService: Loading file: /home/avituo/projects/tcc/tcc-container/benchmark/jmeter/tcc-orders-v1.jmx
2026-09-10 03:25:01,669 INFO o.a.j.p.h.s.HTTPSamplerBase: Parser for text/html is org.apache.jmeter.protocol.http.parser.LagartoBasedHtmlParser
2026-09-10 03:25:01,670 INFO o.a.j.p.h.s.HTTPSamplerBase: Parser for application/xhtml+xml is org.apache.jmeter.protocol.http.parser.LagartoBasedHtmlParser
2026-09-10 03:25:01,670 INFO o.a.j.p.h.s.HTTPSamplerBase: Parser for application/xml is org.apache.jmeter.protocol.http.parser.LagartoBasedHtmlParser
2026-09-10 03:25:01,670 INFO o.a.j.p.h.s.HTTPSamplerBase: Parser for text/xml is org.apache.jmeter.protocol.http.parser.LagartoBasedHtmlParser
2026-09-10 03:25:01,670 INFO o.a.j.p.h.s.HTTPSamplerBase: Parser for text/vnd.wap.wml is org.apache.jmeter.protocol.http.parser.RegexpHTMLParser
2026-09-10 03:25:01,670 INFO o.a.j.p.h.s.HTTPSamplerBase: Parser for text/css is org.apache.jmeter.protocol.http.parser.CssParser
2026-09-10 03:25:01,698 INFO o.a.j.JMeter: Creating summariser <summary>
2026-09-10 03:25:01,720 INFO o.a.j.e.StandardJMeterEngine: Running the test!
2026-09-10 03:25:01,721 INFO o.a.j.s.SampleEvent: List of sample_variables: []
2026-09-10 03:25:01,722 INFO o.a.j.s.SampleEvent: List of sample_variables: []
2026-09-10 03:25:01,726 INFO o.a.j.e.u.CompoundVariable: Note: Function class names must contain the string: '.functions.'
2026-09-10 03:25:01,727 INFO o.a.j.e.u.CompoundVariable: Note: Function class names must not contain the string: '.gui.'
2026-09-10 03:25:01,982 INFO o.a.j.JMeter: Running test (1789021501982)
2026-09-10 03:25:02,005 INFO o.a.j.e.StandardJMeterEngine: Starting ThreadGroup: 1 : TCC orders
2026-09-10 03:25:02,006 INFO o.a.j.e.StandardJMeterEngine: Starting 10 threads for group TCC orders.
2026-09-10 03:25:02,006 INFO o.a.j.e.StandardJMeterEngine: Thread will continue on error
2026-09-10 03:25:02,006 INFO o.a.j.t.ThreadGroup: Starting thread group... number=1 threads=10 ramp-up=0 delayedStart=false
2026-09-10 03:25:02,012 INFO o.a.j.t.JMeterThread: Thread started: TCC orders 1-2
2026-09-10 03:25:02,012 INFO o.a.j.t.JMeterThread: Thread started: TCC orders 1-5
2026-09-10 03:25:02,012 INFO o.a.j.t.JMeterThread: Thread started: TCC orders 1-1
2026-09-10 03:25:02,012 INFO o.a.j.t.JMeterThread: Thread started: TCC orders 1-3
2026-09-10 03:25:02,012 INFO o.a.j.t.JMeterThread: Thread started: TCC orders 1-4
2026-09-10 03:25:02,014 INFO o.a.j.t.JMeterThread: Thread started: TCC orders 1-6
2026-09-10 03:25:02,014 INFO o.a.j.t.JMeterThread: Thread started: TCC orders 1-7
2026-09-10 03:25:02,015 INFO o.a.j.t.JMeterThread: Thread started: TCC orders 1-8
2026-09-10 03:25:02,015 INFO o.a.j.t.JMeterThread: Thread started: TCC orders 1-9
2026-09-10 03:25:02,016 INFO o.a.j.t.ThreadGroup: Started thread group number 1
2026-09-10 03:25:02,016 INFO o.a.j.e.StandardJMeterEngine: All thread groups have been started
2026-09-10 03:25:02,016 INFO o.a.j.t.JMeterThread: Thread started: TCC orders 1-10
2026-09-10 03:25:02,029 INFO o.a.j.p.h.s.HTTPHCAbstractImpl: Local host = pop-os
2026-09-10 03:25:02,035 INFO o.a.j.p.h.s.HTTPHC4Impl: HTTP request retry count = 0
2026-09-10 03:25:02,036 INFO o.a.j.s.SampleResult: Note: Sample TimeStamps are START times
2026-09-10 03:25:02,036 INFO o.a.j.s.SampleResult: sampleresult.default.encoding is set to UTF-8
2026-09-10 03:25:02,036 INFO o.a.j.s.SampleResult: sampleresult.useNanoTime=true
2026-09-10 03:25:02,036 INFO o.a.j.s.SampleResult: sampleresult.nanoThreadSleep=5000
2026-09-10 03:25:03,063 INFO o.a.j.r.Summariser: summary +      1 in 00:00:01 =    0.9/s Avg:   144 Min:   144 Max:   144 Err:     0 (0.00%) Active: 10 Started: 10 Finished: 0
2026-09-10 03:25:30,001 INFO o.a.j.r.Summariser: summary +   3065 in 00:00:27 =  113.8/s Avg:    87 Min:    20 Max:   156 Err:     0 (0.00%) Active: 10 Started: 10 Finished: 0
2026-09-10 03:25:30,002 INFO o.a.j.r.Summariser: summary =   3066 in 00:00:28 =  109.4/s Avg:    87 Min:    20 Max:   156 Err:     0 (0.00%)
2026-09-10 03:26:00,000 INFO o.a.j.r.Summariser: summary +   3424 in 00:00:30 =  114.1/s Avg:    87 Min:    80 Max:   178 Err:     0 (0.00%) Active: 10 Started: 10 Finished: 0
2026-09-10 03:26:00,001 INFO o.a.j.r.Summariser: summary =   6490 in 00:00:58 =  111.9/s Avg:    87 Min:    20 Max:   178 Err:     0 (0.00%)
2026-09-10 03:26:30,003 INFO o.a.j.r.Summariser: summary +   3478 in 00:00:30 =  115.9/s Avg:    85 Min:    79 Max:   110 Err:     0 (0.00%) Active: 10 Started: 10 Finished: 0
2026-09-10 03:26:30,004 INFO o.a.j.r.Summariser: summary =   9968 in 00:01:28 =  113.2/s Avg:    86 Min:    20 Max:   178 Err:     0 (0.00%)
2026-09-10 03:27:00,004 INFO o.a.j.r.Summariser: summary +   3514 in 00:00:30 =  117.1/s Avg:    84 Min:    79 Max:    98 Err:     0 (0.00%) Active: 10 Started: 10 Finished: 0
2026-09-10 03:27:00,004 INFO o.a.j.r.Summariser: summary =  13482 in 00:01:58 =  114.2/s Avg:    86 Min:    20 Max:   178 Err:     0 (0.00%)
2026-09-10 03:27:02,010 INFO o.a.j.t.JMeterThread: Stopping because end time detected by thread: TCC orders 1-3
2026-09-10 03:27:02,011 INFO o.a.j.t.JMeterThread: Thread finished: TCC orders 1-3
2026-09-10 03:27:02,019 INFO o.a.j.t.JMeterThread: Stopping because end time detected by thread: TCC orders 1-5
2026-09-10 03:27:02,019 INFO o.a.j.t.JMeterThread: Thread finished: TCC orders 1-5
2026-09-10 03:27:02,028 INFO o.a.j.t.JMeterThread: Stopping because end time detected by thread: TCC orders 1-1
2026-09-10 03:27:02,028 INFO o.a.j.t.JMeterThread: Thread finished: TCC orders 1-1
2026-09-10 03:27:02,037 INFO o.a.j.t.JMeterThread: Stopping because end time detected by thread: TCC orders 1-10
2026-09-10 03:27:02,037 INFO o.a.j.t.JMeterThread: Thread finished: TCC orders 1-10
2026-09-10 03:27:02,045 INFO o.a.j.t.JMeterThread: Stopping because end time detected by thread: TCC orders 1-6
2026-09-10 03:27:02,045 INFO o.a.j.t.JMeterThread: Thread finished: TCC orders 1-6
2026-09-10 03:27:02,054 INFO o.a.j.t.JMeterThread: Stopping because end time detected by thread: TCC orders 1-7
2026-09-10 03:27:02,055 INFO o.a.j.t.JMeterThread: Thread finished: TCC orders 1-7
2026-09-10 03:27:02,063 INFO o.a.j.t.JMeterThread: Stopping because end time detected by thread: TCC orders 1-4
2026-09-10 03:27:02,063 INFO o.a.j.t.JMeterThread: Thread finished: TCC orders 1-4
2026-09-10 03:27:02,071 INFO o.a.j.t.JMeterThread: Stopping because end time detected by thread: TCC orders 1-2
2026-09-10 03:27:02,071 INFO o.a.j.t.JMeterThread: Thread finished: TCC orders 1-2
2026-09-10 03:27:02,080 INFO o.a.j.t.JMeterThread: Stopping because end time detected by thread: TCC orders 1-9
2026-09-10 03:27:02,080 INFO o.a.j.t.JMeterThread: Thread finished: TCC orders 1-9
2026-09-10 03:27:02,088 INFO o.a.j.t.JMeterThread: Stopping because end time detected by thread: TCC orders 1-8
2026-09-10 03:27:02,089 INFO o.a.j.t.JMeterThread: Thread finished: TCC orders 1-8
2026-09-10 03:27:02,089 INFO o.a.j.e.StandardJMeterEngine: Notifying test listeners of end of test
2026-09-10 03:27:02,091 INFO o.a.j.r.Summariser: summary +    247 in 00:00:02 =  118.3/s Avg:    83 Min:    81 Max:    89 Err:     0 (0.00%) Active: 0 Started: 10 Finished: 10
2026-09-10 03:27:02,092 INFO o.a.j.r.Summariser: summary =  13729 in 00:02:00 =  114.3/s Avg:    86 Min:    20 Max:   178 Err:     0 (0.00%)
