2026-09-10 03:24:26,378 INFO o.a.j.u.JMeterUtils: Setting Locale to en_EN
2026-09-10 03:24:26,394 INFO o.a.j.JMeter: Loading user properties from: /home/avituo/projects/tcc/tcc-container/.tools/apache-jmeter-5.6.3/bin/user.properties
2026-09-10 03:24:26,394 INFO o.a.j.JMeter: Loading system properties from: /home/avituo/projects/tcc/tcc-container/.tools/apache-jmeter-5.6.3/bin/system.properties
2026-09-10 03:24:26,394 INFO o.a.j.JMeter: Loading additional properties from: /home/avituo/projects/tcc/tcc-container/benchmark/jmeter/benchmark.properties
2026-09-10 03:24:26,394 INFO o.a.j.JMeter: Loading additional properties from: /tmp/tcc-benchmark-auth.Df0YHb/auth.properties
2026-09-10 03:24:26,394 INFO o.a.j.JMeter: Setting JMeter property: threads=10
2026-09-10 03:24:26,394 INFO o.a.j.JMeter: Setting JMeter property: duration_seconds=30
2026-09-10 03:24:26,395 INFO o.a.j.JMeter: Setting JMeter property: target_host=localhost
2026-09-10 03:24:26,395 INFO o.a.j.JMeter: Setting JMeter property: target_port=18080
2026-09-10 03:24:26,395 INFO o.a.j.JMeter: Setting JMeter property: tcc.order.id=20000000-0000-4000-8000-000000000001
2026-09-10 03:24:26,395 INFO o.a.j.JMeter: Setting JMeter property: repetition=2
2026-09-10 03:24:26,401 INFO o.a.j.JMeter: Copyright (c) 1998-2024 The Apache Software Foundation
2026-09-10 03:24:26,401 INFO o.a.j.JMeter: Version 5.6.3
2026-09-10 03:24:26,401 INFO o.a.j.JMeter: java.version=21.0.11
2026-09-10 03:24:26,401 INFO o.a.j.JMeter: java.vm.name=OpenJDK 64-Bit Server VM
2026-09-10 03:24:26,401 INFO o.a.j.JMeter: os.name=Linux
2026-09-10 03:24:26,401 INFO o.a.j.JMeter: os.arch=amd64
2026-09-10 03:24:26,401 INFO o.a.j.JMeter: os.version=7.0.11-76070011-generic
2026-09-10 03:24:26,401 INFO o.a.j.JMeter: file.encoding=UTF-8
2026-09-10 03:24:26,402 INFO o.a.j.JMeter: java.awt.headless=true
2026-09-10 03:24:26,402 INFO o.a.j.JMeter: Max memory     =1073741824
2026-09-10 03:24:26,402 INFO o.a.j.JMeter: Available Processors =16
2026-09-10 03:24:26,411 INFO o.a.j.JMeter: Default Locale=English (EN)
2026-09-10 03:24:26,411 INFO o.a.j.JMeter: JMeter  Locale=English (EN)
2026-09-10 03:24:26,411 INFO o.a.j.JMeter: JMeterHome=/home/avituo/projects/tcc/tcc-container/.tools/apache-jmeter-5.6.3
2026-09-10 03:24:26,411 INFO o.a.j.JMeter: user.dir  =/home/avituo/projects/tcc/tcc-container
2026-09-10 03:24:26,411 INFO o.a.j.JMeter: PWD       =/home/avituo/projects/tcc/tcc-container
2026-09-10 03:24:26,422 INFO o.a.j.JMeter: IP: 192.168.1.16 Name: pop-os FullName: pop-os.home
2026-09-10 03:24:26,434 INFO o.a.j.s.FileServer: Default base='/home/avituo/projects/tcc/tcc-container'
2026-09-10 03:24:26,436 INFO o.a.j.s.FileServer: Set new base='/home/avituo/projects/tcc/tcc-container/benchmark/jmeter'
2026-09-10 03:24:26,607 INFO o.a.j.s.SaveService: Testplan (JMX) version: 2.2. Testlog (JTL) version: 2.2
2026-09-10 03:24:26,632 INFO o.a.j.s.SaveService: Using SaveService properties version 5.0
2026-09-10 03:24:26,635 INFO o.a.j.s.SaveService: Using SaveService properties file encoding UTF-8
2026-09-10 03:24:26,639 INFO o.a.j.s.SaveService: Loading file: /home/avituo/projects/tcc/tcc-container/benchmark/jmeter/tcc-orders-v1.jmx
2026-09-10 03:24:26,689 INFO o.a.j.p.h.s.HTTPSamplerBase: Parser for text/html is org.apache.jmeter.protocol.http.parser.LagartoBasedHtmlParser
2026-09-10 03:24:26,689 INFO o.a.j.p.h.s.HTTPSamplerBase: Parser for application/xhtml+xml is org.apache.jmeter.protocol.http.parser.LagartoBasedHtmlParser
2026-09-10 03:24:26,689 INFO o.a.j.p.h.s.HTTPSamplerBase: Parser for application/xml is org.apache.jmeter.protocol.http.parser.LagartoBasedHtmlParser
2026-09-10 03:24:26,689 INFO o.a.j.p.h.s.HTTPSamplerBase: Parser for text/xml is org.apache.jmeter.protocol.http.parser.LagartoBasedHtmlParser
2026-09-10 03:24:26,689 INFO o.a.j.p.h.s.HTTPSamplerBase: Parser for text/vnd.wap.wml is org.apache.jmeter.protocol.http.parser.RegexpHTMLParser
2026-09-10 03:24:26,690 INFO o.a.j.p.h.s.HTTPSamplerBase: Parser for text/css is org.apache.jmeter.protocol.http.parser.CssParser
2026-09-10 03:24:26,720 INFO o.a.j.JMeter: Creating summariser <summary>
2026-09-10 03:24:26,737 INFO o.a.j.e.StandardJMeterEngine: Running the test!
2026-09-10 03:24:26,738 INFO o.a.j.s.SampleEvent: List of sample_variables: []
2026-09-10 03:24:26,738 INFO o.a.j.s.SampleEvent: List of sample_variables: []
2026-09-10 03:24:26,746 INFO o.a.j.e.u.CompoundVariable: Note: Function class names must contain the string: '.functions.'
2026-09-10 03:24:26,746 INFO o.a.j.e.u.CompoundVariable: Note: Function class names must not contain the string: '.gui.'
2026-09-10 03:24:26,989 INFO o.a.j.JMeter: Running test (1789021466989)
2026-09-10 03:24:27,012 INFO o.a.j.e.StandardJMeterEngine: Starting ThreadGroup: 1 : TCC orders
2026-09-10 03:24:27,012 INFO o.a.j.e.StandardJMeterEngine: Starting 10 threads for group TCC orders.
2026-09-10 03:24:27,012 INFO o.a.j.e.StandardJMeterEngine: Thread will continue on error
2026-09-10 03:24:27,012 INFO o.a.j.t.ThreadGroup: Starting thread group... number=1 threads=10 ramp-up=0 delayedStart=false
2026-09-10 03:24:27,019 INFO o.a.j.t.JMeterThread: Thread started: TCC orders 1-1
2026-09-10 03:24:27,019 INFO o.a.j.t.JMeterThread: Thread started: TCC orders 1-2
2026-09-10 03:24:27,019 INFO o.a.j.t.JMeterThread: Thread started: TCC orders 1-3
2026-09-10 03:24:27,019 INFO o.a.j.t.JMeterThread: Thread started: TCC orders 1-4
2026-09-10 03:24:27,019 INFO o.a.j.t.JMeterThread: Thread started: TCC orders 1-5
2026-09-10 03:24:27,020 INFO o.a.j.t.JMeterThread: Thread started: TCC orders 1-6
2026-09-10 03:24:27,021 INFO o.a.j.t.JMeterThread: Thread started: TCC orders 1-7
2026-09-10 03:24:27,021 INFO o.a.j.t.JMeterThread: Thread started: TCC orders 1-8
2026-09-10 03:24:27,022 INFO o.a.j.t.JMeterThread: Thread started: TCC orders 1-9
2026-09-10 03:24:27,022 INFO o.a.j.t.ThreadGroup: Started thread group number 1
2026-09-10 03:24:27,022 INFO o.a.j.e.StandardJMeterEngine: All thread groups have been started
2026-09-10 03:24:27,022 INFO o.a.j.t.JMeterThread: Thread started: TCC orders 1-10
2026-09-10 03:24:27,035 INFO o.a.j.p.h.s.HTTPHCAbstractImpl: Local host = pop-os
2026-09-10 03:24:27,041 INFO o.a.j.p.h.s.HTTPHC4Impl: HTTP request retry count = 0
2026-09-10 03:24:27,042 INFO o.a.j.s.SampleResult: Note: Sample TimeStamps are START times
2026-09-10 03:24:27,042 INFO o.a.j.s.SampleResult: sampleresult.default.encoding is set to UTF-8
2026-09-10 03:24:27,042 INFO o.a.j.s.SampleResult: sampleresult.useNanoTime=true
2026-09-10 03:24:27,042 INFO o.a.j.s.SampleResult: sampleresult.nanoThreadSleep=5000
2026-09-10 03:24:30,002 INFO o.a.j.r.Summariser: summary +    196 in 00:00:03 =   65.1/s Avg:   105 Min:    40 Max:   255 Err:     0 (0.00%) Active: 10 Started: 10 Finished: 0
2026-09-10 03:24:57,018 INFO o.a.j.t.JMeterThread: Stopping because end time detected by thread: TCC orders 1-4
2026-09-10 03:24:57,018 INFO o.a.j.t.JMeterThread: Thread finished: TCC orders 1-4
2026-09-10 03:24:57,027 INFO o.a.j.t.JMeterThread: Stopping because end time detected by thread: TCC orders 1-2
2026-09-10 03:24:57,027 INFO o.a.j.t.JMeterThread: Thread finished: TCC orders 1-2
2026-09-10 03:24:57,035 INFO o.a.j.t.JMeterThread: Stopping because end time detected by thread: TCC orders 1-8
2026-09-10 03:24:57,035 INFO o.a.j.t.JMeterThread: Thread finished: TCC orders 1-8
2026-09-10 03:24:57,044 INFO o.a.j.t.JMeterThread: Stopping because end time detected by thread: TCC orders 1-3
2026-09-10 03:24:57,045 INFO o.a.j.t.JMeterThread: Thread finished: TCC orders 1-3
2026-09-10 03:24:57,054 INFO o.a.j.t.JMeterThread: Stopping because end time detected by thread: TCC orders 1-5
2026-09-10 03:24:57,054 INFO o.a.j.t.JMeterThread: Thread finished: TCC orders 1-5
2026-09-10 03:24:57,064 INFO o.a.j.t.JMeterThread: Stopping because end time detected by thread: TCC orders 1-10
2026-09-10 03:24:57,064 INFO o.a.j.t.JMeterThread: Thread finished: TCC orders 1-10
2026-09-10 03:24:57,074 INFO o.a.j.t.JMeterThread: Stopping because end time detected by thread: TCC orders 1-9
2026-09-10 03:24:57,074 INFO o.a.j.t.JMeterThread: Thread finished: TCC orders 1-9
2026-09-10 03:24:57,083 INFO o.a.j.t.JMeterThread: Stopping because end time detected by thread: TCC orders 1-1
2026-09-10 03:24:57,084 INFO o.a.j.t.JMeterThread: Thread finished: TCC orders 1-1
2026-09-10 03:24:57,092 INFO o.a.j.t.JMeterThread: Stopping because end time detected by thread: TCC orders 1-6
2026-09-10 03:24:57,092 INFO o.a.j.t.JMeterThread: Thread finished: TCC orders 1-6
2026-09-10 03:24:57,101 INFO o.a.j.t.JMeterThread: Stopping because end time detected by thread: TCC orders 1-7
2026-09-10 03:24:57,101 INFO o.a.j.t.JMeterThread: Thread finished: TCC orders 1-7
2026-09-10 03:24:57,102 INFO o.a.j.e.StandardJMeterEngine: Notifying test listeners of end of test
2026-09-10 03:24:57,105 INFO o.a.j.r.Summariser: summary +   3004 in 00:00:27 =  110.8/s Avg:    89 Min:    82 Max:   119 Err:     0 (0.00%) Active: 0 Started: 10 Finished: 10
2026-09-10 03:24:57,105 INFO o.a.j.r.Summariser: summary =   3200 in 00:00:30 =  106.3/s Avg:    90 Min:    40 Max:   255 Err:     0 (0.00%)
