2026-09-10 05:33:39,164 INFO o.a.j.u.JMeterUtils: Setting Locale to en_EN
2026-09-10 05:33:39,181 INFO o.a.j.JMeter: Loading user properties from: /home/avituo/projects/tcc/tcc-container/.tools/apache-jmeter-5.6.3/bin/user.properties
2026-09-10 05:33:39,181 INFO o.a.j.JMeter: Loading system properties from: /home/avituo/projects/tcc/tcc-container/.tools/apache-jmeter-5.6.3/bin/system.properties
2026-09-10 05:33:39,181 INFO o.a.j.JMeter: Loading additional properties from: /home/avituo/projects/tcc/tcc-container/benchmark/jmeter/benchmark.properties
2026-09-10 05:33:39,181 INFO o.a.j.JMeter: Loading additional properties from: /tmp/tcc-benchmark-auth.KADaLf/auth.properties
2026-09-10 05:33:39,182 INFO o.a.j.JMeter: Setting JMeter property: threads=100
2026-09-10 05:33:39,182 INFO o.a.j.JMeter: Setting JMeter property: duration_seconds=30
2026-09-10 05:33:39,182 INFO o.a.j.JMeter: Setting JMeter property: target_host=localhost
2026-09-10 05:33:39,182 INFO o.a.j.JMeter: Setting JMeter property: target_port=18000
2026-09-10 05:33:39,182 INFO o.a.j.JMeter: Setting JMeter property: tcc.order.id=1
2026-09-10 05:33:39,182 INFO o.a.j.JMeter: Setting JMeter property: repetition=5
2026-09-10 05:33:39,187 INFO o.a.j.JMeter: Copyright (c) 1998-2024 The Apache Software Foundation
2026-09-10 05:33:39,188 INFO o.a.j.JMeter: Version 5.6.3
2026-09-10 05:33:39,188 INFO o.a.j.JMeter: java.version=21.0.11
2026-09-10 05:33:39,188 INFO o.a.j.JMeter: java.vm.name=OpenJDK 64-Bit Server VM
2026-09-10 05:33:39,188 INFO o.a.j.JMeter: os.name=Linux
2026-09-10 05:33:39,188 INFO o.a.j.JMeter: os.arch=amd64
2026-09-10 05:33:39,188 INFO o.a.j.JMeter: os.version=7.0.11-76070011-generic
2026-09-10 05:33:39,188 INFO o.a.j.JMeter: file.encoding=UTF-8
2026-09-10 05:33:39,188 INFO o.a.j.JMeter: java.awt.headless=true
2026-09-10 05:33:39,188 INFO o.a.j.JMeter: Max memory     =1073741824
2026-09-10 05:33:39,188 INFO o.a.j.JMeter: Available Processors =16
2026-09-10 05:33:39,196 INFO o.a.j.JMeter: Default Locale=English (EN)
2026-09-10 05:33:39,196 INFO o.a.j.JMeter: JMeter  Locale=English (EN)
2026-09-10 05:33:39,196 INFO o.a.j.JMeter: JMeterHome=/home/avituo/projects/tcc/tcc-container/.tools/apache-jmeter-5.6.3
2026-09-10 05:33:39,196 INFO o.a.j.JMeter: user.dir  =/home/avituo/projects/tcc/tcc-container
2026-09-10 05:33:39,196 INFO o.a.j.JMeter: PWD       =/home/avituo/projects/tcc/tcc-container
2026-09-10 05:33:39,204 INFO o.a.j.JMeter: IP: 192.168.1.16 Name: pop-os FullName: pop-os.home
2026-09-10 05:33:39,218 INFO o.a.j.s.FileServer: Default base='/home/avituo/projects/tcc/tcc-container'
2026-09-10 05:33:39,220 INFO o.a.j.s.FileServer: Set new base='/home/avituo/projects/tcc/tcc-container/benchmark/jmeter'
2026-09-10 05:33:39,402 INFO o.a.j.s.SaveService: Testplan (JMX) version: 2.2. Testlog (JTL) version: 2.2
2026-09-10 05:33:39,429 INFO o.a.j.s.SaveService: Using SaveService properties version 5.0
2026-09-10 05:33:39,433 INFO o.a.j.s.SaveService: Using SaveService properties file encoding UTF-8
2026-09-10 05:33:39,437 INFO o.a.j.s.SaveService: Loading file: /home/avituo/projects/tcc/tcc-container/benchmark/jmeter/tcc-orders-v1.jmx
2026-09-10 05:33:39,487 INFO o.a.j.p.h.s.HTTPSamplerBase: Parser for text/html is org.apache.jmeter.protocol.http.parser.LagartoBasedHtmlParser
2026-09-10 05:33:39,487 INFO o.a.j.p.h.s.HTTPSamplerBase: Parser for application/xhtml+xml is org.apache.jmeter.protocol.http.parser.LagartoBasedHtmlParser
2026-09-10 05:33:39,487 INFO o.a.j.p.h.s.HTTPSamplerBase: Parser for application/xml is org.apache.jmeter.protocol.http.parser.LagartoBasedHtmlParser
2026-09-10 05:33:39,487 INFO o.a.j.p.h.s.HTTPSamplerBase: Parser for text/xml is org.apache.jmeter.protocol.http.parser.LagartoBasedHtmlParser
2026-09-10 05:33:39,487 INFO o.a.j.p.h.s.HTTPSamplerBase: Parser for text/vnd.wap.wml is org.apache.jmeter.protocol.http.parser.RegexpHTMLParser
2026-09-10 05:33:39,487 INFO o.a.j.p.h.s.HTTPSamplerBase: Parser for text/css is org.apache.jmeter.protocol.http.parser.CssParser
2026-09-10 05:33:39,516 INFO o.a.j.JMeter: Creating summariser <summary>
2026-09-10 05:33:39,540 INFO o.a.j.e.StandardJMeterEngine: Running the test!
2026-09-10 05:33:39,540 INFO o.a.j.s.SampleEvent: List of sample_variables: []
2026-09-10 05:33:39,541 INFO o.a.j.s.SampleEvent: List of sample_variables: []
2026-09-10 05:33:39,546 INFO o.a.j.e.u.CompoundVariable: Note: Function class names must contain the string: '.functions.'
2026-09-10 05:33:39,547 INFO o.a.j.e.u.CompoundVariable: Note: Function class names must not contain the string: '.gui.'
2026-09-10 05:33:39,802 INFO o.a.j.JMeter: Running test (1789029219802)
2026-09-10 05:33:39,821 INFO o.a.j.e.StandardJMeterEngine: Starting ThreadGroup: 1 : TCC orders
2026-09-10 05:33:39,821 INFO o.a.j.e.StandardJMeterEngine: Starting 100 threads for group TCC orders.
2026-09-10 05:33:39,821 INFO o.a.j.e.StandardJMeterEngine: Thread will continue on error
2026-09-10 05:33:39,822 INFO o.a.j.t.ThreadGroup: Starting thread group... number=1 threads=100 ramp-up=0 delayedStart=false
2026-09-10 05:33:39,828 INFO o.a.j.t.JMeterThread: Thread started: TCC orders 1-2
2026-09-10 05:33:39,828 INFO o.a.j.t.JMeterThread: Thread started: TCC orders 1-3
2026-09-10 05:33:39,828 INFO o.a.j.t.JMeterThread: Thread started: TCC orders 1-4
2026-09-10 05:33:39,828 INFO o.a.j.t.JMeterThread: Thread started: TCC orders 1-1
2026-09-10 05:33:39,828 INFO o.a.j.t.JMeterThread: Thread started: TCC orders 1-5
2026-09-10 05:33:39,829 INFO o.a.j.t.JMeterThread: Thread started: TCC orders 1-6
2026-09-10 05:33:39,829 INFO o.a.j.t.JMeterThread: Thread started: TCC orders 1-7
2026-09-10 05:33:39,830 INFO o.a.j.t.JMeterThread: Thread started: TCC orders 1-8
2026-09-10 05:33:39,831 INFO o.a.j.t.JMeterThread: Thread started: TCC orders 1-9
2026-09-10 05:33:39,831 INFO o.a.j.t.JMeterThread: Thread started: TCC orders 1-10
2026-09-10 05:33:39,832 INFO o.a.j.t.JMeterThread: Thread started: TCC orders 1-11
2026-09-10 05:33:39,833 INFO o.a.j.t.JMeterThread: Thread started: TCC orders 1-12
2026-09-10 05:33:39,834 INFO o.a.j.t.JMeterThread: Thread started: TCC orders 1-13
2026-09-10 05:33:39,835 INFO o.a.j.t.JMeterThread: Thread started: TCC orders 1-14
2026-09-10 05:33:39,835 INFO o.a.j.t.JMeterThread: Thread started: TCC orders 1-15
2026-09-10 05:33:39,837 INFO o.a.j.t.JMeterThread: Thread started: TCC orders 1-16
2026-09-10 05:33:39,837 INFO o.a.j.t.JMeterThread: Thread started: TCC orders 1-17
2026-09-10 05:33:39,838 INFO o.a.j.t.JMeterThread: Thread started: TCC orders 1-18
2026-09-10 05:33:39,839 INFO o.a.j.t.JMeterThread: Thread started: TCC orders 1-19
2026-09-10 05:33:39,839 INFO o.a.j.t.JMeterThread: Thread started: TCC orders 1-20
2026-09-10 05:33:39,840 INFO o.a.j.t.JMeterThread: Thread started: TCC orders 1-21
2026-09-10 05:33:39,841 INFO o.a.j.t.JMeterThread: Thread started: TCC orders 1-22
2026-09-10 05:33:39,842 INFO o.a.j.t.JMeterThread: Thread started: TCC orders 1-23
2026-09-10 05:33:39,842 INFO o.a.j.t.JMeterThread: Thread started: TCC orders 1-24
2026-09-10 05:33:39,843 INFO o.a.j.t.JMeterThread: Thread started: TCC orders 1-25
2026-09-10 05:33:39,843 INFO o.a.j.t.JMeterThread: Thread started: TCC orders 1-26
2026-09-10 05:33:39,844 INFO o.a.j.t.JMeterThread: Thread started: TCC orders 1-27
2026-09-10 05:33:39,845 INFO o.a.j.t.JMeterThread: Thread started: TCC orders 1-28
2026-09-10 05:33:39,845 INFO o.a.j.t.JMeterThread: Thread started: TCC orders 1-29
2026-09-10 05:33:39,846 INFO o.a.j.t.JMeterThread: Thread started: TCC orders 1-30
2026-09-10 05:33:39,846 INFO o.a.j.t.JMeterThread: Thread started: TCC orders 1-31
2026-09-10 05:33:39,847 INFO o.a.j.t.JMeterThread: Thread started: TCC orders 1-32
2026-09-10 05:33:39,847 INFO o.a.j.t.JMeterThread: Thread started: TCC orders 1-33
2026-09-10 05:33:39,847 INFO o.a.j.t.JMeterThread: Thread started: TCC orders 1-34
2026-09-10 05:33:39,848 INFO o.a.j.t.JMeterThread: Thread started: TCC orders 1-35
2026-09-10 05:33:39,848 INFO o.a.j.t.JMeterThread: Thread started: TCC orders 1-36
2026-09-10 05:33:39,849 INFO o.a.j.t.JMeterThread: Thread started: TCC orders 1-37
2026-09-10 05:33:39,849 INFO o.a.j.t.JMeterThread: Thread started: TCC orders 1-38
2026-09-10 05:33:39,850 INFO o.a.j.t.JMeterThread: Thread started: TCC orders 1-39
2026-09-10 05:33:39,850 INFO o.a.j.t.JMeterThread: Thread started: TCC orders 1-40
2026-09-10 05:33:39,851 INFO o.a.j.t.JMeterThread: Thread started: TCC orders 1-41
2026-09-10 05:33:39,851 INFO o.a.j.t.JMeterThread: Thread started: TCC orders 1-42
2026-09-10 05:33:39,852 INFO o.a.j.t.JMeterThread: Thread started: TCC orders 1-44
2026-09-10 05:33:39,852 INFO o.a.j.t.JMeterThread: Thread started: TCC orders 1-43
2026-09-10 05:33:39,853 INFO o.a.j.t.JMeterThread: Thread started: TCC orders 1-45
2026-09-10 05:33:39,853 INFO o.a.j.p.h.s.HTTPHCAbstractImpl: Local host = pop-os
2026-09-10 05:33:39,853 INFO o.a.j.t.JMeterThread: Thread started: TCC orders 1-46
2026-09-10 05:33:39,854 INFO o.a.j.t.JMeterThread: Thread started: TCC orders 1-47
2026-09-10 05:33:39,854 INFO o.a.j.t.JMeterThread: Thread started: TCC orders 1-48
2026-09-10 05:33:39,855 INFO o.a.j.t.JMeterThread: Thread started: TCC orders 1-49
2026-09-10 05:33:39,855 INFO o.a.j.t.JMeterThread: Thread started: TCC orders 1-50
2026-09-10 05:33:39,856 INFO o.a.j.t.JMeterThread: Thread started: TCC orders 1-51
2026-09-10 05:33:39,856 INFO o.a.j.t.JMeterThread: Thread started: TCC orders 1-52
2026-09-10 05:33:39,857 INFO o.a.j.t.JMeterThread: Thread started: TCC orders 1-53
2026-09-10 05:33:39,857 INFO o.a.j.t.JMeterThread: Thread started: TCC orders 1-54
2026-09-10 05:33:39,857 INFO o.a.j.t.JMeterThread: Thread started: TCC orders 1-55
2026-09-10 05:33:39,858 INFO o.a.j.t.JMeterThread: Thread started: TCC orders 1-57
2026-09-10 05:33:39,858 INFO o.a.j.t.JMeterThread: Thread started: TCC orders 1-56
2026-09-10 05:33:39,859 INFO o.a.j.t.JMeterThread: Thread started: TCC orders 1-58
2026-09-10 05:33:39,859 INFO o.a.j.t.JMeterThread: Thread started: TCC orders 1-59
2026-09-10 05:33:39,859 INFO o.a.j.t.JMeterThread: Thread started: TCC orders 1-60
2026-09-10 05:33:39,860 INFO o.a.j.t.JMeterThread: Thread started: TCC orders 1-61
2026-09-10 05:33:39,861 INFO o.a.j.t.JMeterThread: Thread started: TCC orders 1-62
2026-09-10 05:33:39,861 INFO o.a.j.t.JMeterThread: Thread started: TCC orders 1-63
2026-09-10 05:33:39,862 INFO o.a.j.t.JMeterThread: Thread started: TCC orders 1-64
2026-09-10 05:33:39,863 INFO o.a.j.t.JMeterThread: Thread started: TCC orders 1-65
2026-09-10 05:33:39,863 INFO o.a.j.t.JMeterThread: Thread started: TCC orders 1-66
2026-09-10 05:33:39,863 INFO o.a.j.p.h.s.HTTPHC4Impl: HTTP request retry count = 0
2026-09-10 05:33:39,863 INFO o.a.j.t.JMeterThread: Thread started: TCC orders 1-67
2026-09-10 05:33:39,864 INFO o.a.j.t.JMeterThread: Thread started: TCC orders 1-68
2026-09-10 05:33:39,865 INFO o.a.j.t.JMeterThread: Thread started: TCC orders 1-69
2026-09-10 05:33:39,865 INFO o.a.j.s.SampleResult: Note: Sample TimeStamps are START times
2026-09-10 05:33:39,865 INFO o.a.j.s.SampleResult: sampleresult.default.encoding is set to UTF-8
2026-09-10 05:33:39,865 INFO o.a.j.s.SampleResult: sampleresult.useNanoTime=true
2026-09-10 05:33:39,865 INFO o.a.j.t.JMeterThread: Thread started: TCC orders 1-70
2026-09-10 05:33:39,865 INFO o.a.j.s.SampleResult: sampleresult.nanoThreadSleep=5000
2026-09-10 05:33:39,866 INFO o.a.j.t.JMeterThread: Thread started: TCC orders 1-71
2026-09-10 05:33:39,867 INFO o.a.j.t.JMeterThread: Thread started: TCC orders 1-73
2026-09-10 05:33:39,866 INFO o.a.j.t.JMeterThread: Thread started: TCC orders 1-72
2026-09-10 05:33:39,867 INFO o.a.j.t.JMeterThread: Thread started: TCC orders 1-74
2026-09-10 05:33:39,868 INFO o.a.j.t.JMeterThread: Thread started: TCC orders 1-75
2026-09-10 05:33:39,869 INFO o.a.j.t.JMeterThread: Thread started: TCC orders 1-76
2026-09-10 05:33:39,869 INFO o.a.j.t.JMeterThread: Thread started: TCC orders 1-77
2026-09-10 05:33:39,870 INFO o.a.j.t.JMeterThread: Thread started: TCC orders 1-78
2026-09-10 05:33:39,871 INFO o.a.j.t.JMeterThread: Thread started: TCC orders 1-79
2026-09-10 05:33:39,871 INFO o.a.j.t.JMeterThread: Thread started: TCC orders 1-80
2026-09-10 05:33:39,872 INFO o.a.j.t.JMeterThread: Thread started: TCC orders 1-81
2026-09-10 05:33:39,872 INFO o.a.j.t.JMeterThread: Thread started: TCC orders 1-82
2026-09-10 05:33:39,873 INFO o.a.j.t.JMeterThread: Thread started: TCC orders 1-83
2026-09-10 05:33:39,874 INFO o.a.j.t.JMeterThread: Thread started: TCC orders 1-84
2026-09-10 05:33:39,874 INFO o.a.j.t.JMeterThread: Thread started: TCC orders 1-85
2026-09-10 05:33:39,875 INFO o.a.j.t.JMeterThread: Thread started: TCC orders 1-86
2026-09-10 05:33:39,875 INFO o.a.j.t.JMeterThread: Thread started: TCC orders 1-87
2026-09-10 05:33:39,876 INFO o.a.j.t.JMeterThread: Thread started: TCC orders 1-88
2026-09-10 05:33:39,876 INFO o.a.j.t.JMeterThread: Thread started: TCC orders 1-89
2026-09-10 05:33:39,876 INFO o.a.j.t.JMeterThread: Thread started: TCC orders 1-90
2026-09-10 05:33:39,877 INFO o.a.j.t.JMeterThread: Thread started: TCC orders 1-91
2026-09-10 05:33:39,877 INFO o.a.j.t.JMeterThread: Thread started: TCC orders 1-92
2026-09-10 05:33:39,879 INFO o.a.j.t.JMeterThread: Thread started: TCC orders 1-95
2026-09-10 05:33:39,878 INFO o.a.j.t.JMeterThread: Thread started: TCC orders 1-93
2026-09-10 05:33:39,878 INFO o.a.j.t.JMeterThread: Thread started: TCC orders 1-94
2026-09-10 05:33:39,879 INFO o.a.j.t.JMeterThread: Thread started: TCC orders 1-96
2026-09-10 05:33:39,880 INFO o.a.j.t.JMeterThread: Thread started: TCC orders 1-97
2026-09-10 05:33:39,882 INFO o.a.j.t.JMeterThread: Thread started: TCC orders 1-98
2026-09-10 05:33:39,883 INFO o.a.j.t.JMeterThread: Thread started: TCC orders 1-99
2026-09-10 05:33:39,883 INFO o.a.j.t.ThreadGroup: Started thread group number 1
2026-09-10 05:33:39,884 INFO o.a.j.e.StandardJMeterEngine: All thread groups have been started
2026-09-10 05:33:39,884 INFO o.a.j.t.JMeterThread: Thread started: TCC orders 1-100
2026-09-10 05:34:00,017 INFO o.a.j.r.Summariser: summary +    779 in 00:00:20 =   38.5/s Avg:  2391 Min:   117 Max:  2830 Err:     0 (0.00%) Active: 100 Started: 100 Finished: 0
2026-09-10 05:34:09,897 INFO o.a.j.t.JMeterThread: Stopping because end time detected by thread: TCC orders 1-82
2026-09-10 05:34:09,897 INFO o.a.j.t.JMeterThread: Thread finished: TCC orders 1-82
2026-09-10 05:34:09,921 INFO o.a.j.t.JMeterThread: Stopping because end time detected by thread: TCC orders 1-78
2026-09-10 05:34:09,921 INFO o.a.j.t.JMeterThread: Thread finished: TCC orders 1-78
2026-09-10 05:34:09,945 INFO o.a.j.t.JMeterThread: Stopping because end time detected by thread: TCC orders 1-30
2026-09-10 05:34:09,945 INFO o.a.j.t.JMeterThread: Thread finished: TCC orders 1-30
2026-09-10 05:34:09,969 INFO o.a.j.t.JMeterThread: Stopping because end time detected by thread: TCC orders 1-56
2026-09-10 05:34:09,969 INFO o.a.j.t.JMeterThread: Thread finished: TCC orders 1-56
2026-09-10 05:34:09,995 INFO o.a.j.t.JMeterThread: Stopping because end time detected by thread: TCC orders 1-14
2026-09-10 05:34:09,995 INFO o.a.j.t.JMeterThread: Thread finished: TCC orders 1-14
2026-09-10 05:34:10,027 INFO o.a.j.t.JMeterThread: Stopping because end time detected by thread: TCC orders 1-45
2026-09-10 05:34:10,027 INFO o.a.j.t.JMeterThread: Thread finished: TCC orders 1-45
2026-09-10 05:34:10,051 INFO o.a.j.t.JMeterThread: Stopping because end time detected by thread: TCC orders 1-80
2026-09-10 05:34:10,051 INFO o.a.j.t.JMeterThread: Thread finished: TCC orders 1-80
2026-09-10 05:34:10,076 INFO o.a.j.t.JMeterThread: Stopping because end time detected by thread: TCC orders 1-41
2026-09-10 05:34:10,076 INFO o.a.j.t.JMeterThread: Thread finished: TCC orders 1-41
2026-09-10 05:34:10,101 INFO o.a.j.t.JMeterThread: Stopping because end time detected by thread: TCC orders 1-68
2026-09-10 05:34:10,101 INFO o.a.j.t.JMeterThread: Thread finished: TCC orders 1-68
2026-09-10 05:34:10,125 INFO o.a.j.t.JMeterThread: Stopping because end time detected by thread: TCC orders 1-64
2026-09-10 05:34:10,126 INFO o.a.j.t.JMeterThread: Thread finished: TCC orders 1-64
2026-09-10 05:34:10,151 INFO o.a.j.t.JMeterThread: Stopping because end time detected by thread: TCC orders 1-97
2026-09-10 05:34:10,151 INFO o.a.j.t.JMeterThread: Thread finished: TCC orders 1-97
2026-09-10 05:34:10,176 INFO o.a.j.t.JMeterThread: Stopping because end time detected by thread: TCC orders 1-83
2026-09-10 05:34:10,177 INFO o.a.j.t.JMeterThread: Thread finished: TCC orders 1-83
2026-09-10 05:34:10,202 INFO o.a.j.t.JMeterThread: Stopping because end time detected by thread: TCC orders 1-75
2026-09-10 05:34:10,202 INFO o.a.j.t.JMeterThread: Thread finished: TCC orders 1-75
2026-09-10 05:34:10,227 INFO o.a.j.t.JMeterThread: Stopping because end time detected by thread: TCC orders 1-8
2026-09-10 05:34:10,227 INFO o.a.j.t.JMeterThread: Thread finished: TCC orders 1-8
2026-09-10 05:34:10,252 INFO o.a.j.t.JMeterThread: Stopping because end time detected by thread: TCC orders 1-17
2026-09-10 05:34:10,252 INFO o.a.j.t.JMeterThread: Thread finished: TCC orders 1-17
2026-09-10 05:34:10,277 INFO o.a.j.t.JMeterThread: Stopping because end time detected by thread: TCC orders 1-93
2026-09-10 05:34:10,277 INFO o.a.j.t.JMeterThread: Thread finished: TCC orders 1-93
2026-09-10 05:34:10,303 INFO o.a.j.t.JMeterThread: Stopping because end time detected by thread: TCC orders 1-63
2026-09-10 05:34:10,303 INFO o.a.j.t.JMeterThread: Thread finished: TCC orders 1-63
2026-09-10 05:34:10,328 INFO o.a.j.t.JMeterThread: Stopping because end time detected by thread: TCC orders 1-47
2026-09-10 05:34:10,328 INFO o.a.j.t.JMeterThread: Thread finished: TCC orders 1-47
2026-09-10 05:34:10,352 INFO o.a.j.t.JMeterThread: Stopping because end time detected by thread: TCC orders 1-9
2026-09-10 05:34:10,352 INFO o.a.j.t.JMeterThread: Thread finished: TCC orders 1-9
2026-09-10 05:34:10,377 INFO o.a.j.t.JMeterThread: Stopping because end time detected by thread: TCC orders 1-96
2026-09-10 05:34:10,377 INFO o.a.j.t.JMeterThread: Thread finished: TCC orders 1-96
2026-09-10 05:34:10,401 INFO o.a.j.t.JMeterThread: Stopping because end time detected by thread: TCC orders 1-50
2026-09-10 05:34:10,402 INFO o.a.j.t.JMeterThread: Thread finished: TCC orders 1-50
2026-09-10 05:34:10,427 INFO o.a.j.t.JMeterThread: Stopping because end time detected by thread: TCC orders 1-70
2026-09-10 05:34:10,427 INFO o.a.j.t.JMeterThread: Thread finished: TCC orders 1-70
2026-09-10 05:34:10,452 INFO o.a.j.t.JMeterThread: Stopping because end time detected by thread: TCC orders 1-66
2026-09-10 05:34:10,452 INFO o.a.j.t.JMeterThread: Thread finished: TCC orders 1-66
2026-09-10 05:34:10,477 INFO o.a.j.t.JMeterThread: Stopping because end time detected by thread: TCC orders 1-58
2026-09-10 05:34:10,477 INFO o.a.j.t.JMeterThread: Thread finished: TCC orders 1-58
2026-09-10 05:34:10,502 INFO o.a.j.t.JMeterThread: Stopping because end time detected by thread: TCC orders 1-1
2026-09-10 05:34:10,502 INFO o.a.j.t.JMeterThread: Thread finished: TCC orders 1-1
2026-09-10 05:34:10,527 INFO o.a.j.t.JMeterThread: Stopping because end time detected by thread: TCC orders 1-29
2026-09-10 05:34:10,527 INFO o.a.j.t.JMeterThread: Thread finished: TCC orders 1-29
2026-09-10 05:34:10,552 INFO o.a.j.t.JMeterThread: Stopping because end time detected by thread: TCC orders 1-51
2026-09-10 05:34:10,552 INFO o.a.j.t.JMeterThread: Thread finished: TCC orders 1-51
2026-09-10 05:34:10,578 INFO o.a.j.t.JMeterThread: Stopping because end time detected by thread: TCC orders 1-18
2026-09-10 05:34:10,579 INFO o.a.j.t.JMeterThread: Thread finished: TCC orders 1-18
2026-09-10 05:34:10,603 INFO o.a.j.t.JMeterThread: Stopping because end time detected by thread: TCC orders 1-39
2026-09-10 05:34:10,603 INFO o.a.j.t.JMeterThread: Thread finished: TCC orders 1-39
2026-09-10 05:34:10,626 INFO o.a.j.t.JMeterThread: Stopping because end time detected by thread: TCC orders 1-62
2026-09-10 05:34:10,626 INFO o.a.j.t.JMeterThread: Thread finished: TCC orders 1-62
2026-09-10 05:34:10,650 INFO o.a.j.t.JMeterThread: Stopping because end time detected by thread: TCC orders 1-49
2026-09-10 05:34:10,650 INFO o.a.j.t.JMeterThread: Thread finished: TCC orders 1-49
2026-09-10 05:34:10,673 INFO o.a.j.t.JMeterThread: Stopping because end time detected by thread: TCC orders 1-10
2026-09-10 05:34:10,673 INFO o.a.j.t.JMeterThread: Thread finished: TCC orders 1-10
2026-09-10 05:34:10,698 INFO o.a.j.t.JMeterThread: Stopping because end time detected by thread: TCC orders 1-48
2026-09-10 05:34:10,698 INFO o.a.j.t.JMeterThread: Thread finished: TCC orders 1-48
2026-09-10 05:34:10,721 INFO o.a.j.t.JMeterThread: Stopping because end time detected by thread: TCC orders 1-61
2026-09-10 05:34:10,721 INFO o.a.j.t.JMeterThread: Thread finished: TCC orders 1-61
2026-09-10 05:34:10,745 INFO o.a.j.t.JMeterThread: Stopping because end time detected by thread: TCC orders 1-19
2026-09-10 05:34:10,745 INFO o.a.j.t.JMeterThread: Thread finished: TCC orders 1-19
2026-09-10 05:34:10,769 INFO o.a.j.t.JMeterThread: Stopping because end time detected by thread: TCC orders 1-20
2026-09-10 05:34:10,769 INFO o.a.j.t.JMeterThread: Thread finished: TCC orders 1-20
2026-09-10 05:34:10,793 INFO o.a.j.t.JMeterThread: Stopping because end time detected by thread: TCC orders 1-90
2026-09-10 05:34:10,793 INFO o.a.j.t.JMeterThread: Thread finished: TCC orders 1-90
2026-09-10 05:34:10,816 INFO o.a.j.t.JMeterThread: Stopping because end time detected by thread: TCC orders 1-46
2026-09-10 05:34:10,817 INFO o.a.j.t.JMeterThread: Thread finished: TCC orders 1-46
2026-09-10 05:34:10,840 INFO o.a.j.t.JMeterThread: Stopping because end time detected by thread: TCC orders 1-67
2026-09-10 05:34:10,841 INFO o.a.j.t.JMeterThread: Thread finished: TCC orders 1-67
2026-09-10 05:34:10,864 INFO o.a.j.t.JMeterThread: Stopping because end time detected by thread: TCC orders 1-85
2026-09-10 05:34:10,864 INFO o.a.j.t.JMeterThread: Thread finished: TCC orders 1-85
2026-09-10 05:34:10,888 INFO o.a.j.t.JMeterThread: Stopping because end time detected by thread: TCC orders 1-87
2026-09-10 05:34:10,889 INFO o.a.j.t.JMeterThread: Thread finished: TCC orders 1-87
2026-09-10 05:34:10,912 INFO o.a.j.t.JMeterThread: Stopping because end time detected by thread: TCC orders 1-35
2026-09-10 05:34:10,912 INFO o.a.j.t.JMeterThread: Thread finished: TCC orders 1-35
2026-09-10 05:34:10,937 INFO o.a.j.t.JMeterThread: Stopping because end time detected by thread: TCC orders 1-60
2026-09-10 05:34:10,937 INFO o.a.j.t.JMeterThread: Thread finished: TCC orders 1-60
2026-09-10 05:34:10,960 INFO o.a.j.t.JMeterThread: Stopping because end time detected by thread: TCC orders 1-54
2026-09-10 05:34:10,961 INFO o.a.j.t.JMeterThread: Thread finished: TCC orders 1-54
2026-09-10 05:34:10,984 INFO o.a.j.t.JMeterThread: Stopping because end time detected by thread: TCC orders 1-73
2026-09-10 05:34:10,985 INFO o.a.j.t.JMeterThread: Thread finished: TCC orders 1-73
2026-09-10 05:34:11,014 INFO o.a.j.t.JMeterThread: Stopping because end time detected by thread: TCC orders 1-94
2026-09-10 05:34:11,014 INFO o.a.j.t.JMeterThread: Thread finished: TCC orders 1-94
2026-09-10 05:34:11,038 INFO o.a.j.t.JMeterThread: Stopping because end time detected by thread: TCC orders 1-74
2026-09-10 05:34:11,039 INFO o.a.j.t.JMeterThread: Thread finished: TCC orders 1-74
2026-09-10 05:34:11,063 INFO o.a.j.t.JMeterThread: Stopping because end time detected by thread: TCC orders 1-32
2026-09-10 05:34:11,063 INFO o.a.j.t.JMeterThread: Thread finished: TCC orders 1-32
2026-09-10 05:34:11,088 INFO o.a.j.t.JMeterThread: Stopping because end time detected by thread: TCC orders 1-72
2026-09-10 05:34:11,089 INFO o.a.j.t.JMeterThread: Thread finished: TCC orders 1-72
2026-09-10 05:34:11,114 INFO o.a.j.t.JMeterThread: Stopping because end time detected by thread: TCC orders 1-95
2026-09-10 05:34:11,114 INFO o.a.j.t.JMeterThread: Thread finished: TCC orders 1-95
2026-09-10 05:34:11,138 INFO o.a.j.t.JMeterThread: Stopping because end time detected by thread: TCC orders 1-99
2026-09-10 05:34:11,138 INFO o.a.j.t.JMeterThread: Thread finished: TCC orders 1-99
2026-09-10 05:34:11,163 INFO o.a.j.t.JMeterThread: Stopping because end time detected by thread: TCC orders 1-55
2026-09-10 05:34:11,163 INFO o.a.j.t.JMeterThread: Thread finished: TCC orders 1-55
2026-09-10 05:34:11,187 INFO o.a.j.t.JMeterThread: Stopping because end time detected by thread: TCC orders 1-4
2026-09-10 05:34:11,187 INFO o.a.j.t.JMeterThread: Thread finished: TCC orders 1-4
2026-09-10 05:34:11,211 INFO o.a.j.t.JMeterThread: Stopping because end time detected by thread: TCC orders 1-57
2026-09-10 05:34:11,211 INFO o.a.j.t.JMeterThread: Thread finished: TCC orders 1-57
2026-09-10 05:34:11,235 INFO o.a.j.t.JMeterThread: Stopping because end time detected by thread: TCC orders 1-98
2026-09-10 05:34:11,235 INFO o.a.j.t.JMeterThread: Thread finished: TCC orders 1-98
2026-09-10 05:34:11,259 INFO o.a.j.t.JMeterThread: Stopping because end time detected by thread: TCC orders 1-88
2026-09-10 05:34:11,259 INFO o.a.j.t.JMeterThread: Thread finished: TCC orders 1-88
2026-09-10 05:34:11,283 INFO o.a.j.t.JMeterThread: Stopping because end time detected by thread: TCC orders 1-22
2026-09-10 05:34:11,283 INFO o.a.j.t.JMeterThread: Thread finished: TCC orders 1-22
2026-09-10 05:34:11,308 INFO o.a.j.t.JMeterThread: Stopping because end time detected by thread: TCC orders 1-38
2026-09-10 05:34:11,308 INFO o.a.j.t.JMeterThread: Thread finished: TCC orders 1-38
2026-09-10 05:34:11,332 INFO o.a.j.t.JMeterThread: Stopping because end time detected by thread: TCC orders 1-28
2026-09-10 05:34:11,333 INFO o.a.j.t.JMeterThread: Thread finished: TCC orders 1-28
2026-09-10 05:34:11,357 INFO o.a.j.t.JMeterThread: Stopping because end time detected by thread: TCC orders 1-24
2026-09-10 05:34:11,357 INFO o.a.j.t.JMeterThread: Thread finished: TCC orders 1-24
2026-09-10 05:34:11,381 INFO o.a.j.t.JMeterThread: Stopping because end time detected by thread: TCC orders 1-33
2026-09-10 05:34:11,381 INFO o.a.j.t.JMeterThread: Thread finished: TCC orders 1-33
2026-09-10 05:34:11,408 INFO o.a.j.t.JMeterThread: Stopping because end time detected by thread: TCC orders 1-42
2026-09-10 05:34:11,408 INFO o.a.j.t.JMeterThread: Thread finished: TCC orders 1-42
2026-09-10 05:34:11,436 INFO o.a.j.t.JMeterThread: Stopping because end time detected by thread: TCC orders 1-65
2026-09-10 05:34:11,436 INFO o.a.j.t.JMeterThread: Thread finished: TCC orders 1-65
2026-09-10 05:34:11,462 INFO o.a.j.t.JMeterThread: Stopping because end time detected by thread: TCC orders 1-53
2026-09-10 05:34:11,462 INFO o.a.j.t.JMeterThread: Thread finished: TCC orders 1-53
2026-09-10 05:34:11,485 INFO o.a.j.t.JMeterThread: Stopping because end time detected by thread: TCC orders 1-2
2026-09-10 05:34:11,486 INFO o.a.j.t.JMeterThread: Thread finished: TCC orders 1-2
2026-09-10 05:34:11,509 INFO o.a.j.t.JMeterThread: Stopping because end time detected by thread: TCC orders 1-16
2026-09-10 05:34:11,510 INFO o.a.j.t.JMeterThread: Thread finished: TCC orders 1-16
2026-09-10 05:34:11,534 INFO o.a.j.t.JMeterThread: Stopping because end time detected by thread: TCC orders 1-37
2026-09-10 05:34:11,535 INFO o.a.j.t.JMeterThread: Thread finished: TCC orders 1-37
2026-09-10 05:34:11,559 INFO o.a.j.t.JMeterThread: Stopping because end time detected by thread: TCC orders 1-13
2026-09-10 05:34:11,559 INFO o.a.j.t.JMeterThread: Thread finished: TCC orders 1-13
2026-09-10 05:34:11,583 INFO o.a.j.t.JMeterThread: Stopping because end time detected by thread: TCC orders 1-79
2026-09-10 05:34:11,583 INFO o.a.j.t.JMeterThread: Thread finished: TCC orders 1-79
2026-09-10 05:34:11,607 INFO o.a.j.t.JMeterThread: Stopping because end time detected by thread: TCC orders 1-89
2026-09-10 05:34:11,608 INFO o.a.j.t.JMeterThread: Thread finished: TCC orders 1-89
2026-09-10 05:34:11,632 INFO o.a.j.t.JMeterThread: Stopping because end time detected by thread: TCC orders 1-21
2026-09-10 05:34:11,632 INFO o.a.j.t.JMeterThread: Thread finished: TCC orders 1-21
2026-09-10 05:34:11,656 INFO o.a.j.t.JMeterThread: Stopping because end time detected by thread: TCC orders 1-52
2026-09-10 05:34:11,656 INFO o.a.j.t.JMeterThread: Thread finished: TCC orders 1-52
2026-09-10 05:34:11,681 INFO o.a.j.t.JMeterThread: Stopping because end time detected by thread: TCC orders 1-44
2026-09-10 05:34:11,681 INFO o.a.j.t.JMeterThread: Thread finished: TCC orders 1-44
2026-09-10 05:34:11,705 INFO o.a.j.t.JMeterThread: Stopping because end time detected by thread: TCC orders 1-15
2026-09-10 05:34:11,705 INFO o.a.j.t.JMeterThread: Thread finished: TCC orders 1-15
2026-09-10 05:34:11,730 INFO o.a.j.t.JMeterThread: Stopping because end time detected by thread: TCC orders 1-25
2026-09-10 05:34:11,730 INFO o.a.j.t.JMeterThread: Thread finished: TCC orders 1-25
2026-09-10 05:34:11,754 INFO o.a.j.t.JMeterThread: Stopping because end time detected by thread: TCC orders 1-27
2026-09-10 05:34:11,754 INFO o.a.j.t.JMeterThread: Thread finished: TCC orders 1-27
2026-09-10 05:34:11,778 INFO o.a.j.t.JMeterThread: Stopping because end time detected by thread: TCC orders 1-26
2026-09-10 05:34:11,778 INFO o.a.j.t.JMeterThread: Thread finished: TCC orders 1-26
2026-09-10 05:34:11,802 INFO o.a.j.t.JMeterThread: Stopping because end time detected by thread: TCC orders 1-11
2026-09-10 05:34:11,802 INFO o.a.j.t.JMeterThread: Thread finished: TCC orders 1-11
2026-09-10 05:34:11,826 INFO o.a.j.t.JMeterThread: Stopping because end time detected by thread: TCC orders 1-84
2026-09-10 05:34:11,826 INFO o.a.j.t.JMeterThread: Thread finished: TCC orders 1-84
2026-09-10 05:34:11,850 INFO o.a.j.t.JMeterThread: Stopping because end time detected by thread: TCC orders 1-81
2026-09-10 05:34:11,850 INFO o.a.j.t.JMeterThread: Thread finished: TCC orders 1-81
2026-09-10 05:34:11,876 INFO o.a.j.t.JMeterThread: Stopping because end time detected by thread: TCC orders 1-76
2026-09-10 05:34:11,876 INFO o.a.j.t.JMeterThread: Thread finished: TCC orders 1-76
2026-09-10 05:34:11,900 INFO o.a.j.t.JMeterThread: Stopping because end time detected by thread: TCC orders 1-23
2026-09-10 05:34:11,900 INFO o.a.j.t.JMeterThread: Thread finished: TCC orders 1-23
2026-09-10 05:34:11,925 INFO o.a.j.t.JMeterThread: Stopping because end time detected by thread: TCC orders 1-7
2026-09-10 05:34:11,925 INFO o.a.j.t.JMeterThread: Thread finished: TCC orders 1-7
2026-09-10 05:34:11,949 INFO o.a.j.t.JMeterThread: Stopping because end time detected by thread: TCC orders 1-36
2026-09-10 05:34:11,950 INFO o.a.j.t.JMeterThread: Thread finished: TCC orders 1-36
2026-09-10 05:34:11,973 INFO o.a.j.t.JMeterThread: Stopping because end time detected by thread: TCC orders 1-59
2026-09-10 05:34:11,974 INFO o.a.j.t.JMeterThread: Thread finished: TCC orders 1-59
2026-09-10 05:34:11,998 INFO o.a.j.t.JMeterThread: Stopping because end time detected by thread: TCC orders 1-77
2026-09-10 05:34:11,998 INFO o.a.j.t.JMeterThread: Thread finished: TCC orders 1-77
2026-09-10 05:34:12,032 INFO o.a.j.t.JMeterThread: Stopping because end time detected by thread: TCC orders 1-3
2026-09-10 05:34:12,032 INFO o.a.j.t.JMeterThread: Thread finished: TCC orders 1-3
2026-09-10 05:34:12,057 INFO o.a.j.t.JMeterThread: Stopping because end time detected by thread: TCC orders 1-6
2026-09-10 05:34:12,057 INFO o.a.j.t.JMeterThread: Thread finished: TCC orders 1-6
2026-09-10 05:34:12,082 INFO o.a.j.t.JMeterThread: Stopping because end time detected by thread: TCC orders 1-31
2026-09-10 05:34:12,083 INFO o.a.j.t.JMeterThread: Thread finished: TCC orders 1-31
2026-09-10 05:34:12,107 INFO o.a.j.t.JMeterThread: Stopping because end time detected by thread: TCC orders 1-40
2026-09-10 05:34:12,107 INFO o.a.j.t.JMeterThread: Thread finished: TCC orders 1-40
2026-09-10 05:34:12,131 INFO o.a.j.t.JMeterThread: Stopping because end time detected by thread: TCC orders 1-69
2026-09-10 05:34:12,131 INFO o.a.j.t.JMeterThread: Thread finished: TCC orders 1-69
2026-09-10 05:34:12,155 INFO o.a.j.t.JMeterThread: Stopping because end time detected by thread: TCC orders 1-5
2026-09-10 05:34:12,155 INFO o.a.j.t.JMeterThread: Thread finished: TCC orders 1-5
2026-09-10 05:34:12,179 INFO o.a.j.t.JMeterThread: Stopping because end time detected by thread: TCC orders 1-34
2026-09-10 05:34:12,179 INFO o.a.j.t.JMeterThread: Thread finished: TCC orders 1-34
2026-09-10 05:34:12,203 INFO o.a.j.t.JMeterThread: Stopping because end time detected by thread: TCC orders 1-71
2026-09-10 05:34:12,203 INFO o.a.j.t.JMeterThread: Thread finished: TCC orders 1-71
2026-09-10 05:34:12,227 INFO o.a.j.t.JMeterThread: Stopping because end time detected by thread: TCC orders 1-92
2026-09-10 05:34:12,227 INFO o.a.j.t.JMeterThread: Thread finished: TCC orders 1-92
2026-09-10 05:34:12,251 INFO o.a.j.t.JMeterThread: Stopping because end time detected by thread: TCC orders 1-43
2026-09-10 05:34:12,251 INFO o.a.j.t.JMeterThread: Thread finished: TCC orders 1-43
2026-09-10 05:34:12,275 INFO o.a.j.t.JMeterThread: Stopping because end time detected by thread: TCC orders 1-100
2026-09-10 05:34:12,275 INFO o.a.j.t.JMeterThread: Thread finished: TCC orders 1-100
2026-09-10 05:34:12,300 INFO o.a.j.t.JMeterThread: Stopping because end time detected by thread: TCC orders 1-12
2026-09-10 05:34:12,300 INFO o.a.j.t.JMeterThread: Thread finished: TCC orders 1-12
2026-09-10 05:34:12,325 INFO o.a.j.t.JMeterThread: Stopping because end time detected by thread: TCC orders 1-91
2026-09-10 05:34:12,325 INFO o.a.j.t.JMeterThread: Thread finished: TCC orders 1-91
2026-09-10 05:34:12,349 INFO o.a.j.t.JMeterThread: Stopping because end time detected by thread: TCC orders 1-86
2026-09-10 05:34:12,349 INFO o.a.j.t.JMeterThread: Thread finished: TCC orders 1-86
2026-09-10 05:34:12,350 INFO o.a.j.e.StandardJMeterEngine: Notifying test listeners of end of test
2026-09-10 05:34:12,353 INFO o.a.j.r.Summariser: summary +    492 in 00:00:12 =   39.9/s Avg:  2513 Min:  2448 Max:  2622 Err:     0 (0.00%) Active: 0 Started: 100 Finished: 100
2026-09-10 05:34:12,353 INFO o.a.j.r.Summariser: summary =   1271 in 00:00:33 =   39.0/s Avg:  2438 Min:   117 Max:  2830 Err:     0 (0.00%)
