2026-09-10 07:25:04,514 INFO o.a.j.u.JMeterUtils: Setting Locale to en_EN
2026-09-10 07:25:04,529 INFO o.a.j.JMeter: Loading user properties from: /home/avituo/projects/tcc/tcc-container/.tools/apache-jmeter-5.6.3/bin/user.properties
2026-09-10 07:25:04,530 INFO o.a.j.JMeter: Loading system properties from: /home/avituo/projects/tcc/tcc-container/.tools/apache-jmeter-5.6.3/bin/system.properties
2026-09-10 07:25:04,530 INFO o.a.j.JMeter: Loading additional properties from: /home/avituo/projects/tcc/tcc-container/benchmark/jmeter/benchmark.properties
2026-09-10 07:25:04,530 INFO o.a.j.JMeter: Loading additional properties from: /tmp/tcc-benchmark-auth.CzWiNk/auth.properties
2026-09-10 07:25:04,530 INFO o.a.j.JMeter: Loading additional properties from: /home/avituo/projects/tcc/tcc-container/benchmark/results/laravel-13.20.0/final/order-show/c50/r5/microservices/thread-counters.properties
2026-09-10 07:25:04,531 INFO o.a.j.JMeter: Setting JMeter property: threads=50
2026-09-10 07:25:04,531 INFO o.a.j.JMeter: Setting JMeter property: duration_seconds=120
2026-09-10 07:25:04,531 INFO o.a.j.JMeter: Setting JMeter property: target_host=localhost
2026-09-10 07:25:04,531 INFO o.a.j.JMeter: Setting JMeter property: target_port=18080
2026-09-10 07:25:04,531 INFO o.a.j.JMeter: Setting JMeter property: tcc.order.id=20000000-0000-4000-8000-000000000001
2026-09-10 07:25:04,531 INFO o.a.j.JMeter: Setting JMeter property: repetition=5
2026-09-10 07:25:04,539 INFO o.a.j.JMeter: Copyright (c) 1998-2024 The Apache Software Foundation
2026-09-10 07:25:04,539 INFO o.a.j.JMeter: Version 5.6.3
2026-09-10 07:25:04,539 INFO o.a.j.JMeter: java.version=21.0.11
2026-09-10 07:25:04,539 INFO o.a.j.JMeter: java.vm.name=OpenJDK 64-Bit Server VM
2026-09-10 07:25:04,539 INFO o.a.j.JMeter: os.name=Linux
2026-09-10 07:25:04,539 INFO o.a.j.JMeter: os.arch=amd64
2026-09-10 07:25:04,539 INFO o.a.j.JMeter: os.version=7.0.11-76070011-generic
2026-09-10 07:25:04,539 INFO o.a.j.JMeter: file.encoding=UTF-8
2026-09-10 07:25:04,539 INFO o.a.j.JMeter: java.awt.headless=true
2026-09-10 07:25:04,539 INFO o.a.j.JMeter: Max memory     =1073741824
2026-09-10 07:25:04,540 INFO o.a.j.JMeter: Available Processors =16
2026-09-10 07:25:04,547 INFO o.a.j.JMeter: Default Locale=English (EN)
2026-09-10 07:25:04,548 INFO o.a.j.JMeter: JMeter  Locale=English (EN)
2026-09-10 07:25:04,548 INFO o.a.j.JMeter: JMeterHome=/home/avituo/projects/tcc/tcc-container/.tools/apache-jmeter-5.6.3
2026-09-10 07:25:04,548 INFO o.a.j.JMeter: user.dir  =/home/avituo/projects/tcc/tcc-container
2026-09-10 07:25:04,548 INFO o.a.j.JMeter: PWD       =/home/avituo/projects/tcc/tcc-container
2026-09-10 07:25:04,559 INFO o.a.j.JMeter: IP: 192.168.1.16 Name: pop-os FullName: pop-os.home
2026-09-10 07:25:04,571 INFO o.a.j.s.FileServer: Default base='/home/avituo/projects/tcc/tcc-container'
2026-09-10 07:25:04,573 INFO o.a.j.s.FileServer: Set new base='/home/avituo/projects/tcc/tcc-container/benchmark/jmeter'
2026-09-10 07:25:04,730 INFO o.a.j.s.SaveService: Testplan (JMX) version: 2.2. Testlog (JTL) version: 2.2
2026-09-10 07:25:04,754 INFO o.a.j.s.SaveService: Using SaveService properties version 5.0
2026-09-10 07:25:04,757 INFO o.a.j.s.SaveService: Using SaveService properties file encoding UTF-8
2026-09-10 07:25:04,761 INFO o.a.j.s.SaveService: Loading file: /home/avituo/projects/tcc/tcc-container/benchmark/jmeter/tcc-order-show-v1.jmx
2026-09-10 07:25:04,810 INFO o.a.j.p.h.s.HTTPSamplerBase: Parser for text/html is org.apache.jmeter.protocol.http.parser.LagartoBasedHtmlParser
2026-09-10 07:25:04,810 INFO o.a.j.p.h.s.HTTPSamplerBase: Parser for application/xhtml+xml is org.apache.jmeter.protocol.http.parser.LagartoBasedHtmlParser
2026-09-10 07:25:04,811 INFO o.a.j.p.h.s.HTTPSamplerBase: Parser for application/xml is org.apache.jmeter.protocol.http.parser.LagartoBasedHtmlParser
2026-09-10 07:25:04,811 INFO o.a.j.p.h.s.HTTPSamplerBase: Parser for text/xml is org.apache.jmeter.protocol.http.parser.LagartoBasedHtmlParser
2026-09-10 07:25:04,811 INFO o.a.j.p.h.s.HTTPSamplerBase: Parser for text/vnd.wap.wml is org.apache.jmeter.protocol.http.parser.RegexpHTMLParser
2026-09-10 07:25:04,811 INFO o.a.j.p.h.s.HTTPSamplerBase: Parser for text/css is org.apache.jmeter.protocol.http.parser.CssParser
2026-09-10 07:25:04,839 INFO o.a.j.JMeter: Creating summariser <summary>
2026-09-10 07:25:04,859 INFO o.a.j.e.StandardJMeterEngine: Running the test!
2026-09-10 07:25:04,860 INFO o.a.j.s.SampleEvent: List of sample_variables: []
2026-09-10 07:25:04,860 INFO o.a.j.s.SampleEvent: List of sample_variables: []
2026-09-10 07:25:04,866 INFO o.a.j.e.u.CompoundVariable: Note: Function class names must contain the string: '.functions.'
2026-09-10 07:25:04,866 INFO o.a.j.e.u.CompoundVariable: Note: Function class names must not contain the string: '.gui.'
2026-09-10 07:25:05,098 INFO o.a.j.JMeter: Running test (1789035905098)
2026-09-10 07:25:05,122 INFO o.a.j.e.StandardJMeterEngine: Starting ThreadGroup: 1 : TCC order-show
2026-09-10 07:25:05,123 INFO o.a.j.e.StandardJMeterEngine: Starting 50 threads for group TCC order-show.
2026-09-10 07:25:05,123 INFO o.a.j.e.StandardJMeterEngine: Thread will continue on error
2026-09-10 07:25:05,123 INFO o.a.j.t.ThreadGroup: Starting thread group... number=1 threads=50 ramp-up=0 delayedStart=false
2026-09-10 07:25:05,130 INFO o.a.j.t.JMeterThread: Thread started: TCC order-show 1-2
2026-09-10 07:25:05,130 INFO o.a.j.t.JMeterThread: Thread started: TCC order-show 1-4
2026-09-10 07:25:05,130 INFO o.a.j.t.JMeterThread: Thread started: TCC order-show 1-3
2026-09-10 07:25:05,130 INFO o.a.j.t.JMeterThread: Thread started: TCC order-show 1-1
2026-09-10 07:25:05,130 INFO o.a.j.t.JMeterThread: Thread started: TCC order-show 1-6
2026-09-10 07:25:05,130 INFO o.a.j.t.JMeterThread: Thread started: TCC order-show 1-5
2026-09-10 07:25:05,131 INFO o.a.j.t.JMeterThread: Thread started: TCC order-show 1-7
2026-09-10 07:25:05,132 INFO o.a.j.t.JMeterThread: Thread started: TCC order-show 1-8
2026-09-10 07:25:05,132 INFO o.a.j.t.JMeterThread: Thread started: TCC order-show 1-9
2026-09-10 07:25:05,133 INFO o.a.j.t.JMeterThread: Thread started: TCC order-show 1-10
2026-09-10 07:25:05,133 INFO o.a.j.t.JMeterThread: Thread started: TCC order-show 1-11
2026-09-10 07:25:05,134 INFO o.a.j.t.JMeterThread: Thread started: TCC order-show 1-12
2026-09-10 07:25:05,135 INFO o.a.j.t.JMeterThread: Thread started: TCC order-show 1-13
2026-09-10 07:25:05,136 INFO o.a.j.t.JMeterThread: Thread started: TCC order-show 1-14
2026-09-10 07:25:05,136 INFO o.a.j.t.JMeterThread: Thread started: TCC order-show 1-15
2026-09-10 07:25:05,138 INFO o.a.j.t.JMeterThread: Thread started: TCC order-show 1-17
2026-09-10 07:25:05,138 INFO o.a.j.t.JMeterThread: Thread started: TCC order-show 1-16
2026-09-10 07:25:05,139 INFO o.a.j.t.JMeterThread: Thread started: TCC order-show 1-18
2026-09-10 07:25:05,140 INFO o.a.j.t.JMeterThread: Thread started: TCC order-show 1-19
2026-09-10 07:25:05,140 INFO o.a.j.t.JMeterThread: Thread started: TCC order-show 1-20
2026-09-10 07:25:05,142 INFO o.a.j.t.JMeterThread: Thread started: TCC order-show 1-22
2026-09-10 07:25:05,142 INFO o.a.j.t.JMeterThread: Thread started: TCC order-show 1-21
2026-09-10 07:25:05,142 INFO o.a.j.t.JMeterThread: Thread started: TCC order-show 1-23
2026-09-10 07:25:05,143 INFO o.a.j.t.JMeterThread: Thread started: TCC order-show 1-24
2026-09-10 07:25:05,144 INFO o.a.j.t.JMeterThread: Thread started: TCC order-show 1-25
2026-09-10 07:25:05,145 INFO o.a.j.t.JMeterThread: Thread started: TCC order-show 1-26
2026-09-10 07:25:05,145 INFO o.a.j.t.JMeterThread: Thread started: TCC order-show 1-27
2026-09-10 07:25:05,146 INFO o.a.j.t.JMeterThread: Thread started: TCC order-show 1-28
2026-09-10 07:25:05,147 INFO o.a.j.t.JMeterThread: Thread started: TCC order-show 1-29
2026-09-10 07:25:05,147 INFO o.a.j.t.JMeterThread: Thread started: TCC order-show 1-30
2026-09-10 07:25:05,148 INFO o.a.j.t.JMeterThread: Thread started: TCC order-show 1-31
2026-09-10 07:25:05,149 INFO o.a.j.t.JMeterThread: Thread started: TCC order-show 1-32
2026-09-10 07:25:05,149 INFO o.a.j.t.JMeterThread: Thread started: TCC order-show 1-33
2026-09-10 07:25:05,150 INFO o.a.j.t.JMeterThread: Thread started: TCC order-show 1-34
2026-09-10 07:25:05,150 INFO o.a.j.t.JMeterThread: Thread started: TCC order-show 1-35
2026-09-10 07:25:05,151 INFO o.a.j.t.JMeterThread: Thread started: TCC order-show 1-36
2026-09-10 07:25:05,151 INFO o.a.j.t.JMeterThread: Thread started: TCC order-show 1-37
2026-09-10 07:25:05,152 INFO o.a.j.t.JMeterThread: Thread started: TCC order-show 1-38
2026-09-10 07:25:05,152 INFO o.a.j.t.JMeterThread: Thread started: TCC order-show 1-39
2026-09-10 07:25:05,153 INFO o.a.j.t.JMeterThread: Thread started: TCC order-show 1-40
2026-09-10 07:25:05,153 INFO o.a.j.t.JMeterThread: Thread started: TCC order-show 1-41
2026-09-10 07:25:05,154 INFO o.a.j.t.JMeterThread: Thread started: TCC order-show 1-42
2026-09-10 07:25:05,155 INFO o.a.j.t.JMeterThread: Thread started: TCC order-show 1-43
2026-09-10 07:25:05,155 INFO o.a.j.t.JMeterThread: Thread started: TCC order-show 1-44
2026-09-10 07:25:05,156 INFO o.a.j.t.JMeterThread: Thread started: TCC order-show 1-45
2026-09-10 07:25:05,156 INFO o.a.j.t.JMeterThread: Thread started: TCC order-show 1-46
2026-09-10 07:25:05,157 INFO o.a.j.t.JMeterThread: Thread started: TCC order-show 1-47
2026-09-10 07:25:05,157 INFO o.a.j.t.JMeterThread: Thread started: TCC order-show 1-48
2026-09-10 07:25:05,157 INFO o.a.j.t.JMeterThread: Thread started: TCC order-show 1-49
2026-09-10 07:25:05,158 INFO o.a.j.t.ThreadGroup: Started thread group number 1
2026-09-10 07:25:05,158 INFO o.a.j.e.StandardJMeterEngine: All thread groups have been started
2026-09-10 07:25:05,158 INFO o.a.j.t.JMeterThread: Thread started: TCC order-show 1-50
2026-09-10 07:25:05,159 INFO o.a.j.p.h.s.HTTPHCAbstractImpl: Local host = pop-os
2026-09-10 07:25:05,167 INFO o.a.j.p.h.s.HTTPHC4Impl: HTTP request retry count = 0
2026-09-10 07:25:05,168 INFO o.a.j.s.SampleResult: Note: Sample TimeStamps are START times
2026-09-10 07:25:05,168 INFO o.a.j.s.SampleResult: sampleresult.default.encoding is set to UTF-8
2026-09-10 07:25:05,168 INFO o.a.j.s.SampleResult: sampleresult.useNanoTime=true
2026-09-10 07:25:05,168 INFO o.a.j.s.SampleResult: sampleresult.nanoThreadSleep=5000
2026-09-10 07:25:30,003 INFO o.a.j.r.Summariser: summary +   3366 in 00:00:25 =  135.2/s Avg:   355 Min:    28 Max:   697 Err:     0 (0.00%) Active: 50 Started: 50 Finished: 0
2026-09-10 07:26:00,004 INFO o.a.j.r.Summariser: summary +   4223 in 00:00:30 =  140.8/s Avg:   354 Min:   332 Max:   450 Err:     0 (0.00%) Active: 50 Started: 50 Finished: 0
2026-09-10 07:26:00,004 INFO o.a.j.r.Summariser: summary =   7589 in 00:00:55 =  138.2/s Avg:   354 Min:    28 Max:   697 Err:     0 (0.00%)
2026-09-10 07:26:30,007 INFO o.a.j.r.Summariser: summary +   4312 in 00:00:30 =  143.7/s Avg:   347 Min:   326 Max:   361 Err:     0 (0.00%) Active: 50 Started: 50 Finished: 0
2026-09-10 07:26:30,007 INFO o.a.j.r.Summariser: summary =  11901 in 00:01:25 =  140.2/s Avg:   352 Min:    28 Max:   697 Err:     0 (0.00%)
2026-09-10 07:27:00,002 INFO o.a.j.r.Summariser: summary +   4314 in 00:00:30 =  143.8/s Avg:   347 Min:   331 Max:   363 Err:     0 (0.00%) Active: 50 Started: 50 Finished: 0
2026-09-10 07:27:00,003 INFO o.a.j.r.Summariser: summary =  16215 in 00:01:55 =  141.1/s Avg:   350 Min:    28 Max:   697 Err:     0 (0.00%)
2026-09-10 07:27:05,156 INFO o.a.j.t.JMeterThread: Stopping because end time detected by thread: TCC order-show 1-9
2026-09-10 07:27:05,156 INFO o.a.j.t.JMeterThread: Thread finished: TCC order-show 1-9
2026-09-10 07:27:05,163 INFO o.a.j.t.JMeterThread: Stopping because end time detected by thread: TCC order-show 1-6
2026-09-10 07:27:05,163 INFO o.a.j.t.JMeterThread: Thread finished: TCC order-show 1-6
2026-09-10 07:27:05,169 INFO o.a.j.t.JMeterThread: Stopping because end time detected by thread: TCC order-show 1-45
2026-09-10 07:27:05,169 INFO o.a.j.t.JMeterThread: Thread finished: TCC order-show 1-45
2026-09-10 07:27:05,176 INFO o.a.j.t.JMeterThread: Stopping because end time detected by thread: TCC order-show 1-1
2026-09-10 07:27:05,176 INFO o.a.j.t.JMeterThread: Thread finished: TCC order-show 1-1
2026-09-10 07:27:05,183 INFO o.a.j.t.JMeterThread: Stopping because end time detected by thread: TCC order-show 1-34
2026-09-10 07:27:05,183 INFO o.a.j.t.JMeterThread: Thread finished: TCC order-show 1-34
2026-09-10 07:27:05,190 INFO o.a.j.t.JMeterThread: Stopping because end time detected by thread: TCC order-show 1-4
2026-09-10 07:27:05,190 INFO o.a.j.t.JMeterThread: Thread finished: TCC order-show 1-4
2026-09-10 07:27:05,197 INFO o.a.j.t.JMeterThread: Stopping because end time detected by thread: TCC order-show 1-23
2026-09-10 07:27:05,197 INFO o.a.j.t.JMeterThread: Thread finished: TCC order-show 1-23
2026-09-10 07:27:05,203 INFO o.a.j.t.JMeterThread: Stopping because end time detected by thread: TCC order-show 1-31
2026-09-10 07:27:05,203 INFO o.a.j.t.JMeterThread: Thread finished: TCC order-show 1-31
2026-09-10 07:27:05,210 INFO o.a.j.t.JMeterThread: Stopping because end time detected by thread: TCC order-show 1-12
2026-09-10 07:27:05,210 INFO o.a.j.t.JMeterThread: Thread finished: TCC order-show 1-12
2026-09-10 07:27:05,218 INFO o.a.j.t.JMeterThread: Stopping because end time detected by thread: TCC order-show 1-15
2026-09-10 07:27:05,218 INFO o.a.j.t.JMeterThread: Thread finished: TCC order-show 1-15
2026-09-10 07:27:05,225 INFO o.a.j.t.JMeterThread: Stopping because end time detected by thread: TCC order-show 1-11
2026-09-10 07:27:05,225 INFO o.a.j.t.JMeterThread: Thread finished: TCC order-show 1-11
2026-09-10 07:27:05,231 INFO o.a.j.t.JMeterThread: Stopping because end time detected by thread: TCC order-show 1-24
2026-09-10 07:27:05,232 INFO o.a.j.t.JMeterThread: Thread finished: TCC order-show 1-24
2026-09-10 07:27:05,238 INFO o.a.j.t.JMeterThread: Stopping because end time detected by thread: TCC order-show 1-16
2026-09-10 07:27:05,238 INFO o.a.j.t.JMeterThread: Thread finished: TCC order-show 1-16
2026-09-10 07:27:05,245 INFO o.a.j.t.JMeterThread: Stopping because end time detected by thread: TCC order-show 1-39
2026-09-10 07:27:05,245 INFO o.a.j.t.JMeterThread: Thread finished: TCC order-show 1-39
2026-09-10 07:27:05,252 INFO o.a.j.t.JMeterThread: Stopping because end time detected by thread: TCC order-show 1-5
2026-09-10 07:27:05,252 INFO o.a.j.t.JMeterThread: Thread finished: TCC order-show 1-5
2026-09-10 07:27:05,258 INFO o.a.j.t.JMeterThread: Stopping because end time detected by thread: TCC order-show 1-46
2026-09-10 07:27:05,259 INFO o.a.j.t.JMeterThread: Thread finished: TCC order-show 1-46
2026-09-10 07:27:05,265 INFO o.a.j.t.JMeterThread: Stopping because end time detected by thread: TCC order-show 1-30
2026-09-10 07:27:05,265 INFO o.a.j.t.JMeterThread: Thread finished: TCC order-show 1-30
2026-09-10 07:27:05,272 INFO o.a.j.t.JMeterThread: Stopping because end time detected by thread: TCC order-show 1-17
2026-09-10 07:27:05,272 INFO o.a.j.t.JMeterThread: Thread finished: TCC order-show 1-17
2026-09-10 07:27:05,279 INFO o.a.j.t.JMeterThread: Stopping because end time detected by thread: TCC order-show 1-49
2026-09-10 07:27:05,279 INFO o.a.j.t.JMeterThread: Thread finished: TCC order-show 1-49
2026-09-10 07:27:05,285 INFO o.a.j.t.JMeterThread: Stopping because end time detected by thread: TCC order-show 1-48
2026-09-10 07:27:05,286 INFO o.a.j.t.JMeterThread: Thread finished: TCC order-show 1-48
2026-09-10 07:27:05,292 INFO o.a.j.t.JMeterThread: Stopping because end time detected by thread: TCC order-show 1-21
2026-09-10 07:27:05,293 INFO o.a.j.t.JMeterThread: Thread finished: TCC order-show 1-21
2026-09-10 07:27:05,299 INFO o.a.j.t.JMeterThread: Stopping because end time detected by thread: TCC order-show 1-20
2026-09-10 07:27:05,299 INFO o.a.j.t.JMeterThread: Thread finished: TCC order-show 1-20
2026-09-10 07:27:05,306 INFO o.a.j.t.JMeterThread: Stopping because end time detected by thread: TCC order-show 1-25
2026-09-10 07:27:05,306 INFO o.a.j.t.JMeterThread: Thread finished: TCC order-show 1-25
2026-09-10 07:27:05,314 INFO o.a.j.t.JMeterThread: Stopping because end time detected by thread: TCC order-show 1-2
2026-09-10 07:27:05,314 INFO o.a.j.t.JMeterThread: Thread finished: TCC order-show 1-2
2026-09-10 07:27:05,321 INFO o.a.j.t.JMeterThread: Stopping because end time detected by thread: TCC order-show 1-26
2026-09-10 07:27:05,321 INFO o.a.j.t.JMeterThread: Thread finished: TCC order-show 1-26
2026-09-10 07:27:05,328 INFO o.a.j.t.JMeterThread: Stopping because end time detected by thread: TCC order-show 1-8
2026-09-10 07:27:05,328 INFO o.a.j.t.JMeterThread: Thread finished: TCC order-show 1-8
2026-09-10 07:27:05,334 INFO o.a.j.t.JMeterThread: Stopping because end time detected by thread: TCC order-show 1-22
2026-09-10 07:27:05,335 INFO o.a.j.t.JMeterThread: Thread finished: TCC order-show 1-22
2026-09-10 07:27:05,341 INFO o.a.j.t.JMeterThread: Stopping because end time detected by thread: TCC order-show 1-32
2026-09-10 07:27:05,341 INFO o.a.j.t.JMeterThread: Thread finished: TCC order-show 1-32
2026-09-10 07:27:05,348 INFO o.a.j.t.JMeterThread: Stopping because end time detected by thread: TCC order-show 1-18
2026-09-10 07:27:05,348 INFO o.a.j.t.JMeterThread: Thread finished: TCC order-show 1-18
2026-09-10 07:27:05,354 INFO o.a.j.t.JMeterThread: Stopping because end time detected by thread: TCC order-show 1-13
2026-09-10 07:27:05,354 INFO o.a.j.t.JMeterThread: Thread finished: TCC order-show 1-13
2026-09-10 07:27:05,362 INFO o.a.j.t.JMeterThread: Stopping because end time detected by thread: TCC order-show 1-10
2026-09-10 07:27:05,362 INFO o.a.j.t.JMeterThread: Thread finished: TCC order-show 1-10
2026-09-10 07:27:05,368 INFO o.a.j.t.JMeterThread: Stopping because end time detected by thread: TCC order-show 1-44
2026-09-10 07:27:05,369 INFO o.a.j.t.JMeterThread: Thread finished: TCC order-show 1-44
2026-09-10 07:27:05,375 INFO o.a.j.t.JMeterThread: Stopping because end time detected by thread: TCC order-show 1-7
2026-09-10 07:27:05,376 INFO o.a.j.t.JMeterThread: Thread finished: TCC order-show 1-7
2026-09-10 07:27:05,382 INFO o.a.j.t.JMeterThread: Stopping because end time detected by thread: TCC order-show 1-3
2026-09-10 07:27:05,382 INFO o.a.j.t.JMeterThread: Thread finished: TCC order-show 1-3
2026-09-10 07:27:05,390 INFO o.a.j.t.JMeterThread: Stopping because end time detected by thread: TCC order-show 1-27
2026-09-10 07:27:05,390 INFO o.a.j.t.JMeterThread: Thread finished: TCC order-show 1-27
2026-09-10 07:27:05,397 INFO o.a.j.t.JMeterThread: Stopping because end time detected by thread: TCC order-show 1-36
2026-09-10 07:27:05,397 INFO o.a.j.t.JMeterThread: Thread finished: TCC order-show 1-36
2026-09-10 07:27:05,405 INFO o.a.j.t.JMeterThread: Stopping because end time detected by thread: TCC order-show 1-28
2026-09-10 07:27:05,405 INFO o.a.j.t.JMeterThread: Thread finished: TCC order-show 1-28
2026-09-10 07:27:05,411 INFO o.a.j.t.JMeterThread: Stopping because end time detected by thread: TCC order-show 1-43
2026-09-10 07:27:05,412 INFO o.a.j.t.JMeterThread: Thread finished: TCC order-show 1-43
2026-09-10 07:27:05,418 INFO o.a.j.t.JMeterThread: Stopping because end time detected by thread: TCC order-show 1-41
2026-09-10 07:27:05,418 INFO o.a.j.t.JMeterThread: Thread finished: TCC order-show 1-41
2026-09-10 07:27:05,425 INFO o.a.j.t.JMeterThread: Stopping because end time detected by thread: TCC order-show 1-50
2026-09-10 07:27:05,425 INFO o.a.j.t.JMeterThread: Thread finished: TCC order-show 1-50
2026-09-10 07:27:05,433 INFO o.a.j.t.JMeterThread: Stopping because end time detected by thread: TCC order-show 1-19
2026-09-10 07:27:05,433 INFO o.a.j.t.JMeterThread: Thread finished: TCC order-show 1-19
2026-09-10 07:27:05,441 INFO o.a.j.t.JMeterThread: Stopping because end time detected by thread: TCC order-show 1-33
2026-09-10 07:27:05,441 INFO o.a.j.t.JMeterThread: Thread finished: TCC order-show 1-33
2026-09-10 07:27:05,449 INFO o.a.j.t.JMeterThread: Stopping because end time detected by thread: TCC order-show 1-37
2026-09-10 07:27:05,449 INFO o.a.j.t.JMeterThread: Thread finished: TCC order-show 1-37
2026-09-10 07:27:05,456 INFO o.a.j.t.JMeterThread: Stopping because end time detected by thread: TCC order-show 1-35
2026-09-10 07:27:05,456 INFO o.a.j.t.JMeterThread: Thread finished: TCC order-show 1-35
2026-09-10 07:27:05,464 INFO o.a.j.t.JMeterThread: Stopping because end time detected by thread: TCC order-show 1-14
2026-09-10 07:27:05,464 INFO o.a.j.t.JMeterThread: Thread finished: TCC order-show 1-14
2026-09-10 07:27:05,471 INFO o.a.j.t.JMeterThread: Stopping because end time detected by thread: TCC order-show 1-38
2026-09-10 07:27:05,471 INFO o.a.j.t.JMeterThread: Thread finished: TCC order-show 1-38
2026-09-10 07:27:05,479 INFO o.a.j.t.JMeterThread: Stopping because end time detected by thread: TCC order-show 1-47
2026-09-10 07:27:05,479 INFO o.a.j.t.JMeterThread: Thread finished: TCC order-show 1-47
2026-09-10 07:27:05,486 INFO o.a.j.t.JMeterThread: Stopping because end time detected by thread: TCC order-show 1-29
2026-09-10 07:27:05,486 INFO o.a.j.t.JMeterThread: Thread finished: TCC order-show 1-29
2026-09-10 07:27:05,493 INFO o.a.j.t.JMeterThread: Stopping because end time detected by thread: TCC order-show 1-42
2026-09-10 07:27:05,493 INFO o.a.j.t.JMeterThread: Thread finished: TCC order-show 1-42
2026-09-10 07:27:05,500 INFO o.a.j.t.JMeterThread: Stopping because end time detected by thread: TCC order-show 1-40
2026-09-10 07:27:05,500 INFO o.a.j.t.JMeterThread: Thread finished: TCC order-show 1-40
2026-09-10 07:27:05,500 INFO o.a.j.e.StandardJMeterEngine: Notifying test listeners of end of test
2026-09-10 07:27:05,503 INFO o.a.j.r.Summariser: summary +    787 in 00:00:06 =  143.1/s Avg:   348 Min:   340 Max:   360 Err:     0 (0.00%) Active: 0 Started: 50 Finished: 50
2026-09-10 07:27:05,503 INFO o.a.j.r.Summariser: summary =  17002 in 00:02:00 =  141.2/s Avg:   350 Min:    28 Max:   697 Err:     0 (0.00%)
