2026-09-10 10:15:20,865 INFO o.a.j.u.JMeterUtils: Setting Locale to en_EN
2026-09-10 10:15:20,882 INFO o.a.j.JMeter: Loading user properties from: /home/avituo/projects/tcc/tcc-container/.tools/apache-jmeter-5.6.3/bin/user.properties
2026-09-10 10:15:20,882 INFO o.a.j.JMeter: Loading system properties from: /home/avituo/projects/tcc/tcc-container/.tools/apache-jmeter-5.6.3/bin/system.properties
2026-09-10 10:15:20,882 INFO o.a.j.JMeter: Loading additional properties from: /home/avituo/projects/tcc/tcc-container/benchmark/jmeter/benchmark.properties
2026-09-10 10:15:20,883 INFO o.a.j.JMeter: Loading additional properties from: /tmp/tcc-benchmark-auth.Z2H3pC/auth.properties
2026-09-10 10:15:20,883 INFO o.a.j.JMeter: Loading additional properties from: /home/avituo/projects/tcc/tcc-container/benchmark/results/laravel-13.20.0/final/order-create/c100/r4/microservices/thread-counters.properties
2026-09-10 10:15:20,883 INFO o.a.j.JMeter: Setting JMeter property: threads=100
2026-09-10 10:15:20,883 INFO o.a.j.JMeter: Setting JMeter property: duration_seconds=120
2026-09-10 10:15:20,883 INFO o.a.j.JMeter: Setting JMeter property: target_host=localhost
2026-09-10 10:15:20,883 INFO o.a.j.JMeter: Setting JMeter property: target_port=18080
2026-09-10 10:15:20,883 INFO o.a.j.JMeter: Setting JMeter property: tcc.order.id=20000000-0000-4000-8000-000000000001
2026-09-10 10:15:20,883 INFO o.a.j.JMeter: Setting JMeter property: repetition=4
2026-09-10 10:15:20,892 INFO o.a.j.JMeter: Copyright (c) 1998-2024 The Apache Software Foundation
2026-09-10 10:15:20,892 INFO o.a.j.JMeter: Version 5.6.3
2026-09-10 10:15:20,892 INFO o.a.j.JMeter: java.version=21.0.11
2026-09-10 10:15:20,892 INFO o.a.j.JMeter: java.vm.name=OpenJDK 64-Bit Server VM
2026-09-10 10:15:20,892 INFO o.a.j.JMeter: os.name=Linux
2026-09-10 10:15:20,892 INFO o.a.j.JMeter: os.arch=amd64
2026-09-10 10:15:20,892 INFO o.a.j.JMeter: os.version=7.0.11-76070011-generic
2026-09-10 10:15:20,892 INFO o.a.j.JMeter: file.encoding=UTF-8
2026-09-10 10:15:20,892 INFO o.a.j.JMeter: java.awt.headless=true
2026-09-10 10:15:20,892 INFO o.a.j.JMeter: Max memory     =1073741824
2026-09-10 10:15:20,892 INFO o.a.j.JMeter: Available Processors =16
2026-09-10 10:15:20,901 INFO o.a.j.JMeter: Default Locale=English (EN)
2026-09-10 10:15:20,902 INFO o.a.j.JMeter: JMeter  Locale=English (EN)
2026-09-10 10:15:20,902 INFO o.a.j.JMeter: JMeterHome=/home/avituo/projects/tcc/tcc-container/.tools/apache-jmeter-5.6.3
2026-09-10 10:15:20,902 INFO o.a.j.JMeter: user.dir  =/home/avituo/projects/tcc/tcc-container
2026-09-10 10:15:20,902 INFO o.a.j.JMeter: PWD       =/home/avituo/projects/tcc/tcc-container
2026-09-10 10:15:20,913 INFO o.a.j.JMeter: IP: 192.168.1.16 Name: pop-os FullName: pop-os.home
2026-09-10 10:15:20,926 INFO o.a.j.s.FileServer: Default base='/home/avituo/projects/tcc/tcc-container'
2026-09-10 10:15:20,928 INFO o.a.j.s.FileServer: Set new base='/home/avituo/projects/tcc/tcc-container/benchmark/jmeter'
2026-09-10 10:15:21,101 INFO o.a.j.s.SaveService: Testplan (JMX) version: 2.2. Testlog (JTL) version: 2.2
2026-09-10 10:15:21,127 INFO o.a.j.s.SaveService: Using SaveService properties version 5.0
2026-09-10 10:15:21,130 INFO o.a.j.s.SaveService: Using SaveService properties file encoding UTF-8
2026-09-10 10:15:21,134 INFO o.a.j.s.SaveService: Loading file: /home/avituo/projects/tcc/tcc-container/benchmark/jmeter/tcc-order-create-v1.jmx
2026-09-10 10:15:21,188 INFO o.a.j.p.h.s.HTTPSamplerBase: Parser for text/html is org.apache.jmeter.protocol.http.parser.LagartoBasedHtmlParser
2026-09-10 10:15:21,188 INFO o.a.j.p.h.s.HTTPSamplerBase: Parser for application/xhtml+xml is org.apache.jmeter.protocol.http.parser.LagartoBasedHtmlParser
2026-09-10 10:15:21,188 INFO o.a.j.p.h.s.HTTPSamplerBase: Parser for application/xml is org.apache.jmeter.protocol.http.parser.LagartoBasedHtmlParser
2026-09-10 10:15:21,188 INFO o.a.j.p.h.s.HTTPSamplerBase: Parser for text/xml is org.apache.jmeter.protocol.http.parser.LagartoBasedHtmlParser
2026-09-10 10:15:21,188 INFO o.a.j.p.h.s.HTTPSamplerBase: Parser for text/vnd.wap.wml is org.apache.jmeter.protocol.http.parser.RegexpHTMLParser
2026-09-10 10:15:21,188 INFO o.a.j.p.h.s.HTTPSamplerBase: Parser for text/css is org.apache.jmeter.protocol.http.parser.CssParser
2026-09-10 10:15:21,221 INFO o.a.j.JMeter: Creating summariser <summary>
2026-09-10 10:15:21,238 INFO o.a.j.e.StandardJMeterEngine: Running the test!
2026-09-10 10:15:21,239 INFO o.a.j.s.SampleEvent: List of sample_variables: []
2026-09-10 10:15:21,239 INFO o.a.j.s.SampleEvent: List of sample_variables: []
2026-09-10 10:15:21,244 INFO o.a.j.e.u.CompoundVariable: Note: Function class names must contain the string: '.functions.'
2026-09-10 10:15:21,244 INFO o.a.j.e.u.CompoundVariable: Note: Function class names must not contain the string: '.gui.'
2026-09-10 10:15:21,495 INFO o.a.j.JMeter: Running test (1789046121495)
2026-09-10 10:15:21,517 INFO o.a.j.e.StandardJMeterEngine: Starting ThreadGroup: 1 : TCC order-create
2026-09-10 10:15:21,517 INFO o.a.j.e.StandardJMeterEngine: Starting 100 threads for group TCC order-create.
2026-09-10 10:15:21,518 INFO o.a.j.e.StandardJMeterEngine: Thread will continue on error
2026-09-10 10:15:21,518 INFO o.a.j.t.ThreadGroup: Starting thread group... number=1 threads=100 ramp-up=0 delayedStart=false
2026-09-10 10:15:21,524 INFO o.a.j.t.JMeterThread: Thread started: TCC order-create 1-2
2026-09-10 10:15:21,524 INFO o.a.j.t.JMeterThread: Thread started: TCC order-create 1-5
2026-09-10 10:15:21,524 INFO o.a.j.t.JMeterThread: Thread started: TCC order-create 1-4
2026-09-10 10:15:21,524 INFO o.a.j.t.JMeterThread: Thread started: TCC order-create 1-3
2026-09-10 10:15:21,524 INFO o.a.j.t.JMeterThread: Thread started: TCC order-create 1-1
2026-09-10 10:15:21,525 INFO o.a.j.t.JMeterThread: Thread started: TCC order-create 1-6
2026-09-10 10:15:21,526 INFO o.a.j.t.JMeterThread: Thread started: TCC order-create 1-7
2026-09-10 10:15:21,526 INFO o.a.j.t.JMeterThread: Thread started: TCC order-create 1-8
2026-09-10 10:15:21,527 INFO o.a.j.t.JMeterThread: Thread started: TCC order-create 1-9
2026-09-10 10:15:21,528 INFO o.a.j.t.JMeterThread: Thread started: TCC order-create 1-10
2026-09-10 10:15:21,529 INFO o.a.j.t.JMeterThread: Thread started: TCC order-create 1-11
2026-09-10 10:15:21,530 INFO o.a.j.t.JMeterThread: Thread started: TCC order-create 1-12
2026-09-10 10:15:21,530 INFO o.a.j.t.JMeterThread: Thread started: TCC order-create 1-13
2026-09-10 10:15:21,531 INFO o.a.j.t.JMeterThread: Thread started: TCC order-create 1-14
2026-09-10 10:15:21,533 INFO o.a.j.t.JMeterThread: Thread started: TCC order-create 1-15
2026-09-10 10:15:21,534 INFO o.a.j.t.JMeterThread: Thread started: TCC order-create 1-16
2026-09-10 10:15:21,535 INFO o.a.j.t.JMeterThread: Thread started: TCC order-create 1-17
2026-09-10 10:15:21,536 INFO o.a.j.t.JMeterThread: Thread started: TCC order-create 1-18
2026-09-10 10:15:21,537 INFO o.a.j.t.JMeterThread: Thread started: TCC order-create 1-19
2026-09-10 10:15:21,538 INFO o.a.j.t.JMeterThread: Thread started: TCC order-create 1-20
2026-09-10 10:15:21,539 INFO o.a.j.t.JMeterThread: Thread started: TCC order-create 1-21
2026-09-10 10:15:21,539 INFO o.a.j.t.JMeterThread: Thread started: TCC order-create 1-22
2026-09-10 10:15:21,539 INFO o.a.j.t.JMeterThread: Thread started: TCC order-create 1-23
2026-09-10 10:15:21,540 INFO o.a.j.t.JMeterThread: Thread started: TCC order-create 1-24
2026-09-10 10:15:21,541 INFO o.a.j.t.JMeterThread: Thread started: TCC order-create 1-25
2026-09-10 10:15:21,542 INFO o.a.j.t.JMeterThread: Thread started: TCC order-create 1-26
2026-09-10 10:15:21,542 INFO o.a.j.t.JMeterThread: Thread started: TCC order-create 1-27
2026-09-10 10:15:21,543 INFO o.a.j.t.JMeterThread: Thread started: TCC order-create 1-28
2026-09-10 10:15:21,544 INFO o.a.j.t.JMeterThread: Thread started: TCC order-create 1-29
2026-09-10 10:15:21,544 INFO o.a.j.t.JMeterThread: Thread started: TCC order-create 1-30
2026-09-10 10:15:21,544 INFO o.a.j.t.JMeterThread: Thread started: TCC order-create 1-31
2026-09-10 10:15:21,546 INFO o.a.j.t.JMeterThread: Thread started: TCC order-create 1-32
2026-09-10 10:15:21,546 INFO o.a.j.t.JMeterThread: Thread started: TCC order-create 1-33
2026-09-10 10:15:21,547 INFO o.a.j.t.JMeterThread: Thread started: TCC order-create 1-34
2026-09-10 10:15:21,547 INFO o.a.j.t.JMeterThread: Thread started: TCC order-create 1-35
2026-09-10 10:15:21,548 INFO o.a.j.t.JMeterThread: Thread started: TCC order-create 1-36
2026-09-10 10:15:21,549 INFO o.a.j.t.JMeterThread: Thread started: TCC order-create 1-38
2026-09-10 10:15:21,550 INFO o.a.j.t.JMeterThread: Thread started: TCC order-create 1-40
2026-09-10 10:15:21,549 INFO o.a.j.t.JMeterThread: Thread started: TCC order-create 1-37
2026-09-10 10:15:21,551 INFO o.a.j.t.JMeterThread: Thread started: TCC order-create 1-41
2026-09-10 10:15:21,550 INFO o.a.j.t.JMeterThread: Thread started: TCC order-create 1-39
2026-09-10 10:15:21,552 INFO o.a.j.t.JMeterThread: Thread started: TCC order-create 1-42
2026-09-10 10:15:21,555 INFO o.a.j.t.JMeterThread: Thread started: TCC order-create 1-43
2026-09-10 10:15:21,556 INFO o.a.j.t.JMeterThread: Thread started: TCC order-create 1-44
2026-09-10 10:15:21,557 INFO o.a.j.t.JMeterThread: Thread started: TCC order-create 1-45
2026-09-10 10:15:21,558 INFO o.a.j.t.JMeterThread: Thread started: TCC order-create 1-47
2026-09-10 10:15:21,558 INFO o.a.j.t.JMeterThread: Thread started: TCC order-create 1-46
2026-09-10 10:15:21,560 INFO o.a.j.t.JMeterThread: Thread started: TCC order-create 1-49
2026-09-10 10:15:21,560 INFO o.a.j.t.JMeterThread: Thread started: TCC order-create 1-48
2026-09-10 10:15:21,562 INFO o.a.j.t.JMeterThread: Thread started: TCC order-create 1-50
2026-09-10 10:15:21,562 INFO o.a.j.t.JMeterThread: Thread started: TCC order-create 1-51
2026-09-10 10:15:21,563 INFO o.a.j.t.JMeterThread: Thread started: TCC order-create 1-52
2026-09-10 10:15:21,563 INFO o.a.j.t.JMeterThread: Thread started: TCC order-create 1-53
2026-09-10 10:15:21,564 INFO o.a.j.t.JMeterThread: Thread started: TCC order-create 1-54
2026-09-10 10:15:21,564 INFO o.a.j.t.JMeterThread: Thread started: TCC order-create 1-55
2026-09-10 10:15:21,565 INFO o.a.j.t.JMeterThread: Thread started: TCC order-create 1-56
2026-09-10 10:15:21,565 INFO o.a.j.t.JMeterThread: Thread started: TCC order-create 1-57
2026-09-10 10:15:21,566 INFO o.a.j.t.JMeterThread: Thread started: TCC order-create 1-58
2026-09-10 10:15:21,566 INFO o.a.j.t.JMeterThread: Thread started: TCC order-create 1-59
2026-09-10 10:15:21,567 INFO o.a.j.t.JMeterThread: Thread started: TCC order-create 1-60
2026-09-10 10:15:21,568 INFO o.a.j.t.JMeterThread: Thread started: TCC order-create 1-61
2026-09-10 10:15:21,569 INFO o.a.j.t.JMeterThread: Thread started: TCC order-create 1-62
2026-09-10 10:15:21,570 INFO o.a.j.t.JMeterThread: Thread started: TCC order-create 1-63
2026-09-10 10:15:21,572 INFO o.a.j.t.JMeterThread: Thread started: TCC order-create 1-64
2026-09-10 10:15:21,572 INFO o.a.j.t.JMeterThread: Thread started: TCC order-create 1-65
2026-09-10 10:15:21,573 INFO o.a.j.t.JMeterThread: Thread started: TCC order-create 1-66
2026-09-10 10:15:21,574 INFO o.a.j.t.JMeterThread: Thread started: TCC order-create 1-67
2026-09-10 10:15:21,575 INFO o.a.j.t.JMeterThread: Thread started: TCC order-create 1-68
2026-09-10 10:15:21,576 INFO o.a.j.t.JMeterThread: Thread started: TCC order-create 1-69
2026-09-10 10:15:21,577 INFO o.a.j.t.JMeterThread: Thread started: TCC order-create 1-70
2026-09-10 10:15:21,578 INFO o.a.j.t.JMeterThread: Thread started: TCC order-create 1-71
2026-09-10 10:15:21,582 INFO o.a.j.t.JMeterThread: Thread started: TCC order-create 1-72
2026-09-10 10:15:21,584 INFO o.a.j.t.JMeterThread: Thread started: TCC order-create 1-73
2026-09-10 10:15:21,585 INFO o.a.j.t.JMeterThread: Thread started: TCC order-create 1-74
2026-09-10 10:15:21,587 INFO o.a.j.t.JMeterThread: Thread started: TCC order-create 1-75
2026-09-10 10:15:21,589 INFO o.a.j.t.JMeterThread: Thread started: TCC order-create 1-77
2026-09-10 10:15:21,589 INFO o.a.j.t.JMeterThread: Thread started: TCC order-create 1-76
2026-09-10 10:15:21,590 INFO o.a.j.t.JMeterThread: Thread started: TCC order-create 1-78
2026-09-10 10:15:21,592 INFO o.a.j.t.JMeterThread: Thread started: TCC order-create 1-79
2026-09-10 10:15:21,594 INFO o.a.j.t.JMeterThread: Thread started: TCC order-create 1-80
2026-09-10 10:15:21,595 INFO o.a.j.t.JMeterThread: Thread started: TCC order-create 1-81
2026-09-10 10:15:21,596 INFO o.a.j.t.JMeterThread: Thread started: TCC order-create 1-82
2026-09-10 10:15:21,596 INFO o.a.j.t.JMeterThread: Thread started: TCC order-create 1-83
2026-09-10 10:15:21,597 INFO o.a.j.t.JMeterThread: Thread started: TCC order-create 1-84
2026-09-10 10:15:21,598 INFO o.a.j.t.JMeterThread: Thread started: TCC order-create 1-85
2026-09-10 10:15:21,599 INFO o.a.j.t.JMeterThread: Thread started: TCC order-create 1-86
2026-09-10 10:15:21,600 INFO o.a.j.t.JMeterThread: Thread started: TCC order-create 1-87
2026-09-10 10:15:21,601 INFO o.a.j.t.JMeterThread: Thread started: TCC order-create 1-88
2026-09-10 10:15:21,602 INFO o.a.j.t.JMeterThread: Thread started: TCC order-create 1-89
2026-09-10 10:15:21,602 INFO o.a.j.t.JMeterThread: Thread started: TCC order-create 1-90
2026-09-10 10:15:21,603 INFO o.a.j.t.JMeterThread: Thread started: TCC order-create 1-91
2026-09-10 10:15:21,603 INFO o.a.j.t.JMeterThread: Thread started: TCC order-create 1-92
2026-09-10 10:15:21,604 INFO o.a.j.t.JMeterThread: Thread started: TCC order-create 1-93
2026-09-10 10:15:21,604 INFO o.a.j.t.JMeterThread: Thread started: TCC order-create 1-94
2026-09-10 10:15:21,605 INFO o.a.j.t.JMeterThread: Thread started: TCC order-create 1-96
2026-09-10 10:15:21,606 INFO o.a.j.t.JMeterThread: Thread started: TCC order-create 1-97
2026-09-10 10:15:21,607 INFO o.a.j.t.JMeterThread: Thread started: TCC order-create 1-98
2026-09-10 10:15:21,605 INFO o.a.j.t.JMeterThread: Thread started: TCC order-create 1-95
2026-09-10 10:15:21,609 INFO o.a.j.t.JMeterThread: Thread started: TCC order-create 1-99
2026-09-10 10:15:21,610 INFO o.a.j.t.ThreadGroup: Started thread group number 1
2026-09-10 10:15:21,610 INFO o.a.j.e.StandardJMeterEngine: All thread groups have been started
2026-09-10 10:15:21,610 INFO o.a.j.t.JMeterThread: Thread started: TCC order-create 1-100
2026-09-10 10:15:22,342 INFO o.a.j.p.h.s.HTTPHCAbstractImpl: Local host = pop-os
2026-09-10 10:15:22,352 INFO o.a.j.p.h.s.HTTPHC4Impl: HTTP request retry count = 0
2026-09-10 10:15:22,354 INFO o.a.j.s.SampleResult: Note: Sample TimeStamps are START times
2026-09-10 10:15:22,354 INFO o.a.j.s.SampleResult: sampleresult.default.encoding is set to UTF-8
2026-09-10 10:15:22,354 INFO o.a.j.s.SampleResult: sampleresult.useNanoTime=true
2026-09-10 10:15:22,354 INFO o.a.j.s.SampleResult: sampleresult.nanoThreadSleep=5000
2026-09-10 10:15:30,041 INFO o.a.j.r.Summariser: summary +    141 in 00:00:09 =   16.5/s Avg:  3522 Min:   178 Max:  5432 Err:     0 (0.00%) Active: 100 Started: 100 Finished: 0
2026-09-10 10:16:00,049 INFO o.a.j.r.Summariser: summary +    568 in 00:00:30 =   18.9/s Avg:  5286 Min:  5196 Max:  5449 Err:     0 (0.00%) Active: 100 Started: 100 Finished: 0
2026-09-10 10:16:00,049 INFO o.a.j.r.Summariser: summary =    709 in 00:00:39 =   18.4/s Avg:  4935 Min:   178 Max:  5449 Err:     0 (0.00%)
2026-09-10 10:16:30,029 INFO o.a.j.r.Summariser: summary +    563 in 00:00:30 =   18.8/s Avg:  5317 Min:  5174 Max:  5532 Err:     0 (0.00%) Active: 100 Started: 100 Finished: 0
2026-09-10 10:16:30,029 INFO o.a.j.r.Summariser: summary =   1272 in 00:01:09 =   18.6/s Avg:  5104 Min:   178 Max:  5532 Err:     0 (0.00%)
2026-09-10 10:17:00,038 INFO o.a.j.r.Summariser: summary +    553 in 00:00:30 =   18.4/s Avg:  5433 Min:  5144 Max:  6358 Err:     0 (0.00%) Active: 100 Started: 100 Finished: 0
2026-09-10 10:17:00,038 INFO o.a.j.r.Summariser: summary =   1825 in 00:01:39 =   18.5/s Avg:  5204 Min:   178 Max:  6358 Err:     0 (0.00%)
2026-09-10 10:17:21,559 INFO o.a.j.t.JMeterThread: Stopping because end time detected by thread: TCC order-create 1-6
2026-09-10 10:17:21,559 INFO o.a.j.t.JMeterThread: Thread finished: TCC order-create 1-6
2026-09-10 10:17:21,607 INFO o.a.j.t.JMeterThread: Stopping because end time detected by thread: TCC order-create 1-1
2026-09-10 10:17:21,607 INFO o.a.j.t.JMeterThread: Thread finished: TCC order-create 1-1
2026-09-10 10:17:21,657 INFO o.a.j.t.JMeterThread: Stopping because end time detected by thread: TCC order-create 1-70
2026-09-10 10:17:21,658 INFO o.a.j.t.JMeterThread: Thread finished: TCC order-create 1-70
2026-09-10 10:17:21,711 INFO o.a.j.t.JMeterThread: Stopping because end time detected by thread: TCC order-create 1-51
2026-09-10 10:17:21,712 INFO o.a.j.t.JMeterThread: Thread finished: TCC order-create 1-51
2026-09-10 10:17:21,762 INFO o.a.j.t.JMeterThread: Stopping because end time detected by thread: TCC order-create 1-25
2026-09-10 10:17:21,763 INFO o.a.j.t.JMeterThread: Thread finished: TCC order-create 1-25
2026-09-10 10:17:21,816 INFO o.a.j.t.JMeterThread: Stopping because end time detected by thread: TCC order-create 1-47
2026-09-10 10:17:21,816 INFO o.a.j.t.JMeterThread: Thread finished: TCC order-create 1-47
2026-09-10 10:17:21,867 INFO o.a.j.t.JMeterThread: Stopping because end time detected by thread: TCC order-create 1-16
2026-09-10 10:17:21,867 INFO o.a.j.t.JMeterThread: Thread finished: TCC order-create 1-16
2026-09-10 10:17:21,920 INFO o.a.j.t.JMeterThread: Stopping because end time detected by thread: TCC order-create 1-37
2026-09-10 10:17:21,920 INFO o.a.j.t.JMeterThread: Thread finished: TCC order-create 1-37
2026-09-10 10:17:21,972 INFO o.a.j.t.JMeterThread: Stopping because end time detected by thread: TCC order-create 1-33
2026-09-10 10:17:21,972 INFO o.a.j.t.JMeterThread: Thread finished: TCC order-create 1-33
2026-09-10 10:17:22,028 INFO o.a.j.t.JMeterThread: Stopping because end time detected by thread: TCC order-create 1-10
2026-09-10 10:17:22,028 INFO o.a.j.t.JMeterThread: Thread finished: TCC order-create 1-10
2026-09-10 10:17:22,079 INFO o.a.j.t.JMeterThread: Stopping because end time detected by thread: TCC order-create 1-78
2026-09-10 10:17:22,079 INFO o.a.j.t.JMeterThread: Thread finished: TCC order-create 1-78
2026-09-10 10:17:22,131 INFO o.a.j.t.JMeterThread: Stopping because end time detected by thread: TCC order-create 1-69
2026-09-10 10:17:22,131 INFO o.a.j.t.JMeterThread: Thread finished: TCC order-create 1-69
2026-09-10 10:17:22,181 INFO o.a.j.t.JMeterThread: Stopping because end time detected by thread: TCC order-create 1-83
2026-09-10 10:17:22,181 INFO o.a.j.t.JMeterThread: Thread finished: TCC order-create 1-83
2026-09-10 10:17:22,232 INFO o.a.j.t.JMeterThread: Stopping because end time detected by thread: TCC order-create 1-95
2026-09-10 10:17:22,232 INFO o.a.j.t.JMeterThread: Thread finished: TCC order-create 1-95
2026-09-10 10:17:22,282 INFO o.a.j.t.JMeterThread: Stopping because end time detected by thread: TCC order-create 1-92
2026-09-10 10:17:22,282 INFO o.a.j.t.JMeterThread: Thread finished: TCC order-create 1-92
2026-09-10 10:17:22,338 INFO o.a.j.t.JMeterThread: Stopping because end time detected by thread: TCC order-create 1-7
2026-09-10 10:17:22,338 INFO o.a.j.t.JMeterThread: Thread finished: TCC order-create 1-7
2026-09-10 10:17:22,388 INFO o.a.j.t.JMeterThread: Stopping because end time detected by thread: TCC order-create 1-80
2026-09-10 10:17:22,389 INFO o.a.j.t.JMeterThread: Thread finished: TCC order-create 1-80
2026-09-10 10:17:22,441 INFO o.a.j.t.JMeterThread: Stopping because end time detected by thread: TCC order-create 1-34
2026-09-10 10:17:22,441 INFO o.a.j.t.JMeterThread: Thread finished: TCC order-create 1-34
2026-09-10 10:17:22,494 INFO o.a.j.t.JMeterThread: Stopping because end time detected by thread: TCC order-create 1-12
2026-09-10 10:17:22,494 INFO o.a.j.t.JMeterThread: Thread finished: TCC order-create 1-12
2026-09-10 10:17:22,543 INFO o.a.j.t.JMeterThread: Stopping because end time detected by thread: TCC order-create 1-36
2026-09-10 10:17:22,543 INFO o.a.j.t.JMeterThread: Thread finished: TCC order-create 1-36
2026-09-10 10:17:22,595 INFO o.a.j.t.JMeterThread: Stopping because end time detected by thread: TCC order-create 1-87
2026-09-10 10:17:22,595 INFO o.a.j.t.JMeterThread: Thread finished: TCC order-create 1-87
2026-09-10 10:17:22,647 INFO o.a.j.t.JMeterThread: Stopping because end time detected by thread: TCC order-create 1-11
2026-09-10 10:17:22,647 INFO o.a.j.t.JMeterThread: Thread finished: TCC order-create 1-11
2026-09-10 10:17:22,698 INFO o.a.j.t.JMeterThread: Stopping because end time detected by thread: TCC order-create 1-22
2026-09-10 10:17:22,698 INFO o.a.j.t.JMeterThread: Thread finished: TCC order-create 1-22
2026-09-10 10:17:22,750 INFO o.a.j.t.JMeterThread: Stopping because end time detected by thread: TCC order-create 1-97
2026-09-10 10:17:22,750 INFO o.a.j.t.JMeterThread: Thread finished: TCC order-create 1-97
2026-09-10 10:17:22,806 INFO o.a.j.t.JMeterThread: Stopping because end time detected by thread: TCC order-create 1-58
2026-09-10 10:17:22,807 INFO o.a.j.t.JMeterThread: Thread finished: TCC order-create 1-58
2026-09-10 10:17:22,858 INFO o.a.j.t.JMeterThread: Stopping because end time detected by thread: TCC order-create 1-23
2026-09-10 10:17:22,858 INFO o.a.j.t.JMeterThread: Thread finished: TCC order-create 1-23
2026-09-10 10:17:22,910 INFO o.a.j.t.JMeterThread: Stopping because end time detected by thread: TCC order-create 1-38
2026-09-10 10:17:22,910 INFO o.a.j.t.JMeterThread: Thread finished: TCC order-create 1-38
2026-09-10 10:17:22,963 INFO o.a.j.t.JMeterThread: Stopping because end time detected by thread: TCC order-create 1-44
2026-09-10 10:17:22,963 INFO o.a.j.t.JMeterThread: Thread finished: TCC order-create 1-44
2026-09-10 10:17:23,016 INFO o.a.j.t.JMeterThread: Stopping because end time detected by thread: TCC order-create 1-13
2026-09-10 10:17:23,016 INFO o.a.j.t.JMeterThread: Thread finished: TCC order-create 1-13
2026-09-10 10:17:23,066 INFO o.a.j.t.JMeterThread: Stopping because end time detected by thread: TCC order-create 1-84
2026-09-10 10:17:23,067 INFO o.a.j.t.JMeterThread: Thread finished: TCC order-create 1-84
2026-09-10 10:17:23,118 INFO o.a.j.t.JMeterThread: Stopping because end time detected by thread: TCC order-create 1-94
2026-09-10 10:17:23,118 INFO o.a.j.t.JMeterThread: Thread finished: TCC order-create 1-94
2026-09-10 10:17:23,167 INFO o.a.j.t.JMeterThread: Stopping because end time detected by thread: TCC order-create 1-79
2026-09-10 10:17:23,168 INFO o.a.j.t.JMeterThread: Thread finished: TCC order-create 1-79
2026-09-10 10:17:23,222 INFO o.a.j.t.JMeterThread: Stopping because end time detected by thread: TCC order-create 1-90
2026-09-10 10:17:23,222 INFO o.a.j.t.JMeterThread: Thread finished: TCC order-create 1-90
2026-09-10 10:17:23,273 INFO o.a.j.t.JMeterThread: Stopping because end time detected by thread: TCC order-create 1-57
2026-09-10 10:17:23,274 INFO o.a.j.t.JMeterThread: Thread finished: TCC order-create 1-57
2026-09-10 10:17:23,329 INFO o.a.j.t.JMeterThread: Stopping because end time detected by thread: TCC order-create 1-62
2026-09-10 10:17:23,329 INFO o.a.j.t.JMeterThread: Thread finished: TCC order-create 1-62
2026-09-10 10:17:23,380 INFO o.a.j.t.JMeterThread: Stopping because end time detected by thread: TCC order-create 1-18
2026-09-10 10:17:23,381 INFO o.a.j.t.JMeterThread: Thread finished: TCC order-create 1-18
2026-09-10 10:17:23,439 INFO o.a.j.t.JMeterThread: Stopping because end time detected by thread: TCC order-create 1-50
2026-09-10 10:17:23,439 INFO o.a.j.t.JMeterThread: Thread finished: TCC order-create 1-50
2026-09-10 10:17:23,490 INFO o.a.j.t.JMeterThread: Stopping because end time detected by thread: TCC order-create 1-9
2026-09-10 10:17:23,490 INFO o.a.j.t.JMeterThread: Thread finished: TCC order-create 1-9
2026-09-10 10:17:23,548 INFO o.a.j.t.JMeterThread: Stopping because end time detected by thread: TCC order-create 1-55
2026-09-10 10:17:23,548 INFO o.a.j.t.JMeterThread: Thread finished: TCC order-create 1-55
2026-09-10 10:17:23,600 INFO o.a.j.t.JMeterThread: Stopping because end time detected by thread: TCC order-create 1-32
2026-09-10 10:17:23,600 INFO o.a.j.t.JMeterThread: Thread finished: TCC order-create 1-32
2026-09-10 10:17:23,654 INFO o.a.j.t.JMeterThread: Stopping because end time detected by thread: TCC order-create 1-82
2026-09-10 10:17:23,654 INFO o.a.j.t.JMeterThread: Thread finished: TCC order-create 1-82
2026-09-10 10:17:23,706 INFO o.a.j.t.JMeterThread: Stopping because end time detected by thread: TCC order-create 1-29
2026-09-10 10:17:23,706 INFO o.a.j.t.JMeterThread: Thread finished: TCC order-create 1-29
2026-09-10 10:17:23,760 INFO o.a.j.t.JMeterThread: Stopping because end time detected by thread: TCC order-create 1-54
2026-09-10 10:17:23,760 INFO o.a.j.t.JMeterThread: Thread finished: TCC order-create 1-54
2026-09-10 10:17:23,813 INFO o.a.j.t.JMeterThread: Stopping because end time detected by thread: TCC order-create 1-86
2026-09-10 10:17:23,813 INFO o.a.j.t.JMeterThread: Thread finished: TCC order-create 1-86
2026-09-10 10:17:23,866 INFO o.a.j.t.JMeterThread: Stopping because end time detected by thread: TCC order-create 1-99
2026-09-10 10:17:23,866 INFO o.a.j.t.JMeterThread: Thread finished: TCC order-create 1-99
2026-09-10 10:17:23,918 INFO o.a.j.t.JMeterThread: Stopping because end time detected by thread: TCC order-create 1-65
2026-09-10 10:17:23,919 INFO o.a.j.t.JMeterThread: Thread finished: TCC order-create 1-65
2026-09-10 10:17:23,973 INFO o.a.j.t.JMeterThread: Stopping because end time detected by thread: TCC order-create 1-71
2026-09-10 10:17:23,974 INFO o.a.j.t.JMeterThread: Thread finished: TCC order-create 1-71
2026-09-10 10:17:24,027 INFO o.a.j.t.JMeterThread: Stopping because end time detected by thread: TCC order-create 1-67
2026-09-10 10:17:24,027 INFO o.a.j.t.JMeterThread: Thread finished: TCC order-create 1-67
2026-09-10 10:17:24,080 INFO o.a.j.t.JMeterThread: Stopping because end time detected by thread: TCC order-create 1-21
2026-09-10 10:17:24,080 INFO o.a.j.t.JMeterThread: Thread finished: TCC order-create 1-21
2026-09-10 10:17:24,140 INFO o.a.j.t.JMeterThread: Stopping because end time detected by thread: TCC order-create 1-68
2026-09-10 10:17:24,140 INFO o.a.j.t.JMeterThread: Thread finished: TCC order-create 1-68
2026-09-10 10:17:24,190 INFO o.a.j.t.JMeterThread: Stopping because end time detected by thread: TCC order-create 1-63
2026-09-10 10:17:24,190 INFO o.a.j.t.JMeterThread: Thread finished: TCC order-create 1-63
2026-09-10 10:17:24,244 INFO o.a.j.t.JMeterThread: Stopping because end time detected by thread: TCC order-create 1-93
2026-09-10 10:17:24,244 INFO o.a.j.t.JMeterThread: Thread finished: TCC order-create 1-93
2026-09-10 10:17:24,298 INFO o.a.j.t.JMeterThread: Stopping because end time detected by thread: TCC order-create 1-96
2026-09-10 10:17:24,299 INFO o.a.j.t.JMeterThread: Thread finished: TCC order-create 1-96
2026-09-10 10:17:24,349 INFO o.a.j.t.JMeterThread: Stopping because end time detected by thread: TCC order-create 1-46
2026-09-10 10:17:24,349 INFO o.a.j.t.JMeterThread: Thread finished: TCC order-create 1-46
2026-09-10 10:17:24,404 INFO o.a.j.t.JMeterThread: Stopping because end time detected by thread: TCC order-create 1-26
2026-09-10 10:17:24,404 INFO o.a.j.t.JMeterThread: Thread finished: TCC order-create 1-26
2026-09-10 10:17:24,458 INFO o.a.j.t.JMeterThread: Stopping because end time detected by thread: TCC order-create 1-3
2026-09-10 10:17:24,458 INFO o.a.j.t.JMeterThread: Thread finished: TCC order-create 1-3
2026-09-10 10:17:24,508 INFO o.a.j.t.JMeterThread: Stopping because end time detected by thread: TCC order-create 1-39
2026-09-10 10:17:24,508 INFO o.a.j.t.JMeterThread: Thread finished: TCC order-create 1-39
2026-09-10 10:17:24,562 INFO o.a.j.t.JMeterThread: Stopping because end time detected by thread: TCC order-create 1-60
2026-09-10 10:17:24,562 INFO o.a.j.t.JMeterThread: Thread finished: TCC order-create 1-60
2026-09-10 10:17:24,614 INFO o.a.j.t.JMeterThread: Stopping because end time detected by thread: TCC order-create 1-14
2026-09-10 10:17:24,614 INFO o.a.j.t.JMeterThread: Thread finished: TCC order-create 1-14
2026-09-10 10:17:24,665 INFO o.a.j.t.JMeterThread: Stopping because end time detected by thread: TCC order-create 1-48
2026-09-10 10:17:24,665 INFO o.a.j.t.JMeterThread: Thread finished: TCC order-create 1-48
2026-09-10 10:17:24,717 INFO o.a.j.t.JMeterThread: Stopping because end time detected by thread: TCC order-create 1-85
2026-09-10 10:17:24,718 INFO o.a.j.t.JMeterThread: Thread finished: TCC order-create 1-85
2026-09-10 10:17:24,772 INFO o.a.j.t.JMeterThread: Stopping because end time detected by thread: TCC order-create 1-40
2026-09-10 10:17:24,772 INFO o.a.j.t.JMeterThread: Thread finished: TCC order-create 1-40
2026-09-10 10:17:24,826 INFO o.a.j.t.JMeterThread: Stopping because end time detected by thread: TCC order-create 1-4
2026-09-10 10:17:24,826 INFO o.a.j.t.JMeterThread: Thread finished: TCC order-create 1-4
2026-09-10 10:17:24,879 INFO o.a.j.t.JMeterThread: Stopping because end time detected by thread: TCC order-create 1-73
2026-09-10 10:17:24,879 INFO o.a.j.t.JMeterThread: Thread finished: TCC order-create 1-73
2026-09-10 10:17:24,932 INFO o.a.j.t.JMeterThread: Stopping because end time detected by thread: TCC order-create 1-72
2026-09-10 10:17:24,932 INFO o.a.j.t.JMeterThread: Thread finished: TCC order-create 1-72
2026-09-10 10:17:24,983 INFO o.a.j.t.JMeterThread: Stopping because end time detected by thread: TCC order-create 1-35
2026-09-10 10:17:24,983 INFO o.a.j.t.JMeterThread: Thread finished: TCC order-create 1-35
2026-09-10 10:17:25,034 INFO o.a.j.t.JMeterThread: Stopping because end time detected by thread: TCC order-create 1-59
2026-09-10 10:17:25,035 INFO o.a.j.t.JMeterThread: Thread finished: TCC order-create 1-59
2026-09-10 10:17:25,086 INFO o.a.j.t.JMeterThread: Stopping because end time detected by thread: TCC order-create 1-15
2026-09-10 10:17:25,086 INFO o.a.j.t.JMeterThread: Thread finished: TCC order-create 1-15
2026-09-10 10:17:25,137 INFO o.a.j.t.JMeterThread: Stopping because end time detected by thread: TCC order-create 1-53
2026-09-10 10:17:25,137 INFO o.a.j.t.JMeterThread: Thread finished: TCC order-create 1-53
2026-09-10 10:17:25,190 INFO o.a.j.t.JMeterThread: Stopping because end time detected by thread: TCC order-create 1-42
2026-09-10 10:17:25,190 INFO o.a.j.t.JMeterThread: Thread finished: TCC order-create 1-42
2026-09-10 10:17:25,241 INFO o.a.j.t.JMeterThread: Stopping because end time detected by thread: TCC order-create 1-100
2026-09-10 10:17:25,242 INFO o.a.j.t.JMeterThread: Thread finished: TCC order-create 1-100
2026-09-10 10:17:25,294 INFO o.a.j.t.JMeterThread: Stopping because end time detected by thread: TCC order-create 1-89
2026-09-10 10:17:25,294 INFO o.a.j.t.JMeterThread: Thread finished: TCC order-create 1-89
2026-09-10 10:17:25,346 INFO o.a.j.t.JMeterThread: Stopping because end time detected by thread: TCC order-create 1-77
2026-09-10 10:17:25,346 INFO o.a.j.t.JMeterThread: Thread finished: TCC order-create 1-77
2026-09-10 10:17:25,403 INFO o.a.j.t.JMeterThread: Stopping because end time detected by thread: TCC order-create 1-43
2026-09-10 10:17:25,403 INFO o.a.j.t.JMeterThread: Thread finished: TCC order-create 1-43
2026-09-10 10:17:25,454 INFO o.a.j.t.JMeterThread: Stopping because end time detected by thread: TCC order-create 1-91
2026-09-10 10:17:25,455 INFO o.a.j.t.JMeterThread: Thread finished: TCC order-create 1-91
2026-09-10 10:17:25,509 INFO o.a.j.t.JMeterThread: Stopping because end time detected by thread: TCC order-create 1-76
2026-09-10 10:17:25,509 INFO o.a.j.t.JMeterThread: Thread finished: TCC order-create 1-76
2026-09-10 10:17:25,563 INFO o.a.j.t.JMeterThread: Stopping because end time detected by thread: TCC order-create 1-41
2026-09-10 10:17:25,563 INFO o.a.j.t.JMeterThread: Thread finished: TCC order-create 1-41
2026-09-10 10:17:25,618 INFO o.a.j.t.JMeterThread: Stopping because end time detected by thread: TCC order-create 1-81
2026-09-10 10:17:25,618 INFO o.a.j.t.JMeterThread: Thread finished: TCC order-create 1-81
2026-09-10 10:17:25,679 INFO o.a.j.t.JMeterThread: Stopping because end time detected by thread: TCC order-create 1-17
2026-09-10 10:17:25,679 INFO o.a.j.t.JMeterThread: Thread finished: TCC order-create 1-17
2026-09-10 10:17:25,738 INFO o.a.j.t.JMeterThread: Stopping because end time detected by thread: TCC order-create 1-64
2026-09-10 10:17:25,738 INFO o.a.j.t.JMeterThread: Thread finished: TCC order-create 1-64
2026-09-10 10:17:25,800 INFO o.a.j.t.JMeterThread: Stopping because end time detected by thread: TCC order-create 1-24
2026-09-10 10:17:25,800 INFO o.a.j.t.JMeterThread: Thread finished: TCC order-create 1-24
2026-09-10 10:17:25,852 INFO o.a.j.t.JMeterThread: Stopping because end time detected by thread: TCC order-create 1-66
2026-09-10 10:17:25,852 INFO o.a.j.t.JMeterThread: Thread finished: TCC order-create 1-66
2026-09-10 10:17:25,909 INFO o.a.j.t.JMeterThread: Stopping because end time detected by thread: TCC order-create 1-28
2026-09-10 10:17:25,909 INFO o.a.j.t.JMeterThread: Thread finished: TCC order-create 1-28
2026-09-10 10:17:25,964 INFO o.a.j.t.JMeterThread: Stopping because end time detected by thread: TCC order-create 1-98
2026-09-10 10:17:25,964 INFO o.a.j.t.JMeterThread: Thread finished: TCC order-create 1-98
2026-09-10 10:17:26,017 INFO o.a.j.t.JMeterThread: Stopping because end time detected by thread: TCC order-create 1-61
2026-09-10 10:17:26,017 INFO o.a.j.t.JMeterThread: Thread finished: TCC order-create 1-61
2026-09-10 10:17:26,075 INFO o.a.j.t.JMeterThread: Stopping because end time detected by thread: TCC order-create 1-52
2026-09-10 10:17:26,075 INFO o.a.j.t.JMeterThread: Thread finished: TCC order-create 1-52
2026-09-10 10:17:26,127 INFO o.a.j.t.JMeterThread: Stopping because end time detected by thread: TCC order-create 1-27
2026-09-10 10:17:26,127 INFO o.a.j.t.JMeterThread: Thread finished: TCC order-create 1-27
2026-09-10 10:17:26,177 INFO o.a.j.t.JMeterThread: Stopping because end time detected by thread: TCC order-create 1-5
2026-09-10 10:17:26,178 INFO o.a.j.t.JMeterThread: Thread finished: TCC order-create 1-5
2026-09-10 10:17:26,228 INFO o.a.j.t.JMeterThread: Stopping because end time detected by thread: TCC order-create 1-31
2026-09-10 10:17:26,228 INFO o.a.j.t.JMeterThread: Thread finished: TCC order-create 1-31
2026-09-10 10:17:26,278 INFO o.a.j.t.JMeterThread: Stopping because end time detected by thread: TCC order-create 1-75
2026-09-10 10:17:26,278 INFO o.a.j.t.JMeterThread: Thread finished: TCC order-create 1-75
2026-09-10 10:17:26,333 INFO o.a.j.t.JMeterThread: Stopping because end time detected by thread: TCC order-create 1-45
2026-09-10 10:17:26,333 INFO o.a.j.t.JMeterThread: Thread finished: TCC order-create 1-45
2026-09-10 10:17:26,382 INFO o.a.j.t.JMeterThread: Stopping because end time detected by thread: TCC order-create 1-20
2026-09-10 10:17:26,382 INFO o.a.j.t.JMeterThread: Thread finished: TCC order-create 1-20
2026-09-10 10:17:26,433 INFO o.a.j.t.JMeterThread: Stopping because end time detected by thread: TCC order-create 1-56
2026-09-10 10:17:26,434 INFO o.a.j.t.JMeterThread: Thread finished: TCC order-create 1-56
2026-09-10 10:17:26,490 INFO o.a.j.t.JMeterThread: Stopping because end time detected by thread: TCC order-create 1-30
2026-09-10 10:17:26,491 INFO o.a.j.t.JMeterThread: Thread finished: TCC order-create 1-30
2026-09-10 10:17:26,544 INFO o.a.j.t.JMeterThread: Stopping because end time detected by thread: TCC order-create 1-8
2026-09-10 10:17:26,545 INFO o.a.j.t.JMeterThread: Thread finished: TCC order-create 1-8
2026-09-10 10:17:26,596 INFO o.a.j.t.JMeterThread: Stopping because end time detected by thread: TCC order-create 1-49
2026-09-10 10:17:26,596 INFO o.a.j.t.JMeterThread: Thread finished: TCC order-create 1-49
2026-09-10 10:17:26,647 INFO o.a.j.t.JMeterThread: Stopping because end time detected by thread: TCC order-create 1-2
2026-09-10 10:17:26,647 INFO o.a.j.t.JMeterThread: Thread finished: TCC order-create 1-2
2026-09-10 10:17:26,698 INFO o.a.j.t.JMeterThread: Stopping because end time detected by thread: TCC order-create 1-88
2026-09-10 10:17:26,698 INFO o.a.j.t.JMeterThread: Thread finished: TCC order-create 1-88
2026-09-10 10:17:26,752 INFO o.a.j.t.JMeterThread: Stopping because end time detected by thread: TCC order-create 1-19
2026-09-10 10:17:26,752 INFO o.a.j.t.JMeterThread: Thread finished: TCC order-create 1-19
2026-09-10 10:17:26,800 INFO o.a.j.t.JMeterThread: Stopping because end time detected by thread: TCC order-create 1-74
2026-09-10 10:17:26,800 INFO o.a.j.t.JMeterThread: Thread finished: TCC order-create 1-74
2026-09-10 10:17:26,800 INFO o.a.j.e.StandardJMeterEngine: Notifying test listeners of end of test
2026-09-10 10:17:26,803 INFO o.a.j.r.Summariser: summary +    508 in 00:00:27 =   19.0/s Avg:  5256 Min:  5172 Max:  5371 Err:     0 (0.00%) Active: 0 Started: 100 Finished: 100
2026-09-10 10:17:26,803 INFO o.a.j.r.Summariser: summary =   2333 in 00:02:05 =   18.6/s Avg:  5215 Min:   178 Max:  6358 Err:     0 (0.00%)
