2026-09-10 02:23:53,689 INFO o.a.j.u.JMeterUtils: Setting Locale to en_EN
2026-09-10 02:23:53,706 INFO o.a.j.JMeter: Loading user properties from: /home/avituo/projects/tcc/tcc-container/.tools/apache-jmeter-5.6.3/bin/user.properties
2026-09-10 02:23:53,706 INFO o.a.j.JMeter: Loading system properties from: /home/avituo/projects/tcc/tcc-container/.tools/apache-jmeter-5.6.3/bin/system.properties
2026-09-10 02:23:53,706 INFO o.a.j.JMeter: Loading additional properties from: /home/avituo/projects/tcc/tcc-container/benchmark/jmeter/benchmark.properties
2026-09-10 02:23:53,706 INFO o.a.j.JMeter: Loading additional properties from: /tmp/tcc-benchmark-auth.f1Zhcb/auth.properties
2026-09-10 02:23:53,706 INFO o.a.j.JMeter: Loading additional properties from: /home/avituo/projects/tcc/tcc-container/benchmark/results/laravel-13.20.0/final/products/c50/r3/microservices/thread-counters.properties
2026-09-10 02:23:53,707 INFO o.a.j.JMeter: Setting JMeter property: threads=50
2026-09-10 02:23:53,707 INFO o.a.j.JMeter: Setting JMeter property: duration_seconds=120
2026-09-10 02:23:53,707 INFO o.a.j.JMeter: Setting JMeter property: target_host=localhost
2026-09-10 02:23:53,707 INFO o.a.j.JMeter: Setting JMeter property: target_port=18080
2026-09-10 02:23:53,707 INFO o.a.j.JMeter: Setting JMeter property: tcc.order.id=20000000-0000-4000-8000-000000000001
2026-09-10 02:23:53,707 INFO o.a.j.JMeter: Setting JMeter property: repetition=3
2026-09-10 02:23:53,714 INFO o.a.j.JMeter: Copyright (c) 1998-2024 The Apache Software Foundation
2026-09-10 02:23:53,714 INFO o.a.j.JMeter: Version 5.6.3
2026-09-10 02:23:53,714 INFO o.a.j.JMeter: java.version=21.0.11
2026-09-10 02:23:53,714 INFO o.a.j.JMeter: java.vm.name=OpenJDK 64-Bit Server VM
2026-09-10 02:23:53,715 INFO o.a.j.JMeter: os.name=Linux
2026-09-10 02:23:53,715 INFO o.a.j.JMeter: os.arch=amd64
2026-09-10 02:23:53,715 INFO o.a.j.JMeter: os.version=7.0.11-76070011-generic
2026-09-10 02:23:53,715 INFO o.a.j.JMeter: file.encoding=UTF-8
2026-09-10 02:23:53,715 INFO o.a.j.JMeter: java.awt.headless=true
2026-09-10 02:23:53,715 INFO o.a.j.JMeter: Max memory     =1073741824
2026-09-10 02:23:53,715 INFO o.a.j.JMeter: Available Processors =16
2026-09-10 02:23:53,725 INFO o.a.j.JMeter: Default Locale=English (EN)
2026-09-10 02:23:53,726 INFO o.a.j.JMeter: JMeter  Locale=English (EN)
2026-09-10 02:23:53,726 INFO o.a.j.JMeter: JMeterHome=/home/avituo/projects/tcc/tcc-container/.tools/apache-jmeter-5.6.3
2026-09-10 02:23:53,726 INFO o.a.j.JMeter: user.dir  =/home/avituo/projects/tcc/tcc-container
2026-09-10 02:23:53,726 INFO o.a.j.JMeter: PWD       =/home/avituo/projects/tcc/tcc-container
2026-09-10 02:23:53,741 INFO o.a.j.JMeter: IP: 192.168.1.16 Name: pop-os FullName: pop-os.home
2026-09-10 02:23:53,756 INFO o.a.j.s.FileServer: Default base='/home/avituo/projects/tcc/tcc-container'
2026-09-10 02:23:53,759 INFO o.a.j.s.FileServer: Set new base='/home/avituo/projects/tcc/tcc-container/benchmark/jmeter'
2026-09-10 02:23:53,941 INFO o.a.j.s.SaveService: Testplan (JMX) version: 2.2. Testlog (JTL) version: 2.2
2026-09-10 02:23:53,964 INFO o.a.j.s.SaveService: Using SaveService properties version 5.0
2026-09-10 02:23:53,967 INFO o.a.j.s.SaveService: Using SaveService properties file encoding UTF-8
2026-09-10 02:23:53,973 INFO o.a.j.s.SaveService: Loading file: /home/avituo/projects/tcc/tcc-container/benchmark/jmeter/tcc-products-v1.jmx
2026-09-10 02:23:54,022 INFO o.a.j.p.h.s.HTTPSamplerBase: Parser for text/html is org.apache.jmeter.protocol.http.parser.LagartoBasedHtmlParser
2026-09-10 02:23:54,022 INFO o.a.j.p.h.s.HTTPSamplerBase: Parser for application/xhtml+xml is org.apache.jmeter.protocol.http.parser.LagartoBasedHtmlParser
2026-09-10 02:23:54,022 INFO o.a.j.p.h.s.HTTPSamplerBase: Parser for application/xml is org.apache.jmeter.protocol.http.parser.LagartoBasedHtmlParser
2026-09-10 02:23:54,022 INFO o.a.j.p.h.s.HTTPSamplerBase: Parser for text/xml is org.apache.jmeter.protocol.http.parser.LagartoBasedHtmlParser
2026-09-10 02:23:54,022 INFO o.a.j.p.h.s.HTTPSamplerBase: Parser for text/vnd.wap.wml is org.apache.jmeter.protocol.http.parser.RegexpHTMLParser
2026-09-10 02:23:54,022 INFO o.a.j.p.h.s.HTTPSamplerBase: Parser for text/css is org.apache.jmeter.protocol.http.parser.CssParser
2026-09-10 02:23:54,058 INFO o.a.j.JMeter: Creating summariser <summary>
2026-09-10 02:23:54,081 INFO o.a.j.e.StandardJMeterEngine: Running the test!
2026-09-10 02:23:54,082 INFO o.a.j.s.SampleEvent: List of sample_variables: []
2026-09-10 02:23:54,082 INFO o.a.j.s.SampleEvent: List of sample_variables: []
2026-09-10 02:23:54,086 INFO o.a.j.e.u.CompoundVariable: Note: Function class names must contain the string: '.functions.'
2026-09-10 02:23:54,086 INFO o.a.j.e.u.CompoundVariable: Note: Function class names must not contain the string: '.gui.'
2026-09-10 02:23:54,337 INFO o.a.j.JMeter: Running test (1789017834337)
2026-09-10 02:23:54,359 INFO o.a.j.e.StandardJMeterEngine: Starting ThreadGroup: 1 : TCC products
2026-09-10 02:23:54,360 INFO o.a.j.e.StandardJMeterEngine: Starting 50 threads for group TCC products.
2026-09-10 02:23:54,360 INFO o.a.j.e.StandardJMeterEngine: Thread will continue on error
2026-09-10 02:23:54,360 INFO o.a.j.t.ThreadGroup: Starting thread group... number=1 threads=50 ramp-up=0 delayedStart=false
2026-09-10 02:23:54,366 INFO o.a.j.t.JMeterThread: Thread started: TCC products 1-1
2026-09-10 02:23:54,366 INFO o.a.j.t.JMeterThread: Thread started: TCC products 1-2
2026-09-10 02:23:54,366 INFO o.a.j.t.JMeterThread: Thread started: TCC products 1-4
2026-09-10 02:23:54,366 INFO o.a.j.t.JMeterThread: Thread started: TCC products 1-5
2026-09-10 02:23:54,366 INFO o.a.j.t.JMeterThread: Thread started: TCC products 1-3
2026-09-10 02:23:54,367 INFO o.a.j.t.JMeterThread: Thread started: TCC products 1-6
2026-09-10 02:23:54,368 INFO o.a.j.t.JMeterThread: Thread started: TCC products 1-7
2026-09-10 02:23:54,369 INFO o.a.j.t.JMeterThread: Thread started: TCC products 1-8
2026-09-10 02:23:54,369 INFO o.a.j.t.JMeterThread: Thread started: TCC products 1-9
2026-09-10 02:23:54,370 INFO o.a.j.t.JMeterThread: Thread started: TCC products 1-11
2026-09-10 02:23:54,370 INFO o.a.j.t.JMeterThread: Thread started: TCC products 1-10
2026-09-10 02:23:54,371 INFO o.a.j.t.JMeterThread: Thread started: TCC products 1-12
2026-09-10 02:23:54,372 INFO o.a.j.t.JMeterThread: Thread started: TCC products 1-13
2026-09-10 02:23:54,373 INFO o.a.j.t.JMeterThread: Thread started: TCC products 1-14
2026-09-10 02:23:54,374 INFO o.a.j.t.JMeterThread: Thread started: TCC products 1-15
2026-09-10 02:23:54,375 INFO o.a.j.t.JMeterThread: Thread started: TCC products 1-16
2026-09-10 02:23:54,376 INFO o.a.j.t.JMeterThread: Thread started: TCC products 1-17
2026-09-10 02:23:54,376 INFO o.a.j.t.JMeterThread: Thread started: TCC products 1-18
2026-09-10 02:23:54,377 INFO o.a.j.t.JMeterThread: Thread started: TCC products 1-19
2026-09-10 02:23:54,378 INFO o.a.j.t.JMeterThread: Thread started: TCC products 1-20
2026-09-10 02:23:54,379 INFO o.a.j.t.JMeterThread: Thread started: TCC products 1-21
2026-09-10 02:23:54,379 INFO o.a.j.t.JMeterThread: Thread started: TCC products 1-22
2026-09-10 02:23:54,380 INFO o.a.j.t.JMeterThread: Thread started: TCC products 1-23
2026-09-10 02:23:54,381 INFO o.a.j.t.JMeterThread: Thread started: TCC products 1-24
2026-09-10 02:23:54,381 INFO o.a.j.t.JMeterThread: Thread started: TCC products 1-25
2026-09-10 02:23:54,382 INFO o.a.j.t.JMeterThread: Thread started: TCC products 1-26
2026-09-10 02:23:54,382 INFO o.a.j.t.JMeterThread: Thread started: TCC products 1-27
2026-09-10 02:23:54,383 INFO o.a.j.t.JMeterThread: Thread started: TCC products 1-28
2026-09-10 02:23:54,383 INFO o.a.j.t.JMeterThread: Thread started: TCC products 1-29
2026-09-10 02:23:54,384 INFO o.a.j.t.JMeterThread: Thread started: TCC products 1-30
2026-09-10 02:23:54,385 INFO o.a.j.t.JMeterThread: Thread started: TCC products 1-31
2026-09-10 02:23:54,385 INFO o.a.j.t.JMeterThread: Thread started: TCC products 1-32
2026-09-10 02:23:54,386 INFO o.a.j.t.JMeterThread: Thread started: TCC products 1-33
2026-09-10 02:23:54,386 INFO o.a.j.t.JMeterThread: Thread started: TCC products 1-34
2026-09-10 02:23:54,387 INFO o.a.j.t.JMeterThread: Thread started: TCC products 1-35
2026-09-10 02:23:54,387 INFO o.a.j.t.JMeterThread: Thread started: TCC products 1-36
2026-09-10 02:23:54,388 INFO o.a.j.t.JMeterThread: Thread started: TCC products 1-37
2026-09-10 02:23:54,388 INFO o.a.j.t.JMeterThread: Thread started: TCC products 1-38
2026-09-10 02:23:54,389 INFO o.a.j.p.h.s.HTTPHCAbstractImpl: Local host = pop-os
2026-09-10 02:23:54,389 INFO o.a.j.t.JMeterThread: Thread started: TCC products 1-39
2026-09-10 02:23:54,389 INFO o.a.j.t.JMeterThread: Thread started: TCC products 1-40
2026-09-10 02:23:54,390 INFO o.a.j.t.JMeterThread: Thread started: TCC products 1-41
2026-09-10 02:23:54,391 INFO o.a.j.t.JMeterThread: Thread started: TCC products 1-42
2026-09-10 02:23:54,391 INFO o.a.j.t.JMeterThread: Thread started: TCC products 1-43
2026-09-10 02:23:54,392 INFO o.a.j.t.JMeterThread: Thread started: TCC products 1-44
2026-09-10 02:23:54,392 INFO o.a.j.t.JMeterThread: Thread started: TCC products 1-45
2026-09-10 02:23:54,393 INFO o.a.j.t.JMeterThread: Thread started: TCC products 1-46
2026-09-10 02:23:54,394 INFO o.a.j.t.JMeterThread: Thread started: TCC products 1-47
2026-09-10 02:23:54,394 INFO o.a.j.t.JMeterThread: Thread started: TCC products 1-48
2026-09-10 02:23:54,395 INFO o.a.j.t.JMeterThread: Thread started: TCC products 1-49
2026-09-10 02:23:54,395 INFO o.a.j.t.ThreadGroup: Started thread group number 1
2026-09-10 02:23:54,395 INFO o.a.j.e.StandardJMeterEngine: All thread groups have been started
2026-09-10 02:23:54,395 INFO o.a.j.t.JMeterThread: Thread started: TCC products 1-50
2026-09-10 02:23:54,397 INFO o.a.j.p.h.s.HTTPHC4Impl: HTTP request retry count = 0
2026-09-10 02:23:54,398 INFO o.a.j.s.SampleResult: Note: Sample TimeStamps are START times
2026-09-10 02:23:54,398 INFO o.a.j.s.SampleResult: sampleresult.default.encoding is set to UTF-8
2026-09-10 02:23:54,398 INFO o.a.j.s.SampleResult: sampleresult.useNanoTime=true
2026-09-10 02:23:54,399 INFO o.a.j.s.SampleResult: sampleresult.nanoThreadSleep=5000
2026-09-10 02:24:00,001 INFO o.a.j.r.Summariser: summary +    616 in 00:00:06 =  108.8/s Avg:   379 Min:    31 Max:   705 Err:     0 (0.00%) Active: 50 Started: 50 Finished: 0
2026-09-10 02:24:30,004 INFO o.a.j.r.Summariser: summary +   3879 in 00:00:30 =  129.3/s Avg:   386 Min:   365 Max:   439 Err:     0 (0.00%) Active: 50 Started: 50 Finished: 0
2026-09-10 02:24:30,004 INFO o.a.j.r.Summariser: summary =   4495 in 00:00:36 =  126.0/s Avg:   385 Min:    31 Max:   705 Err:     0 (0.00%)
2026-09-10 02:25:00,005 INFO o.a.j.r.Summariser: summary +   3915 in 00:00:30 =  130.5/s Avg:   382 Min:   365 Max:   447 Err:     0 (0.00%) Active: 50 Started: 50 Finished: 0
2026-09-10 02:25:00,006 INFO o.a.j.r.Summariser: summary =   8410 in 00:01:06 =  128.1/s Avg:   383 Min:    31 Max:   705 Err:     0 (0.00%)
2026-09-10 02:25:30,000 INFO o.a.j.r.Summariser: summary +   3924 in 00:00:30 =  130.8/s Avg:   381 Min:   363 Max:   428 Err:     0 (0.00%) Active: 50 Started: 50 Finished: 0
2026-09-10 02:25:30,000 INFO o.a.j.r.Summariser: summary =  12334 in 00:01:36 =  128.9/s Avg:   383 Min:    31 Max:   705 Err:     0 (0.00%)
2026-09-10 02:25:54,384 INFO o.a.j.t.JMeterThread: Stopping because end time detected by thread: TCC products 1-20
2026-09-10 02:25:54,384 INFO o.a.j.t.JMeterThread: Thread finished: TCC products 1-20
2026-09-10 02:25:54,391 INFO o.a.j.t.JMeterThread: Stopping because end time detected by thread: TCC products 1-44
2026-09-10 02:25:54,391 INFO o.a.j.t.JMeterThread: Thread finished: TCC products 1-44
2026-09-10 02:25:54,399 INFO o.a.j.t.JMeterThread: Stopping because end time detected by thread: TCC products 1-32
2026-09-10 02:25:54,399 INFO o.a.j.t.JMeterThread: Thread finished: TCC products 1-32
2026-09-10 02:25:54,406 INFO o.a.j.t.JMeterThread: Stopping because end time detected by thread: TCC products 1-7
2026-09-10 02:25:54,407 INFO o.a.j.t.JMeterThread: Thread finished: TCC products 1-7
2026-09-10 02:25:54,415 INFO o.a.j.t.JMeterThread: Stopping because end time detected by thread: TCC products 1-19
2026-09-10 02:25:54,415 INFO o.a.j.t.JMeterThread: Thread finished: TCC products 1-19
2026-09-10 02:25:54,424 INFO o.a.j.t.JMeterThread: Stopping because end time detected by thread: TCC products 1-26
2026-09-10 02:25:54,424 INFO o.a.j.t.JMeterThread: Thread finished: TCC products 1-26
2026-09-10 02:25:54,431 INFO o.a.j.t.JMeterThread: Stopping because end time detected by thread: TCC products 1-35
2026-09-10 02:25:54,432 INFO o.a.j.t.JMeterThread: Thread finished: TCC products 1-35
2026-09-10 02:25:54,439 INFO o.a.j.t.JMeterThread: Stopping because end time detected by thread: TCC products 1-4
2026-09-10 02:25:54,440 INFO o.a.j.t.JMeterThread: Thread finished: TCC products 1-4
2026-09-10 02:25:54,448 INFO o.a.j.t.JMeterThread: Stopping because end time detected by thread: TCC products 1-12
2026-09-10 02:25:54,448 INFO o.a.j.t.JMeterThread: Thread finished: TCC products 1-12
2026-09-10 02:25:54,456 INFO o.a.j.t.JMeterThread: Stopping because end time detected by thread: TCC products 1-25
2026-09-10 02:25:54,457 INFO o.a.j.t.JMeterThread: Thread finished: TCC products 1-25
2026-09-10 02:25:54,464 INFO o.a.j.t.JMeterThread: Stopping because end time detected by thread: TCC products 1-24
2026-09-10 02:25:54,465 INFO o.a.j.t.JMeterThread: Thread finished: TCC products 1-24
2026-09-10 02:25:54,472 INFO o.a.j.t.JMeterThread: Stopping because end time detected by thread: TCC products 1-46
2026-09-10 02:25:54,472 INFO o.a.j.t.JMeterThread: Thread finished: TCC products 1-46
2026-09-10 02:25:54,479 INFO o.a.j.t.JMeterThread: Stopping because end time detected by thread: TCC products 1-2
2026-09-10 02:25:54,480 INFO o.a.j.t.JMeterThread: Thread finished: TCC products 1-2
2026-09-10 02:25:54,487 INFO o.a.j.t.JMeterThread: Stopping because end time detected by thread: TCC products 1-13
2026-09-10 02:25:54,487 INFO o.a.j.t.JMeterThread: Thread finished: TCC products 1-13
2026-09-10 02:25:54,495 INFO o.a.j.t.JMeterThread: Stopping because end time detected by thread: TCC products 1-8
2026-09-10 02:25:54,495 INFO o.a.j.t.JMeterThread: Thread finished: TCC products 1-8
2026-09-10 02:25:54,503 INFO o.a.j.t.JMeterThread: Stopping because end time detected by thread: TCC products 1-21
2026-09-10 02:25:54,503 INFO o.a.j.t.JMeterThread: Thread finished: TCC products 1-21
2026-09-10 02:25:54,510 INFO o.a.j.t.JMeterThread: Stopping because end time detected by thread: TCC products 1-37
2026-09-10 02:25:54,510 INFO o.a.j.t.JMeterThread: Thread finished: TCC products 1-37
2026-09-10 02:25:54,518 INFO o.a.j.t.JMeterThread: Stopping because end time detected by thread: TCC products 1-39
2026-09-10 02:25:54,518 INFO o.a.j.t.JMeterThread: Thread finished: TCC products 1-39
2026-09-10 02:25:54,526 INFO o.a.j.t.JMeterThread: Stopping because end time detected by thread: TCC products 1-28
2026-09-10 02:25:54,526 INFO o.a.j.t.JMeterThread: Thread finished: TCC products 1-28
2026-09-10 02:25:54,534 INFO o.a.j.t.JMeterThread: Stopping because end time detected by thread: TCC products 1-15
2026-09-10 02:25:54,534 INFO o.a.j.t.JMeterThread: Thread finished: TCC products 1-15
2026-09-10 02:25:54,542 INFO o.a.j.t.JMeterThread: Stopping because end time detected by thread: TCC products 1-47
2026-09-10 02:25:54,542 INFO o.a.j.t.JMeterThread: Thread finished: TCC products 1-47
2026-09-10 02:25:54,551 INFO o.a.j.t.JMeterThread: Stopping because end time detected by thread: TCC products 1-17
2026-09-10 02:25:54,551 INFO o.a.j.t.JMeterThread: Thread finished: TCC products 1-17
2026-09-10 02:25:54,558 INFO o.a.j.t.JMeterThread: Stopping because end time detected by thread: TCC products 1-50
2026-09-10 02:25:54,559 INFO o.a.j.t.JMeterThread: Thread finished: TCC products 1-50
2026-09-10 02:25:54,566 INFO o.a.j.t.JMeterThread: Stopping because end time detected by thread: TCC products 1-18
2026-09-10 02:25:54,566 INFO o.a.j.t.JMeterThread: Thread finished: TCC products 1-18
2026-09-10 02:25:54,574 INFO o.a.j.t.JMeterThread: Stopping because end time detected by thread: TCC products 1-29
2026-09-10 02:25:54,574 INFO o.a.j.t.JMeterThread: Thread finished: TCC products 1-29
2026-09-10 02:25:54,582 INFO o.a.j.t.JMeterThread: Stopping because end time detected by thread: TCC products 1-30
2026-09-10 02:25:54,582 INFO o.a.j.t.JMeterThread: Thread finished: TCC products 1-30
2026-09-10 02:25:54,589 INFO o.a.j.t.JMeterThread: Stopping because end time detected by thread: TCC products 1-41
2026-09-10 02:25:54,589 INFO o.a.j.t.JMeterThread: Thread finished: TCC products 1-41
2026-09-10 02:25:54,596 INFO o.a.j.t.JMeterThread: Stopping because end time detected by thread: TCC products 1-31
2026-09-10 02:25:54,597 INFO o.a.j.t.JMeterThread: Thread finished: TCC products 1-31
2026-09-10 02:25:54,604 INFO o.a.j.t.JMeterThread: Stopping because end time detected by thread: TCC products 1-38
2026-09-10 02:25:54,604 INFO o.a.j.t.JMeterThread: Thread finished: TCC products 1-38
2026-09-10 02:25:54,612 INFO o.a.j.t.JMeterThread: Stopping because end time detected by thread: TCC products 1-9
2026-09-10 02:25:54,612 INFO o.a.j.t.JMeterThread: Thread finished: TCC products 1-9
2026-09-10 02:25:54,619 INFO o.a.j.t.JMeterThread: Stopping because end time detected by thread: TCC products 1-43
2026-09-10 02:25:54,620 INFO o.a.j.t.JMeterThread: Thread finished: TCC products 1-43
2026-09-10 02:25:54,627 INFO o.a.j.t.JMeterThread: Stopping because end time detected by thread: TCC products 1-3
2026-09-10 02:25:54,627 INFO o.a.j.t.JMeterThread: Thread finished: TCC products 1-3
2026-09-10 02:25:54,636 INFO o.a.j.t.JMeterThread: Stopping because end time detected by thread: TCC products 1-42
2026-09-10 02:25:54,636 INFO o.a.j.t.JMeterThread: Thread finished: TCC products 1-42
2026-09-10 02:25:54,643 INFO o.a.j.t.JMeterThread: Stopping because end time detected by thread: TCC products 1-40
2026-09-10 02:25:54,644 INFO o.a.j.t.JMeterThread: Thread finished: TCC products 1-40
2026-09-10 02:25:54,651 INFO o.a.j.t.JMeterThread: Stopping because end time detected by thread: TCC products 1-10
2026-09-10 02:25:54,651 INFO o.a.j.t.JMeterThread: Thread finished: TCC products 1-10
2026-09-10 02:25:54,659 INFO o.a.j.t.JMeterThread: Stopping because end time detected by thread: TCC products 1-14
2026-09-10 02:25:54,659 INFO o.a.j.t.JMeterThread: Thread finished: TCC products 1-14
2026-09-10 02:25:54,666 INFO o.a.j.t.JMeterThread: Stopping because end time detected by thread: TCC products 1-11
2026-09-10 02:25:54,666 INFO o.a.j.t.JMeterThread: Thread finished: TCC products 1-11
2026-09-10 02:25:54,674 INFO o.a.j.t.JMeterThread: Stopping because end time detected by thread: TCC products 1-23
2026-09-10 02:25:54,674 INFO o.a.j.t.JMeterThread: Thread finished: TCC products 1-23
2026-09-10 02:25:54,681 INFO o.a.j.t.JMeterThread: Stopping because end time detected by thread: TCC products 1-27
2026-09-10 02:25:54,682 INFO o.a.j.t.JMeterThread: Thread finished: TCC products 1-27
2026-09-10 02:25:54,689 INFO o.a.j.t.JMeterThread: Stopping because end time detected by thread: TCC products 1-5
2026-09-10 02:25:54,689 INFO o.a.j.t.JMeterThread: Thread finished: TCC products 1-5
2026-09-10 02:25:54,696 INFO o.a.j.t.JMeterThread: Stopping because end time detected by thread: TCC products 1-6
2026-09-10 02:25:54,697 INFO o.a.j.t.JMeterThread: Thread finished: TCC products 1-6
2026-09-10 02:25:54,705 INFO o.a.j.t.JMeterThread: Stopping because end time detected by thread: TCC products 1-48
2026-09-10 02:25:54,705 INFO o.a.j.t.JMeterThread: Thread finished: TCC products 1-48
2026-09-10 02:25:54,712 INFO o.a.j.t.JMeterThread: Stopping because end time detected by thread: TCC products 1-22
2026-09-10 02:25:54,712 INFO o.a.j.t.JMeterThread: Thread finished: TCC products 1-22
2026-09-10 02:25:54,720 INFO o.a.j.t.JMeterThread: Stopping because end time detected by thread: TCC products 1-16
2026-09-10 02:25:54,720 INFO o.a.j.t.JMeterThread: Thread finished: TCC products 1-16
2026-09-10 02:25:54,727 INFO o.a.j.t.JMeterThread: Stopping because end time detected by thread: TCC products 1-34
2026-09-10 02:25:54,727 INFO o.a.j.t.JMeterThread: Thread finished: TCC products 1-34
2026-09-10 02:25:54,736 INFO o.a.j.t.JMeterThread: Stopping because end time detected by thread: TCC products 1-1
2026-09-10 02:25:54,736 INFO o.a.j.t.JMeterThread: Thread finished: TCC products 1-1
2026-09-10 02:25:54,745 INFO o.a.j.t.JMeterThread: Stopping because end time detected by thread: TCC products 1-36
2026-09-10 02:25:54,745 INFO o.a.j.t.JMeterThread: Thread finished: TCC products 1-36
2026-09-10 02:25:54,753 INFO o.a.j.t.JMeterThread: Stopping because end time detected by thread: TCC products 1-33
2026-09-10 02:25:54,753 INFO o.a.j.t.JMeterThread: Thread finished: TCC products 1-33
2026-09-10 02:25:54,759 INFO o.a.j.t.JMeterThread: Stopping because end time detected by thread: TCC products 1-45
2026-09-10 02:25:54,760 INFO o.a.j.t.JMeterThread: Thread finished: TCC products 1-45
2026-09-10 02:25:54,767 INFO o.a.j.t.JMeterThread: Stopping because end time detected by thread: TCC products 1-49
2026-09-10 02:25:54,767 INFO o.a.j.t.JMeterThread: Thread finished: TCC products 1-49
2026-09-10 02:25:54,767 INFO o.a.j.e.StandardJMeterEngine: Notifying test listeners of end of test
2026-09-10 02:25:54,770 INFO o.a.j.r.Summariser: summary +   3214 in 00:00:25 =  129.8/s Avg:   384 Min:   365 Max:   489 Err:     0 (0.00%) Active: 0 Started: 50 Finished: 50
2026-09-10 02:25:54,770 INFO o.a.j.r.Summariser: summary =  15548 in 00:02:00 =  129.1/s Avg:   383 Min:    31 Max:   705 Err:     0 (0.00%)
