2026-09-10 02:23:18,309 INFO o.a.j.u.JMeterUtils: Setting Locale to en_EN
2026-09-10 02:23:18,326 INFO o.a.j.JMeter: Loading user properties from: /home/avituo/projects/tcc/tcc-container/.tools/apache-jmeter-5.6.3/bin/user.properties
2026-09-10 02:23:18,327 INFO o.a.j.JMeter: Loading system properties from: /home/avituo/projects/tcc/tcc-container/.tools/apache-jmeter-5.6.3/bin/system.properties
2026-09-10 02:23:18,327 INFO o.a.j.JMeter: Loading additional properties from: /home/avituo/projects/tcc/tcc-container/benchmark/jmeter/benchmark.properties
2026-09-10 02:23:18,327 INFO o.a.j.JMeter: Loading additional properties from: /tmp/tcc-benchmark-auth.f1Zhcb/auth.properties
2026-09-10 02:23:18,327 INFO o.a.j.JMeter: Setting JMeter property: threads=50
2026-09-10 02:23:18,328 INFO o.a.j.JMeter: Setting JMeter property: duration_seconds=30
2026-09-10 02:23:18,328 INFO o.a.j.JMeter: Setting JMeter property: target_host=localhost
2026-09-10 02:23:18,328 INFO o.a.j.JMeter: Setting JMeter property: target_port=18080
2026-09-10 02:23:18,328 INFO o.a.j.JMeter: Setting JMeter property: tcc.order.id=20000000-0000-4000-8000-000000000001
2026-09-10 02:23:18,328 INFO o.a.j.JMeter: Setting JMeter property: repetition=3
2026-09-10 02:23:18,335 INFO o.a.j.JMeter: Copyright (c) 1998-2024 The Apache Software Foundation
2026-09-10 02:23:18,335 INFO o.a.j.JMeter: Version 5.6.3
2026-09-10 02:23:18,335 INFO o.a.j.JMeter: java.version=21.0.11
2026-09-10 02:23:18,336 INFO o.a.j.JMeter: java.vm.name=OpenJDK 64-Bit Server VM
2026-09-10 02:23:18,336 INFO o.a.j.JMeter: os.name=Linux
2026-09-10 02:23:18,336 INFO o.a.j.JMeter: os.arch=amd64
2026-09-10 02:23:18,336 INFO o.a.j.JMeter: os.version=7.0.11-76070011-generic
2026-09-10 02:23:18,336 INFO o.a.j.JMeter: file.encoding=UTF-8
2026-09-10 02:23:18,336 INFO o.a.j.JMeter: java.awt.headless=true
2026-09-10 02:23:18,336 INFO o.a.j.JMeter: Max memory     =1073741824
2026-09-10 02:23:18,336 INFO o.a.j.JMeter: Available Processors =16
2026-09-10 02:23:18,345 INFO o.a.j.JMeter: Default Locale=English (EN)
2026-09-10 02:23:18,345 INFO o.a.j.JMeter: JMeter  Locale=English (EN)
2026-09-10 02:23:18,345 INFO o.a.j.JMeter: JMeterHome=/home/avituo/projects/tcc/tcc-container/.tools/apache-jmeter-5.6.3
2026-09-10 02:23:18,345 INFO o.a.j.JMeter: user.dir  =/home/avituo/projects/tcc/tcc-container
2026-09-10 02:23:18,346 INFO o.a.j.JMeter: PWD       =/home/avituo/projects/tcc/tcc-container
2026-09-10 02:23:18,364 INFO o.a.j.JMeter: IP: 192.168.1.16 Name: pop-os FullName: pop-os.home
2026-09-10 02:23:18,376 INFO o.a.j.s.FileServer: Default base='/home/avituo/projects/tcc/tcc-container'
2026-09-10 02:23:18,378 INFO o.a.j.s.FileServer: Set new base='/home/avituo/projects/tcc/tcc-container/benchmark/jmeter'
2026-09-10 02:23:18,543 INFO o.a.j.s.SaveService: Testplan (JMX) version: 2.2. Testlog (JTL) version: 2.2
2026-09-10 02:23:18,569 INFO o.a.j.s.SaveService: Using SaveService properties version 5.0
2026-09-10 02:23:18,572 INFO o.a.j.s.SaveService: Using SaveService properties file encoding UTF-8
2026-09-10 02:23:18,576 INFO o.a.j.s.SaveService: Loading file: /home/avituo/projects/tcc/tcc-container/benchmark/jmeter/tcc-products-v1.jmx
2026-09-10 02:23:18,627 INFO o.a.j.p.h.s.HTTPSamplerBase: Parser for text/html is org.apache.jmeter.protocol.http.parser.LagartoBasedHtmlParser
2026-09-10 02:23:18,627 INFO o.a.j.p.h.s.HTTPSamplerBase: Parser for application/xhtml+xml is org.apache.jmeter.protocol.http.parser.LagartoBasedHtmlParser
2026-09-10 02:23:18,627 INFO o.a.j.p.h.s.HTTPSamplerBase: Parser for application/xml is org.apache.jmeter.protocol.http.parser.LagartoBasedHtmlParser
2026-09-10 02:23:18,627 INFO o.a.j.p.h.s.HTTPSamplerBase: Parser for text/xml is org.apache.jmeter.protocol.http.parser.LagartoBasedHtmlParser
2026-09-10 02:23:18,627 INFO o.a.j.p.h.s.HTTPSamplerBase: Parser for text/vnd.wap.wml is org.apache.jmeter.protocol.http.parser.RegexpHTMLParser
2026-09-10 02:23:18,627 INFO o.a.j.p.h.s.HTTPSamplerBase: Parser for text/css is org.apache.jmeter.protocol.http.parser.CssParser
2026-09-10 02:23:18,657 INFO o.a.j.JMeter: Creating summariser <summary>
2026-09-10 02:23:18,677 INFO o.a.j.e.StandardJMeterEngine: Running the test!
2026-09-10 02:23:18,678 INFO o.a.j.s.SampleEvent: List of sample_variables: []
2026-09-10 02:23:18,678 INFO o.a.j.s.SampleEvent: List of sample_variables: []
2026-09-10 02:23:18,685 INFO o.a.j.e.u.CompoundVariable: Note: Function class names must contain the string: '.functions.'
2026-09-10 02:23:18,685 INFO o.a.j.e.u.CompoundVariable: Note: Function class names must not contain the string: '.gui.'
2026-09-10 02:23:18,945 INFO o.a.j.JMeter: Running test (1789017798945)
2026-09-10 02:23:18,968 INFO o.a.j.e.StandardJMeterEngine: Starting ThreadGroup: 1 : TCC products
2026-09-10 02:23:18,968 INFO o.a.j.e.StandardJMeterEngine: Starting 50 threads for group TCC products.
2026-09-10 02:23:18,968 INFO o.a.j.e.StandardJMeterEngine: Thread will continue on error
2026-09-10 02:23:18,969 INFO o.a.j.t.ThreadGroup: Starting thread group... number=1 threads=50 ramp-up=0 delayedStart=false
2026-09-10 02:23:18,975 INFO o.a.j.t.JMeterThread: Thread started: TCC products 1-5
2026-09-10 02:23:18,975 INFO o.a.j.t.JMeterThread: Thread started: TCC products 1-4
2026-09-10 02:23:18,975 INFO o.a.j.t.JMeterThread: Thread started: TCC products 1-1
2026-09-10 02:23:18,975 INFO o.a.j.t.JMeterThread: Thread started: TCC products 1-3
2026-09-10 02:23:18,975 INFO o.a.j.t.JMeterThread: Thread started: TCC products 1-2
2026-09-10 02:23:18,976 INFO o.a.j.t.JMeterThread: Thread started: TCC products 1-6
2026-09-10 02:23:18,977 INFO o.a.j.t.JMeterThread: Thread started: TCC products 1-7
2026-09-10 02:23:18,978 INFO o.a.j.t.JMeterThread: Thread started: TCC products 1-8
2026-09-10 02:23:18,978 INFO o.a.j.t.JMeterThread: Thread started: TCC products 1-9
2026-09-10 02:23:18,979 INFO o.a.j.t.JMeterThread: Thread started: TCC products 1-10
2026-09-10 02:23:18,980 INFO o.a.j.t.JMeterThread: Thread started: TCC products 1-11
2026-09-10 02:23:18,980 INFO o.a.j.t.JMeterThread: Thread started: TCC products 1-12
2026-09-10 02:23:18,981 INFO o.a.j.t.JMeterThread: Thread started: TCC products 1-13
2026-09-10 02:23:18,982 INFO o.a.j.t.JMeterThread: Thread started: TCC products 1-14
2026-09-10 02:23:18,983 INFO o.a.j.t.JMeterThread: Thread started: TCC products 1-15
2026-09-10 02:23:18,986 INFO o.a.j.t.JMeterThread: Thread started: TCC products 1-16
2026-09-10 02:23:18,986 INFO o.a.j.t.JMeterThread: Thread started: TCC products 1-17
2026-09-10 02:23:18,987 INFO o.a.j.t.JMeterThread: Thread started: TCC products 1-18
2026-09-10 02:23:18,988 INFO o.a.j.t.JMeterThread: Thread started: TCC products 1-19
2026-09-10 02:23:18,989 INFO o.a.j.t.JMeterThread: Thread started: TCC products 1-20
2026-09-10 02:23:18,989 INFO o.a.j.t.JMeterThread: Thread started: TCC products 1-21
2026-09-10 02:23:18,990 INFO o.a.j.t.JMeterThread: Thread started: TCC products 1-22
2026-09-10 02:23:18,991 INFO o.a.j.t.JMeterThread: Thread started: TCC products 1-23
2026-09-10 02:23:18,991 INFO o.a.j.t.JMeterThread: Thread started: TCC products 1-24
2026-09-10 02:23:18,992 INFO o.a.j.t.JMeterThread: Thread started: TCC products 1-25
2026-09-10 02:23:18,992 INFO o.a.j.t.JMeterThread: Thread started: TCC products 1-26
2026-09-10 02:23:18,993 INFO o.a.j.t.JMeterThread: Thread started: TCC products 1-27
2026-09-10 02:23:18,994 INFO o.a.j.t.JMeterThread: Thread started: TCC products 1-28
2026-09-10 02:23:18,994 INFO o.a.j.t.JMeterThread: Thread started: TCC products 1-29
2026-09-10 02:23:18,995 INFO o.a.j.t.JMeterThread: Thread started: TCC products 1-30
2026-09-10 02:23:18,996 INFO o.a.j.t.JMeterThread: Thread started: TCC products 1-31
2026-09-10 02:23:18,996 INFO o.a.j.t.JMeterThread: Thread started: TCC products 1-32
2026-09-10 02:23:18,997 INFO o.a.j.t.JMeterThread: Thread started: TCC products 1-33
2026-09-10 02:23:18,998 INFO o.a.j.t.JMeterThread: Thread started: TCC products 1-34
2026-09-10 02:23:18,998 INFO o.a.j.t.JMeterThread: Thread started: TCC products 1-35
2026-09-10 02:23:18,999 INFO o.a.j.t.JMeterThread: Thread started: TCC products 1-36
2026-09-10 02:23:18,999 INFO o.a.j.t.JMeterThread: Thread started: TCC products 1-37
2026-09-10 02:23:19,000 INFO o.a.j.t.JMeterThread: Thread started: TCC products 1-38
2026-09-10 02:23:19,000 INFO o.a.j.p.h.s.HTTPHCAbstractImpl: Local host = pop-os
2026-09-10 02:23:19,000 INFO o.a.j.t.JMeterThread: Thread started: TCC products 1-39
2026-09-10 02:23:19,001 INFO o.a.j.t.JMeterThread: Thread started: TCC products 1-40
2026-09-10 02:23:19,001 INFO o.a.j.t.JMeterThread: Thread started: TCC products 1-41
2026-09-10 02:23:19,002 INFO o.a.j.t.JMeterThread: Thread started: TCC products 1-42
2026-09-10 02:23:19,003 INFO o.a.j.t.JMeterThread: Thread started: TCC products 1-43
2026-09-10 02:23:19,003 INFO o.a.j.t.JMeterThread: Thread started: TCC products 1-44
2026-09-10 02:23:19,004 INFO o.a.j.t.JMeterThread: Thread started: TCC products 1-45
2026-09-10 02:23:19,004 INFO o.a.j.t.JMeterThread: Thread started: TCC products 1-46
2026-09-10 02:23:19,005 INFO o.a.j.t.JMeterThread: Thread started: TCC products 1-47
2026-09-10 02:23:19,005 INFO o.a.j.t.JMeterThread: Thread started: TCC products 1-48
2026-09-10 02:23:19,006 INFO o.a.j.t.JMeterThread: Thread started: TCC products 1-49
2026-09-10 02:23:19,006 INFO o.a.j.t.ThreadGroup: Started thread group number 1
2026-09-10 02:23:19,007 INFO o.a.j.e.StandardJMeterEngine: All thread groups have been started
2026-09-10 02:23:19,007 INFO o.a.j.t.JMeterThread: Thread started: TCC products 1-50
2026-09-10 02:23:19,009 INFO o.a.j.p.h.s.HTTPHC4Impl: HTTP request retry count = 0
2026-09-10 02:23:19,010 INFO o.a.j.s.SampleResult: Note: Sample TimeStamps are START times
2026-09-10 02:23:19,010 INFO o.a.j.s.SampleResult: sampleresult.default.encoding is set to UTF-8
2026-09-10 02:23:19,010 INFO o.a.j.s.SampleResult: sampleresult.useNanoTime=true
2026-09-10 02:23:19,010 INFO o.a.j.s.SampleResult: sampleresult.nanoThreadSleep=5000
2026-09-10 02:23:30,005 INFO o.a.j.r.Summariser: summary +   1177 in 00:00:11 =  106.4/s Avg:   424 Min:    52 Max:   777 Err:     0 (0.00%) Active: 50 Started: 50 Finished: 0
2026-09-10 02:23:49,003 INFO o.a.j.t.JMeterThread: Stopping because end time detected by thread: TCC products 1-3
2026-09-10 02:23:49,004 INFO o.a.j.t.JMeterThread: Thread finished: TCC products 1-3
2026-09-10 02:23:49,012 INFO o.a.j.t.JMeterThread: Stopping because end time detected by thread: TCC products 1-41
2026-09-10 02:23:49,012 INFO o.a.j.t.JMeterThread: Thread finished: TCC products 1-41
2026-09-10 02:23:49,019 INFO o.a.j.t.JMeterThread: Stopping because end time detected by thread: TCC products 1-10
2026-09-10 02:23:49,019 INFO o.a.j.t.JMeterThread: Thread finished: TCC products 1-10
2026-09-10 02:23:49,026 INFO o.a.j.t.JMeterThread: Stopping because end time detected by thread: TCC products 1-40
2026-09-10 02:23:49,026 INFO o.a.j.t.JMeterThread: Thread finished: TCC products 1-40
2026-09-10 02:23:49,033 INFO o.a.j.t.JMeterThread: Stopping because end time detected by thread: TCC products 1-38
2026-09-10 02:23:49,033 INFO o.a.j.t.JMeterThread: Thread finished: TCC products 1-38
2026-09-10 02:23:49,040 INFO o.a.j.t.JMeterThread: Stopping because end time detected by thread: TCC products 1-33
2026-09-10 02:23:49,040 INFO o.a.j.t.JMeterThread: Thread finished: TCC products 1-33
2026-09-10 02:23:49,048 INFO o.a.j.t.JMeterThread: Stopping because end time detected by thread: TCC products 1-13
2026-09-10 02:23:49,048 INFO o.a.j.t.JMeterThread: Thread finished: TCC products 1-13
2026-09-10 02:23:49,057 INFO o.a.j.t.JMeterThread: Stopping because end time detected by thread: TCC products 1-2
2026-09-10 02:23:49,057 INFO o.a.j.t.JMeterThread: Thread finished: TCC products 1-2
2026-09-10 02:23:49,065 INFO o.a.j.t.JMeterThread: Stopping because end time detected by thread: TCC products 1-28
2026-09-10 02:23:49,065 INFO o.a.j.t.JMeterThread: Thread finished: TCC products 1-28
2026-09-10 02:23:49,073 INFO o.a.j.t.JMeterThread: Stopping because end time detected by thread: TCC products 1-15
2026-09-10 02:23:49,073 INFO o.a.j.t.JMeterThread: Thread finished: TCC products 1-15
2026-09-10 02:23:49,080 INFO o.a.j.t.JMeterThread: Stopping because end time detected by thread: TCC products 1-7
2026-09-10 02:23:49,080 INFO o.a.j.t.JMeterThread: Thread finished: TCC products 1-7
2026-09-10 02:23:49,087 INFO o.a.j.t.JMeterThread: Stopping because end time detected by thread: TCC products 1-21
2026-09-10 02:23:49,087 INFO o.a.j.t.JMeterThread: Thread finished: TCC products 1-21
2026-09-10 02:23:49,095 INFO o.a.j.t.JMeterThread: Stopping because end time detected by thread: TCC products 1-9
2026-09-10 02:23:49,095 INFO o.a.j.t.JMeterThread: Thread finished: TCC products 1-9
2026-09-10 02:23:49,102 INFO o.a.j.t.JMeterThread: Stopping because end time detected by thread: TCC products 1-32
2026-09-10 02:23:49,103 INFO o.a.j.t.JMeterThread: Thread finished: TCC products 1-32
2026-09-10 02:23:49,110 INFO o.a.j.t.JMeterThread: Stopping because end time detected by thread: TCC products 1-48
2026-09-10 02:23:49,110 INFO o.a.j.t.JMeterThread: Thread finished: TCC products 1-48
2026-09-10 02:23:49,118 INFO o.a.j.t.JMeterThread: Stopping because end time detected by thread: TCC products 1-20
2026-09-10 02:23:49,118 INFO o.a.j.t.JMeterThread: Thread finished: TCC products 1-20
2026-09-10 02:23:49,125 INFO o.a.j.t.JMeterThread: Stopping because end time detected by thread: TCC products 1-39
2026-09-10 02:23:49,126 INFO o.a.j.t.JMeterThread: Thread finished: TCC products 1-39
2026-09-10 02:23:49,133 INFO o.a.j.t.JMeterThread: Stopping because end time detected by thread: TCC products 1-30
2026-09-10 02:23:49,134 INFO o.a.j.t.JMeterThread: Thread finished: TCC products 1-30
2026-09-10 02:23:49,141 INFO o.a.j.t.JMeterThread: Stopping because end time detected by thread: TCC products 1-8
2026-09-10 02:23:49,141 INFO o.a.j.t.JMeterThread: Thread finished: TCC products 1-8
2026-09-10 02:23:49,149 INFO o.a.j.t.JMeterThread: Stopping because end time detected by thread: TCC products 1-4
2026-09-10 02:23:49,149 INFO o.a.j.t.JMeterThread: Thread finished: TCC products 1-4
2026-09-10 02:23:49,157 INFO o.a.j.t.JMeterThread: Stopping because end time detected by thread: TCC products 1-22
2026-09-10 02:23:49,157 INFO o.a.j.t.JMeterThread: Thread finished: TCC products 1-22
2026-09-10 02:23:49,165 INFO o.a.j.t.JMeterThread: Stopping because end time detected by thread: TCC products 1-31
2026-09-10 02:23:49,165 INFO o.a.j.t.JMeterThread: Thread finished: TCC products 1-31
2026-09-10 02:23:49,172 INFO o.a.j.t.JMeterThread: Stopping because end time detected by thread: TCC products 1-6
2026-09-10 02:23:49,172 INFO o.a.j.t.JMeterThread: Thread finished: TCC products 1-6
2026-09-10 02:23:49,181 INFO o.a.j.t.JMeterThread: Stopping because end time detected by thread: TCC products 1-49
2026-09-10 02:23:49,181 INFO o.a.j.t.JMeterThread: Thread finished: TCC products 1-49
2026-09-10 02:23:49,189 INFO o.a.j.t.JMeterThread: Stopping because end time detected by thread: TCC products 1-23
2026-09-10 02:23:49,189 INFO o.a.j.t.JMeterThread: Thread finished: TCC products 1-23
2026-09-10 02:23:49,198 INFO o.a.j.t.JMeterThread: Stopping because end time detected by thread: TCC products 1-42
2026-09-10 02:23:49,198 INFO o.a.j.t.JMeterThread: Thread finished: TCC products 1-42
2026-09-10 02:23:49,205 INFO o.a.j.t.JMeterThread: Stopping because end time detected by thread: TCC products 1-37
2026-09-10 02:23:49,206 INFO o.a.j.t.JMeterThread: Thread finished: TCC products 1-37
2026-09-10 02:23:49,214 INFO o.a.j.t.JMeterThread: Stopping because end time detected by thread: TCC products 1-5
2026-09-10 02:23:49,214 INFO o.a.j.t.JMeterThread: Thread finished: TCC products 1-5
2026-09-10 02:23:49,222 INFO o.a.j.t.JMeterThread: Stopping because end time detected by thread: TCC products 1-43
2026-09-10 02:23:49,222 INFO o.a.j.t.JMeterThread: Thread finished: TCC products 1-43
2026-09-10 02:23:49,230 INFO o.a.j.t.JMeterThread: Stopping because end time detected by thread: TCC products 1-11
2026-09-10 02:23:49,230 INFO o.a.j.t.JMeterThread: Thread finished: TCC products 1-11
2026-09-10 02:23:49,238 INFO o.a.j.t.JMeterThread: Stopping because end time detected by thread: TCC products 1-18
2026-09-10 02:23:49,238 INFO o.a.j.t.JMeterThread: Thread finished: TCC products 1-18
2026-09-10 02:23:49,246 INFO o.a.j.t.JMeterThread: Stopping because end time detected by thread: TCC products 1-1
2026-09-10 02:23:49,246 INFO o.a.j.t.JMeterThread: Thread finished: TCC products 1-1
2026-09-10 02:23:49,254 INFO o.a.j.t.JMeterThread: Stopping because end time detected by thread: TCC products 1-14
2026-09-10 02:23:49,254 INFO o.a.j.t.JMeterThread: Thread finished: TCC products 1-14
2026-09-10 02:23:49,262 INFO o.a.j.t.JMeterThread: Stopping because end time detected by thread: TCC products 1-46
2026-09-10 02:23:49,262 INFO o.a.j.t.JMeterThread: Thread finished: TCC products 1-46
2026-09-10 02:23:49,271 INFO o.a.j.t.JMeterThread: Stopping because end time detected by thread: TCC products 1-50
2026-09-10 02:23:49,271 INFO o.a.j.t.JMeterThread: Thread finished: TCC products 1-50
2026-09-10 02:23:49,279 INFO o.a.j.t.JMeterThread: Stopping because end time detected by thread: TCC products 1-24
2026-09-10 02:23:49,279 INFO o.a.j.t.JMeterThread: Thread finished: TCC products 1-24
2026-09-10 02:23:49,287 INFO o.a.j.t.JMeterThread: Stopping because end time detected by thread: TCC products 1-36
2026-09-10 02:23:49,287 INFO o.a.j.t.JMeterThread: Thread finished: TCC products 1-36
2026-09-10 02:23:49,295 INFO o.a.j.t.JMeterThread: Stopping because end time detected by thread: TCC products 1-16
2026-09-10 02:23:49,295 INFO o.a.j.t.JMeterThread: Thread finished: TCC products 1-16
2026-09-10 02:23:49,302 INFO o.a.j.t.JMeterThread: Stopping because end time detected by thread: TCC products 1-17
2026-09-10 02:23:49,302 INFO o.a.j.t.JMeterThread: Thread finished: TCC products 1-17
2026-09-10 02:23:49,309 INFO o.a.j.t.JMeterThread: Stopping because end time detected by thread: TCC products 1-34
2026-09-10 02:23:49,310 INFO o.a.j.t.JMeterThread: Thread finished: TCC products 1-34
2026-09-10 02:23:49,318 INFO o.a.j.t.JMeterThread: Stopping because end time detected by thread: TCC products 1-29
2026-09-10 02:23:49,318 INFO o.a.j.t.JMeterThread: Thread finished: TCC products 1-29
2026-09-10 02:23:49,325 INFO o.a.j.t.JMeterThread: Stopping because end time detected by thread: TCC products 1-12
2026-09-10 02:23:49,325 INFO o.a.j.t.JMeterThread: Thread finished: TCC products 1-12
2026-09-10 02:23:49,333 INFO o.a.j.t.JMeterThread: Stopping because end time detected by thread: TCC products 1-26
2026-09-10 02:23:49,333 INFO o.a.j.t.JMeterThread: Thread finished: TCC products 1-26
2026-09-10 02:23:49,340 INFO o.a.j.t.JMeterThread: Stopping because end time detected by thread: TCC products 1-19
2026-09-10 02:23:49,340 INFO o.a.j.t.JMeterThread: Thread finished: TCC products 1-19
2026-09-10 02:23:49,348 INFO o.a.j.t.JMeterThread: Stopping because end time detected by thread: TCC products 1-27
2026-09-10 02:23:49,348 INFO o.a.j.t.JMeterThread: Thread finished: TCC products 1-27
2026-09-10 02:23:49,356 INFO o.a.j.t.JMeterThread: Stopping because end time detected by thread: TCC products 1-25
2026-09-10 02:23:49,356 INFO o.a.j.t.JMeterThread: Thread finished: TCC products 1-25
2026-09-10 02:23:49,363 INFO o.a.j.t.JMeterThread: Stopping because end time detected by thread: TCC products 1-44
2026-09-10 02:23:49,363 INFO o.a.j.t.JMeterThread: Thread finished: TCC products 1-44
2026-09-10 02:23:49,371 INFO o.a.j.t.JMeterThread: Stopping because end time detected by thread: TCC products 1-35
2026-09-10 02:23:49,371 INFO o.a.j.t.JMeterThread: Thread finished: TCC products 1-35
2026-09-10 02:23:49,378 INFO o.a.j.t.JMeterThread: Stopping because end time detected by thread: TCC products 1-47
2026-09-10 02:23:49,378 INFO o.a.j.t.JMeterThread: Thread finished: TCC products 1-47
2026-09-10 02:23:49,386 INFO o.a.j.t.JMeterThread: Stopping because end time detected by thread: TCC products 1-45
2026-09-10 02:23:49,386 INFO o.a.j.t.JMeterThread: Thread finished: TCC products 1-45
2026-09-10 02:23:49,387 INFO o.a.j.e.StandardJMeterEngine: Notifying test listeners of end of test
2026-09-10 02:23:49,390 INFO o.a.j.r.Summariser: summary +   2460 in 00:00:19 =  126.9/s Avg:   393 Min:   372 Max:   483 Err:     0 (0.00%) Active: 0 Started: 50 Finished: 50
2026-09-10 02:23:49,390 INFO o.a.j.r.Summariser: summary =   3637 in 00:00:30 =  119.5/s Avg:   403 Min:    52 Max:   777 Err:     0 (0.00%)
