2026-09-10 05:37:20,923 INFO o.a.j.u.JMeterUtils: Setting Locale to en_EN
2026-09-10 05:37:20,941 INFO o.a.j.JMeter: Loading user properties from: /home/avituo/projects/tcc/tcc-container/.tools/apache-jmeter-5.6.3/bin/user.properties
2026-09-10 05:37:20,941 INFO o.a.j.JMeter: Loading system properties from: /home/avituo/projects/tcc/tcc-container/.tools/apache-jmeter-5.6.3/bin/system.properties
2026-09-10 05:37:20,942 INFO o.a.j.JMeter: Loading additional properties from: /home/avituo/projects/tcc/tcc-container/benchmark/jmeter/benchmark.properties
2026-09-10 05:37:20,942 INFO o.a.j.JMeter: Loading additional properties from: /tmp/tcc-benchmark-auth.ru6Vzw/auth.properties
2026-09-10 05:37:20,942 INFO o.a.j.JMeter: Setting JMeter property: threads=100
2026-09-10 05:37:20,942 INFO o.a.j.JMeter: Setting JMeter property: duration_seconds=30
2026-09-10 05:37:20,942 INFO o.a.j.JMeter: Setting JMeter property: target_host=localhost
2026-09-10 05:37:20,942 INFO o.a.j.JMeter: Setting JMeter property: target_port=18080
2026-09-10 05:37:20,942 INFO o.a.j.JMeter: Setting JMeter property: tcc.order.id=20000000-0000-4000-8000-000000000001
2026-09-10 05:37:20,942 INFO o.a.j.JMeter: Setting JMeter property: repetition=5
2026-09-10 05:37:20,949 INFO o.a.j.JMeter: Copyright (c) 1998-2024 The Apache Software Foundation
2026-09-10 05:37:20,949 INFO o.a.j.JMeter: Version 5.6.3
2026-09-10 05:37:20,949 INFO o.a.j.JMeter: java.version=21.0.11
2026-09-10 05:37:20,949 INFO o.a.j.JMeter: java.vm.name=OpenJDK 64-Bit Server VM
2026-09-10 05:37:20,949 INFO o.a.j.JMeter: os.name=Linux
2026-09-10 05:37:20,949 INFO o.a.j.JMeter: os.arch=amd64
2026-09-10 05:37:20,949 INFO o.a.j.JMeter: os.version=7.0.11-76070011-generic
2026-09-10 05:37:20,949 INFO o.a.j.JMeter: file.encoding=UTF-8
2026-09-10 05:37:20,949 INFO o.a.j.JMeter: java.awt.headless=true
2026-09-10 05:37:20,950 INFO o.a.j.JMeter: Max memory     =1073741824
2026-09-10 05:37:20,950 INFO o.a.j.JMeter: Available Processors =16
2026-09-10 05:37:20,960 INFO o.a.j.JMeter: Default Locale=English (EN)
2026-09-10 05:37:20,960 INFO o.a.j.JMeter: JMeter  Locale=English (EN)
2026-09-10 05:37:20,960 INFO o.a.j.JMeter: JMeterHome=/home/avituo/projects/tcc/tcc-container/.tools/apache-jmeter-5.6.3
2026-09-10 05:37:20,960 INFO o.a.j.JMeter: user.dir  =/home/avituo/projects/tcc/tcc-container
2026-09-10 05:37:20,960 INFO o.a.j.JMeter: PWD       =/home/avituo/projects/tcc/tcc-container
2026-09-10 05:37:20,971 INFO o.a.j.JMeter: IP: 192.168.1.16 Name: pop-os FullName: pop-os.home
2026-09-10 05:37:20,983 INFO o.a.j.s.FileServer: Default base='/home/avituo/projects/tcc/tcc-container'
2026-09-10 05:37:20,985 INFO o.a.j.s.FileServer: Set new base='/home/avituo/projects/tcc/tcc-container/benchmark/jmeter'
2026-09-10 05:37:21,165 INFO o.a.j.s.SaveService: Testplan (JMX) version: 2.2. Testlog (JTL) version: 2.2
2026-09-10 05:37:21,190 INFO o.a.j.s.SaveService: Using SaveService properties version 5.0
2026-09-10 05:37:21,195 INFO o.a.j.s.SaveService: Using SaveService properties file encoding UTF-8
2026-09-10 05:37:21,199 INFO o.a.j.s.SaveService: Loading file: /home/avituo/projects/tcc/tcc-container/benchmark/jmeter/tcc-orders-v1.jmx
2026-09-10 05:37:21,250 INFO o.a.j.p.h.s.HTTPSamplerBase: Parser for text/html is org.apache.jmeter.protocol.http.parser.LagartoBasedHtmlParser
2026-09-10 05:37:21,250 INFO o.a.j.p.h.s.HTTPSamplerBase: Parser for application/xhtml+xml is org.apache.jmeter.protocol.http.parser.LagartoBasedHtmlParser
2026-09-10 05:37:21,250 INFO o.a.j.p.h.s.HTTPSamplerBase: Parser for application/xml is org.apache.jmeter.protocol.http.parser.LagartoBasedHtmlParser
2026-09-10 05:37:21,250 INFO o.a.j.p.h.s.HTTPSamplerBase: Parser for text/xml is org.apache.jmeter.protocol.http.parser.LagartoBasedHtmlParser
2026-09-10 05:37:21,250 INFO o.a.j.p.h.s.HTTPSamplerBase: Parser for text/vnd.wap.wml is org.apache.jmeter.protocol.http.parser.RegexpHTMLParser
2026-09-10 05:37:21,250 INFO o.a.j.p.h.s.HTTPSamplerBase: Parser for text/css is org.apache.jmeter.protocol.http.parser.CssParser
2026-09-10 05:37:21,279 INFO o.a.j.JMeter: Creating summariser <summary>
2026-09-10 05:37:21,302 INFO o.a.j.e.StandardJMeterEngine: Running the test!
2026-09-10 05:37:21,302 INFO o.a.j.s.SampleEvent: List of sample_variables: []
2026-09-10 05:37:21,302 INFO o.a.j.s.SampleEvent: List of sample_variables: []
2026-09-10 05:37:21,306 INFO o.a.j.e.u.CompoundVariable: Note: Function class names must contain the string: '.functions.'
2026-09-10 05:37:21,306 INFO o.a.j.e.u.CompoundVariable: Note: Function class names must not contain the string: '.gui.'
2026-09-10 05:37:21,559 INFO o.a.j.JMeter: Running test (1789029441559)
2026-09-10 05:37:21,582 INFO o.a.j.e.StandardJMeterEngine: Starting ThreadGroup: 1 : TCC orders
2026-09-10 05:37:21,583 INFO o.a.j.e.StandardJMeterEngine: Starting 100 threads for group TCC orders.
2026-09-10 05:37:21,583 INFO o.a.j.e.StandardJMeterEngine: Thread will continue on error
2026-09-10 05:37:21,583 INFO o.a.j.t.ThreadGroup: Starting thread group... number=1 threads=100 ramp-up=0 delayedStart=false
2026-09-10 05:37:21,590 INFO o.a.j.t.JMeterThread: Thread started: TCC orders 1-1
2026-09-10 05:37:21,590 INFO o.a.j.t.JMeterThread: Thread started: TCC orders 1-2
2026-09-10 05:37:21,590 INFO o.a.j.t.JMeterThread: Thread started: TCC orders 1-5
2026-09-10 05:37:21,591 INFO o.a.j.t.JMeterThread: Thread started: TCC orders 1-6
2026-09-10 05:37:21,590 INFO o.a.j.t.JMeterThread: Thread started: TCC orders 1-4
2026-09-10 05:37:21,590 INFO o.a.j.t.JMeterThread: Thread started: TCC orders 1-3
2026-09-10 05:37:21,592 INFO o.a.j.t.JMeterThread: Thread started: TCC orders 1-7
2026-09-10 05:37:21,592 INFO o.a.j.t.JMeterThread: Thread started: TCC orders 1-8
2026-09-10 05:37:21,593 INFO o.a.j.t.JMeterThread: Thread started: TCC orders 1-9
2026-09-10 05:37:21,593 INFO o.a.j.t.JMeterThread: Thread started: TCC orders 1-10
2026-09-10 05:37:21,594 INFO o.a.j.t.JMeterThread: Thread started: TCC orders 1-11
2026-09-10 05:37:21,595 INFO o.a.j.t.JMeterThread: Thread started: TCC orders 1-12
2026-09-10 05:37:21,596 INFO o.a.j.t.JMeterThread: Thread started: TCC orders 1-13
2026-09-10 05:37:21,597 INFO o.a.j.t.JMeterThread: Thread started: TCC orders 1-14
2026-09-10 05:37:21,598 INFO o.a.j.t.JMeterThread: Thread started: TCC orders 1-15
2026-09-10 05:37:21,599 INFO o.a.j.t.JMeterThread: Thread started: TCC orders 1-16
2026-09-10 05:37:21,600 INFO o.a.j.t.JMeterThread: Thread started: TCC orders 1-17
2026-09-10 05:37:21,601 INFO o.a.j.t.JMeterThread: Thread started: TCC orders 1-18
2026-09-10 05:37:21,601 INFO o.a.j.t.JMeterThread: Thread started: TCC orders 1-19
2026-09-10 05:37:21,602 INFO o.a.j.t.JMeterThread: Thread started: TCC orders 1-20
2026-09-10 05:37:21,603 INFO o.a.j.t.JMeterThread: Thread started: TCC orders 1-21
2026-09-10 05:37:21,604 INFO o.a.j.t.JMeterThread: Thread started: TCC orders 1-22
2026-09-10 05:37:21,604 INFO o.a.j.t.JMeterThread: Thread started: TCC orders 1-23
2026-09-10 05:37:21,605 INFO o.a.j.t.JMeterThread: Thread started: TCC orders 1-24
2026-09-10 05:37:21,605 INFO o.a.j.t.JMeterThread: Thread started: TCC orders 1-25
2026-09-10 05:37:21,606 INFO o.a.j.t.JMeterThread: Thread started: TCC orders 1-27
2026-09-10 05:37:21,606 INFO o.a.j.t.JMeterThread: Thread started: TCC orders 1-26
2026-09-10 05:37:21,607 INFO o.a.j.t.JMeterThread: Thread started: TCC orders 1-28
2026-09-10 05:37:21,608 INFO o.a.j.t.JMeterThread: Thread started: TCC orders 1-29
2026-09-10 05:37:21,609 INFO o.a.j.t.JMeterThread: Thread started: TCC orders 1-30
2026-09-10 05:37:21,609 INFO o.a.j.t.JMeterThread: Thread started: TCC orders 1-31
2026-09-10 05:37:21,610 INFO o.a.j.t.JMeterThread: Thread started: TCC orders 1-32
2026-09-10 05:37:21,610 INFO o.a.j.t.JMeterThread: Thread started: TCC orders 1-33
2026-09-10 05:37:21,611 INFO o.a.j.t.JMeterThread: Thread started: TCC orders 1-34
2026-09-10 05:37:21,611 INFO o.a.j.t.JMeterThread: Thread started: TCC orders 1-35
2026-09-10 05:37:21,612 INFO o.a.j.t.JMeterThread: Thread started: TCC orders 1-36
2026-09-10 05:37:21,612 INFO o.a.j.t.JMeterThread: Thread started: TCC orders 1-37
2026-09-10 05:37:21,613 INFO o.a.j.t.JMeterThread: Thread started: TCC orders 1-38
2026-09-10 05:37:21,613 INFO o.a.j.t.JMeterThread: Thread started: TCC orders 1-39
2026-09-10 05:37:21,614 INFO o.a.j.p.h.s.HTTPHCAbstractImpl: Local host = pop-os
2026-09-10 05:37:21,614 INFO o.a.j.t.JMeterThread: Thread started: TCC orders 1-40
2026-09-10 05:37:21,615 INFO o.a.j.t.JMeterThread: Thread started: TCC orders 1-41
2026-09-10 05:37:21,615 INFO o.a.j.t.JMeterThread: Thread started: TCC orders 1-42
2026-09-10 05:37:21,616 INFO o.a.j.t.JMeterThread: Thread started: TCC orders 1-43
2026-09-10 05:37:21,617 INFO o.a.j.t.JMeterThread: Thread started: TCC orders 1-44
2026-09-10 05:37:21,617 INFO o.a.j.t.JMeterThread: Thread started: TCC orders 1-45
2026-09-10 05:37:21,618 INFO o.a.j.t.JMeterThread: Thread started: TCC orders 1-46
2026-09-10 05:37:21,618 INFO o.a.j.t.JMeterThread: Thread started: TCC orders 1-47
2026-09-10 05:37:21,619 INFO o.a.j.t.JMeterThread: Thread started: TCC orders 1-48
2026-09-10 05:37:21,620 INFO o.a.j.t.JMeterThread: Thread started: TCC orders 1-49
2026-09-10 05:37:21,620 INFO o.a.j.t.JMeterThread: Thread started: TCC orders 1-50
2026-09-10 05:37:21,621 INFO o.a.j.t.JMeterThread: Thread started: TCC orders 1-51
2026-09-10 05:37:21,622 INFO o.a.j.t.JMeterThread: Thread started: TCC orders 1-52
2026-09-10 05:37:21,622 INFO o.a.j.t.JMeterThread: Thread started: TCC orders 1-53
2026-09-10 05:37:21,623 INFO o.a.j.t.JMeterThread: Thread started: TCC orders 1-54
2026-09-10 05:37:21,623 INFO o.a.j.t.JMeterThread: Thread started: TCC orders 1-56
2026-09-10 05:37:21,623 INFO o.a.j.t.JMeterThread: Thread started: TCC orders 1-55
2026-09-10 05:37:21,624 INFO o.a.j.t.JMeterThread: Thread started: TCC orders 1-57
2026-09-10 05:37:21,624 INFO o.a.j.t.JMeterThread: Thread started: TCC orders 1-58
2026-09-10 05:37:21,625 INFO o.a.j.p.h.s.HTTPHC4Impl: HTTP request retry count = 0
2026-09-10 05:37:21,625 INFO o.a.j.t.JMeterThread: Thread started: TCC orders 1-59
2026-09-10 05:37:21,625 INFO o.a.j.t.JMeterThread: Thread started: TCC orders 1-60
2026-09-10 05:37:21,626 INFO o.a.j.s.SampleResult: Note: Sample TimeStamps are START times
2026-09-10 05:37:21,626 INFO o.a.j.t.JMeterThread: Thread started: TCC orders 1-61
2026-09-10 05:37:21,627 INFO o.a.j.s.SampleResult: sampleresult.default.encoding is set to UTF-8
2026-09-10 05:37:21,627 INFO o.a.j.s.SampleResult: sampleresult.useNanoTime=true
2026-09-10 05:37:21,627 INFO o.a.j.s.SampleResult: sampleresult.nanoThreadSleep=5000
2026-09-10 05:37:21,627 INFO o.a.j.t.JMeterThread: Thread started: TCC orders 1-62
2026-09-10 05:37:21,628 INFO o.a.j.t.JMeterThread: Thread started: TCC orders 1-63
2026-09-10 05:37:21,628 INFO o.a.j.t.JMeterThread: Thread started: TCC orders 1-64
2026-09-10 05:37:21,629 INFO o.a.j.t.JMeterThread: Thread started: TCC orders 1-65
2026-09-10 05:37:21,630 INFO o.a.j.t.JMeterThread: Thread started: TCC orders 1-66
2026-09-10 05:37:21,631 INFO o.a.j.t.JMeterThread: Thread started: TCC orders 1-67
2026-09-10 05:37:21,631 INFO o.a.j.t.JMeterThread: Thread started: TCC orders 1-68
2026-09-10 05:37:21,631 INFO o.a.j.t.JMeterThread: Thread started: TCC orders 1-69
2026-09-10 05:37:21,632 INFO o.a.j.t.JMeterThread: Thread started: TCC orders 1-70
2026-09-10 05:37:21,633 INFO o.a.j.t.JMeterThread: Thread started: TCC orders 1-71
2026-09-10 05:37:21,633 INFO o.a.j.t.JMeterThread: Thread started: TCC orders 1-72
2026-09-10 05:37:21,634 INFO o.a.j.t.JMeterThread: Thread started: TCC orders 1-73
2026-09-10 05:37:21,635 INFO o.a.j.t.JMeterThread: Thread started: TCC orders 1-74
2026-09-10 05:37:21,635 INFO o.a.j.t.JMeterThread: Thread started: TCC orders 1-75
2026-09-10 05:37:21,636 INFO o.a.j.t.JMeterThread: Thread started: TCC orders 1-76
2026-09-10 05:37:21,637 INFO o.a.j.t.JMeterThread: Thread started: TCC orders 1-77
2026-09-10 05:37:21,637 INFO o.a.j.t.JMeterThread: Thread started: TCC orders 1-78
2026-09-10 05:37:21,638 INFO o.a.j.t.JMeterThread: Thread started: TCC orders 1-79
2026-09-10 05:37:21,638 INFO o.a.j.t.JMeterThread: Thread started: TCC orders 1-80
2026-09-10 05:37:21,639 INFO o.a.j.t.JMeterThread: Thread started: TCC orders 1-81
2026-09-10 05:37:21,639 INFO o.a.j.t.JMeterThread: Thread started: TCC orders 1-82
2026-09-10 05:37:21,640 INFO o.a.j.t.JMeterThread: Thread started: TCC orders 1-83
2026-09-10 05:37:21,641 INFO o.a.j.t.JMeterThread: Thread started: TCC orders 1-84
2026-09-10 05:37:21,642 INFO o.a.j.t.JMeterThread: Thread started: TCC orders 1-85
2026-09-10 05:37:21,642 INFO o.a.j.t.JMeterThread: Thread started: TCC orders 1-86
2026-09-10 05:37:21,643 INFO o.a.j.t.JMeterThread: Thread started: TCC orders 1-87
2026-09-10 05:37:21,643 INFO o.a.j.t.JMeterThread: Thread started: TCC orders 1-88
2026-09-10 05:37:21,644 INFO o.a.j.t.JMeterThread: Thread started: TCC orders 1-89
2026-09-10 05:37:21,645 INFO o.a.j.t.JMeterThread: Thread started: TCC orders 1-90
2026-09-10 05:37:21,645 INFO o.a.j.t.JMeterThread: Thread started: TCC orders 1-91
2026-09-10 05:37:21,646 INFO o.a.j.t.JMeterThread: Thread started: TCC orders 1-92
2026-09-10 05:37:21,650 INFO o.a.j.t.JMeterThread: Thread started: TCC orders 1-94
2026-09-10 05:37:21,650 INFO o.a.j.t.JMeterThread: Thread started: TCC orders 1-93
2026-09-10 05:37:21,651 INFO o.a.j.t.JMeterThread: Thread started: TCC orders 1-95
2026-09-10 05:37:21,651 INFO o.a.j.t.JMeterThread: Thread started: TCC orders 1-96
2026-09-10 05:37:21,652 INFO o.a.j.t.JMeterThread: Thread started: TCC orders 1-97
2026-09-10 05:37:21,653 INFO o.a.j.t.JMeterThread: Thread started: TCC orders 1-98
2026-09-10 05:37:21,654 INFO o.a.j.t.JMeterThread: Thread started: TCC orders 1-99
2026-09-10 05:37:21,655 INFO o.a.j.t.ThreadGroup: Started thread group number 1
2026-09-10 05:37:21,655 INFO o.a.j.e.StandardJMeterEngine: All thread groups have been started
2026-09-10 05:37:21,655 INFO o.a.j.t.JMeterThread: Thread started: TCC orders 1-100
2026-09-10 05:37:30,005 INFO o.a.j.r.Summariser: summary +    788 in 00:00:08 =   93.3/s Avg:   936 Min:   282 Max:  1668 Err:     0 (0.00%) Active: 100 Started: 100 Finished: 0
2026-09-10 05:37:51,614 INFO o.a.j.t.JMeterThread: Stopping because end time detected by thread: TCC orders 1-15
2026-09-10 05:37:51,615 INFO o.a.j.t.JMeterThread: Thread finished: TCC orders 1-15
2026-09-10 05:37:51,623 INFO o.a.j.t.JMeterThread: Stopping because end time detected by thread: TCC orders 1-11
2026-09-10 05:37:51,623 INFO o.a.j.t.JMeterThread: Thread finished: TCC orders 1-11
2026-09-10 05:37:51,641 INFO o.a.j.t.JMeterThread: Stopping because end time detected by thread: TCC orders 1-35
2026-09-10 05:37:51,641 INFO o.a.j.t.JMeterThread: Thread finished: TCC orders 1-35
2026-09-10 05:37:51,650 INFO o.a.j.t.JMeterThread: Stopping because end time detected by thread: TCC orders 1-81
2026-09-10 05:37:51,650 INFO o.a.j.t.JMeterThread: Thread finished: TCC orders 1-81
2026-09-10 05:37:51,658 INFO o.a.j.t.JMeterThread: Stopping because end time detected by thread: TCC orders 1-27
2026-09-10 05:37:51,658 INFO o.a.j.t.JMeterThread: Thread finished: TCC orders 1-27
2026-09-10 05:37:51,668 INFO o.a.j.t.JMeterThread: Stopping because end time detected by thread: TCC orders 1-23
2026-09-10 05:37:51,668 INFO o.a.j.t.JMeterThread: Thread finished: TCC orders 1-23
2026-09-10 05:37:51,677 INFO o.a.j.t.JMeterThread: Stopping because end time detected by thread: TCC orders 1-70
2026-09-10 05:37:51,678 INFO o.a.j.t.JMeterThread: Thread finished: TCC orders 1-70
2026-09-10 05:37:51,685 INFO o.a.j.t.JMeterThread: Stopping because end time detected by thread: TCC orders 1-53
2026-09-10 05:37:51,686 INFO o.a.j.t.JMeterThread: Thread finished: TCC orders 1-53
2026-09-10 05:37:51,694 INFO o.a.j.t.JMeterThread: Stopping because end time detected by thread: TCC orders 1-82
2026-09-10 05:37:51,694 INFO o.a.j.t.JMeterThread: Thread finished: TCC orders 1-82
2026-09-10 05:37:51,702 INFO o.a.j.t.JMeterThread: Stopping because end time detected by thread: TCC orders 1-95
2026-09-10 05:37:51,702 INFO o.a.j.t.JMeterThread: Thread finished: TCC orders 1-95
2026-09-10 05:37:51,711 INFO o.a.j.t.JMeterThread: Stopping because end time detected by thread: TCC orders 1-54
2026-09-10 05:37:51,711 INFO o.a.j.t.JMeterThread: Thread finished: TCC orders 1-54
2026-09-10 05:37:51,721 INFO o.a.j.t.JMeterThread: Stopping because end time detected by thread: TCC orders 1-32
2026-09-10 05:37:51,721 INFO o.a.j.t.JMeterThread: Thread finished: TCC orders 1-32
2026-09-10 05:37:51,731 INFO o.a.j.t.JMeterThread: Stopping because end time detected by thread: TCC orders 1-22
2026-09-10 05:37:51,731 INFO o.a.j.t.JMeterThread: Thread finished: TCC orders 1-22
2026-09-10 05:37:51,740 INFO o.a.j.t.JMeterThread: Stopping because end time detected by thread: TCC orders 1-41
2026-09-10 05:37:51,740 INFO o.a.j.t.JMeterThread: Thread finished: TCC orders 1-41
2026-09-10 05:37:51,749 INFO o.a.j.t.JMeterThread: Stopping because end time detected by thread: TCC orders 1-71
2026-09-10 05:37:51,749 INFO o.a.j.t.JMeterThread: Thread finished: TCC orders 1-71
2026-09-10 05:37:51,760 INFO o.a.j.t.JMeterThread: Stopping because end time detected by thread: TCC orders 1-6
2026-09-10 05:37:51,760 INFO o.a.j.t.JMeterThread: Thread finished: TCC orders 1-6
2026-09-10 05:37:51,771 INFO o.a.j.t.JMeterThread: Stopping because end time detected by thread: TCC orders 1-3
2026-09-10 05:37:51,771 INFO o.a.j.t.JMeterThread: Thread finished: TCC orders 1-3
2026-09-10 05:37:51,780 INFO o.a.j.t.JMeterThread: Stopping because end time detected by thread: TCC orders 1-52
2026-09-10 05:37:51,781 INFO o.a.j.t.JMeterThread: Thread finished: TCC orders 1-52
2026-09-10 05:37:51,790 INFO o.a.j.t.JMeterThread: Stopping because end time detected by thread: TCC orders 1-14
2026-09-10 05:37:51,790 INFO o.a.j.t.JMeterThread: Thread finished: TCC orders 1-14
2026-09-10 05:37:51,801 INFO o.a.j.t.JMeterThread: Stopping because end time detected by thread: TCC orders 1-56
2026-09-10 05:37:51,801 INFO o.a.j.t.JMeterThread: Thread finished: TCC orders 1-56
2026-09-10 05:37:51,812 INFO o.a.j.t.JMeterThread: Stopping because end time detected by thread: TCC orders 1-75
2026-09-10 05:37:51,812 INFO o.a.j.t.JMeterThread: Thread finished: TCC orders 1-75
2026-09-10 05:37:51,823 INFO o.a.j.t.JMeterThread: Stopping because end time detected by thread: TCC orders 1-10
2026-09-10 05:37:51,823 INFO o.a.j.t.JMeterThread: Thread finished: TCC orders 1-10
2026-09-10 05:37:51,835 INFO o.a.j.t.JMeterThread: Stopping because end time detected by thread: TCC orders 1-7
2026-09-10 05:37:51,835 INFO o.a.j.t.JMeterThread: Thread finished: TCC orders 1-7
2026-09-10 05:37:51,847 INFO o.a.j.t.JMeterThread: Stopping because end time detected by thread: TCC orders 1-40
2026-09-10 05:37:51,848 INFO o.a.j.t.JMeterThread: Thread finished: TCC orders 1-40
2026-09-10 05:37:51,859 INFO o.a.j.t.JMeterThread: Stopping because end time detected by thread: TCC orders 1-86
2026-09-10 05:37:51,859 INFO o.a.j.t.JMeterThread: Thread finished: TCC orders 1-86
2026-09-10 05:37:51,869 INFO o.a.j.t.JMeterThread: Stopping because end time detected by thread: TCC orders 1-18
2026-09-10 05:37:51,869 INFO o.a.j.t.JMeterThread: Thread finished: TCC orders 1-18
2026-09-10 05:37:51,880 INFO o.a.j.t.JMeterThread: Stopping because end time detected by thread: TCC orders 1-29
2026-09-10 05:37:51,880 INFO o.a.j.t.JMeterThread: Thread finished: TCC orders 1-29
2026-09-10 05:37:51,890 INFO o.a.j.t.JMeterThread: Stopping because end time detected by thread: TCC orders 1-96
2026-09-10 05:37:51,890 INFO o.a.j.t.JMeterThread: Thread finished: TCC orders 1-96
2026-09-10 05:37:51,900 INFO o.a.j.t.JMeterThread: Stopping because end time detected by thread: TCC orders 1-89
2026-09-10 05:37:51,901 INFO o.a.j.t.JMeterThread: Thread finished: TCC orders 1-89
2026-09-10 05:37:51,910 INFO o.a.j.t.JMeterThread: Stopping because end time detected by thread: TCC orders 1-90
2026-09-10 05:37:51,910 INFO o.a.j.t.JMeterThread: Thread finished: TCC orders 1-90
2026-09-10 05:37:51,919 INFO o.a.j.t.JMeterThread: Stopping because end time detected by thread: TCC orders 1-43
2026-09-10 05:37:51,919 INFO o.a.j.t.JMeterThread: Thread finished: TCC orders 1-43
2026-09-10 05:37:51,927 INFO o.a.j.t.JMeterThread: Stopping because end time detected by thread: TCC orders 1-62
2026-09-10 05:37:51,928 INFO o.a.j.t.JMeterThread: Thread finished: TCC orders 1-62
2026-09-10 05:37:51,936 INFO o.a.j.t.JMeterThread: Stopping because end time detected by thread: TCC orders 1-91
2026-09-10 05:37:51,936 INFO o.a.j.t.JMeterThread: Thread finished: TCC orders 1-91
2026-09-10 05:37:51,945 INFO o.a.j.t.JMeterThread: Stopping because end time detected by thread: TCC orders 1-51
2026-09-10 05:37:51,945 INFO o.a.j.t.JMeterThread: Thread finished: TCC orders 1-51
2026-09-10 05:37:51,955 INFO o.a.j.t.JMeterThread: Stopping because end time detected by thread: TCC orders 1-21
2026-09-10 05:37:51,956 INFO o.a.j.t.JMeterThread: Thread finished: TCC orders 1-21
2026-09-10 05:37:51,964 INFO o.a.j.t.JMeterThread: Stopping because end time detected by thread: TCC orders 1-45
2026-09-10 05:37:51,964 INFO o.a.j.t.JMeterThread: Thread finished: TCC orders 1-45
2026-09-10 05:37:51,973 INFO o.a.j.t.JMeterThread: Stopping because end time detected by thread: TCC orders 1-12
2026-09-10 05:37:51,973 INFO o.a.j.t.JMeterThread: Thread finished: TCC orders 1-12
2026-09-10 05:37:51,982 INFO o.a.j.t.JMeterThread: Stopping because end time detected by thread: TCC orders 1-76
2026-09-10 05:37:51,982 INFO o.a.j.t.JMeterThread: Thread finished: TCC orders 1-76
2026-09-10 05:37:51,990 INFO o.a.j.t.JMeterThread: Stopping because end time detected by thread: TCC orders 1-2
2026-09-10 05:37:51,991 INFO o.a.j.t.JMeterThread: Thread finished: TCC orders 1-2
2026-09-10 05:37:51,999 INFO o.a.j.t.JMeterThread: Stopping because end time detected by thread: TCC orders 1-48
2026-09-10 05:37:51,999 INFO o.a.j.t.JMeterThread: Thread finished: TCC orders 1-48
2026-09-10 05:37:52,008 INFO o.a.j.t.JMeterThread: Stopping because end time detected by thread: TCC orders 1-36
2026-09-10 05:37:52,008 INFO o.a.j.t.JMeterThread: Thread finished: TCC orders 1-36
2026-09-10 05:37:52,017 INFO o.a.j.t.JMeterThread: Stopping because end time detected by thread: TCC orders 1-72
2026-09-10 05:37:52,017 INFO o.a.j.t.JMeterThread: Thread finished: TCC orders 1-72
2026-09-10 05:37:52,025 INFO o.a.j.t.JMeterThread: Stopping because end time detected by thread: TCC orders 1-69
2026-09-10 05:37:52,026 INFO o.a.j.t.JMeterThread: Thread finished: TCC orders 1-69
2026-09-10 05:37:52,035 INFO o.a.j.t.JMeterThread: Stopping because end time detected by thread: TCC orders 1-79
2026-09-10 05:37:52,035 INFO o.a.j.t.JMeterThread: Thread finished: TCC orders 1-79
2026-09-10 05:37:52,044 INFO o.a.j.t.JMeterThread: Stopping because end time detected by thread: TCC orders 1-26
2026-09-10 05:37:52,045 INFO o.a.j.t.JMeterThread: Thread finished: TCC orders 1-26
2026-09-10 05:37:52,055 INFO o.a.j.t.JMeterThread: Stopping because end time detected by thread: TCC orders 1-1
2026-09-10 05:37:52,055 INFO o.a.j.t.JMeterThread: Thread finished: TCC orders 1-1
2026-09-10 05:37:52,065 INFO o.a.j.t.JMeterThread: Stopping because end time detected by thread: TCC orders 1-58
2026-09-10 05:37:52,065 INFO o.a.j.t.JMeterThread: Thread finished: TCC orders 1-58
2026-09-10 05:37:52,073 INFO o.a.j.t.JMeterThread: Stopping because end time detected by thread: TCC orders 1-61
2026-09-10 05:37:52,073 INFO o.a.j.t.JMeterThread: Thread finished: TCC orders 1-61
2026-09-10 05:37:52,082 INFO o.a.j.t.JMeterThread: Stopping because end time detected by thread: TCC orders 1-73
2026-09-10 05:37:52,082 INFO o.a.j.t.JMeterThread: Thread finished: TCC orders 1-73
2026-09-10 05:37:52,090 INFO o.a.j.t.JMeterThread: Stopping because end time detected by thread: TCC orders 1-25
2026-09-10 05:37:52,090 INFO o.a.j.t.JMeterThread: Thread finished: TCC orders 1-25
2026-09-10 05:37:52,099 INFO o.a.j.t.JMeterThread: Stopping because end time detected by thread: TCC orders 1-5
2026-09-10 05:37:52,099 INFO o.a.j.t.JMeterThread: Thread finished: TCC orders 1-5
2026-09-10 05:37:52,106 INFO o.a.j.t.JMeterThread: Stopping because end time detected by thread: TCC orders 1-60
2026-09-10 05:37:52,107 INFO o.a.j.t.JMeterThread: Thread finished: TCC orders 1-60
2026-09-10 05:37:52,115 INFO o.a.j.t.JMeterThread: Stopping because end time detected by thread: TCC orders 1-9
2026-09-10 05:37:52,115 INFO o.a.j.t.JMeterThread: Thread finished: TCC orders 1-9
2026-09-10 05:37:52,124 INFO o.a.j.t.JMeterThread: Stopping because end time detected by thread: TCC orders 1-100
2026-09-10 05:37:52,124 INFO o.a.j.t.JMeterThread: Thread finished: TCC orders 1-100
2026-09-10 05:37:52,132 INFO o.a.j.t.JMeterThread: Stopping because end time detected by thread: TCC orders 1-20
2026-09-10 05:37:52,132 INFO o.a.j.t.JMeterThread: Thread finished: TCC orders 1-20
2026-09-10 05:37:52,140 INFO o.a.j.t.JMeterThread: Stopping because end time detected by thread: TCC orders 1-30
2026-09-10 05:37:52,140 INFO o.a.j.t.JMeterThread: Thread finished: TCC orders 1-30
2026-09-10 05:37:52,149 INFO o.a.j.t.JMeterThread: Stopping because end time detected by thread: TCC orders 1-87
2026-09-10 05:37:52,149 INFO o.a.j.t.JMeterThread: Thread finished: TCC orders 1-87
2026-09-10 05:37:52,157 INFO o.a.j.t.JMeterThread: Stopping because end time detected by thread: TCC orders 1-8
2026-09-10 05:37:52,157 INFO o.a.j.t.JMeterThread: Thread finished: TCC orders 1-8
2026-09-10 05:37:52,165 INFO o.a.j.t.JMeterThread: Stopping because end time detected by thread: TCC orders 1-57
2026-09-10 05:37:52,165 INFO o.a.j.t.JMeterThread: Thread finished: TCC orders 1-57
2026-09-10 05:37:52,174 INFO o.a.j.t.JMeterThread: Stopping because end time detected by thread: TCC orders 1-4
2026-09-10 05:37:52,174 INFO o.a.j.t.JMeterThread: Thread finished: TCC orders 1-4
2026-09-10 05:37:52,182 INFO o.a.j.t.JMeterThread: Stopping because end time detected by thread: TCC orders 1-74
2026-09-10 05:37:52,183 INFO o.a.j.t.JMeterThread: Thread finished: TCC orders 1-74
2026-09-10 05:37:52,191 INFO o.a.j.t.JMeterThread: Stopping because end time detected by thread: TCC orders 1-34
2026-09-10 05:37:52,191 INFO o.a.j.t.JMeterThread: Thread finished: TCC orders 1-34
2026-09-10 05:37:52,199 INFO o.a.j.t.JMeterThread: Stopping because end time detected by thread: TCC orders 1-55
2026-09-10 05:37:52,199 INFO o.a.j.t.JMeterThread: Thread finished: TCC orders 1-55
2026-09-10 05:37:52,207 INFO o.a.j.t.JMeterThread: Stopping because end time detected by thread: TCC orders 1-19
2026-09-10 05:37:52,207 INFO o.a.j.t.JMeterThread: Thread finished: TCC orders 1-19
2026-09-10 05:37:52,215 INFO o.a.j.t.JMeterThread: Stopping because end time detected by thread: TCC orders 1-46
2026-09-10 05:37:52,215 INFO o.a.j.t.JMeterThread: Thread finished: TCC orders 1-46
2026-09-10 05:37:52,224 INFO o.a.j.t.JMeterThread: Stopping because end time detected by thread: TCC orders 1-92
2026-09-10 05:37:52,224 INFO o.a.j.t.JMeterThread: Thread finished: TCC orders 1-92
2026-09-10 05:37:52,232 INFO o.a.j.t.JMeterThread: Stopping because end time detected by thread: TCC orders 1-63
2026-09-10 05:37:52,232 INFO o.a.j.t.JMeterThread: Thread finished: TCC orders 1-63
2026-09-10 05:37:52,240 INFO o.a.j.t.JMeterThread: Stopping because end time detected by thread: TCC orders 1-28
2026-09-10 05:37:52,241 INFO o.a.j.t.JMeterThread: Thread finished: TCC orders 1-28
2026-09-10 05:37:52,249 INFO o.a.j.t.JMeterThread: Stopping because end time detected by thread: TCC orders 1-16
2026-09-10 05:37:52,249 INFO o.a.j.t.JMeterThread: Thread finished: TCC orders 1-16
2026-09-10 05:37:52,257 INFO o.a.j.t.JMeterThread: Stopping because end time detected by thread: TCC orders 1-42
2026-09-10 05:37:52,257 INFO o.a.j.t.JMeterThread: Thread finished: TCC orders 1-42
2026-09-10 05:37:52,265 INFO o.a.j.t.JMeterThread: Stopping because end time detected by thread: TCC orders 1-67
2026-09-10 05:37:52,266 INFO o.a.j.t.JMeterThread: Thread finished: TCC orders 1-67
2026-09-10 05:37:52,274 INFO o.a.j.t.JMeterThread: Stopping because end time detected by thread: TCC orders 1-39
2026-09-10 05:37:52,274 INFO o.a.j.t.JMeterThread: Thread finished: TCC orders 1-39
2026-09-10 05:37:52,282 INFO o.a.j.t.JMeterThread: Stopping because end time detected by thread: TCC orders 1-17
2026-09-10 05:37:52,282 INFO o.a.j.t.JMeterThread: Thread finished: TCC orders 1-17
2026-09-10 05:37:52,292 INFO o.a.j.t.JMeterThread: Stopping because end time detected by thread: TCC orders 1-64
2026-09-10 05:37:52,292 INFO o.a.j.t.JMeterThread: Thread finished: TCC orders 1-64
2026-09-10 05:37:52,300 INFO o.a.j.t.JMeterThread: Stopping because end time detected by thread: TCC orders 1-24
2026-09-10 05:37:52,300 INFO o.a.j.t.JMeterThread: Thread finished: TCC orders 1-24
2026-09-10 05:37:52,308 INFO o.a.j.t.JMeterThread: Stopping because end time detected by thread: TCC orders 1-49
2026-09-10 05:37:52,308 INFO o.a.j.t.JMeterThread: Thread finished: TCC orders 1-49
2026-09-10 05:37:52,316 INFO o.a.j.t.JMeterThread: Stopping because end time detected by thread: TCC orders 1-88
2026-09-10 05:37:52,317 INFO o.a.j.t.JMeterThread: Thread finished: TCC orders 1-88
2026-09-10 05:37:52,325 INFO o.a.j.t.JMeterThread: Stopping because end time detected by thread: TCC orders 1-13
2026-09-10 05:37:52,325 INFO o.a.j.t.JMeterThread: Thread finished: TCC orders 1-13
2026-09-10 05:37:52,333 INFO o.a.j.t.JMeterThread: Stopping because end time detected by thread: TCC orders 1-78
2026-09-10 05:37:52,333 INFO o.a.j.t.JMeterThread: Thread finished: TCC orders 1-78
2026-09-10 05:37:52,342 INFO o.a.j.t.JMeterThread: Stopping because end time detected by thread: TCC orders 1-47
2026-09-10 05:37:52,342 INFO o.a.j.t.JMeterThread: Thread finished: TCC orders 1-47
2026-09-10 05:37:52,350 INFO o.a.j.t.JMeterThread: Stopping because end time detected by thread: TCC orders 1-44
2026-09-10 05:37:52,350 INFO o.a.j.t.JMeterThread: Thread finished: TCC orders 1-44
2026-09-10 05:37:52,359 INFO o.a.j.t.JMeterThread: Stopping because end time detected by thread: TCC orders 1-85
2026-09-10 05:37:52,359 INFO o.a.j.t.JMeterThread: Thread finished: TCC orders 1-85
2026-09-10 05:37:52,367 INFO o.a.j.t.JMeterThread: Stopping because end time detected by thread: TCC orders 1-98
2026-09-10 05:37:52,367 INFO o.a.j.t.JMeterThread: Thread finished: TCC orders 1-98
2026-09-10 05:37:52,376 INFO o.a.j.t.JMeterThread: Stopping because end time detected by thread: TCC orders 1-83
2026-09-10 05:37:52,376 INFO o.a.j.t.JMeterThread: Thread finished: TCC orders 1-83
2026-09-10 05:37:52,385 INFO o.a.j.t.JMeterThread: Stopping because end time detected by thread: TCC orders 1-66
2026-09-10 05:37:52,385 INFO o.a.j.t.JMeterThread: Thread finished: TCC orders 1-66
2026-09-10 05:37:52,394 INFO o.a.j.t.JMeterThread: Stopping because end time detected by thread: TCC orders 1-84
2026-09-10 05:37:52,394 INFO o.a.j.t.JMeterThread: Thread finished: TCC orders 1-84
2026-09-10 05:37:52,403 INFO o.a.j.t.JMeterThread: Stopping because end time detected by thread: TCC orders 1-38
2026-09-10 05:37:52,403 INFO o.a.j.t.JMeterThread: Thread finished: TCC orders 1-38
2026-09-10 05:37:52,411 INFO o.a.j.t.JMeterThread: Stopping because end time detected by thread: TCC orders 1-77
2026-09-10 05:37:52,411 INFO o.a.j.t.JMeterThread: Thread finished: TCC orders 1-77
2026-09-10 05:37:52,419 INFO o.a.j.t.JMeterThread: Stopping because end time detected by thread: TCC orders 1-97
2026-09-10 05:37:52,419 INFO o.a.j.t.JMeterThread: Thread finished: TCC orders 1-97
2026-09-10 05:37:52,428 INFO o.a.j.t.JMeterThread: Stopping because end time detected by thread: TCC orders 1-33
2026-09-10 05:37:52,428 INFO o.a.j.t.JMeterThread: Thread finished: TCC orders 1-33
2026-09-10 05:37:52,436 INFO o.a.j.t.JMeterThread: Stopping because end time detected by thread: TCC orders 1-68
2026-09-10 05:37:52,437 INFO o.a.j.t.JMeterThread: Thread finished: TCC orders 1-68
2026-09-10 05:37:52,445 INFO o.a.j.t.JMeterThread: Stopping because end time detected by thread: TCC orders 1-59
2026-09-10 05:37:52,445 INFO o.a.j.t.JMeterThread: Thread finished: TCC orders 1-59
2026-09-10 05:37:52,453 INFO o.a.j.t.JMeterThread: Stopping because end time detected by thread: TCC orders 1-99
2026-09-10 05:37:52,453 INFO o.a.j.t.JMeterThread: Thread finished: TCC orders 1-99
2026-09-10 05:37:52,461 INFO o.a.j.t.JMeterThread: Stopping because end time detected by thread: TCC orders 1-50
2026-09-10 05:37:52,462 INFO o.a.j.t.JMeterThread: Thread finished: TCC orders 1-50
2026-09-10 05:37:52,470 INFO o.a.j.t.JMeterThread: Stopping because end time detected by thread: TCC orders 1-31
2026-09-10 05:37:52,470 INFO o.a.j.t.JMeterThread: Thread finished: TCC orders 1-31
2026-09-10 05:37:52,478 INFO o.a.j.t.JMeterThread: Stopping because end time detected by thread: TCC orders 1-37
2026-09-10 05:37:52,479 INFO o.a.j.t.JMeterThread: Thread finished: TCC orders 1-37
2026-09-10 05:37:52,486 INFO o.a.j.t.JMeterThread: Stopping because end time detected by thread: TCC orders 1-65
2026-09-10 05:37:52,487 INFO o.a.j.t.JMeterThread: Thread finished: TCC orders 1-65
2026-09-10 05:37:52,495 INFO o.a.j.t.JMeterThread: Stopping because end time detected by thread: TCC orders 1-93
2026-09-10 05:37:52,495 INFO o.a.j.t.JMeterThread: Thread finished: TCC orders 1-93
2026-09-10 05:37:52,503 INFO o.a.j.t.JMeterThread: Stopping because end time detected by thread: TCC orders 1-80
2026-09-10 05:37:52,503 INFO o.a.j.t.JMeterThread: Thread finished: TCC orders 1-80
2026-09-10 05:37:52,512 INFO o.a.j.t.JMeterThread: Stopping because end time detected by thread: TCC orders 1-94
2026-09-10 05:37:52,512 INFO o.a.j.t.JMeterThread: Thread finished: TCC orders 1-94
2026-09-10 05:37:52,512 INFO o.a.j.e.StandardJMeterEngine: Notifying test listeners of end of test
2026-09-10 05:37:52,515 INFO o.a.j.r.Summariser: summary +   2565 in 00:00:23 =  113.9/s Avg:   877 Min:   844 Max:   922 Err:     0 (0.00%) Active: 0 Started: 100 Finished: 100
2026-09-10 05:37:52,515 INFO o.a.j.r.Summariser: summary =   3353 in 00:00:31 =  108.3/s Avg:   891 Min:   282 Max:  1668 Err:     0 (0.00%)
