2026-09-10 05:15:37,695 INFO o.a.j.u.JMeterUtils: Setting Locale to en_EN
2026-09-10 05:15:37,715 INFO o.a.j.JMeter: Loading user properties from: /home/avituo/projects/tcc/tcc-container/.tools/apache-jmeter-5.6.3/bin/user.properties
2026-09-10 05:15:37,716 INFO o.a.j.JMeter: Loading system properties from: /home/avituo/projects/tcc/tcc-container/.tools/apache-jmeter-5.6.3/bin/system.properties
2026-09-10 05:15:37,716 INFO o.a.j.JMeter: Loading additional properties from: /home/avituo/projects/tcc/tcc-container/benchmark/jmeter/benchmark.properties
2026-09-10 05:15:37,716 INFO o.a.j.JMeter: Loading additional properties from: /tmp/tcc-benchmark-auth.uYlRrO/auth.properties
2026-09-10 05:15:37,716 INFO o.a.j.JMeter: Setting JMeter property: threads=100
2026-09-10 05:15:37,717 INFO o.a.j.JMeter: Setting JMeter property: duration_seconds=30
2026-09-10 05:15:37,717 INFO o.a.j.JMeter: Setting JMeter property: target_host=localhost
2026-09-10 05:15:37,717 INFO o.a.j.JMeter: Setting JMeter property: target_port=18000
2026-09-10 05:15:37,717 INFO o.a.j.JMeter: Setting JMeter property: tcc.order.id=1
2026-09-10 05:15:37,717 INFO o.a.j.JMeter: Setting JMeter property: repetition=2
2026-09-10 05:15:37,724 INFO o.a.j.JMeter: Copyright (c) 1998-2024 The Apache Software Foundation
2026-09-10 05:15:37,725 INFO o.a.j.JMeter: Version 5.6.3
2026-09-10 05:15:37,725 INFO o.a.j.JMeter: java.version=21.0.11
2026-09-10 05:15:37,725 INFO o.a.j.JMeter: java.vm.name=OpenJDK 64-Bit Server VM
2026-09-10 05:15:37,725 INFO o.a.j.JMeter: os.name=Linux
2026-09-10 05:15:37,725 INFO o.a.j.JMeter: os.arch=amd64
2026-09-10 05:15:37,725 INFO o.a.j.JMeter: os.version=7.0.11-76070011-generic
2026-09-10 05:15:37,725 INFO o.a.j.JMeter: file.encoding=UTF-8
2026-09-10 05:15:37,725 INFO o.a.j.JMeter: java.awt.headless=true
2026-09-10 05:15:37,725 INFO o.a.j.JMeter: Max memory     =1073741824
2026-09-10 05:15:37,725 INFO o.a.j.JMeter: Available Processors =16
2026-09-10 05:15:37,733 INFO o.a.j.JMeter: Default Locale=English (EN)
2026-09-10 05:15:37,733 INFO o.a.j.JMeter: JMeter  Locale=English (EN)
2026-09-10 05:15:37,733 INFO o.a.j.JMeter: JMeterHome=/home/avituo/projects/tcc/tcc-container/.tools/apache-jmeter-5.6.3
2026-09-10 05:15:37,733 INFO o.a.j.JMeter: user.dir  =/home/avituo/projects/tcc/tcc-container
2026-09-10 05:15:37,733 INFO o.a.j.JMeter: PWD       =/home/avituo/projects/tcc/tcc-container
2026-09-10 05:15:37,745 INFO o.a.j.JMeter: IP: 192.168.1.16 Name: pop-os FullName: pop-os.home
2026-09-10 05:15:37,757 INFO o.a.j.s.FileServer: Default base='/home/avituo/projects/tcc/tcc-container'
2026-09-10 05:15:37,758 INFO o.a.j.s.FileServer: Set new base='/home/avituo/projects/tcc/tcc-container/benchmark/jmeter'
2026-09-10 05:15:37,923 INFO o.a.j.s.SaveService: Testplan (JMX) version: 2.2. Testlog (JTL) version: 2.2
2026-09-10 05:15:37,948 INFO o.a.j.s.SaveService: Using SaveService properties version 5.0
2026-09-10 05:15:37,951 INFO o.a.j.s.SaveService: Using SaveService properties file encoding UTF-8
2026-09-10 05:15:37,955 INFO o.a.j.s.SaveService: Loading file: /home/avituo/projects/tcc/tcc-container/benchmark/jmeter/tcc-orders-v1.jmx
2026-09-10 05:15:38,005 INFO o.a.j.p.h.s.HTTPSamplerBase: Parser for text/html is org.apache.jmeter.protocol.http.parser.LagartoBasedHtmlParser
2026-09-10 05:15:38,005 INFO o.a.j.p.h.s.HTTPSamplerBase: Parser for application/xhtml+xml is org.apache.jmeter.protocol.http.parser.LagartoBasedHtmlParser
2026-09-10 05:15:38,005 INFO o.a.j.p.h.s.HTTPSamplerBase: Parser for application/xml is org.apache.jmeter.protocol.http.parser.LagartoBasedHtmlParser
2026-09-10 05:15:38,005 INFO o.a.j.p.h.s.HTTPSamplerBase: Parser for text/xml is org.apache.jmeter.protocol.http.parser.LagartoBasedHtmlParser
2026-09-10 05:15:38,005 INFO o.a.j.p.h.s.HTTPSamplerBase: Parser for text/vnd.wap.wml is org.apache.jmeter.protocol.http.parser.RegexpHTMLParser
2026-09-10 05:15:38,005 INFO o.a.j.p.h.s.HTTPSamplerBase: Parser for text/css is org.apache.jmeter.protocol.http.parser.CssParser
2026-09-10 05:15:38,035 INFO o.a.j.JMeter: Creating summariser <summary>
2026-09-10 05:15:38,056 INFO o.a.j.e.StandardJMeterEngine: Running the test!
2026-09-10 05:15:38,056 INFO o.a.j.s.SampleEvent: List of sample_variables: []
2026-09-10 05:15:38,056 INFO o.a.j.s.SampleEvent: List of sample_variables: []
2026-09-10 05:15:38,062 INFO o.a.j.e.u.CompoundVariable: Note: Function class names must contain the string: '.functions.'
2026-09-10 05:15:38,062 INFO o.a.j.e.u.CompoundVariable: Note: Function class names must not contain the string: '.gui.'
2026-09-10 05:15:38,303 INFO o.a.j.JMeter: Running test (1789028138303)
2026-09-10 05:15:38,323 INFO o.a.j.e.StandardJMeterEngine: Starting ThreadGroup: 1 : TCC orders
2026-09-10 05:15:38,324 INFO o.a.j.e.StandardJMeterEngine: Starting 100 threads for group TCC orders.
2026-09-10 05:15:38,324 INFO o.a.j.e.StandardJMeterEngine: Thread will continue on error
2026-09-10 05:15:38,324 INFO o.a.j.t.ThreadGroup: Starting thread group... number=1 threads=100 ramp-up=0 delayedStart=false
2026-09-10 05:15:38,331 INFO o.a.j.t.JMeterThread: Thread started: TCC orders 1-3
2026-09-10 05:15:38,330 INFO o.a.j.t.JMeterThread: Thread started: TCC orders 1-4
2026-09-10 05:15:38,331 INFO o.a.j.t.JMeterThread: Thread started: TCC orders 1-5
2026-09-10 05:15:38,331 INFO o.a.j.t.JMeterThread: Thread started: TCC orders 1-2
2026-09-10 05:15:38,331 INFO o.a.j.t.JMeterThread: Thread started: TCC orders 1-1
2026-09-10 05:15:38,331 INFO o.a.j.t.JMeterThread: Thread started: TCC orders 1-6
2026-09-10 05:15:38,332 INFO o.a.j.t.JMeterThread: Thread started: TCC orders 1-7
2026-09-10 05:15:38,332 INFO o.a.j.t.JMeterThread: Thread started: TCC orders 1-8
2026-09-10 05:15:38,333 INFO o.a.j.t.JMeterThread: Thread started: TCC orders 1-9
2026-09-10 05:15:38,334 INFO o.a.j.t.JMeterThread: Thread started: TCC orders 1-10
2026-09-10 05:15:38,334 INFO o.a.j.t.JMeterThread: Thread started: TCC orders 1-11
2026-09-10 05:15:38,335 INFO o.a.j.t.JMeterThread: Thread started: TCC orders 1-12
2026-09-10 05:15:38,336 INFO o.a.j.t.JMeterThread: Thread started: TCC orders 1-13
2026-09-10 05:15:38,337 INFO o.a.j.t.JMeterThread: Thread started: TCC orders 1-14
2026-09-10 05:15:38,337 INFO o.a.j.t.JMeterThread: Thread started: TCC orders 1-15
2026-09-10 05:15:38,338 INFO o.a.j.t.JMeterThread: Thread started: TCC orders 1-16
2026-09-10 05:15:38,339 INFO o.a.j.t.JMeterThread: Thread started: TCC orders 1-17
2026-09-10 05:15:38,340 INFO o.a.j.t.JMeterThread: Thread started: TCC orders 1-18
2026-09-10 05:15:38,340 INFO o.a.j.t.JMeterThread: Thread started: TCC orders 1-19
2026-09-10 05:15:38,341 INFO o.a.j.t.JMeterThread: Thread started: TCC orders 1-20
2026-09-10 05:15:38,341 INFO o.a.j.t.JMeterThread: Thread started: TCC orders 1-21
2026-09-10 05:15:38,342 INFO o.a.j.t.JMeterThread: Thread started: TCC orders 1-22
2026-09-10 05:15:38,342 INFO o.a.j.t.JMeterThread: Thread started: TCC orders 1-23
2026-09-10 05:15:38,343 INFO o.a.j.t.JMeterThread: Thread started: TCC orders 1-24
2026-09-10 05:15:38,343 INFO o.a.j.t.JMeterThread: Thread started: TCC orders 1-25
2026-09-10 05:15:38,344 INFO o.a.j.t.JMeterThread: Thread started: TCC orders 1-26
2026-09-10 05:15:38,345 INFO o.a.j.t.JMeterThread: Thread started: TCC orders 1-27
2026-09-10 05:15:38,345 INFO o.a.j.t.JMeterThread: Thread started: TCC orders 1-28
2026-09-10 05:15:38,346 INFO o.a.j.t.JMeterThread: Thread started: TCC orders 1-29
2026-09-10 05:15:38,347 INFO o.a.j.t.JMeterThread: Thread started: TCC orders 1-30
2026-09-10 05:15:38,347 INFO o.a.j.t.JMeterThread: Thread started: TCC orders 1-31
2026-09-10 05:15:38,348 INFO o.a.j.t.JMeterThread: Thread started: TCC orders 1-32
2026-09-10 05:15:38,348 INFO o.a.j.t.JMeterThread: Thread started: TCC orders 1-33
2026-09-10 05:15:38,349 INFO o.a.j.t.JMeterThread: Thread started: TCC orders 1-34
2026-09-10 05:15:38,350 INFO o.a.j.t.JMeterThread: Thread started: TCC orders 1-35
2026-09-10 05:15:38,350 INFO o.a.j.t.JMeterThread: Thread started: TCC orders 1-36
2026-09-10 05:15:38,351 INFO o.a.j.t.JMeterThread: Thread started: TCC orders 1-37
2026-09-10 05:15:38,352 INFO o.a.j.t.JMeterThread: Thread started: TCC orders 1-38
2026-09-10 05:15:38,352 INFO o.a.j.t.JMeterThread: Thread started: TCC orders 1-39
2026-09-10 05:15:38,353 INFO o.a.j.t.JMeterThread: Thread started: TCC orders 1-40
2026-09-10 05:15:38,353 INFO o.a.j.t.JMeterThread: Thread started: TCC orders 1-41
2026-09-10 05:15:38,354 INFO o.a.j.t.JMeterThread: Thread started: TCC orders 1-42
2026-09-10 05:15:38,355 INFO o.a.j.t.JMeterThread: Thread started: TCC orders 1-43
2026-09-10 05:15:38,355 INFO o.a.j.t.JMeterThread: Thread started: TCC orders 1-44
2026-09-10 05:15:38,356 INFO o.a.j.t.JMeterThread: Thread started: TCC orders 1-45
2026-09-10 05:15:38,356 INFO o.a.j.t.JMeterThread: Thread started: TCC orders 1-46
2026-09-10 05:15:38,357 INFO o.a.j.t.JMeterThread: Thread started: TCC orders 1-47
2026-09-10 05:15:38,357 INFO o.a.j.t.JMeterThread: Thread started: TCC orders 1-48
2026-09-10 05:15:38,358 INFO o.a.j.t.JMeterThread: Thread started: TCC orders 1-49
2026-09-10 05:15:38,358 INFO o.a.j.t.JMeterThread: Thread started: TCC orders 1-50
2026-09-10 05:15:38,359 INFO o.a.j.t.JMeterThread: Thread started: TCC orders 1-51
2026-09-10 05:15:38,360 INFO o.a.j.t.JMeterThread: Thread started: TCC orders 1-52
2026-09-10 05:15:38,360 INFO o.a.j.t.JMeterThread: Thread started: TCC orders 1-53
2026-09-10 05:15:38,360 INFO o.a.j.p.h.s.HTTPHCAbstractImpl: Local host = pop-os
2026-09-10 05:15:38,361 INFO o.a.j.t.JMeterThread: Thread started: TCC orders 1-54
2026-09-10 05:15:38,361 INFO o.a.j.t.JMeterThread: Thread started: TCC orders 1-55
2026-09-10 05:15:38,361 INFO o.a.j.t.JMeterThread: Thread started: TCC orders 1-56
2026-09-10 05:15:38,362 INFO o.a.j.t.JMeterThread: Thread started: TCC orders 1-57
2026-09-10 05:15:38,362 INFO o.a.j.t.JMeterThread: Thread started: TCC orders 1-58
2026-09-10 05:15:38,363 INFO o.a.j.t.JMeterThread: Thread started: TCC orders 1-59
2026-09-10 05:15:38,363 INFO o.a.j.t.JMeterThread: Thread started: TCC orders 1-60
2026-09-10 05:15:38,364 INFO o.a.j.t.JMeterThread: Thread started: TCC orders 1-61
2026-09-10 05:15:38,365 INFO o.a.j.t.JMeterThread: Thread started: TCC orders 1-62
2026-09-10 05:15:38,366 INFO o.a.j.t.JMeterThread: Thread started: TCC orders 1-63
2026-09-10 05:15:38,367 INFO o.a.j.t.JMeterThread: Thread started: TCC orders 1-64
2026-09-10 05:15:38,367 INFO o.a.j.t.JMeterThread: Thread started: TCC orders 1-65
2026-09-10 05:15:38,368 INFO o.a.j.t.JMeterThread: Thread started: TCC orders 1-66
2026-09-10 05:15:38,368 INFO o.a.j.t.JMeterThread: Thread started: TCC orders 1-67
2026-09-10 05:15:38,369 INFO o.a.j.t.JMeterThread: Thread started: TCC orders 1-68
2026-09-10 05:15:38,370 INFO o.a.j.t.JMeterThread: Thread started: TCC orders 1-69
2026-09-10 05:15:38,370 INFO o.a.j.t.JMeterThread: Thread started: TCC orders 1-70
2026-09-10 05:15:38,371 INFO o.a.j.t.JMeterThread: Thread started: TCC orders 1-71
2026-09-10 05:15:38,371 INFO o.a.j.p.h.s.HTTPHC4Impl: HTTP request retry count = 0
2026-09-10 05:15:38,371 INFO o.a.j.t.JMeterThread: Thread started: TCC orders 1-72
2026-09-10 05:15:38,372 INFO o.a.j.t.JMeterThread: Thread started: TCC orders 1-73
2026-09-10 05:15:38,372 INFO o.a.j.t.JMeterThread: Thread started: TCC orders 1-74
2026-09-10 05:15:38,373 INFO o.a.j.t.JMeterThread: Thread started: TCC orders 1-75
2026-09-10 05:15:38,373 INFO o.a.j.t.JMeterThread: Thread started: TCC orders 1-76
2026-09-10 05:15:38,373 INFO o.a.j.s.SampleResult: Note: Sample TimeStamps are START times
2026-09-10 05:15:38,373 INFO o.a.j.s.SampleResult: sampleresult.default.encoding is set to UTF-8
2026-09-10 05:15:38,374 INFO o.a.j.s.SampleResult: sampleresult.useNanoTime=true
2026-09-10 05:15:38,374 INFO o.a.j.s.SampleResult: sampleresult.nanoThreadSleep=5000
2026-09-10 05:15:38,374 INFO o.a.j.t.JMeterThread: Thread started: TCC orders 1-77
2026-09-10 05:15:38,374 INFO o.a.j.t.JMeterThread: Thread started: TCC orders 1-78
2026-09-10 05:15:38,375 INFO o.a.j.t.JMeterThread: Thread started: TCC orders 1-79
2026-09-10 05:15:38,375 INFO o.a.j.t.JMeterThread: Thread started: TCC orders 1-80
2026-09-10 05:15:38,376 INFO o.a.j.t.JMeterThread: Thread started: TCC orders 1-81
2026-09-10 05:15:38,376 INFO o.a.j.t.JMeterThread: Thread started: TCC orders 1-82
2026-09-10 05:15:38,377 INFO o.a.j.t.JMeterThread: Thread started: TCC orders 1-83
2026-09-10 05:15:38,378 INFO o.a.j.t.JMeterThread: Thread started: TCC orders 1-84
2026-09-10 05:15:38,378 INFO o.a.j.t.JMeterThread: Thread started: TCC orders 1-85
2026-09-10 05:15:38,379 INFO o.a.j.t.JMeterThread: Thread started: TCC orders 1-86
2026-09-10 05:15:38,379 INFO o.a.j.t.JMeterThread: Thread started: TCC orders 1-87
2026-09-10 05:15:38,380 INFO o.a.j.t.JMeterThread: Thread started: TCC orders 1-88
2026-09-10 05:15:38,380 INFO o.a.j.t.JMeterThread: Thread started: TCC orders 1-89
2026-09-10 05:15:38,381 INFO o.a.j.t.JMeterThread: Thread started: TCC orders 1-91
2026-09-10 05:15:38,381 INFO o.a.j.t.JMeterThread: Thread started: TCC orders 1-90
2026-09-10 05:15:38,381 INFO o.a.j.t.JMeterThread: Thread started: TCC orders 1-92
2026-09-10 05:15:38,382 INFO o.a.j.t.JMeterThread: Thread started: TCC orders 1-93
2026-09-10 05:15:38,382 INFO o.a.j.t.JMeterThread: Thread started: TCC orders 1-94
2026-09-10 05:15:38,383 INFO o.a.j.t.JMeterThread: Thread started: TCC orders 1-95
2026-09-10 05:15:38,383 INFO o.a.j.t.JMeterThread: Thread started: TCC orders 1-96
2026-09-10 05:15:38,384 INFO o.a.j.t.JMeterThread: Thread started: TCC orders 1-97
2026-09-10 05:15:38,385 INFO o.a.j.t.JMeterThread: Thread started: TCC orders 1-98
2026-09-10 05:15:38,385 INFO o.a.j.t.JMeterThread: Thread started: TCC orders 1-99
2026-09-10 05:15:38,386 INFO o.a.j.t.ThreadGroup: Started thread group number 1
2026-09-10 05:15:38,386 INFO o.a.j.e.StandardJMeterEngine: All thread groups have been started
2026-09-10 05:15:38,386 INFO o.a.j.t.JMeterThread: Thread started: TCC orders 1-100
2026-09-10 05:16:00,010 INFO o.a.j.r.Summariser: summary +    846 in 00:00:22 =   39.0/s Avg:  2385 Min:   125 Max:  2842 Err:     0 (0.00%) Active: 100 Started: 100 Finished: 0
2026-09-10 05:16:08,372 INFO o.a.j.t.JMeterThread: Stopping because end time detected by thread: TCC orders 1-50
2026-09-10 05:16:08,372 INFO o.a.j.t.JMeterThread: Thread finished: TCC orders 1-50
2026-09-10 05:16:08,396 INFO o.a.j.t.JMeterThread: Stopping because end time detected by thread: TCC orders 1-46
2026-09-10 05:16:08,396 INFO o.a.j.t.JMeterThread: Thread finished: TCC orders 1-46
2026-09-10 05:16:08,421 INFO o.a.j.t.JMeterThread: Stopping because end time detected by thread: TCC orders 1-10
2026-09-10 05:16:08,421 INFO o.a.j.t.JMeterThread: Thread finished: TCC orders 1-10
2026-09-10 05:16:08,445 INFO o.a.j.t.JMeterThread: Stopping because end time detected by thread: TCC orders 1-84
2026-09-10 05:16:08,445 INFO o.a.j.t.JMeterThread: Thread finished: TCC orders 1-84
2026-09-10 05:16:08,470 INFO o.a.j.t.JMeterThread: Stopping because end time detected by thread: TCC orders 1-79
2026-09-10 05:16:08,470 INFO o.a.j.t.JMeterThread: Thread finished: TCC orders 1-79
2026-09-10 05:16:08,495 INFO o.a.j.t.JMeterThread: Stopping because end time detected by thread: TCC orders 1-95
2026-09-10 05:16:08,495 INFO o.a.j.t.JMeterThread: Thread finished: TCC orders 1-95
2026-09-10 05:16:08,520 INFO o.a.j.t.JMeterThread: Stopping because end time detected by thread: TCC orders 1-62
2026-09-10 05:16:08,520 INFO o.a.j.t.JMeterThread: Thread finished: TCC orders 1-62
2026-09-10 05:16:08,544 INFO o.a.j.t.JMeterThread: Stopping because end time detected by thread: TCC orders 1-22
2026-09-10 05:16:08,544 INFO o.a.j.t.JMeterThread: Thread finished: TCC orders 1-22
2026-09-10 05:16:08,570 INFO o.a.j.t.JMeterThread: Stopping because end time detected by thread: TCC orders 1-92
2026-09-10 05:16:08,570 INFO o.a.j.t.JMeterThread: Thread finished: TCC orders 1-92
2026-09-10 05:16:08,594 INFO o.a.j.t.JMeterThread: Stopping because end time detected by thread: TCC orders 1-43
2026-09-10 05:16:08,594 INFO o.a.j.t.JMeterThread: Thread finished: TCC orders 1-43
2026-09-10 05:16:08,619 INFO o.a.j.t.JMeterThread: Stopping because end time detected by thread: TCC orders 1-97
2026-09-10 05:16:08,619 INFO o.a.j.t.JMeterThread: Thread finished: TCC orders 1-97
2026-09-10 05:16:08,643 INFO o.a.j.t.JMeterThread: Stopping because end time detected by thread: TCC orders 1-29
2026-09-10 05:16:08,644 INFO o.a.j.t.JMeterThread: Thread finished: TCC orders 1-29
2026-09-10 05:16:08,667 INFO o.a.j.t.JMeterThread: Stopping because end time detected by thread: TCC orders 1-76
2026-09-10 05:16:08,667 INFO o.a.j.t.JMeterThread: Thread finished: TCC orders 1-76
2026-09-10 05:16:08,692 INFO o.a.j.t.JMeterThread: Stopping because end time detected by thread: TCC orders 1-60
2026-09-10 05:16:08,693 INFO o.a.j.t.JMeterThread: Thread finished: TCC orders 1-60
2026-09-10 05:16:08,717 INFO o.a.j.t.JMeterThread: Stopping because end time detected by thread: TCC orders 1-27
2026-09-10 05:16:08,717 INFO o.a.j.t.JMeterThread: Thread finished: TCC orders 1-27
2026-09-10 05:16:08,743 INFO o.a.j.t.JMeterThread: Stopping because end time detected by thread: TCC orders 1-3
2026-09-10 05:16:08,743 INFO o.a.j.t.JMeterThread: Thread finished: TCC orders 1-3
2026-09-10 05:16:08,767 INFO o.a.j.t.JMeterThread: Stopping because end time detected by thread: TCC orders 1-89
2026-09-10 05:16:08,768 INFO o.a.j.t.JMeterThread: Thread finished: TCC orders 1-89
2026-09-10 05:16:08,792 INFO o.a.j.t.JMeterThread: Stopping because end time detected by thread: TCC orders 1-75
2026-09-10 05:16:08,792 INFO o.a.j.t.JMeterThread: Thread finished: TCC orders 1-75
2026-09-10 05:16:08,817 INFO o.a.j.t.JMeterThread: Stopping because end time detected by thread: TCC orders 1-80
2026-09-10 05:16:08,817 INFO o.a.j.t.JMeterThread: Thread finished: TCC orders 1-80
2026-09-10 05:16:08,840 INFO o.a.j.t.JMeterThread: Stopping because end time detected by thread: TCC orders 1-1
2026-09-10 05:16:08,841 INFO o.a.j.t.JMeterThread: Thread finished: TCC orders 1-1
2026-09-10 05:16:08,865 INFO o.a.j.t.JMeterThread: Stopping because end time detected by thread: TCC orders 1-49
2026-09-10 05:16:08,865 INFO o.a.j.t.JMeterThread: Thread finished: TCC orders 1-49
2026-09-10 05:16:08,891 INFO o.a.j.t.JMeterThread: Stopping because end time detected by thread: TCC orders 1-4
2026-09-10 05:16:08,891 INFO o.a.j.t.JMeterThread: Thread finished: TCC orders 1-4
2026-09-10 05:16:08,917 INFO o.a.j.t.JMeterThread: Stopping because end time detected by thread: TCC orders 1-8
2026-09-10 05:16:08,917 INFO o.a.j.t.JMeterThread: Thread finished: TCC orders 1-8
2026-09-10 05:16:08,941 INFO o.a.j.t.JMeterThread: Stopping because end time detected by thread: TCC orders 1-81
2026-09-10 05:16:08,941 INFO o.a.j.t.JMeterThread: Thread finished: TCC orders 1-81
2026-09-10 05:16:08,966 INFO o.a.j.t.JMeterThread: Stopping because end time detected by thread: TCC orders 1-78
2026-09-10 05:16:08,966 INFO o.a.j.t.JMeterThread: Thread finished: TCC orders 1-78
2026-09-10 05:16:08,991 INFO o.a.j.t.JMeterThread: Stopping because end time detected by thread: TCC orders 1-40
2026-09-10 05:16:08,991 INFO o.a.j.t.JMeterThread: Thread finished: TCC orders 1-40
2026-09-10 05:16:09,022 INFO o.a.j.t.JMeterThread: Stopping because end time detected by thread: TCC orders 1-11
2026-09-10 05:16:09,022 INFO o.a.j.t.JMeterThread: Thread finished: TCC orders 1-11
2026-09-10 05:16:09,046 INFO o.a.j.t.JMeterThread: Stopping because end time detected by thread: TCC orders 1-59
2026-09-10 05:16:09,046 INFO o.a.j.t.JMeterThread: Thread finished: TCC orders 1-59
2026-09-10 05:16:09,073 INFO o.a.j.t.JMeterThread: Stopping because end time detected by thread: TCC orders 1-99
2026-09-10 05:16:09,073 INFO o.a.j.t.JMeterThread: Thread finished: TCC orders 1-99
2026-09-10 05:16:09,097 INFO o.a.j.t.JMeterThread: Stopping because end time detected by thread: TCC orders 1-83
2026-09-10 05:16:09,097 INFO o.a.j.t.JMeterThread: Thread finished: TCC orders 1-83
2026-09-10 05:16:09,122 INFO o.a.j.t.JMeterThread: Stopping because end time detected by thread: TCC orders 1-5
2026-09-10 05:16:09,122 INFO o.a.j.t.JMeterThread: Thread finished: TCC orders 1-5
2026-09-10 05:16:09,146 INFO o.a.j.t.JMeterThread: Stopping because end time detected by thread: TCC orders 1-34
2026-09-10 05:16:09,146 INFO o.a.j.t.JMeterThread: Thread finished: TCC orders 1-34
2026-09-10 05:16:09,170 INFO o.a.j.t.JMeterThread: Stopping because end time detected by thread: TCC orders 1-52
2026-09-10 05:16:09,171 INFO o.a.j.t.JMeterThread: Thread finished: TCC orders 1-52
2026-09-10 05:16:09,195 INFO o.a.j.t.JMeterThread: Stopping because end time detected by thread: TCC orders 1-32
2026-09-10 05:16:09,195 INFO o.a.j.t.JMeterThread: Thread finished: TCC orders 1-32
2026-09-10 05:16:09,219 INFO o.a.j.t.JMeterThread: Stopping because end time detected by thread: TCC orders 1-39
2026-09-10 05:16:09,219 INFO o.a.j.t.JMeterThread: Thread finished: TCC orders 1-39
2026-09-10 05:16:09,244 INFO o.a.j.t.JMeterThread: Stopping because end time detected by thread: TCC orders 1-48
2026-09-10 05:16:09,244 INFO o.a.j.t.JMeterThread: Thread finished: TCC orders 1-48
2026-09-10 05:16:09,268 INFO o.a.j.t.JMeterThread: Stopping because end time detected by thread: TCC orders 1-6
2026-09-10 05:16:09,268 INFO o.a.j.t.JMeterThread: Thread finished: TCC orders 1-6
2026-09-10 05:16:09,293 INFO o.a.j.t.JMeterThread: Stopping because end time detected by thread: TCC orders 1-94
2026-09-10 05:16:09,293 INFO o.a.j.t.JMeterThread: Thread finished: TCC orders 1-94
2026-09-10 05:16:09,316 INFO o.a.j.t.JMeterThread: Stopping because end time detected by thread: TCC orders 1-45
2026-09-10 05:16:09,316 INFO o.a.j.t.JMeterThread: Thread finished: TCC orders 1-45
2026-09-10 05:16:09,341 INFO o.a.j.t.JMeterThread: Stopping because end time detected by thread: TCC orders 1-91
2026-09-10 05:16:09,341 INFO o.a.j.t.JMeterThread: Thread finished: TCC orders 1-91
2026-09-10 05:16:09,364 INFO o.a.j.t.JMeterThread: Stopping because end time detected by thread: TCC orders 1-53
2026-09-10 05:16:09,365 INFO o.a.j.t.JMeterThread: Thread finished: TCC orders 1-53
2026-09-10 05:16:09,389 INFO o.a.j.t.JMeterThread: Stopping because end time detected by thread: TCC orders 1-13
2026-09-10 05:16:09,389 INFO o.a.j.t.JMeterThread: Thread finished: TCC orders 1-13
2026-09-10 05:16:09,413 INFO o.a.j.t.JMeterThread: Stopping because end time detected by thread: TCC orders 1-77
2026-09-10 05:16:09,414 INFO o.a.j.t.JMeterThread: Thread finished: TCC orders 1-77
2026-09-10 05:16:09,438 INFO o.a.j.t.JMeterThread: Stopping because end time detected by thread: TCC orders 1-86
2026-09-10 05:16:09,438 INFO o.a.j.t.JMeterThread: Thread finished: TCC orders 1-86
2026-09-10 05:16:09,464 INFO o.a.j.t.JMeterThread: Stopping because end time detected by thread: TCC orders 1-12
2026-09-10 05:16:09,464 INFO o.a.j.t.JMeterThread: Thread finished: TCC orders 1-12
2026-09-10 05:16:09,489 INFO o.a.j.t.JMeterThread: Stopping because end time detected by thread: TCC orders 1-57
2026-09-10 05:16:09,490 INFO o.a.j.t.JMeterThread: Thread finished: TCC orders 1-57
2026-09-10 05:16:09,515 INFO o.a.j.t.JMeterThread: Stopping because end time detected by thread: TCC orders 1-15
2026-09-10 05:16:09,516 INFO o.a.j.t.JMeterThread: Thread finished: TCC orders 1-15
2026-09-10 05:16:09,539 INFO o.a.j.t.JMeterThread: Stopping because end time detected by thread: TCC orders 1-14
2026-09-10 05:16:09,540 INFO o.a.j.t.JMeterThread: Thread finished: TCC orders 1-14
2026-09-10 05:16:09,564 INFO o.a.j.t.JMeterThread: Stopping because end time detected by thread: TCC orders 1-42
2026-09-10 05:16:09,564 INFO o.a.j.t.JMeterThread: Thread finished: TCC orders 1-42
2026-09-10 05:16:09,589 INFO o.a.j.t.JMeterThread: Stopping because end time detected by thread: TCC orders 1-23
2026-09-10 05:16:09,589 INFO o.a.j.t.JMeterThread: Thread finished: TCC orders 1-23
2026-09-10 05:16:09,615 INFO o.a.j.t.JMeterThread: Stopping because end time detected by thread: TCC orders 1-17
2026-09-10 05:16:09,615 INFO o.a.j.t.JMeterThread: Thread finished: TCC orders 1-17
2026-09-10 05:16:09,639 INFO o.a.j.t.JMeterThread: Stopping because end time detected by thread: TCC orders 1-31
2026-09-10 05:16:09,640 INFO o.a.j.t.JMeterThread: Thread finished: TCC orders 1-31
2026-09-10 05:16:09,664 INFO o.a.j.t.JMeterThread: Stopping because end time detected by thread: TCC orders 1-55
2026-09-10 05:16:09,664 INFO o.a.j.t.JMeterThread: Thread finished: TCC orders 1-55
2026-09-10 05:16:09,689 INFO o.a.j.t.JMeterThread: Stopping because end time detected by thread: TCC orders 1-25
2026-09-10 05:16:09,689 INFO o.a.j.t.JMeterThread: Thread finished: TCC orders 1-25
2026-09-10 05:16:09,714 INFO o.a.j.t.JMeterThread: Stopping because end time detected by thread: TCC orders 1-24
2026-09-10 05:16:09,714 INFO o.a.j.t.JMeterThread: Thread finished: TCC orders 1-24
2026-09-10 05:16:09,740 INFO o.a.j.t.JMeterThread: Stopping because end time detected by thread: TCC orders 1-93
2026-09-10 05:16:09,740 INFO o.a.j.t.JMeterThread: Thread finished: TCC orders 1-93
2026-09-10 05:16:09,765 INFO o.a.j.t.JMeterThread: Stopping because end time detected by thread: TCC orders 1-47
2026-09-10 05:16:09,765 INFO o.a.j.t.JMeterThread: Thread finished: TCC orders 1-47
2026-09-10 05:16:09,789 INFO o.a.j.t.JMeterThread: Stopping because end time detected by thread: TCC orders 1-96
2026-09-10 05:16:09,789 INFO o.a.j.t.JMeterThread: Thread finished: TCC orders 1-96
2026-09-10 05:16:09,813 INFO o.a.j.t.JMeterThread: Stopping because end time detected by thread: TCC orders 1-35
2026-09-10 05:16:09,813 INFO o.a.j.t.JMeterThread: Thread finished: TCC orders 1-35
2026-09-10 05:16:09,837 INFO o.a.j.t.JMeterThread: Stopping because end time detected by thread: TCC orders 1-88
2026-09-10 05:16:09,837 INFO o.a.j.t.JMeterThread: Thread finished: TCC orders 1-88
2026-09-10 05:16:09,861 INFO o.a.j.t.JMeterThread: Stopping because end time detected by thread: TCC orders 1-36
2026-09-10 05:16:09,861 INFO o.a.j.t.JMeterThread: Thread finished: TCC orders 1-36
2026-09-10 05:16:09,884 INFO o.a.j.t.JMeterThread: Stopping because end time detected by thread: TCC orders 1-68
2026-09-10 05:16:09,884 INFO o.a.j.t.JMeterThread: Thread finished: TCC orders 1-68
2026-09-10 05:16:09,909 INFO o.a.j.t.JMeterThread: Stopping because end time detected by thread: TCC orders 1-2
2026-09-10 05:16:09,910 INFO o.a.j.t.JMeterThread: Thread finished: TCC orders 1-2
2026-09-10 05:16:09,933 INFO o.a.j.t.JMeterThread: Stopping because end time detected by thread: TCC orders 1-85
2026-09-10 05:16:09,933 INFO o.a.j.t.JMeterThread: Thread finished: TCC orders 1-85
2026-09-10 05:16:09,957 INFO o.a.j.t.JMeterThread: Stopping because end time detected by thread: TCC orders 1-26
2026-09-10 05:16:09,957 INFO o.a.j.t.JMeterThread: Thread finished: TCC orders 1-26
2026-09-10 05:16:09,982 INFO o.a.j.t.JMeterThread: Stopping because end time detected by thread: TCC orders 1-58
2026-09-10 05:16:09,982 INFO o.a.j.t.JMeterThread: Thread finished: TCC orders 1-58
2026-09-10 05:16:10,012 INFO o.a.j.t.JMeterThread: Stopping because end time detected by thread: TCC orders 1-90
2026-09-10 05:16:10,012 INFO o.a.j.t.JMeterThread: Thread finished: TCC orders 1-90
2026-09-10 05:16:10,038 INFO o.a.j.t.JMeterThread: Stopping because end time detected by thread: TCC orders 1-38
2026-09-10 05:16:10,038 INFO o.a.j.t.JMeterThread: Thread finished: TCC orders 1-38
2026-09-10 05:16:10,064 INFO o.a.j.t.JMeterThread: Stopping because end time detected by thread: TCC orders 1-98
2026-09-10 05:16:10,064 INFO o.a.j.t.JMeterThread: Thread finished: TCC orders 1-98
2026-09-10 05:16:10,089 INFO o.a.j.t.JMeterThread: Stopping because end time detected by thread: TCC orders 1-87
2026-09-10 05:16:10,090 INFO o.a.j.t.JMeterThread: Thread finished: TCC orders 1-87
2026-09-10 05:16:10,113 INFO o.a.j.t.JMeterThread: Stopping because end time detected by thread: TCC orders 1-67
2026-09-10 05:16:10,113 INFO o.a.j.t.JMeterThread: Thread finished: TCC orders 1-67
2026-09-10 05:16:10,137 INFO o.a.j.t.JMeterThread: Stopping because end time detected by thread: TCC orders 1-33
2026-09-10 05:16:10,137 INFO o.a.j.t.JMeterThread: Thread finished: TCC orders 1-33
2026-09-10 05:16:10,161 INFO o.a.j.t.JMeterThread: Stopping because end time detected by thread: TCC orders 1-74
2026-09-10 05:16:10,161 INFO o.a.j.t.JMeterThread: Thread finished: TCC orders 1-74
2026-09-10 05:16:10,185 INFO o.a.j.t.JMeterThread: Stopping because end time detected by thread: TCC orders 1-44
2026-09-10 05:16:10,185 INFO o.a.j.t.JMeterThread: Thread finished: TCC orders 1-44
2026-09-10 05:16:10,209 INFO o.a.j.t.JMeterThread: Stopping because end time detected by thread: TCC orders 1-21
2026-09-10 05:16:10,209 INFO o.a.j.t.JMeterThread: Thread finished: TCC orders 1-21
2026-09-10 05:16:10,233 INFO o.a.j.t.JMeterThread: Stopping because end time detected by thread: TCC orders 1-51
2026-09-10 05:16:10,233 INFO o.a.j.t.JMeterThread: Thread finished: TCC orders 1-51
2026-09-10 05:16:10,257 INFO o.a.j.t.JMeterThread: Stopping because end time detected by thread: TCC orders 1-9
2026-09-10 05:16:10,257 INFO o.a.j.t.JMeterThread: Thread finished: TCC orders 1-9
2026-09-10 05:16:10,281 INFO o.a.j.t.JMeterThread: Stopping because end time detected by thread: TCC orders 1-28
2026-09-10 05:16:10,281 INFO o.a.j.t.JMeterThread: Thread finished: TCC orders 1-28
2026-09-10 05:16:10,305 INFO o.a.j.t.JMeterThread: Stopping because end time detected by thread: TCC orders 1-16
2026-09-10 05:16:10,306 INFO o.a.j.t.JMeterThread: Thread finished: TCC orders 1-16
2026-09-10 05:16:10,330 INFO o.a.j.t.JMeterThread: Stopping because end time detected by thread: TCC orders 1-30
2026-09-10 05:16:10,331 INFO o.a.j.t.JMeterThread: Thread finished: TCC orders 1-30
2026-09-10 05:16:10,354 INFO o.a.j.t.JMeterThread: Stopping because end time detected by thread: TCC orders 1-18
2026-09-10 05:16:10,354 INFO o.a.j.t.JMeterThread: Thread finished: TCC orders 1-18
2026-09-10 05:16:10,379 INFO o.a.j.t.JMeterThread: Stopping because end time detected by thread: TCC orders 1-63
2026-09-10 05:16:10,379 INFO o.a.j.t.JMeterThread: Thread finished: TCC orders 1-63
2026-09-10 05:16:10,406 INFO o.a.j.t.JMeterThread: Stopping because end time detected by thread: TCC orders 1-56
2026-09-10 05:16:10,406 INFO o.a.j.t.JMeterThread: Thread finished: TCC orders 1-56
2026-09-10 05:16:10,430 INFO o.a.j.t.JMeterThread: Stopping because end time detected by thread: TCC orders 1-72
2026-09-10 05:16:10,431 INFO o.a.j.t.JMeterThread: Thread finished: TCC orders 1-72
2026-09-10 05:16:10,455 INFO o.a.j.t.JMeterThread: Stopping because end time detected by thread: TCC orders 1-71
2026-09-10 05:16:10,455 INFO o.a.j.t.JMeterThread: Thread finished: TCC orders 1-71
2026-09-10 05:16:10,480 INFO o.a.j.t.JMeterThread: Stopping because end time detected by thread: TCC orders 1-19
2026-09-10 05:16:10,481 INFO o.a.j.t.JMeterThread: Thread finished: TCC orders 1-19
2026-09-10 05:16:10,506 INFO o.a.j.t.JMeterThread: Stopping because end time detected by thread: TCC orders 1-65
2026-09-10 05:16:10,506 INFO o.a.j.t.JMeterThread: Thread finished: TCC orders 1-65
2026-09-10 05:16:10,532 INFO o.a.j.t.JMeterThread: Stopping because end time detected by thread: TCC orders 1-37
2026-09-10 05:16:10,532 INFO o.a.j.t.JMeterThread: Thread finished: TCC orders 1-37
2026-09-10 05:16:10,558 INFO o.a.j.t.JMeterThread: Stopping because end time detected by thread: TCC orders 1-7
2026-09-10 05:16:10,558 INFO o.a.j.t.JMeterThread: Thread finished: TCC orders 1-7
2026-09-10 05:16:10,582 INFO o.a.j.t.JMeterThread: Stopping because end time detected by thread: TCC orders 1-100
2026-09-10 05:16:10,583 INFO o.a.j.t.JMeterThread: Thread finished: TCC orders 1-100
2026-09-10 05:16:10,606 INFO o.a.j.t.JMeterThread: Stopping because end time detected by thread: TCC orders 1-64
2026-09-10 05:16:10,607 INFO o.a.j.t.JMeterThread: Thread finished: TCC orders 1-64
2026-09-10 05:16:10,630 INFO o.a.j.t.JMeterThread: Stopping because end time detected by thread: TCC orders 1-82
2026-09-10 05:16:10,630 INFO o.a.j.t.JMeterThread: Thread finished: TCC orders 1-82
2026-09-10 05:16:10,655 INFO o.a.j.t.JMeterThread: Stopping because end time detected by thread: TCC orders 1-61
2026-09-10 05:16:10,656 INFO o.a.j.t.JMeterThread: Thread finished: TCC orders 1-61
2026-09-10 05:16:10,680 INFO o.a.j.t.JMeterThread: Stopping because end time detected by thread: TCC orders 1-66
2026-09-10 05:16:10,680 INFO o.a.j.t.JMeterThread: Thread finished: TCC orders 1-66
2026-09-10 05:16:10,705 INFO o.a.j.t.JMeterThread: Stopping because end time detected by thread: TCC orders 1-20
2026-09-10 05:16:10,705 INFO o.a.j.t.JMeterThread: Thread finished: TCC orders 1-20
2026-09-10 05:16:10,729 INFO o.a.j.t.JMeterThread: Stopping because end time detected by thread: TCC orders 1-54
2026-09-10 05:16:10,729 INFO o.a.j.t.JMeterThread: Thread finished: TCC orders 1-54
2026-09-10 05:16:10,753 INFO o.a.j.t.JMeterThread: Stopping because end time detected by thread: TCC orders 1-41
2026-09-10 05:16:10,754 INFO o.a.j.t.JMeterThread: Thread finished: TCC orders 1-41
2026-09-10 05:16:10,778 INFO o.a.j.t.JMeterThread: Stopping because end time detected by thread: TCC orders 1-70
2026-09-10 05:16:10,778 INFO o.a.j.t.JMeterThread: Thread finished: TCC orders 1-70
2026-09-10 05:16:10,802 INFO o.a.j.t.JMeterThread: Stopping because end time detected by thread: TCC orders 1-73
2026-09-10 05:16:10,803 INFO o.a.j.t.JMeterThread: Thread finished: TCC orders 1-73
2026-09-10 05:16:10,829 INFO o.a.j.t.JMeterThread: Stopping because end time detected by thread: TCC orders 1-69
2026-09-10 05:16:10,829 INFO o.a.j.t.JMeterThread: Thread finished: TCC orders 1-69
2026-09-10 05:16:10,829 INFO o.a.j.e.StandardJMeterEngine: Notifying test listeners of end of test
2026-09-10 05:16:10,832 INFO o.a.j.r.Summariser: summary +    435 in 00:00:11 =   40.2/s Avg:  2486 Min:  2460 Max:  2524 Err:     0 (0.00%) Active: 0 Started: 100 Finished: 100
2026-09-10 05:16:10,832 INFO o.a.j.r.Summariser: summary =   1281 in 00:00:33 =   39.4/s Avg:  2419 Min:   125 Max:  2842 Err:     0 (0.00%)
