2026-09-10 06:30:43,953 INFO o.a.j.u.JMeterUtils: Setting Locale to en_EN
2026-09-10 06:30:43,969 INFO o.a.j.JMeter: Loading user properties from: /home/avituo/projects/tcc/tcc-container/.tools/apache-jmeter-5.6.3/bin/user.properties
2026-09-10 06:30:43,969 INFO o.a.j.JMeter: Loading system properties from: /home/avituo/projects/tcc/tcc-container/.tools/apache-jmeter-5.6.3/bin/system.properties
2026-09-10 06:30:43,969 INFO o.a.j.JMeter: Loading additional properties from: /home/avituo/projects/tcc/tcc-container/benchmark/jmeter/benchmark.properties
2026-09-10 06:30:43,970 INFO o.a.j.JMeter: Loading additional properties from: /tmp/tcc-benchmark-auth.QmT42A/auth.properties
2026-09-10 06:30:43,970 INFO o.a.j.JMeter: Setting JMeter property: threads=25
2026-09-10 06:30:43,970 INFO o.a.j.JMeter: Setting JMeter property: duration_seconds=30
2026-09-10 06:30:43,970 INFO o.a.j.JMeter: Setting JMeter property: target_host=localhost
2026-09-10 06:30:43,970 INFO o.a.j.JMeter: Setting JMeter property: target_port=18000
2026-09-10 06:30:43,970 INFO o.a.j.JMeter: Setting JMeter property: tcc.order.id=1
2026-09-10 06:30:43,970 INFO o.a.j.JMeter: Setting JMeter property: repetition=3
2026-09-10 06:30:43,976 INFO o.a.j.JMeter: Copyright (c) 1998-2024 The Apache Software Foundation
2026-09-10 06:30:43,976 INFO o.a.j.JMeter: Version 5.6.3
2026-09-10 06:30:43,976 INFO o.a.j.JMeter: java.version=21.0.11
2026-09-10 06:30:43,976 INFO o.a.j.JMeter: java.vm.name=OpenJDK 64-Bit Server VM
2026-09-10 06:30:43,976 INFO o.a.j.JMeter: os.name=Linux
2026-09-10 06:30:43,976 INFO o.a.j.JMeter: os.arch=amd64
2026-09-10 06:30:43,976 INFO o.a.j.JMeter: os.version=7.0.11-76070011-generic
2026-09-10 06:30:43,976 INFO o.a.j.JMeter: file.encoding=UTF-8
2026-09-10 06:30:43,977 INFO o.a.j.JMeter: java.awt.headless=true
2026-09-10 06:30:43,977 INFO o.a.j.JMeter: Max memory     =1073741824
2026-09-10 06:30:43,977 INFO o.a.j.JMeter: Available Processors =16
2026-09-10 06:30:43,985 INFO o.a.j.JMeter: Default Locale=English (EN)
2026-09-10 06:30:43,985 INFO o.a.j.JMeter: JMeter  Locale=English (EN)
2026-09-10 06:30:43,985 INFO o.a.j.JMeter: JMeterHome=/home/avituo/projects/tcc/tcc-container/.tools/apache-jmeter-5.6.3
2026-09-10 06:30:43,985 INFO o.a.j.JMeter: user.dir  =/home/avituo/projects/tcc/tcc-container
2026-09-10 06:30:43,985 INFO o.a.j.JMeter: PWD       =/home/avituo/projects/tcc/tcc-container
2026-09-10 06:30:43,993 INFO o.a.j.JMeter: IP: 192.168.1.16 Name: pop-os FullName: pop-os.home
2026-09-10 06:30:44,006 INFO o.a.j.s.FileServer: Default base='/home/avituo/projects/tcc/tcc-container'
2026-09-10 06:30:44,008 INFO o.a.j.s.FileServer: Set new base='/home/avituo/projects/tcc/tcc-container/benchmark/jmeter'
2026-09-10 06:30:44,190 INFO o.a.j.s.SaveService: Testplan (JMX) version: 2.2. Testlog (JTL) version: 2.2
2026-09-10 06:30:44,215 INFO o.a.j.s.SaveService: Using SaveService properties version 5.0
2026-09-10 06:30:44,218 INFO o.a.j.s.SaveService: Using SaveService properties file encoding UTF-8
2026-09-10 06:30:44,221 INFO o.a.j.s.SaveService: Loading file: /home/avituo/projects/tcc/tcc-container/benchmark/jmeter/tcc-order-show-v1.jmx
2026-09-10 06:30:44,272 INFO o.a.j.p.h.s.HTTPSamplerBase: Parser for text/html is org.apache.jmeter.protocol.http.parser.LagartoBasedHtmlParser
2026-09-10 06:30:44,272 INFO o.a.j.p.h.s.HTTPSamplerBase: Parser for application/xhtml+xml is org.apache.jmeter.protocol.http.parser.LagartoBasedHtmlParser
2026-09-10 06:30:44,272 INFO o.a.j.p.h.s.HTTPSamplerBase: Parser for application/xml is org.apache.jmeter.protocol.http.parser.LagartoBasedHtmlParser
2026-09-10 06:30:44,272 INFO o.a.j.p.h.s.HTTPSamplerBase: Parser for text/xml is org.apache.jmeter.protocol.http.parser.LagartoBasedHtmlParser
2026-09-10 06:30:44,272 INFO o.a.j.p.h.s.HTTPSamplerBase: Parser for text/vnd.wap.wml is org.apache.jmeter.protocol.http.parser.RegexpHTMLParser
2026-09-10 06:30:44,272 INFO o.a.j.p.h.s.HTTPSamplerBase: Parser for text/css is org.apache.jmeter.protocol.http.parser.CssParser
2026-09-10 06:30:44,301 INFO o.a.j.JMeter: Creating summariser <summary>
2026-09-10 06:30:44,322 INFO o.a.j.e.StandardJMeterEngine: Running the test!
2026-09-10 06:30:44,322 INFO o.a.j.s.SampleEvent: List of sample_variables: []
2026-09-10 06:30:44,322 INFO o.a.j.s.SampleEvent: List of sample_variables: []
2026-09-10 06:30:44,329 INFO o.a.j.e.u.CompoundVariable: Note: Function class names must contain the string: '.functions.'
2026-09-10 06:30:44,329 INFO o.a.j.e.u.CompoundVariable: Note: Function class names must not contain the string: '.gui.'
2026-09-10 06:30:44,578 INFO o.a.j.JMeter: Running test (1789032644578)
2026-09-10 06:30:44,598 INFO o.a.j.e.StandardJMeterEngine: Starting ThreadGroup: 1 : TCC order-show
2026-09-10 06:30:44,598 INFO o.a.j.e.StandardJMeterEngine: Starting 25 threads for group TCC order-show.
2026-09-10 06:30:44,598 INFO o.a.j.e.StandardJMeterEngine: Thread will continue on error
2026-09-10 06:30:44,599 INFO o.a.j.t.ThreadGroup: Starting thread group... number=1 threads=25 ramp-up=0 delayedStart=false
2026-09-10 06:30:44,605 INFO o.a.j.t.JMeterThread: Thread started: TCC order-show 1-3
2026-09-10 06:30:44,605 INFO o.a.j.t.JMeterThread: Thread started: TCC order-show 1-2
2026-09-10 06:30:44,605 INFO o.a.j.t.JMeterThread: Thread started: TCC order-show 1-1
2026-09-10 06:30:44,605 INFO o.a.j.t.JMeterThread: Thread started: TCC order-show 1-4
2026-09-10 06:30:44,605 INFO o.a.j.t.JMeterThread: Thread started: TCC order-show 1-6
2026-09-10 06:30:44,605 INFO o.a.j.t.JMeterThread: Thread started: TCC order-show 1-5
2026-09-10 06:30:44,606 INFO o.a.j.t.JMeterThread: Thread started: TCC order-show 1-7
2026-09-10 06:30:44,607 INFO o.a.j.t.JMeterThread: Thread started: TCC order-show 1-8
2026-09-10 06:30:44,607 INFO o.a.j.t.JMeterThread: Thread started: TCC order-show 1-9
2026-09-10 06:30:44,608 INFO o.a.j.t.JMeterThread: Thread started: TCC order-show 1-10
2026-09-10 06:30:44,608 INFO o.a.j.t.JMeterThread: Thread started: TCC order-show 1-11
2026-09-10 06:30:44,609 INFO o.a.j.t.JMeterThread: Thread started: TCC order-show 1-12
2026-09-10 06:30:44,610 INFO o.a.j.t.JMeterThread: Thread started: TCC order-show 1-13
2026-09-10 06:30:44,611 INFO o.a.j.t.JMeterThread: Thread started: TCC order-show 1-14
2026-09-10 06:30:44,613 INFO o.a.j.t.JMeterThread: Thread started: TCC order-show 1-15
2026-09-10 06:30:44,614 INFO o.a.j.t.JMeterThread: Thread started: TCC order-show 1-16
2026-09-10 06:30:44,614 INFO o.a.j.t.JMeterThread: Thread started: TCC order-show 1-17
2026-09-10 06:30:44,615 INFO o.a.j.t.JMeterThread: Thread started: TCC order-show 1-18
2026-09-10 06:30:44,615 INFO o.a.j.t.JMeterThread: Thread started: TCC order-show 1-19
2026-09-10 06:30:44,616 INFO o.a.j.t.JMeterThread: Thread started: TCC order-show 1-20
2026-09-10 06:30:44,616 INFO o.a.j.t.JMeterThread: Thread started: TCC order-show 1-21
2026-09-10 06:30:44,617 INFO o.a.j.t.JMeterThread: Thread started: TCC order-show 1-22
2026-09-10 06:30:44,617 INFO o.a.j.t.JMeterThread: Thread started: TCC order-show 1-23
2026-09-10 06:30:44,618 INFO o.a.j.t.ThreadGroup: Started thread group number 1
2026-09-10 06:30:44,618 INFO o.a.j.e.StandardJMeterEngine: All thread groups have been started
2026-09-10 06:30:44,617 INFO o.a.j.t.JMeterThread: Thread started: TCC order-show 1-24
2026-09-10 06:30:44,618 INFO o.a.j.t.JMeterThread: Thread started: TCC order-show 1-25
2026-09-10 06:30:44,626 INFO o.a.j.p.h.s.HTTPHCAbstractImpl: Local host = pop-os
2026-09-10 06:30:44,631 INFO o.a.j.p.h.s.HTTPHC4Impl: HTTP request retry count = 0
2026-09-10 06:30:44,632 INFO o.a.j.s.SampleResult: Note: Sample TimeStamps are START times
2026-09-10 06:30:44,632 INFO o.a.j.s.SampleResult: sampleresult.default.encoding is set to UTF-8
2026-09-10 06:30:44,632 INFO o.a.j.s.SampleResult: sampleresult.useNanoTime=true
2026-09-10 06:30:44,632 INFO o.a.j.s.SampleResult: sampleresult.nanoThreadSleep=5000
2026-09-10 06:31:00,012 INFO o.a.j.r.Summariser: summary +   1333 in 00:00:15 =   86.4/s Avg:   270 Min:    19 Max:   520 Err:     0 (0.00%) Active: 25 Started: 25 Finished: 0
2026-09-10 06:31:14,606 INFO o.a.j.t.JMeterThread: Stopping because end time detected by thread: TCC order-show 1-5
2026-09-10 06:31:14,606 INFO o.a.j.t.JMeterThread: Thread finished: TCC order-show 1-5
2026-09-10 06:31:14,616 INFO o.a.j.t.JMeterThread: Stopping because end time detected by thread: TCC order-show 1-22
2026-09-10 06:31:14,617 INFO o.a.j.t.JMeterThread: Thread finished: TCC order-show 1-22
2026-09-10 06:31:14,627 INFO o.a.j.t.JMeterThread: Stopping because end time detected by thread: TCC order-show 1-6
2026-09-10 06:31:14,627 INFO o.a.j.t.JMeterThread: Thread finished: TCC order-show 1-6
2026-09-10 06:31:14,637 INFO o.a.j.t.JMeterThread: Stopping because end time detected by thread: TCC order-show 1-13
2026-09-10 06:31:14,638 INFO o.a.j.t.JMeterThread: Thread finished: TCC order-show 1-13
2026-09-10 06:31:14,648 INFO o.a.j.t.JMeterThread: Stopping because end time detected by thread: TCC order-show 1-8
2026-09-10 06:31:14,648 INFO o.a.j.t.JMeterThread: Thread finished: TCC order-show 1-8
2026-09-10 06:31:14,658 INFO o.a.j.t.JMeterThread: Stopping because end time detected by thread: TCC order-show 1-21
2026-09-10 06:31:14,659 INFO o.a.j.t.JMeterThread: Thread finished: TCC order-show 1-21
2026-09-10 06:31:14,669 INFO o.a.j.t.JMeterThread: Stopping because end time detected by thread: TCC order-show 1-17
2026-09-10 06:31:14,669 INFO o.a.j.t.JMeterThread: Thread finished: TCC order-show 1-17
2026-09-10 06:31:14,681 INFO o.a.j.t.JMeterThread: Stopping because end time detected by thread: TCC order-show 1-7
2026-09-10 06:31:14,681 INFO o.a.j.t.JMeterThread: Thread finished: TCC order-show 1-7
2026-09-10 06:31:14,691 INFO o.a.j.t.JMeterThread: Stopping because end time detected by thread: TCC order-show 1-14
2026-09-10 06:31:14,691 INFO o.a.j.t.JMeterThread: Thread finished: TCC order-show 1-14
2026-09-10 06:31:14,701 INFO o.a.j.t.JMeterThread: Stopping because end time detected by thread: TCC order-show 1-18
2026-09-10 06:31:14,702 INFO o.a.j.t.JMeterThread: Thread finished: TCC order-show 1-18
2026-09-10 06:31:14,712 INFO o.a.j.t.JMeterThread: Stopping because end time detected by thread: TCC order-show 1-16
2026-09-10 06:31:14,712 INFO o.a.j.t.JMeterThread: Thread finished: TCC order-show 1-16
2026-09-10 06:31:14,723 INFO o.a.j.t.JMeterThread: Stopping because end time detected by thread: TCC order-show 1-15
2026-09-10 06:31:14,723 INFO o.a.j.t.JMeterThread: Thread finished: TCC order-show 1-15
2026-09-10 06:31:14,734 INFO o.a.j.t.JMeterThread: Stopping because end time detected by thread: TCC order-show 1-12
2026-09-10 06:31:14,734 INFO o.a.j.t.JMeterThread: Thread finished: TCC order-show 1-12
2026-09-10 06:31:14,745 INFO o.a.j.t.JMeterThread: Stopping because end time detected by thread: TCC order-show 1-3
2026-09-10 06:31:14,746 INFO o.a.j.t.JMeterThread: Thread finished: TCC order-show 1-3
2026-09-10 06:31:14,756 INFO o.a.j.t.JMeterThread: Stopping because end time detected by thread: TCC order-show 1-20
2026-09-10 06:31:14,756 INFO o.a.j.t.JMeterThread: Thread finished: TCC order-show 1-20
2026-09-10 06:31:14,767 INFO o.a.j.t.JMeterThread: Stopping because end time detected by thread: TCC order-show 1-19
2026-09-10 06:31:14,767 INFO o.a.j.t.JMeterThread: Thread finished: TCC order-show 1-19
2026-09-10 06:31:14,778 INFO o.a.j.t.JMeterThread: Stopping because end time detected by thread: TCC order-show 1-23
2026-09-10 06:31:14,778 INFO o.a.j.t.JMeterThread: Thread finished: TCC order-show 1-23
2026-09-10 06:31:14,789 INFO o.a.j.t.JMeterThread: Stopping because end time detected by thread: TCC order-show 1-24
2026-09-10 06:31:14,789 INFO o.a.j.t.JMeterThread: Thread finished: TCC order-show 1-24
2026-09-10 06:31:14,800 INFO o.a.j.t.JMeterThread: Stopping because end time detected by thread: TCC order-show 1-4
2026-09-10 06:31:14,800 INFO o.a.j.t.JMeterThread: Thread finished: TCC order-show 1-4
2026-09-10 06:31:14,811 INFO o.a.j.t.JMeterThread: Stopping because end time detected by thread: TCC order-show 1-1
2026-09-10 06:31:14,811 INFO o.a.j.t.JMeterThread: Thread finished: TCC order-show 1-1
2026-09-10 06:31:14,822 INFO o.a.j.t.JMeterThread: Stopping because end time detected by thread: TCC order-show 1-25
2026-09-10 06:31:14,822 INFO o.a.j.t.JMeterThread: Thread finished: TCC order-show 1-25
2026-09-10 06:31:14,834 INFO o.a.j.t.JMeterThread: Stopping because end time detected by thread: TCC order-show 1-11
2026-09-10 06:31:14,834 INFO o.a.j.t.JMeterThread: Thread finished: TCC order-show 1-11
2026-09-10 06:31:14,845 INFO o.a.j.t.JMeterThread: Stopping because end time detected by thread: TCC order-show 1-2
2026-09-10 06:31:14,845 INFO o.a.j.t.JMeterThread: Thread finished: TCC order-show 1-2
2026-09-10 06:31:14,856 INFO o.a.j.t.JMeterThread: Stopping because end time detected by thread: TCC order-show 1-9
2026-09-10 06:31:14,856 INFO o.a.j.t.JMeterThread: Thread finished: TCC order-show 1-9
2026-09-10 06:31:14,866 INFO o.a.j.t.JMeterThread: Stopping because end time detected by thread: TCC order-show 1-10
2026-09-10 06:31:14,866 INFO o.a.j.t.JMeterThread: Thread finished: TCC order-show 1-10
2026-09-10 06:31:14,867 INFO o.a.j.e.StandardJMeterEngine: Notifying test listeners of end of test
2026-09-10 06:31:14,869 INFO o.a.j.r.Summariser: summary +   1329 in 00:00:15 =   89.4/s Avg:   278 Min:   256 Max:   612 Err:     0 (0.00%) Active: 0 Started: 25 Finished: 25
2026-09-10 06:31:14,870 INFO o.a.j.r.Summariser: summary =   2662 in 00:00:30 =   87.9/s Avg:   274 Min:    19 Max:   612 Err:     0 (0.00%)
