2026-09-10 08:47:46,919 INFO o.a.j.u.JMeterUtils: Setting Locale to en_EN
2026-09-10 08:47:46,935 INFO o.a.j.JMeter: Loading user properties from: /home/avituo/projects/tcc/tcc-container/.tools/apache-jmeter-5.6.3/bin/user.properties
2026-09-10 08:47:46,936 INFO o.a.j.JMeter: Loading system properties from: /home/avituo/projects/tcc/tcc-container/.tools/apache-jmeter-5.6.3/bin/system.properties
2026-09-10 08:47:46,936 INFO o.a.j.JMeter: Loading additional properties from: /home/avituo/projects/tcc/tcc-container/benchmark/jmeter/benchmark.properties
2026-09-10 08:47:46,936 INFO o.a.j.JMeter: Loading additional properties from: /tmp/tcc-benchmark-auth.dxlnQK/auth.properties
2026-09-10 08:47:46,936 INFO o.a.j.JMeter: Loading additional properties from: /home/avituo/projects/tcc/tcc-container/benchmark/results/laravel-13.20.0/final/order-create/c25/r2/microservices/thread-counters.properties
2026-09-10 08:47:46,936 INFO o.a.j.JMeter: Setting JMeter property: threads=25
2026-09-10 08:47:46,936 INFO o.a.j.JMeter: Setting JMeter property: duration_seconds=120
2026-09-10 08:47:46,936 INFO o.a.j.JMeter: Setting JMeter property: target_host=localhost
2026-09-10 08:47:46,936 INFO o.a.j.JMeter: Setting JMeter property: target_port=18080
2026-09-10 08:47:46,936 INFO o.a.j.JMeter: Setting JMeter property: tcc.order.id=20000000-0000-4000-8000-000000000001
2026-09-10 08:47:46,936 INFO o.a.j.JMeter: Setting JMeter property: repetition=2
2026-09-10 08:47:46,943 INFO o.a.j.JMeter: Copyright (c) 1998-2024 The Apache Software Foundation
2026-09-10 08:47:46,943 INFO o.a.j.JMeter: Version 5.6.3
2026-09-10 08:47:46,943 INFO o.a.j.JMeter: java.version=21.0.11
2026-09-10 08:47:46,943 INFO o.a.j.JMeter: java.vm.name=OpenJDK 64-Bit Server VM
2026-09-10 08:47:46,943 INFO o.a.j.JMeter: os.name=Linux
2026-09-10 08:47:46,943 INFO o.a.j.JMeter: os.arch=amd64
2026-09-10 08:47:46,943 INFO o.a.j.JMeter: os.version=7.0.11-76070011-generic
2026-09-10 08:47:46,943 INFO o.a.j.JMeter: file.encoding=UTF-8
2026-09-10 08:47:46,943 INFO o.a.j.JMeter: java.awt.headless=true
2026-09-10 08:47:46,944 INFO o.a.j.JMeter: Max memory     =1073741824
2026-09-10 08:47:46,944 INFO o.a.j.JMeter: Available Processors =16
2026-09-10 08:47:46,952 INFO o.a.j.JMeter: Default Locale=English (EN)
2026-09-10 08:47:46,952 INFO o.a.j.JMeter: JMeter  Locale=English (EN)
2026-09-10 08:47:46,952 INFO o.a.j.JMeter: JMeterHome=/home/avituo/projects/tcc/tcc-container/.tools/apache-jmeter-5.6.3
2026-09-10 08:47:46,952 INFO o.a.j.JMeter: user.dir  =/home/avituo/projects/tcc/tcc-container
2026-09-10 08:47:46,952 INFO o.a.j.JMeter: PWD       =/home/avituo/projects/tcc/tcc-container
2026-09-10 08:47:46,964 INFO o.a.j.JMeter: IP: 192.168.1.16 Name: pop-os FullName: pop-os.home
2026-09-10 08:47:46,976 INFO o.a.j.s.FileServer: Default base='/home/avituo/projects/tcc/tcc-container'
2026-09-10 08:47:46,978 INFO o.a.j.s.FileServer: Set new base='/home/avituo/projects/tcc/tcc-container/benchmark/jmeter'
2026-09-10 08:47:47,149 INFO o.a.j.s.SaveService: Testplan (JMX) version: 2.2. Testlog (JTL) version: 2.2
2026-09-10 08:47:47,175 INFO o.a.j.s.SaveService: Using SaveService properties version 5.0
2026-09-10 08:47:47,179 INFO o.a.j.s.SaveService: Using SaveService properties file encoding UTF-8
2026-09-10 08:47:47,183 INFO o.a.j.s.SaveService: Loading file: /home/avituo/projects/tcc/tcc-container/benchmark/jmeter/tcc-order-create-v1.jmx
2026-09-10 08:47:47,235 INFO o.a.j.p.h.s.HTTPSamplerBase: Parser for text/html is org.apache.jmeter.protocol.http.parser.LagartoBasedHtmlParser
2026-09-10 08:47:47,235 INFO o.a.j.p.h.s.HTTPSamplerBase: Parser for application/xhtml+xml is org.apache.jmeter.protocol.http.parser.LagartoBasedHtmlParser
2026-09-10 08:47:47,235 INFO o.a.j.p.h.s.HTTPSamplerBase: Parser for application/xml is org.apache.jmeter.protocol.http.parser.LagartoBasedHtmlParser
2026-09-10 08:47:47,235 INFO o.a.j.p.h.s.HTTPSamplerBase: Parser for text/xml is org.apache.jmeter.protocol.http.parser.LagartoBasedHtmlParser
2026-09-10 08:47:47,235 INFO o.a.j.p.h.s.HTTPSamplerBase: Parser for text/vnd.wap.wml is org.apache.jmeter.protocol.http.parser.RegexpHTMLParser
2026-09-10 08:47:47,235 INFO o.a.j.p.h.s.HTTPSamplerBase: Parser for text/css is org.apache.jmeter.protocol.http.parser.CssParser
2026-09-10 08:47:47,271 INFO o.a.j.JMeter: Creating summariser <summary>
2026-09-10 08:47:47,292 INFO o.a.j.e.StandardJMeterEngine: Running the test!
2026-09-10 08:47:47,293 INFO o.a.j.s.SampleEvent: List of sample_variables: []
2026-09-10 08:47:47,293 INFO o.a.j.s.SampleEvent: List of sample_variables: []
2026-09-10 08:47:47,301 INFO o.a.j.e.u.CompoundVariable: Note: Function class names must contain the string: '.functions.'
2026-09-10 08:47:47,301 INFO o.a.j.e.u.CompoundVariable: Note: Function class names must not contain the string: '.gui.'
2026-09-10 08:47:47,559 INFO o.a.j.JMeter: Running test (1789040867559)
2026-09-10 08:47:47,582 INFO o.a.j.e.StandardJMeterEngine: Starting ThreadGroup: 1 : TCC order-create
2026-09-10 08:47:47,583 INFO o.a.j.e.StandardJMeterEngine: Starting 25 threads for group TCC order-create.
2026-09-10 08:47:47,583 INFO o.a.j.e.StandardJMeterEngine: Thread will continue on error
2026-09-10 08:47:47,583 INFO o.a.j.t.ThreadGroup: Starting thread group... number=1 threads=25 ramp-up=0 delayedStart=false
2026-09-10 08:47:47,589 INFO o.a.j.t.JMeterThread: Thread started: TCC order-create 1-2
2026-09-10 08:47:47,589 INFO o.a.j.t.JMeterThread: Thread started: TCC order-create 1-1
2026-09-10 08:47:47,589 INFO o.a.j.t.JMeterThread: Thread started: TCC order-create 1-4
2026-09-10 08:47:47,589 INFO o.a.j.t.JMeterThread: Thread started: TCC order-create 1-3
2026-09-10 08:47:47,590 INFO o.a.j.t.JMeterThread: Thread started: TCC order-create 1-5
2026-09-10 08:47:47,591 INFO o.a.j.t.JMeterThread: Thread started: TCC order-create 1-6
2026-09-10 08:47:47,592 INFO o.a.j.t.JMeterThread: Thread started: TCC order-create 1-7
2026-09-10 08:47:47,592 INFO o.a.j.t.JMeterThread: Thread started: TCC order-create 1-8
2026-09-10 08:47:47,593 INFO o.a.j.t.JMeterThread: Thread started: TCC order-create 1-9
2026-09-10 08:47:47,594 INFO o.a.j.t.JMeterThread: Thread started: TCC order-create 1-10
2026-09-10 08:47:47,594 INFO o.a.j.t.JMeterThread: Thread started: TCC order-create 1-11
2026-09-10 08:47:47,596 INFO o.a.j.t.JMeterThread: Thread started: TCC order-create 1-12
2026-09-10 08:47:47,596 INFO o.a.j.t.JMeterThread: Thread started: TCC order-create 1-13
2026-09-10 08:47:47,597 INFO o.a.j.t.JMeterThread: Thread started: TCC order-create 1-14
2026-09-10 08:47:47,598 INFO o.a.j.t.JMeterThread: Thread started: TCC order-create 1-15
2026-09-10 08:47:47,600 INFO o.a.j.t.JMeterThread: Thread started: TCC order-create 1-16
2026-09-10 08:47:47,601 INFO o.a.j.t.JMeterThread: Thread started: TCC order-create 1-17
2026-09-10 08:47:47,602 INFO o.a.j.t.JMeterThread: Thread started: TCC order-create 1-18
2026-09-10 08:47:47,602 INFO o.a.j.t.JMeterThread: Thread started: TCC order-create 1-19
2026-09-10 08:47:47,603 INFO o.a.j.t.JMeterThread: Thread started: TCC order-create 1-20
2026-09-10 08:47:47,603 INFO o.a.j.t.JMeterThread: Thread started: TCC order-create 1-21
2026-09-10 08:47:47,604 INFO o.a.j.t.JMeterThread: Thread started: TCC order-create 1-22
2026-09-10 08:47:47,604 INFO o.a.j.t.JMeterThread: Thread started: TCC order-create 1-23
2026-09-10 08:47:47,605 INFO o.a.j.t.JMeterThread: Thread started: TCC order-create 1-24
2026-09-10 08:47:47,605 INFO o.a.j.t.ThreadGroup: Started thread group number 1
2026-09-10 08:47:47,606 INFO o.a.j.e.StandardJMeterEngine: All thread groups have been started
2026-09-10 08:47:47,606 INFO o.a.j.t.JMeterThread: Thread started: TCC order-create 1-25
2026-09-10 08:47:48,395 INFO o.a.j.p.h.s.HTTPHCAbstractImpl: Local host = pop-os
2026-09-10 08:47:48,402 INFO o.a.j.p.h.s.HTTPHC4Impl: HTTP request retry count = 0
2026-09-10 08:47:48,403 INFO o.a.j.s.SampleResult: Note: Sample TimeStamps are START times
2026-09-10 08:47:48,404 INFO o.a.j.s.SampleResult: sampleresult.default.encoding is set to UTF-8
2026-09-10 08:47:48,404 INFO o.a.j.s.SampleResult: sampleresult.useNanoTime=true
2026-09-10 08:47:48,404 INFO o.a.j.s.SampleResult: sampleresult.nanoThreadSleep=5000
2026-09-10 08:48:00,009 INFO o.a.j.r.Summariser: summary +    213 in 00:00:12 =   17.1/s Avg:  1272 Min:   130 Max:  1457 Err:     0 (0.00%) Active: 25 Started: 25 Finished: 0
2026-09-10 08:48:30,007 INFO o.a.j.r.Summariser: summary +    565 in 00:00:30 =   18.8/s Avg:  1324 Min:  1274 Max:  1425 Err:     0 (0.00%) Active: 25 Started: 25 Finished: 0
2026-09-10 08:48:30,007 INFO o.a.j.r.Summariser: summary =    778 in 00:00:42 =   18.3/s Avg:  1310 Min:   130 Max:  1457 Err:     0 (0.00%)
2026-09-10 08:49:00,039 INFO o.a.j.r.Summariser: summary +    565 in 00:00:30 =   18.8/s Avg:  1330 Min:  1279 Max:  1441 Err:     0 (0.00%) Active: 25 Started: 25 Finished: 0
2026-09-10 08:49:00,039 INFO o.a.j.r.Summariser: summary =   1343 in 00:01:12 =   18.5/s Avg:  1318 Min:   130 Max:  1457 Err:     0 (0.00%)
2026-09-10 08:49:30,043 INFO o.a.j.r.Summariser: summary +    550 in 00:00:30 =   18.3/s Avg:  1363 Min:  1281 Max:  2280 Err:     0 (0.00%) Active: 25 Started: 25 Finished: 0
2026-09-10 08:49:30,044 INFO o.a.j.r.Summariser: summary =   1893 in 00:01:42 =   18.5/s Avg:  1331 Min:   130 Max:  2280 Err:     0 (0.00%)
2026-09-10 08:49:47,603 INFO o.a.j.t.JMeterThread: Stopping because end time detected by thread: TCC order-create 1-12
2026-09-10 08:49:47,603 INFO o.a.j.t.JMeterThread: Thread finished: TCC order-create 1-12
2026-09-10 08:49:47,656 INFO o.a.j.t.JMeterThread: Stopping because end time detected by thread: TCC order-create 1-13
2026-09-10 08:49:47,657 INFO o.a.j.t.JMeterThread: Thread finished: TCC order-create 1-13
2026-09-10 08:49:47,710 INFO o.a.j.t.JMeterThread: Stopping because end time detected by thread: TCC order-create 1-10
2026-09-10 08:49:47,710 INFO o.a.j.t.JMeterThread: Thread finished: TCC order-create 1-10
2026-09-10 08:49:47,762 INFO o.a.j.t.JMeterThread: Stopping because end time detected by thread: TCC order-create 1-5
2026-09-10 08:49:47,762 INFO o.a.j.t.JMeterThread: Thread finished: TCC order-create 1-5
2026-09-10 08:49:47,814 INFO o.a.j.t.JMeterThread: Stopping because end time detected by thread: TCC order-create 1-4
2026-09-10 08:49:47,814 INFO o.a.j.t.JMeterThread: Thread finished: TCC order-create 1-4
2026-09-10 08:49:47,862 INFO o.a.j.t.JMeterThread: Stopping because end time detected by thread: TCC order-create 1-2
2026-09-10 08:49:47,863 INFO o.a.j.t.JMeterThread: Thread finished: TCC order-create 1-2
2026-09-10 08:49:47,909 INFO o.a.j.t.JMeterThread: Stopping because end time detected by thread: TCC order-create 1-17
2026-09-10 08:49:47,910 INFO o.a.j.t.JMeterThread: Thread finished: TCC order-create 1-17
2026-09-10 08:49:47,958 INFO o.a.j.t.JMeterThread: Stopping because end time detected by thread: TCC order-create 1-1
2026-09-10 08:49:47,959 INFO o.a.j.t.JMeterThread: Thread finished: TCC order-create 1-1
2026-09-10 08:49:48,007 INFO o.a.j.t.JMeterThread: Stopping because end time detected by thread: TCC order-create 1-8
2026-09-10 08:49:48,007 INFO o.a.j.t.JMeterThread: Thread finished: TCC order-create 1-8
2026-09-10 08:49:48,056 INFO o.a.j.t.JMeterThread: Stopping because end time detected by thread: TCC order-create 1-3
2026-09-10 08:49:48,056 INFO o.a.j.t.JMeterThread: Thread finished: TCC order-create 1-3
2026-09-10 08:49:48,174 INFO o.a.j.t.JMeterThread: Stopping because end time detected by thread: TCC order-create 1-18
2026-09-10 08:49:48,174 INFO o.a.j.t.JMeterThread: Thread finished: TCC order-create 1-18
2026-09-10 08:49:48,266 INFO o.a.j.t.JMeterThread: Stopping because end time detected by thread: TCC order-create 1-22
2026-09-10 08:49:48,266 INFO o.a.j.t.JMeterThread: Thread finished: TCC order-create 1-22
2026-09-10 08:49:48,319 INFO o.a.j.t.JMeterThread: Stopping because end time detected by thread: TCC order-create 1-21
2026-09-10 08:49:48,319 INFO o.a.j.t.JMeterThread: Thread finished: TCC order-create 1-21
2026-09-10 08:49:48,370 INFO o.a.j.t.JMeterThread: Stopping because end time detected by thread: TCC order-create 1-19
2026-09-10 08:49:48,371 INFO o.a.j.t.JMeterThread: Thread finished: TCC order-create 1-19
2026-09-10 08:49:48,423 INFO o.a.j.t.JMeterThread: Stopping because end time detected by thread: TCC order-create 1-7
2026-09-10 08:49:48,423 INFO o.a.j.t.JMeterThread: Thread finished: TCC order-create 1-7
2026-09-10 08:49:48,476 INFO o.a.j.t.JMeterThread: Stopping because end time detected by thread: TCC order-create 1-16
2026-09-10 08:49:48,476 INFO o.a.j.t.JMeterThread: Thread finished: TCC order-create 1-16
2026-09-10 08:49:48,527 INFO o.a.j.t.JMeterThread: Stopping because end time detected by thread: TCC order-create 1-20
2026-09-10 08:49:48,527 INFO o.a.j.t.JMeterThread: Thread finished: TCC order-create 1-20
2026-09-10 08:49:48,576 INFO o.a.j.t.JMeterThread: Stopping because end time detected by thread: TCC order-create 1-9
2026-09-10 08:49:48,577 INFO o.a.j.t.JMeterThread: Thread finished: TCC order-create 1-9
2026-09-10 08:49:48,628 INFO o.a.j.t.JMeterThread: Stopping because end time detected by thread: TCC order-create 1-11
2026-09-10 08:49:48,628 INFO o.a.j.t.JMeterThread: Thread finished: TCC order-create 1-11
2026-09-10 08:49:48,676 INFO o.a.j.t.JMeterThread: Stopping because end time detected by thread: TCC order-create 1-14
2026-09-10 08:49:48,676 INFO o.a.j.t.JMeterThread: Thread finished: TCC order-create 1-14
2026-09-10 08:49:48,730 INFO o.a.j.t.JMeterThread: Stopping because end time detected by thread: TCC order-create 1-25
2026-09-10 08:49:48,730 INFO o.a.j.t.JMeterThread: Thread finished: TCC order-create 1-25
2026-09-10 08:49:48,779 INFO o.a.j.t.JMeterThread: Stopping because end time detected by thread: TCC order-create 1-24
2026-09-10 08:49:48,780 INFO o.a.j.t.JMeterThread: Thread finished: TCC order-create 1-24
2026-09-10 08:49:48,829 INFO o.a.j.t.JMeterThread: Stopping because end time detected by thread: TCC order-create 1-15
2026-09-10 08:49:48,829 INFO o.a.j.t.JMeterThread: Thread finished: TCC order-create 1-15
2026-09-10 08:49:48,880 INFO o.a.j.t.JMeterThread: Stopping because end time detected by thread: TCC order-create 1-23
2026-09-10 08:49:48,881 INFO o.a.j.t.JMeterThread: Thread finished: TCC order-create 1-23
2026-09-10 08:49:48,929 INFO o.a.j.t.JMeterThread: Stopping because end time detected by thread: TCC order-create 1-6
2026-09-10 08:49:48,930 INFO o.a.j.t.JMeterThread: Thread finished: TCC order-create 1-6
2026-09-10 08:49:48,930 INFO o.a.j.e.StandardJMeterEngine: Notifying test listeners of end of test
2026-09-10 08:49:48,932 INFO o.a.j.r.Summariser: summary +    357 in 00:00:19 =   18.9/s Avg:  1319 Min:  1277 Max:  1406 Err:     0 (0.00%) Active: 0 Started: 25 Finished: 25
2026-09-10 08:49:48,933 INFO o.a.j.r.Summariser: summary =   2250 in 00:02:01 =   18.5/s Avg:  1329 Min:   130 Max:  2280 Err:     0 (0.00%)
