2026-09-10 03:10:28,112 INFO o.a.j.u.JMeterUtils: Setting Locale to en_EN
2026-09-10 03:10:28,129 INFO o.a.j.JMeter: Loading user properties from: /home/avituo/projects/tcc/tcc-container/.tools/apache-jmeter-5.6.3/bin/user.properties
2026-09-10 03:10:28,130 INFO o.a.j.JMeter: Loading system properties from: /home/avituo/projects/tcc/tcc-container/.tools/apache-jmeter-5.6.3/bin/system.properties
2026-09-10 03:10:28,130 INFO o.a.j.JMeter: Loading additional properties from: /home/avituo/projects/tcc/tcc-container/benchmark/jmeter/benchmark.properties
2026-09-10 03:10:28,130 INFO o.a.j.JMeter: Loading additional properties from: /tmp/tcc-benchmark-auth.OyAFTQ/auth.properties
2026-09-10 03:10:28,130 INFO o.a.j.JMeter: Loading additional properties from: /home/avituo/projects/tcc/tcc-container/benchmark/results/laravel-13.20.0/final/products/c100/r5/monolith/thread-counters.properties
2026-09-10 03:10:28,130 INFO o.a.j.JMeter: Setting JMeter property: threads=100
2026-09-10 03:10:28,130 INFO o.a.j.JMeter: Setting JMeter property: duration_seconds=120
2026-09-10 03:10:28,131 INFO o.a.j.JMeter: Setting JMeter property: target_host=localhost
2026-09-10 03:10:28,131 INFO o.a.j.JMeter: Setting JMeter property: target_port=18000
2026-09-10 03:10:28,131 INFO o.a.j.JMeter: Setting JMeter property: tcc.order.id=1
2026-09-10 03:10:28,131 INFO o.a.j.JMeter: Setting JMeter property: repetition=5
2026-09-10 03:10:28,139 INFO o.a.j.JMeter: Copyright (c) 1998-2024 The Apache Software Foundation
2026-09-10 03:10:28,139 INFO o.a.j.JMeter: Version 5.6.3
2026-09-10 03:10:28,139 INFO o.a.j.JMeter: java.version=21.0.11
2026-09-10 03:10:28,139 INFO o.a.j.JMeter: java.vm.name=OpenJDK 64-Bit Server VM
2026-09-10 03:10:28,139 INFO o.a.j.JMeter: os.name=Linux
2026-09-10 03:10:28,139 INFO o.a.j.JMeter: os.arch=amd64
2026-09-10 03:10:28,140 INFO o.a.j.JMeter: os.version=7.0.11-76070011-generic
2026-09-10 03:10:28,140 INFO o.a.j.JMeter: file.encoding=UTF-8
2026-09-10 03:10:28,140 INFO o.a.j.JMeter: java.awt.headless=true
2026-09-10 03:10:28,140 INFO o.a.j.JMeter: Max memory     =1073741824
2026-09-10 03:10:28,140 INFO o.a.j.JMeter: Available Processors =16
2026-09-10 03:10:28,147 INFO o.a.j.JMeter: Default Locale=English (EN)
2026-09-10 03:10:28,147 INFO o.a.j.JMeter: JMeter  Locale=English (EN)
2026-09-10 03:10:28,147 INFO o.a.j.JMeter: JMeterHome=/home/avituo/projects/tcc/tcc-container/.tools/apache-jmeter-5.6.3
2026-09-10 03:10:28,148 INFO o.a.j.JMeter: user.dir  =/home/avituo/projects/tcc/tcc-container
2026-09-10 03:10:28,148 INFO o.a.j.JMeter: PWD       =/home/avituo/projects/tcc/tcc-container
2026-09-10 03:10:28,156 INFO o.a.j.JMeter: IP: 192.168.1.16 Name: pop-os FullName: pop-os.home
2026-09-10 03:10:28,169 INFO o.a.j.s.FileServer: Default base='/home/avituo/projects/tcc/tcc-container'
2026-09-10 03:10:28,171 INFO o.a.j.s.FileServer: Set new base='/home/avituo/projects/tcc/tcc-container/benchmark/jmeter'
2026-09-10 03:10:28,345 INFO o.a.j.s.SaveService: Testplan (JMX) version: 2.2. Testlog (JTL) version: 2.2
2026-09-10 03:10:28,370 INFO o.a.j.s.SaveService: Using SaveService properties version 5.0
2026-09-10 03:10:28,373 INFO o.a.j.s.SaveService: Using SaveService properties file encoding UTF-8
2026-09-10 03:10:28,377 INFO o.a.j.s.SaveService: Loading file: /home/avituo/projects/tcc/tcc-container/benchmark/jmeter/tcc-products-v1.jmx
2026-09-10 03:10:28,428 INFO o.a.j.p.h.s.HTTPSamplerBase: Parser for text/html is org.apache.jmeter.protocol.http.parser.LagartoBasedHtmlParser
2026-09-10 03:10:28,428 INFO o.a.j.p.h.s.HTTPSamplerBase: Parser for application/xhtml+xml is org.apache.jmeter.protocol.http.parser.LagartoBasedHtmlParser
2026-09-10 03:10:28,428 INFO o.a.j.p.h.s.HTTPSamplerBase: Parser for application/xml is org.apache.jmeter.protocol.http.parser.LagartoBasedHtmlParser
2026-09-10 03:10:28,428 INFO o.a.j.p.h.s.HTTPSamplerBase: Parser for text/xml is org.apache.jmeter.protocol.http.parser.LagartoBasedHtmlParser
2026-09-10 03:10:28,428 INFO o.a.j.p.h.s.HTTPSamplerBase: Parser for text/vnd.wap.wml is org.apache.jmeter.protocol.http.parser.RegexpHTMLParser
2026-09-10 03:10:28,429 INFO o.a.j.p.h.s.HTTPSamplerBase: Parser for text/css is org.apache.jmeter.protocol.http.parser.CssParser
2026-09-10 03:10:28,457 INFO o.a.j.JMeter: Creating summariser <summary>
2026-09-10 03:10:28,476 INFO o.a.j.e.StandardJMeterEngine: Running the test!
2026-09-10 03:10:28,476 INFO o.a.j.s.SampleEvent: List of sample_variables: []
2026-09-10 03:10:28,476 INFO o.a.j.s.SampleEvent: List of sample_variables: []
2026-09-10 03:10:28,483 INFO o.a.j.e.u.CompoundVariable: Note: Function class names must contain the string: '.functions.'
2026-09-10 03:10:28,484 INFO o.a.j.e.u.CompoundVariable: Note: Function class names must not contain the string: '.gui.'
2026-09-10 03:10:28,729 INFO o.a.j.JMeter: Running test (1789020628729)
2026-09-10 03:10:28,749 INFO o.a.j.e.StandardJMeterEngine: Starting ThreadGroup: 1 : TCC products
2026-09-10 03:10:28,749 INFO o.a.j.e.StandardJMeterEngine: Starting 100 threads for group TCC products.
2026-09-10 03:10:28,749 INFO o.a.j.e.StandardJMeterEngine: Thread will continue on error
2026-09-10 03:10:28,750 INFO o.a.j.t.ThreadGroup: Starting thread group... number=1 threads=100 ramp-up=0 delayedStart=false
2026-09-10 03:10:28,756 INFO o.a.j.t.JMeterThread: Thread started: TCC products 1-2
2026-09-10 03:10:28,756 INFO o.a.j.t.JMeterThread: Thread started: TCC products 1-1
2026-09-10 03:10:28,755 INFO o.a.j.t.JMeterThread: Thread started: TCC products 1-3
2026-09-10 03:10:28,756 INFO o.a.j.t.JMeterThread: Thread started: TCC products 1-5
2026-09-10 03:10:28,756 INFO o.a.j.t.JMeterThread: Thread started: TCC products 1-4
2026-09-10 03:10:28,757 INFO o.a.j.t.JMeterThread: Thread started: TCC products 1-6
2026-09-10 03:10:28,757 INFO o.a.j.t.JMeterThread: Thread started: TCC products 1-7
2026-09-10 03:10:28,758 INFO o.a.j.t.JMeterThread: Thread started: TCC products 1-8
2026-09-10 03:10:28,759 INFO o.a.j.t.JMeterThread: Thread started: TCC products 1-9
2026-09-10 03:10:28,759 INFO o.a.j.t.JMeterThread: Thread started: TCC products 1-10
2026-09-10 03:10:28,760 INFO o.a.j.t.JMeterThread: Thread started: TCC products 1-11
2026-09-10 03:10:28,761 INFO o.a.j.t.JMeterThread: Thread started: TCC products 1-12
2026-09-10 03:10:28,762 INFO o.a.j.t.JMeterThread: Thread started: TCC products 1-13
2026-09-10 03:10:28,763 INFO o.a.j.t.JMeterThread: Thread started: TCC products 1-14
2026-09-10 03:10:28,764 INFO o.a.j.t.JMeterThread: Thread started: TCC products 1-15
2026-09-10 03:10:28,765 INFO o.a.j.t.JMeterThread: Thread started: TCC products 1-16
2026-09-10 03:10:28,766 INFO o.a.j.t.JMeterThread: Thread started: TCC products 1-17
2026-09-10 03:10:28,766 INFO o.a.j.t.JMeterThread: Thread started: TCC products 1-18
2026-09-10 03:10:28,767 INFO o.a.j.t.JMeterThread: Thread started: TCC products 1-19
2026-09-10 03:10:28,768 INFO o.a.j.t.JMeterThread: Thread started: TCC products 1-20
2026-09-10 03:10:28,768 INFO o.a.j.t.JMeterThread: Thread started: TCC products 1-21
2026-09-10 03:10:28,769 INFO o.a.j.t.JMeterThread: Thread started: TCC products 1-22
2026-09-10 03:10:28,770 INFO o.a.j.t.JMeterThread: Thread started: TCC products 1-23
2026-09-10 03:10:28,770 INFO o.a.j.t.JMeterThread: Thread started: TCC products 1-24
2026-09-10 03:10:28,771 INFO o.a.j.t.JMeterThread: Thread started: TCC products 1-25
2026-09-10 03:10:28,771 INFO o.a.j.t.JMeterThread: Thread started: TCC products 1-26
2026-09-10 03:10:28,772 INFO o.a.j.t.JMeterThread: Thread started: TCC products 1-27
2026-09-10 03:10:28,773 INFO o.a.j.t.JMeterThread: Thread started: TCC products 1-28
2026-09-10 03:10:28,773 INFO o.a.j.t.JMeterThread: Thread started: TCC products 1-29
2026-09-10 03:10:28,774 INFO o.a.j.t.JMeterThread: Thread started: TCC products 1-30
2026-09-10 03:10:28,775 INFO o.a.j.t.JMeterThread: Thread started: TCC products 1-31
2026-09-10 03:10:28,775 INFO o.a.j.t.JMeterThread: Thread started: TCC products 1-32
2026-09-10 03:10:28,776 INFO o.a.j.t.JMeterThread: Thread started: TCC products 1-33
2026-09-10 03:10:28,776 INFO o.a.j.t.JMeterThread: Thread started: TCC products 1-34
2026-09-10 03:10:28,777 INFO o.a.j.p.h.s.HTTPHCAbstractImpl: Local host = pop-os
2026-09-10 03:10:28,777 INFO o.a.j.t.JMeterThread: Thread started: TCC products 1-35
2026-09-10 03:10:28,777 INFO o.a.j.t.JMeterThread: Thread started: TCC products 1-36
2026-09-10 03:10:28,778 INFO o.a.j.t.JMeterThread: Thread started: TCC products 1-37
2026-09-10 03:10:28,779 INFO o.a.j.t.JMeterThread: Thread started: TCC products 1-38
2026-09-10 03:10:28,779 INFO o.a.j.t.JMeterThread: Thread started: TCC products 1-39
2026-09-10 03:10:28,780 INFO o.a.j.t.JMeterThread: Thread started: TCC products 1-40
2026-09-10 03:10:28,780 INFO o.a.j.t.JMeterThread: Thread started: TCC products 1-41
2026-09-10 03:10:28,781 INFO o.a.j.t.JMeterThread: Thread started: TCC products 1-42
2026-09-10 03:10:28,782 INFO o.a.j.t.JMeterThread: Thread started: TCC products 1-43
2026-09-10 03:10:28,782 INFO o.a.j.t.JMeterThread: Thread started: TCC products 1-44
2026-09-10 03:10:28,784 INFO o.a.j.t.JMeterThread: Thread started: TCC products 1-46
2026-09-10 03:10:28,783 INFO o.a.j.t.JMeterThread: Thread started: TCC products 1-45
2026-09-10 03:10:28,784 INFO o.a.j.t.JMeterThread: Thread started: TCC products 1-47
2026-09-10 03:10:28,785 INFO o.a.j.t.JMeterThread: Thread started: TCC products 1-48
2026-09-10 03:10:28,785 INFO o.a.j.p.h.s.HTTPHC4Impl: HTTP request retry count = 0
2026-09-10 03:10:28,786 INFO o.a.j.t.JMeterThread: Thread started: TCC products 1-49
2026-09-10 03:10:28,786 INFO o.a.j.t.JMeterThread: Thread started: TCC products 1-50
2026-09-10 03:10:28,787 INFO o.a.j.s.SampleResult: Note: Sample TimeStamps are START times
2026-09-10 03:10:28,787 INFO o.a.j.s.SampleResult: sampleresult.default.encoding is set to UTF-8
2026-09-10 03:10:28,787 INFO o.a.j.s.SampleResult: sampleresult.useNanoTime=true
2026-09-10 03:10:28,787 INFO o.a.j.s.SampleResult: sampleresult.nanoThreadSleep=5000
2026-09-10 03:10:28,787 INFO o.a.j.t.JMeterThread: Thread started: TCC products 1-51
2026-09-10 03:10:28,787 INFO o.a.j.t.JMeterThread: Thread started: TCC products 1-52
2026-09-10 03:10:28,788 INFO o.a.j.t.JMeterThread: Thread started: TCC products 1-53
2026-09-10 03:10:28,789 INFO o.a.j.t.JMeterThread: Thread started: TCC products 1-54
2026-09-10 03:10:28,789 INFO o.a.j.t.JMeterThread: Thread started: TCC products 1-55
2026-09-10 03:10:28,790 INFO o.a.j.t.JMeterThread: Thread started: TCC products 1-56
2026-09-10 03:10:28,791 INFO o.a.j.t.JMeterThread: Thread started: TCC products 1-57
2026-09-10 03:10:28,791 INFO o.a.j.t.JMeterThread: Thread started: TCC products 1-58
2026-09-10 03:10:28,792 INFO o.a.j.t.JMeterThread: Thread started: TCC products 1-59
2026-09-10 03:10:28,792 INFO o.a.j.t.JMeterThread: Thread started: TCC products 1-60
2026-09-10 03:10:28,793 INFO o.a.j.t.JMeterThread: Thread started: TCC products 1-61
2026-09-10 03:10:28,794 INFO o.a.j.t.JMeterThread: Thread started: TCC products 1-62
2026-09-10 03:10:28,794 INFO o.a.j.t.JMeterThread: Thread started: TCC products 1-63
2026-09-10 03:10:28,795 INFO o.a.j.t.JMeterThread: Thread started: TCC products 1-64
2026-09-10 03:10:28,796 INFO o.a.j.t.JMeterThread: Thread started: TCC products 1-65
2026-09-10 03:10:28,796 INFO o.a.j.t.JMeterThread: Thread started: TCC products 1-66
2026-09-10 03:10:28,796 INFO o.a.j.t.JMeterThread: Thread started: TCC products 1-67
2026-09-10 03:10:28,797 INFO o.a.j.t.JMeterThread: Thread started: TCC products 1-68
2026-09-10 03:10:28,797 INFO o.a.j.t.JMeterThread: Thread started: TCC products 1-69
2026-09-10 03:10:28,797 INFO o.a.j.t.JMeterThread: Thread started: TCC products 1-70
2026-09-10 03:10:28,798 INFO o.a.j.t.JMeterThread: Thread started: TCC products 1-71
2026-09-10 03:10:28,798 INFO o.a.j.t.JMeterThread: Thread started: TCC products 1-72
2026-09-10 03:10:28,798 INFO o.a.j.t.JMeterThread: Thread started: TCC products 1-73
2026-09-10 03:10:28,799 INFO o.a.j.t.JMeterThread: Thread started: TCC products 1-74
2026-09-10 03:10:28,799 INFO o.a.j.t.JMeterThread: Thread started: TCC products 1-75
2026-09-10 03:10:28,799 INFO o.a.j.t.JMeterThread: Thread started: TCC products 1-76
2026-09-10 03:10:28,800 INFO o.a.j.t.JMeterThread: Thread started: TCC products 1-77
2026-09-10 03:10:28,800 INFO o.a.j.t.JMeterThread: Thread started: TCC products 1-78
2026-09-10 03:10:28,801 INFO o.a.j.t.JMeterThread: Thread started: TCC products 1-79
2026-09-10 03:10:28,802 INFO o.a.j.t.JMeterThread: Thread started: TCC products 1-81
2026-09-10 03:10:28,801 INFO o.a.j.t.JMeterThread: Thread started: TCC products 1-80
2026-09-10 03:10:28,803 INFO o.a.j.t.JMeterThread: Thread started: TCC products 1-82
2026-09-10 03:10:28,804 INFO o.a.j.t.JMeterThread: Thread started: TCC products 1-83
2026-09-10 03:10:28,805 INFO o.a.j.t.JMeterThread: Thread started: TCC products 1-84
2026-09-10 03:10:28,805 INFO o.a.j.t.JMeterThread: Thread started: TCC products 1-85
2026-09-10 03:10:28,805 INFO o.a.j.t.JMeterThread: Thread started: TCC products 1-86
2026-09-10 03:10:28,806 INFO o.a.j.t.JMeterThread: Thread started: TCC products 1-87
2026-09-10 03:10:28,806 INFO o.a.j.t.JMeterThread: Thread started: TCC products 1-88
2026-09-10 03:10:28,807 INFO o.a.j.t.JMeterThread: Thread started: TCC products 1-89
2026-09-10 03:10:28,808 INFO o.a.j.t.JMeterThread: Thread started: TCC products 1-90
2026-09-10 03:10:28,808 INFO o.a.j.t.JMeterThread: Thread started: TCC products 1-91
2026-09-10 03:10:28,808 INFO o.a.j.t.JMeterThread: Thread started: TCC products 1-92
2026-09-10 03:10:28,809 INFO o.a.j.t.JMeterThread: Thread started: TCC products 1-93
2026-09-10 03:10:28,809 INFO o.a.j.t.JMeterThread: Thread started: TCC products 1-94
2026-09-10 03:10:28,810 INFO o.a.j.t.JMeterThread: Thread started: TCC products 1-95
2026-09-10 03:10:28,811 INFO o.a.j.t.JMeterThread: Thread started: TCC products 1-96
2026-09-10 03:10:28,811 INFO o.a.j.t.JMeterThread: Thread started: TCC products 1-97
2026-09-10 03:10:28,812 INFO o.a.j.t.JMeterThread: Thread started: TCC products 1-98
2026-09-10 03:10:28,813 INFO o.a.j.t.JMeterThread: Thread started: TCC products 1-99
2026-09-10 03:10:28,813 INFO o.a.j.t.JMeterThread: Thread started: TCC products 1-100
2026-09-10 03:10:28,813 INFO o.a.j.t.ThreadGroup: Started thread group number 1
2026-09-10 03:10:28,814 INFO o.a.j.e.StandardJMeterEngine: All thread groups have been started
2026-09-10 03:10:30,019 INFO o.a.j.r.Summariser: summary +     60 in 00:00:01 =   46.6/s Avg:   607 Min:    87 Max:  1120 Err:     0 (0.00%) Active: 100 Started: 100 Finished: 0
2026-09-10 03:11:00,000 INFO o.a.j.r.Summariser: summary +   2704 in 00:00:30 =   90.2/s Avg:  1105 Min:   504 Max:  1561 Err:     0 (0.00%) Active: 100 Started: 100 Finished: 0
2026-09-10 03:11:00,000 INFO o.a.j.r.Summariser: summary =   2764 in 00:00:31 =   88.4/s Avg:  1094 Min:    87 Max:  1561 Err:     0 (0.00%)
2026-09-10 03:11:30,023 INFO o.a.j.r.Summariser: summary +   2733 in 00:00:30 =   91.0/s Avg:  1097 Min:  1043 Max:  1141 Err:     0 (0.00%) Active: 100 Started: 100 Finished: 0
2026-09-10 03:11:30,023 INFO o.a.j.r.Summariser: summary =   5497 in 00:01:01 =   89.7/s Avg:  1096 Min:    87 Max:  1561 Err:     0 (0.00%)
2026-09-10 03:12:00,016 INFO o.a.j.r.Summariser: summary +   2740 in 00:00:30 =   91.4/s Avg:  1094 Min:  1056 Max:  1170 Err:     0 (0.00%) Active: 100 Started: 100 Finished: 0
2026-09-10 03:12:00,016 INFO o.a.j.r.Summariser: summary =   8237 in 00:01:31 =   90.2/s Avg:  1095 Min:    87 Max:  1561 Err:     0 (0.00%)
2026-09-10 03:12:28,784 INFO o.a.j.t.JMeterThread: Stopping because end time detected by thread: TCC products 1-32
2026-09-10 03:12:28,784 INFO o.a.j.t.JMeterThread: Thread finished: TCC products 1-32
2026-09-10 03:12:28,794 INFO o.a.j.t.JMeterThread: Stopping because end time detected by thread: TCC products 1-49
2026-09-10 03:12:28,794 INFO o.a.j.t.JMeterThread: Thread finished: TCC products 1-49
2026-09-10 03:12:28,805 INFO o.a.j.t.JMeterThread: Stopping because end time detected by thread: TCC products 1-25
2026-09-10 03:12:28,805 INFO o.a.j.t.JMeterThread: Thread finished: TCC products 1-25
2026-09-10 03:12:28,816 INFO o.a.j.t.JMeterThread: Stopping because end time detected by thread: TCC products 1-82
2026-09-10 03:12:28,816 INFO o.a.j.t.JMeterThread: Thread finished: TCC products 1-82
2026-09-10 03:12:28,826 INFO o.a.j.t.JMeterThread: Stopping because end time detected by thread: TCC products 1-17
2026-09-10 03:12:28,827 INFO o.a.j.t.JMeterThread: Thread finished: TCC products 1-17
2026-09-10 03:12:28,837 INFO o.a.j.t.JMeterThread: Stopping because end time detected by thread: TCC products 1-56
2026-09-10 03:12:28,837 INFO o.a.j.t.JMeterThread: Thread finished: TCC products 1-56
2026-09-10 03:12:28,848 INFO o.a.j.t.JMeterThread: Stopping because end time detected by thread: TCC products 1-11
2026-09-10 03:12:28,848 INFO o.a.j.t.JMeterThread: Thread finished: TCC products 1-11
2026-09-10 03:12:28,858 INFO o.a.j.t.JMeterThread: Stopping because end time detected by thread: TCC products 1-26
2026-09-10 03:12:28,858 INFO o.a.j.t.JMeterThread: Thread finished: TCC products 1-26
2026-09-10 03:12:28,869 INFO o.a.j.t.JMeterThread: Stopping because end time detected by thread: TCC products 1-60
2026-09-10 03:12:28,869 INFO o.a.j.t.JMeterThread: Thread finished: TCC products 1-60
2026-09-10 03:12:28,880 INFO o.a.j.t.JMeterThread: Stopping because end time detected by thread: TCC products 1-41
2026-09-10 03:12:28,880 INFO o.a.j.t.JMeterThread: Thread finished: TCC products 1-41
2026-09-10 03:12:28,891 INFO o.a.j.t.JMeterThread: Stopping because end time detected by thread: TCC products 1-74
2026-09-10 03:12:28,891 INFO o.a.j.t.JMeterThread: Thread finished: TCC products 1-74
2026-09-10 03:12:28,901 INFO o.a.j.t.JMeterThread: Stopping because end time detected by thread: TCC products 1-1
2026-09-10 03:12:28,902 INFO o.a.j.t.JMeterThread: Thread finished: TCC products 1-1
2026-09-10 03:12:28,912 INFO o.a.j.t.JMeterThread: Stopping because end time detected by thread: TCC products 1-88
2026-09-10 03:12:28,913 INFO o.a.j.t.JMeterThread: Thread finished: TCC products 1-88
2026-09-10 03:12:28,923 INFO o.a.j.t.JMeterThread: Stopping because end time detected by thread: TCC products 1-12
2026-09-10 03:12:28,923 INFO o.a.j.t.JMeterThread: Thread finished: TCC products 1-12
2026-09-10 03:12:28,934 INFO o.a.j.t.JMeterThread: Stopping because end time detected by thread: TCC products 1-18
2026-09-10 03:12:28,934 INFO o.a.j.t.JMeterThread: Thread finished: TCC products 1-18
2026-09-10 03:12:28,945 INFO o.a.j.t.JMeterThread: Stopping because end time detected by thread: TCC products 1-80
2026-09-10 03:12:28,945 INFO o.a.j.t.JMeterThread: Thread finished: TCC products 1-80
2026-09-10 03:12:28,956 INFO o.a.j.t.JMeterThread: Stopping because end time detected by thread: TCC products 1-2
2026-09-10 03:12:28,956 INFO o.a.j.t.JMeterThread: Thread finished: TCC products 1-2
2026-09-10 03:12:28,967 INFO o.a.j.t.JMeterThread: Stopping because end time detected by thread: TCC products 1-66
2026-09-10 03:12:28,967 INFO o.a.j.t.JMeterThread: Thread finished: TCC products 1-66
2026-09-10 03:12:28,978 INFO o.a.j.t.JMeterThread: Stopping because end time detected by thread: TCC products 1-29
2026-09-10 03:12:28,978 INFO o.a.j.t.JMeterThread: Thread finished: TCC products 1-29
2026-09-10 03:12:28,988 INFO o.a.j.t.JMeterThread: Stopping because end time detected by thread: TCC products 1-71
2026-09-10 03:12:28,988 INFO o.a.j.t.JMeterThread: Thread finished: TCC products 1-71
2026-09-10 03:12:29,000 INFO o.a.j.t.JMeterThread: Stopping because end time detected by thread: TCC products 1-73
2026-09-10 03:12:29,000 INFO o.a.j.t.JMeterThread: Thread finished: TCC products 1-73
2026-09-10 03:12:29,017 INFO o.a.j.t.JMeterThread: Stopping because end time detected by thread: TCC products 1-79
2026-09-10 03:12:29,017 INFO o.a.j.t.JMeterThread: Thread finished: TCC products 1-79
2026-09-10 03:12:29,028 INFO o.a.j.t.JMeterThread: Stopping because end time detected by thread: TCC products 1-86
2026-09-10 03:12:29,028 INFO o.a.j.t.JMeterThread: Thread finished: TCC products 1-86
2026-09-10 03:12:29,039 INFO o.a.j.t.JMeterThread: Stopping because end time detected by thread: TCC products 1-44
2026-09-10 03:12:29,039 INFO o.a.j.t.JMeterThread: Thread finished: TCC products 1-44
2026-09-10 03:12:29,050 INFO o.a.j.t.JMeterThread: Stopping because end time detected by thread: TCC products 1-33
2026-09-10 03:12:29,051 INFO o.a.j.t.JMeterThread: Thread finished: TCC products 1-33
2026-09-10 03:12:29,061 INFO o.a.j.t.JMeterThread: Stopping because end time detected by thread: TCC products 1-23
2026-09-10 03:12:29,062 INFO o.a.j.t.JMeterThread: Thread finished: TCC products 1-23
2026-09-10 03:12:29,073 INFO o.a.j.t.JMeterThread: Stopping because end time detected by thread: TCC products 1-92
2026-09-10 03:12:29,073 INFO o.a.j.t.JMeterThread: Thread finished: TCC products 1-92
2026-09-10 03:12:29,084 INFO o.a.j.t.JMeterThread: Stopping because end time detected by thread: TCC products 1-5
2026-09-10 03:12:29,084 INFO o.a.j.t.JMeterThread: Thread finished: TCC products 1-5
2026-09-10 03:12:29,096 INFO o.a.j.t.JMeterThread: Stopping because end time detected by thread: TCC products 1-35
2026-09-10 03:12:29,097 INFO o.a.j.t.JMeterThread: Thread finished: TCC products 1-35
2026-09-10 03:12:29,107 INFO o.a.j.t.JMeterThread: Stopping because end time detected by thread: TCC products 1-68
2026-09-10 03:12:29,107 INFO o.a.j.t.JMeterThread: Thread finished: TCC products 1-68
2026-09-10 03:12:29,119 INFO o.a.j.t.JMeterThread: Stopping because end time detected by thread: TCC products 1-84
2026-09-10 03:12:29,119 INFO o.a.j.t.JMeterThread: Thread finished: TCC products 1-84
2026-09-10 03:12:29,129 INFO o.a.j.t.JMeterThread: Stopping because end time detected by thread: TCC products 1-24
2026-09-10 03:12:29,129 INFO o.a.j.t.JMeterThread: Thread finished: TCC products 1-24
2026-09-10 03:12:29,141 INFO o.a.j.t.JMeterThread: Stopping because end time detected by thread: TCC products 1-100
2026-09-10 03:12:29,141 INFO o.a.j.t.JMeterThread: Thread finished: TCC products 1-100
2026-09-10 03:12:29,151 INFO o.a.j.t.JMeterThread: Stopping because end time detected by thread: TCC products 1-69
2026-09-10 03:12:29,152 INFO o.a.j.t.JMeterThread: Thread finished: TCC products 1-69
2026-09-10 03:12:29,163 INFO o.a.j.t.JMeterThread: Stopping because end time detected by thread: TCC products 1-98
2026-09-10 03:12:29,163 INFO o.a.j.t.JMeterThread: Thread finished: TCC products 1-98
2026-09-10 03:12:29,173 INFO o.a.j.t.JMeterThread: Stopping because end time detected by thread: TCC products 1-78
2026-09-10 03:12:29,173 INFO o.a.j.t.JMeterThread: Thread finished: TCC products 1-78
2026-09-10 03:12:29,185 INFO o.a.j.t.JMeterThread: Stopping because end time detected by thread: TCC products 1-91
2026-09-10 03:12:29,185 INFO o.a.j.t.JMeterThread: Thread finished: TCC products 1-91
2026-09-10 03:12:29,195 INFO o.a.j.t.JMeterThread: Stopping because end time detected by thread: TCC products 1-76
2026-09-10 03:12:29,196 INFO o.a.j.t.JMeterThread: Thread finished: TCC products 1-76
2026-09-10 03:12:29,207 INFO o.a.j.t.JMeterThread: Stopping because end time detected by thread: TCC products 1-47
2026-09-10 03:12:29,207 INFO o.a.j.t.JMeterThread: Thread finished: TCC products 1-47
2026-09-10 03:12:29,217 INFO o.a.j.t.JMeterThread: Stopping because end time detected by thread: TCC products 1-96
2026-09-10 03:12:29,217 INFO o.a.j.t.JMeterThread: Thread finished: TCC products 1-96
2026-09-10 03:12:29,228 INFO o.a.j.t.JMeterThread: Stopping because end time detected by thread: TCC products 1-6
2026-09-10 03:12:29,228 INFO o.a.j.t.JMeterThread: Thread finished: TCC products 1-6
2026-09-10 03:12:29,239 INFO o.a.j.t.JMeterThread: Stopping because end time detected by thread: TCC products 1-10
2026-09-10 03:12:29,239 INFO o.a.j.t.JMeterThread: Thread finished: TCC products 1-10
2026-09-10 03:12:29,251 INFO o.a.j.t.JMeterThread: Stopping because end time detected by thread: TCC products 1-72
2026-09-10 03:12:29,251 INFO o.a.j.t.JMeterThread: Thread finished: TCC products 1-72
2026-09-10 03:12:29,261 INFO o.a.j.t.JMeterThread: Stopping because end time detected by thread: TCC products 1-77
2026-09-10 03:12:29,261 INFO o.a.j.t.JMeterThread: Thread finished: TCC products 1-77
2026-09-10 03:12:29,272 INFO o.a.j.t.JMeterThread: Stopping because end time detected by thread: TCC products 1-87
2026-09-10 03:12:29,272 INFO o.a.j.t.JMeterThread: Thread finished: TCC products 1-87
2026-09-10 03:12:29,283 INFO o.a.j.t.JMeterThread: Stopping because end time detected by thread: TCC products 1-36
2026-09-10 03:12:29,283 INFO o.a.j.t.JMeterThread: Thread finished: TCC products 1-36
2026-09-10 03:12:29,294 INFO o.a.j.t.JMeterThread: Stopping because end time detected by thread: TCC products 1-81
2026-09-10 03:12:29,294 INFO o.a.j.t.JMeterThread: Thread finished: TCC products 1-81
2026-09-10 03:12:29,305 INFO o.a.j.t.JMeterThread: Stopping because end time detected by thread: TCC products 1-57
2026-09-10 03:12:29,305 INFO o.a.j.t.JMeterThread: Thread finished: TCC products 1-57
2026-09-10 03:12:29,315 INFO o.a.j.t.JMeterThread: Stopping because end time detected by thread: TCC products 1-99
2026-09-10 03:12:29,315 INFO o.a.j.t.JMeterThread: Thread finished: TCC products 1-99
2026-09-10 03:12:29,326 INFO o.a.j.t.JMeterThread: Stopping because end time detected by thread: TCC products 1-93
2026-09-10 03:12:29,326 INFO o.a.j.t.JMeterThread: Thread finished: TCC products 1-93
2026-09-10 03:12:29,336 INFO o.a.j.t.JMeterThread: Stopping because end time detected by thread: TCC products 1-52
2026-09-10 03:12:29,336 INFO o.a.j.t.JMeterThread: Thread finished: TCC products 1-52
2026-09-10 03:12:29,347 INFO o.a.j.t.JMeterThread: Stopping because end time detected by thread: TCC products 1-42
2026-09-10 03:12:29,347 INFO o.a.j.t.JMeterThread: Thread finished: TCC products 1-42
2026-09-10 03:12:29,357 INFO o.a.j.t.JMeterThread: Stopping because end time detected by thread: TCC products 1-8
2026-09-10 03:12:29,357 INFO o.a.j.t.JMeterThread: Thread finished: TCC products 1-8
2026-09-10 03:12:29,368 INFO o.a.j.t.JMeterThread: Stopping because end time detected by thread: TCC products 1-31
2026-09-10 03:12:29,368 INFO o.a.j.t.JMeterThread: Thread finished: TCC products 1-31
2026-09-10 03:12:29,378 INFO o.a.j.t.JMeterThread: Stopping because end time detected by thread: TCC products 1-95
2026-09-10 03:12:29,378 INFO o.a.j.t.JMeterThread: Thread finished: TCC products 1-95
2026-09-10 03:12:29,389 INFO o.a.j.t.JMeterThread: Stopping because end time detected by thread: TCC products 1-3
2026-09-10 03:12:29,389 INFO o.a.j.t.JMeterThread: Thread finished: TCC products 1-3
2026-09-10 03:12:29,399 INFO o.a.j.t.JMeterThread: Stopping because end time detected by thread: TCC products 1-75
2026-09-10 03:12:29,399 INFO o.a.j.t.JMeterThread: Thread finished: TCC products 1-75
2026-09-10 03:12:29,410 INFO o.a.j.t.JMeterThread: Stopping because end time detected by thread: TCC products 1-9
2026-09-10 03:12:29,410 INFO o.a.j.t.JMeterThread: Thread finished: TCC products 1-9
2026-09-10 03:12:29,420 INFO o.a.j.t.JMeterThread: Stopping because end time detected by thread: TCC products 1-27
2026-09-10 03:12:29,420 INFO o.a.j.t.JMeterThread: Thread finished: TCC products 1-27
2026-09-10 03:12:29,431 INFO o.a.j.t.JMeterThread: Stopping because end time detected by thread: TCC products 1-28
2026-09-10 03:12:29,431 INFO o.a.j.t.JMeterThread: Thread finished: TCC products 1-28
2026-09-10 03:12:29,442 INFO o.a.j.t.JMeterThread: Stopping because end time detected by thread: TCC products 1-64
2026-09-10 03:12:29,442 INFO o.a.j.t.JMeterThread: Thread finished: TCC products 1-64
2026-09-10 03:12:29,453 INFO o.a.j.t.JMeterThread: Stopping because end time detected by thread: TCC products 1-7
2026-09-10 03:12:29,453 INFO o.a.j.t.JMeterThread: Thread finished: TCC products 1-7
2026-09-10 03:12:29,465 INFO o.a.j.t.JMeterThread: Stopping because end time detected by thread: TCC products 1-90
2026-09-10 03:12:29,465 INFO o.a.j.t.JMeterThread: Thread finished: TCC products 1-90
2026-09-10 03:12:29,476 INFO o.a.j.t.JMeterThread: Stopping because end time detected by thread: TCC products 1-55
2026-09-10 03:12:29,477 INFO o.a.j.t.JMeterThread: Thread finished: TCC products 1-55
2026-09-10 03:12:29,487 INFO o.a.j.t.JMeterThread: Stopping because end time detected by thread: TCC products 1-70
2026-09-10 03:12:29,487 INFO o.a.j.t.JMeterThread: Thread finished: TCC products 1-70
2026-09-10 03:12:29,500 INFO o.a.j.t.JMeterThread: Stopping because end time detected by thread: TCC products 1-63
2026-09-10 03:12:29,500 INFO o.a.j.t.JMeterThread: Thread finished: TCC products 1-63
2026-09-10 03:12:29,512 INFO o.a.j.t.JMeterThread: Stopping because end time detected by thread: TCC products 1-38
2026-09-10 03:12:29,512 INFO o.a.j.t.JMeterThread: Thread finished: TCC products 1-38
2026-09-10 03:12:29,523 INFO o.a.j.t.JMeterThread: Stopping because end time detected by thread: TCC products 1-89
2026-09-10 03:12:29,524 INFO o.a.j.t.JMeterThread: Thread finished: TCC products 1-89
2026-09-10 03:12:29,534 INFO o.a.j.t.JMeterThread: Stopping because end time detected by thread: TCC products 1-20
2026-09-10 03:12:29,534 INFO o.a.j.t.JMeterThread: Thread finished: TCC products 1-20
2026-09-10 03:12:29,545 INFO o.a.j.t.JMeterThread: Stopping because end time detected by thread: TCC products 1-21
2026-09-10 03:12:29,545 INFO o.a.j.t.JMeterThread: Thread finished: TCC products 1-21
2026-09-10 03:12:29,555 INFO o.a.j.t.JMeterThread: Stopping because end time detected by thread: TCC products 1-59
2026-09-10 03:12:29,555 INFO o.a.j.t.JMeterThread: Thread finished: TCC products 1-59
2026-09-10 03:12:29,568 INFO o.a.j.t.JMeterThread: Stopping because end time detected by thread: TCC products 1-37
2026-09-10 03:12:29,568 INFO o.a.j.t.JMeterThread: Thread finished: TCC products 1-37
2026-09-10 03:12:29,579 INFO o.a.j.t.JMeterThread: Stopping because end time detected by thread: TCC products 1-58
2026-09-10 03:12:29,579 INFO o.a.j.t.JMeterThread: Thread finished: TCC products 1-58
2026-09-10 03:12:29,591 INFO o.a.j.t.JMeterThread: Stopping because end time detected by thread: TCC products 1-45
2026-09-10 03:12:29,591 INFO o.a.j.t.JMeterThread: Thread finished: TCC products 1-45
2026-09-10 03:12:29,601 INFO o.a.j.t.JMeterThread: Stopping because end time detected by thread: TCC products 1-48
2026-09-10 03:12:29,601 INFO o.a.j.t.JMeterThread: Thread finished: TCC products 1-48
2026-09-10 03:12:29,612 INFO o.a.j.t.JMeterThread: Stopping because end time detected by thread: TCC products 1-50
2026-09-10 03:12:29,612 INFO o.a.j.t.JMeterThread: Thread finished: TCC products 1-50
2026-09-10 03:12:29,623 INFO o.a.j.t.JMeterThread: Stopping because end time detected by thread: TCC products 1-22
2026-09-10 03:12:29,623 INFO o.a.j.t.JMeterThread: Thread finished: TCC products 1-22
2026-09-10 03:12:29,635 INFO o.a.j.t.JMeterThread: Stopping because end time detected by thread: TCC products 1-67
2026-09-10 03:12:29,635 INFO o.a.j.t.JMeterThread: Thread finished: TCC products 1-67
2026-09-10 03:12:29,646 INFO o.a.j.t.JMeterThread: Stopping because end time detected by thread: TCC products 1-14
2026-09-10 03:12:29,646 INFO o.a.j.t.JMeterThread: Thread finished: TCC products 1-14
2026-09-10 03:12:29,658 INFO o.a.j.t.JMeterThread: Stopping because end time detected by thread: TCC products 1-94
2026-09-10 03:12:29,658 INFO o.a.j.t.JMeterThread: Thread finished: TCC products 1-94
2026-09-10 03:12:29,668 INFO o.a.j.t.JMeterThread: Stopping because end time detected by thread: TCC products 1-16
2026-09-10 03:12:29,668 INFO o.a.j.t.JMeterThread: Thread finished: TCC products 1-16
2026-09-10 03:12:29,680 INFO o.a.j.t.JMeterThread: Stopping because end time detected by thread: TCC products 1-51
2026-09-10 03:12:29,680 INFO o.a.j.t.JMeterThread: Thread finished: TCC products 1-51
2026-09-10 03:12:29,691 INFO o.a.j.t.JMeterThread: Stopping because end time detected by thread: TCC products 1-4
2026-09-10 03:12:29,691 INFO o.a.j.t.JMeterThread: Thread finished: TCC products 1-4
2026-09-10 03:12:29,702 INFO o.a.j.t.JMeterThread: Stopping because end time detected by thread: TCC products 1-85
2026-09-10 03:12:29,702 INFO o.a.j.t.JMeterThread: Thread finished: TCC products 1-85
2026-09-10 03:12:29,713 INFO o.a.j.t.JMeterThread: Stopping because end time detected by thread: TCC products 1-65
2026-09-10 03:12:29,713 INFO o.a.j.t.JMeterThread: Thread finished: TCC products 1-65
2026-09-10 03:12:29,724 INFO o.a.j.t.JMeterThread: Stopping because end time detected by thread: TCC products 1-19
2026-09-10 03:12:29,724 INFO o.a.j.t.JMeterThread: Thread finished: TCC products 1-19
2026-09-10 03:12:29,736 INFO o.a.j.t.JMeterThread: Stopping because end time detected by thread: TCC products 1-83
2026-09-10 03:12:29,736 INFO o.a.j.t.JMeterThread: Thread finished: TCC products 1-83
2026-09-10 03:12:29,748 INFO o.a.j.t.JMeterThread: Stopping because end time detected by thread: TCC products 1-62
2026-09-10 03:12:29,748 INFO o.a.j.t.JMeterThread: Thread finished: TCC products 1-62
2026-09-10 03:12:29,759 INFO o.a.j.t.JMeterThread: Stopping because end time detected by thread: TCC products 1-40
2026-09-10 03:12:29,759 INFO o.a.j.t.JMeterThread: Thread finished: TCC products 1-40
2026-09-10 03:12:29,770 INFO o.a.j.t.JMeterThread: Stopping because end time detected by thread: TCC products 1-53
2026-09-10 03:12:29,770 INFO o.a.j.t.JMeterThread: Thread finished: TCC products 1-53
2026-09-10 03:12:29,781 INFO o.a.j.t.JMeterThread: Stopping because end time detected by thread: TCC products 1-43
2026-09-10 03:12:29,781 INFO o.a.j.t.JMeterThread: Thread finished: TCC products 1-43
2026-09-10 03:12:29,792 INFO o.a.j.t.JMeterThread: Stopping because end time detected by thread: TCC products 1-61
2026-09-10 03:12:29,792 INFO o.a.j.t.JMeterThread: Thread finished: TCC products 1-61
2026-09-10 03:12:29,803 INFO o.a.j.t.JMeterThread: Stopping because end time detected by thread: TCC products 1-39
2026-09-10 03:12:29,803 INFO o.a.j.t.JMeterThread: Thread finished: TCC products 1-39
2026-09-10 03:12:29,816 INFO o.a.j.t.JMeterThread: Stopping because end time detected by thread: TCC products 1-46
2026-09-10 03:12:29,816 INFO o.a.j.t.JMeterThread: Thread finished: TCC products 1-46
2026-09-10 03:12:29,826 INFO o.a.j.t.JMeterThread: Stopping because end time detected by thread: TCC products 1-15
2026-09-10 03:12:29,826 INFO o.a.j.t.JMeterThread: Thread finished: TCC products 1-15
2026-09-10 03:12:29,836 INFO o.a.j.t.JMeterThread: Stopping because end time detected by thread: TCC products 1-97
2026-09-10 03:12:29,836 INFO o.a.j.t.JMeterThread: Thread finished: TCC products 1-97
2026-09-10 03:12:29,846 INFO o.a.j.t.JMeterThread: Stopping because end time detected by thread: TCC products 1-13
2026-09-10 03:12:29,846 INFO o.a.j.t.JMeterThread: Thread finished: TCC products 1-13
2026-09-10 03:12:29,858 INFO o.a.j.t.JMeterThread: Stopping because end time detected by thread: TCC products 1-30
2026-09-10 03:12:29,858 INFO o.a.j.t.JMeterThread: Thread finished: TCC products 1-30
2026-09-10 03:12:29,868 INFO o.a.j.t.JMeterThread: Stopping because end time detected by thread: TCC products 1-54
2026-09-10 03:12:29,869 INFO o.a.j.t.JMeterThread: Thread finished: TCC products 1-54
2026-09-10 03:12:29,879 INFO o.a.j.t.JMeterThread: Stopping because end time detected by thread: TCC products 1-34
2026-09-10 03:12:29,879 INFO o.a.j.t.JMeterThread: Thread finished: TCC products 1-34
2026-09-10 03:12:29,879 INFO o.a.j.e.StandardJMeterEngine: Notifying test listeners of end of test
2026-09-10 03:12:29,882 INFO o.a.j.r.Summariser: summary +   2739 in 00:00:30 =   91.7/s Avg:  1089 Min:  1056 Max:  1130 Err:     0 (0.00%) Active: 0 Started: 100 Finished: 100
2026-09-10 03:12:29,882 INFO o.a.j.r.Summariser: summary =  10976 in 00:02:01 =   90.6/s Avg:  1094 Min:    87 Max:  1561 Err:     0 (0.00%)
