2026-09-10 03:09:52,073 INFO o.a.j.u.JMeterUtils: Setting Locale to en_EN
2026-09-10 03:09:52,093 INFO o.a.j.JMeter: Loading user properties from: /home/avituo/projects/tcc/tcc-container/.tools/apache-jmeter-5.6.3/bin/user.properties
2026-09-10 03:09:52,093 INFO o.a.j.JMeter: Loading system properties from: /home/avituo/projects/tcc/tcc-container/.tools/apache-jmeter-5.6.3/bin/system.properties
2026-09-10 03:09:52,094 INFO o.a.j.JMeter: Loading additional properties from: /home/avituo/projects/tcc/tcc-container/benchmark/jmeter/benchmark.properties
2026-09-10 03:09:52,094 INFO o.a.j.JMeter: Loading additional properties from: /tmp/tcc-benchmark-auth.OyAFTQ/auth.properties
2026-09-10 03:09:52,094 INFO o.a.j.JMeter: Setting JMeter property: threads=100
2026-09-10 03:09:52,094 INFO o.a.j.JMeter: Setting JMeter property: duration_seconds=30
2026-09-10 03:09:52,094 INFO o.a.j.JMeter: Setting JMeter property: target_host=localhost
2026-09-10 03:09:52,094 INFO o.a.j.JMeter: Setting JMeter property: target_port=18000
2026-09-10 03:09:52,094 INFO o.a.j.JMeter: Setting JMeter property: tcc.order.id=1
2026-09-10 03:09:52,094 INFO o.a.j.JMeter: Setting JMeter property: repetition=5
2026-09-10 03:09:52,101 INFO o.a.j.JMeter: Copyright (c) 1998-2024 The Apache Software Foundation
2026-09-10 03:09:52,101 INFO o.a.j.JMeter: Version 5.6.3
2026-09-10 03:09:52,101 INFO o.a.j.JMeter: java.version=21.0.11
2026-09-10 03:09:52,101 INFO o.a.j.JMeter: java.vm.name=OpenJDK 64-Bit Server VM
2026-09-10 03:09:52,101 INFO o.a.j.JMeter: os.name=Linux
2026-09-10 03:09:52,101 INFO o.a.j.JMeter: os.arch=amd64
2026-09-10 03:09:52,101 INFO o.a.j.JMeter: os.version=7.0.11-76070011-generic
2026-09-10 03:09:52,101 INFO o.a.j.JMeter: file.encoding=UTF-8
2026-09-10 03:09:52,101 INFO o.a.j.JMeter: java.awt.headless=true
2026-09-10 03:09:52,101 INFO o.a.j.JMeter: Max memory     =1073741824
2026-09-10 03:09:52,101 INFO o.a.j.JMeter: Available Processors =16
2026-09-10 03:09:52,110 INFO o.a.j.JMeter: Default Locale=English (EN)
2026-09-10 03:09:52,110 INFO o.a.j.JMeter: JMeter  Locale=English (EN)
2026-09-10 03:09:52,110 INFO o.a.j.JMeter: JMeterHome=/home/avituo/projects/tcc/tcc-container/.tools/apache-jmeter-5.6.3
2026-09-10 03:09:52,110 INFO o.a.j.JMeter: user.dir  =/home/avituo/projects/tcc/tcc-container
2026-09-10 03:09:52,110 INFO o.a.j.JMeter: PWD       =/home/avituo/projects/tcc/tcc-container
2026-09-10 03:09:52,118 INFO o.a.j.JMeter: IP: 192.168.1.16 Name: pop-os FullName: pop-os.home
2026-09-10 03:09:52,130 INFO o.a.j.s.FileServer: Default base='/home/avituo/projects/tcc/tcc-container'
2026-09-10 03:09:52,133 INFO o.a.j.s.FileServer: Set new base='/home/avituo/projects/tcc/tcc-container/benchmark/jmeter'
2026-09-10 03:09:52,309 INFO o.a.j.s.SaveService: Testplan (JMX) version: 2.2. Testlog (JTL) version: 2.2
2026-09-10 03:09:52,334 INFO o.a.j.s.SaveService: Using SaveService properties version 5.0
2026-09-10 03:09:52,337 INFO o.a.j.s.SaveService: Using SaveService properties file encoding UTF-8
2026-09-10 03:09:52,341 INFO o.a.j.s.SaveService: Loading file: /home/avituo/projects/tcc/tcc-container/benchmark/jmeter/tcc-products-v1.jmx
2026-09-10 03:09:52,392 INFO o.a.j.p.h.s.HTTPSamplerBase: Parser for text/html is org.apache.jmeter.protocol.http.parser.LagartoBasedHtmlParser
2026-09-10 03:09:52,392 INFO o.a.j.p.h.s.HTTPSamplerBase: Parser for application/xhtml+xml is org.apache.jmeter.protocol.http.parser.LagartoBasedHtmlParser
2026-09-10 03:09:52,392 INFO o.a.j.p.h.s.HTTPSamplerBase: Parser for application/xml is org.apache.jmeter.protocol.http.parser.LagartoBasedHtmlParser
2026-09-10 03:09:52,392 INFO o.a.j.p.h.s.HTTPSamplerBase: Parser for text/xml is org.apache.jmeter.protocol.http.parser.LagartoBasedHtmlParser
2026-09-10 03:09:52,392 INFO o.a.j.p.h.s.HTTPSamplerBase: Parser for text/vnd.wap.wml is org.apache.jmeter.protocol.http.parser.RegexpHTMLParser
2026-09-10 03:09:52,392 INFO o.a.j.p.h.s.HTTPSamplerBase: Parser for text/css is org.apache.jmeter.protocol.http.parser.CssParser
2026-09-10 03:09:52,428 INFO o.a.j.JMeter: Creating summariser <summary>
2026-09-10 03:09:52,446 INFO o.a.j.e.StandardJMeterEngine: Running the test!
2026-09-10 03:09:52,447 INFO o.a.j.s.SampleEvent: List of sample_variables: []
2026-09-10 03:09:52,447 INFO o.a.j.s.SampleEvent: List of sample_variables: []
2026-09-10 03:09:52,451 INFO o.a.j.e.u.CompoundVariable: Note: Function class names must contain the string: '.functions.'
2026-09-10 03:09:52,451 INFO o.a.j.e.u.CompoundVariable: Note: Function class names must not contain the string: '.gui.'
2026-09-10 03:09:52,692 INFO o.a.j.JMeter: Running test (1789020592691)
2026-09-10 03:09:52,712 INFO o.a.j.e.StandardJMeterEngine: Starting ThreadGroup: 1 : TCC products
2026-09-10 03:09:52,712 INFO o.a.j.e.StandardJMeterEngine: Starting 100 threads for group TCC products.
2026-09-10 03:09:52,712 INFO o.a.j.e.StandardJMeterEngine: Thread will continue on error
2026-09-10 03:09:52,712 INFO o.a.j.t.ThreadGroup: Starting thread group... number=1 threads=100 ramp-up=0 delayedStart=false
2026-09-10 03:09:52,718 INFO o.a.j.t.JMeterThread: Thread started: TCC products 1-1
2026-09-10 03:09:52,718 INFO o.a.j.t.JMeterThread: Thread started: TCC products 1-3
2026-09-10 03:09:52,718 INFO o.a.j.t.JMeterThread: Thread started: TCC products 1-2
2026-09-10 03:09:52,718 INFO o.a.j.t.JMeterThread: Thread started: TCC products 1-4
2026-09-10 03:09:52,718 INFO o.a.j.t.JMeterThread: Thread started: TCC products 1-5
2026-09-10 03:09:52,719 INFO o.a.j.t.JMeterThread: Thread started: TCC products 1-6
2026-09-10 03:09:52,720 INFO o.a.j.t.JMeterThread: Thread started: TCC products 1-7
2026-09-10 03:09:52,720 INFO o.a.j.t.JMeterThread: Thread started: TCC products 1-8
2026-09-10 03:09:52,721 INFO o.a.j.t.JMeterThread: Thread started: TCC products 1-9
2026-09-10 03:09:52,722 INFO o.a.j.t.JMeterThread: Thread started: TCC products 1-10
2026-09-10 03:09:52,723 INFO o.a.j.t.JMeterThread: Thread started: TCC products 1-11
2026-09-10 03:09:52,723 INFO o.a.j.t.JMeterThread: Thread started: TCC products 1-12
2026-09-10 03:09:52,724 INFO o.a.j.t.JMeterThread: Thread started: TCC products 1-13
2026-09-10 03:09:52,725 INFO o.a.j.t.JMeterThread: Thread started: TCC products 1-14
2026-09-10 03:09:52,726 INFO o.a.j.t.JMeterThread: Thread started: TCC products 1-15
2026-09-10 03:09:52,727 INFO o.a.j.t.JMeterThread: Thread started: TCC products 1-16
2026-09-10 03:09:52,728 INFO o.a.j.t.JMeterThread: Thread started: TCC products 1-17
2026-09-10 03:09:52,728 INFO o.a.j.t.JMeterThread: Thread started: TCC products 1-18
2026-09-10 03:09:52,729 INFO o.a.j.t.JMeterThread: Thread started: TCC products 1-19
2026-09-10 03:09:52,730 INFO o.a.j.t.JMeterThread: Thread started: TCC products 1-20
2026-09-10 03:09:52,730 INFO o.a.j.t.JMeterThread: Thread started: TCC products 1-21
2026-09-10 03:09:52,731 INFO o.a.j.t.JMeterThread: Thread started: TCC products 1-22
2026-09-10 03:09:52,732 INFO o.a.j.t.JMeterThread: Thread started: TCC products 1-23
2026-09-10 03:09:52,732 INFO o.a.j.t.JMeterThread: Thread started: TCC products 1-24
2026-09-10 03:09:52,733 INFO o.a.j.t.JMeterThread: Thread started: TCC products 1-25
2026-09-10 03:09:52,733 INFO o.a.j.t.JMeterThread: Thread started: TCC products 1-26
2026-09-10 03:09:52,734 INFO o.a.j.t.JMeterThread: Thread started: TCC products 1-27
2026-09-10 03:09:52,734 INFO o.a.j.t.JMeterThread: Thread started: TCC products 1-28
2026-09-10 03:09:52,735 INFO o.a.j.t.JMeterThread: Thread started: TCC products 1-29
2026-09-10 03:09:52,735 INFO o.a.j.t.JMeterThread: Thread started: TCC products 1-30
2026-09-10 03:09:52,736 INFO o.a.j.t.JMeterThread: Thread started: TCC products 1-31
2026-09-10 03:09:52,737 INFO o.a.j.t.JMeterThread: Thread started: TCC products 1-32
2026-09-10 03:09:52,737 INFO o.a.j.t.JMeterThread: Thread started: TCC products 1-33
2026-09-10 03:09:52,738 INFO o.a.j.t.JMeterThread: Thread started: TCC products 1-34
2026-09-10 03:09:52,738 INFO o.a.j.t.JMeterThread: Thread started: TCC products 1-35
2026-09-10 03:09:52,739 INFO o.a.j.t.JMeterThread: Thread started: TCC products 1-36
2026-09-10 03:09:52,739 INFO o.a.j.t.JMeterThread: Thread started: TCC products 1-37
2026-09-10 03:09:52,740 INFO o.a.j.t.JMeterThread: Thread started: TCC products 1-38
2026-09-10 03:09:52,740 INFO o.a.j.t.JMeterThread: Thread started: TCC products 1-39
2026-09-10 03:09:52,741 INFO o.a.j.t.JMeterThread: Thread started: TCC products 1-40
2026-09-10 03:09:52,741 INFO o.a.j.t.JMeterThread: Thread started: TCC products 1-41
2026-09-10 03:09:52,742 INFO o.a.j.t.JMeterThread: Thread started: TCC products 1-42
2026-09-10 03:09:52,743 INFO o.a.j.t.JMeterThread: Thread started: TCC products 1-43
2026-09-10 03:09:52,743 INFO o.a.j.t.JMeterThread: Thread started: TCC products 1-44
2026-09-10 03:09:52,744 INFO o.a.j.p.h.s.HTTPHCAbstractImpl: Local host = pop-os
2026-09-10 03:09:52,744 INFO o.a.j.t.JMeterThread: Thread started: TCC products 1-45
2026-09-10 03:09:52,744 INFO o.a.j.t.JMeterThread: Thread started: TCC products 1-46
2026-09-10 03:09:52,745 INFO o.a.j.t.JMeterThread: Thread started: TCC products 1-47
2026-09-10 03:09:52,745 INFO o.a.j.t.JMeterThread: Thread started: TCC products 1-48
2026-09-10 03:09:52,746 INFO o.a.j.t.JMeterThread: Thread started: TCC products 1-49
2026-09-10 03:09:52,746 INFO o.a.j.t.JMeterThread: Thread started: TCC products 1-50
2026-09-10 03:09:52,747 INFO o.a.j.t.JMeterThread: Thread started: TCC products 1-51
2026-09-10 03:09:52,747 INFO o.a.j.t.JMeterThread: Thread started: TCC products 1-52
2026-09-10 03:09:52,748 INFO o.a.j.t.JMeterThread: Thread started: TCC products 1-53
2026-09-10 03:09:52,748 INFO o.a.j.t.JMeterThread: Thread started: TCC products 1-54
2026-09-10 03:09:52,748 INFO o.a.j.t.JMeterThread: Thread started: TCC products 1-55
2026-09-10 03:09:52,749 INFO o.a.j.t.JMeterThread: Thread started: TCC products 1-56
2026-09-10 03:09:52,749 INFO o.a.j.t.JMeterThread: Thread started: TCC products 1-57
2026-09-10 03:09:52,749 INFO o.a.j.t.JMeterThread: Thread started: TCC products 1-58
2026-09-10 03:09:52,750 INFO o.a.j.t.JMeterThread: Thread started: TCC products 1-59
2026-09-10 03:09:52,750 INFO o.a.j.t.JMeterThread: Thread started: TCC products 1-60
2026-09-10 03:09:52,751 INFO o.a.j.t.JMeterThread: Thread started: TCC products 1-61
2026-09-10 03:09:52,752 INFO o.a.j.t.JMeterThread: Thread started: TCC products 1-62
2026-09-10 03:09:52,752 INFO o.a.j.p.h.s.HTTPHC4Impl: HTTP request retry count = 0
2026-09-10 03:09:52,752 INFO o.a.j.t.JMeterThread: Thread started: TCC products 1-63
2026-09-10 03:09:52,753 INFO o.a.j.t.JMeterThread: Thread started: TCC products 1-64
2026-09-10 03:09:52,754 INFO o.a.j.t.JMeterThread: Thread started: TCC products 1-65
2026-09-10 03:09:52,754 INFO o.a.j.s.SampleResult: Note: Sample TimeStamps are START times
2026-09-10 03:09:52,754 INFO o.a.j.s.SampleResult: sampleresult.default.encoding is set to UTF-8
2026-09-10 03:09:52,754 INFO o.a.j.s.SampleResult: sampleresult.useNanoTime=true
2026-09-10 03:09:52,755 INFO o.a.j.s.SampleResult: sampleresult.nanoThreadSleep=5000
2026-09-10 03:09:52,755 INFO o.a.j.t.JMeterThread: Thread started: TCC products 1-66
2026-09-10 03:09:52,756 INFO o.a.j.t.JMeterThread: Thread started: TCC products 1-67
2026-09-10 03:09:52,756 INFO o.a.j.t.JMeterThread: Thread started: TCC products 1-68
2026-09-10 03:09:52,757 INFO o.a.j.t.JMeterThread: Thread started: TCC products 1-69
2026-09-10 03:09:52,757 INFO o.a.j.t.JMeterThread: Thread started: TCC products 1-70
2026-09-10 03:09:52,758 INFO o.a.j.t.JMeterThread: Thread started: TCC products 1-72
2026-09-10 03:09:52,759 INFO o.a.j.t.JMeterThread: Thread started: TCC products 1-73
2026-09-10 03:09:52,758 INFO o.a.j.t.JMeterThread: Thread started: TCC products 1-71
2026-09-10 03:09:52,759 INFO o.a.j.t.JMeterThread: Thread started: TCC products 1-74
2026-09-10 03:09:52,761 INFO o.a.j.t.JMeterThread: Thread started: TCC products 1-75
2026-09-10 03:09:52,761 INFO o.a.j.t.JMeterThread: Thread started: TCC products 1-76
2026-09-10 03:09:52,762 INFO o.a.j.t.JMeterThread: Thread started: TCC products 1-77
2026-09-10 03:09:52,762 INFO o.a.j.t.JMeterThread: Thread started: TCC products 1-78
2026-09-10 03:09:52,763 INFO o.a.j.t.JMeterThread: Thread started: TCC products 1-79
2026-09-10 03:09:52,764 INFO o.a.j.t.JMeterThread: Thread started: TCC products 1-80
2026-09-10 03:09:52,765 INFO o.a.j.t.JMeterThread: Thread started: TCC products 1-81
2026-09-10 03:09:52,765 INFO o.a.j.t.JMeterThread: Thread started: TCC products 1-82
2026-09-10 03:09:52,766 INFO o.a.j.t.JMeterThread: Thread started: TCC products 1-83
2026-09-10 03:09:52,767 INFO o.a.j.t.JMeterThread: Thread started: TCC products 1-84
2026-09-10 03:09:52,767 INFO o.a.j.t.JMeterThread: Thread started: TCC products 1-85
2026-09-10 03:09:52,768 INFO o.a.j.t.JMeterThread: Thread started: TCC products 1-86
2026-09-10 03:09:52,769 INFO o.a.j.t.JMeterThread: Thread started: TCC products 1-87
2026-09-10 03:09:52,770 INFO o.a.j.t.JMeterThread: Thread started: TCC products 1-88
2026-09-10 03:09:52,770 INFO o.a.j.t.JMeterThread: Thread started: TCC products 1-89
2026-09-10 03:09:52,771 INFO o.a.j.t.JMeterThread: Thread started: TCC products 1-90
2026-09-10 03:09:52,771 INFO o.a.j.t.JMeterThread: Thread started: TCC products 1-91
2026-09-10 03:09:52,771 INFO o.a.j.t.JMeterThread: Thread started: TCC products 1-92
2026-09-10 03:09:52,772 INFO o.a.j.t.JMeterThread: Thread started: TCC products 1-93
2026-09-10 03:09:52,773 INFO o.a.j.t.JMeterThread: Thread started: TCC products 1-94
2026-09-10 03:09:52,774 INFO o.a.j.t.JMeterThread: Thread started: TCC products 1-95
2026-09-10 03:09:52,776 INFO o.a.j.t.JMeterThread: Thread started: TCC products 1-97
2026-09-10 03:09:52,777 INFO o.a.j.t.JMeterThread: Thread started: TCC products 1-98
2026-09-10 03:09:52,778 INFO o.a.j.t.JMeterThread: Thread started: TCC products 1-96
2026-09-10 03:09:52,779 INFO o.a.j.t.JMeterThread: Thread started: TCC products 1-99
2026-09-10 03:09:52,780 INFO o.a.j.t.ThreadGroup: Started thread group number 1
2026-09-10 03:09:52,780 INFO o.a.j.e.StandardJMeterEngine: All thread groups have been started
2026-09-10 03:09:52,781 INFO o.a.j.t.JMeterThread: Thread started: TCC products 1-100
2026-09-10 03:10:00,003 INFO o.a.j.r.Summariser: summary +    592 in 00:00:07 =   81.0/s Avg:  1067 Min:    92 Max:  1517 Err:     0 (0.00%) Active: 100 Started: 100 Finished: 0
2026-09-10 03:10:22,739 INFO o.a.j.t.JMeterThread: Stopping because end time detected by thread: TCC products 1-30
2026-09-10 03:10:22,739 INFO o.a.j.t.JMeterThread: Thread finished: TCC products 1-30
2026-09-10 03:10:22,761 INFO o.a.j.t.JMeterThread: Stopping because end time detected by thread: TCC products 1-42
2026-09-10 03:10:22,761 INFO o.a.j.t.JMeterThread: Thread finished: TCC products 1-42
2026-09-10 03:10:22,771 INFO o.a.j.t.JMeterThread: Stopping because end time detected by thread: TCC products 1-20
2026-09-10 03:10:22,772 INFO o.a.j.t.JMeterThread: Thread finished: TCC products 1-20
2026-09-10 03:10:22,783 INFO o.a.j.t.JMeterThread: Stopping because end time detected by thread: TCC products 1-99
2026-09-10 03:10:22,783 INFO o.a.j.t.JMeterThread: Thread finished: TCC products 1-99
2026-09-10 03:10:22,795 INFO o.a.j.t.JMeterThread: Stopping because end time detected by thread: TCC products 1-54
2026-09-10 03:10:22,795 INFO o.a.j.t.JMeterThread: Thread finished: TCC products 1-54
2026-09-10 03:10:22,806 INFO o.a.j.t.JMeterThread: Stopping because end time detected by thread: TCC products 1-60
2026-09-10 03:10:22,806 INFO o.a.j.t.JMeterThread: Thread finished: TCC products 1-60
2026-09-10 03:10:22,817 INFO o.a.j.t.JMeterThread: Stopping because end time detected by thread: TCC products 1-88
2026-09-10 03:10:22,817 INFO o.a.j.t.JMeterThread: Thread finished: TCC products 1-88
2026-09-10 03:10:22,828 INFO o.a.j.t.JMeterThread: Stopping because end time detected by thread: TCC products 1-59
2026-09-10 03:10:22,828 INFO o.a.j.t.JMeterThread: Thread finished: TCC products 1-59
2026-09-10 03:10:22,840 INFO o.a.j.t.JMeterThread: Stopping because end time detected by thread: TCC products 1-43
2026-09-10 03:10:22,840 INFO o.a.j.t.JMeterThread: Thread finished: TCC products 1-43
2026-09-10 03:10:22,851 INFO o.a.j.t.JMeterThread: Stopping because end time detected by thread: TCC products 1-78
2026-09-10 03:10:22,851 INFO o.a.j.t.JMeterThread: Thread finished: TCC products 1-78
2026-09-10 03:10:22,861 INFO o.a.j.t.JMeterThread: Stopping because end time detected by thread: TCC products 1-80
2026-09-10 03:10:22,862 INFO o.a.j.t.JMeterThread: Thread finished: TCC products 1-80
2026-09-10 03:10:22,873 INFO o.a.j.t.JMeterThread: Stopping because end time detected by thread: TCC products 1-29
2026-09-10 03:10:22,873 INFO o.a.j.t.JMeterThread: Thread finished: TCC products 1-29
2026-09-10 03:10:22,885 INFO o.a.j.t.JMeterThread: Stopping because end time detected by thread: TCC products 1-34
2026-09-10 03:10:22,885 INFO o.a.j.t.JMeterThread: Thread finished: TCC products 1-34
2026-09-10 03:10:22,895 INFO o.a.j.t.JMeterThread: Stopping because end time detected by thread: TCC products 1-49
2026-09-10 03:10:22,895 INFO o.a.j.t.JMeterThread: Thread finished: TCC products 1-49
2026-09-10 03:10:22,906 INFO o.a.j.t.JMeterThread: Stopping because end time detected by thread: TCC products 1-81
2026-09-10 03:10:22,906 INFO o.a.j.t.JMeterThread: Thread finished: TCC products 1-81
2026-09-10 03:10:22,915 INFO o.a.j.t.JMeterThread: Stopping because end time detected by thread: TCC products 1-2
2026-09-10 03:10:22,916 INFO o.a.j.t.JMeterThread: Thread finished: TCC products 1-2
2026-09-10 03:10:22,926 INFO o.a.j.t.JMeterThread: Stopping because end time detected by thread: TCC products 1-38
2026-09-10 03:10:22,926 INFO o.a.j.t.JMeterThread: Thread finished: TCC products 1-38
2026-09-10 03:10:22,936 INFO o.a.j.t.JMeterThread: Stopping because end time detected by thread: TCC products 1-73
2026-09-10 03:10:22,936 INFO o.a.j.t.JMeterThread: Thread finished: TCC products 1-73
2026-09-10 03:10:22,946 INFO o.a.j.t.JMeterThread: Stopping because end time detected by thread: TCC products 1-22
2026-09-10 03:10:22,946 INFO o.a.j.t.JMeterThread: Thread finished: TCC products 1-22
2026-09-10 03:10:22,956 INFO o.a.j.t.JMeterThread: Stopping because end time detected by thread: TCC products 1-28
2026-09-10 03:10:22,956 INFO o.a.j.t.JMeterThread: Thread finished: TCC products 1-28
2026-09-10 03:10:22,966 INFO o.a.j.t.JMeterThread: Stopping because end time detected by thread: TCC products 1-46
2026-09-10 03:10:22,967 INFO o.a.j.t.JMeterThread: Thread finished: TCC products 1-46
2026-09-10 03:10:22,977 INFO o.a.j.t.JMeterThread: Stopping because end time detected by thread: TCC products 1-57
2026-09-10 03:10:22,977 INFO o.a.j.t.JMeterThread: Thread finished: TCC products 1-57
2026-09-10 03:10:22,989 INFO o.a.j.t.JMeterThread: Stopping because end time detected by thread: TCC products 1-41
2026-09-10 03:10:22,989 INFO o.a.j.t.JMeterThread: Thread finished: TCC products 1-41
2026-09-10 03:10:23,000 INFO o.a.j.t.JMeterThread: Stopping because end time detected by thread: TCC products 1-10
2026-09-10 03:10:23,000 INFO o.a.j.t.JMeterThread: Thread finished: TCC products 1-10
2026-09-10 03:10:23,019 INFO o.a.j.t.JMeterThread: Stopping because end time detected by thread: TCC products 1-6
2026-09-10 03:10:23,019 INFO o.a.j.t.JMeterThread: Thread finished: TCC products 1-6
2026-09-10 03:10:23,030 INFO o.a.j.t.JMeterThread: Stopping because end time detected by thread: TCC products 1-61
2026-09-10 03:10:23,030 INFO o.a.j.t.JMeterThread: Thread finished: TCC products 1-61
2026-09-10 03:10:23,042 INFO o.a.j.t.JMeterThread: Stopping because end time detected by thread: TCC products 1-50
2026-09-10 03:10:23,042 INFO o.a.j.t.JMeterThread: Thread finished: TCC products 1-50
2026-09-10 03:10:23,054 INFO o.a.j.t.JMeterThread: Stopping because end time detected by thread: TCC products 1-26
2026-09-10 03:10:23,054 INFO o.a.j.t.JMeterThread: Thread finished: TCC products 1-26
2026-09-10 03:10:23,065 INFO o.a.j.t.JMeterThread: Stopping because end time detected by thread: TCC products 1-83
2026-09-10 03:10:23,065 INFO o.a.j.t.JMeterThread: Thread finished: TCC products 1-83
2026-09-10 03:10:23,076 INFO o.a.j.t.JMeterThread: Stopping because end time detected by thread: TCC products 1-100
2026-09-10 03:10:23,077 INFO o.a.j.t.JMeterThread: Thread finished: TCC products 1-100
2026-09-10 03:10:23,087 INFO o.a.j.t.JMeterThread: Stopping because end time detected by thread: TCC products 1-97
2026-09-10 03:10:23,088 INFO o.a.j.t.JMeterThread: Thread finished: TCC products 1-97
2026-09-10 03:10:23,098 INFO o.a.j.t.JMeterThread: Stopping because end time detected by thread: TCC products 1-70
2026-09-10 03:10:23,099 INFO o.a.j.t.JMeterThread: Thread finished: TCC products 1-70
2026-09-10 03:10:23,109 INFO o.a.j.t.JMeterThread: Stopping because end time detected by thread: TCC products 1-3
2026-09-10 03:10:23,109 INFO o.a.j.t.JMeterThread: Thread finished: TCC products 1-3
2026-09-10 03:10:23,120 INFO o.a.j.t.JMeterThread: Stopping because end time detected by thread: TCC products 1-52
2026-09-10 03:10:23,120 INFO o.a.j.t.JMeterThread: Thread finished: TCC products 1-52
2026-09-10 03:10:23,131 INFO o.a.j.t.JMeterThread: Stopping because end time detected by thread: TCC products 1-35
2026-09-10 03:10:23,131 INFO o.a.j.t.JMeterThread: Thread finished: TCC products 1-35
2026-09-10 03:10:23,142 INFO o.a.j.t.JMeterThread: Stopping because end time detected by thread: TCC products 1-18
2026-09-10 03:10:23,142 INFO o.a.j.t.JMeterThread: Thread finished: TCC products 1-18
2026-09-10 03:10:23,153 INFO o.a.j.t.JMeterThread: Stopping because end time detected by thread: TCC products 1-90
2026-09-10 03:10:23,153 INFO o.a.j.t.JMeterThread: Thread finished: TCC products 1-90
2026-09-10 03:10:23,163 INFO o.a.j.t.JMeterThread: Stopping because end time detected by thread: TCC products 1-16
2026-09-10 03:10:23,163 INFO o.a.j.t.JMeterThread: Thread finished: TCC products 1-16
2026-09-10 03:10:23,174 INFO o.a.j.t.JMeterThread: Stopping because end time detected by thread: TCC products 1-92
2026-09-10 03:10:23,174 INFO o.a.j.t.JMeterThread: Thread finished: TCC products 1-92
2026-09-10 03:10:23,185 INFO o.a.j.t.JMeterThread: Stopping because end time detected by thread: TCC products 1-91
2026-09-10 03:10:23,185 INFO o.a.j.t.JMeterThread: Thread finished: TCC products 1-91
2026-09-10 03:10:23,196 INFO o.a.j.t.JMeterThread: Stopping because end time detected by thread: TCC products 1-69
2026-09-10 03:10:23,196 INFO o.a.j.t.JMeterThread: Thread finished: TCC products 1-69
2026-09-10 03:10:23,207 INFO o.a.j.t.JMeterThread: Stopping because end time detected by thread: TCC products 1-12
2026-09-10 03:10:23,207 INFO o.a.j.t.JMeterThread: Thread finished: TCC products 1-12
2026-09-10 03:10:23,218 INFO o.a.j.t.JMeterThread: Stopping because end time detected by thread: TCC products 1-71
2026-09-10 03:10:23,218 INFO o.a.j.t.JMeterThread: Thread finished: TCC products 1-71
2026-09-10 03:10:23,228 INFO o.a.j.t.JMeterThread: Stopping because end time detected by thread: TCC products 1-55
2026-09-10 03:10:23,229 INFO o.a.j.t.JMeterThread: Thread finished: TCC products 1-55
2026-09-10 03:10:23,239 INFO o.a.j.t.JMeterThread: Stopping because end time detected by thread: TCC products 1-13
2026-09-10 03:10:23,239 INFO o.a.j.t.JMeterThread: Thread finished: TCC products 1-13
2026-09-10 03:10:23,250 INFO o.a.j.t.JMeterThread: Stopping because end time detected by thread: TCC products 1-9
2026-09-10 03:10:23,250 INFO o.a.j.t.JMeterThread: Thread finished: TCC products 1-9
2026-09-10 03:10:23,260 INFO o.a.j.t.JMeterThread: Stopping because end time detected by thread: TCC products 1-24
2026-09-10 03:10:23,260 INFO o.a.j.t.JMeterThread: Thread finished: TCC products 1-24
2026-09-10 03:10:23,270 INFO o.a.j.t.JMeterThread: Stopping because end time detected by thread: TCC products 1-79
2026-09-10 03:10:23,270 INFO o.a.j.t.JMeterThread: Thread finished: TCC products 1-79
2026-09-10 03:10:23,281 INFO o.a.j.t.JMeterThread: Stopping because end time detected by thread: TCC products 1-82
2026-09-10 03:10:23,281 INFO o.a.j.t.JMeterThread: Thread finished: TCC products 1-82
2026-09-10 03:10:23,291 INFO o.a.j.t.JMeterThread: Stopping because end time detected by thread: TCC products 1-4
2026-09-10 03:10:23,291 INFO o.a.j.t.JMeterThread: Thread finished: TCC products 1-4
2026-09-10 03:10:23,301 INFO o.a.j.t.JMeterThread: Stopping because end time detected by thread: TCC products 1-27
2026-09-10 03:10:23,301 INFO o.a.j.t.JMeterThread: Thread finished: TCC products 1-27
2026-09-10 03:10:23,311 INFO o.a.j.t.JMeterThread: Stopping because end time detected by thread: TCC products 1-66
2026-09-10 03:10:23,311 INFO o.a.j.t.JMeterThread: Thread finished: TCC products 1-66
2026-09-10 03:10:23,322 INFO o.a.j.t.JMeterThread: Stopping because end time detected by thread: TCC products 1-48
2026-09-10 03:10:23,322 INFO o.a.j.t.JMeterThread: Thread finished: TCC products 1-48
2026-09-10 03:10:23,332 INFO o.a.j.t.JMeterThread: Stopping because end time detected by thread: TCC products 1-45
2026-09-10 03:10:23,332 INFO o.a.j.t.JMeterThread: Thread finished: TCC products 1-45
2026-09-10 03:10:23,343 INFO o.a.j.t.JMeterThread: Stopping because end time detected by thread: TCC products 1-25
2026-09-10 03:10:23,343 INFO o.a.j.t.JMeterThread: Thread finished: TCC products 1-25
2026-09-10 03:10:23,354 INFO o.a.j.t.JMeterThread: Stopping because end time detected by thread: TCC products 1-56
2026-09-10 03:10:23,354 INFO o.a.j.t.JMeterThread: Thread finished: TCC products 1-56
2026-09-10 03:10:23,364 INFO o.a.j.t.JMeterThread: Stopping because end time detected by thread: TCC products 1-40
2026-09-10 03:10:23,364 INFO o.a.j.t.JMeterThread: Thread finished: TCC products 1-40
2026-09-10 03:10:23,375 INFO o.a.j.t.JMeterThread: Stopping because end time detected by thread: TCC products 1-5
2026-09-10 03:10:23,375 INFO o.a.j.t.JMeterThread: Thread finished: TCC products 1-5
2026-09-10 03:10:23,386 INFO o.a.j.t.JMeterThread: Stopping because end time detected by thread: TCC products 1-17
2026-09-10 03:10:23,386 INFO o.a.j.t.JMeterThread: Thread finished: TCC products 1-17
2026-09-10 03:10:23,397 INFO o.a.j.t.JMeterThread: Stopping because end time detected by thread: TCC products 1-64
2026-09-10 03:10:23,397 INFO o.a.j.t.JMeterThread: Thread finished: TCC products 1-64
2026-09-10 03:10:23,409 INFO o.a.j.t.JMeterThread: Stopping because end time detected by thread: TCC products 1-94
2026-09-10 03:10:23,409 INFO o.a.j.t.JMeterThread: Thread finished: TCC products 1-94
2026-09-10 03:10:23,419 INFO o.a.j.t.JMeterThread: Stopping because end time detected by thread: TCC products 1-32
2026-09-10 03:10:23,419 INFO o.a.j.t.JMeterThread: Thread finished: TCC products 1-32
2026-09-10 03:10:23,429 INFO o.a.j.t.JMeterThread: Stopping because end time detected by thread: TCC products 1-39
2026-09-10 03:10:23,429 INFO o.a.j.t.JMeterThread: Thread finished: TCC products 1-39
2026-09-10 03:10:23,440 INFO o.a.j.t.JMeterThread: Stopping because end time detected by thread: TCC products 1-37
2026-09-10 03:10:23,440 INFO o.a.j.t.JMeterThread: Thread finished: TCC products 1-37
2026-09-10 03:10:23,451 INFO o.a.j.t.JMeterThread: Stopping because end time detected by thread: TCC products 1-86
2026-09-10 03:10:23,451 INFO o.a.j.t.JMeterThread: Thread finished: TCC products 1-86
2026-09-10 03:10:23,462 INFO o.a.j.t.JMeterThread: Stopping because end time detected by thread: TCC products 1-77
2026-09-10 03:10:23,462 INFO o.a.j.t.JMeterThread: Thread finished: TCC products 1-77
2026-09-10 03:10:23,473 INFO o.a.j.t.JMeterThread: Stopping because end time detected by thread: TCC products 1-65
2026-09-10 03:10:23,473 INFO o.a.j.t.JMeterThread: Thread finished: TCC products 1-65
2026-09-10 03:10:23,484 INFO o.a.j.t.JMeterThread: Stopping because end time detected by thread: TCC products 1-68
2026-09-10 03:10:23,484 INFO o.a.j.t.JMeterThread: Thread finished: TCC products 1-68
2026-09-10 03:10:23,496 INFO o.a.j.t.JMeterThread: Stopping because end time detected by thread: TCC products 1-1
2026-09-10 03:10:23,497 INFO o.a.j.t.JMeterThread: Thread finished: TCC products 1-1
2026-09-10 03:10:23,508 INFO o.a.j.t.JMeterThread: Stopping because end time detected by thread: TCC products 1-36
2026-09-10 03:10:23,508 INFO o.a.j.t.JMeterThread: Thread finished: TCC products 1-36
2026-09-10 03:10:23,518 INFO o.a.j.t.JMeterThread: Stopping because end time detected by thread: TCC products 1-51
2026-09-10 03:10:23,518 INFO o.a.j.t.JMeterThread: Thread finished: TCC products 1-51
2026-09-10 03:10:23,529 INFO o.a.j.t.JMeterThread: Stopping because end time detected by thread: TCC products 1-47
2026-09-10 03:10:23,529 INFO o.a.j.t.JMeterThread: Thread finished: TCC products 1-47
2026-09-10 03:10:23,540 INFO o.a.j.t.JMeterThread: Stopping because end time detected by thread: TCC products 1-67
2026-09-10 03:10:23,540 INFO o.a.j.t.JMeterThread: Thread finished: TCC products 1-67
2026-09-10 03:10:23,552 INFO o.a.j.t.JMeterThread: Stopping because end time detected by thread: TCC products 1-23
2026-09-10 03:10:23,552 INFO o.a.j.t.JMeterThread: Thread finished: TCC products 1-23
2026-09-10 03:10:23,563 INFO o.a.j.t.JMeterThread: Stopping because end time detected by thread: TCC products 1-87
2026-09-10 03:10:23,563 INFO o.a.j.t.JMeterThread: Thread finished: TCC products 1-87
2026-09-10 03:10:23,576 INFO o.a.j.t.JMeterThread: Stopping because end time detected by thread: TCC products 1-8
2026-09-10 03:10:23,576 INFO o.a.j.t.JMeterThread: Thread finished: TCC products 1-8
2026-09-10 03:10:23,587 INFO o.a.j.t.JMeterThread: Stopping because end time detected by thread: TCC products 1-33
2026-09-10 03:10:23,588 INFO o.a.j.t.JMeterThread: Thread finished: TCC products 1-33
2026-09-10 03:10:23,599 INFO o.a.j.t.JMeterThread: Stopping because end time detected by thread: TCC products 1-7
2026-09-10 03:10:23,599 INFO o.a.j.t.JMeterThread: Thread finished: TCC products 1-7
2026-09-10 03:10:23,609 INFO o.a.j.t.JMeterThread: Stopping because end time detected by thread: TCC products 1-75
2026-09-10 03:10:23,610 INFO o.a.j.t.JMeterThread: Thread finished: TCC products 1-75
2026-09-10 03:10:23,621 INFO o.a.j.t.JMeterThread: Stopping because end time detected by thread: TCC products 1-63
2026-09-10 03:10:23,621 INFO o.a.j.t.JMeterThread: Thread finished: TCC products 1-63
2026-09-10 03:10:23,632 INFO o.a.j.t.JMeterThread: Stopping because end time detected by thread: TCC products 1-95
2026-09-10 03:10:23,632 INFO o.a.j.t.JMeterThread: Thread finished: TCC products 1-95
2026-09-10 03:10:23,643 INFO o.a.j.t.JMeterThread: Stopping because end time detected by thread: TCC products 1-96
2026-09-10 03:10:23,644 INFO o.a.j.t.JMeterThread: Thread finished: TCC products 1-96
2026-09-10 03:10:23,654 INFO o.a.j.t.JMeterThread: Stopping because end time detected by thread: TCC products 1-98
2026-09-10 03:10:23,654 INFO o.a.j.t.JMeterThread: Thread finished: TCC products 1-98
2026-09-10 03:10:23,665 INFO o.a.j.t.JMeterThread: Stopping because end time detected by thread: TCC products 1-19
2026-09-10 03:10:23,665 INFO o.a.j.t.JMeterThread: Thread finished: TCC products 1-19
2026-09-10 03:10:23,676 INFO o.a.j.t.JMeterThread: Stopping because end time detected by thread: TCC products 1-62
2026-09-10 03:10:23,677 INFO o.a.j.t.JMeterThread: Thread finished: TCC products 1-62
2026-09-10 03:10:23,688 INFO o.a.j.t.JMeterThread: Stopping because end time detected by thread: TCC products 1-31
2026-09-10 03:10:23,688 INFO o.a.j.t.JMeterThread: Thread finished: TCC products 1-31
2026-09-10 03:10:23,699 INFO o.a.j.t.JMeterThread: Stopping because end time detected by thread: TCC products 1-76
2026-09-10 03:10:23,699 INFO o.a.j.t.JMeterThread: Thread finished: TCC products 1-76
2026-09-10 03:10:23,710 INFO o.a.j.t.JMeterThread: Stopping because end time detected by thread: TCC products 1-72
2026-09-10 03:10:23,710 INFO o.a.j.t.JMeterThread: Thread finished: TCC products 1-72
2026-09-10 03:10:23,721 INFO o.a.j.t.JMeterThread: Stopping because end time detected by thread: TCC products 1-53
2026-09-10 03:10:23,722 INFO o.a.j.t.JMeterThread: Thread finished: TCC products 1-53
2026-09-10 03:10:23,732 INFO o.a.j.t.JMeterThread: Stopping because end time detected by thread: TCC products 1-93
2026-09-10 03:10:23,732 INFO o.a.j.t.JMeterThread: Thread finished: TCC products 1-93
2026-09-10 03:10:23,742 INFO o.a.j.t.JMeterThread: Stopping because end time detected by thread: TCC products 1-15
2026-09-10 03:10:23,742 INFO o.a.j.t.JMeterThread: Thread finished: TCC products 1-15
2026-09-10 03:10:23,753 INFO o.a.j.t.JMeterThread: Stopping because end time detected by thread: TCC products 1-89
2026-09-10 03:10:23,753 INFO o.a.j.t.JMeterThread: Thread finished: TCC products 1-89
2026-09-10 03:10:23,764 INFO o.a.j.t.JMeterThread: Stopping because end time detected by thread: TCC products 1-85
2026-09-10 03:10:23,764 INFO o.a.j.t.JMeterThread: Thread finished: TCC products 1-85
2026-09-10 03:10:23,774 INFO o.a.j.t.JMeterThread: Stopping because end time detected by thread: TCC products 1-14
2026-09-10 03:10:23,774 INFO o.a.j.t.JMeterThread: Thread finished: TCC products 1-14
2026-09-10 03:10:23,785 INFO o.a.j.t.JMeterThread: Stopping because end time detected by thread: TCC products 1-58
2026-09-10 03:10:23,785 INFO o.a.j.t.JMeterThread: Thread finished: TCC products 1-58
2026-09-10 03:10:23,796 INFO o.a.j.t.JMeterThread: Stopping because end time detected by thread: TCC products 1-44
2026-09-10 03:10:23,796 INFO o.a.j.t.JMeterThread: Thread finished: TCC products 1-44
2026-09-10 03:10:23,805 INFO o.a.j.t.JMeterThread: Stopping because end time detected by thread: TCC products 1-11
2026-09-10 03:10:23,805 INFO o.a.j.t.JMeterThread: Thread finished: TCC products 1-11
2026-09-10 03:10:23,816 INFO o.a.j.t.JMeterThread: Stopping because end time detected by thread: TCC products 1-21
2026-09-10 03:10:23,816 INFO o.a.j.t.JMeterThread: Thread finished: TCC products 1-21
2026-09-10 03:10:23,826 INFO o.a.j.t.JMeterThread: Stopping because end time detected by thread: TCC products 1-74
2026-09-10 03:10:23,826 INFO o.a.j.t.JMeterThread: Thread finished: TCC products 1-74
2026-09-10 03:10:23,837 INFO o.a.j.t.JMeterThread: Stopping because end time detected by thread: TCC products 1-84
2026-09-10 03:10:23,837 INFO o.a.j.t.JMeterThread: Thread finished: TCC products 1-84
2026-09-10 03:10:23,837 INFO o.a.j.e.StandardJMeterEngine: Notifying test listeners of end of test
2026-09-10 03:10:23,840 INFO o.a.j.r.Summariser: summary +   2172 in 00:00:24 =   91.1/s Avg:  1097 Min:  1069 Max:  1185 Err:     0 (0.00%) Active: 0 Started: 100 Finished: 100
2026-09-10 03:10:23,841 INFO o.a.j.r.Summariser: summary =   2764 in 00:00:31 =   88.7/s Avg:  1090 Min:    92 Max:  1517 Err:     0 (0.00%)
