2026-09-10 04:36:08,005 INFO o.a.j.u.JMeterUtils: Setting Locale to en_EN
2026-09-10 04:36:08,022 INFO o.a.j.JMeter: Loading user properties from: /home/avituo/projects/tcc/tcc-container/.tools/apache-jmeter-5.6.3/bin/user.properties
2026-09-10 04:36:08,023 INFO o.a.j.JMeter: Loading system properties from: /home/avituo/projects/tcc/tcc-container/.tools/apache-jmeter-5.6.3/bin/system.properties
2026-09-10 04:36:08,023 INFO o.a.j.JMeter: Loading additional properties from: /home/avituo/projects/tcc/tcc-container/benchmark/jmeter/benchmark.properties
2026-09-10 04:36:08,023 INFO o.a.j.JMeter: Loading additional properties from: /tmp/tcc-benchmark-auth.lLPY4q/auth.properties
2026-09-10 04:36:08,023 INFO o.a.j.JMeter: Setting JMeter property: threads=50
2026-09-10 04:36:08,023 INFO o.a.j.JMeter: Setting JMeter property: duration_seconds=30
2026-09-10 04:36:08,023 INFO o.a.j.JMeter: Setting JMeter property: target_host=localhost
2026-09-10 04:36:08,023 INFO o.a.j.JMeter: Setting JMeter property: target_port=18080
2026-09-10 04:36:08,023 INFO o.a.j.JMeter: Setting JMeter property: tcc.order.id=20000000-0000-4000-8000-000000000001
2026-09-10 04:36:08,024 INFO o.a.j.JMeter: Setting JMeter property: repetition=2
2026-09-10 04:36:08,032 INFO o.a.j.JMeter: Copyright (c) 1998-2024 The Apache Software Foundation
2026-09-10 04:36:08,033 INFO o.a.j.JMeter: Version 5.6.3
2026-09-10 04:36:08,033 INFO o.a.j.JMeter: java.version=21.0.11
2026-09-10 04:36:08,033 INFO o.a.j.JMeter: java.vm.name=OpenJDK 64-Bit Server VM
2026-09-10 04:36:08,033 INFO o.a.j.JMeter: os.name=Linux
2026-09-10 04:36:08,033 INFO o.a.j.JMeter: os.arch=amd64
2026-09-10 04:36:08,033 INFO o.a.j.JMeter: os.version=7.0.11-76070011-generic
2026-09-10 04:36:08,033 INFO o.a.j.JMeter: file.encoding=UTF-8
2026-09-10 04:36:08,033 INFO o.a.j.JMeter: java.awt.headless=true
2026-09-10 04:36:08,033 INFO o.a.j.JMeter: Max memory     =1073741824
2026-09-10 04:36:08,033 INFO o.a.j.JMeter: Available Processors =16
2026-09-10 04:36:08,042 INFO o.a.j.JMeter: Default Locale=English (EN)
2026-09-10 04:36:08,043 INFO o.a.j.JMeter: JMeter  Locale=English (EN)
2026-09-10 04:36:08,043 INFO o.a.j.JMeter: JMeterHome=/home/avituo/projects/tcc/tcc-container/.tools/apache-jmeter-5.6.3
2026-09-10 04:36:08,043 INFO o.a.j.JMeter: user.dir  =/home/avituo/projects/tcc/tcc-container
2026-09-10 04:36:08,043 INFO o.a.j.JMeter: PWD       =/home/avituo/projects/tcc/tcc-container
2026-09-10 04:36:08,054 INFO o.a.j.JMeter: IP: 192.168.1.16 Name: pop-os FullName: pop-os.home
2026-09-10 04:36:08,067 INFO o.a.j.s.FileServer: Default base='/home/avituo/projects/tcc/tcc-container'
2026-09-10 04:36:08,070 INFO o.a.j.s.FileServer: Set new base='/home/avituo/projects/tcc/tcc-container/benchmark/jmeter'
2026-09-10 04:36:08,245 INFO o.a.j.s.SaveService: Testplan (JMX) version: 2.2. Testlog (JTL) version: 2.2
2026-09-10 04:36:08,271 INFO o.a.j.s.SaveService: Using SaveService properties version 5.0
2026-09-10 04:36:08,275 INFO o.a.j.s.SaveService: Using SaveService properties file encoding UTF-8
2026-09-10 04:36:08,279 INFO o.a.j.s.SaveService: Loading file: /home/avituo/projects/tcc/tcc-container/benchmark/jmeter/tcc-orders-v1.jmx
2026-09-10 04:36:08,329 INFO o.a.j.p.h.s.HTTPSamplerBase: Parser for text/html is org.apache.jmeter.protocol.http.parser.LagartoBasedHtmlParser
2026-09-10 04:36:08,330 INFO o.a.j.p.h.s.HTTPSamplerBase: Parser for application/xhtml+xml is org.apache.jmeter.protocol.http.parser.LagartoBasedHtmlParser
2026-09-10 04:36:08,330 INFO o.a.j.p.h.s.HTTPSamplerBase: Parser for application/xml is org.apache.jmeter.protocol.http.parser.LagartoBasedHtmlParser
2026-09-10 04:36:08,330 INFO o.a.j.p.h.s.HTTPSamplerBase: Parser for text/xml is org.apache.jmeter.protocol.http.parser.LagartoBasedHtmlParser
2026-09-10 04:36:08,330 INFO o.a.j.p.h.s.HTTPSamplerBase: Parser for text/vnd.wap.wml is org.apache.jmeter.protocol.http.parser.RegexpHTMLParser
2026-09-10 04:36:08,330 INFO o.a.j.p.h.s.HTTPSamplerBase: Parser for text/css is org.apache.jmeter.protocol.http.parser.CssParser
2026-09-10 04:36:08,362 INFO o.a.j.JMeter: Creating summariser <summary>
2026-09-10 04:36:08,381 INFO o.a.j.e.StandardJMeterEngine: Running the test!
2026-09-10 04:36:08,382 INFO o.a.j.s.SampleEvent: List of sample_variables: []
2026-09-10 04:36:08,382 INFO o.a.j.s.SampleEvent: List of sample_variables: []
2026-09-10 04:36:08,387 INFO o.a.j.e.u.CompoundVariable: Note: Function class names must contain the string: '.functions.'
2026-09-10 04:36:08,387 INFO o.a.j.e.u.CompoundVariable: Note: Function class names must not contain the string: '.gui.'
2026-09-10 04:36:08,628 INFO o.a.j.JMeter: Running test (1789025768628)
2026-09-10 04:36:08,650 INFO o.a.j.e.StandardJMeterEngine: Starting ThreadGroup: 1 : TCC orders
2026-09-10 04:36:08,651 INFO o.a.j.e.StandardJMeterEngine: Starting 50 threads for group TCC orders.
2026-09-10 04:36:08,651 INFO o.a.j.e.StandardJMeterEngine: Thread will continue on error
2026-09-10 04:36:08,651 INFO o.a.j.t.ThreadGroup: Starting thread group... number=1 threads=50 ramp-up=0 delayedStart=false
2026-09-10 04:36:08,657 INFO o.a.j.t.JMeterThread: Thread started: TCC orders 1-2
2026-09-10 04:36:08,658 INFO o.a.j.t.JMeterThread: Thread started: TCC orders 1-1
2026-09-10 04:36:08,658 INFO o.a.j.t.JMeterThread: Thread started: TCC orders 1-5
2026-09-10 04:36:08,658 INFO o.a.j.t.JMeterThread: Thread started: TCC orders 1-3
2026-09-10 04:36:08,658 INFO o.a.j.t.JMeterThread: Thread started: TCC orders 1-6
2026-09-10 04:36:08,658 INFO o.a.j.t.JMeterThread: Thread started: TCC orders 1-4
2026-09-10 04:36:08,659 INFO o.a.j.t.JMeterThread: Thread started: TCC orders 1-7
2026-09-10 04:36:08,659 INFO o.a.j.t.JMeterThread: Thread started: TCC orders 1-8
2026-09-10 04:36:08,660 INFO o.a.j.t.JMeterThread: Thread started: TCC orders 1-9
2026-09-10 04:36:08,660 INFO o.a.j.t.JMeterThread: Thread started: TCC orders 1-10
2026-09-10 04:36:08,661 INFO o.a.j.t.JMeterThread: Thread started: TCC orders 1-11
2026-09-10 04:36:08,662 INFO o.a.j.t.JMeterThread: Thread started: TCC orders 1-12
2026-09-10 04:36:08,663 INFO o.a.j.t.JMeterThread: Thread started: TCC orders 1-13
2026-09-10 04:36:08,664 INFO o.a.j.t.JMeterThread: Thread started: TCC orders 1-14
2026-09-10 04:36:08,665 INFO o.a.j.t.JMeterThread: Thread started: TCC orders 1-15
2026-09-10 04:36:08,666 INFO o.a.j.t.JMeterThread: Thread started: TCC orders 1-16
2026-09-10 04:36:08,667 INFO o.a.j.t.JMeterThread: Thread started: TCC orders 1-17
2026-09-10 04:36:08,668 INFO o.a.j.t.JMeterThread: Thread started: TCC orders 1-18
2026-09-10 04:36:08,669 INFO o.a.j.t.JMeterThread: Thread started: TCC orders 1-19
2026-09-10 04:36:08,669 INFO o.a.j.t.JMeterThread: Thread started: TCC orders 1-20
2026-09-10 04:36:08,670 INFO o.a.j.t.JMeterThread: Thread started: TCC orders 1-21
2026-09-10 04:36:08,671 INFO o.a.j.t.JMeterThread: Thread started: TCC orders 1-22
2026-09-10 04:36:08,671 INFO o.a.j.t.JMeterThread: Thread started: TCC orders 1-23
2026-09-10 04:36:08,672 INFO o.a.j.t.JMeterThread: Thread started: TCC orders 1-24
2026-09-10 04:36:08,672 INFO o.a.j.t.JMeterThread: Thread started: TCC orders 1-25
2026-09-10 04:36:08,673 INFO o.a.j.t.JMeterThread: Thread started: TCC orders 1-26
2026-09-10 04:36:08,674 INFO o.a.j.t.JMeterThread: Thread started: TCC orders 1-27
2026-09-10 04:36:08,674 INFO o.a.j.t.JMeterThread: Thread started: TCC orders 1-28
2026-09-10 04:36:08,675 INFO o.a.j.t.JMeterThread: Thread started: TCC orders 1-29
2026-09-10 04:36:08,676 INFO o.a.j.t.JMeterThread: Thread started: TCC orders 1-30
2026-09-10 04:36:08,676 INFO o.a.j.t.JMeterThread: Thread started: TCC orders 1-31
2026-09-10 04:36:08,677 INFO o.a.j.t.JMeterThread: Thread started: TCC orders 1-32
2026-09-10 04:36:08,677 INFO o.a.j.t.JMeterThread: Thread started: TCC orders 1-33
2026-09-10 04:36:08,678 INFO o.a.j.t.JMeterThread: Thread started: TCC orders 1-34
2026-09-10 04:36:08,678 INFO o.a.j.t.JMeterThread: Thread started: TCC orders 1-35
2026-09-10 04:36:08,678 INFO o.a.j.t.JMeterThread: Thread started: TCC orders 1-36
2026-09-10 04:36:08,679 INFO o.a.j.t.JMeterThread: Thread started: TCC orders 1-38
2026-09-10 04:36:08,679 INFO o.a.j.t.JMeterThread: Thread started: TCC orders 1-37
2026-09-10 04:36:08,680 INFO o.a.j.t.JMeterThread: Thread started: TCC orders 1-39
2026-09-10 04:36:08,680 INFO o.a.j.t.JMeterThread: Thread started: TCC orders 1-40
2026-09-10 04:36:08,681 INFO o.a.j.t.JMeterThread: Thread started: TCC orders 1-41
2026-09-10 04:36:08,682 INFO o.a.j.p.h.s.HTTPHCAbstractImpl: Local host = pop-os
2026-09-10 04:36:08,682 INFO o.a.j.t.JMeterThread: Thread started: TCC orders 1-42
2026-09-10 04:36:08,683 INFO o.a.j.t.JMeterThread: Thread started: TCC orders 1-43
2026-09-10 04:36:08,683 INFO o.a.j.t.JMeterThread: Thread started: TCC orders 1-44
2026-09-10 04:36:08,683 INFO o.a.j.t.JMeterThread: Thread started: TCC orders 1-45
2026-09-10 04:36:08,684 INFO o.a.j.t.JMeterThread: Thread started: TCC orders 1-46
2026-09-10 04:36:08,685 INFO o.a.j.t.JMeterThread: Thread started: TCC orders 1-47
2026-09-10 04:36:08,685 INFO o.a.j.t.JMeterThread: Thread started: TCC orders 1-48
2026-09-10 04:36:08,686 INFO o.a.j.t.JMeterThread: Thread started: TCC orders 1-49
2026-09-10 04:36:08,686 INFO o.a.j.t.ThreadGroup: Started thread group number 1
2026-09-10 04:36:08,686 INFO o.a.j.e.StandardJMeterEngine: All thread groups have been started
2026-09-10 04:36:08,686 INFO o.a.j.t.JMeterThread: Thread started: TCC orders 1-50
2026-09-10 04:36:08,689 INFO o.a.j.p.h.s.HTTPHC4Impl: HTTP request retry count = 0
2026-09-10 04:36:08,690 INFO o.a.j.s.SampleResult: Note: Sample TimeStamps are START times
2026-09-10 04:36:08,691 INFO o.a.j.s.SampleResult: sampleresult.default.encoding is set to UTF-8
2026-09-10 04:36:08,691 INFO o.a.j.s.SampleResult: sampleresult.useNanoTime=true
2026-09-10 04:36:08,691 INFO o.a.j.s.SampleResult: sampleresult.nanoThreadSleep=5000
2026-09-10 04:36:30,002 INFO o.a.j.r.Summariser: summary +   2222 in 00:00:21 =  104.0/s Avg:   457 Min:    65 Max:   874 Err:     0 (0.00%) Active: 50 Started: 50 Finished: 0
2026-09-10 04:36:38,678 INFO o.a.j.t.JMeterThread: Stopping because end time detected by thread: TCC orders 1-29
2026-09-10 04:36:38,679 INFO o.a.j.t.JMeterThread: Thread finished: TCC orders 1-29
2026-09-10 04:36:38,687 INFO o.a.j.t.JMeterThread: Stopping because end time detected by thread: TCC orders 1-16
2026-09-10 04:36:38,687 INFO o.a.j.t.JMeterThread: Thread finished: TCC orders 1-16
2026-09-10 04:36:38,695 INFO o.a.j.t.JMeterThread: Stopping because end time detected by thread: TCC orders 1-28
2026-09-10 04:36:38,696 INFO o.a.j.t.JMeterThread: Thread finished: TCC orders 1-28
2026-09-10 04:36:38,704 INFO o.a.j.t.JMeterThread: Stopping because end time detected by thread: TCC orders 1-27
2026-09-10 04:36:38,704 INFO o.a.j.t.JMeterThread: Thread finished: TCC orders 1-27
2026-09-10 04:36:38,713 INFO o.a.j.t.JMeterThread: Stopping because end time detected by thread: TCC orders 1-14
2026-09-10 04:36:38,713 INFO o.a.j.t.JMeterThread: Thread finished: TCC orders 1-14
2026-09-10 04:36:38,721 INFO o.a.j.t.JMeterThread: Stopping because end time detected by thread: TCC orders 1-13
2026-09-10 04:36:38,721 INFO o.a.j.t.JMeterThread: Thread finished: TCC orders 1-13
2026-09-10 04:36:38,729 INFO o.a.j.t.JMeterThread: Stopping because end time detected by thread: TCC orders 1-37
2026-09-10 04:36:38,729 INFO o.a.j.t.JMeterThread: Thread finished: TCC orders 1-37
2026-09-10 04:36:38,738 INFO o.a.j.t.JMeterThread: Stopping because end time detected by thread: TCC orders 1-15
2026-09-10 04:36:38,738 INFO o.a.j.t.JMeterThread: Thread finished: TCC orders 1-15
2026-09-10 04:36:38,746 INFO o.a.j.t.JMeterThread: Stopping because end time detected by thread: TCC orders 1-5
2026-09-10 04:36:38,746 INFO o.a.j.t.JMeterThread: Thread finished: TCC orders 1-5
2026-09-10 04:36:38,755 INFO o.a.j.t.JMeterThread: Stopping because end time detected by thread: TCC orders 1-40
2026-09-10 04:36:38,755 INFO o.a.j.t.JMeterThread: Thread finished: TCC orders 1-40
2026-09-10 04:36:38,764 INFO o.a.j.t.JMeterThread: Stopping because end time detected by thread: TCC orders 1-12
2026-09-10 04:36:38,764 INFO o.a.j.t.JMeterThread: Thread finished: TCC orders 1-12
2026-09-10 04:36:38,772 INFO o.a.j.t.JMeterThread: Stopping because end time detected by thread: TCC orders 1-22
2026-09-10 04:36:38,773 INFO o.a.j.t.JMeterThread: Thread finished: TCC orders 1-22
2026-09-10 04:36:38,781 INFO o.a.j.t.JMeterThread: Stopping because end time detected by thread: TCC orders 1-47
2026-09-10 04:36:38,781 INFO o.a.j.t.JMeterThread: Thread finished: TCC orders 1-47
2026-09-10 04:36:38,790 INFO o.a.j.t.JMeterThread: Stopping because end time detected by thread: TCC orders 1-19
2026-09-10 04:36:38,790 INFO o.a.j.t.JMeterThread: Thread finished: TCC orders 1-19
2026-09-10 04:36:38,798 INFO o.a.j.t.JMeterThread: Stopping because end time detected by thread: TCC orders 1-9
2026-09-10 04:36:38,798 INFO o.a.j.t.JMeterThread: Thread finished: TCC orders 1-9
2026-09-10 04:36:38,806 INFO o.a.j.t.JMeterThread: Stopping because end time detected by thread: TCC orders 1-10
2026-09-10 04:36:38,807 INFO o.a.j.t.JMeterThread: Thread finished: TCC orders 1-10
2026-09-10 04:36:38,815 INFO o.a.j.t.JMeterThread: Stopping because end time detected by thread: TCC orders 1-32
2026-09-10 04:36:38,815 INFO o.a.j.t.JMeterThread: Thread finished: TCC orders 1-32
2026-09-10 04:36:38,824 INFO o.a.j.t.JMeterThread: Stopping because end time detected by thread: TCC orders 1-7
2026-09-10 04:36:38,825 INFO o.a.j.t.JMeterThread: Thread finished: TCC orders 1-7
2026-09-10 04:36:38,833 INFO o.a.j.t.JMeterThread: Stopping because end time detected by thread: TCC orders 1-50
2026-09-10 04:36:38,833 INFO o.a.j.t.JMeterThread: Thread finished: TCC orders 1-50
2026-09-10 04:36:38,842 INFO o.a.j.t.JMeterThread: Stopping because end time detected by thread: TCC orders 1-11
2026-09-10 04:36:38,842 INFO o.a.j.t.JMeterThread: Thread finished: TCC orders 1-11
2026-09-10 04:36:38,852 INFO o.a.j.t.JMeterThread: Stopping because end time detected by thread: TCC orders 1-26
2026-09-10 04:36:38,852 INFO o.a.j.t.JMeterThread: Thread finished: TCC orders 1-26
2026-09-10 04:36:38,861 INFO o.a.j.t.JMeterThread: Stopping because end time detected by thread: TCC orders 1-23
2026-09-10 04:36:38,861 INFO o.a.j.t.JMeterThread: Thread finished: TCC orders 1-23
2026-09-10 04:36:38,871 INFO o.a.j.t.JMeterThread: Stopping because end time detected by thread: TCC orders 1-34
2026-09-10 04:36:38,871 INFO o.a.j.t.JMeterThread: Thread finished: TCC orders 1-34
2026-09-10 04:36:38,879 INFO o.a.j.t.JMeterThread: Stopping because end time detected by thread: TCC orders 1-20
2026-09-10 04:36:38,879 INFO o.a.j.t.JMeterThread: Thread finished: TCC orders 1-20
2026-09-10 04:36:38,889 INFO o.a.j.t.JMeterThread: Stopping because end time detected by thread: TCC orders 1-46
2026-09-10 04:36:38,889 INFO o.a.j.t.JMeterThread: Thread finished: TCC orders 1-46
2026-09-10 04:36:38,897 INFO o.a.j.t.JMeterThread: Stopping because end time detected by thread: TCC orders 1-17
2026-09-10 04:36:38,897 INFO o.a.j.t.JMeterThread: Thread finished: TCC orders 1-17
2026-09-10 04:36:38,906 INFO o.a.j.t.JMeterThread: Stopping because end time detected by thread: TCC orders 1-48
2026-09-10 04:36:38,906 INFO o.a.j.t.JMeterThread: Thread finished: TCC orders 1-48
2026-09-10 04:36:38,915 INFO o.a.j.t.JMeterThread: Stopping because end time detected by thread: TCC orders 1-39
2026-09-10 04:36:38,915 INFO o.a.j.t.JMeterThread: Thread finished: TCC orders 1-39
2026-09-10 04:36:38,924 INFO o.a.j.t.JMeterThread: Stopping because end time detected by thread: TCC orders 1-1
2026-09-10 04:36:38,924 INFO o.a.j.t.JMeterThread: Thread finished: TCC orders 1-1
2026-09-10 04:36:38,932 INFO o.a.j.t.JMeterThread: Stopping because end time detected by thread: TCC orders 1-30
2026-09-10 04:36:38,932 INFO o.a.j.t.JMeterThread: Thread finished: TCC orders 1-30
2026-09-10 04:36:38,940 INFO o.a.j.t.JMeterThread: Stopping because end time detected by thread: TCC orders 1-41
2026-09-10 04:36:38,940 INFO o.a.j.t.JMeterThread: Thread finished: TCC orders 1-41
2026-09-10 04:36:38,949 INFO o.a.j.t.JMeterThread: Stopping because end time detected by thread: TCC orders 1-42
2026-09-10 04:36:38,949 INFO o.a.j.t.JMeterThread: Thread finished: TCC orders 1-42
2026-09-10 04:36:38,957 INFO o.a.j.t.JMeterThread: Stopping because end time detected by thread: TCC orders 1-38
2026-09-10 04:36:38,958 INFO o.a.j.t.JMeterThread: Thread finished: TCC orders 1-38
2026-09-10 04:36:38,966 INFO o.a.j.t.JMeterThread: Stopping because end time detected by thread: TCC orders 1-49
2026-09-10 04:36:38,966 INFO o.a.j.t.JMeterThread: Thread finished: TCC orders 1-49
2026-09-10 04:36:38,974 INFO o.a.j.t.JMeterThread: Stopping because end time detected by thread: TCC orders 1-6
2026-09-10 04:36:38,974 INFO o.a.j.t.JMeterThread: Thread finished: TCC orders 1-6
2026-09-10 04:36:38,982 INFO o.a.j.t.JMeterThread: Stopping because end time detected by thread: TCC orders 1-3
2026-09-10 04:36:38,982 INFO o.a.j.t.JMeterThread: Thread finished: TCC orders 1-3
2026-09-10 04:36:38,990 INFO o.a.j.t.JMeterThread: Stopping because end time detected by thread: TCC orders 1-8
2026-09-10 04:36:38,991 INFO o.a.j.t.JMeterThread: Thread finished: TCC orders 1-8
2026-09-10 04:36:38,999 INFO o.a.j.t.JMeterThread: Stopping because end time detected by thread: TCC orders 1-36
2026-09-10 04:36:38,999 INFO o.a.j.t.JMeterThread: Thread finished: TCC orders 1-36
2026-09-10 04:36:39,008 INFO o.a.j.t.JMeterThread: Stopping because end time detected by thread: TCC orders 1-31
2026-09-10 04:36:39,008 INFO o.a.j.t.JMeterThread: Thread finished: TCC orders 1-31
2026-09-10 04:36:39,016 INFO o.a.j.t.JMeterThread: Stopping because end time detected by thread: TCC orders 1-21
2026-09-10 04:36:39,017 INFO o.a.j.t.JMeterThread: Thread finished: TCC orders 1-21
2026-09-10 04:36:39,025 INFO o.a.j.t.JMeterThread: Stopping because end time detected by thread: TCC orders 1-25
2026-09-10 04:36:39,025 INFO o.a.j.t.JMeterThread: Thread finished: TCC orders 1-25
2026-09-10 04:36:39,034 INFO o.a.j.t.JMeterThread: Stopping because end time detected by thread: TCC orders 1-2
2026-09-10 04:36:39,034 INFO o.a.j.t.JMeterThread: Thread finished: TCC orders 1-2
2026-09-10 04:36:39,042 INFO o.a.j.t.JMeterThread: Stopping because end time detected by thread: TCC orders 1-24
2026-09-10 04:36:39,042 INFO o.a.j.t.JMeterThread: Thread finished: TCC orders 1-24
2026-09-10 04:36:39,051 INFO o.a.j.t.JMeterThread: Stopping because end time detected by thread: TCC orders 1-4
2026-09-10 04:36:39,052 INFO o.a.j.t.JMeterThread: Thread finished: TCC orders 1-4
2026-09-10 04:36:39,060 INFO o.a.j.t.JMeterThread: Stopping because end time detected by thread: TCC orders 1-45
2026-09-10 04:36:39,061 INFO o.a.j.t.JMeterThread: Thread finished: TCC orders 1-45
2026-09-10 04:36:39,069 INFO o.a.j.t.JMeterThread: Stopping because end time detected by thread: TCC orders 1-18
2026-09-10 04:36:39,069 INFO o.a.j.t.JMeterThread: Thread finished: TCC orders 1-18
2026-09-10 04:36:39,078 INFO o.a.j.t.JMeterThread: Stopping because end time detected by thread: TCC orders 1-33
2026-09-10 04:36:39,078 INFO o.a.j.t.JMeterThread: Thread finished: TCC orders 1-33
2026-09-10 04:36:39,086 INFO o.a.j.t.JMeterThread: Stopping because end time detected by thread: TCC orders 1-43
2026-09-10 04:36:39,087 INFO o.a.j.t.JMeterThread: Thread finished: TCC orders 1-43
2026-09-10 04:36:39,095 INFO o.a.j.t.JMeterThread: Stopping because end time detected by thread: TCC orders 1-35
2026-09-10 04:36:39,095 INFO o.a.j.t.JMeterThread: Thread finished: TCC orders 1-35
2026-09-10 04:36:39,103 INFO o.a.j.t.JMeterThread: Stopping because end time detected by thread: TCC orders 1-44
2026-09-10 04:36:39,103 INFO o.a.j.t.JMeterThread: Thread finished: TCC orders 1-44
2026-09-10 04:36:39,104 INFO o.a.j.e.StandardJMeterEngine: Notifying test listeners of end of test
2026-09-10 04:36:39,107 INFO o.a.j.r.Summariser: summary +   1050 in 00:00:09 =  115.3/s Avg:   432 Min:   417 Max:   462 Err:     0 (0.00%) Active: 0 Started: 50 Finished: 50
2026-09-10 04:36:39,107 INFO o.a.j.r.Summariser: summary =   3272 in 00:00:30 =  107.4/s Avg:   449 Min:    65 Max:   874 Err:     0 (0.00%)
