2026-09-10 09:52:50,389 INFO o.a.j.u.JMeterUtils: Setting Locale to en_EN
2026-09-10 09:52:50,407 INFO o.a.j.JMeter: Loading user properties from: /home/avituo/projects/tcc/tcc-container/.tools/apache-jmeter-5.6.3/bin/user.properties
2026-09-10 09:52:50,407 INFO o.a.j.JMeter: Loading system properties from: /home/avituo/projects/tcc/tcc-container/.tools/apache-jmeter-5.6.3/bin/system.properties
2026-09-10 09:52:50,407 INFO o.a.j.JMeter: Loading additional properties from: /home/avituo/projects/tcc/tcc-container/benchmark/jmeter/benchmark.properties
2026-09-10 09:52:50,407 INFO o.a.j.JMeter: Loading additional properties from: /tmp/tcc-benchmark-auth.m9QtVx/auth.properties
2026-09-10 09:52:50,407 INFO o.a.j.JMeter: Loading additional properties from: /home/avituo/projects/tcc/tcc-container/benchmark/results/laravel-13.20.0/final/order-create/c100/r1/monolith/thread-counters.properties
2026-09-10 09:52:50,408 INFO o.a.j.JMeter: Setting JMeter property: threads=100
2026-09-10 09:52:50,408 INFO o.a.j.JMeter: Setting JMeter property: duration_seconds=120
2026-09-10 09:52:50,408 INFO o.a.j.JMeter: Setting JMeter property: target_host=localhost
2026-09-10 09:52:50,408 INFO o.a.j.JMeter: Setting JMeter property: target_port=18000
2026-09-10 09:52:50,408 INFO o.a.j.JMeter: Setting JMeter property: tcc.order.id=1
2026-09-10 09:52:50,408 INFO o.a.j.JMeter: Setting JMeter property: repetition=1
2026-09-10 09:52:50,417 INFO o.a.j.JMeter: Copyright (c) 1998-2024 The Apache Software Foundation
2026-09-10 09:52:50,417 INFO o.a.j.JMeter: Version 5.6.3
2026-09-10 09:52:50,417 INFO o.a.j.JMeter: java.version=21.0.11
2026-09-10 09:52:50,417 INFO o.a.j.JMeter: java.vm.name=OpenJDK 64-Bit Server VM
2026-09-10 09:52:50,417 INFO o.a.j.JMeter: os.name=Linux
2026-09-10 09:52:50,417 INFO o.a.j.JMeter: os.arch=amd64
2026-09-10 09:52:50,417 INFO o.a.j.JMeter: os.version=7.0.11-76070011-generic
2026-09-10 09:52:50,417 INFO o.a.j.JMeter: file.encoding=UTF-8
2026-09-10 09:52:50,417 INFO o.a.j.JMeter: java.awt.headless=true
2026-09-10 09:52:50,417 INFO o.a.j.JMeter: Max memory     =1073741824
2026-09-10 09:52:50,417 INFO o.a.j.JMeter: Available Processors =16
2026-09-10 09:52:50,425 INFO o.a.j.JMeter: Default Locale=English (EN)
2026-09-10 09:52:50,426 INFO o.a.j.JMeter: JMeter  Locale=English (EN)
2026-09-10 09:52:50,426 INFO o.a.j.JMeter: JMeterHome=/home/avituo/projects/tcc/tcc-container/.tools/apache-jmeter-5.6.3
2026-09-10 09:52:50,426 INFO o.a.j.JMeter: user.dir  =/home/avituo/projects/tcc/tcc-container
2026-09-10 09:52:50,426 INFO o.a.j.JMeter: PWD       =/home/avituo/projects/tcc/tcc-container
2026-09-10 09:52:50,454 INFO o.a.j.JMeter: IP: 192.168.1.16 Name: pop-os FullName: pop-os.home
2026-09-10 09:52:50,466 INFO o.a.j.s.FileServer: Default base='/home/avituo/projects/tcc/tcc-container'
2026-09-10 09:52:50,469 INFO o.a.j.s.FileServer: Set new base='/home/avituo/projects/tcc/tcc-container/benchmark/jmeter'
2026-09-10 09:52:50,638 INFO o.a.j.s.SaveService: Testplan (JMX) version: 2.2. Testlog (JTL) version: 2.2
2026-09-10 09:52:50,662 INFO o.a.j.s.SaveService: Using SaveService properties version 5.0
2026-09-10 09:52:50,666 INFO o.a.j.s.SaveService: Using SaveService properties file encoding UTF-8
2026-09-10 09:52:50,670 INFO o.a.j.s.SaveService: Loading file: /home/avituo/projects/tcc/tcc-container/benchmark/jmeter/tcc-order-create-v1.jmx
2026-09-10 09:52:50,721 INFO o.a.j.p.h.s.HTTPSamplerBase: Parser for text/html is org.apache.jmeter.protocol.http.parser.LagartoBasedHtmlParser
2026-09-10 09:52:50,721 INFO o.a.j.p.h.s.HTTPSamplerBase: Parser for application/xhtml+xml is org.apache.jmeter.protocol.http.parser.LagartoBasedHtmlParser
2026-09-10 09:52:50,721 INFO o.a.j.p.h.s.HTTPSamplerBase: Parser for application/xml is org.apache.jmeter.protocol.http.parser.LagartoBasedHtmlParser
2026-09-10 09:52:50,722 INFO o.a.j.p.h.s.HTTPSamplerBase: Parser for text/xml is org.apache.jmeter.protocol.http.parser.LagartoBasedHtmlParser
2026-09-10 09:52:50,722 INFO o.a.j.p.h.s.HTTPSamplerBase: Parser for text/vnd.wap.wml is org.apache.jmeter.protocol.http.parser.RegexpHTMLParser
2026-09-10 09:52:50,722 INFO o.a.j.p.h.s.HTTPSamplerBase: Parser for text/css is org.apache.jmeter.protocol.http.parser.CssParser
2026-09-10 09:52:50,754 INFO o.a.j.JMeter: Creating summariser <summary>
2026-09-10 09:52:50,772 INFO o.a.j.e.StandardJMeterEngine: Running the test!
2026-09-10 09:52:50,773 INFO o.a.j.s.SampleEvent: List of sample_variables: []
2026-09-10 09:52:50,773 INFO o.a.j.s.SampleEvent: List of sample_variables: []
2026-09-10 09:52:50,777 INFO o.a.j.e.u.CompoundVariable: Note: Function class names must contain the string: '.functions.'
2026-09-10 09:52:50,777 INFO o.a.j.e.u.CompoundVariable: Note: Function class names must not contain the string: '.gui.'
2026-09-10 09:52:51,016 INFO o.a.j.JMeter: Running test (1789044771015)
2026-09-10 09:52:51,036 INFO o.a.j.e.StandardJMeterEngine: Starting ThreadGroup: 1 : TCC order-create
2026-09-10 09:52:51,036 INFO o.a.j.e.StandardJMeterEngine: Starting 100 threads for group TCC order-create.
2026-09-10 09:52:51,036 INFO o.a.j.e.StandardJMeterEngine: Thread will continue on error
2026-09-10 09:52:51,036 INFO o.a.j.t.ThreadGroup: Starting thread group... number=1 threads=100 ramp-up=0 delayedStart=false
2026-09-10 09:52:51,043 INFO o.a.j.t.JMeterThread: Thread started: TCC order-create 1-5
2026-09-10 09:52:51,043 INFO o.a.j.t.JMeterThread: Thread started: TCC order-create 1-1
2026-09-10 09:52:51,043 INFO o.a.j.t.JMeterThread: Thread started: TCC order-create 1-3
2026-09-10 09:52:51,043 INFO o.a.j.t.JMeterThread: Thread started: TCC order-create 1-4
2026-09-10 09:52:51,043 INFO o.a.j.t.JMeterThread: Thread started: TCC order-create 1-2
2026-09-10 09:52:51,044 INFO o.a.j.t.JMeterThread: Thread started: TCC order-create 1-6
2026-09-10 09:52:51,044 INFO o.a.j.t.JMeterThread: Thread started: TCC order-create 1-7
2026-09-10 09:52:51,045 INFO o.a.j.t.JMeterThread: Thread started: TCC order-create 1-8
2026-09-10 09:52:51,045 INFO o.a.j.t.JMeterThread: Thread started: TCC order-create 1-9
2026-09-10 09:52:51,046 INFO o.a.j.t.JMeterThread: Thread started: TCC order-create 1-10
2026-09-10 09:52:51,047 INFO o.a.j.t.JMeterThread: Thread started: TCC order-create 1-11
2026-09-10 09:52:51,049 INFO o.a.j.t.JMeterThread: Thread started: TCC order-create 1-12
2026-09-10 09:52:51,051 INFO o.a.j.t.JMeterThread: Thread started: TCC order-create 1-14
2026-09-10 09:52:51,051 INFO o.a.j.t.JMeterThread: Thread started: TCC order-create 1-13
2026-09-10 09:52:51,052 INFO o.a.j.t.JMeterThread: Thread started: TCC order-create 1-15
2026-09-10 09:52:51,053 INFO o.a.j.t.JMeterThread: Thread started: TCC order-create 1-16
2026-09-10 09:52:51,054 INFO o.a.j.t.JMeterThread: Thread started: TCC order-create 1-17
2026-09-10 09:52:51,055 INFO o.a.j.t.JMeterThread: Thread started: TCC order-create 1-18
2026-09-10 09:52:51,056 INFO o.a.j.t.JMeterThread: Thread started: TCC order-create 1-19
2026-09-10 09:52:51,056 INFO o.a.j.t.JMeterThread: Thread started: TCC order-create 1-20
2026-09-10 09:52:51,057 INFO o.a.j.t.JMeterThread: Thread started: TCC order-create 1-21
2026-09-10 09:52:51,057 INFO o.a.j.t.JMeterThread: Thread started: TCC order-create 1-22
2026-09-10 09:52:51,058 INFO o.a.j.t.JMeterThread: Thread started: TCC order-create 1-23
2026-09-10 09:52:51,059 INFO o.a.j.t.JMeterThread: Thread started: TCC order-create 1-24
2026-09-10 09:52:51,059 INFO o.a.j.t.JMeterThread: Thread started: TCC order-create 1-25
2026-09-10 09:52:51,059 INFO o.a.j.t.JMeterThread: Thread started: TCC order-create 1-26
2026-09-10 09:52:51,060 INFO o.a.j.t.JMeterThread: Thread started: TCC order-create 1-27
2026-09-10 09:52:51,060 INFO o.a.j.t.JMeterThread: Thread started: TCC order-create 1-28
2026-09-10 09:52:51,061 INFO o.a.j.t.JMeterThread: Thread started: TCC order-create 1-29
2026-09-10 09:52:51,061 INFO o.a.j.t.JMeterThread: Thread started: TCC order-create 1-30
2026-09-10 09:52:51,062 INFO o.a.j.t.JMeterThread: Thread started: TCC order-create 1-31
2026-09-10 09:52:51,063 INFO o.a.j.t.JMeterThread: Thread started: TCC order-create 1-32
2026-09-10 09:52:51,063 INFO o.a.j.t.JMeterThread: Thread started: TCC order-create 1-33
2026-09-10 09:52:51,064 INFO o.a.j.t.JMeterThread: Thread started: TCC order-create 1-35
2026-09-10 09:52:51,063 INFO o.a.j.t.JMeterThread: Thread started: TCC order-create 1-34
2026-09-10 09:52:51,065 INFO o.a.j.t.JMeterThread: Thread started: TCC order-create 1-36
2026-09-10 09:52:51,067 INFO o.a.j.t.JMeterThread: Thread started: TCC order-create 1-38
2026-09-10 09:52:51,066 INFO o.a.j.t.JMeterThread: Thread started: TCC order-create 1-37
2026-09-10 09:52:51,067 INFO o.a.j.t.JMeterThread: Thread started: TCC order-create 1-39
2026-09-10 09:52:51,068 INFO o.a.j.t.JMeterThread: Thread started: TCC order-create 1-40
2026-09-10 09:52:51,068 INFO o.a.j.t.JMeterThread: Thread started: TCC order-create 1-41
2026-09-10 09:52:51,069 INFO o.a.j.t.JMeterThread: Thread started: TCC order-create 1-43
2026-09-10 09:52:51,070 INFO o.a.j.t.JMeterThread: Thread started: TCC order-create 1-44
2026-09-10 09:52:51,070 INFO o.a.j.t.JMeterThread: Thread started: TCC order-create 1-45
2026-09-10 09:52:51,069 INFO o.a.j.t.JMeterThread: Thread started: TCC order-create 1-42
2026-09-10 09:52:51,073 INFO o.a.j.t.JMeterThread: Thread started: TCC order-create 1-46
2026-09-10 09:52:51,073 INFO o.a.j.t.JMeterThread: Thread started: TCC order-create 1-47
2026-09-10 09:52:51,074 INFO o.a.j.t.JMeterThread: Thread started: TCC order-create 1-48
2026-09-10 09:52:51,076 INFO o.a.j.t.JMeterThread: Thread started: TCC order-create 1-50
2026-09-10 09:52:51,075 INFO o.a.j.t.JMeterThread: Thread started: TCC order-create 1-49
2026-09-10 09:52:51,077 INFO o.a.j.t.JMeterThread: Thread started: TCC order-create 1-51
2026-09-10 09:52:51,078 INFO o.a.j.t.JMeterThread: Thread started: TCC order-create 1-52
2026-09-10 09:52:51,080 INFO o.a.j.t.JMeterThread: Thread started: TCC order-create 1-53
2026-09-10 09:52:51,080 INFO o.a.j.t.JMeterThread: Thread started: TCC order-create 1-54
2026-09-10 09:52:51,081 INFO o.a.j.t.JMeterThread: Thread started: TCC order-create 1-55
2026-09-10 09:52:51,082 INFO o.a.j.t.JMeterThread: Thread started: TCC order-create 1-56
2026-09-10 09:52:51,082 INFO o.a.j.t.JMeterThread: Thread started: TCC order-create 1-57
2026-09-10 09:52:51,085 INFO o.a.j.t.JMeterThread: Thread started: TCC order-create 1-59
2026-09-10 09:52:51,084 INFO o.a.j.t.JMeterThread: Thread started: TCC order-create 1-58
2026-09-10 09:52:51,087 INFO o.a.j.t.JMeterThread: Thread started: TCC order-create 1-60
2026-09-10 09:52:51,089 INFO o.a.j.t.JMeterThread: Thread started: TCC order-create 1-61
2026-09-10 09:52:51,089 INFO o.a.j.t.JMeterThread: Thread started: TCC order-create 1-62
2026-09-10 09:52:51,091 INFO o.a.j.t.JMeterThread: Thread started: TCC order-create 1-63
2026-09-10 09:52:51,093 INFO o.a.j.t.JMeterThread: Thread started: TCC order-create 1-64
2026-09-10 09:52:51,094 INFO o.a.j.t.JMeterThread: Thread started: TCC order-create 1-65
2026-09-10 09:52:51,094 INFO o.a.j.t.JMeterThread: Thread started: TCC order-create 1-66
2026-09-10 09:52:51,095 INFO o.a.j.t.JMeterThread: Thread started: TCC order-create 1-67
2026-09-10 09:52:51,095 INFO o.a.j.t.JMeterThread: Thread started: TCC order-create 1-68
2026-09-10 09:52:51,096 INFO o.a.j.t.JMeterThread: Thread started: TCC order-create 1-69
2026-09-10 09:52:51,096 INFO o.a.j.t.JMeterThread: Thread started: TCC order-create 1-70
2026-09-10 09:52:51,097 INFO o.a.j.t.JMeterThread: Thread started: TCC order-create 1-71
2026-09-10 09:52:51,098 INFO o.a.j.t.JMeterThread: Thread started: TCC order-create 1-72
2026-09-10 09:52:51,098 INFO o.a.j.t.JMeterThread: Thread started: TCC order-create 1-73
2026-09-10 09:52:51,099 INFO o.a.j.t.JMeterThread: Thread started: TCC order-create 1-74
2026-09-10 09:52:51,100 INFO o.a.j.t.JMeterThread: Thread started: TCC order-create 1-75
2026-09-10 09:52:51,100 INFO o.a.j.t.JMeterThread: Thread started: TCC order-create 1-76
2026-09-10 09:52:51,101 INFO o.a.j.t.JMeterThread: Thread started: TCC order-create 1-77
2026-09-10 09:52:51,102 INFO o.a.j.t.JMeterThread: Thread started: TCC order-create 1-78
2026-09-10 09:52:51,103 INFO o.a.j.t.JMeterThread: Thread started: TCC order-create 1-79
2026-09-10 09:52:51,103 INFO o.a.j.t.JMeterThread: Thread started: TCC order-create 1-80
2026-09-10 09:52:51,104 INFO o.a.j.t.JMeterThread: Thread started: TCC order-create 1-81
2026-09-10 09:52:51,105 INFO o.a.j.t.JMeterThread: Thread started: TCC order-create 1-82
2026-09-10 09:52:51,105 INFO o.a.j.t.JMeterThread: Thread started: TCC order-create 1-83
2026-09-10 09:52:51,106 INFO o.a.j.t.JMeterThread: Thread started: TCC order-create 1-84
2026-09-10 09:52:51,106 INFO o.a.j.t.JMeterThread: Thread started: TCC order-create 1-85
2026-09-10 09:52:51,107 INFO o.a.j.t.JMeterThread: Thread started: TCC order-create 1-86
2026-09-10 09:52:51,107 INFO o.a.j.t.JMeterThread: Thread started: TCC order-create 1-87
2026-09-10 09:52:51,108 INFO o.a.j.t.JMeterThread: Thread started: TCC order-create 1-88
2026-09-10 09:52:51,109 INFO o.a.j.t.JMeterThread: Thread started: TCC order-create 1-89
2026-09-10 09:52:51,109 INFO o.a.j.t.JMeterThread: Thread started: TCC order-create 1-90
2026-09-10 09:52:51,110 INFO o.a.j.t.JMeterThread: Thread started: TCC order-create 1-91
2026-09-10 09:52:51,110 INFO o.a.j.t.JMeterThread: Thread started: TCC order-create 1-92
2026-09-10 09:52:51,111 INFO o.a.j.t.JMeterThread: Thread started: TCC order-create 1-93
2026-09-10 09:52:51,111 INFO o.a.j.t.JMeterThread: Thread started: TCC order-create 1-94
2026-09-10 09:52:51,111 INFO o.a.j.t.JMeterThread: Thread started: TCC order-create 1-95
2026-09-10 09:52:51,112 INFO o.a.j.t.JMeterThread: Thread started: TCC order-create 1-96
2026-09-10 09:52:51,113 INFO o.a.j.t.JMeterThread: Thread started: TCC order-create 1-97
2026-09-10 09:52:51,113 INFO o.a.j.t.JMeterThread: Thread started: TCC order-create 1-98
2026-09-10 09:52:51,114 INFO o.a.j.t.JMeterThread: Thread started: TCC order-create 1-99
2026-09-10 09:52:51,116 INFO o.a.j.t.ThreadGroup: Started thread group number 1
2026-09-10 09:52:51,116 INFO o.a.j.e.StandardJMeterEngine: All thread groups have been started
2026-09-10 09:52:51,117 INFO o.a.j.t.JMeterThread: Thread started: TCC order-create 1-100
2026-09-10 09:52:51,880 INFO o.a.j.p.h.s.HTTPHCAbstractImpl: Local host = pop-os
2026-09-10 09:52:51,887 INFO o.a.j.p.h.s.HTTPHC4Impl: HTTP request retry count = 0
2026-09-10 09:52:51,888 INFO o.a.j.s.SampleResult: Note: Sample TimeStamps are START times
2026-09-10 09:52:51,888 INFO o.a.j.s.SampleResult: sampleresult.default.encoding is set to UTF-8
2026-09-10 09:52:51,889 INFO o.a.j.s.SampleResult: sampleresult.useNanoTime=true
2026-09-10 09:52:51,889 INFO o.a.j.s.SampleResult: sampleresult.nanoThreadSleep=5000
2026-09-10 09:53:00,018 INFO o.a.j.r.Summariser: summary +    294 in 00:00:09 =   32.7/s Avg:  2268 Min:   135 Max:  2868 Err:     0 (0.00%) Active: 100 Started: 100 Finished: 0
2026-09-10 09:53:30,021 INFO o.a.j.r.Summariser: summary +   1120 in 00:00:30 =   37.3/s Avg:  2684 Min:  2540 Max:  2834 Err:     0 (0.00%) Active: 100 Started: 100 Finished: 0
2026-09-10 09:53:30,021 INFO o.a.j.r.Summariser: summary =   1414 in 00:00:39 =   36.3/s Avg:  2597 Min:   135 Max:  2868 Err:     0 (0.00%)
2026-09-10 09:54:00,036 INFO o.a.j.r.Summariser: summary +   1152 in 00:00:30 =   38.4/s Avg:  2600 Min:  2485 Max:  2733 Err:     0 (0.00%) Active: 100 Started: 100 Finished: 0
2026-09-10 09:54:00,036 INFO o.a.j.r.Summariser: summary =   2566 in 00:01:09 =   37.2/s Avg:  2599 Min:   135 Max:  2868 Err:     0 (0.00%)
2026-09-10 09:54:30,033 INFO o.a.j.r.Summariser: summary +   1126 in 00:00:30 =   37.5/s Avg:  2661 Min:  2497 Max:  3699 Err:     0 (0.00%) Active: 100 Started: 100 Finished: 0
2026-09-10 09:54:30,033 INFO o.a.j.r.Summariser: summary =   3692 in 00:01:39 =   37.3/s Avg:  2618 Min:   135 Max:  3699 Err:     0 (0.00%)
2026-09-10 09:54:51,097 INFO o.a.j.t.JMeterThread: Stopping because end time detected by thread: TCC order-create 1-20
2026-09-10 09:54:51,097 INFO o.a.j.t.JMeterThread: Thread finished: TCC order-create 1-20
2026-09-10 09:54:51,122 INFO o.a.j.t.JMeterThread: Stopping because end time detected by thread: TCC order-create 1-41
2026-09-10 09:54:51,122 INFO o.a.j.t.JMeterThread: Thread finished: TCC order-create 1-41
2026-09-10 09:54:51,148 INFO o.a.j.t.JMeterThread: Stopping because end time detected by thread: TCC order-create 1-17
2026-09-10 09:54:51,148 INFO o.a.j.t.JMeterThread: Thread finished: TCC order-create 1-17
2026-09-10 09:54:51,172 INFO o.a.j.t.JMeterThread: Stopping because end time detected by thread: TCC order-create 1-36
2026-09-10 09:54:51,173 INFO o.a.j.t.JMeterThread: Thread finished: TCC order-create 1-36
2026-09-10 09:54:51,197 INFO o.a.j.t.JMeterThread: Stopping because end time detected by thread: TCC order-create 1-21
2026-09-10 09:54:51,197 INFO o.a.j.t.JMeterThread: Thread finished: TCC order-create 1-21
2026-09-10 09:54:51,222 INFO o.a.j.t.JMeterThread: Stopping because end time detected by thread: TCC order-create 1-22
2026-09-10 09:54:51,222 INFO o.a.j.t.JMeterThread: Thread finished: TCC order-create 1-22
2026-09-10 09:54:51,245 INFO o.a.j.t.JMeterThread: Stopping because end time detected by thread: TCC order-create 1-86
2026-09-10 09:54:51,246 INFO o.a.j.t.JMeterThread: Thread finished: TCC order-create 1-86
2026-09-10 09:54:51,272 INFO o.a.j.t.JMeterThread: Stopping because end time detected by thread: TCC order-create 1-31
2026-09-10 09:54:51,272 INFO o.a.j.t.JMeterThread: Thread finished: TCC order-create 1-31
2026-09-10 09:54:51,297 INFO o.a.j.t.JMeterThread: Stopping because end time detected by thread: TCC order-create 1-19
2026-09-10 09:54:51,297 INFO o.a.j.t.JMeterThread: Thread finished: TCC order-create 1-19
2026-09-10 09:54:51,322 INFO o.a.j.t.JMeterThread: Stopping because end time detected by thread: TCC order-create 1-92
2026-09-10 09:54:51,322 INFO o.a.j.t.JMeterThread: Thread finished: TCC order-create 1-92
2026-09-10 09:54:51,348 INFO o.a.j.t.JMeterThread: Stopping because end time detected by thread: TCC order-create 1-9
2026-09-10 09:54:51,348 INFO o.a.j.t.JMeterThread: Thread finished: TCC order-create 1-9
2026-09-10 09:54:51,374 INFO o.a.j.t.JMeterThread: Stopping because end time detected by thread: TCC order-create 1-50
2026-09-10 09:54:51,374 INFO o.a.j.t.JMeterThread: Thread finished: TCC order-create 1-50
2026-09-10 09:54:51,400 INFO o.a.j.t.JMeterThread: Stopping because end time detected by thread: TCC order-create 1-15
2026-09-10 09:54:51,400 INFO o.a.j.t.JMeterThread: Thread finished: TCC order-create 1-15
2026-09-10 09:54:51,426 INFO o.a.j.t.JMeterThread: Stopping because end time detected by thread: TCC order-create 1-66
2026-09-10 09:54:51,426 INFO o.a.j.t.JMeterThread: Thread finished: TCC order-create 1-66
2026-09-10 09:54:51,452 INFO o.a.j.t.JMeterThread: Stopping because end time detected by thread: TCC order-create 1-100
2026-09-10 09:54:51,452 INFO o.a.j.t.JMeterThread: Thread finished: TCC order-create 1-100
2026-09-10 09:54:51,477 INFO o.a.j.t.JMeterThread: Stopping because end time detected by thread: TCC order-create 1-69
2026-09-10 09:54:51,477 INFO o.a.j.t.JMeterThread: Thread finished: TCC order-create 1-69
2026-09-10 09:54:51,500 INFO o.a.j.t.JMeterThread: Stopping because end time detected by thread: TCC order-create 1-18
2026-09-10 09:54:51,500 INFO o.a.j.t.JMeterThread: Thread finished: TCC order-create 1-18
2026-09-10 09:54:51,525 INFO o.a.j.t.JMeterThread: Stopping because end time detected by thread: TCC order-create 1-47
2026-09-10 09:54:51,525 INFO o.a.j.t.JMeterThread: Thread finished: TCC order-create 1-47
2026-09-10 09:54:51,548 INFO o.a.j.t.JMeterThread: Stopping because end time detected by thread: TCC order-create 1-83
2026-09-10 09:54:51,548 INFO o.a.j.t.JMeterThread: Thread finished: TCC order-create 1-83
2026-09-10 09:54:51,574 INFO o.a.j.t.JMeterThread: Stopping because end time detected by thread: TCC order-create 1-16
2026-09-10 09:54:51,574 INFO o.a.j.t.JMeterThread: Thread finished: TCC order-create 1-16
2026-09-10 09:54:51,598 INFO o.a.j.t.JMeterThread: Stopping because end time detected by thread: TCC order-create 1-62
2026-09-10 09:54:51,598 INFO o.a.j.t.JMeterThread: Thread finished: TCC order-create 1-62
2026-09-10 09:54:51,622 INFO o.a.j.t.JMeterThread: Stopping because end time detected by thread: TCC order-create 1-73
2026-09-10 09:54:51,623 INFO o.a.j.t.JMeterThread: Thread finished: TCC order-create 1-73
2026-09-10 09:54:51,648 INFO o.a.j.t.JMeterThread: Stopping because end time detected by thread: TCC order-create 1-38
2026-09-10 09:54:51,649 INFO o.a.j.t.JMeterThread: Thread finished: TCC order-create 1-38
2026-09-10 09:54:51,674 INFO o.a.j.t.JMeterThread: Stopping because end time detected by thread: TCC order-create 1-3
2026-09-10 09:54:51,674 INFO o.a.j.t.JMeterThread: Thread finished: TCC order-create 1-3
2026-09-10 09:54:51,699 INFO o.a.j.t.JMeterThread: Stopping because end time detected by thread: TCC order-create 1-70
2026-09-10 09:54:51,699 INFO o.a.j.t.JMeterThread: Thread finished: TCC order-create 1-70
2026-09-10 09:54:51,724 INFO o.a.j.t.JMeterThread: Stopping because end time detected by thread: TCC order-create 1-94
2026-09-10 09:54:51,724 INFO o.a.j.t.JMeterThread: Thread finished: TCC order-create 1-94
2026-09-10 09:54:51,751 INFO o.a.j.t.JMeterThread: Stopping because end time detected by thread: TCC order-create 1-7
2026-09-10 09:54:51,752 INFO o.a.j.t.JMeterThread: Thread finished: TCC order-create 1-7
2026-09-10 09:54:51,777 INFO o.a.j.t.JMeterThread: Stopping because end time detected by thread: TCC order-create 1-97
2026-09-10 09:54:51,777 INFO o.a.j.t.JMeterThread: Thread finished: TCC order-create 1-97
2026-09-10 09:54:51,802 INFO o.a.j.t.JMeterThread: Stopping because end time detected by thread: TCC order-create 1-80
2026-09-10 09:54:51,802 INFO o.a.j.t.JMeterThread: Thread finished: TCC order-create 1-80
2026-09-10 09:54:51,827 INFO o.a.j.t.JMeterThread: Stopping because end time detected by thread: TCC order-create 1-60
2026-09-10 09:54:51,827 INFO o.a.j.t.JMeterThread: Thread finished: TCC order-create 1-60
2026-09-10 09:54:51,853 INFO o.a.j.t.JMeterThread: Stopping because end time detected by thread: TCC order-create 1-55
2026-09-10 09:54:51,853 INFO o.a.j.t.JMeterThread: Thread finished: TCC order-create 1-55
2026-09-10 09:54:51,877 INFO o.a.j.t.JMeterThread: Stopping because end time detected by thread: TCC order-create 1-30
2026-09-10 09:54:51,877 INFO o.a.j.t.JMeterThread: Thread finished: TCC order-create 1-30
2026-09-10 09:54:51,903 INFO o.a.j.t.JMeterThread: Stopping because end time detected by thread: TCC order-create 1-58
2026-09-10 09:54:51,903 INFO o.a.j.t.JMeterThread: Thread finished: TCC order-create 1-58
2026-09-10 09:54:51,928 INFO o.a.j.t.JMeterThread: Stopping because end time detected by thread: TCC order-create 1-72
2026-09-10 09:54:51,928 INFO o.a.j.t.JMeterThread: Thread finished: TCC order-create 1-72
2026-09-10 09:54:51,954 INFO o.a.j.t.JMeterThread: Stopping because end time detected by thread: TCC order-create 1-77
2026-09-10 09:54:51,954 INFO o.a.j.t.JMeterThread: Thread finished: TCC order-create 1-77
2026-09-10 09:54:51,979 INFO o.a.j.t.JMeterThread: Stopping because end time detected by thread: TCC order-create 1-13
2026-09-10 09:54:51,979 INFO o.a.j.t.JMeterThread: Thread finished: TCC order-create 1-13
2026-09-10 09:54:52,010 INFO o.a.j.t.JMeterThread: Stopping because end time detected by thread: TCC order-create 1-32
2026-09-10 09:54:52,011 INFO o.a.j.t.JMeterThread: Thread finished: TCC order-create 1-32
2026-09-10 09:54:52,039 INFO o.a.j.t.JMeterThread: Stopping because end time detected by thread: TCC order-create 1-39
2026-09-10 09:54:52,039 INFO o.a.j.t.JMeterThread: Thread finished: TCC order-create 1-39
2026-09-10 09:54:52,066 INFO o.a.j.t.JMeterThread: Stopping because end time detected by thread: TCC order-create 1-84
2026-09-10 09:54:52,066 INFO o.a.j.t.JMeterThread: Thread finished: TCC order-create 1-84
2026-09-10 09:54:52,090 INFO o.a.j.t.JMeterThread: Stopping because end time detected by thread: TCC order-create 1-34
2026-09-10 09:54:52,090 INFO o.a.j.t.JMeterThread: Thread finished: TCC order-create 1-34
2026-09-10 09:54:52,113 INFO o.a.j.t.JMeterThread: Stopping because end time detected by thread: TCC order-create 1-35
2026-09-10 09:54:52,113 INFO o.a.j.t.JMeterThread: Thread finished: TCC order-create 1-35
2026-09-10 09:54:52,140 INFO o.a.j.t.JMeterThread: Stopping because end time detected by thread: TCC order-create 1-8
2026-09-10 09:54:52,141 INFO o.a.j.t.JMeterThread: Thread finished: TCC order-create 1-8
2026-09-10 09:54:52,167 INFO o.a.j.t.JMeterThread: Stopping because end time detected by thread: TCC order-create 1-48
2026-09-10 09:54:52,167 INFO o.a.j.t.JMeterThread: Thread finished: TCC order-create 1-48
2026-09-10 09:54:52,193 INFO o.a.j.t.JMeterThread: Stopping because end time detected by thread: TCC order-create 1-42
2026-09-10 09:54:52,193 INFO o.a.j.t.JMeterThread: Thread finished: TCC order-create 1-42
2026-09-10 09:54:52,221 INFO o.a.j.t.JMeterThread: Stopping because end time detected by thread: TCC order-create 1-82
2026-09-10 09:54:52,221 INFO o.a.j.t.JMeterThread: Thread finished: TCC order-create 1-82
2026-09-10 09:54:52,246 INFO o.a.j.t.JMeterThread: Stopping because end time detected by thread: TCC order-create 1-54
2026-09-10 09:54:52,247 INFO o.a.j.t.JMeterThread: Thread finished: TCC order-create 1-54
2026-09-10 09:54:52,272 INFO o.a.j.t.JMeterThread: Stopping because end time detected by thread: TCC order-create 1-49
2026-09-10 09:54:52,273 INFO o.a.j.t.JMeterThread: Thread finished: TCC order-create 1-49
2026-09-10 09:54:52,299 INFO o.a.j.t.JMeterThread: Stopping because end time detected by thread: TCC order-create 1-23
2026-09-10 09:54:52,300 INFO o.a.j.t.JMeterThread: Thread finished: TCC order-create 1-23
2026-09-10 09:54:52,328 INFO o.a.j.t.JMeterThread: Stopping because end time detected by thread: TCC order-create 1-63
2026-09-10 09:54:52,328 INFO o.a.j.t.JMeterThread: Thread finished: TCC order-create 1-63
2026-09-10 09:54:52,352 INFO o.a.j.t.JMeterThread: Stopping because end time detected by thread: TCC order-create 1-45
2026-09-10 09:54:52,353 INFO o.a.j.t.JMeterThread: Thread finished: TCC order-create 1-45
2026-09-10 09:54:52,379 INFO o.a.j.t.JMeterThread: Stopping because end time detected by thread: TCC order-create 1-76
2026-09-10 09:54:52,379 INFO o.a.j.t.JMeterThread: Thread finished: TCC order-create 1-76
2026-09-10 09:54:52,404 INFO o.a.j.t.JMeterThread: Stopping because end time detected by thread: TCC order-create 1-96
2026-09-10 09:54:52,404 INFO o.a.j.t.JMeterThread: Thread finished: TCC order-create 1-96
2026-09-10 09:54:52,432 INFO o.a.j.t.JMeterThread: Stopping because end time detected by thread: TCC order-create 1-12
2026-09-10 09:54:52,432 INFO o.a.j.t.JMeterThread: Thread finished: TCC order-create 1-12
2026-09-10 09:54:52,457 INFO o.a.j.t.JMeterThread: Stopping because end time detected by thread: TCC order-create 1-61
2026-09-10 09:54:52,457 INFO o.a.j.t.JMeterThread: Thread finished: TCC order-create 1-61
2026-09-10 09:54:52,482 INFO o.a.j.t.JMeterThread: Stopping because end time detected by thread: TCC order-create 1-99
2026-09-10 09:54:52,482 INFO o.a.j.t.JMeterThread: Thread finished: TCC order-create 1-99
2026-09-10 09:54:52,506 INFO o.a.j.t.JMeterThread: Stopping because end time detected by thread: TCC order-create 1-88
2026-09-10 09:54:52,506 INFO o.a.j.t.JMeterThread: Thread finished: TCC order-create 1-88
2026-09-10 09:54:52,532 INFO o.a.j.t.JMeterThread: Stopping because end time detected by thread: TCC order-create 1-11
2026-09-10 09:54:52,532 INFO o.a.j.t.JMeterThread: Thread finished: TCC order-create 1-11
2026-09-10 09:54:52,556 INFO o.a.j.t.JMeterThread: Stopping because end time detected by thread: TCC order-create 1-24
2026-09-10 09:54:52,556 INFO o.a.j.t.JMeterThread: Thread finished: TCC order-create 1-24
2026-09-10 09:54:52,581 INFO o.a.j.t.JMeterThread: Stopping because end time detected by thread: TCC order-create 1-89
2026-09-10 09:54:52,581 INFO o.a.j.t.JMeterThread: Thread finished: TCC order-create 1-89
2026-09-10 09:54:52,605 INFO o.a.j.t.JMeterThread: Stopping because end time detected by thread: TCC order-create 1-26
2026-09-10 09:54:52,605 INFO o.a.j.t.JMeterThread: Thread finished: TCC order-create 1-26
2026-09-10 09:54:52,629 INFO o.a.j.t.JMeterThread: Stopping because end time detected by thread: TCC order-create 1-64
2026-09-10 09:54:52,629 INFO o.a.j.t.JMeterThread: Thread finished: TCC order-create 1-64
2026-09-10 09:54:52,653 INFO o.a.j.t.JMeterThread: Stopping because end time detected by thread: TCC order-create 1-6
2026-09-10 09:54:52,653 INFO o.a.j.t.JMeterThread: Thread finished: TCC order-create 1-6
2026-09-10 09:54:52,680 INFO o.a.j.t.JMeterThread: Stopping because end time detected by thread: TCC order-create 1-67
2026-09-10 09:54:52,680 INFO o.a.j.t.JMeterThread: Thread finished: TCC order-create 1-67
2026-09-10 09:54:52,705 INFO o.a.j.t.JMeterThread: Stopping because end time detected by thread: TCC order-create 1-37
2026-09-10 09:54:52,705 INFO o.a.j.t.JMeterThread: Thread finished: TCC order-create 1-37
2026-09-10 09:54:52,729 INFO o.a.j.t.JMeterThread: Stopping because end time detected by thread: TCC order-create 1-46
2026-09-10 09:54:52,729 INFO o.a.j.t.JMeterThread: Thread finished: TCC order-create 1-46
2026-09-10 09:54:52,753 INFO o.a.j.t.JMeterThread: Stopping because end time detected by thread: TCC order-create 1-33
2026-09-10 09:54:52,753 INFO o.a.j.t.JMeterThread: Thread finished: TCC order-create 1-33
2026-09-10 09:54:52,779 INFO o.a.j.t.JMeterThread: Stopping because end time detected by thread: TCC order-create 1-59
2026-09-10 09:54:52,780 INFO o.a.j.t.JMeterThread: Thread finished: TCC order-create 1-59
2026-09-10 09:54:52,805 INFO o.a.j.t.JMeterThread: Stopping because end time detected by thread: TCC order-create 1-95
2026-09-10 09:54:52,805 INFO o.a.j.t.JMeterThread: Thread finished: TCC order-create 1-95
2026-09-10 09:54:52,828 INFO o.a.j.t.JMeterThread: Stopping because end time detected by thread: TCC order-create 1-40
2026-09-10 09:54:52,828 INFO o.a.j.t.JMeterThread: Thread finished: TCC order-create 1-40
2026-09-10 09:54:52,852 INFO o.a.j.t.JMeterThread: Stopping because end time detected by thread: TCC order-create 1-1
2026-09-10 09:54:52,853 INFO o.a.j.t.JMeterThread: Thread finished: TCC order-create 1-1
2026-09-10 09:54:52,879 INFO o.a.j.t.JMeterThread: Stopping because end time detected by thread: TCC order-create 1-14
2026-09-10 09:54:52,879 INFO o.a.j.t.JMeterThread: Thread finished: TCC order-create 1-14
2026-09-10 09:54:52,903 INFO o.a.j.t.JMeterThread: Stopping because end time detected by thread: TCC order-create 1-29
2026-09-10 09:54:52,903 INFO o.a.j.t.JMeterThread: Thread finished: TCC order-create 1-29
2026-09-10 09:54:52,929 INFO o.a.j.t.JMeterThread: Stopping because end time detected by thread: TCC order-create 1-79
2026-09-10 09:54:52,929 INFO o.a.j.t.JMeterThread: Thread finished: TCC order-create 1-79
2026-09-10 09:54:52,956 INFO o.a.j.t.JMeterThread: Stopping because end time detected by thread: TCC order-create 1-28
2026-09-10 09:54:52,957 INFO o.a.j.t.JMeterThread: Thread finished: TCC order-create 1-28
2026-09-10 09:54:52,984 INFO o.a.j.t.JMeterThread: Stopping because end time detected by thread: TCC order-create 1-65
2026-09-10 09:54:52,984 INFO o.a.j.t.JMeterThread: Thread finished: TCC order-create 1-65
2026-09-10 09:54:53,019 INFO o.a.j.t.JMeterThread: Stopping because end time detected by thread: TCC order-create 1-91
2026-09-10 09:54:53,019 INFO o.a.j.t.JMeterThread: Thread finished: TCC order-create 1-91
2026-09-10 09:54:53,046 INFO o.a.j.t.JMeterThread: Stopping because end time detected by thread: TCC order-create 1-5
2026-09-10 09:54:53,046 INFO o.a.j.t.JMeterThread: Thread finished: TCC order-create 1-5
2026-09-10 09:54:53,073 INFO o.a.j.t.JMeterThread: Stopping because end time detected by thread: TCC order-create 1-27
2026-09-10 09:54:53,073 INFO o.a.j.t.JMeterThread: Thread finished: TCC order-create 1-27
2026-09-10 09:54:53,099 INFO o.a.j.t.JMeterThread: Stopping because end time detected by thread: TCC order-create 1-10
2026-09-10 09:54:53,099 INFO o.a.j.t.JMeterThread: Thread finished: TCC order-create 1-10
2026-09-10 09:54:53,125 INFO o.a.j.t.JMeterThread: Stopping because end time detected by thread: TCC order-create 1-56
2026-09-10 09:54:53,126 INFO o.a.j.t.JMeterThread: Thread finished: TCC order-create 1-56
2026-09-10 09:54:53,154 INFO o.a.j.t.JMeterThread: Stopping because end time detected by thread: TCC order-create 1-57
2026-09-10 09:54:53,154 INFO o.a.j.t.JMeterThread: Thread finished: TCC order-create 1-57
2026-09-10 09:54:53,182 INFO o.a.j.t.JMeterThread: Stopping because end time detected by thread: TCC order-create 1-81
2026-09-10 09:54:53,182 INFO o.a.j.t.JMeterThread: Thread finished: TCC order-create 1-81
2026-09-10 09:54:53,206 INFO o.a.j.t.JMeterThread: Stopping because end time detected by thread: TCC order-create 1-2
2026-09-10 09:54:53,206 INFO o.a.j.t.JMeterThread: Thread finished: TCC order-create 1-2
2026-09-10 09:54:53,232 INFO o.a.j.t.JMeterThread: Stopping because end time detected by thread: TCC order-create 1-4
2026-09-10 09:54:53,232 INFO o.a.j.t.JMeterThread: Thread finished: TCC order-create 1-4
2026-09-10 09:54:53,256 INFO o.a.j.t.JMeterThread: Stopping because end time detected by thread: TCC order-create 1-78
2026-09-10 09:54:53,256 INFO o.a.j.t.JMeterThread: Thread finished: TCC order-create 1-78
2026-09-10 09:54:53,283 INFO o.a.j.t.JMeterThread: Stopping because end time detected by thread: TCC order-create 1-90
2026-09-10 09:54:53,284 INFO o.a.j.t.JMeterThread: Thread finished: TCC order-create 1-90
2026-09-10 09:54:53,309 INFO o.a.j.t.JMeterThread: Stopping because end time detected by thread: TCC order-create 1-74
2026-09-10 09:54:53,309 INFO o.a.j.t.JMeterThread: Thread finished: TCC order-create 1-74
2026-09-10 09:54:53,333 INFO o.a.j.t.JMeterThread: Stopping because end time detected by thread: TCC order-create 1-44
2026-09-10 09:54:53,333 INFO o.a.j.t.JMeterThread: Thread finished: TCC order-create 1-44
2026-09-10 09:54:53,357 INFO o.a.j.t.JMeterThread: Stopping because end time detected by thread: TCC order-create 1-53
2026-09-10 09:54:53,357 INFO o.a.j.t.JMeterThread: Thread finished: TCC order-create 1-53
2026-09-10 09:54:53,383 INFO o.a.j.t.JMeterThread: Stopping because end time detected by thread: TCC order-create 1-51
2026-09-10 09:54:53,383 INFO o.a.j.t.JMeterThread: Thread finished: TCC order-create 1-51
2026-09-10 09:54:53,411 INFO o.a.j.t.JMeterThread: Stopping because end time detected by thread: TCC order-create 1-85
2026-09-10 09:54:53,412 INFO o.a.j.t.JMeterThread: Thread finished: TCC order-create 1-85
2026-09-10 09:54:53,443 INFO o.a.j.t.JMeterThread: Stopping because end time detected by thread: TCC order-create 1-43
2026-09-10 09:54:53,443 INFO o.a.j.t.JMeterThread: Thread finished: TCC order-create 1-43
2026-09-10 09:54:53,469 INFO o.a.j.t.JMeterThread: Stopping because end time detected by thread: TCC order-create 1-93
2026-09-10 09:54:53,469 INFO o.a.j.t.JMeterThread: Thread finished: TCC order-create 1-93
2026-09-10 09:54:53,494 INFO o.a.j.t.JMeterThread: Stopping because end time detected by thread: TCC order-create 1-87
2026-09-10 09:54:53,494 INFO o.a.j.t.JMeterThread: Thread finished: TCC order-create 1-87
2026-09-10 09:54:53,522 INFO o.a.j.t.JMeterThread: Stopping because end time detected by thread: TCC order-create 1-71
2026-09-10 09:54:53,522 INFO o.a.j.t.JMeterThread: Thread finished: TCC order-create 1-71
2026-09-10 09:54:53,547 INFO o.a.j.t.JMeterThread: Stopping because end time detected by thread: TCC order-create 1-68
2026-09-10 09:54:53,547 INFO o.a.j.t.JMeterThread: Thread finished: TCC order-create 1-68
2026-09-10 09:54:53,574 INFO o.a.j.t.JMeterThread: Stopping because end time detected by thread: TCC order-create 1-98
2026-09-10 09:54:53,574 INFO o.a.j.t.JMeterThread: Thread finished: TCC order-create 1-98
2026-09-10 09:54:53,601 INFO o.a.j.t.JMeterThread: Stopping because end time detected by thread: TCC order-create 1-52
2026-09-10 09:54:53,601 INFO o.a.j.t.JMeterThread: Thread finished: TCC order-create 1-52
2026-09-10 09:54:53,627 INFO o.a.j.t.JMeterThread: Stopping because end time detected by thread: TCC order-create 1-25
2026-09-10 09:54:53,627 INFO o.a.j.t.JMeterThread: Thread finished: TCC order-create 1-25
2026-09-10 09:54:53,652 INFO o.a.j.t.JMeterThread: Stopping because end time detected by thread: TCC order-create 1-75
2026-09-10 09:54:53,652 INFO o.a.j.t.JMeterThread: Thread finished: TCC order-create 1-75
2026-09-10 09:54:53,653 INFO o.a.j.e.StandardJMeterEngine: Notifying test listeners of end of test
2026-09-10 09:54:53,655 INFO o.a.j.r.Summariser: summary +    877 in 00:00:24 =   37.1/s Avg:  2697 Min:  2560 Max:  2991 Err:     0 (0.00%) Active: 0 Started: 100 Finished: 100
2026-09-10 09:54:53,655 INFO o.a.j.r.Summariser: summary =   4569 in 00:02:03 =   37.3/s Avg:  2633 Min:   135 Max:  3699 Err:     0 (0.00%)
