2026-09-10 06:20:42,593 INFO o.a.j.u.JMeterUtils: Setting Locale to en_EN
2026-09-10 06:20:42,610 INFO o.a.j.JMeter: Loading user properties from: /home/avituo/projects/tcc/tcc-container/.tools/apache-jmeter-5.6.3/bin/user.properties
2026-09-10 06:20:42,611 INFO o.a.j.JMeter: Loading system properties from: /home/avituo/projects/tcc/tcc-container/.tools/apache-jmeter-5.6.3/bin/system.properties
2026-09-10 06:20:42,611 INFO o.a.j.JMeter: Loading additional properties from: /home/avituo/projects/tcc/tcc-container/benchmark/jmeter/benchmark.properties
2026-09-10 06:20:42,611 INFO o.a.j.JMeter: Loading additional properties from: /tmp/tcc-benchmark-auth.S90KMU/auth.properties
2026-09-10 06:20:42,611 INFO o.a.j.JMeter: Loading additional properties from: /home/avituo/projects/tcc/tcc-container/benchmark/results/laravel-13.20.0/final/order-show/c25/r1/microservices/thread-counters.properties
2026-09-10 06:20:42,611 INFO o.a.j.JMeter: Setting JMeter property: threads=25
2026-09-10 06:20:42,611 INFO o.a.j.JMeter: Setting JMeter property: duration_seconds=120
2026-09-10 06:20:42,611 INFO o.a.j.JMeter: Setting JMeter property: target_host=localhost
2026-09-10 06:20:42,612 INFO o.a.j.JMeter: Setting JMeter property: target_port=18080
2026-09-10 06:20:42,612 INFO o.a.j.JMeter: Setting JMeter property: tcc.order.id=20000000-0000-4000-8000-000000000001
2026-09-10 06:20:42,612 INFO o.a.j.JMeter: Setting JMeter property: repetition=1
2026-09-10 06:20:42,618 INFO o.a.j.JMeter: Copyright (c) 1998-2024 The Apache Software Foundation
2026-09-10 06:20:42,618 INFO o.a.j.JMeter: Version 5.6.3
2026-09-10 06:20:42,618 INFO o.a.j.JMeter: java.version=21.0.11
2026-09-10 06:20:42,618 INFO o.a.j.JMeter: java.vm.name=OpenJDK 64-Bit Server VM
2026-09-10 06:20:42,618 INFO o.a.j.JMeter: os.name=Linux
2026-09-10 06:20:42,618 INFO o.a.j.JMeter: os.arch=amd64
2026-09-10 06:20:42,618 INFO o.a.j.JMeter: os.version=7.0.11-76070011-generic
2026-09-10 06:20:42,618 INFO o.a.j.JMeter: file.encoding=UTF-8
2026-09-10 06:20:42,618 INFO o.a.j.JMeter: java.awt.headless=true
2026-09-10 06:20:42,619 INFO o.a.j.JMeter: Max memory     =1073741824
2026-09-10 06:20:42,619 INFO o.a.j.JMeter: Available Processors =16
2026-09-10 06:20:42,627 INFO o.a.j.JMeter: Default Locale=English (EN)
2026-09-10 06:20:42,627 INFO o.a.j.JMeter: JMeter  Locale=English (EN)
2026-09-10 06:20:42,627 INFO o.a.j.JMeter: JMeterHome=/home/avituo/projects/tcc/tcc-container/.tools/apache-jmeter-5.6.3
2026-09-10 06:20:42,627 INFO o.a.j.JMeter: user.dir  =/home/avituo/projects/tcc/tcc-container
2026-09-10 06:20:42,627 INFO o.a.j.JMeter: PWD       =/home/avituo/projects/tcc/tcc-container
2026-09-10 06:20:42,635 INFO o.a.j.JMeter: IP: 192.168.1.16 Name: pop-os FullName: pop-os.home
2026-09-10 06:20:42,647 INFO o.a.j.s.FileServer: Default base='/home/avituo/projects/tcc/tcc-container'
2026-09-10 06:20:42,649 INFO o.a.j.s.FileServer: Set new base='/home/avituo/projects/tcc/tcc-container/benchmark/jmeter'
2026-09-10 06:20:42,820 INFO o.a.j.s.SaveService: Testplan (JMX) version: 2.2. Testlog (JTL) version: 2.2
2026-09-10 06:20:42,846 INFO o.a.j.s.SaveService: Using SaveService properties version 5.0
2026-09-10 06:20:42,849 INFO o.a.j.s.SaveService: Using SaveService properties file encoding UTF-8
2026-09-10 06:20:42,854 INFO o.a.j.s.SaveService: Loading file: /home/avituo/projects/tcc/tcc-container/benchmark/jmeter/tcc-order-show-v1.jmx
2026-09-10 06:20:42,904 INFO o.a.j.p.h.s.HTTPSamplerBase: Parser for text/html is org.apache.jmeter.protocol.http.parser.LagartoBasedHtmlParser
2026-09-10 06:20:42,904 INFO o.a.j.p.h.s.HTTPSamplerBase: Parser for application/xhtml+xml is org.apache.jmeter.protocol.http.parser.LagartoBasedHtmlParser
2026-09-10 06:20:42,904 INFO o.a.j.p.h.s.HTTPSamplerBase: Parser for application/xml is org.apache.jmeter.protocol.http.parser.LagartoBasedHtmlParser
2026-09-10 06:20:42,904 INFO o.a.j.p.h.s.HTTPSamplerBase: Parser for text/xml is org.apache.jmeter.protocol.http.parser.LagartoBasedHtmlParser
2026-09-10 06:20:42,904 INFO o.a.j.p.h.s.HTTPSamplerBase: Parser for text/vnd.wap.wml is org.apache.jmeter.protocol.http.parser.RegexpHTMLParser
2026-09-10 06:20:42,905 INFO o.a.j.p.h.s.HTTPSamplerBase: Parser for text/css is org.apache.jmeter.protocol.http.parser.CssParser
2026-09-10 06:20:42,933 INFO o.a.j.JMeter: Creating summariser <summary>
2026-09-10 06:20:42,951 INFO o.a.j.e.StandardJMeterEngine: Running the test!
2026-09-10 06:20:42,952 INFO o.a.j.s.SampleEvent: List of sample_variables: []
2026-09-10 06:20:42,952 INFO o.a.j.s.SampleEvent: List of sample_variables: []
2026-09-10 06:20:42,957 INFO o.a.j.e.u.CompoundVariable: Note: Function class names must contain the string: '.functions.'
2026-09-10 06:20:42,957 INFO o.a.j.e.u.CompoundVariable: Note: Function class names must not contain the string: '.gui.'
2026-09-10 06:20:43,191 INFO o.a.j.JMeter: Running test (1789032043191)
2026-09-10 06:20:43,212 INFO o.a.j.e.StandardJMeterEngine: Starting ThreadGroup: 1 : TCC order-show
2026-09-10 06:20:43,213 INFO o.a.j.e.StandardJMeterEngine: Starting 25 threads for group TCC order-show.
2026-09-10 06:20:43,213 INFO o.a.j.e.StandardJMeterEngine: Thread will continue on error
2026-09-10 06:20:43,213 INFO o.a.j.t.ThreadGroup: Starting thread group... number=1 threads=25 ramp-up=0 delayedStart=false
2026-09-10 06:20:43,219 INFO o.a.j.t.JMeterThread: Thread started: TCC order-show 1-1
2026-09-10 06:20:43,219 INFO o.a.j.t.JMeterThread: Thread started: TCC order-show 1-5
2026-09-10 06:20:43,220 INFO o.a.j.t.JMeterThread: Thread started: TCC order-show 1-2
2026-09-10 06:20:43,220 INFO o.a.j.t.JMeterThread: Thread started: TCC order-show 1-6
2026-09-10 06:20:43,219 INFO o.a.j.t.JMeterThread: Thread started: TCC order-show 1-3
2026-09-10 06:20:43,219 INFO o.a.j.t.JMeterThread: Thread started: TCC order-show 1-4
2026-09-10 06:20:43,220 INFO o.a.j.t.JMeterThread: Thread started: TCC order-show 1-7
2026-09-10 06:20:43,221 INFO o.a.j.t.JMeterThread: Thread started: TCC order-show 1-8
2026-09-10 06:20:43,222 INFO o.a.j.t.JMeterThread: Thread started: TCC order-show 1-9
2026-09-10 06:20:43,222 INFO o.a.j.t.JMeterThread: Thread started: TCC order-show 1-10
2026-09-10 06:20:43,223 INFO o.a.j.t.JMeterThread: Thread started: TCC order-show 1-11
2026-09-10 06:20:43,224 INFO o.a.j.t.JMeterThread: Thread started: TCC order-show 1-12
2026-09-10 06:20:43,226 INFO o.a.j.t.JMeterThread: Thread started: TCC order-show 1-13
2026-09-10 06:20:43,226 INFO o.a.j.t.JMeterThread: Thread started: TCC order-show 1-14
2026-09-10 06:20:43,227 INFO o.a.j.t.JMeterThread: Thread started: TCC order-show 1-15
2026-09-10 06:20:43,228 INFO o.a.j.t.JMeterThread: Thread started: TCC order-show 1-16
2026-09-10 06:20:43,228 INFO o.a.j.t.JMeterThread: Thread started: TCC order-show 1-17
2026-09-10 06:20:43,229 INFO o.a.j.t.JMeterThread: Thread started: TCC order-show 1-18
2026-09-10 06:20:43,229 INFO o.a.j.t.JMeterThread: Thread started: TCC order-show 1-19
2026-09-10 06:20:43,230 INFO o.a.j.t.JMeterThread: Thread started: TCC order-show 1-20
2026-09-10 06:20:43,230 INFO o.a.j.t.JMeterThread: Thread started: TCC order-show 1-21
2026-09-10 06:20:43,231 INFO o.a.j.t.JMeterThread: Thread started: TCC order-show 1-22
2026-09-10 06:20:43,231 INFO o.a.j.t.JMeterThread: Thread started: TCC order-show 1-23
2026-09-10 06:20:43,232 INFO o.a.j.t.JMeterThread: Thread started: TCC order-show 1-24
2026-09-10 06:20:43,232 INFO o.a.j.t.ThreadGroup: Started thread group number 1
2026-09-10 06:20:43,232 INFO o.a.j.e.StandardJMeterEngine: All thread groups have been started
2026-09-10 06:20:43,232 INFO o.a.j.t.JMeterThread: Thread started: TCC order-show 1-25
2026-09-10 06:20:43,240 INFO o.a.j.p.h.s.HTTPHCAbstractImpl: Local host = pop-os
2026-09-10 06:20:43,245 INFO o.a.j.p.h.s.HTTPHC4Impl: HTTP request retry count = 0
2026-09-10 06:20:43,247 INFO o.a.j.s.SampleResult: Note: Sample TimeStamps are START times
2026-09-10 06:20:43,247 INFO o.a.j.s.SampleResult: sampleresult.default.encoding is set to UTF-8
2026-09-10 06:20:43,247 INFO o.a.j.s.SampleResult: sampleresult.useNanoTime=true
2026-09-10 06:20:43,247 INFO o.a.j.s.SampleResult: sampleresult.nanoThreadSleep=5000
2026-09-10 06:21:00,004 INFO o.a.j.r.Summariser: summary +   2180 in 00:00:17 =  129.7/s Avg:   181 Min:    19 Max:   381 Err:     0 (0.00%) Active: 25 Started: 25 Finished: 0
2026-09-10 06:21:30,006 INFO o.a.j.r.Summariser: summary +   4237 in 00:00:30 =  141.2/s Avg:   176 Min:   161 Max:   220 Err:     0 (0.00%) Active: 25 Started: 25 Finished: 0
2026-09-10 06:21:30,007 INFO o.a.j.r.Summariser: summary =   6417 in 00:00:47 =  137.1/s Avg:   178 Min:    19 Max:   381 Err:     0 (0.00%)
2026-09-10 06:22:00,005 INFO o.a.j.r.Summariser: summary +   4289 in 00:00:30 =  143.0/s Avg:   174 Min:   161 Max:   205 Err:     0 (0.00%) Active: 25 Started: 25 Finished: 0
2026-09-10 06:22:00,006 INFO o.a.j.r.Summariser: summary =  10706 in 00:01:17 =  139.4/s Avg:   176 Min:    19 Max:   381 Err:     0 (0.00%)
2026-09-10 06:22:30,002 INFO o.a.j.r.Summariser: summary +   4328 in 00:00:30 =  144.3/s Avg:   172 Min:   161 Max:   186 Err:     0 (0.00%) Active: 25 Started: 25 Finished: 0
2026-09-10 06:22:30,003 INFO o.a.j.r.Summariser: summary =  15034 in 00:01:47 =  140.8/s Avg:   175 Min:    19 Max:   381 Err:     0 (0.00%)
2026-09-10 06:22:43,230 INFO o.a.j.t.JMeterThread: Stopping because end time detected by thread: TCC order-show 1-20
2026-09-10 06:22:43,230 INFO o.a.j.t.JMeterThread: Thread finished: TCC order-show 1-20
2026-09-10 06:22:43,237 INFO o.a.j.t.JMeterThread: Stopping because end time detected by thread: TCC order-show 1-13
2026-09-10 06:22:43,237 INFO o.a.j.t.JMeterThread: Thread finished: TCC order-show 1-13
2026-09-10 06:22:43,243 INFO o.a.j.t.JMeterThread: Stopping because end time detected by thread: TCC order-show 1-6
2026-09-10 06:22:43,244 INFO o.a.j.t.JMeterThread: Thread finished: TCC order-show 1-6
2026-09-10 06:22:43,250 INFO o.a.j.t.JMeterThread: Stopping because end time detected by thread: TCC order-show 1-21
2026-09-10 06:22:43,250 INFO o.a.j.t.JMeterThread: Thread finished: TCC order-show 1-21
2026-09-10 06:22:43,257 INFO o.a.j.t.JMeterThread: Stopping because end time detected by thread: TCC order-show 1-15
2026-09-10 06:22:43,257 INFO o.a.j.t.JMeterThread: Thread finished: TCC order-show 1-15
2026-09-10 06:22:43,264 INFO o.a.j.t.JMeterThread: Stopping because end time detected by thread: TCC order-show 1-3
2026-09-10 06:22:43,264 INFO o.a.j.t.JMeterThread: Thread finished: TCC order-show 1-3
2026-09-10 06:22:43,270 INFO o.a.j.t.JMeterThread: Stopping because end time detected by thread: TCC order-show 1-16
2026-09-10 06:22:43,270 INFO o.a.j.t.JMeterThread: Thread finished: TCC order-show 1-16
2026-09-10 06:22:43,277 INFO o.a.j.t.JMeterThread: Stopping because end time detected by thread: TCC order-show 1-14
2026-09-10 06:22:43,277 INFO o.a.j.t.JMeterThread: Thread finished: TCC order-show 1-14
2026-09-10 06:22:43,284 INFO o.a.j.t.JMeterThread: Stopping because end time detected by thread: TCC order-show 1-24
2026-09-10 06:22:43,284 INFO o.a.j.t.JMeterThread: Thread finished: TCC order-show 1-24
2026-09-10 06:22:43,290 INFO o.a.j.t.JMeterThread: Stopping because end time detected by thread: TCC order-show 1-17
2026-09-10 06:22:43,290 INFO o.a.j.t.JMeterThread: Thread finished: TCC order-show 1-17
2026-09-10 06:22:43,297 INFO o.a.j.t.JMeterThread: Stopping because end time detected by thread: TCC order-show 1-23
2026-09-10 06:22:43,297 INFO o.a.j.t.JMeterThread: Thread finished: TCC order-show 1-23
2026-09-10 06:22:43,303 INFO o.a.j.t.JMeterThread: Stopping because end time detected by thread: TCC order-show 1-10
2026-09-10 06:22:43,303 INFO o.a.j.t.JMeterThread: Thread finished: TCC order-show 1-10
2026-09-10 06:22:43,310 INFO o.a.j.t.JMeterThread: Stopping because end time detected by thread: TCC order-show 1-5
2026-09-10 06:22:43,310 INFO o.a.j.t.JMeterThread: Thread finished: TCC order-show 1-5
2026-09-10 06:22:43,317 INFO o.a.j.t.JMeterThread: Stopping because end time detected by thread: TCC order-show 1-2
2026-09-10 06:22:43,317 INFO o.a.j.t.JMeterThread: Thread finished: TCC order-show 1-2
2026-09-10 06:22:43,323 INFO o.a.j.t.JMeterThread: Stopping because end time detected by thread: TCC order-show 1-18
2026-09-10 06:22:43,324 INFO o.a.j.t.JMeterThread: Thread finished: TCC order-show 1-18
2026-09-10 06:22:43,330 INFO o.a.j.t.JMeterThread: Stopping because end time detected by thread: TCC order-show 1-19
2026-09-10 06:22:43,330 INFO o.a.j.t.JMeterThread: Thread finished: TCC order-show 1-19
2026-09-10 06:22:43,337 INFO o.a.j.t.JMeterThread: Stopping because end time detected by thread: TCC order-show 1-8
2026-09-10 06:22:43,337 INFO o.a.j.t.JMeterThread: Thread finished: TCC order-show 1-8
2026-09-10 06:22:43,345 INFO o.a.j.t.JMeterThread: Stopping because end time detected by thread: TCC order-show 1-11
2026-09-10 06:22:43,345 INFO o.a.j.t.JMeterThread: Thread finished: TCC order-show 1-11
2026-09-10 06:22:43,352 INFO o.a.j.t.JMeterThread: Stopping because end time detected by thread: TCC order-show 1-1
2026-09-10 06:22:43,352 INFO o.a.j.t.JMeterThread: Thread finished: TCC order-show 1-1
2026-09-10 06:22:43,360 INFO o.a.j.t.JMeterThread: Stopping because end time detected by thread: TCC order-show 1-25
2026-09-10 06:22:43,360 INFO o.a.j.t.JMeterThread: Thread finished: TCC order-show 1-25
2026-09-10 06:22:43,367 INFO o.a.j.t.JMeterThread: Stopping because end time detected by thread: TCC order-show 1-12
2026-09-10 06:22:43,367 INFO o.a.j.t.JMeterThread: Thread finished: TCC order-show 1-12
2026-09-10 06:22:43,373 INFO o.a.j.t.JMeterThread: Stopping because end time detected by thread: TCC order-show 1-9
2026-09-10 06:22:43,373 INFO o.a.j.t.JMeterThread: Thread finished: TCC order-show 1-9
2026-09-10 06:22:43,380 INFO o.a.j.t.JMeterThread: Stopping because end time detected by thread: TCC order-show 1-4
2026-09-10 06:22:43,381 INFO o.a.j.t.JMeterThread: Thread finished: TCC order-show 1-4
2026-09-10 06:22:43,387 INFO o.a.j.t.JMeterThread: Stopping because end time detected by thread: TCC order-show 1-7
2026-09-10 06:22:43,388 INFO o.a.j.t.JMeterThread: Thread finished: TCC order-show 1-7
2026-09-10 06:22:43,394 INFO o.a.j.t.JMeterThread: Stopping because end time detected by thread: TCC order-show 1-22
2026-09-10 06:22:43,394 INFO o.a.j.t.JMeterThread: Thread finished: TCC order-show 1-22
2026-09-10 06:22:43,395 INFO o.a.j.e.StandardJMeterEngine: Notifying test listeners of end of test
2026-09-10 06:22:43,398 INFO o.a.j.r.Summariser: summary +   1916 in 00:00:13 =  143.0/s Avg:   174 Min:   166 Max:   190 Err:     0 (0.00%) Active: 0 Started: 25 Finished: 25
2026-09-10 06:22:43,398 INFO o.a.j.r.Summariser: summary =  16950 in 00:02:00 =  141.0/s Avg:   175 Min:    19 Max:   381 Err:     0 (0.00%)
