2026-09-10 06:45:35,499 INFO o.a.j.u.JMeterUtils: Setting Locale to en_EN
2026-09-10 06:45:35,515 INFO o.a.j.JMeter: Loading user properties from: /home/avituo/projects/tcc/tcc-container/.tools/apache-jmeter-5.6.3/bin/user.properties
2026-09-10 06:45:35,516 INFO o.a.j.JMeter: Loading system properties from: /home/avituo/projects/tcc/tcc-container/.tools/apache-jmeter-5.6.3/bin/system.properties
2026-09-10 06:45:35,516 INFO o.a.j.JMeter: Loading additional properties from: /home/avituo/projects/tcc/tcc-container/benchmark/jmeter/benchmark.properties
2026-09-10 06:45:35,516 INFO o.a.j.JMeter: Loading additional properties from: /tmp/tcc-benchmark-auth.pEaxAD/auth.properties
2026-09-10 06:45:35,516 INFO o.a.j.JMeter: Loading additional properties from: /home/avituo/projects/tcc/tcc-container/benchmark/results/laravel-13.20.0/final/order-show/c25/r5/monolith/thread-counters.properties
2026-09-10 06:45:35,516 INFO o.a.j.JMeter: Setting JMeter property: threads=25
2026-09-10 06:45:35,516 INFO o.a.j.JMeter: Setting JMeter property: duration_seconds=120
2026-09-10 06:45:35,516 INFO o.a.j.JMeter: Setting JMeter property: target_host=localhost
2026-09-10 06:45:35,516 INFO o.a.j.JMeter: Setting JMeter property: target_port=18000
2026-09-10 06:45:35,516 INFO o.a.j.JMeter: Setting JMeter property: tcc.order.id=1
2026-09-10 06:45:35,516 INFO o.a.j.JMeter: Setting JMeter property: repetition=5
2026-09-10 06:45:35,522 INFO o.a.j.JMeter: Copyright (c) 1998-2024 The Apache Software Foundation
2026-09-10 06:45:35,523 INFO o.a.j.JMeter: Version 5.6.3
2026-09-10 06:45:35,523 INFO o.a.j.JMeter: java.version=21.0.11
2026-09-10 06:45:35,523 INFO o.a.j.JMeter: java.vm.name=OpenJDK 64-Bit Server VM
2026-09-10 06:45:35,523 INFO o.a.j.JMeter: os.name=Linux
2026-09-10 06:45:35,523 INFO o.a.j.JMeter: os.arch=amd64
2026-09-10 06:45:35,523 INFO o.a.j.JMeter: os.version=7.0.11-76070011-generic
2026-09-10 06:45:35,523 INFO o.a.j.JMeter: file.encoding=UTF-8
2026-09-10 06:45:35,523 INFO o.a.j.JMeter: java.awt.headless=true
2026-09-10 06:45:35,523 INFO o.a.j.JMeter: Max memory     =1073741824
2026-09-10 06:45:35,523 INFO o.a.j.JMeter: Available Processors =16
2026-09-10 06:45:35,532 INFO o.a.j.JMeter: Default Locale=English (EN)
2026-09-10 06:45:35,532 INFO o.a.j.JMeter: JMeter  Locale=English (EN)
2026-09-10 06:45:35,532 INFO o.a.j.JMeter: JMeterHome=/home/avituo/projects/tcc/tcc-container/.tools/apache-jmeter-5.6.3
2026-09-10 06:45:35,532 INFO o.a.j.JMeter: user.dir  =/home/avituo/projects/tcc/tcc-container
2026-09-10 06:45:35,532 INFO o.a.j.JMeter: PWD       =/home/avituo/projects/tcc/tcc-container
2026-09-10 06:45:35,540 INFO o.a.j.JMeter: IP: 192.168.1.16 Name: pop-os FullName: pop-os.home
2026-09-10 06:45:35,552 INFO o.a.j.s.FileServer: Default base='/home/avituo/projects/tcc/tcc-container'
2026-09-10 06:45:35,554 INFO o.a.j.s.FileServer: Set new base='/home/avituo/projects/tcc/tcc-container/benchmark/jmeter'
2026-09-10 06:45:35,733 INFO o.a.j.s.SaveService: Testplan (JMX) version: 2.2. Testlog (JTL) version: 2.2
2026-09-10 06:45:35,761 INFO o.a.j.s.SaveService: Using SaveService properties version 5.0
2026-09-10 06:45:35,764 INFO o.a.j.s.SaveService: Using SaveService properties file encoding UTF-8
2026-09-10 06:45:35,769 INFO o.a.j.s.SaveService: Loading file: /home/avituo/projects/tcc/tcc-container/benchmark/jmeter/tcc-order-show-v1.jmx
2026-09-10 06:45:35,820 INFO o.a.j.p.h.s.HTTPSamplerBase: Parser for text/html is org.apache.jmeter.protocol.http.parser.LagartoBasedHtmlParser
2026-09-10 06:45:35,820 INFO o.a.j.p.h.s.HTTPSamplerBase: Parser for application/xhtml+xml is org.apache.jmeter.protocol.http.parser.LagartoBasedHtmlParser
2026-09-10 06:45:35,820 INFO o.a.j.p.h.s.HTTPSamplerBase: Parser for application/xml is org.apache.jmeter.protocol.http.parser.LagartoBasedHtmlParser
2026-09-10 06:45:35,820 INFO o.a.j.p.h.s.HTTPSamplerBase: Parser for text/xml is org.apache.jmeter.protocol.http.parser.LagartoBasedHtmlParser
2026-09-10 06:45:35,820 INFO o.a.j.p.h.s.HTTPSamplerBase: Parser for text/vnd.wap.wml is org.apache.jmeter.protocol.http.parser.RegexpHTMLParser
2026-09-10 06:45:35,821 INFO o.a.j.p.h.s.HTTPSamplerBase: Parser for text/css is org.apache.jmeter.protocol.http.parser.CssParser
2026-09-10 06:45:35,851 INFO o.a.j.JMeter: Creating summariser <summary>
2026-09-10 06:45:35,870 INFO o.a.j.e.StandardJMeterEngine: Running the test!
2026-09-10 06:45:35,871 INFO o.a.j.s.SampleEvent: List of sample_variables: []
2026-09-10 06:45:35,871 INFO o.a.j.s.SampleEvent: List of sample_variables: []
2026-09-10 06:45:35,875 INFO o.a.j.e.u.CompoundVariable: Note: Function class names must contain the string: '.functions.'
2026-09-10 06:45:35,875 INFO o.a.j.e.u.CompoundVariable: Note: Function class names must not contain the string: '.gui.'
2026-09-10 06:45:36,110 INFO o.a.j.JMeter: Running test (1789033536110)
2026-09-10 06:45:36,130 INFO o.a.j.e.StandardJMeterEngine: Starting ThreadGroup: 1 : TCC order-show
2026-09-10 06:45:36,130 INFO o.a.j.e.StandardJMeterEngine: Starting 25 threads for group TCC order-show.
2026-09-10 06:45:36,130 INFO o.a.j.e.StandardJMeterEngine: Thread will continue on error
2026-09-10 06:45:36,130 INFO o.a.j.t.ThreadGroup: Starting thread group... number=1 threads=25 ramp-up=0 delayedStart=false
2026-09-10 06:45:36,137 INFO o.a.j.t.JMeterThread: Thread started: TCC order-show 1-3
2026-09-10 06:45:36,137 INFO o.a.j.t.JMeterThread: Thread started: TCC order-show 1-2
2026-09-10 06:45:36,137 INFO o.a.j.t.JMeterThread: Thread started: TCC order-show 1-4
2026-09-10 06:45:36,137 INFO o.a.j.t.JMeterThread: Thread started: TCC order-show 1-1
2026-09-10 06:45:36,137 INFO o.a.j.t.JMeterThread: Thread started: TCC order-show 1-5
2026-09-10 06:45:36,137 INFO o.a.j.t.JMeterThread: Thread started: TCC order-show 1-6
2026-09-10 06:45:36,138 INFO o.a.j.t.JMeterThread: Thread started: TCC order-show 1-7
2026-09-10 06:45:36,139 INFO o.a.j.t.JMeterThread: Thread started: TCC order-show 1-8
2026-09-10 06:45:36,139 INFO o.a.j.t.JMeterThread: Thread started: TCC order-show 1-9
2026-09-10 06:45:36,140 INFO o.a.j.t.JMeterThread: Thread started: TCC order-show 1-10
2026-09-10 06:45:36,141 INFO o.a.j.t.JMeterThread: Thread started: TCC order-show 1-11
2026-09-10 06:45:36,142 INFO o.a.j.t.JMeterThread: Thread started: TCC order-show 1-12
2026-09-10 06:45:36,142 INFO o.a.j.t.JMeterThread: Thread started: TCC order-show 1-13
2026-09-10 06:45:36,143 INFO o.a.j.t.JMeterThread: Thread started: TCC order-show 1-14
2026-09-10 06:45:36,143 INFO o.a.j.t.JMeterThread: Thread started: TCC order-show 1-15
2026-09-10 06:45:36,145 INFO o.a.j.t.JMeterThread: Thread started: TCC order-show 1-16
2026-09-10 06:45:36,146 INFO o.a.j.t.JMeterThread: Thread started: TCC order-show 1-17
2026-09-10 06:45:36,147 INFO o.a.j.t.JMeterThread: Thread started: TCC order-show 1-18
2026-09-10 06:45:36,147 INFO o.a.j.t.JMeterThread: Thread started: TCC order-show 1-19
2026-09-10 06:45:36,148 INFO o.a.j.t.JMeterThread: Thread started: TCC order-show 1-20
2026-09-10 06:45:36,149 INFO o.a.j.t.JMeterThread: Thread started: TCC order-show 1-22
2026-09-10 06:45:36,149 INFO o.a.j.t.JMeterThread: Thread started: TCC order-show 1-21
2026-09-10 06:45:36,150 INFO o.a.j.t.JMeterThread: Thread started: TCC order-show 1-23
2026-09-10 06:45:36,150 INFO o.a.j.t.JMeterThread: Thread started: TCC order-show 1-24
2026-09-10 06:45:36,151 INFO o.a.j.t.ThreadGroup: Started thread group number 1
2026-09-10 06:45:36,151 INFO o.a.j.e.StandardJMeterEngine: All thread groups have been started
2026-09-10 06:45:36,151 INFO o.a.j.t.JMeterThread: Thread started: TCC order-show 1-25
2026-09-10 06:45:36,158 INFO o.a.j.p.h.s.HTTPHCAbstractImpl: Local host = pop-os
2026-09-10 06:45:36,163 INFO o.a.j.p.h.s.HTTPHC4Impl: HTTP request retry count = 0
2026-09-10 06:45:36,164 INFO o.a.j.s.SampleResult: Note: Sample TimeStamps are START times
2026-09-10 06:45:36,164 INFO o.a.j.s.SampleResult: sampleresult.default.encoding is set to UTF-8
2026-09-10 06:45:36,164 INFO o.a.j.s.SampleResult: sampleresult.useNanoTime=true
2026-09-10 06:45:36,164 INFO o.a.j.s.SampleResult: sampleresult.nanoThreadSleep=5000
2026-09-10 06:46:00,002 INFO o.a.j.r.Summariser: summary +   2110 in 00:00:24 =   88.3/s Avg:   271 Min:    26 Max:   452 Err:     0 (0.00%) Active: 25 Started: 25 Finished: 0
2026-09-10 06:46:30,000 INFO o.a.j.r.Summariser: summary +   2772 in 00:00:30 =   92.4/s Avg:   270 Min:   250 Max:   299 Err:     0 (0.00%) Active: 25 Started: 25 Finished: 0
2026-09-10 06:46:30,000 INFO o.a.j.r.Summariser: summary =   4882 in 00:00:54 =   90.6/s Avg:   270 Min:    26 Max:   452 Err:     0 (0.00%)
2026-09-10 06:47:00,018 INFO o.a.j.r.Summariser: summary +   2736 in 00:00:30 =   91.1/s Avg:   273 Min:   251 Max:   323 Err:     0 (0.00%) Active: 25 Started: 25 Finished: 0
2026-09-10 06:47:00,019 INFO o.a.j.r.Summariser: summary =   7618 in 00:01:24 =   90.8/s Avg:   271 Min:    26 Max:   452 Err:     0 (0.00%)
2026-09-10 06:47:30,009 INFO o.a.j.r.Summariser: summary +   2777 in 00:00:30 =   92.6/s Avg:   269 Min:   252 Max:   342 Err:     0 (0.00%) Active: 25 Started: 25 Finished: 0
2026-09-10 06:47:30,009 INFO o.a.j.r.Summariser: summary =  10395 in 00:01:54 =   91.3/s Avg:   271 Min:    26 Max:   452 Err:     0 (0.00%)
2026-09-10 06:47:36,139 INFO o.a.j.t.JMeterThread: Stopping because end time detected by thread: TCC order-show 1-4
2026-09-10 06:47:36,139 INFO o.a.j.t.JMeterThread: Thread finished: TCC order-show 1-4
2026-09-10 06:47:36,151 INFO o.a.j.t.JMeterThread: Stopping because end time detected by thread: TCC order-show 1-14
2026-09-10 06:47:36,151 INFO o.a.j.t.JMeterThread: Thread finished: TCC order-show 1-14
2026-09-10 06:47:36,161 INFO o.a.j.t.JMeterThread: Stopping because end time detected by thread: TCC order-show 1-15
2026-09-10 06:47:36,162 INFO o.a.j.t.JMeterThread: Thread finished: TCC order-show 1-15
2026-09-10 06:47:36,172 INFO o.a.j.t.JMeterThread: Stopping because end time detected by thread: TCC order-show 1-23
2026-09-10 06:47:36,172 INFO o.a.j.t.JMeterThread: Thread finished: TCC order-show 1-23
2026-09-10 06:47:36,183 INFO o.a.j.t.JMeterThread: Stopping because end time detected by thread: TCC order-show 1-16
2026-09-10 06:47:36,183 INFO o.a.j.t.JMeterThread: Thread finished: TCC order-show 1-16
2026-09-10 06:47:36,193 INFO o.a.j.t.JMeterThread: Stopping because end time detected by thread: TCC order-show 1-25
2026-09-10 06:47:36,194 INFO o.a.j.t.JMeterThread: Thread finished: TCC order-show 1-25
2026-09-10 06:47:36,204 INFO o.a.j.t.JMeterThread: Stopping because end time detected by thread: TCC order-show 1-1
2026-09-10 06:47:36,204 INFO o.a.j.t.JMeterThread: Thread finished: TCC order-show 1-1
2026-09-10 06:47:36,215 INFO o.a.j.t.JMeterThread: Stopping because end time detected by thread: TCC order-show 1-21
2026-09-10 06:47:36,215 INFO o.a.j.t.JMeterThread: Thread finished: TCC order-show 1-21
2026-09-10 06:47:36,226 INFO o.a.j.t.JMeterThread: Stopping because end time detected by thread: TCC order-show 1-10
2026-09-10 06:47:36,226 INFO o.a.j.t.JMeterThread: Thread finished: TCC order-show 1-10
2026-09-10 06:47:36,236 INFO o.a.j.t.JMeterThread: Stopping because end time detected by thread: TCC order-show 1-11
2026-09-10 06:47:36,237 INFO o.a.j.t.JMeterThread: Thread finished: TCC order-show 1-11
2026-09-10 06:47:36,247 INFO o.a.j.t.JMeterThread: Stopping because end time detected by thread: TCC order-show 1-19
2026-09-10 06:47:36,247 INFO o.a.j.t.JMeterThread: Thread finished: TCC order-show 1-19
2026-09-10 06:47:36,257 INFO o.a.j.t.JMeterThread: Stopping because end time detected by thread: TCC order-show 1-20
2026-09-10 06:47:36,258 INFO o.a.j.t.JMeterThread: Thread finished: TCC order-show 1-20
2026-09-10 06:47:36,269 INFO o.a.j.t.JMeterThread: Stopping because end time detected by thread: TCC order-show 1-24
2026-09-10 06:47:36,269 INFO o.a.j.t.JMeterThread: Thread finished: TCC order-show 1-24
2026-09-10 06:47:36,279 INFO o.a.j.t.JMeterThread: Stopping because end time detected by thread: TCC order-show 1-17
2026-09-10 06:47:36,279 INFO o.a.j.t.JMeterThread: Thread finished: TCC order-show 1-17
2026-09-10 06:47:36,290 INFO o.a.j.t.JMeterThread: Stopping because end time detected by thread: TCC order-show 1-2
2026-09-10 06:47:36,290 INFO o.a.j.t.JMeterThread: Thread finished: TCC order-show 1-2
2026-09-10 06:47:36,300 INFO o.a.j.t.JMeterThread: Stopping because end time detected by thread: TCC order-show 1-18
2026-09-10 06:47:36,301 INFO o.a.j.t.JMeterThread: Thread finished: TCC order-show 1-18
2026-09-10 06:47:36,312 INFO o.a.j.t.JMeterThread: Stopping because end time detected by thread: TCC order-show 1-7
2026-09-10 06:47:36,312 INFO o.a.j.t.JMeterThread: Thread finished: TCC order-show 1-7
2026-09-10 06:47:36,324 INFO o.a.j.t.JMeterThread: Stopping because end time detected by thread: TCC order-show 1-3
2026-09-10 06:47:36,324 INFO o.a.j.t.JMeterThread: Thread finished: TCC order-show 1-3
2026-09-10 06:47:36,335 INFO o.a.j.t.JMeterThread: Stopping because end time detected by thread: TCC order-show 1-22
2026-09-10 06:47:36,335 INFO o.a.j.t.JMeterThread: Thread finished: TCC order-show 1-22
2026-09-10 06:47:36,346 INFO o.a.j.t.JMeterThread: Stopping because end time detected by thread: TCC order-show 1-13
2026-09-10 06:47:36,346 INFO o.a.j.t.JMeterThread: Thread finished: TCC order-show 1-13
2026-09-10 06:47:36,357 INFO o.a.j.t.JMeterThread: Stopping because end time detected by thread: TCC order-show 1-9
2026-09-10 06:47:36,357 INFO o.a.j.t.JMeterThread: Thread finished: TCC order-show 1-9
2026-09-10 06:47:36,368 INFO o.a.j.t.JMeterThread: Stopping because end time detected by thread: TCC order-show 1-6
2026-09-10 06:47:36,368 INFO o.a.j.t.JMeterThread: Thread finished: TCC order-show 1-6
2026-09-10 06:47:36,378 INFO o.a.j.t.JMeterThread: Stopping because end time detected by thread: TCC order-show 1-12
2026-09-10 06:47:36,379 INFO o.a.j.t.JMeterThread: Thread finished: TCC order-show 1-12
2026-09-10 06:47:36,389 INFO o.a.j.t.JMeterThread: Stopping because end time detected by thread: TCC order-show 1-5
2026-09-10 06:47:36,389 INFO o.a.j.t.JMeterThread: Thread finished: TCC order-show 1-5
2026-09-10 06:47:36,400 INFO o.a.j.t.JMeterThread: Stopping because end time detected by thread: TCC order-show 1-8
2026-09-10 06:47:36,400 INFO o.a.j.t.JMeterThread: Thread finished: TCC order-show 1-8
2026-09-10 06:47:36,401 INFO o.a.j.e.StandardJMeterEngine: Notifying test listeners of end of test
2026-09-10 06:47:36,404 INFO o.a.j.r.Summariser: summary +    584 in 00:00:06 =   91.3/s Avg:   273 Min:   256 Max:   291 Err:     0 (0.00%) Active: 0 Started: 25 Finished: 25
2026-09-10 06:47:36,404 INFO o.a.j.r.Summariser: summary =  10979 in 00:02:00 =   91.3/s Avg:   271 Min:    26 Max:   452 Err:     0 (0.00%)
