2026-09-10 06:45:00,268 INFO o.a.j.u.JMeterUtils: Setting Locale to en_EN
2026-09-10 06:45:00,284 INFO o.a.j.JMeter: Loading user properties from: /home/avituo/projects/tcc/tcc-container/.tools/apache-jmeter-5.6.3/bin/user.properties
2026-09-10 06:45:00,285 INFO o.a.j.JMeter: Loading system properties from: /home/avituo/projects/tcc/tcc-container/.tools/apache-jmeter-5.6.3/bin/system.properties
2026-09-10 06:45:00,285 INFO o.a.j.JMeter: Loading additional properties from: /home/avituo/projects/tcc/tcc-container/benchmark/jmeter/benchmark.properties
2026-09-10 06:45:00,285 INFO o.a.j.JMeter: Loading additional properties from: /tmp/tcc-benchmark-auth.pEaxAD/auth.properties
2026-09-10 06:45:00,285 INFO o.a.j.JMeter: Setting JMeter property: threads=25
2026-09-10 06:45:00,285 INFO o.a.j.JMeter: Setting JMeter property: duration_seconds=30
2026-09-10 06:45:00,285 INFO o.a.j.JMeter: Setting JMeter property: target_host=localhost
2026-09-10 06:45:00,285 INFO o.a.j.JMeter: Setting JMeter property: target_port=18000
2026-09-10 06:45:00,285 INFO o.a.j.JMeter: Setting JMeter property: tcc.order.id=1
2026-09-10 06:45:00,285 INFO o.a.j.JMeter: Setting JMeter property: repetition=5
2026-09-10 06:45:00,291 INFO o.a.j.JMeter: Copyright (c) 1998-2024 The Apache Software Foundation
2026-09-10 06:45:00,291 INFO o.a.j.JMeter: Version 5.6.3
2026-09-10 06:45:00,291 INFO o.a.j.JMeter: java.version=21.0.11
2026-09-10 06:45:00,291 INFO o.a.j.JMeter: java.vm.name=OpenJDK 64-Bit Server VM
2026-09-10 06:45:00,291 INFO o.a.j.JMeter: os.name=Linux
2026-09-10 06:45:00,291 INFO o.a.j.JMeter: os.arch=amd64
2026-09-10 06:45:00,291 INFO o.a.j.JMeter: os.version=7.0.11-76070011-generic
2026-09-10 06:45:00,291 INFO o.a.j.JMeter: file.encoding=UTF-8
2026-09-10 06:45:00,292 INFO o.a.j.JMeter: java.awt.headless=true
2026-09-10 06:45:00,292 INFO o.a.j.JMeter: Max memory     =1073741824
2026-09-10 06:45:00,292 INFO o.a.j.JMeter: Available Processors =16
2026-09-10 06:45:00,300 INFO o.a.j.JMeter: Default Locale=English (EN)
2026-09-10 06:45:00,300 INFO o.a.j.JMeter: JMeter  Locale=English (EN)
2026-09-10 06:45:00,300 INFO o.a.j.JMeter: JMeterHome=/home/avituo/projects/tcc/tcc-container/.tools/apache-jmeter-5.6.3
2026-09-10 06:45:00,301 INFO o.a.j.JMeter: user.dir  =/home/avituo/projects/tcc/tcc-container
2026-09-10 06:45:00,301 INFO o.a.j.JMeter: PWD       =/home/avituo/projects/tcc/tcc-container
2026-09-10 06:45:00,312 INFO o.a.j.JMeter: IP: 192.168.1.16 Name: pop-os FullName: pop-os.home
2026-09-10 06:45:00,325 INFO o.a.j.s.FileServer: Default base='/home/avituo/projects/tcc/tcc-container'
2026-09-10 06:45:00,327 INFO o.a.j.s.FileServer: Set new base='/home/avituo/projects/tcc/tcc-container/benchmark/jmeter'
2026-09-10 06:45:00,496 INFO o.a.j.s.SaveService: Testplan (JMX) version: 2.2. Testlog (JTL) version: 2.2
2026-09-10 06:45:00,521 INFO o.a.j.s.SaveService: Using SaveService properties version 5.0
2026-09-10 06:45:00,524 INFO o.a.j.s.SaveService: Using SaveService properties file encoding UTF-8
2026-09-10 06:45:00,528 INFO o.a.j.s.SaveService: Loading file: /home/avituo/projects/tcc/tcc-container/benchmark/jmeter/tcc-order-show-v1.jmx
2026-09-10 06:45:00,578 INFO o.a.j.p.h.s.HTTPSamplerBase: Parser for text/html is org.apache.jmeter.protocol.http.parser.LagartoBasedHtmlParser
2026-09-10 06:45:00,579 INFO o.a.j.p.h.s.HTTPSamplerBase: Parser for application/xhtml+xml is org.apache.jmeter.protocol.http.parser.LagartoBasedHtmlParser
2026-09-10 06:45:00,579 INFO o.a.j.p.h.s.HTTPSamplerBase: Parser for application/xml is org.apache.jmeter.protocol.http.parser.LagartoBasedHtmlParser
2026-09-10 06:45:00,579 INFO o.a.j.p.h.s.HTTPSamplerBase: Parser for text/xml is org.apache.jmeter.protocol.http.parser.LagartoBasedHtmlParser
2026-09-10 06:45:00,579 INFO o.a.j.p.h.s.HTTPSamplerBase: Parser for text/vnd.wap.wml is org.apache.jmeter.protocol.http.parser.RegexpHTMLParser
2026-09-10 06:45:00,579 INFO o.a.j.p.h.s.HTTPSamplerBase: Parser for text/css is org.apache.jmeter.protocol.http.parser.CssParser
2026-09-10 06:45:00,610 INFO o.a.j.JMeter: Creating summariser <summary>
2026-09-10 06:45:00,631 INFO o.a.j.e.StandardJMeterEngine: Running the test!
2026-09-10 06:45:00,631 INFO o.a.j.s.SampleEvent: List of sample_variables: []
2026-09-10 06:45:00,631 INFO o.a.j.s.SampleEvent: List of sample_variables: []
2026-09-10 06:45:00,635 INFO o.a.j.e.u.CompoundVariable: Note: Function class names must contain the string: '.functions.'
2026-09-10 06:45:00,635 INFO o.a.j.e.u.CompoundVariable: Note: Function class names must not contain the string: '.gui.'
2026-09-10 06:45:00,901 INFO o.a.j.JMeter: Running test (1789033500901)
2026-09-10 06:45:00,922 INFO o.a.j.e.StandardJMeterEngine: Starting ThreadGroup: 1 : TCC order-show
2026-09-10 06:45:00,922 INFO o.a.j.e.StandardJMeterEngine: Starting 25 threads for group TCC order-show.
2026-09-10 06:45:00,922 INFO o.a.j.e.StandardJMeterEngine: Thread will continue on error
2026-09-10 06:45:00,922 INFO o.a.j.t.ThreadGroup: Starting thread group... number=1 threads=25 ramp-up=0 delayedStart=false
2026-09-10 06:45:00,928 INFO o.a.j.t.JMeterThread: Thread started: TCC order-show 1-3
2026-09-10 06:45:00,929 INFO o.a.j.t.JMeterThread: Thread started: TCC order-show 1-4
2026-09-10 06:45:00,929 INFO o.a.j.t.JMeterThread: Thread started: TCC order-show 1-2
2026-09-10 06:45:00,928 INFO o.a.j.t.JMeterThread: Thread started: TCC order-show 1-5
2026-09-10 06:45:00,929 INFO o.a.j.t.JMeterThread: Thread started: TCC order-show 1-1
2026-09-10 06:45:00,929 INFO o.a.j.t.JMeterThread: Thread started: TCC order-show 1-6
2026-09-10 06:45:00,930 INFO o.a.j.t.JMeterThread: Thread started: TCC order-show 1-7
2026-09-10 06:45:00,931 INFO o.a.j.t.JMeterThread: Thread started: TCC order-show 1-8
2026-09-10 06:45:00,931 INFO o.a.j.t.JMeterThread: Thread started: TCC order-show 1-9
2026-09-10 06:45:00,932 INFO o.a.j.t.JMeterThread: Thread started: TCC order-show 1-10
2026-09-10 06:45:00,933 INFO o.a.j.t.JMeterThread: Thread started: TCC order-show 1-11
2026-09-10 06:45:00,933 INFO o.a.j.t.JMeterThread: Thread started: TCC order-show 1-12
2026-09-10 06:45:00,934 INFO o.a.j.t.JMeterThread: Thread started: TCC order-show 1-13
2026-09-10 06:45:00,935 INFO o.a.j.t.JMeterThread: Thread started: TCC order-show 1-14
2026-09-10 06:45:00,936 INFO o.a.j.t.JMeterThread: Thread started: TCC order-show 1-15
2026-09-10 06:45:00,938 INFO o.a.j.t.JMeterThread: Thread started: TCC order-show 1-16
2026-09-10 06:45:00,938 INFO o.a.j.t.JMeterThread: Thread started: TCC order-show 1-17
2026-09-10 06:45:00,939 INFO o.a.j.t.JMeterThread: Thread started: TCC order-show 1-18
2026-09-10 06:45:00,940 INFO o.a.j.t.JMeterThread: Thread started: TCC order-show 1-19
2026-09-10 06:45:00,941 INFO o.a.j.t.JMeterThread: Thread started: TCC order-show 1-20
2026-09-10 06:45:00,941 INFO o.a.j.t.JMeterThread: Thread started: TCC order-show 1-21
2026-09-10 06:45:00,942 INFO o.a.j.t.JMeterThread: Thread started: TCC order-show 1-22
2026-09-10 06:45:00,943 INFO o.a.j.t.JMeterThread: Thread started: TCC order-show 1-23
2026-09-10 06:45:00,944 INFO o.a.j.t.JMeterThread: Thread started: TCC order-show 1-24
2026-09-10 06:45:00,944 INFO o.a.j.t.ThreadGroup: Started thread group number 1
2026-09-10 06:45:00,944 INFO o.a.j.e.StandardJMeterEngine: All thread groups have been started
2026-09-10 06:45:00,944 INFO o.a.j.t.JMeterThread: Thread started: TCC order-show 1-25
2026-09-10 06:45:00,950 INFO o.a.j.p.h.s.HTTPHCAbstractImpl: Local host = pop-os
2026-09-10 06:45:00,956 INFO o.a.j.p.h.s.HTTPHC4Impl: HTTP request retry count = 0
2026-09-10 06:45:00,957 INFO o.a.j.s.SampleResult: Note: Sample TimeStamps are START times
2026-09-10 06:45:00,957 INFO o.a.j.s.SampleResult: sampleresult.default.encoding is set to UTF-8
2026-09-10 06:45:00,957 INFO o.a.j.s.SampleResult: sampleresult.useNanoTime=true
2026-09-10 06:45:00,957 INFO o.a.j.s.SampleResult: sampleresult.nanoThreadSleep=5000
2026-09-10 06:45:02,040 INFO o.a.j.r.Summariser: summary +      1 in 00:00:01 =    0.9/s Avg:   519 Min:   519 Max:   519 Err:     0 (0.00%) Active: 25 Started: 25 Finished: 0
2026-09-10 06:45:30,001 INFO o.a.j.r.Summariser: summary +   2575 in 00:00:28 =   92.1/s Avg:   272 Min:    30 Max:   503 Err:     0 (0.00%) Active: 25 Started: 25 Finished: 0
2026-09-10 06:45:30,002 INFO o.a.j.r.Summariser: summary =   2576 in 00:00:29 =   88.5/s Avg:   272 Min:    30 Max:   519 Err:     0 (0.00%)
2026-09-10 06:45:30,948 INFO o.a.j.t.JMeterThread: Stopping because end time detected by thread: TCC order-show 1-3
2026-09-10 06:45:30,948 INFO o.a.j.t.JMeterThread: Thread finished: TCC order-show 1-3
2026-09-10 06:45:30,958 INFO o.a.j.t.JMeterThread: Stopping because end time detected by thread: TCC order-show 1-18
2026-09-10 06:45:30,958 INFO o.a.j.t.JMeterThread: Thread finished: TCC order-show 1-18
2026-09-10 06:45:30,969 INFO o.a.j.t.JMeterThread: Stopping because end time detected by thread: TCC order-show 1-5
2026-09-10 06:45:30,969 INFO o.a.j.t.JMeterThread: Thread finished: TCC order-show 1-5
2026-09-10 06:45:30,979 INFO o.a.j.t.JMeterThread: Stopping because end time detected by thread: TCC order-show 1-11
2026-09-10 06:45:30,979 INFO o.a.j.t.JMeterThread: Thread finished: TCC order-show 1-11
2026-09-10 06:45:30,990 INFO o.a.j.t.JMeterThread: Stopping because end time detected by thread: TCC order-show 1-19
2026-09-10 06:45:30,991 INFO o.a.j.t.JMeterThread: Thread finished: TCC order-show 1-19
2026-09-10 06:45:31,001 INFO o.a.j.t.JMeterThread: Stopping because end time detected by thread: TCC order-show 1-23
2026-09-10 06:45:31,001 INFO o.a.j.t.JMeterThread: Thread finished: TCC order-show 1-23
2026-09-10 06:45:31,019 INFO o.a.j.t.JMeterThread: Stopping because end time detected by thread: TCC order-show 1-14
2026-09-10 06:45:31,019 INFO o.a.j.t.JMeterThread: Thread finished: TCC order-show 1-14
2026-09-10 06:45:31,030 INFO o.a.j.t.JMeterThread: Stopping because end time detected by thread: TCC order-show 1-10
2026-09-10 06:45:31,030 INFO o.a.j.t.JMeterThread: Thread finished: TCC order-show 1-10
2026-09-10 06:45:31,041 INFO o.a.j.t.JMeterThread: Stopping because end time detected by thread: TCC order-show 1-9
2026-09-10 06:45:31,041 INFO o.a.j.t.JMeterThread: Thread finished: TCC order-show 1-9
2026-09-10 06:45:31,053 INFO o.a.j.t.JMeterThread: Stopping because end time detected by thread: TCC order-show 1-12
2026-09-10 06:45:31,053 INFO o.a.j.t.JMeterThread: Thread finished: TCC order-show 1-12
2026-09-10 06:45:31,068 INFO o.a.j.t.JMeterThread: Stopping because end time detected by thread: TCC order-show 1-22
2026-09-10 06:45:31,069 INFO o.a.j.t.JMeterThread: Thread finished: TCC order-show 1-22
2026-09-10 06:45:31,082 INFO o.a.j.t.JMeterThread: Stopping because end time detected by thread: TCC order-show 1-4
2026-09-10 06:45:31,082 INFO o.a.j.t.JMeterThread: Thread finished: TCC order-show 1-4
2026-09-10 06:45:31,100 INFO o.a.j.t.JMeterThread: Stopping because end time detected by thread: TCC order-show 1-7
2026-09-10 06:45:31,100 INFO o.a.j.t.JMeterThread: Thread finished: TCC order-show 1-7
2026-09-10 06:45:31,112 INFO o.a.j.t.JMeterThread: Stopping because end time detected by thread: TCC order-show 1-2
2026-09-10 06:45:31,112 INFO o.a.j.t.JMeterThread: Thread finished: TCC order-show 1-2
2026-09-10 06:45:31,127 INFO o.a.j.t.JMeterThread: Stopping because end time detected by thread: TCC order-show 1-17
2026-09-10 06:45:31,127 INFO o.a.j.t.JMeterThread: Thread finished: TCC order-show 1-17
2026-09-10 06:45:31,139 INFO o.a.j.t.JMeterThread: Stopping because end time detected by thread: TCC order-show 1-8
2026-09-10 06:45:31,139 INFO o.a.j.t.JMeterThread: Thread finished: TCC order-show 1-8
2026-09-10 06:45:31,151 INFO o.a.j.t.JMeterThread: Stopping because end time detected by thread: TCC order-show 1-1
2026-09-10 06:45:31,152 INFO o.a.j.t.JMeterThread: Thread finished: TCC order-show 1-1
2026-09-10 06:45:31,163 INFO o.a.j.t.JMeterThread: Stopping because end time detected by thread: TCC order-show 1-16
2026-09-10 06:45:31,163 INFO o.a.j.t.JMeterThread: Thread finished: TCC order-show 1-16
2026-09-10 06:45:31,176 INFO o.a.j.t.JMeterThread: Stopping because end time detected by thread: TCC order-show 1-15
2026-09-10 06:45:31,176 INFO o.a.j.t.JMeterThread: Thread finished: TCC order-show 1-15
2026-09-10 06:45:31,188 INFO o.a.j.t.JMeterThread: Stopping because end time detected by thread: TCC order-show 1-13
2026-09-10 06:45:31,188 INFO o.a.j.t.JMeterThread: Thread finished: TCC order-show 1-13
2026-09-10 06:45:31,200 INFO o.a.j.t.JMeterThread: Stopping because end time detected by thread: TCC order-show 1-6
2026-09-10 06:45:31,201 INFO o.a.j.t.JMeterThread: Thread finished: TCC order-show 1-6
2026-09-10 06:45:31,213 INFO o.a.j.t.JMeterThread: Stopping because end time detected by thread: TCC order-show 1-24
2026-09-10 06:45:31,213 INFO o.a.j.t.JMeterThread: Thread finished: TCC order-show 1-24
2026-09-10 06:45:31,225 INFO o.a.j.t.JMeterThread: Stopping because end time detected by thread: TCC order-show 1-25
2026-09-10 06:45:31,225 INFO o.a.j.t.JMeterThread: Thread finished: TCC order-show 1-25
2026-09-10 06:45:31,242 INFO o.a.j.t.JMeterThread: Stopping because end time detected by thread: TCC order-show 1-21
2026-09-10 06:45:31,242 INFO o.a.j.t.JMeterThread: Thread finished: TCC order-show 1-21
2026-09-10 06:45:31,253 INFO o.a.j.t.JMeterThread: Stopping because end time detected by thread: TCC order-show 1-20
2026-09-10 06:45:31,253 INFO o.a.j.t.JMeterThread: Thread finished: TCC order-show 1-20
2026-09-10 06:45:31,254 INFO o.a.j.e.StandardJMeterEngine: Notifying test listeners of end of test
2026-09-10 06:45:31,257 INFO o.a.j.r.Summariser: summary +    111 in 00:00:01 =   88.4/s Avg:   274 Min:   261 Max:   316 Err:     0 (0.00%) Active: 0 Started: 25 Finished: 25
2026-09-10 06:45:31,257 INFO o.a.j.r.Summariser: summary =   2687 in 00:00:30 =   88.5/s Avg:   272 Min:    30 Max:   519 Err:     0 (0.00%)
