2026-09-10 01:08:07,259 INFO o.a.j.u.JMeterUtils: Setting Locale to en_EN
2026-09-10 01:08:07,276 INFO o.a.j.JMeter: Loading user properties from: /home/avituo/projects/tcc/tcc-container/.tools/apache-jmeter-5.6.3/bin/user.properties
2026-09-10 01:08:07,276 INFO o.a.j.JMeter: Loading system properties from: /home/avituo/projects/tcc/tcc-container/.tools/apache-jmeter-5.6.3/bin/system.properties
2026-09-10 01:08:07,276 INFO o.a.j.JMeter: Loading additional properties from: /home/avituo/projects/tcc/tcc-container/benchmark/jmeter/benchmark.properties
2026-09-10 01:08:07,277 INFO o.a.j.JMeter: Loading additional properties from: /tmp/tcc-benchmark-auth.rzsknQ/auth.properties
2026-09-10 01:08:07,277 INFO o.a.j.JMeter: Loading additional properties from: /home/avituo/projects/tcc/tcc-container/benchmark/results/laravel-13.20.0/final/products/c10/r3/monolith/thread-counters.properties
2026-09-10 01:08:07,277 INFO o.a.j.JMeter: Setting JMeter property: threads=10
2026-09-10 01:08:07,277 INFO o.a.j.JMeter: Setting JMeter property: duration_seconds=120
2026-09-10 01:08:07,277 INFO o.a.j.JMeter: Setting JMeter property: target_host=localhost
2026-09-10 01:08:07,277 INFO o.a.j.JMeter: Setting JMeter property: target_port=18000
2026-09-10 01:08:07,277 INFO o.a.j.JMeter: Setting JMeter property: tcc.order.id=1
2026-09-10 01:08:07,277 INFO o.a.j.JMeter: Setting JMeter property: repetition=3
2026-09-10 01:08:07,284 INFO o.a.j.JMeter: Copyright (c) 1998-2024 The Apache Software Foundation
2026-09-10 01:08:07,284 INFO o.a.j.JMeter: Version 5.6.3
2026-09-10 01:08:07,284 INFO o.a.j.JMeter: java.version=21.0.11
2026-09-10 01:08:07,284 INFO o.a.j.JMeter: java.vm.name=OpenJDK 64-Bit Server VM
2026-09-10 01:08:07,284 INFO o.a.j.JMeter: os.name=Linux
2026-09-10 01:08:07,284 INFO o.a.j.JMeter: os.arch=amd64
2026-09-10 01:08:07,284 INFO o.a.j.JMeter: os.version=7.0.11-76070011-generic
2026-09-10 01:08:07,284 INFO o.a.j.JMeter: file.encoding=UTF-8
2026-09-10 01:08:07,284 INFO o.a.j.JMeter: java.awt.headless=true
2026-09-10 01:08:07,284 INFO o.a.j.JMeter: Max memory     =1073741824
2026-09-10 01:08:07,285 INFO o.a.j.JMeter: Available Processors =16
2026-09-10 01:08:07,293 INFO o.a.j.JMeter: Default Locale=English (EN)
2026-09-10 01:08:07,293 INFO o.a.j.JMeter: JMeter  Locale=English (EN)
2026-09-10 01:08:07,294 INFO o.a.j.JMeter: JMeterHome=/home/avituo/projects/tcc/tcc-container/.tools/apache-jmeter-5.6.3
2026-09-10 01:08:07,294 INFO o.a.j.JMeter: user.dir  =/home/avituo/projects/tcc/tcc-container
2026-09-10 01:08:07,294 INFO o.a.j.JMeter: PWD       =/home/avituo/projects/tcc/tcc-container
2026-09-10 01:08:07,312 INFO o.a.j.JMeter: IP: 192.168.1.16 Name: pop-os FullName: pop-os.home
2026-09-10 01:08:07,324 INFO o.a.j.s.FileServer: Default base='/home/avituo/projects/tcc/tcc-container'
2026-09-10 01:08:07,326 INFO o.a.j.s.FileServer: Set new base='/home/avituo/projects/tcc/tcc-container/benchmark/jmeter'
2026-09-10 01:08:07,497 INFO o.a.j.s.SaveService: Testplan (JMX) version: 2.2. Testlog (JTL) version: 2.2
2026-09-10 01:08:07,521 INFO o.a.j.s.SaveService: Using SaveService properties version 5.0
2026-09-10 01:08:07,524 INFO o.a.j.s.SaveService: Using SaveService properties file encoding UTF-8
2026-09-10 01:08:07,527 INFO o.a.j.s.SaveService: Loading file: /home/avituo/projects/tcc/tcc-container/benchmark/jmeter/tcc-products-v1.jmx
2026-09-10 01:08:07,577 INFO o.a.j.p.h.s.HTTPSamplerBase: Parser for text/html is org.apache.jmeter.protocol.http.parser.LagartoBasedHtmlParser
2026-09-10 01:08:07,577 INFO o.a.j.p.h.s.HTTPSamplerBase: Parser for application/xhtml+xml is org.apache.jmeter.protocol.http.parser.LagartoBasedHtmlParser
2026-09-10 01:08:07,577 INFO o.a.j.p.h.s.HTTPSamplerBase: Parser for application/xml is org.apache.jmeter.protocol.http.parser.LagartoBasedHtmlParser
2026-09-10 01:08:07,577 INFO o.a.j.p.h.s.HTTPSamplerBase: Parser for text/xml is org.apache.jmeter.protocol.http.parser.LagartoBasedHtmlParser
2026-09-10 01:08:07,578 INFO o.a.j.p.h.s.HTTPSamplerBase: Parser for text/vnd.wap.wml is org.apache.jmeter.protocol.http.parser.RegexpHTMLParser
2026-09-10 01:08:07,578 INFO o.a.j.p.h.s.HTTPSamplerBase: Parser for text/css is org.apache.jmeter.protocol.http.parser.CssParser
2026-09-10 01:08:07,611 INFO o.a.j.JMeter: Creating summariser <summary>
2026-09-10 01:08:07,633 INFO o.a.j.e.StandardJMeterEngine: Running the test!
2026-09-10 01:08:07,634 INFO o.a.j.s.SampleEvent: List of sample_variables: []
2026-09-10 01:08:07,634 INFO o.a.j.s.SampleEvent: List of sample_variables: []
2026-09-10 01:08:07,638 INFO o.a.j.e.u.CompoundVariable: Note: Function class names must contain the string: '.functions.'
2026-09-10 01:08:07,638 INFO o.a.j.e.u.CompoundVariable: Note: Function class names must not contain the string: '.gui.'
2026-09-10 01:08:07,886 INFO o.a.j.JMeter: Running test (1789013287886)
2026-09-10 01:08:07,907 INFO o.a.j.e.StandardJMeterEngine: Starting ThreadGroup: 1 : TCC products
2026-09-10 01:08:07,907 INFO o.a.j.e.StandardJMeterEngine: Starting 10 threads for group TCC products.
2026-09-10 01:08:07,907 INFO o.a.j.e.StandardJMeterEngine: Thread will continue on error
2026-09-10 01:08:07,907 INFO o.a.j.t.ThreadGroup: Starting thread group... number=1 threads=10 ramp-up=0 delayedStart=false
2026-09-10 01:08:07,913 INFO o.a.j.t.JMeterThread: Thread started: TCC products 1-1
2026-09-10 01:08:07,913 INFO o.a.j.t.JMeterThread: Thread started: TCC products 1-3
2026-09-10 01:08:07,913 INFO o.a.j.t.JMeterThread: Thread started: TCC products 1-2
2026-09-10 01:08:07,913 INFO o.a.j.t.JMeterThread: Thread started: TCC products 1-4
2026-09-10 01:08:07,914 INFO o.a.j.t.JMeterThread: Thread started: TCC products 1-5
2026-09-10 01:08:07,915 INFO o.a.j.t.JMeterThread: Thread started: TCC products 1-6
2026-09-10 01:08:07,915 INFO o.a.j.t.JMeterThread: Thread started: TCC products 1-7
2026-09-10 01:08:07,916 INFO o.a.j.t.JMeterThread: Thread started: TCC products 1-8
2026-09-10 01:08:07,916 INFO o.a.j.t.JMeterThread: Thread started: TCC products 1-9
2026-09-10 01:08:07,917 INFO o.a.j.t.ThreadGroup: Started thread group number 1
2026-09-10 01:08:07,917 INFO o.a.j.e.StandardJMeterEngine: All thread groups have been started
2026-09-10 01:08:07,917 INFO o.a.j.t.JMeterThread: Thread started: TCC products 1-10
2026-09-10 01:08:07,930 INFO o.a.j.p.h.s.HTTPHCAbstractImpl: Local host = pop-os
2026-09-10 01:08:07,936 INFO o.a.j.p.h.s.HTTPHC4Impl: HTTP request retry count = 0
2026-09-10 01:08:07,937 INFO o.a.j.s.SampleResult: Note: Sample TimeStamps are START times
2026-09-10 01:08:07,937 INFO o.a.j.s.SampleResult: sampleresult.default.encoding is set to UTF-8
2026-09-10 01:08:07,937 INFO o.a.j.s.SampleResult: sampleresult.useNanoTime=true
2026-09-10 01:08:07,937 INFO o.a.j.s.SampleResult: sampleresult.nanoThreadSleep=5000
2026-09-10 01:08:30,003 INFO o.a.j.r.Summariser: summary +   1898 in 00:00:22 =   85.8/s Avg:   110 Min:    14 Max:   225 Err:     0 (0.00%) Active: 10 Started: 10 Finished: 0
2026-09-10 01:09:00,015 INFO o.a.j.r.Summariser: summary +   2701 in 00:00:30 =   90.0/s Avg:   110 Min:   101 Max:   149 Err:     0 (0.00%) Active: 10 Started: 10 Finished: 0
2026-09-10 01:09:00,015 INFO o.a.j.r.Summariser: summary =   4599 in 00:00:52 =   88.2/s Avg:   110 Min:    14 Max:   225 Err:     0 (0.00%)
2026-09-10 01:09:30,017 INFO o.a.j.r.Summariser: summary +   2737 in 00:00:30 =   91.2/s Avg:   109 Min:    98 Max:   131 Err:     0 (0.00%) Active: 10 Started: 10 Finished: 0
2026-09-10 01:09:30,018 INFO o.a.j.r.Summariser: summary =   7336 in 00:01:22 =   89.3/s Avg:   110 Min:    14 Max:   225 Err:     0 (0.00%)
2026-09-10 01:10:00,012 INFO o.a.j.r.Summariser: summary +   2740 in 00:00:30 =   91.3/s Avg:   109 Min:   100 Max:   131 Err:     0 (0.00%) Active: 10 Started: 10 Finished: 0
2026-09-10 01:10:00,012 INFO o.a.j.r.Summariser: summary =  10076 in 00:01:52 =   89.9/s Avg:   109 Min:    14 Max:   225 Err:     0 (0.00%)
2026-09-10 01:10:07,919 INFO o.a.j.t.JMeterThread: Stopping because end time detected by thread: TCC products 1-4
2026-09-10 01:10:07,920 INFO o.a.j.t.JMeterThread: Thread finished: TCC products 1-4
2026-09-10 01:10:07,930 INFO o.a.j.t.JMeterThread: Stopping because end time detected by thread: TCC products 1-6
2026-09-10 01:10:07,930 INFO o.a.j.t.JMeterThread: Thread finished: TCC products 1-6
2026-09-10 01:10:07,941 INFO o.a.j.t.JMeterThread: Stopping because end time detected by thread: TCC products 1-8
2026-09-10 01:10:07,941 INFO o.a.j.t.JMeterThread: Thread finished: TCC products 1-8
2026-09-10 01:10:07,951 INFO o.a.j.t.JMeterThread: Stopping because end time detected by thread: TCC products 1-10
2026-09-10 01:10:07,952 INFO o.a.j.t.JMeterThread: Thread finished: TCC products 1-10
2026-09-10 01:10:07,963 INFO o.a.j.t.JMeterThread: Stopping because end time detected by thread: TCC products 1-7
2026-09-10 01:10:07,963 INFO o.a.j.t.JMeterThread: Thread finished: TCC products 1-7
2026-09-10 01:10:07,973 INFO o.a.j.t.JMeterThread: Stopping because end time detected by thread: TCC products 1-1
2026-09-10 01:10:07,973 INFO o.a.j.t.JMeterThread: Thread finished: TCC products 1-1
2026-09-10 01:10:07,983 INFO o.a.j.t.JMeterThread: Stopping because end time detected by thread: TCC products 1-5
2026-09-10 01:10:07,983 INFO o.a.j.t.JMeterThread: Thread finished: TCC products 1-5
2026-09-10 01:10:07,994 INFO o.a.j.t.JMeterThread: Stopping because end time detected by thread: TCC products 1-2
2026-09-10 01:10:07,994 INFO o.a.j.t.JMeterThread: Thread finished: TCC products 1-2
2026-09-10 01:10:08,010 INFO o.a.j.t.JMeterThread: Stopping because end time detected by thread: TCC products 1-3
2026-09-10 01:10:08,010 INFO o.a.j.t.JMeterThread: Thread finished: TCC products 1-3
2026-09-10 01:10:08,021 INFO o.a.j.t.JMeterThread: Stopping because end time detected by thread: TCC products 1-9
2026-09-10 01:10:08,021 INFO o.a.j.t.JMeterThread: Thread finished: TCC products 1-9
2026-09-10 01:10:08,021 INFO o.a.j.e.StandardJMeterEngine: Notifying test listeners of end of test
2026-09-10 01:10:08,025 INFO o.a.j.r.Summariser: summary +    730 in 00:00:08 =   91.1/s Avg:   109 Min:   102 Max:   124 Err:     0 (0.00%) Active: 0 Started: 10 Finished: 10
2026-09-10 01:10:08,025 INFO o.a.j.r.Summariser: summary =  10806 in 00:02:00 =   89.9/s Avg:   109 Min:    14 Max:   225 Err:     0 (0.00%)
