2026-09-10 09:56:36,671 INFO o.a.j.u.JMeterUtils: Setting Locale to en_EN
2026-09-10 09:56:36,688 INFO o.a.j.JMeter: Loading user properties from: /home/avituo/projects/tcc/tcc-container/.tools/apache-jmeter-5.6.3/bin/user.properties
2026-09-10 09:56:36,688 INFO o.a.j.JMeter: Loading system properties from: /home/avituo/projects/tcc/tcc-container/.tools/apache-jmeter-5.6.3/bin/system.properties
2026-09-10 09:56:36,688 INFO o.a.j.JMeter: Loading additional properties from: /home/avituo/projects/tcc/tcc-container/benchmark/jmeter/benchmark.properties
2026-09-10 09:56:36,688 INFO o.a.j.JMeter: Loading additional properties from: /tmp/tcc-benchmark-auth.U0LcRB/auth.properties
2026-09-10 09:56:36,689 INFO o.a.j.JMeter: Loading additional properties from: /home/avituo/projects/tcc/tcc-container/benchmark/results/laravel-13.20.0/final/order-create/c100/r1/microservices/thread-counters.properties
2026-09-10 09:56:36,689 INFO o.a.j.JMeter: Setting JMeter property: threads=100
2026-09-10 09:56:36,689 INFO o.a.j.JMeter: Setting JMeter property: duration_seconds=120
2026-09-10 09:56:36,689 INFO o.a.j.JMeter: Setting JMeter property: target_host=localhost
2026-09-10 09:56:36,689 INFO o.a.j.JMeter: Setting JMeter property: target_port=18080
2026-09-10 09:56:36,689 INFO o.a.j.JMeter: Setting JMeter property: tcc.order.id=20000000-0000-4000-8000-000000000001
2026-09-10 09:56:36,689 INFO o.a.j.JMeter: Setting JMeter property: repetition=1
2026-09-10 09:56:36,698 INFO o.a.j.JMeter: Copyright (c) 1998-2024 The Apache Software Foundation
2026-09-10 09:56:36,698 INFO o.a.j.JMeter: Version 5.6.3
2026-09-10 09:56:36,698 INFO o.a.j.JMeter: java.version=21.0.11
2026-09-10 09:56:36,698 INFO o.a.j.JMeter: java.vm.name=OpenJDK 64-Bit Server VM
2026-09-10 09:56:36,698 INFO o.a.j.JMeter: os.name=Linux
2026-09-10 09:56:36,698 INFO o.a.j.JMeter: os.arch=amd64
2026-09-10 09:56:36,698 INFO o.a.j.JMeter: os.version=7.0.11-76070011-generic
2026-09-10 09:56:36,699 INFO o.a.j.JMeter: file.encoding=UTF-8
2026-09-10 09:56:36,699 INFO o.a.j.JMeter: java.awt.headless=true
2026-09-10 09:56:36,699 INFO o.a.j.JMeter: Max memory     =1073741824
2026-09-10 09:56:36,699 INFO o.a.j.JMeter: Available Processors =16
2026-09-10 09:56:36,707 INFO o.a.j.JMeter: Default Locale=English (EN)
2026-09-10 09:56:36,707 INFO o.a.j.JMeter: JMeter  Locale=English (EN)
2026-09-10 09:56:36,707 INFO o.a.j.JMeter: JMeterHome=/home/avituo/projects/tcc/tcc-container/.tools/apache-jmeter-5.6.3
2026-09-10 09:56:36,707 INFO o.a.j.JMeter: user.dir  =/home/avituo/projects/tcc/tcc-container
2026-09-10 09:56:36,707 INFO o.a.j.JMeter: PWD       =/home/avituo/projects/tcc/tcc-container
2026-09-10 09:56:36,718 INFO o.a.j.JMeter: IP: 192.168.1.16 Name: pop-os FullName: pop-os.home
2026-09-10 09:56:36,730 INFO o.a.j.s.FileServer: Default base='/home/avituo/projects/tcc/tcc-container'
2026-09-10 09:56:36,732 INFO o.a.j.s.FileServer: Set new base='/home/avituo/projects/tcc/tcc-container/benchmark/jmeter'
2026-09-10 09:56:36,901 INFO o.a.j.s.SaveService: Testplan (JMX) version: 2.2. Testlog (JTL) version: 2.2
2026-09-10 09:56:36,925 INFO o.a.j.s.SaveService: Using SaveService properties version 5.0
2026-09-10 09:56:36,928 INFO o.a.j.s.SaveService: Using SaveService properties file encoding UTF-8
2026-09-10 09:56:36,931 INFO o.a.j.s.SaveService: Loading file: /home/avituo/projects/tcc/tcc-container/benchmark/jmeter/tcc-order-create-v1.jmx
2026-09-10 09:56:36,981 INFO o.a.j.p.h.s.HTTPSamplerBase: Parser for text/html is org.apache.jmeter.protocol.http.parser.LagartoBasedHtmlParser
2026-09-10 09:56:36,981 INFO o.a.j.p.h.s.HTTPSamplerBase: Parser for application/xhtml+xml is org.apache.jmeter.protocol.http.parser.LagartoBasedHtmlParser
2026-09-10 09:56:36,981 INFO o.a.j.p.h.s.HTTPSamplerBase: Parser for application/xml is org.apache.jmeter.protocol.http.parser.LagartoBasedHtmlParser
2026-09-10 09:56:36,981 INFO o.a.j.p.h.s.HTTPSamplerBase: Parser for text/xml is org.apache.jmeter.protocol.http.parser.LagartoBasedHtmlParser
2026-09-10 09:56:36,981 INFO o.a.j.p.h.s.HTTPSamplerBase: Parser for text/vnd.wap.wml is org.apache.jmeter.protocol.http.parser.RegexpHTMLParser
2026-09-10 09:56:36,981 INFO o.a.j.p.h.s.HTTPSamplerBase: Parser for text/css is org.apache.jmeter.protocol.http.parser.CssParser
2026-09-10 09:56:37,014 INFO o.a.j.JMeter: Creating summariser <summary>
2026-09-10 09:56:37,031 INFO o.a.j.e.StandardJMeterEngine: Running the test!
2026-09-10 09:56:37,032 INFO o.a.j.s.SampleEvent: List of sample_variables: []
2026-09-10 09:56:37,032 INFO o.a.j.s.SampleEvent: List of sample_variables: []
2026-09-10 09:56:37,037 INFO o.a.j.e.u.CompoundVariable: Note: Function class names must contain the string: '.functions.'
2026-09-10 09:56:37,037 INFO o.a.j.e.u.CompoundVariable: Note: Function class names must not contain the string: '.gui.'
2026-09-10 09:56:37,281 INFO o.a.j.JMeter: Running test (1789044997281)
2026-09-10 09:56:37,304 INFO o.a.j.e.StandardJMeterEngine: Starting ThreadGroup: 1 : TCC order-create
2026-09-10 09:56:37,305 INFO o.a.j.e.StandardJMeterEngine: Starting 100 threads for group TCC order-create.
2026-09-10 09:56:37,305 INFO o.a.j.e.StandardJMeterEngine: Thread will continue on error
2026-09-10 09:56:37,305 INFO o.a.j.t.ThreadGroup: Starting thread group... number=1 threads=100 ramp-up=0 delayedStart=false
2026-09-10 09:56:37,311 INFO o.a.j.t.JMeterThread: Thread started: TCC order-create 1-1
2026-09-10 09:56:37,311 INFO o.a.j.t.JMeterThread: Thread started: TCC order-create 1-2
2026-09-10 09:56:37,311 INFO o.a.j.t.JMeterThread: Thread started: TCC order-create 1-3
2026-09-10 09:56:37,311 INFO o.a.j.t.JMeterThread: Thread started: TCC order-create 1-4
2026-09-10 09:56:37,312 INFO o.a.j.t.JMeterThread: Thread started: TCC order-create 1-5
2026-09-10 09:56:37,313 INFO o.a.j.t.JMeterThread: Thread started: TCC order-create 1-6
2026-09-10 09:56:37,314 INFO o.a.j.t.JMeterThread: Thread started: TCC order-create 1-7
2026-09-10 09:56:37,314 INFO o.a.j.t.JMeterThread: Thread started: TCC order-create 1-8
2026-09-10 09:56:37,315 INFO o.a.j.t.JMeterThread: Thread started: TCC order-create 1-9
2026-09-10 09:56:37,315 INFO o.a.j.t.JMeterThread: Thread started: TCC order-create 1-10
2026-09-10 09:56:37,317 INFO o.a.j.t.JMeterThread: Thread started: TCC order-create 1-11
2026-09-10 09:56:37,317 INFO o.a.j.t.JMeterThread: Thread started: TCC order-create 1-12
2026-09-10 09:56:37,318 INFO o.a.j.t.JMeterThread: Thread started: TCC order-create 1-13
2026-09-10 09:56:37,319 INFO o.a.j.t.JMeterThread: Thread started: TCC order-create 1-14
2026-09-10 09:56:37,320 INFO o.a.j.t.JMeterThread: Thread started: TCC order-create 1-15
2026-09-10 09:56:37,321 INFO o.a.j.t.JMeterThread: Thread started: TCC order-create 1-16
2026-09-10 09:56:37,322 INFO o.a.j.t.JMeterThread: Thread started: TCC order-create 1-17
2026-09-10 09:56:37,323 INFO o.a.j.t.JMeterThread: Thread started: TCC order-create 1-18
2026-09-10 09:56:37,323 INFO o.a.j.t.JMeterThread: Thread started: TCC order-create 1-19
2026-09-10 09:56:37,324 INFO o.a.j.t.JMeterThread: Thread started: TCC order-create 1-20
2026-09-10 09:56:37,325 INFO o.a.j.t.JMeterThread: Thread started: TCC order-create 1-21
2026-09-10 09:56:37,325 INFO o.a.j.t.JMeterThread: Thread started: TCC order-create 1-22
2026-09-10 09:56:37,326 INFO o.a.j.t.JMeterThread: Thread started: TCC order-create 1-23
2026-09-10 09:56:37,327 INFO o.a.j.t.JMeterThread: Thread started: TCC order-create 1-24
2026-09-10 09:56:37,327 INFO o.a.j.t.JMeterThread: Thread started: TCC order-create 1-25
2026-09-10 09:56:37,328 INFO o.a.j.t.JMeterThread: Thread started: TCC order-create 1-26
2026-09-10 09:56:37,328 INFO o.a.j.t.JMeterThread: Thread started: TCC order-create 1-27
2026-09-10 09:56:37,329 INFO o.a.j.t.JMeterThread: Thread started: TCC order-create 1-28
2026-09-10 09:56:37,329 INFO o.a.j.t.JMeterThread: Thread started: TCC order-create 1-29
2026-09-10 09:56:37,330 INFO o.a.j.t.JMeterThread: Thread started: TCC order-create 1-31
2026-09-10 09:56:37,330 INFO o.a.j.t.JMeterThread: Thread started: TCC order-create 1-30
2026-09-10 09:56:37,331 INFO o.a.j.t.JMeterThread: Thread started: TCC order-create 1-32
2026-09-10 09:56:37,331 INFO o.a.j.t.JMeterThread: Thread started: TCC order-create 1-33
2026-09-10 09:56:37,332 INFO o.a.j.t.JMeterThread: Thread started: TCC order-create 1-35
2026-09-10 09:56:37,332 INFO o.a.j.t.JMeterThread: Thread started: TCC order-create 1-34
2026-09-10 09:56:37,333 INFO o.a.j.t.JMeterThread: Thread started: TCC order-create 1-36
2026-09-10 09:56:37,334 INFO o.a.j.t.JMeterThread: Thread started: TCC order-create 1-37
2026-09-10 09:56:37,335 INFO o.a.j.t.JMeterThread: Thread started: TCC order-create 1-38
2026-09-10 09:56:37,336 INFO o.a.j.t.JMeterThread: Thread started: TCC order-create 1-39
2026-09-10 09:56:37,337 INFO o.a.j.t.JMeterThread: Thread started: TCC order-create 1-40
2026-09-10 09:56:37,338 INFO o.a.j.t.JMeterThread: Thread started: TCC order-create 1-41
2026-09-10 09:56:37,339 INFO o.a.j.t.JMeterThread: Thread started: TCC order-create 1-42
2026-09-10 09:56:37,341 INFO o.a.j.t.JMeterThread: Thread started: TCC order-create 1-43
2026-09-10 09:56:37,341 INFO o.a.j.t.JMeterThread: Thread started: TCC order-create 1-44
2026-09-10 09:56:37,343 INFO o.a.j.t.JMeterThread: Thread started: TCC order-create 1-45
2026-09-10 09:56:37,343 INFO o.a.j.t.JMeterThread: Thread started: TCC order-create 1-46
2026-09-10 09:56:37,344 INFO o.a.j.t.JMeterThread: Thread started: TCC order-create 1-47
2026-09-10 09:56:37,345 INFO o.a.j.t.JMeterThread: Thread started: TCC order-create 1-48
2026-09-10 09:56:37,346 INFO o.a.j.t.JMeterThread: Thread started: TCC order-create 1-49
2026-09-10 09:56:37,346 INFO o.a.j.t.JMeterThread: Thread started: TCC order-create 1-50
2026-09-10 09:56:37,347 INFO o.a.j.t.JMeterThread: Thread started: TCC order-create 1-51
2026-09-10 09:56:37,348 INFO o.a.j.t.JMeterThread: Thread started: TCC order-create 1-52
2026-09-10 09:56:37,349 INFO o.a.j.t.JMeterThread: Thread started: TCC order-create 1-53
2026-09-10 09:56:37,351 INFO o.a.j.t.JMeterThread: Thread started: TCC order-create 1-54
2026-09-10 09:56:37,351 INFO o.a.j.t.JMeterThread: Thread started: TCC order-create 1-55
2026-09-10 09:56:37,352 INFO o.a.j.t.JMeterThread: Thread started: TCC order-create 1-56
2026-09-10 09:56:37,352 INFO o.a.j.t.JMeterThread: Thread started: TCC order-create 1-57
2026-09-10 09:56:37,353 INFO o.a.j.t.JMeterThread: Thread started: TCC order-create 1-58
2026-09-10 09:56:37,354 INFO o.a.j.t.JMeterThread: Thread started: TCC order-create 1-59
2026-09-10 09:56:37,357 INFO o.a.j.t.JMeterThread: Thread started: TCC order-create 1-60
2026-09-10 09:56:37,359 INFO o.a.j.t.JMeterThread: Thread started: TCC order-create 1-61
2026-09-10 09:56:37,360 INFO o.a.j.t.JMeterThread: Thread started: TCC order-create 1-62
2026-09-10 09:56:37,360 INFO o.a.j.t.JMeterThread: Thread started: TCC order-create 1-63
2026-09-10 09:56:37,361 INFO o.a.j.t.JMeterThread: Thread started: TCC order-create 1-64
2026-09-10 09:56:37,362 INFO o.a.j.t.JMeterThread: Thread started: TCC order-create 1-65
2026-09-10 09:56:37,363 INFO o.a.j.t.JMeterThread: Thread started: TCC order-create 1-66
2026-09-10 09:56:37,363 INFO o.a.j.t.JMeterThread: Thread started: TCC order-create 1-67
2026-09-10 09:56:37,364 INFO o.a.j.t.JMeterThread: Thread started: TCC order-create 1-68
2026-09-10 09:56:37,365 INFO o.a.j.t.JMeterThread: Thread started: TCC order-create 1-69
2026-09-10 09:56:37,365 INFO o.a.j.t.JMeterThread: Thread started: TCC order-create 1-70
2026-09-10 09:56:37,366 INFO o.a.j.t.JMeterThread: Thread started: TCC order-create 1-71
2026-09-10 09:56:37,367 INFO o.a.j.t.JMeterThread: Thread started: TCC order-create 1-72
2026-09-10 09:56:37,367 INFO o.a.j.t.JMeterThread: Thread started: TCC order-create 1-73
2026-09-10 09:56:37,367 INFO o.a.j.t.JMeterThread: Thread started: TCC order-create 1-74
2026-09-10 09:56:37,368 INFO o.a.j.t.JMeterThread: Thread started: TCC order-create 1-75
2026-09-10 09:56:37,369 INFO o.a.j.t.JMeterThread: Thread started: TCC order-create 1-76
2026-09-10 09:56:37,369 INFO o.a.j.t.JMeterThread: Thread started: TCC order-create 1-77
2026-09-10 09:56:37,370 INFO o.a.j.t.JMeterThread: Thread started: TCC order-create 1-78
2026-09-10 09:56:37,371 INFO o.a.j.t.JMeterThread: Thread started: TCC order-create 1-79
2026-09-10 09:56:37,371 INFO o.a.j.t.JMeterThread: Thread started: TCC order-create 1-80
2026-09-10 09:56:37,372 INFO o.a.j.t.JMeterThread: Thread started: TCC order-create 1-81
2026-09-10 09:56:37,373 INFO o.a.j.t.JMeterThread: Thread started: TCC order-create 1-82
2026-09-10 09:56:37,374 INFO o.a.j.t.JMeterThread: Thread started: TCC order-create 1-83
2026-09-10 09:56:37,375 INFO o.a.j.t.JMeterThread: Thread started: TCC order-create 1-84
2026-09-10 09:56:37,375 INFO o.a.j.t.JMeterThread: Thread started: TCC order-create 1-85
2026-09-10 09:56:37,376 INFO o.a.j.t.JMeterThread: Thread started: TCC order-create 1-86
2026-09-10 09:56:37,376 INFO o.a.j.t.JMeterThread: Thread started: TCC order-create 1-87
2026-09-10 09:56:37,377 INFO o.a.j.t.JMeterThread: Thread started: TCC order-create 1-88
2026-09-10 09:56:37,377 INFO o.a.j.t.JMeterThread: Thread started: TCC order-create 1-89
2026-09-10 09:56:37,378 INFO o.a.j.t.JMeterThread: Thread started: TCC order-create 1-90
2026-09-10 09:56:37,378 INFO o.a.j.t.JMeterThread: Thread started: TCC order-create 1-91
2026-09-10 09:56:37,378 INFO o.a.j.t.JMeterThread: Thread started: TCC order-create 1-92
2026-09-10 09:56:37,379 INFO o.a.j.t.JMeterThread: Thread started: TCC order-create 1-93
2026-09-10 09:56:37,379 INFO o.a.j.t.JMeterThread: Thread started: TCC order-create 1-94
2026-09-10 09:56:37,380 INFO o.a.j.t.JMeterThread: Thread started: TCC order-create 1-95
2026-09-10 09:56:37,381 INFO o.a.j.t.JMeterThread: Thread started: TCC order-create 1-96
2026-09-10 09:56:37,382 INFO o.a.j.t.JMeterThread: Thread started: TCC order-create 1-97
2026-09-10 09:56:37,382 INFO o.a.j.t.JMeterThread: Thread started: TCC order-create 1-98
2026-09-10 09:56:37,383 INFO o.a.j.t.JMeterThread: Thread started: TCC order-create 1-99
2026-09-10 09:56:37,383 INFO o.a.j.t.ThreadGroup: Started thread group number 1
2026-09-10 09:56:37,383 INFO o.a.j.e.StandardJMeterEngine: All thread groups have been started
2026-09-10 09:56:37,383 INFO o.a.j.t.JMeterThread: Thread started: TCC order-create 1-100
2026-09-10 09:56:38,085 INFO o.a.j.p.h.s.HTTPHCAbstractImpl: Local host = pop-os
2026-09-10 09:56:38,092 INFO o.a.j.p.h.s.HTTPHC4Impl: HTTP request retry count = 0
2026-09-10 09:56:38,093 INFO o.a.j.s.SampleResult: Note: Sample TimeStamps are START times
2026-09-10 09:56:38,093 INFO o.a.j.s.SampleResult: sampleresult.default.encoding is set to UTF-8
2026-09-10 09:56:38,093 INFO o.a.j.s.SampleResult: sampleresult.useNanoTime=true
2026-09-10 09:56:38,093 INFO o.a.j.s.SampleResult: sampleresult.nanoThreadSleep=5000
2026-09-10 09:57:00,021 INFO o.a.j.r.Summariser: summary +    409 in 00:00:23 =   18.0/s Avg:  4701 Min:   161 Max:  5465 Err:     0 (0.00%) Active: 100 Started: 100 Finished: 0
2026-09-10 09:57:30,010 INFO o.a.j.r.Summariser: summary +    568 in 00:00:30 =   18.9/s Avg:  5280 Min:  5183 Max:  5415 Err:     0 (0.00%) Active: 100 Started: 100 Finished: 0
2026-09-10 09:57:30,010 INFO o.a.j.r.Summariser: summary =    977 in 00:00:53 =   18.5/s Avg:  5038 Min:   161 Max:  5465 Err:     0 (0.00%)
2026-09-10 09:58:00,039 INFO o.a.j.r.Summariser: summary +    569 in 00:00:30 =   18.9/s Avg:  5272 Min:  5147 Max:  5406 Err:     0 (0.00%) Active: 100 Started: 100 Finished: 0
2026-09-10 09:58:00,039 INFO o.a.j.r.Summariser: summary =   1546 in 00:01:23 =   18.7/s Avg:  5124 Min:   161 Max:  5465 Err:     0 (0.00%)
2026-09-10 09:58:30,011 INFO o.a.j.r.Summariser: summary +    550 in 00:00:30 =   18.3/s Avg:  5438 Min:  5121 Max:  6331 Err:     0 (0.00%) Active: 100 Started: 100 Finished: 0
2026-09-10 09:58:30,011 INFO o.a.j.r.Summariser: summary =   2096 in 00:01:53 =   18.6/s Avg:  5206 Min:   161 Max:  6331 Err:     0 (0.00%)
2026-09-10 09:58:37,370 INFO o.a.j.t.JMeterThread: Stopping because end time detected by thread: TCC order-create 1-60
2026-09-10 09:58:37,370 INFO o.a.j.t.JMeterThread: Thread finished: TCC order-create 1-60
2026-09-10 09:58:37,420 INFO o.a.j.t.JMeterThread: Stopping because end time detected by thread: TCC order-create 1-77
2026-09-10 09:58:37,420 INFO o.a.j.t.JMeterThread: Thread finished: TCC order-create 1-77
2026-09-10 09:58:37,473 INFO o.a.j.t.JMeterThread: Stopping because end time detected by thread: TCC order-create 1-16
2026-09-10 09:58:37,473 INFO o.a.j.t.JMeterThread: Thread finished: TCC order-create 1-16
2026-09-10 09:58:37,527 INFO o.a.j.t.JMeterThread: Stopping because end time detected by thread: TCC order-create 1-34
2026-09-10 09:58:37,527 INFO o.a.j.t.JMeterThread: Thread finished: TCC order-create 1-34
2026-09-10 09:58:37,575 INFO o.a.j.t.JMeterThread: Stopping because end time detected by thread: TCC order-create 1-74
2026-09-10 09:58:37,576 INFO o.a.j.t.JMeterThread: Thread finished: TCC order-create 1-74
2026-09-10 09:58:37,628 INFO o.a.j.t.JMeterThread: Stopping because end time detected by thread: TCC order-create 1-31
2026-09-10 09:58:37,628 INFO o.a.j.t.JMeterThread: Thread finished: TCC order-create 1-31
2026-09-10 09:58:37,681 INFO o.a.j.t.JMeterThread: Stopping because end time detected by thread: TCC order-create 1-40
2026-09-10 09:58:37,681 INFO o.a.j.t.JMeterThread: Thread finished: TCC order-create 1-40
2026-09-10 09:58:37,734 INFO o.a.j.t.JMeterThread: Stopping because end time detected by thread: TCC order-create 1-1
2026-09-10 09:58:37,735 INFO o.a.j.t.JMeterThread: Thread finished: TCC order-create 1-1
2026-09-10 09:58:37,788 INFO o.a.j.t.JMeterThread: Stopping because end time detected by thread: TCC order-create 1-50
2026-09-10 09:58:37,788 INFO o.a.j.t.JMeterThread: Thread finished: TCC order-create 1-50
2026-09-10 09:58:37,839 INFO o.a.j.t.JMeterThread: Stopping because end time detected by thread: TCC order-create 1-86
2026-09-10 09:58:37,839 INFO o.a.j.t.JMeterThread: Thread finished: TCC order-create 1-86
2026-09-10 09:58:37,889 INFO o.a.j.t.JMeterThread: Stopping because end time detected by thread: TCC order-create 1-95
2026-09-10 09:58:37,889 INFO o.a.j.t.JMeterThread: Thread finished: TCC order-create 1-95
2026-09-10 09:58:37,943 INFO o.a.j.t.JMeterThread: Stopping because end time detected by thread: TCC order-create 1-8
2026-09-10 09:58:37,943 INFO o.a.j.t.JMeterThread: Thread finished: TCC order-create 1-8
2026-09-10 09:58:37,991 INFO o.a.j.t.JMeterThread: Stopping because end time detected by thread: TCC order-create 1-73
2026-09-10 09:58:37,991 INFO o.a.j.t.JMeterThread: Thread finished: TCC order-create 1-73
2026-09-10 09:58:38,043 INFO o.a.j.t.JMeterThread: Stopping because end time detected by thread: TCC order-create 1-92
2026-09-10 09:58:38,043 INFO o.a.j.t.JMeterThread: Thread finished: TCC order-create 1-92
2026-09-10 09:58:38,093 INFO o.a.j.t.JMeterThread: Stopping because end time detected by thread: TCC order-create 1-2
2026-09-10 09:58:38,093 INFO o.a.j.t.JMeterThread: Thread finished: TCC order-create 1-2
2026-09-10 09:58:38,144 INFO o.a.j.t.JMeterThread: Stopping because end time detected by thread: TCC order-create 1-52
2026-09-10 09:58:38,144 INFO o.a.j.t.JMeterThread: Thread finished: TCC order-create 1-52
2026-09-10 09:58:38,194 INFO o.a.j.t.JMeterThread: Stopping because end time detected by thread: TCC order-create 1-49
2026-09-10 09:58:38,194 INFO o.a.j.t.JMeterThread: Thread finished: TCC order-create 1-49
2026-09-10 09:58:38,245 INFO o.a.j.t.JMeterThread: Stopping because end time detected by thread: TCC order-create 1-44
2026-09-10 09:58:38,245 INFO o.a.j.t.JMeterThread: Thread finished: TCC order-create 1-44
2026-09-10 09:58:38,298 INFO o.a.j.t.JMeterThread: Stopping because end time detected by thread: TCC order-create 1-43
2026-09-10 09:58:38,299 INFO o.a.j.t.JMeterThread: Thread finished: TCC order-create 1-43
2026-09-10 09:58:38,349 INFO o.a.j.t.JMeterThread: Stopping because end time detected by thread: TCC order-create 1-100
2026-09-10 09:58:38,350 INFO o.a.j.t.JMeterThread: Thread finished: TCC order-create 1-100
2026-09-10 09:58:38,402 INFO o.a.j.t.JMeterThread: Stopping because end time detected by thread: TCC order-create 1-21
2026-09-10 09:58:38,403 INFO o.a.j.t.JMeterThread: Thread finished: TCC order-create 1-21
2026-09-10 09:58:38,456 INFO o.a.j.t.JMeterThread: Stopping because end time detected by thread: TCC order-create 1-26
2026-09-10 09:58:38,456 INFO o.a.j.t.JMeterThread: Thread finished: TCC order-create 1-26
2026-09-10 09:58:38,507 INFO o.a.j.t.JMeterThread: Stopping because end time detected by thread: TCC order-create 1-20
2026-09-10 09:58:38,507 INFO o.a.j.t.JMeterThread: Thread finished: TCC order-create 1-20
2026-09-10 09:58:38,559 INFO o.a.j.t.JMeterThread: Stopping because end time detected by thread: TCC order-create 1-67
2026-09-10 09:58:38,559 INFO o.a.j.t.JMeterThread: Thread finished: TCC order-create 1-67
2026-09-10 09:58:38,612 INFO o.a.j.t.JMeterThread: Stopping because end time detected by thread: TCC order-create 1-98
2026-09-10 09:58:38,612 INFO o.a.j.t.JMeterThread: Thread finished: TCC order-create 1-98
2026-09-10 09:58:38,663 INFO o.a.j.t.JMeterThread: Stopping because end time detected by thread: TCC order-create 1-69
2026-09-10 09:58:38,664 INFO o.a.j.t.JMeterThread: Thread finished: TCC order-create 1-69
2026-09-10 09:58:38,716 INFO o.a.j.t.JMeterThread: Stopping because end time detected by thread: TCC order-create 1-35
2026-09-10 09:58:38,716 INFO o.a.j.t.JMeterThread: Thread finished: TCC order-create 1-35
2026-09-10 09:58:38,768 INFO o.a.j.t.JMeterThread: Stopping because end time detected by thread: TCC order-create 1-94
2026-09-10 09:58:38,768 INFO o.a.j.t.JMeterThread: Thread finished: TCC order-create 1-94
2026-09-10 09:58:38,821 INFO o.a.j.t.JMeterThread: Stopping because end time detected by thread: TCC order-create 1-32
2026-09-10 09:58:38,821 INFO o.a.j.t.JMeterThread: Thread finished: TCC order-create 1-32
2026-09-10 09:58:38,871 INFO o.a.j.t.JMeterThread: Stopping because end time detected by thread: TCC order-create 1-14
2026-09-10 09:58:38,871 INFO o.a.j.t.JMeterThread: Thread finished: TCC order-create 1-14
2026-09-10 09:58:38,922 INFO o.a.j.t.JMeterThread: Stopping because end time detected by thread: TCC order-create 1-58
2026-09-10 09:58:38,922 INFO o.a.j.t.JMeterThread: Thread finished: TCC order-create 1-58
2026-09-10 09:58:38,976 INFO o.a.j.t.JMeterThread: Stopping because end time detected by thread: TCC order-create 1-9
2026-09-10 09:58:38,976 INFO o.a.j.t.JMeterThread: Thread finished: TCC order-create 1-9
2026-09-10 09:58:39,028 INFO o.a.j.t.JMeterThread: Stopping because end time detected by thread: TCC order-create 1-72
2026-09-10 09:58:39,028 INFO o.a.j.t.JMeterThread: Thread finished: TCC order-create 1-72
2026-09-10 09:58:39,082 INFO o.a.j.t.JMeterThread: Stopping because end time detected by thread: TCC order-create 1-41
2026-09-10 09:58:39,082 INFO o.a.j.t.JMeterThread: Thread finished: TCC order-create 1-41
2026-09-10 09:58:39,132 INFO o.a.j.t.JMeterThread: Stopping because end time detected by thread: TCC order-create 1-51
2026-09-10 09:58:39,132 INFO o.a.j.t.JMeterThread: Thread finished: TCC order-create 1-51
2026-09-10 09:58:39,187 INFO o.a.j.t.JMeterThread: Stopping because end time detected by thread: TCC order-create 1-4
2026-09-10 09:58:39,187 INFO o.a.j.t.JMeterThread: Thread finished: TCC order-create 1-4
2026-09-10 09:58:39,240 INFO o.a.j.t.JMeterThread: Stopping because end time detected by thread: TCC order-create 1-56
2026-09-10 09:58:39,240 INFO o.a.j.t.JMeterThread: Thread finished: TCC order-create 1-56
2026-09-10 09:58:39,293 INFO o.a.j.t.JMeterThread: Stopping because end time detected by thread: TCC order-create 1-70
2026-09-10 09:58:39,293 INFO o.a.j.t.JMeterThread: Thread finished: TCC order-create 1-70
2026-09-10 09:58:39,343 INFO o.a.j.t.JMeterThread: Stopping because end time detected by thread: TCC order-create 1-6
2026-09-10 09:58:39,343 INFO o.a.j.t.JMeterThread: Thread finished: TCC order-create 1-6
2026-09-10 09:58:39,393 INFO o.a.j.t.JMeterThread: Stopping because end time detected by thread: TCC order-create 1-81
2026-09-10 09:58:39,393 INFO o.a.j.t.JMeterThread: Thread finished: TCC order-create 1-81
2026-09-10 09:58:39,449 INFO o.a.j.t.JMeterThread: Stopping because end time detected by thread: TCC order-create 1-28
2026-09-10 09:58:39,449 INFO o.a.j.t.JMeterThread: Thread finished: TCC order-create 1-28
2026-09-10 09:58:39,499 INFO o.a.j.t.JMeterThread: Stopping because end time detected by thread: TCC order-create 1-88
2026-09-10 09:58:39,499 INFO o.a.j.t.JMeterThread: Thread finished: TCC order-create 1-88
2026-09-10 09:58:39,550 INFO o.a.j.t.JMeterThread: Stopping because end time detected by thread: TCC order-create 1-62
2026-09-10 09:58:39,550 INFO o.a.j.t.JMeterThread: Thread finished: TCC order-create 1-62
2026-09-10 09:58:39,599 INFO o.a.j.t.JMeterThread: Stopping because end time detected by thread: TCC order-create 1-19
2026-09-10 09:58:39,600 INFO o.a.j.t.JMeterThread: Thread finished: TCC order-create 1-19
2026-09-10 09:58:39,649 INFO o.a.j.t.JMeterThread: Stopping because end time detected by thread: TCC order-create 1-30
2026-09-10 09:58:39,649 INFO o.a.j.t.JMeterThread: Thread finished: TCC order-create 1-30
2026-09-10 09:58:39,701 INFO o.a.j.t.JMeterThread: Stopping because end time detected by thread: TCC order-create 1-47
2026-09-10 09:58:39,701 INFO o.a.j.t.JMeterThread: Thread finished: TCC order-create 1-47
2026-09-10 09:58:39,753 INFO o.a.j.t.JMeterThread: Stopping because end time detected by thread: TCC order-create 1-97
2026-09-10 09:58:39,753 INFO o.a.j.t.JMeterThread: Thread finished: TCC order-create 1-97
2026-09-10 09:58:39,806 INFO o.a.j.t.JMeterThread: Stopping because end time detected by thread: TCC order-create 1-38
2026-09-10 09:58:39,806 INFO o.a.j.t.JMeterThread: Thread finished: TCC order-create 1-38
2026-09-10 09:58:39,859 INFO o.a.j.t.JMeterThread: Stopping because end time detected by thread: TCC order-create 1-84
2026-09-10 09:58:39,859 INFO o.a.j.t.JMeterThread: Thread finished: TCC order-create 1-84
2026-09-10 09:58:39,909 INFO o.a.j.t.JMeterThread: Stopping because end time detected by thread: TCC order-create 1-29
2026-09-10 09:58:39,910 INFO o.a.j.t.JMeterThread: Thread finished: TCC order-create 1-29
2026-09-10 09:58:39,962 INFO o.a.j.t.JMeterThread: Stopping because end time detected by thread: TCC order-create 1-25
2026-09-10 09:58:39,962 INFO o.a.j.t.JMeterThread: Thread finished: TCC order-create 1-25
2026-09-10 09:58:40,011 INFO o.a.j.t.JMeterThread: Stopping because end time detected by thread: TCC order-create 1-96
2026-09-10 09:58:40,011 INFO o.a.j.t.JMeterThread: Thread finished: TCC order-create 1-96
2026-09-10 09:58:40,061 INFO o.a.j.t.JMeterThread: Stopping because end time detected by thread: TCC order-create 1-27
2026-09-10 09:58:40,061 INFO o.a.j.t.JMeterThread: Thread finished: TCC order-create 1-27
2026-09-10 09:58:40,112 INFO o.a.j.t.JMeterThread: Stopping because end time detected by thread: TCC order-create 1-48
2026-09-10 09:58:40,112 INFO o.a.j.t.JMeterThread: Thread finished: TCC order-create 1-48
2026-09-10 09:58:40,162 INFO o.a.j.t.JMeterThread: Stopping because end time detected by thread: TCC order-create 1-13
2026-09-10 09:58:40,162 INFO o.a.j.t.JMeterThread: Thread finished: TCC order-create 1-13
2026-09-10 09:58:40,216 INFO o.a.j.t.JMeterThread: Stopping because end time detected by thread: TCC order-create 1-82
2026-09-10 09:58:40,216 INFO o.a.j.t.JMeterThread: Thread finished: TCC order-create 1-82
2026-09-10 09:58:40,269 INFO o.a.j.t.JMeterThread: Stopping because end time detected by thread: TCC order-create 1-99
2026-09-10 09:58:40,269 INFO o.a.j.t.JMeterThread: Thread finished: TCC order-create 1-99
2026-09-10 09:58:40,322 INFO o.a.j.t.JMeterThread: Stopping because end time detected by thread: TCC order-create 1-78
2026-09-10 09:58:40,323 INFO o.a.j.t.JMeterThread: Thread finished: TCC order-create 1-78
2026-09-10 09:58:40,375 INFO o.a.j.t.JMeterThread: Stopping because end time detected by thread: TCC order-create 1-17
2026-09-10 09:58:40,375 INFO o.a.j.t.JMeterThread: Thread finished: TCC order-create 1-17
2026-09-10 09:58:40,427 INFO o.a.j.t.JMeterThread: Stopping because end time detected by thread: TCC order-create 1-22
2026-09-10 09:58:40,427 INFO o.a.j.t.JMeterThread: Thread finished: TCC order-create 1-22
2026-09-10 09:58:40,477 INFO o.a.j.t.JMeterThread: Stopping because end time detected by thread: TCC order-create 1-10
2026-09-10 09:58:40,477 INFO o.a.j.t.JMeterThread: Thread finished: TCC order-create 1-10
2026-09-10 09:58:40,530 INFO o.a.j.t.JMeterThread: Stopping because end time detected by thread: TCC order-create 1-15
2026-09-10 09:58:40,530 INFO o.a.j.t.JMeterThread: Thread finished: TCC order-create 1-15
2026-09-10 09:58:40,581 INFO o.a.j.t.JMeterThread: Stopping because end time detected by thread: TCC order-create 1-65
2026-09-10 09:58:40,581 INFO o.a.j.t.JMeterThread: Thread finished: TCC order-create 1-65
2026-09-10 09:58:40,632 INFO o.a.j.t.JMeterThread: Stopping because end time detected by thread: TCC order-create 1-24
2026-09-10 09:58:40,632 INFO o.a.j.t.JMeterThread: Thread finished: TCC order-create 1-24
2026-09-10 09:58:40,686 INFO o.a.j.t.JMeterThread: Stopping because end time detected by thread: TCC order-create 1-37
2026-09-10 09:58:40,686 INFO o.a.j.t.JMeterThread: Thread finished: TCC order-create 1-37
2026-09-10 09:58:40,738 INFO o.a.j.t.JMeterThread: Stopping because end time detected by thread: TCC order-create 1-71
2026-09-10 09:58:40,738 INFO o.a.j.t.JMeterThread: Thread finished: TCC order-create 1-71
2026-09-10 09:58:40,789 INFO o.a.j.t.JMeterThread: Stopping because end time detected by thread: TCC order-create 1-68
2026-09-10 09:58:40,789 INFO o.a.j.t.JMeterThread: Thread finished: TCC order-create 1-68
2026-09-10 09:58:40,841 INFO o.a.j.t.JMeterThread: Stopping because end time detected by thread: TCC order-create 1-55
2026-09-10 09:58:40,841 INFO o.a.j.t.JMeterThread: Thread finished: TCC order-create 1-55
2026-09-10 09:58:40,894 INFO o.a.j.t.JMeterThread: Stopping because end time detected by thread: TCC order-create 1-33
2026-09-10 09:58:40,894 INFO o.a.j.t.JMeterThread: Thread finished: TCC order-create 1-33
2026-09-10 09:58:40,946 INFO o.a.j.t.JMeterThread: Stopping because end time detected by thread: TCC order-create 1-3
2026-09-10 09:58:40,946 INFO o.a.j.t.JMeterThread: Thread finished: TCC order-create 1-3
2026-09-10 09:58:41,000 INFO o.a.j.t.JMeterThread: Stopping because end time detected by thread: TCC order-create 1-66
2026-09-10 09:58:41,000 INFO o.a.j.t.JMeterThread: Thread finished: TCC order-create 1-66
2026-09-10 09:58:41,053 INFO o.a.j.t.JMeterThread: Stopping because end time detected by thread: TCC order-create 1-87
2026-09-10 09:58:41,053 INFO o.a.j.t.JMeterThread: Thread finished: TCC order-create 1-87
2026-09-10 09:58:41,102 INFO o.a.j.t.JMeterThread: Stopping because end time detected by thread: TCC order-create 1-54
2026-09-10 09:58:41,102 INFO o.a.j.t.JMeterThread: Thread finished: TCC order-create 1-54
2026-09-10 09:58:41,154 INFO o.a.j.t.JMeterThread: Stopping because end time detected by thread: TCC order-create 1-46
2026-09-10 09:58:41,154 INFO o.a.j.t.JMeterThread: Thread finished: TCC order-create 1-46
2026-09-10 09:58:41,208 INFO o.a.j.t.JMeterThread: Stopping because end time detected by thread: TCC order-create 1-80
2026-09-10 09:58:41,208 INFO o.a.j.t.JMeterThread: Thread finished: TCC order-create 1-80
2026-09-10 09:58:41,257 INFO o.a.j.t.JMeterThread: Stopping because end time detected by thread: TCC order-create 1-59
2026-09-10 09:58:41,258 INFO o.a.j.t.JMeterThread: Thread finished: TCC order-create 1-59
2026-09-10 09:58:41,311 INFO o.a.j.t.JMeterThread: Stopping because end time detected by thread: TCC order-create 1-63
2026-09-10 09:58:41,311 INFO o.a.j.t.JMeterThread: Thread finished: TCC order-create 1-63
2026-09-10 09:58:41,364 INFO o.a.j.t.JMeterThread: Stopping because end time detected by thread: TCC order-create 1-85
2026-09-10 09:58:41,365 INFO o.a.j.t.JMeterThread: Thread finished: TCC order-create 1-85
2026-09-10 09:58:41,416 INFO o.a.j.t.JMeterThread: Stopping because end time detected by thread: TCC order-create 1-39
2026-09-10 09:58:41,417 INFO o.a.j.t.JMeterThread: Thread finished: TCC order-create 1-39
2026-09-10 09:58:41,472 INFO o.a.j.t.JMeterThread: Stopping because end time detected by thread: TCC order-create 1-93
2026-09-10 09:58:41,472 INFO o.a.j.t.JMeterThread: Thread finished: TCC order-create 1-93
2026-09-10 09:58:41,524 INFO o.a.j.t.JMeterThread: Stopping because end time detected by thread: TCC order-create 1-53
2026-09-10 09:58:41,524 INFO o.a.j.t.JMeterThread: Thread finished: TCC order-create 1-53
2026-09-10 09:58:41,576 INFO o.a.j.t.JMeterThread: Stopping because end time detected by thread: TCC order-create 1-79
2026-09-10 09:58:41,576 INFO o.a.j.t.JMeterThread: Thread finished: TCC order-create 1-79
2026-09-10 09:58:41,626 INFO o.a.j.t.JMeterThread: Stopping because end time detected by thread: TCC order-create 1-7
2026-09-10 09:58:41,626 INFO o.a.j.t.JMeterThread: Thread finished: TCC order-create 1-7
2026-09-10 09:58:41,676 INFO o.a.j.t.JMeterThread: Stopping because end time detected by thread: TCC order-create 1-11
2026-09-10 09:58:41,677 INFO o.a.j.t.JMeterThread: Thread finished: TCC order-create 1-11
2026-09-10 09:58:41,725 INFO o.a.j.t.JMeterThread: Stopping because end time detected by thread: TCC order-create 1-45
2026-09-10 09:58:41,725 INFO o.a.j.t.JMeterThread: Thread finished: TCC order-create 1-45
2026-09-10 09:58:41,779 INFO o.a.j.t.JMeterThread: Stopping because end time detected by thread: TCC order-create 1-57
2026-09-10 09:58:41,779 INFO o.a.j.t.JMeterThread: Thread finished: TCC order-create 1-57
2026-09-10 09:58:41,831 INFO o.a.j.t.JMeterThread: Stopping because end time detected by thread: TCC order-create 1-76
2026-09-10 09:58:41,831 INFO o.a.j.t.JMeterThread: Thread finished: TCC order-create 1-76
2026-09-10 09:58:41,881 INFO o.a.j.t.JMeterThread: Stopping because end time detected by thread: TCC order-create 1-61
2026-09-10 09:58:41,881 INFO o.a.j.t.JMeterThread: Thread finished: TCC order-create 1-61
2026-09-10 09:58:41,932 INFO o.a.j.t.JMeterThread: Stopping because end time detected by thread: TCC order-create 1-83
2026-09-10 09:58:41,932 INFO o.a.j.t.JMeterThread: Thread finished: TCC order-create 1-83
2026-09-10 09:58:41,984 INFO o.a.j.t.JMeterThread: Stopping because end time detected by thread: TCC order-create 1-90
2026-09-10 09:58:41,984 INFO o.a.j.t.JMeterThread: Thread finished: TCC order-create 1-90
2026-09-10 09:58:42,036 INFO o.a.j.t.JMeterThread: Stopping because end time detected by thread: TCC order-create 1-12
2026-09-10 09:58:42,037 INFO o.a.j.t.JMeterThread: Thread finished: TCC order-create 1-12
2026-09-10 09:58:42,091 INFO o.a.j.t.JMeterThread: Stopping because end time detected by thread: TCC order-create 1-5
2026-09-10 09:58:42,091 INFO o.a.j.t.JMeterThread: Thread finished: TCC order-create 1-5
2026-09-10 09:58:42,142 INFO o.a.j.t.JMeterThread: Stopping because end time detected by thread: TCC order-create 1-91
2026-09-10 09:58:42,142 INFO o.a.j.t.JMeterThread: Thread finished: TCC order-create 1-91
2026-09-10 09:58:42,198 INFO o.a.j.t.JMeterThread: Stopping because end time detected by thread: TCC order-create 1-23
2026-09-10 09:58:42,198 INFO o.a.j.t.JMeterThread: Thread finished: TCC order-create 1-23
2026-09-10 09:58:42,257 INFO o.a.j.t.JMeterThread: Stopping because end time detected by thread: TCC order-create 1-64
2026-09-10 09:58:42,257 INFO o.a.j.t.JMeterThread: Thread finished: TCC order-create 1-64
2026-09-10 09:58:42,311 INFO o.a.j.t.JMeterThread: Stopping because end time detected by thread: TCC order-create 1-42
2026-09-10 09:58:42,311 INFO o.a.j.t.JMeterThread: Thread finished: TCC order-create 1-42
2026-09-10 09:58:42,361 INFO o.a.j.t.JMeterThread: Stopping because end time detected by thread: TCC order-create 1-18
2026-09-10 09:58:42,361 INFO o.a.j.t.JMeterThread: Thread finished: TCC order-create 1-18
2026-09-10 09:58:42,413 INFO o.a.j.t.JMeterThread: Stopping because end time detected by thread: TCC order-create 1-36
2026-09-10 09:58:42,413 INFO o.a.j.t.JMeterThread: Thread finished: TCC order-create 1-36
2026-09-10 09:58:42,468 INFO o.a.j.t.JMeterThread: Stopping because end time detected by thread: TCC order-create 1-75
2026-09-10 09:58:42,468 INFO o.a.j.t.JMeterThread: Thread finished: TCC order-create 1-75
2026-09-10 09:58:42,520 INFO o.a.j.t.JMeterThread: Stopping because end time detected by thread: TCC order-create 1-89
2026-09-10 09:58:42,520 INFO o.a.j.t.JMeterThread: Thread finished: TCC order-create 1-89
2026-09-10 09:58:42,520 INFO o.a.j.e.StandardJMeterEngine: Notifying test listeners of end of test
2026-09-10 09:58:42,523 INFO o.a.j.r.Summariser: summary +    239 in 00:00:13 =   19.1/s Avg:  5265 Min:  5181 Max:  5369 Err:     0 (0.00%) Active: 0 Started: 100 Finished: 100
2026-09-10 09:58:42,523 INFO o.a.j.r.Summariser: summary =   2335 in 00:02:05 =   18.6/s Avg:  5212 Min:   161 Max:  6331 Err:     0 (0.00%)
