2026-09-10 09:55:56,491 INFO o.a.j.u.JMeterUtils: Setting Locale to en_EN
2026-09-10 09:55:56,506 INFO o.a.j.JMeter: Loading user properties from: /home/avituo/projects/tcc/tcc-container/.tools/apache-jmeter-5.6.3/bin/user.properties
2026-09-10 09:55:56,506 INFO o.a.j.JMeter: Loading system properties from: /home/avituo/projects/tcc/tcc-container/.tools/apache-jmeter-5.6.3/bin/system.properties
2026-09-10 09:55:56,506 INFO o.a.j.JMeter: Loading additional properties from: /home/avituo/projects/tcc/tcc-container/benchmark/jmeter/benchmark.properties
2026-09-10 09:55:56,506 INFO o.a.j.JMeter: Loading additional properties from: /tmp/tcc-benchmark-auth.U0LcRB/auth.properties
2026-09-10 09:55:56,506 INFO o.a.j.JMeter: Setting JMeter property: threads=100
2026-09-10 09:55:56,506 INFO o.a.j.JMeter: Setting JMeter property: duration_seconds=30
2026-09-10 09:55:56,506 INFO o.a.j.JMeter: Setting JMeter property: target_host=localhost
2026-09-10 09:55:56,506 INFO o.a.j.JMeter: Setting JMeter property: target_port=18080
2026-09-10 09:55:56,506 INFO o.a.j.JMeter: Setting JMeter property: tcc.order.id=20000000-0000-4000-8000-000000000001
2026-09-10 09:55:56,506 INFO o.a.j.JMeter: Setting JMeter property: repetition=1
2026-09-10 09:55:56,512 INFO o.a.j.JMeter: Copyright (c) 1998-2024 The Apache Software Foundation
2026-09-10 09:55:56,512 INFO o.a.j.JMeter: Version 5.6.3
2026-09-10 09:55:56,512 INFO o.a.j.JMeter: java.version=21.0.11
2026-09-10 09:55:56,512 INFO o.a.j.JMeter: java.vm.name=OpenJDK 64-Bit Server VM
2026-09-10 09:55:56,512 INFO o.a.j.JMeter: os.name=Linux
2026-09-10 09:55:56,512 INFO o.a.j.JMeter: os.arch=amd64
2026-09-10 09:55:56,512 INFO o.a.j.JMeter: os.version=7.0.11-76070011-generic
2026-09-10 09:55:56,512 INFO o.a.j.JMeter: file.encoding=UTF-8
2026-09-10 09:55:56,512 INFO o.a.j.JMeter: java.awt.headless=true
2026-09-10 09:55:56,512 INFO o.a.j.JMeter: Max memory     =1073741824
2026-09-10 09:55:56,512 INFO o.a.j.JMeter: Available Processors =16
2026-09-10 09:55:56,521 INFO o.a.j.JMeter: Default Locale=English (EN)
2026-09-10 09:55:56,521 INFO o.a.j.JMeter: JMeter  Locale=English (EN)
2026-09-10 09:55:56,522 INFO o.a.j.JMeter: JMeterHome=/home/avituo/projects/tcc/tcc-container/.tools/apache-jmeter-5.6.3
2026-09-10 09:55:56,522 INFO o.a.j.JMeter: user.dir  =/home/avituo/projects/tcc/tcc-container
2026-09-10 09:55:56,522 INFO o.a.j.JMeter: PWD       =/home/avituo/projects/tcc/tcc-container
2026-09-10 09:55:56,533 INFO o.a.j.JMeter: IP: 192.168.1.16 Name: pop-os FullName: pop-os.home
2026-09-10 09:55:56,546 INFO o.a.j.s.FileServer: Default base='/home/avituo/projects/tcc/tcc-container'
2026-09-10 09:55:56,548 INFO o.a.j.s.FileServer: Set new base='/home/avituo/projects/tcc/tcc-container/benchmark/jmeter'
2026-09-10 09:55:56,707 INFO o.a.j.s.SaveService: Testplan (JMX) version: 2.2. Testlog (JTL) version: 2.2
2026-09-10 09:55:56,731 INFO o.a.j.s.SaveService: Using SaveService properties version 5.0
2026-09-10 09:55:56,734 INFO o.a.j.s.SaveService: Using SaveService properties file encoding UTF-8
2026-09-10 09:55:56,738 INFO o.a.j.s.SaveService: Loading file: /home/avituo/projects/tcc/tcc-container/benchmark/jmeter/tcc-order-create-v1.jmx
2026-09-10 09:55:56,790 INFO o.a.j.p.h.s.HTTPSamplerBase: Parser for text/html is org.apache.jmeter.protocol.http.parser.LagartoBasedHtmlParser
2026-09-10 09:55:56,790 INFO o.a.j.p.h.s.HTTPSamplerBase: Parser for application/xhtml+xml is org.apache.jmeter.protocol.http.parser.LagartoBasedHtmlParser
2026-09-10 09:55:56,790 INFO o.a.j.p.h.s.HTTPSamplerBase: Parser for application/xml is org.apache.jmeter.protocol.http.parser.LagartoBasedHtmlParser
2026-09-10 09:55:56,790 INFO o.a.j.p.h.s.HTTPSamplerBase: Parser for text/xml is org.apache.jmeter.protocol.http.parser.LagartoBasedHtmlParser
2026-09-10 09:55:56,790 INFO o.a.j.p.h.s.HTTPSamplerBase: Parser for text/vnd.wap.wml is org.apache.jmeter.protocol.http.parser.RegexpHTMLParser
2026-09-10 09:55:56,790 INFO o.a.j.p.h.s.HTTPSamplerBase: Parser for text/css is org.apache.jmeter.protocol.http.parser.CssParser
2026-09-10 09:55:56,823 INFO o.a.j.JMeter: Creating summariser <summary>
2026-09-10 09:55:56,839 INFO o.a.j.e.StandardJMeterEngine: Running the test!
2026-09-10 09:55:56,840 INFO o.a.j.s.SampleEvent: List of sample_variables: []
2026-09-10 09:55:56,840 INFO o.a.j.s.SampleEvent: List of sample_variables: []
2026-09-10 09:55:56,846 INFO o.a.j.e.u.CompoundVariable: Note: Function class names must contain the string: '.functions.'
2026-09-10 09:55:56,846 INFO o.a.j.e.u.CompoundVariable: Note: Function class names must not contain the string: '.gui.'
2026-09-10 09:55:57,083 INFO o.a.j.JMeter: Running test (1789044957083)
2026-09-10 09:55:57,105 INFO o.a.j.e.StandardJMeterEngine: Starting ThreadGroup: 1 : TCC order-create
2026-09-10 09:55:57,105 INFO o.a.j.e.StandardJMeterEngine: Starting 100 threads for group TCC order-create.
2026-09-10 09:55:57,105 INFO o.a.j.e.StandardJMeterEngine: Thread will continue on error
2026-09-10 09:55:57,105 INFO o.a.j.t.ThreadGroup: Starting thread group... number=1 threads=100 ramp-up=0 delayedStart=false
2026-09-10 09:55:57,112 INFO o.a.j.t.JMeterThread: Thread started: TCC order-create 1-3
2026-09-10 09:55:57,111 INFO o.a.j.t.JMeterThread: Thread started: TCC order-create 1-2
2026-09-10 09:55:57,112 INFO o.a.j.t.JMeterThread: Thread started: TCC order-create 1-1
2026-09-10 09:55:57,112 INFO o.a.j.t.JMeterThread: Thread started: TCC order-create 1-4
2026-09-10 09:55:57,113 INFO o.a.j.t.JMeterThread: Thread started: TCC order-create 1-5
2026-09-10 09:55:57,113 INFO o.a.j.t.JMeterThread: Thread started: TCC order-create 1-6
2026-09-10 09:55:57,114 INFO o.a.j.t.JMeterThread: Thread started: TCC order-create 1-7
2026-09-10 09:55:57,114 INFO o.a.j.t.JMeterThread: Thread started: TCC order-create 1-8
2026-09-10 09:55:57,115 INFO o.a.j.t.JMeterThread: Thread started: TCC order-create 1-9
2026-09-10 09:55:57,116 INFO o.a.j.t.JMeterThread: Thread started: TCC order-create 1-10
2026-09-10 09:55:57,116 INFO o.a.j.t.JMeterThread: Thread started: TCC order-create 1-11
2026-09-10 09:55:57,117 INFO o.a.j.t.JMeterThread: Thread started: TCC order-create 1-12
2026-09-10 09:55:57,118 INFO o.a.j.t.JMeterThread: Thread started: TCC order-create 1-13
2026-09-10 09:55:57,119 INFO o.a.j.t.JMeterThread: Thread started: TCC order-create 1-14
2026-09-10 09:55:57,120 INFO o.a.j.t.JMeterThread: Thread started: TCC order-create 1-15
2026-09-10 09:55:57,121 INFO o.a.j.t.JMeterThread: Thread started: TCC order-create 1-16
2026-09-10 09:55:57,122 INFO o.a.j.t.JMeterThread: Thread started: TCC order-create 1-17
2026-09-10 09:55:57,123 INFO o.a.j.t.JMeterThread: Thread started: TCC order-create 1-18
2026-09-10 09:55:57,124 INFO o.a.j.t.JMeterThread: Thread started: TCC order-create 1-19
2026-09-10 09:55:57,124 INFO o.a.j.t.JMeterThread: Thread started: TCC order-create 1-20
2026-09-10 09:55:57,125 INFO o.a.j.t.JMeterThread: Thread started: TCC order-create 1-21
2026-09-10 09:55:57,126 INFO o.a.j.t.JMeterThread: Thread started: TCC order-create 1-22
2026-09-10 09:55:57,126 INFO o.a.j.t.JMeterThread: Thread started: TCC order-create 1-23
2026-09-10 09:55:57,127 INFO o.a.j.t.JMeterThread: Thread started: TCC order-create 1-24
2026-09-10 09:55:57,128 INFO o.a.j.t.JMeterThread: Thread started: TCC order-create 1-25
2026-09-10 09:55:57,128 INFO o.a.j.t.JMeterThread: Thread started: TCC order-create 1-26
2026-09-10 09:55:57,129 INFO o.a.j.t.JMeterThread: Thread started: TCC order-create 1-27
2026-09-10 09:55:57,129 INFO o.a.j.t.JMeterThread: Thread started: TCC order-create 1-28
2026-09-10 09:55:57,130 INFO o.a.j.t.JMeterThread: Thread started: TCC order-create 1-29
2026-09-10 09:55:57,130 INFO o.a.j.t.JMeterThread: Thread started: TCC order-create 1-30
2026-09-10 09:55:57,131 INFO o.a.j.t.JMeterThread: Thread started: TCC order-create 1-31
2026-09-10 09:55:57,131 INFO o.a.j.t.JMeterThread: Thread started: TCC order-create 1-32
2026-09-10 09:55:57,132 INFO o.a.j.t.JMeterThread: Thread started: TCC order-create 1-33
2026-09-10 09:55:57,132 INFO o.a.j.t.JMeterThread: Thread started: TCC order-create 1-34
2026-09-10 09:55:57,133 INFO o.a.j.t.JMeterThread: Thread started: TCC order-create 1-35
2026-09-10 09:55:57,134 INFO o.a.j.t.JMeterThread: Thread started: TCC order-create 1-36
2026-09-10 09:55:57,135 INFO o.a.j.t.JMeterThread: Thread started: TCC order-create 1-37
2026-09-10 09:55:57,136 INFO o.a.j.t.JMeterThread: Thread started: TCC order-create 1-38
2026-09-10 09:55:57,137 INFO o.a.j.t.JMeterThread: Thread started: TCC order-create 1-40
2026-09-10 09:55:57,137 INFO o.a.j.t.JMeterThread: Thread started: TCC order-create 1-39
2026-09-10 09:55:57,138 INFO o.a.j.t.JMeterThread: Thread started: TCC order-create 1-41
2026-09-10 09:55:57,139 INFO o.a.j.t.JMeterThread: Thread started: TCC order-create 1-42
2026-09-10 09:55:57,140 INFO o.a.j.t.JMeterThread: Thread started: TCC order-create 1-43
2026-09-10 09:55:57,142 INFO o.a.j.t.JMeterThread: Thread started: TCC order-create 1-44
2026-09-10 09:55:57,143 INFO o.a.j.t.JMeterThread: Thread started: TCC order-create 1-45
2026-09-10 09:55:57,144 INFO o.a.j.t.JMeterThread: Thread started: TCC order-create 1-46
2026-09-10 09:55:57,145 INFO o.a.j.t.JMeterThread: Thread started: TCC order-create 1-47
2026-09-10 09:55:57,145 INFO o.a.j.t.JMeterThread: Thread started: TCC order-create 1-48
2026-09-10 09:55:57,146 INFO o.a.j.t.JMeterThread: Thread started: TCC order-create 1-49
2026-09-10 09:55:57,147 INFO o.a.j.t.JMeterThread: Thread started: TCC order-create 1-50
2026-09-10 09:55:57,147 INFO o.a.j.t.JMeterThread: Thread started: TCC order-create 1-51
2026-09-10 09:55:57,148 INFO o.a.j.t.JMeterThread: Thread started: TCC order-create 1-52
2026-09-10 09:55:57,149 INFO o.a.j.t.JMeterThread: Thread started: TCC order-create 1-53
2026-09-10 09:55:57,150 INFO o.a.j.t.JMeterThread: Thread started: TCC order-create 1-54
2026-09-10 09:55:57,151 INFO o.a.j.t.JMeterThread: Thread started: TCC order-create 1-55
2026-09-10 09:55:57,151 INFO o.a.j.t.JMeterThread: Thread started: TCC order-create 1-56
2026-09-10 09:55:57,152 INFO o.a.j.t.JMeterThread: Thread started: TCC order-create 1-57
2026-09-10 09:55:57,152 INFO o.a.j.t.JMeterThread: Thread started: TCC order-create 1-58
2026-09-10 09:55:57,154 INFO o.a.j.t.JMeterThread: Thread started: TCC order-create 1-59
2026-09-10 09:55:57,154 INFO o.a.j.t.JMeterThread: Thread started: TCC order-create 1-60
2026-09-10 09:55:57,155 INFO o.a.j.t.JMeterThread: Thread started: TCC order-create 1-61
2026-09-10 09:55:57,155 INFO o.a.j.t.JMeterThread: Thread started: TCC order-create 1-62
2026-09-10 09:55:57,156 INFO o.a.j.t.JMeterThread: Thread started: TCC order-create 1-63
2026-09-10 09:55:57,157 INFO o.a.j.t.JMeterThread: Thread started: TCC order-create 1-64
2026-09-10 09:55:57,158 INFO o.a.j.t.JMeterThread: Thread started: TCC order-create 1-65
2026-09-10 09:55:57,158 INFO o.a.j.t.JMeterThread: Thread started: TCC order-create 1-66
2026-09-10 09:55:57,159 INFO o.a.j.t.JMeterThread: Thread started: TCC order-create 1-67
2026-09-10 09:55:57,160 INFO o.a.j.t.JMeterThread: Thread started: TCC order-create 1-68
2026-09-10 09:55:57,160 INFO o.a.j.t.JMeterThread: Thread started: TCC order-create 1-69
2026-09-10 09:55:57,161 INFO o.a.j.t.JMeterThread: Thread started: TCC order-create 1-70
2026-09-10 09:55:57,161 INFO o.a.j.t.JMeterThread: Thread started: TCC order-create 1-71
2026-09-10 09:55:57,162 INFO o.a.j.t.JMeterThread: Thread started: TCC order-create 1-72
2026-09-10 09:55:57,162 INFO o.a.j.t.JMeterThread: Thread started: TCC order-create 1-73
2026-09-10 09:55:57,163 INFO o.a.j.t.JMeterThread: Thread started: TCC order-create 1-75
2026-09-10 09:55:57,163 INFO o.a.j.t.JMeterThread: Thread started: TCC order-create 1-74
2026-09-10 09:55:57,163 INFO o.a.j.t.JMeterThread: Thread started: TCC order-create 1-76
2026-09-10 09:55:57,164 INFO o.a.j.t.JMeterThread: Thread started: TCC order-create 1-77
2026-09-10 09:55:57,165 INFO o.a.j.t.JMeterThread: Thread started: TCC order-create 1-78
2026-09-10 09:55:57,166 INFO o.a.j.t.JMeterThread: Thread started: TCC order-create 1-79
2026-09-10 09:55:57,166 INFO o.a.j.t.JMeterThread: Thread started: TCC order-create 1-80
2026-09-10 09:55:57,166 INFO o.a.j.t.JMeterThread: Thread started: TCC order-create 1-81
2026-09-10 09:55:57,167 INFO o.a.j.t.JMeterThread: Thread started: TCC order-create 1-82
2026-09-10 09:55:57,167 INFO o.a.j.t.JMeterThread: Thread started: TCC order-create 1-83
2026-09-10 09:55:57,168 INFO o.a.j.t.JMeterThread: Thread started: TCC order-create 1-84
2026-09-10 09:55:57,169 INFO o.a.j.t.JMeterThread: Thread started: TCC order-create 1-85
2026-09-10 09:55:57,169 INFO o.a.j.t.JMeterThread: Thread started: TCC order-create 1-86
2026-09-10 09:55:57,170 INFO o.a.j.t.JMeterThread: Thread started: TCC order-create 1-87
2026-09-10 09:55:57,170 INFO o.a.j.t.JMeterThread: Thread started: TCC order-create 1-88
2026-09-10 09:55:57,171 INFO o.a.j.t.JMeterThread: Thread started: TCC order-create 1-89
2026-09-10 09:55:57,172 INFO o.a.j.t.JMeterThread: Thread started: TCC order-create 1-90
2026-09-10 09:55:57,172 INFO o.a.j.t.JMeterThread: Thread started: TCC order-create 1-91
2026-09-10 09:55:57,173 INFO o.a.j.t.JMeterThread: Thread started: TCC order-create 1-92
2026-09-10 09:55:57,173 INFO o.a.j.t.JMeterThread: Thread started: TCC order-create 1-93
2026-09-10 09:55:57,173 INFO o.a.j.t.JMeterThread: Thread started: TCC order-create 1-94
2026-09-10 09:55:57,174 INFO o.a.j.t.JMeterThread: Thread started: TCC order-create 1-95
2026-09-10 09:55:57,174 INFO o.a.j.t.JMeterThread: Thread started: TCC order-create 1-96
2026-09-10 09:55:57,175 INFO o.a.j.t.JMeterThread: Thread started: TCC order-create 1-97
2026-09-10 09:55:57,175 INFO o.a.j.t.JMeterThread: Thread started: TCC order-create 1-98
2026-09-10 09:55:57,176 INFO o.a.j.t.JMeterThread: Thread started: TCC order-create 1-99
2026-09-10 09:55:57,176 INFO o.a.j.t.ThreadGroup: Started thread group number 1
2026-09-10 09:55:57,176 INFO o.a.j.e.StandardJMeterEngine: All thread groups have been started
2026-09-10 09:55:57,176 INFO o.a.j.t.JMeterThread: Thread started: TCC order-create 1-100
2026-09-10 09:55:57,905 INFO o.a.j.p.h.s.HTTPHCAbstractImpl: Local host = pop-os
2026-09-10 09:55:57,913 INFO o.a.j.p.h.s.HTTPHC4Impl: HTTP request retry count = 0
2026-09-10 09:55:57,915 INFO o.a.j.s.SampleResult: Note: Sample TimeStamps are START times
2026-09-10 09:55:57,915 INFO o.a.j.s.SampleResult: sampleresult.default.encoding is set to UTF-8
2026-09-10 09:55:57,915 INFO o.a.j.s.SampleResult: sampleresult.useNanoTime=true
2026-09-10 09:55:57,915 INFO o.a.j.s.SampleResult: sampleresult.nanoThreadSleep=5000
2026-09-10 09:56:00,008 INFO o.a.j.r.Summariser: summary +     30 in 00:00:03 =   10.3/s Avg:  1222 Min:   414 Max:  2000 Err:     0 (0.00%) Active: 100 Started: 100 Finished: 0
2026-09-10 09:56:27,195 INFO o.a.j.t.JMeterThread: Stopping because end time detected by thread: TCC order-create 1-23
2026-09-10 09:56:27,195 INFO o.a.j.t.JMeterThread: Thread finished: TCC order-create 1-23
2026-09-10 09:56:27,249 INFO o.a.j.t.JMeterThread: Stopping because end time detected by thread: TCC order-create 1-4
2026-09-10 09:56:27,249 INFO o.a.j.t.JMeterThread: Thread finished: TCC order-create 1-4
2026-09-10 09:56:27,299 INFO o.a.j.t.JMeterThread: Stopping because end time detected by thread: TCC order-create 1-6
2026-09-10 09:56:27,300 INFO o.a.j.t.JMeterThread: Thread finished: TCC order-create 1-6
2026-09-10 09:56:27,351 INFO o.a.j.t.JMeterThread: Stopping because end time detected by thread: TCC order-create 1-21
2026-09-10 09:56:27,351 INFO o.a.j.t.JMeterThread: Thread finished: TCC order-create 1-21
2026-09-10 09:56:27,402 INFO o.a.j.t.JMeterThread: Stopping because end time detected by thread: TCC order-create 1-76
2026-09-10 09:56:27,402 INFO o.a.j.t.JMeterThread: Thread finished: TCC order-create 1-76
2026-09-10 09:56:27,460 INFO o.a.j.t.JMeterThread: Stopping because end time detected by thread: TCC order-create 1-40
2026-09-10 09:56:27,460 INFO o.a.j.t.JMeterThread: Thread finished: TCC order-create 1-40
2026-09-10 09:56:27,512 INFO o.a.j.t.JMeterThread: Stopping because end time detected by thread: TCC order-create 1-42
2026-09-10 09:56:27,513 INFO o.a.j.t.JMeterThread: Thread finished: TCC order-create 1-42
2026-09-10 09:56:27,571 INFO o.a.j.t.JMeterThread: Stopping because end time detected by thread: TCC order-create 1-60
2026-09-10 09:56:27,572 INFO o.a.j.t.JMeterThread: Thread finished: TCC order-create 1-60
2026-09-10 09:56:27,625 INFO o.a.j.t.JMeterThread: Stopping because end time detected by thread: TCC order-create 1-18
2026-09-10 09:56:27,626 INFO o.a.j.t.JMeterThread: Thread finished: TCC order-create 1-18
2026-09-10 09:56:27,679 INFO o.a.j.t.JMeterThread: Stopping because end time detected by thread: TCC order-create 1-34
2026-09-10 09:56:27,679 INFO o.a.j.t.JMeterThread: Thread finished: TCC order-create 1-34
2026-09-10 09:56:27,731 INFO o.a.j.t.JMeterThread: Stopping because end time detected by thread: TCC order-create 1-82
2026-09-10 09:56:27,731 INFO o.a.j.t.JMeterThread: Thread finished: TCC order-create 1-82
2026-09-10 09:56:27,782 INFO o.a.j.t.JMeterThread: Stopping because end time detected by thread: TCC order-create 1-44
2026-09-10 09:56:27,782 INFO o.a.j.t.JMeterThread: Thread finished: TCC order-create 1-44
2026-09-10 09:56:27,835 INFO o.a.j.t.JMeterThread: Stopping because end time detected by thread: TCC order-create 1-46
2026-09-10 09:56:27,835 INFO o.a.j.t.JMeterThread: Thread finished: TCC order-create 1-46
2026-09-10 09:56:27,889 INFO o.a.j.t.JMeterThread: Stopping because end time detected by thread: TCC order-create 1-39
2026-09-10 09:56:27,889 INFO o.a.j.t.JMeterThread: Thread finished: TCC order-create 1-39
2026-09-10 09:56:27,941 INFO o.a.j.t.JMeterThread: Stopping because end time detected by thread: TCC order-create 1-5
2026-09-10 09:56:27,941 INFO o.a.j.t.JMeterThread: Thread finished: TCC order-create 1-5
2026-09-10 09:56:27,992 INFO o.a.j.t.JMeterThread: Stopping because end time detected by thread: TCC order-create 1-43
2026-09-10 09:56:27,992 INFO o.a.j.t.JMeterThread: Thread finished: TCC order-create 1-43
2026-09-10 09:56:28,044 INFO o.a.j.t.JMeterThread: Stopping because end time detected by thread: TCC order-create 1-89
2026-09-10 09:56:28,044 INFO o.a.j.t.JMeterThread: Thread finished: TCC order-create 1-89
2026-09-10 09:56:28,096 INFO o.a.j.t.JMeterThread: Stopping because end time detected by thread: TCC order-create 1-2
2026-09-10 09:56:28,096 INFO o.a.j.t.JMeterThread: Thread finished: TCC order-create 1-2
2026-09-10 09:56:28,148 INFO o.a.j.t.JMeterThread: Stopping because end time detected by thread: TCC order-create 1-57
2026-09-10 09:56:28,148 INFO o.a.j.t.JMeterThread: Thread finished: TCC order-create 1-57
2026-09-10 09:56:28,201 INFO o.a.j.t.JMeterThread: Stopping because end time detected by thread: TCC order-create 1-77
2026-09-10 09:56:28,202 INFO o.a.j.t.JMeterThread: Thread finished: TCC order-create 1-77
2026-09-10 09:56:28,248 INFO o.a.j.t.JMeterThread: Stopping because end time detected by thread: TCC order-create 1-15
2026-09-10 09:56:28,248 INFO o.a.j.t.JMeterThread: Thread finished: TCC order-create 1-15
2026-09-10 09:56:28,298 INFO o.a.j.t.JMeterThread: Stopping because end time detected by thread: TCC order-create 1-92
2026-09-10 09:56:28,298 INFO o.a.j.t.JMeterThread: Thread finished: TCC order-create 1-92
2026-09-10 09:56:28,352 INFO o.a.j.t.JMeterThread: Stopping because end time detected by thread: TCC order-create 1-45
2026-09-10 09:56:28,352 INFO o.a.j.t.JMeterThread: Thread finished: TCC order-create 1-45
2026-09-10 09:56:28,404 INFO o.a.j.t.JMeterThread: Stopping because end time detected by thread: TCC order-create 1-36
2026-09-10 09:56:28,404 INFO o.a.j.t.JMeterThread: Thread finished: TCC order-create 1-36
2026-09-10 09:56:28,460 INFO o.a.j.t.JMeterThread: Stopping because end time detected by thread: TCC order-create 1-95
2026-09-10 09:56:28,460 INFO o.a.j.t.JMeterThread: Thread finished: TCC order-create 1-95
2026-09-10 09:56:28,510 INFO o.a.j.t.JMeterThread: Stopping because end time detected by thread: TCC order-create 1-61
2026-09-10 09:56:28,510 INFO o.a.j.t.JMeterThread: Thread finished: TCC order-create 1-61
2026-09-10 09:56:28,561 INFO o.a.j.t.JMeterThread: Stopping because end time detected by thread: TCC order-create 1-65
2026-09-10 09:56:28,562 INFO o.a.j.t.JMeterThread: Thread finished: TCC order-create 1-65
2026-09-10 09:56:28,617 INFO o.a.j.t.JMeterThread: Stopping because end time detected by thread: TCC order-create 1-14
2026-09-10 09:56:28,617 INFO o.a.j.t.JMeterThread: Thread finished: TCC order-create 1-14
2026-09-10 09:56:28,669 INFO o.a.j.t.JMeterThread: Stopping because end time detected by thread: TCC order-create 1-48
2026-09-10 09:56:28,669 INFO o.a.j.t.JMeterThread: Thread finished: TCC order-create 1-48
2026-09-10 09:56:28,730 INFO o.a.j.t.JMeterThread: Stopping because end time detected by thread: TCC order-create 1-78
2026-09-10 09:56:28,730 INFO o.a.j.t.JMeterThread: Thread finished: TCC order-create 1-78
2026-09-10 09:56:28,780 INFO o.a.j.t.JMeterThread: Stopping because end time detected by thread: TCC order-create 1-56
2026-09-10 09:56:28,780 INFO o.a.j.t.JMeterThread: Thread finished: TCC order-create 1-56
2026-09-10 09:56:28,832 INFO o.a.j.t.JMeterThread: Stopping because end time detected by thread: TCC order-create 1-63
2026-09-10 09:56:28,833 INFO o.a.j.t.JMeterThread: Thread finished: TCC order-create 1-63
2026-09-10 09:56:28,882 INFO o.a.j.t.JMeterThread: Stopping because end time detected by thread: TCC order-create 1-49
2026-09-10 09:56:28,882 INFO o.a.j.t.JMeterThread: Thread finished: TCC order-create 1-49
2026-09-10 09:56:28,944 INFO o.a.j.t.JMeterThread: Stopping because end time detected by thread: TCC order-create 1-72
2026-09-10 09:56:28,944 INFO o.a.j.t.JMeterThread: Thread finished: TCC order-create 1-72
2026-09-10 09:56:28,999 INFO o.a.j.t.JMeterThread: Stopping because end time detected by thread: TCC order-create 1-41
2026-09-10 09:56:28,999 INFO o.a.j.t.JMeterThread: Thread finished: TCC order-create 1-41
2026-09-10 09:56:29,053 INFO o.a.j.t.JMeterThread: Stopping because end time detected by thread: TCC order-create 1-88
2026-09-10 09:56:29,053 INFO o.a.j.t.JMeterThread: Thread finished: TCC order-create 1-88
2026-09-10 09:56:29,105 INFO o.a.j.t.JMeterThread: Stopping because end time detected by thread: TCC order-create 1-11
2026-09-10 09:56:29,105 INFO o.a.j.t.JMeterThread: Thread finished: TCC order-create 1-11
2026-09-10 09:56:29,160 INFO o.a.j.t.JMeterThread: Stopping because end time detected by thread: TCC order-create 1-10
2026-09-10 09:56:29,161 INFO o.a.j.t.JMeterThread: Thread finished: TCC order-create 1-10
2026-09-10 09:56:29,212 INFO o.a.j.t.JMeterThread: Stopping because end time detected by thread: TCC order-create 1-1
2026-09-10 09:56:29,212 INFO o.a.j.t.JMeterThread: Thread finished: TCC order-create 1-1
2026-09-10 09:56:29,263 INFO o.a.j.t.JMeterThread: Stopping because end time detected by thread: TCC order-create 1-16
2026-09-10 09:56:29,263 INFO o.a.j.t.JMeterThread: Thread finished: TCC order-create 1-16
2026-09-10 09:56:29,320 INFO o.a.j.t.JMeterThread: Stopping because end time detected by thread: TCC order-create 1-51
2026-09-10 09:56:29,321 INFO o.a.j.t.JMeterThread: Thread finished: TCC order-create 1-51
2026-09-10 09:56:29,375 INFO o.a.j.t.JMeterThread: Stopping because end time detected by thread: TCC order-create 1-81
2026-09-10 09:56:29,375 INFO o.a.j.t.JMeterThread: Thread finished: TCC order-create 1-81
2026-09-10 09:56:29,430 INFO o.a.j.t.JMeterThread: Stopping because end time detected by thread: TCC order-create 1-33
2026-09-10 09:56:29,430 INFO o.a.j.t.JMeterThread: Thread finished: TCC order-create 1-33
2026-09-10 09:56:29,484 INFO o.a.j.t.JMeterThread: Stopping because end time detected by thread: TCC order-create 1-37
2026-09-10 09:56:29,485 INFO o.a.j.t.JMeterThread: Thread finished: TCC order-create 1-37
2026-09-10 09:56:29,537 INFO o.a.j.t.JMeterThread: Stopping because end time detected by thread: TCC order-create 1-22
2026-09-10 09:56:29,537 INFO o.a.j.t.JMeterThread: Thread finished: TCC order-create 1-22
2026-09-10 09:56:29,590 INFO o.a.j.t.JMeterThread: Stopping because end time detected by thread: TCC order-create 1-29
2026-09-10 09:56:29,590 INFO o.a.j.t.JMeterThread: Thread finished: TCC order-create 1-29
2026-09-10 09:56:29,641 INFO o.a.j.t.JMeterThread: Stopping because end time detected by thread: TCC order-create 1-25
2026-09-10 09:56:29,642 INFO o.a.j.t.JMeterThread: Thread finished: TCC order-create 1-25
2026-09-10 09:56:29,695 INFO o.a.j.t.JMeterThread: Stopping because end time detected by thread: TCC order-create 1-50
2026-09-10 09:56:29,695 INFO o.a.j.t.JMeterThread: Thread finished: TCC order-create 1-50
2026-09-10 09:56:29,746 INFO o.a.j.t.JMeterThread: Stopping because end time detected by thread: TCC order-create 1-98
2026-09-10 09:56:29,746 INFO o.a.j.t.JMeterThread: Thread finished: TCC order-create 1-98
2026-09-10 09:56:29,795 INFO o.a.j.t.JMeterThread: Stopping because end time detected by thread: TCC order-create 1-69
2026-09-10 09:56:29,796 INFO o.a.j.t.JMeterThread: Thread finished: TCC order-create 1-69
2026-09-10 09:56:29,845 INFO o.a.j.t.JMeterThread: Stopping because end time detected by thread: TCC order-create 1-96
2026-09-10 09:56:29,845 INFO o.a.j.t.JMeterThread: Thread finished: TCC order-create 1-96
2026-09-10 09:56:29,897 INFO o.a.j.t.JMeterThread: Stopping because end time detected by thread: TCC order-create 1-59
2026-09-10 09:56:29,897 INFO o.a.j.t.JMeterThread: Thread finished: TCC order-create 1-59
2026-09-10 09:56:29,951 INFO o.a.j.t.JMeterThread: Stopping because end time detected by thread: TCC order-create 1-20
2026-09-10 09:56:29,951 INFO o.a.j.t.JMeterThread: Thread finished: TCC order-create 1-20
2026-09-10 09:56:30,003 INFO o.a.j.r.Summariser: summary +    561 in 00:00:30 =   18.7/s Avg:  5167 Min:  2054 Max:  5884 Err:     0 (0.00%) Active: 47 Started: 100 Finished: 53
2026-09-10 09:56:30,004 INFO o.a.j.r.Summariser: summary =    591 in 00:00:33 =   18.0/s Avg:  4967 Min:   414 Max:  5884 Err:     0 (0.00%)
2026-09-10 09:56:30,004 INFO o.a.j.t.JMeterThread: Stopping because end time detected by thread: TCC order-create 1-9
2026-09-10 09:56:30,004 INFO o.a.j.t.JMeterThread: Thread finished: TCC order-create 1-9
2026-09-10 09:56:30,057 INFO o.a.j.t.JMeterThread: Stopping because end time detected by thread: TCC order-create 1-99
2026-09-10 09:56:30,057 INFO o.a.j.t.JMeterThread: Thread finished: TCC order-create 1-99
2026-09-10 09:56:30,105 INFO o.a.j.t.JMeterThread: Stopping because end time detected by thread: TCC order-create 1-31
2026-09-10 09:56:30,105 INFO o.a.j.t.JMeterThread: Thread finished: TCC order-create 1-31
2026-09-10 09:56:30,167 INFO o.a.j.t.JMeterThread: Stopping because end time detected by thread: TCC order-create 1-26
2026-09-10 09:56:30,167 INFO o.a.j.t.JMeterThread: Thread finished: TCC order-create 1-26
2026-09-10 09:56:30,220 INFO o.a.j.t.JMeterThread: Stopping because end time detected by thread: TCC order-create 1-55
2026-09-10 09:56:30,220 INFO o.a.j.t.JMeterThread: Thread finished: TCC order-create 1-55
2026-09-10 09:56:30,273 INFO o.a.j.t.JMeterThread: Stopping because end time detected by thread: TCC order-create 1-91
2026-09-10 09:56:30,273 INFO o.a.j.t.JMeterThread: Thread finished: TCC order-create 1-91
2026-09-10 09:56:30,326 INFO o.a.j.t.JMeterThread: Stopping because end time detected by thread: TCC order-create 1-93
2026-09-10 09:56:30,326 INFO o.a.j.t.JMeterThread: Thread finished: TCC order-create 1-93
2026-09-10 09:56:30,381 INFO o.a.j.t.JMeterThread: Stopping because end time detected by thread: TCC order-create 1-70
2026-09-10 09:56:30,381 INFO o.a.j.t.JMeterThread: Thread finished: TCC order-create 1-70
2026-09-10 09:56:30,430 INFO o.a.j.t.JMeterThread: Stopping because end time detected by thread: TCC order-create 1-67
2026-09-10 09:56:30,430 INFO o.a.j.t.JMeterThread: Thread finished: TCC order-create 1-67
2026-09-10 09:56:30,481 INFO o.a.j.t.JMeterThread: Stopping because end time detected by thread: TCC order-create 1-85
2026-09-10 09:56:30,481 INFO o.a.j.t.JMeterThread: Thread finished: TCC order-create 1-85
2026-09-10 09:56:30,530 INFO o.a.j.t.JMeterThread: Stopping because end time detected by thread: TCC order-create 1-19
2026-09-10 09:56:30,530 INFO o.a.j.t.JMeterThread: Thread finished: TCC order-create 1-19
2026-09-10 09:56:30,582 INFO o.a.j.t.JMeterThread: Stopping because end time detected by thread: TCC order-create 1-30
2026-09-10 09:56:30,582 INFO o.a.j.t.JMeterThread: Thread finished: TCC order-create 1-30
2026-09-10 09:56:30,634 INFO o.a.j.t.JMeterThread: Stopping because end time detected by thread: TCC order-create 1-73
2026-09-10 09:56:30,634 INFO o.a.j.t.JMeterThread: Thread finished: TCC order-create 1-73
2026-09-10 09:56:30,687 INFO o.a.j.t.JMeterThread: Stopping because end time detected by thread: TCC order-create 1-53
2026-09-10 09:56:30,687 INFO o.a.j.t.JMeterThread: Thread finished: TCC order-create 1-53
2026-09-10 09:56:30,736 INFO o.a.j.t.JMeterThread: Stopping because end time detected by thread: TCC order-create 1-84
2026-09-10 09:56:30,736 INFO o.a.j.t.JMeterThread: Thread finished: TCC order-create 1-84
2026-09-10 09:56:30,790 INFO o.a.j.t.JMeterThread: Stopping because end time detected by thread: TCC order-create 1-75
2026-09-10 09:56:30,790 INFO o.a.j.t.JMeterThread: Thread finished: TCC order-create 1-75
2026-09-10 09:56:30,842 INFO o.a.j.t.JMeterThread: Stopping because end time detected by thread: TCC order-create 1-13
2026-09-10 09:56:30,843 INFO o.a.j.t.JMeterThread: Thread finished: TCC order-create 1-13
2026-09-10 09:56:30,948 INFO o.a.j.t.JMeterThread: Stopping because end time detected by thread: TCC order-create 1-7
2026-09-10 09:56:30,949 INFO o.a.j.t.JMeterThread: Thread finished: TCC order-create 1-7
2026-09-10 09:56:30,999 INFO o.a.j.t.JMeterThread: Stopping because end time detected by thread: TCC order-create 1-68
2026-09-10 09:56:30,999 INFO o.a.j.t.JMeterThread: Thread finished: TCC order-create 1-68
2026-09-10 09:56:31,049 INFO o.a.j.t.JMeterThread: Stopping because end time detected by thread: TCC order-create 1-12
2026-09-10 09:56:31,049 INFO o.a.j.t.JMeterThread: Thread finished: TCC order-create 1-12
2026-09-10 09:56:31,099 INFO o.a.j.t.JMeterThread: Stopping because end time detected by thread: TCC order-create 1-24
2026-09-10 09:56:31,099 INFO o.a.j.t.JMeterThread: Thread finished: TCC order-create 1-24
2026-09-10 09:56:31,150 INFO o.a.j.t.JMeterThread: Stopping because end time detected by thread: TCC order-create 1-83
2026-09-10 09:56:31,150 INFO o.a.j.t.JMeterThread: Thread finished: TCC order-create 1-83
2026-09-10 09:56:31,201 INFO o.a.j.t.JMeterThread: Stopping because end time detected by thread: TCC order-create 1-47
2026-09-10 09:56:31,201 INFO o.a.j.t.JMeterThread: Thread finished: TCC order-create 1-47
2026-09-10 09:56:31,252 INFO o.a.j.t.JMeterThread: Stopping because end time detected by thread: TCC order-create 1-80
2026-09-10 09:56:31,252 INFO o.a.j.t.JMeterThread: Thread finished: TCC order-create 1-80
2026-09-10 09:56:31,304 INFO o.a.j.t.JMeterThread: Stopping because end time detected by thread: TCC order-create 1-32
2026-09-10 09:56:31,305 INFO o.a.j.t.JMeterThread: Thread finished: TCC order-create 1-32
2026-09-10 09:56:31,359 INFO o.a.j.t.JMeterThread: Stopping because end time detected by thread: TCC order-create 1-94
2026-09-10 09:56:31,360 INFO o.a.j.t.JMeterThread: Thread finished: TCC order-create 1-94
2026-09-10 09:56:31,413 INFO o.a.j.t.JMeterThread: Stopping because end time detected by thread: TCC order-create 1-86
2026-09-10 09:56:31,413 INFO o.a.j.t.JMeterThread: Thread finished: TCC order-create 1-86
2026-09-10 09:56:31,466 INFO o.a.j.t.JMeterThread: Stopping because end time detected by thread: TCC order-create 1-64
2026-09-10 09:56:31,466 INFO o.a.j.t.JMeterThread: Thread finished: TCC order-create 1-64
2026-09-10 09:56:31,515 INFO o.a.j.t.JMeterThread: Stopping because end time detected by thread: TCC order-create 1-97
2026-09-10 09:56:31,515 INFO o.a.j.t.JMeterThread: Thread finished: TCC order-create 1-97
2026-09-10 09:56:31,565 INFO o.a.j.t.JMeterThread: Stopping because end time detected by thread: TCC order-create 1-54
2026-09-10 09:56:31,566 INFO o.a.j.t.JMeterThread: Thread finished: TCC order-create 1-54
2026-09-10 09:56:31,614 INFO o.a.j.t.JMeterThread: Stopping because end time detected by thread: TCC order-create 1-8
2026-09-10 09:56:31,614 INFO o.a.j.t.JMeterThread: Thread finished: TCC order-create 1-8
2026-09-10 09:56:31,665 INFO o.a.j.t.JMeterThread: Stopping because end time detected by thread: TCC order-create 1-79
2026-09-10 09:56:31,665 INFO o.a.j.t.JMeterThread: Thread finished: TCC order-create 1-79
2026-09-10 09:56:31,717 INFO o.a.j.t.JMeterThread: Stopping because end time detected by thread: TCC order-create 1-38
2026-09-10 09:56:31,718 INFO o.a.j.t.JMeterThread: Thread finished: TCC order-create 1-38
2026-09-10 09:56:31,775 INFO o.a.j.t.JMeterThread: Stopping because end time detected by thread: TCC order-create 1-27
2026-09-10 09:56:31,776 INFO o.a.j.t.JMeterThread: Thread finished: TCC order-create 1-27
2026-09-10 09:56:31,829 INFO o.a.j.t.JMeterThread: Stopping because end time detected by thread: TCC order-create 1-71
2026-09-10 09:56:31,829 INFO o.a.j.t.JMeterThread: Thread finished: TCC order-create 1-71
2026-09-10 09:56:31,885 INFO o.a.j.t.JMeterThread: Stopping because end time detected by thread: TCC order-create 1-28
2026-09-10 09:56:31,885 INFO o.a.j.t.JMeterThread: Thread finished: TCC order-create 1-28
2026-09-10 09:56:31,936 INFO o.a.j.t.JMeterThread: Stopping because end time detected by thread: TCC order-create 1-66
2026-09-10 09:56:31,936 INFO o.a.j.t.JMeterThread: Thread finished: TCC order-create 1-66
2026-09-10 09:56:31,989 INFO o.a.j.t.JMeterThread: Stopping because end time detected by thread: TCC order-create 1-74
2026-09-10 09:56:31,989 INFO o.a.j.t.JMeterThread: Thread finished: TCC order-create 1-74
2026-09-10 09:56:32,043 INFO o.a.j.t.JMeterThread: Stopping because end time detected by thread: TCC order-create 1-52
2026-09-10 09:56:32,043 INFO o.a.j.t.JMeterThread: Thread finished: TCC order-create 1-52
2026-09-10 09:56:32,094 INFO o.a.j.t.JMeterThread: Stopping because end time detected by thread: TCC order-create 1-62
2026-09-10 09:56:32,095 INFO o.a.j.t.JMeterThread: Thread finished: TCC order-create 1-62
2026-09-10 09:56:32,151 INFO o.a.j.t.JMeterThread: Stopping because end time detected by thread: TCC order-create 1-35
2026-09-10 09:56:32,151 INFO o.a.j.t.JMeterThread: Thread finished: TCC order-create 1-35
2026-09-10 09:56:32,203 INFO o.a.j.t.JMeterThread: Stopping because end time detected by thread: TCC order-create 1-90
2026-09-10 09:56:32,203 INFO o.a.j.t.JMeterThread: Thread finished: TCC order-create 1-90
2026-09-10 09:56:32,254 INFO o.a.j.t.JMeterThread: Stopping because end time detected by thread: TCC order-create 1-17
2026-09-10 09:56:32,254 INFO o.a.j.t.JMeterThread: Thread finished: TCC order-create 1-17
2026-09-10 09:56:32,303 INFO o.a.j.t.JMeterThread: Stopping because end time detected by thread: TCC order-create 1-3
2026-09-10 09:56:32,304 INFO o.a.j.t.JMeterThread: Thread finished: TCC order-create 1-3
2026-09-10 09:56:32,354 INFO o.a.j.t.JMeterThread: Stopping because end time detected by thread: TCC order-create 1-87
2026-09-10 09:56:32,355 INFO o.a.j.t.JMeterThread: Thread finished: TCC order-create 1-87
2026-09-10 09:56:32,408 INFO o.a.j.t.JMeterThread: Stopping because end time detected by thread: TCC order-create 1-100
2026-09-10 09:56:32,408 INFO o.a.j.t.JMeterThread: Thread finished: TCC order-create 1-100
2026-09-10 09:56:32,460 INFO o.a.j.t.JMeterThread: Stopping because end time detected by thread: TCC order-create 1-58
2026-09-10 09:56:32,461 INFO o.a.j.t.JMeterThread: Thread finished: TCC order-create 1-58
2026-09-10 09:56:32,461 INFO o.a.j.e.StandardJMeterEngine: Notifying test listeners of end of test
2026-09-10 09:56:32,464 INFO o.a.j.r.Summariser: summary +     46 in 00:00:02 =   18.7/s Avg:  5324 Min:  5308 Max:  5361 Err:     0 (0.00%) Active: 0 Started: 100 Finished: 100
2026-09-10 09:56:32,464 INFO o.a.j.r.Summariser: summary =    637 in 00:00:35 =   18.0/s Avg:  4993 Min:   414 Max:  5884 Err:     0 (0.00%)
