2026-09-10 04:00:13,684 INFO o.a.j.u.JMeterUtils: Setting Locale to en_EN
2026-09-10 04:00:13,700 INFO o.a.j.JMeter: Loading user properties from: /home/avituo/projects/tcc/tcc-container/.tools/apache-jmeter-5.6.3/bin/user.properties
2026-09-10 04:00:13,700 INFO o.a.j.JMeter: Loading system properties from: /home/avituo/projects/tcc/tcc-container/.tools/apache-jmeter-5.6.3/bin/system.properties
2026-09-10 04:00:13,700 INFO o.a.j.JMeter: Loading additional properties from: /home/avituo/projects/tcc/tcc-container/benchmark/jmeter/benchmark.properties
2026-09-10 04:00:13,701 INFO o.a.j.JMeter: Loading additional properties from: /tmp/tcc-benchmark-auth.dYMn5V/auth.properties
2026-09-10 04:00:13,701 INFO o.a.j.JMeter: Setting JMeter property: threads=25
2026-09-10 04:00:13,701 INFO o.a.j.JMeter: Setting JMeter property: duration_seconds=30
2026-09-10 04:00:13,701 INFO o.a.j.JMeter: Setting JMeter property: target_host=localhost
2026-09-10 04:00:13,701 INFO o.a.j.JMeter: Setting JMeter property: target_port=18080
2026-09-10 04:00:13,701 INFO o.a.j.JMeter: Setting JMeter property: tcc.order.id=20000000-0000-4000-8000-000000000001
2026-09-10 04:00:13,701 INFO o.a.j.JMeter: Setting JMeter property: repetition=2
2026-09-10 04:00:13,708 INFO o.a.j.JMeter: Copyright (c) 1998-2024 The Apache Software Foundation
2026-09-10 04:00:13,708 INFO o.a.j.JMeter: Version 5.6.3
2026-09-10 04:00:13,708 INFO o.a.j.JMeter: java.version=21.0.11
2026-09-10 04:00:13,708 INFO o.a.j.JMeter: java.vm.name=OpenJDK 64-Bit Server VM
2026-09-10 04:00:13,708 INFO o.a.j.JMeter: os.name=Linux
2026-09-10 04:00:13,708 INFO o.a.j.JMeter: os.arch=amd64
2026-09-10 04:00:13,708 INFO o.a.j.JMeter: os.version=7.0.11-76070011-generic
2026-09-10 04:00:13,708 INFO o.a.j.JMeter: file.encoding=UTF-8
2026-09-10 04:00:13,708 INFO o.a.j.JMeter: java.awt.headless=true
2026-09-10 04:00:13,709 INFO o.a.j.JMeter: Max memory     =1073741824
2026-09-10 04:00:13,709 INFO o.a.j.JMeter: Available Processors =16
2026-09-10 04:00:13,717 INFO o.a.j.JMeter: Default Locale=English (EN)
2026-09-10 04:00:13,717 INFO o.a.j.JMeter: JMeter  Locale=English (EN)
2026-09-10 04:00:13,717 INFO o.a.j.JMeter: JMeterHome=/home/avituo/projects/tcc/tcc-container/.tools/apache-jmeter-5.6.3
2026-09-10 04:00:13,717 INFO o.a.j.JMeter: user.dir  =/home/avituo/projects/tcc/tcc-container
2026-09-10 04:00:13,717 INFO o.a.j.JMeter: PWD       =/home/avituo/projects/tcc/tcc-container
2026-09-10 04:00:13,728 INFO o.a.j.JMeter: IP: 192.168.1.16 Name: pop-os FullName: pop-os.home
2026-09-10 04:00:13,740 INFO o.a.j.s.FileServer: Default base='/home/avituo/projects/tcc/tcc-container'
2026-09-10 04:00:13,742 INFO o.a.j.s.FileServer: Set new base='/home/avituo/projects/tcc/tcc-container/benchmark/jmeter'
2026-09-10 04:00:13,910 INFO o.a.j.s.SaveService: Testplan (JMX) version: 2.2. Testlog (JTL) version: 2.2
2026-09-10 04:00:13,936 INFO o.a.j.s.SaveService: Using SaveService properties version 5.0
2026-09-10 04:00:13,939 INFO o.a.j.s.SaveService: Using SaveService properties file encoding UTF-8
2026-09-10 04:00:13,943 INFO o.a.j.s.SaveService: Loading file: /home/avituo/projects/tcc/tcc-container/benchmark/jmeter/tcc-orders-v1.jmx
2026-09-10 04:00:13,995 INFO o.a.j.p.h.s.HTTPSamplerBase: Parser for text/html is org.apache.jmeter.protocol.http.parser.LagartoBasedHtmlParser
2026-09-10 04:00:13,995 INFO o.a.j.p.h.s.HTTPSamplerBase: Parser for application/xhtml+xml is org.apache.jmeter.protocol.http.parser.LagartoBasedHtmlParser
2026-09-10 04:00:13,995 INFO o.a.j.p.h.s.HTTPSamplerBase: Parser for application/xml is org.apache.jmeter.protocol.http.parser.LagartoBasedHtmlParser
2026-09-10 04:00:13,995 INFO o.a.j.p.h.s.HTTPSamplerBase: Parser for text/xml is org.apache.jmeter.protocol.http.parser.LagartoBasedHtmlParser
2026-09-10 04:00:13,995 INFO o.a.j.p.h.s.HTTPSamplerBase: Parser for text/vnd.wap.wml is org.apache.jmeter.protocol.http.parser.RegexpHTMLParser
2026-09-10 04:00:13,995 INFO o.a.j.p.h.s.HTTPSamplerBase: Parser for text/css is org.apache.jmeter.protocol.http.parser.CssParser
2026-09-10 04:00:14,027 INFO o.a.j.JMeter: Creating summariser <summary>
2026-09-10 04:00:14,049 INFO o.a.j.e.StandardJMeterEngine: Running the test!
2026-09-10 04:00:14,049 INFO o.a.j.s.SampleEvent: List of sample_variables: []
2026-09-10 04:00:14,049 INFO o.a.j.s.SampleEvent: List of sample_variables: []
2026-09-10 04:00:14,054 INFO o.a.j.e.u.CompoundVariable: Note: Function class names must contain the string: '.functions.'
2026-09-10 04:00:14,054 INFO o.a.j.e.u.CompoundVariable: Note: Function class names must not contain the string: '.gui.'
2026-09-10 04:00:14,295 INFO o.a.j.JMeter: Running test (1789023614295)
2026-09-10 04:00:14,318 INFO o.a.j.e.StandardJMeterEngine: Starting ThreadGroup: 1 : TCC orders
2026-09-10 04:00:14,319 INFO o.a.j.e.StandardJMeterEngine: Starting 25 threads for group TCC orders.
2026-09-10 04:00:14,319 INFO o.a.j.e.StandardJMeterEngine: Thread will continue on error
2026-09-10 04:00:14,319 INFO o.a.j.t.ThreadGroup: Starting thread group... number=1 threads=25 ramp-up=0 delayedStart=false
2026-09-10 04:00:14,326 INFO o.a.j.t.JMeterThread: Thread started: TCC orders 1-2
2026-09-10 04:00:14,326 INFO o.a.j.t.JMeterThread: Thread started: TCC orders 1-5
2026-09-10 04:00:14,326 INFO o.a.j.t.JMeterThread: Thread started: TCC orders 1-1
2026-09-10 04:00:14,326 INFO o.a.j.t.JMeterThread: Thread started: TCC orders 1-4
2026-09-10 04:00:14,326 INFO o.a.j.t.JMeterThread: Thread started: TCC orders 1-3
2026-09-10 04:00:14,326 INFO o.a.j.t.JMeterThread: Thread started: TCC orders 1-6
2026-09-10 04:00:14,327 INFO o.a.j.t.JMeterThread: Thread started: TCC orders 1-7
2026-09-10 04:00:14,328 INFO o.a.j.t.JMeterThread: Thread started: TCC orders 1-8
2026-09-10 04:00:14,328 INFO o.a.j.t.JMeterThread: Thread started: TCC orders 1-9
2026-09-10 04:00:14,329 INFO o.a.j.t.JMeterThread: Thread started: TCC orders 1-10
2026-09-10 04:00:14,330 INFO o.a.j.t.JMeterThread: Thread started: TCC orders 1-11
2026-09-10 04:00:14,330 INFO o.a.j.t.JMeterThread: Thread started: TCC orders 1-12
2026-09-10 04:00:14,331 INFO o.a.j.t.JMeterThread: Thread started: TCC orders 1-13
2026-09-10 04:00:14,332 INFO o.a.j.t.JMeterThread: Thread started: TCC orders 1-14
2026-09-10 04:00:14,333 INFO o.a.j.t.JMeterThread: Thread started: TCC orders 1-15
2026-09-10 04:00:14,335 INFO o.a.j.t.JMeterThread: Thread started: TCC orders 1-16
2026-09-10 04:00:14,335 INFO o.a.j.t.JMeterThread: Thread started: TCC orders 1-17
2026-09-10 04:00:14,336 INFO o.a.j.t.JMeterThread: Thread started: TCC orders 1-18
2026-09-10 04:00:14,337 INFO o.a.j.t.JMeterThread: Thread started: TCC orders 1-19
2026-09-10 04:00:14,337 INFO o.a.j.t.JMeterThread: Thread started: TCC orders 1-20
2026-09-10 04:00:14,338 INFO o.a.j.t.JMeterThread: Thread started: TCC orders 1-21
2026-09-10 04:00:14,339 INFO o.a.j.t.JMeterThread: Thread started: TCC orders 1-22
2026-09-10 04:00:14,339 INFO o.a.j.t.JMeterThread: Thread started: TCC orders 1-23
2026-09-10 04:00:14,340 INFO o.a.j.t.JMeterThread: Thread started: TCC orders 1-24
2026-09-10 04:00:14,340 INFO o.a.j.t.ThreadGroup: Started thread group number 1
2026-09-10 04:00:14,340 INFO o.a.j.e.StandardJMeterEngine: All thread groups have been started
2026-09-10 04:00:14,341 INFO o.a.j.t.JMeterThread: Thread started: TCC orders 1-25
2026-09-10 04:00:14,346 INFO o.a.j.p.h.s.HTTPHCAbstractImpl: Local host = pop-os
2026-09-10 04:00:14,352 INFO o.a.j.p.h.s.HTTPHC4Impl: HTTP request retry count = 0
2026-09-10 04:00:14,353 INFO o.a.j.s.SampleResult: Note: Sample TimeStamps are START times
2026-09-10 04:00:14,353 INFO o.a.j.s.SampleResult: sampleresult.default.encoding is set to UTF-8
2026-09-10 04:00:14,353 INFO o.a.j.s.SampleResult: sampleresult.useNanoTime=true
2026-09-10 04:00:14,354 INFO o.a.j.s.SampleResult: sampleresult.nanoThreadSleep=5000
2026-09-10 04:00:30,007 INFO o.a.j.r.Summariser: summary +   1573 in 00:00:16 =  100.1/s Avg:   234 Min:    41 Max:   540 Err:     0 (0.00%) Active: 25 Started: 25 Finished: 0
2026-09-10 04:00:44,328 INFO o.a.j.t.JMeterThread: Stopping because end time detected by thread: TCC orders 1-1
2026-09-10 04:00:44,329 INFO o.a.j.t.JMeterThread: Thread finished: TCC orders 1-1
2026-09-10 04:00:44,337 INFO o.a.j.t.JMeterThread: Stopping because end time detected by thread: TCC orders 1-2
2026-09-10 04:00:44,337 INFO o.a.j.t.JMeterThread: Thread finished: TCC orders 1-2
2026-09-10 04:00:44,345 INFO o.a.j.t.JMeterThread: Stopping because end time detected by thread: TCC orders 1-17
2026-09-10 04:00:44,346 INFO o.a.j.t.JMeterThread: Thread finished: TCC orders 1-17
2026-09-10 04:00:44,353 INFO o.a.j.t.JMeterThread: Stopping because end time detected by thread: TCC orders 1-19
2026-09-10 04:00:44,354 INFO o.a.j.t.JMeterThread: Thread finished: TCC orders 1-19
2026-09-10 04:00:44,362 INFO o.a.j.t.JMeterThread: Stopping because end time detected by thread: TCC orders 1-9
2026-09-10 04:00:44,362 INFO o.a.j.t.JMeterThread: Thread finished: TCC orders 1-9
2026-09-10 04:00:44,370 INFO o.a.j.t.JMeterThread: Stopping because end time detected by thread: TCC orders 1-24
2026-09-10 04:00:44,370 INFO o.a.j.t.JMeterThread: Thread finished: TCC orders 1-24
2026-09-10 04:00:44,379 INFO o.a.j.t.JMeterThread: Stopping because end time detected by thread: TCC orders 1-12
2026-09-10 04:00:44,379 INFO o.a.j.t.JMeterThread: Thread finished: TCC orders 1-12
2026-09-10 04:00:44,387 INFO o.a.j.t.JMeterThread: Stopping because end time detected by thread: TCC orders 1-25
2026-09-10 04:00:44,387 INFO o.a.j.t.JMeterThread: Thread finished: TCC orders 1-25
2026-09-10 04:00:44,396 INFO o.a.j.t.JMeterThread: Stopping because end time detected by thread: TCC orders 1-14
2026-09-10 04:00:44,396 INFO o.a.j.t.JMeterThread: Thread finished: TCC orders 1-14
2026-09-10 04:00:44,404 INFO o.a.j.t.JMeterThread: Stopping because end time detected by thread: TCC orders 1-11
2026-09-10 04:00:44,404 INFO o.a.j.t.JMeterThread: Thread finished: TCC orders 1-11
2026-09-10 04:00:44,413 INFO o.a.j.t.JMeterThread: Stopping because end time detected by thread: TCC orders 1-13
2026-09-10 04:00:44,413 INFO o.a.j.t.JMeterThread: Thread finished: TCC orders 1-13
2026-09-10 04:00:44,421 INFO o.a.j.t.JMeterThread: Stopping because end time detected by thread: TCC orders 1-7
2026-09-10 04:00:44,421 INFO o.a.j.t.JMeterThread: Thread finished: TCC orders 1-7
2026-09-10 04:00:44,429 INFO o.a.j.t.JMeterThread: Stopping because end time detected by thread: TCC orders 1-15
2026-09-10 04:00:44,429 INFO o.a.j.t.JMeterThread: Thread finished: TCC orders 1-15
2026-09-10 04:00:44,437 INFO o.a.j.t.JMeterThread: Stopping because end time detected by thread: TCC orders 1-16
2026-09-10 04:00:44,438 INFO o.a.j.t.JMeterThread: Thread finished: TCC orders 1-16
2026-09-10 04:00:44,446 INFO o.a.j.t.JMeterThread: Stopping because end time detected by thread: TCC orders 1-5
2026-09-10 04:00:44,446 INFO o.a.j.t.JMeterThread: Thread finished: TCC orders 1-5
2026-09-10 04:00:44,455 INFO o.a.j.t.JMeterThread: Stopping because end time detected by thread: TCC orders 1-23
2026-09-10 04:00:44,455 INFO o.a.j.t.JMeterThread: Thread finished: TCC orders 1-23
2026-09-10 04:00:44,464 INFO o.a.j.t.JMeterThread: Stopping because end time detected by thread: TCC orders 1-8
2026-09-10 04:00:44,464 INFO o.a.j.t.JMeterThread: Thread finished: TCC orders 1-8
2026-09-10 04:00:44,472 INFO o.a.j.t.JMeterThread: Stopping because end time detected by thread: TCC orders 1-20
2026-09-10 04:00:44,472 INFO o.a.j.t.JMeterThread: Thread finished: TCC orders 1-20
2026-09-10 04:00:44,481 INFO o.a.j.t.JMeterThread: Stopping because end time detected by thread: TCC orders 1-22
2026-09-10 04:00:44,481 INFO o.a.j.t.JMeterThread: Thread finished: TCC orders 1-22
2026-09-10 04:00:44,490 INFO o.a.j.t.JMeterThread: Stopping because end time detected by thread: TCC orders 1-3
2026-09-10 04:00:44,490 INFO o.a.j.t.JMeterThread: Thread finished: TCC orders 1-3
2026-09-10 04:00:44,499 INFO o.a.j.t.JMeterThread: Stopping because end time detected by thread: TCC orders 1-18
2026-09-10 04:00:44,499 INFO o.a.j.t.JMeterThread: Thread finished: TCC orders 1-18
2026-09-10 04:00:44,507 INFO o.a.j.t.JMeterThread: Stopping because end time detected by thread: TCC orders 1-10
2026-09-10 04:00:44,508 INFO o.a.j.t.JMeterThread: Thread finished: TCC orders 1-10
2026-09-10 04:00:44,516 INFO o.a.j.t.JMeterThread: Stopping because end time detected by thread: TCC orders 1-6
2026-09-10 04:00:44,517 INFO o.a.j.t.JMeterThread: Thread finished: TCC orders 1-6
2026-09-10 04:00:44,525 INFO o.a.j.t.JMeterThread: Stopping because end time detected by thread: TCC orders 1-21
2026-09-10 04:00:44,525 INFO o.a.j.t.JMeterThread: Thread finished: TCC orders 1-21
2026-09-10 04:00:44,534 INFO o.a.j.t.JMeterThread: Stopping because end time detected by thread: TCC orders 1-4
2026-09-10 04:00:44,534 INFO o.a.j.t.JMeterThread: Thread finished: TCC orders 1-4
2026-09-10 04:00:44,534 INFO o.a.j.e.StandardJMeterEngine: Notifying test listeners of end of test
2026-09-10 04:00:44,538 INFO o.a.j.r.Summariser: summary +   1654 in 00:00:15 =  113.8/s Avg:   218 Min:   208 Max:   240 Err:     0 (0.00%) Active: 0 Started: 25 Finished: 25
2026-09-10 04:00:44,538 INFO o.a.j.r.Summariser: summary =   3227 in 00:00:30 =  106.7/s Avg:   226 Min:    41 Max:   540 Err:     0 (0.00%)
