2026-09-10 05:08:55,162 INFO o.a.j.u.JMeterUtils: Setting Locale to en_EN
2026-09-10 05:08:55,178 INFO o.a.j.JMeter: Loading user properties from: /home/avituo/projects/tcc/tcc-container/.tools/apache-jmeter-5.6.3/bin/user.properties
2026-09-10 05:08:55,178 INFO o.a.j.JMeter: Loading system properties from: /home/avituo/projects/tcc/tcc-container/.tools/apache-jmeter-5.6.3/bin/system.properties
2026-09-10 05:08:55,179 INFO o.a.j.JMeter: Loading additional properties from: /home/avituo/projects/tcc/tcc-container/benchmark/jmeter/benchmark.properties
2026-09-10 05:08:55,179 INFO o.a.j.JMeter: Loading additional properties from: /tmp/tcc-benchmark-auth.bNQeKd/auth.properties
2026-09-10 05:08:55,179 INFO o.a.j.JMeter: Loading additional properties from: /home/avituo/projects/tcc/tcc-container/benchmark/results/laravel-13.20.0/final/orders/c100/r1/microservices/thread-counters.properties
2026-09-10 05:08:55,179 INFO o.a.j.JMeter: Setting JMeter property: threads=100
2026-09-10 05:08:55,179 INFO o.a.j.JMeter: Setting JMeter property: duration_seconds=120
2026-09-10 05:08:55,179 INFO o.a.j.JMeter: Setting JMeter property: target_host=localhost
2026-09-10 05:08:55,180 INFO o.a.j.JMeter: Setting JMeter property: target_port=18080
2026-09-10 05:08:55,180 INFO o.a.j.JMeter: Setting JMeter property: tcc.order.id=20000000-0000-4000-8000-000000000001
2026-09-10 05:08:55,180 INFO o.a.j.JMeter: Setting JMeter property: repetition=1
2026-09-10 05:08:55,188 INFO o.a.j.JMeter: Copyright (c) 1998-2024 The Apache Software Foundation
2026-09-10 05:08:55,188 INFO o.a.j.JMeter: Version 5.6.3
2026-09-10 05:08:55,188 INFO o.a.j.JMeter: java.version=21.0.11
2026-09-10 05:08:55,188 INFO o.a.j.JMeter: java.vm.name=OpenJDK 64-Bit Server VM
2026-09-10 05:08:55,188 INFO o.a.j.JMeter: os.name=Linux
2026-09-10 05:08:55,189 INFO o.a.j.JMeter: os.arch=amd64
2026-09-10 05:08:55,189 INFO o.a.j.JMeter: os.version=7.0.11-76070011-generic
2026-09-10 05:08:55,189 INFO o.a.j.JMeter: file.encoding=UTF-8
2026-09-10 05:08:55,189 INFO o.a.j.JMeter: java.awt.headless=true
2026-09-10 05:08:55,189 INFO o.a.j.JMeter: Max memory     =1073741824
2026-09-10 05:08:55,189 INFO o.a.j.JMeter: Available Processors =16
2026-09-10 05:08:55,197 INFO o.a.j.JMeter: Default Locale=English (EN)
2026-09-10 05:08:55,197 INFO o.a.j.JMeter: JMeter  Locale=English (EN)
2026-09-10 05:08:55,197 INFO o.a.j.JMeter: JMeterHome=/home/avituo/projects/tcc/tcc-container/.tools/apache-jmeter-5.6.3
2026-09-10 05:08:55,197 INFO o.a.j.JMeter: user.dir  =/home/avituo/projects/tcc/tcc-container
2026-09-10 05:08:55,198 INFO o.a.j.JMeter: PWD       =/home/avituo/projects/tcc/tcc-container
2026-09-10 05:08:55,210 INFO o.a.j.JMeter: IP: 192.168.1.16 Name: pop-os FullName: pop-os.home
2026-09-10 05:08:55,221 INFO o.a.j.s.FileServer: Default base='/home/avituo/projects/tcc/tcc-container'
2026-09-10 05:08:55,223 INFO o.a.j.s.FileServer: Set new base='/home/avituo/projects/tcc/tcc-container/benchmark/jmeter'
2026-09-10 05:08:55,400 INFO o.a.j.s.SaveService: Testplan (JMX) version: 2.2. Testlog (JTL) version: 2.2
2026-09-10 05:08:55,426 INFO o.a.j.s.SaveService: Using SaveService properties version 5.0
2026-09-10 05:08:55,430 INFO o.a.j.s.SaveService: Using SaveService properties file encoding UTF-8
2026-09-10 05:08:55,433 INFO o.a.j.s.SaveService: Loading file: /home/avituo/projects/tcc/tcc-container/benchmark/jmeter/tcc-orders-v1.jmx
2026-09-10 05:08:55,482 INFO o.a.j.p.h.s.HTTPSamplerBase: Parser for text/html is org.apache.jmeter.protocol.http.parser.LagartoBasedHtmlParser
2026-09-10 05:08:55,482 INFO o.a.j.p.h.s.HTTPSamplerBase: Parser for application/xhtml+xml is org.apache.jmeter.protocol.http.parser.LagartoBasedHtmlParser
2026-09-10 05:08:55,482 INFO o.a.j.p.h.s.HTTPSamplerBase: Parser for application/xml is org.apache.jmeter.protocol.http.parser.LagartoBasedHtmlParser
2026-09-10 05:08:55,482 INFO o.a.j.p.h.s.HTTPSamplerBase: Parser for text/xml is org.apache.jmeter.protocol.http.parser.LagartoBasedHtmlParser
2026-09-10 05:08:55,483 INFO o.a.j.p.h.s.HTTPSamplerBase: Parser for text/vnd.wap.wml is org.apache.jmeter.protocol.http.parser.RegexpHTMLParser
2026-09-10 05:08:55,483 INFO o.a.j.p.h.s.HTTPSamplerBase: Parser for text/css is org.apache.jmeter.protocol.http.parser.CssParser
2026-09-10 05:08:55,516 INFO o.a.j.JMeter: Creating summariser <summary>
2026-09-10 05:08:55,534 INFO o.a.j.e.StandardJMeterEngine: Running the test!
2026-09-10 05:08:55,534 INFO o.a.j.s.SampleEvent: List of sample_variables: []
2026-09-10 05:08:55,534 INFO o.a.j.s.SampleEvent: List of sample_variables: []
2026-09-10 05:08:55,540 INFO o.a.j.e.u.CompoundVariable: Note: Function class names must contain the string: '.functions.'
2026-09-10 05:08:55,540 INFO o.a.j.e.u.CompoundVariable: Note: Function class names must not contain the string: '.gui.'
2026-09-10 05:08:55,777 INFO o.a.j.JMeter: Running test (1789027735777)
2026-09-10 05:08:55,798 INFO o.a.j.e.StandardJMeterEngine: Starting ThreadGroup: 1 : TCC orders
2026-09-10 05:08:55,798 INFO o.a.j.e.StandardJMeterEngine: Starting 100 threads for group TCC orders.
2026-09-10 05:08:55,798 INFO o.a.j.e.StandardJMeterEngine: Thread will continue on error
2026-09-10 05:08:55,799 INFO o.a.j.t.ThreadGroup: Starting thread group... number=1 threads=100 ramp-up=0 delayedStart=false
2026-09-10 05:08:55,805 INFO o.a.j.t.JMeterThread: Thread started: TCC orders 1-5
2026-09-10 05:08:55,805 INFO o.a.j.t.JMeterThread: Thread started: TCC orders 1-2
2026-09-10 05:08:55,805 INFO o.a.j.t.JMeterThread: Thread started: TCC orders 1-3
2026-09-10 05:08:55,806 INFO o.a.j.t.JMeterThread: Thread started: TCC orders 1-1
2026-09-10 05:08:55,806 INFO o.a.j.t.JMeterThread: Thread started: TCC orders 1-4
2026-09-10 05:08:55,806 INFO o.a.j.t.JMeterThread: Thread started: TCC orders 1-6
2026-09-10 05:08:55,806 INFO o.a.j.t.JMeterThread: Thread started: TCC orders 1-7
2026-09-10 05:08:55,807 INFO o.a.j.t.JMeterThread: Thread started: TCC orders 1-8
2026-09-10 05:08:55,807 INFO o.a.j.t.JMeterThread: Thread started: TCC orders 1-9
2026-09-10 05:08:55,808 INFO o.a.j.t.JMeterThread: Thread started: TCC orders 1-10
2026-09-10 05:08:55,808 INFO o.a.j.t.JMeterThread: Thread started: TCC orders 1-11
2026-09-10 05:08:55,809 INFO o.a.j.t.JMeterThread: Thread started: TCC orders 1-12
2026-09-10 05:08:55,810 INFO o.a.j.t.JMeterThread: Thread started: TCC orders 1-13
2026-09-10 05:08:55,811 INFO o.a.j.t.JMeterThread: Thread started: TCC orders 1-14
2026-09-10 05:08:55,812 INFO o.a.j.t.JMeterThread: Thread started: TCC orders 1-15
2026-09-10 05:08:55,813 INFO o.a.j.t.JMeterThread: Thread started: TCC orders 1-16
2026-09-10 05:08:55,814 INFO o.a.j.t.JMeterThread: Thread started: TCC orders 1-17
2026-09-10 05:08:55,814 INFO o.a.j.t.JMeterThread: Thread started: TCC orders 1-18
2026-09-10 05:08:55,815 INFO o.a.j.t.JMeterThread: Thread started: TCC orders 1-19
2026-09-10 05:08:55,815 INFO o.a.j.t.JMeterThread: Thread started: TCC orders 1-20
2026-09-10 05:08:55,816 INFO o.a.j.t.JMeterThread: Thread started: TCC orders 1-21
2026-09-10 05:08:55,816 INFO o.a.j.t.JMeterThread: Thread started: TCC orders 1-22
2026-09-10 05:08:55,817 INFO o.a.j.t.JMeterThread: Thread started: TCC orders 1-23
2026-09-10 05:08:55,818 INFO o.a.j.t.JMeterThread: Thread started: TCC orders 1-24
2026-09-10 05:08:55,818 INFO o.a.j.t.JMeterThread: Thread started: TCC orders 1-25
2026-09-10 05:08:55,818 INFO o.a.j.t.JMeterThread: Thread started: TCC orders 1-26
2026-09-10 05:08:55,818 INFO o.a.j.t.JMeterThread: Thread started: TCC orders 1-27
2026-09-10 05:08:55,819 INFO o.a.j.t.JMeterThread: Thread started: TCC orders 1-28
2026-09-10 05:08:55,820 INFO o.a.j.t.JMeterThread: Thread started: TCC orders 1-29
2026-09-10 05:08:55,820 INFO o.a.j.t.JMeterThread: Thread started: TCC orders 1-30
2026-09-10 05:08:55,821 INFO o.a.j.t.JMeterThread: Thread started: TCC orders 1-31
2026-09-10 05:08:55,821 INFO o.a.j.t.JMeterThread: Thread started: TCC orders 1-32
2026-09-10 05:08:55,821 INFO o.a.j.t.JMeterThread: Thread started: TCC orders 1-33
2026-09-10 05:08:55,822 INFO o.a.j.t.JMeterThread: Thread started: TCC orders 1-35
2026-09-10 05:08:55,822 INFO o.a.j.t.JMeterThread: Thread started: TCC orders 1-34
2026-09-10 05:08:55,822 INFO o.a.j.t.JMeterThread: Thread started: TCC orders 1-36
2026-09-10 05:08:55,823 INFO o.a.j.t.JMeterThread: Thread started: TCC orders 1-37
2026-09-10 05:08:55,823 INFO o.a.j.t.JMeterThread: Thread started: TCC orders 1-38
2026-09-10 05:08:55,824 INFO o.a.j.t.JMeterThread: Thread started: TCC orders 1-39
2026-09-10 05:08:55,824 INFO o.a.j.t.JMeterThread: Thread started: TCC orders 1-40
2026-09-10 05:08:55,824 INFO o.a.j.t.JMeterThread: Thread started: TCC orders 1-41
2026-09-10 05:08:55,825 INFO o.a.j.t.JMeterThread: Thread started: TCC orders 1-42
2026-09-10 05:08:55,825 INFO o.a.j.t.JMeterThread: Thread started: TCC orders 1-43
2026-09-10 05:08:55,825 INFO o.a.j.t.JMeterThread: Thread started: TCC orders 1-44
2026-09-10 05:08:55,826 INFO o.a.j.t.JMeterThread: Thread started: TCC orders 1-45
2026-09-10 05:08:55,826 INFO o.a.j.t.JMeterThread: Thread started: TCC orders 1-46
2026-09-10 05:08:55,827 INFO o.a.j.t.JMeterThread: Thread started: TCC orders 1-47
2026-09-10 05:08:55,827 INFO o.a.j.t.JMeterThread: Thread started: TCC orders 1-48
2026-09-10 05:08:55,827 INFO o.a.j.t.JMeterThread: Thread started: TCC orders 1-49
2026-09-10 05:08:55,827 INFO o.a.j.t.JMeterThread: Thread started: TCC orders 1-50
2026-09-10 05:08:55,828 INFO o.a.j.t.JMeterThread: Thread started: TCC orders 1-52
2026-09-10 05:08:55,828 INFO o.a.j.t.JMeterThread: Thread started: TCC orders 1-51
2026-09-10 05:08:55,829 INFO o.a.j.t.JMeterThread: Thread started: TCC orders 1-53
2026-09-10 05:08:55,829 INFO o.a.j.t.JMeterThread: Thread started: TCC orders 1-54
2026-09-10 05:08:55,830 INFO o.a.j.t.JMeterThread: Thread started: TCC orders 1-55
2026-09-10 05:08:55,830 INFO o.a.j.t.JMeterThread: Thread started: TCC orders 1-56
2026-09-10 05:08:55,830 INFO o.a.j.t.JMeterThread: Thread started: TCC orders 1-57
2026-09-10 05:08:55,831 INFO o.a.j.t.JMeterThread: Thread started: TCC orders 1-58
2026-09-10 05:08:55,831 INFO o.a.j.t.JMeterThread: Thread started: TCC orders 1-59
2026-09-10 05:08:55,831 INFO o.a.j.t.JMeterThread: Thread started: TCC orders 1-60
2026-09-10 05:08:55,832 INFO o.a.j.t.JMeterThread: Thread started: TCC orders 1-61
2026-09-10 05:08:55,832 INFO o.a.j.p.h.s.HTTPHCAbstractImpl: Local host = pop-os
2026-09-10 05:08:55,833 INFO o.a.j.t.JMeterThread: Thread started: TCC orders 1-62
2026-09-10 05:08:55,833 INFO o.a.j.t.JMeterThread: Thread started: TCC orders 1-63
2026-09-10 05:08:55,834 INFO o.a.j.t.JMeterThread: Thread started: TCC orders 1-64
2026-09-10 05:08:55,834 INFO o.a.j.t.JMeterThread: Thread started: TCC orders 1-65
2026-09-10 05:08:55,835 INFO o.a.j.t.JMeterThread: Thread started: TCC orders 1-66
2026-09-10 05:08:55,835 INFO o.a.j.t.JMeterThread: Thread started: TCC orders 1-67
2026-09-10 05:08:55,835 INFO o.a.j.t.JMeterThread: Thread started: TCC orders 1-68
2026-09-10 05:08:55,835 INFO o.a.j.t.JMeterThread: Thread started: TCC orders 1-69
2026-09-10 05:08:55,836 INFO o.a.j.t.JMeterThread: Thread started: TCC orders 1-70
2026-09-10 05:08:55,836 INFO o.a.j.t.JMeterThread: Thread started: TCC orders 1-71
2026-09-10 05:08:55,836 INFO o.a.j.t.JMeterThread: Thread started: TCC orders 1-72
2026-09-10 05:08:55,837 INFO o.a.j.t.JMeterThread: Thread started: TCC orders 1-73
2026-09-10 05:08:55,837 INFO o.a.j.t.JMeterThread: Thread started: TCC orders 1-74
2026-09-10 05:08:55,838 INFO o.a.j.t.JMeterThread: Thread started: TCC orders 1-75
2026-09-10 05:08:55,838 INFO o.a.j.t.JMeterThread: Thread started: TCC orders 1-76
2026-09-10 05:08:55,838 INFO o.a.j.t.JMeterThread: Thread started: TCC orders 1-77
2026-09-10 05:08:55,839 INFO o.a.j.t.JMeterThread: Thread started: TCC orders 1-79
2026-09-10 05:08:55,839 INFO o.a.j.t.JMeterThread: Thread started: TCC orders 1-78
2026-09-10 05:08:55,839 INFO o.a.j.t.JMeterThread: Thread started: TCC orders 1-80
2026-09-10 05:08:55,839 INFO o.a.j.t.JMeterThread: Thread started: TCC orders 1-81
2026-09-10 05:08:55,840 INFO o.a.j.t.JMeterThread: Thread started: TCC orders 1-82
2026-09-10 05:08:55,840 INFO o.a.j.t.JMeterThread: Thread started: TCC orders 1-83
2026-09-10 05:08:55,840 INFO o.a.j.t.JMeterThread: Thread started: TCC orders 1-84
2026-09-10 05:08:55,841 INFO o.a.j.t.JMeterThread: Thread started: TCC orders 1-85
2026-09-10 05:08:55,841 INFO o.a.j.t.JMeterThread: Thread started: TCC orders 1-86
2026-09-10 05:08:55,841 INFO o.a.j.t.JMeterThread: Thread started: TCC orders 1-87
2026-09-10 05:08:55,842 INFO o.a.j.t.JMeterThread: Thread started: TCC orders 1-88
2026-09-10 05:08:55,842 INFO o.a.j.t.JMeterThread: Thread started: TCC orders 1-89
2026-09-10 05:08:55,842 INFO o.a.j.t.JMeterThread: Thread started: TCC orders 1-90
2026-09-10 05:08:55,843 INFO o.a.j.t.JMeterThread: Thread started: TCC orders 1-91
2026-09-10 05:08:55,843 INFO o.a.j.t.JMeterThread: Thread started: TCC orders 1-92
2026-09-10 05:08:55,843 INFO o.a.j.t.JMeterThread: Thread started: TCC orders 1-93
2026-09-10 05:08:55,843 INFO o.a.j.t.JMeterThread: Thread started: TCC orders 1-94
2026-09-10 05:08:55,844 INFO o.a.j.t.JMeterThread: Thread started: TCC orders 1-95
2026-09-10 05:08:55,844 INFO o.a.j.t.JMeterThread: Thread started: TCC orders 1-96
2026-09-10 05:08:55,844 INFO o.a.j.t.JMeterThread: Thread started: TCC orders 1-97
2026-09-10 05:08:55,844 INFO o.a.j.p.h.s.HTTPHC4Impl: HTTP request retry count = 0
2026-09-10 05:08:55,845 INFO o.a.j.t.JMeterThread: Thread started: TCC orders 1-98
2026-09-10 05:08:55,845 INFO o.a.j.t.JMeterThread: Thread started: TCC orders 1-99
2026-09-10 05:08:55,845 INFO o.a.j.t.ThreadGroup: Started thread group number 1
2026-09-10 05:08:55,846 INFO o.a.j.e.StandardJMeterEngine: All thread groups have been started
2026-09-10 05:08:55,846 INFO o.a.j.t.JMeterThread: Thread started: TCC orders 1-100
2026-09-10 05:08:55,847 INFO o.a.j.s.SampleResult: Note: Sample TimeStamps are START times
2026-09-10 05:08:55,847 INFO o.a.j.s.SampleResult: sampleresult.default.encoding is set to UTF-8
2026-09-10 05:08:55,847 INFO o.a.j.s.SampleResult: sampleresult.useNanoTime=true
2026-09-10 05:08:55,847 INFO o.a.j.s.SampleResult: sampleresult.nanoThreadSleep=5000
2026-09-10 05:09:00,010 INFO o.a.j.r.Summariser: summary +    394 in 00:00:04 =   93.1/s Avg:   812 Min:   118 Max:  1354 Err:     0 (0.00%) Active: 100 Started: 100 Finished: 0
2026-09-10 05:09:30,008 INFO o.a.j.r.Summariser: summary +   3482 in 00:00:30 =  116.1/s Avg:   861 Min:   835 Max:   931 Err:     0 (0.00%) Active: 100 Started: 100 Finished: 0
2026-09-10 05:09:30,008 INFO o.a.j.r.Summariser: summary =   3876 in 00:00:34 =  113.2/s Avg:   856 Min:   118 Max:  1354 Err:     0 (0.00%)
2026-09-10 05:10:00,003 INFO o.a.j.r.Summariser: summary +   3498 in 00:00:30 =  116.6/s Avg:   857 Min:   830 Max:   914 Err:     0 (0.00%) Active: 100 Started: 100 Finished: 0
2026-09-10 05:10:00,003 INFO o.a.j.r.Summariser: summary =   7374 in 00:01:04 =  114.8/s Avg:   856 Min:   118 Max:  1354 Err:     0 (0.00%)
2026-09-10 05:10:30,001 INFO o.a.j.r.Summariser: summary +   3504 in 00:00:30 =  116.8/s Avg:   855 Min:   826 Max:   930 Err:     0 (0.00%) Active: 100 Started: 100 Finished: 0
2026-09-10 05:10:30,002 INFO o.a.j.r.Summariser: summary =  10878 in 00:01:34 =  115.4/s Avg:   856 Min:   118 Max:  1354 Err:     0 (0.00%)
2026-09-10 05:10:55,843 INFO o.a.j.t.JMeterThread: Stopping because end time detected by thread: TCC orders 1-26
2026-09-10 05:10:55,843 INFO o.a.j.t.JMeterThread: Thread finished: TCC orders 1-26
2026-09-10 05:10:55,851 INFO o.a.j.t.JMeterThread: Stopping because end time detected by thread: TCC orders 1-34
2026-09-10 05:10:55,852 INFO o.a.j.t.JMeterThread: Thread finished: TCC orders 1-34
2026-09-10 05:10:55,860 INFO o.a.j.t.JMeterThread: Stopping because end time detected by thread: TCC orders 1-43
2026-09-10 05:10:55,860 INFO o.a.j.t.JMeterThread: Thread finished: TCC orders 1-43
2026-09-10 05:10:55,869 INFO o.a.j.t.JMeterThread: Stopping because end time detected by thread: TCC orders 1-37
2026-09-10 05:10:55,869 INFO o.a.j.t.JMeterThread: Thread finished: TCC orders 1-37
2026-09-10 05:10:55,877 INFO o.a.j.t.JMeterThread: Stopping because end time detected by thread: TCC orders 1-76
2026-09-10 05:10:55,878 INFO o.a.j.t.JMeterThread: Thread finished: TCC orders 1-76
2026-09-10 05:10:55,886 INFO o.a.j.t.JMeterThread: Stopping because end time detected by thread: TCC orders 1-35
2026-09-10 05:10:55,886 INFO o.a.j.t.JMeterThread: Thread finished: TCC orders 1-35
2026-09-10 05:10:55,895 INFO o.a.j.t.JMeterThread: Stopping because end time detected by thread: TCC orders 1-21
2026-09-10 05:10:55,895 INFO o.a.j.t.JMeterThread: Thread finished: TCC orders 1-21
2026-09-10 05:10:55,904 INFO o.a.j.t.JMeterThread: Stopping because end time detected by thread: TCC orders 1-11
2026-09-10 05:10:55,904 INFO o.a.j.t.JMeterThread: Thread finished: TCC orders 1-11
2026-09-10 05:10:55,913 INFO o.a.j.t.JMeterThread: Stopping because end time detected by thread: TCC orders 1-12
2026-09-10 05:10:55,913 INFO o.a.j.t.JMeterThread: Thread finished: TCC orders 1-12
2026-09-10 05:10:55,921 INFO o.a.j.t.JMeterThread: Stopping because end time detected by thread: TCC orders 1-20
2026-09-10 05:10:55,921 INFO o.a.j.t.JMeterThread: Thread finished: TCC orders 1-20
2026-09-10 05:10:55,930 INFO o.a.j.t.JMeterThread: Stopping because end time detected by thread: TCC orders 1-61
2026-09-10 05:10:55,930 INFO o.a.j.t.JMeterThread: Thread finished: TCC orders 1-61
2026-09-10 05:10:55,938 INFO o.a.j.t.JMeterThread: Stopping because end time detected by thread: TCC orders 1-62
2026-09-10 05:10:55,938 INFO o.a.j.t.JMeterThread: Thread finished: TCC orders 1-62
2026-09-10 05:10:55,947 INFO o.a.j.t.JMeterThread: Stopping because end time detected by thread: TCC orders 1-59
2026-09-10 05:10:55,947 INFO o.a.j.t.JMeterThread: Thread finished: TCC orders 1-59
2026-09-10 05:10:55,956 INFO o.a.j.t.JMeterThread: Stopping because end time detected by thread: TCC orders 1-82
2026-09-10 05:10:55,956 INFO o.a.j.t.JMeterThread: Thread finished: TCC orders 1-82
2026-09-10 05:10:55,964 INFO o.a.j.t.JMeterThread: Stopping because end time detected by thread: TCC orders 1-98
2026-09-10 05:10:55,964 INFO o.a.j.t.JMeterThread: Thread finished: TCC orders 1-98
2026-09-10 05:10:55,973 INFO o.a.j.t.JMeterThread: Stopping because end time detected by thread: TCC orders 1-30
2026-09-10 05:10:55,973 INFO o.a.j.t.JMeterThread: Thread finished: TCC orders 1-30
2026-09-10 05:10:55,981 INFO o.a.j.t.JMeterThread: Stopping because end time detected by thread: TCC orders 1-3
2026-09-10 05:10:55,981 INFO o.a.j.t.JMeterThread: Thread finished: TCC orders 1-3
2026-09-10 05:10:55,990 INFO o.a.j.t.JMeterThread: Stopping because end time detected by thread: TCC orders 1-93
2026-09-10 05:10:55,990 INFO o.a.j.t.JMeterThread: Thread finished: TCC orders 1-93
2026-09-10 05:10:55,998 INFO o.a.j.t.JMeterThread: Stopping because end time detected by thread: TCC orders 1-19
2026-09-10 05:10:55,998 INFO o.a.j.t.JMeterThread: Thread finished: TCC orders 1-19
2026-09-10 05:10:56,007 INFO o.a.j.t.JMeterThread: Stopping because end time detected by thread: TCC orders 1-65
2026-09-10 05:10:56,007 INFO o.a.j.t.JMeterThread: Thread finished: TCC orders 1-65
2026-09-10 05:10:56,015 INFO o.a.j.t.JMeterThread: Stopping because end time detected by thread: TCC orders 1-73
2026-09-10 05:10:56,015 INFO o.a.j.t.JMeterThread: Thread finished: TCC orders 1-73
2026-09-10 05:10:56,024 INFO o.a.j.t.JMeterThread: Stopping because end time detected by thread: TCC orders 1-6
2026-09-10 05:10:56,024 INFO o.a.j.t.JMeterThread: Thread finished: TCC orders 1-6
2026-09-10 05:10:56,033 INFO o.a.j.t.JMeterThread: Stopping because end time detected by thread: TCC orders 1-67
2026-09-10 05:10:56,033 INFO o.a.j.t.JMeterThread: Thread finished: TCC orders 1-67
2026-09-10 05:10:56,042 INFO o.a.j.t.JMeterThread: Stopping because end time detected by thread: TCC orders 1-64
2026-09-10 05:10:56,042 INFO o.a.j.t.JMeterThread: Thread finished: TCC orders 1-64
2026-09-10 05:10:56,050 INFO o.a.j.t.JMeterThread: Stopping because end time detected by thread: TCC orders 1-44
2026-09-10 05:10:56,050 INFO o.a.j.t.JMeterThread: Thread finished: TCC orders 1-44
2026-09-10 05:10:56,060 INFO o.a.j.t.JMeterThread: Stopping because end time detected by thread: TCC orders 1-71
2026-09-10 05:10:56,060 INFO o.a.j.t.JMeterThread: Thread finished: TCC orders 1-71
2026-09-10 05:10:56,069 INFO o.a.j.t.JMeterThread: Stopping because end time detected by thread: TCC orders 1-89
2026-09-10 05:10:56,069 INFO o.a.j.t.JMeterThread: Thread finished: TCC orders 1-89
2026-09-10 05:10:56,077 INFO o.a.j.t.JMeterThread: Stopping because end time detected by thread: TCC orders 1-57
2026-09-10 05:10:56,077 INFO o.a.j.t.JMeterThread: Thread finished: TCC orders 1-57
2026-09-10 05:10:56,086 INFO o.a.j.t.JMeterThread: Stopping because end time detected by thread: TCC orders 1-58
2026-09-10 05:10:56,086 INFO o.a.j.t.JMeterThread: Thread finished: TCC orders 1-58
2026-09-10 05:10:56,094 INFO o.a.j.t.JMeterThread: Stopping because end time detected by thread: TCC orders 1-29
2026-09-10 05:10:56,094 INFO o.a.j.t.JMeterThread: Thread finished: TCC orders 1-29
2026-09-10 05:10:56,104 INFO o.a.j.t.JMeterThread: Stopping because end time detected by thread: TCC orders 1-84
2026-09-10 05:10:56,104 INFO o.a.j.t.JMeterThread: Thread finished: TCC orders 1-84
2026-09-10 05:10:56,113 INFO o.a.j.t.JMeterThread: Stopping because end time detected by thread: TCC orders 1-13
2026-09-10 05:10:56,113 INFO o.a.j.t.JMeterThread: Thread finished: TCC orders 1-13
2026-09-10 05:10:56,121 INFO o.a.j.t.JMeterThread: Stopping because end time detected by thread: TCC orders 1-55
2026-09-10 05:10:56,121 INFO o.a.j.t.JMeterThread: Thread finished: TCC orders 1-55
2026-09-10 05:10:56,130 INFO o.a.j.t.JMeterThread: Stopping because end time detected by thread: TCC orders 1-31
2026-09-10 05:10:56,130 INFO o.a.j.t.JMeterThread: Thread finished: TCC orders 1-31
2026-09-10 05:10:56,138 INFO o.a.j.t.JMeterThread: Stopping because end time detected by thread: TCC orders 1-91
2026-09-10 05:10:56,138 INFO o.a.j.t.JMeterThread: Thread finished: TCC orders 1-91
2026-09-10 05:10:56,147 INFO o.a.j.t.JMeterThread: Stopping because end time detected by thread: TCC orders 1-28
2026-09-10 05:10:56,147 INFO o.a.j.t.JMeterThread: Thread finished: TCC orders 1-28
2026-09-10 05:10:56,155 INFO o.a.j.t.JMeterThread: Stopping because end time detected by thread: TCC orders 1-87
2026-09-10 05:10:56,155 INFO o.a.j.t.JMeterThread: Thread finished: TCC orders 1-87
2026-09-10 05:10:56,165 INFO o.a.j.t.JMeterThread: Stopping because end time detected by thread: TCC orders 1-9
2026-09-10 05:10:56,165 INFO o.a.j.t.JMeterThread: Thread finished: TCC orders 1-9
2026-09-10 05:10:56,173 INFO o.a.j.t.JMeterThread: Stopping because end time detected by thread: TCC orders 1-83
2026-09-10 05:10:56,173 INFO o.a.j.t.JMeterThread: Thread finished: TCC orders 1-83
2026-09-10 05:10:56,182 INFO o.a.j.t.JMeterThread: Stopping because end time detected by thread: TCC orders 1-75
2026-09-10 05:10:56,182 INFO o.a.j.t.JMeterThread: Thread finished: TCC orders 1-75
2026-09-10 05:10:56,191 INFO o.a.j.t.JMeterThread: Stopping because end time detected by thread: TCC orders 1-32
2026-09-10 05:10:56,191 INFO o.a.j.t.JMeterThread: Thread finished: TCC orders 1-32
2026-09-10 05:10:56,199 INFO o.a.j.t.JMeterThread: Stopping because end time detected by thread: TCC orders 1-70
2026-09-10 05:10:56,199 INFO o.a.j.t.JMeterThread: Thread finished: TCC orders 1-70
2026-09-10 05:10:56,209 INFO o.a.j.t.JMeterThread: Stopping because end time detected by thread: TCC orders 1-10
2026-09-10 05:10:56,209 INFO o.a.j.t.JMeterThread: Thread finished: TCC orders 1-10
2026-09-10 05:10:56,219 INFO o.a.j.t.JMeterThread: Stopping because end time detected by thread: TCC orders 1-66
2026-09-10 05:10:56,219 INFO o.a.j.t.JMeterThread: Thread finished: TCC orders 1-66
2026-09-10 05:10:56,226 INFO o.a.j.t.JMeterThread: Stopping because end time detected by thread: TCC orders 1-49
2026-09-10 05:10:56,227 INFO o.a.j.t.JMeterThread: Thread finished: TCC orders 1-49
2026-09-10 05:10:56,234 INFO o.a.j.t.JMeterThread: Stopping because end time detected by thread: TCC orders 1-94
2026-09-10 05:10:56,235 INFO o.a.j.t.JMeterThread: Thread finished: TCC orders 1-94
2026-09-10 05:10:56,243 INFO o.a.j.t.JMeterThread: Stopping because end time detected by thread: TCC orders 1-7
2026-09-10 05:10:56,243 INFO o.a.j.t.JMeterThread: Thread finished: TCC orders 1-7
2026-09-10 05:10:56,251 INFO o.a.j.t.JMeterThread: Stopping because end time detected by thread: TCC orders 1-14
2026-09-10 05:10:56,251 INFO o.a.j.t.JMeterThread: Thread finished: TCC orders 1-14
2026-09-10 05:10:56,259 INFO o.a.j.t.JMeterThread: Stopping because end time detected by thread: TCC orders 1-54
2026-09-10 05:10:56,259 INFO o.a.j.t.JMeterThread: Thread finished: TCC orders 1-54
2026-09-10 05:10:56,268 INFO o.a.j.t.JMeterThread: Stopping because end time detected by thread: TCC orders 1-63
2026-09-10 05:10:56,268 INFO o.a.j.t.JMeterThread: Thread finished: TCC orders 1-63
2026-09-10 05:10:56,276 INFO o.a.j.t.JMeterThread: Stopping because end time detected by thread: TCC orders 1-22
2026-09-10 05:10:56,277 INFO o.a.j.t.JMeterThread: Thread finished: TCC orders 1-22
2026-09-10 05:10:56,286 INFO o.a.j.t.JMeterThread: Stopping because end time detected by thread: TCC orders 1-16
2026-09-10 05:10:56,286 INFO o.a.j.t.JMeterThread: Thread finished: TCC orders 1-16
2026-09-10 05:10:56,295 INFO o.a.j.t.JMeterThread: Stopping because end time detected by thread: TCC orders 1-50
2026-09-10 05:10:56,295 INFO o.a.j.t.JMeterThread: Thread finished: TCC orders 1-50
2026-09-10 05:10:56,303 INFO o.a.j.t.JMeterThread: Stopping because end time detected by thread: TCC orders 1-33
2026-09-10 05:10:56,303 INFO o.a.j.t.JMeterThread: Thread finished: TCC orders 1-33
2026-09-10 05:10:56,313 INFO o.a.j.t.JMeterThread: Stopping because end time detected by thread: TCC orders 1-90
2026-09-10 05:10:56,313 INFO o.a.j.t.JMeterThread: Thread finished: TCC orders 1-90
2026-09-10 05:10:56,321 INFO o.a.j.t.JMeterThread: Stopping because end time detected by thread: TCC orders 1-40
2026-09-10 05:10:56,321 INFO o.a.j.t.JMeterThread: Thread finished: TCC orders 1-40
2026-09-10 05:10:56,330 INFO o.a.j.t.JMeterThread: Stopping because end time detected by thread: TCC orders 1-8
2026-09-10 05:10:56,330 INFO o.a.j.t.JMeterThread: Thread finished: TCC orders 1-8
2026-09-10 05:10:56,338 INFO o.a.j.t.JMeterThread: Stopping because end time detected by thread: TCC orders 1-68
2026-09-10 05:10:56,339 INFO o.a.j.t.JMeterThread: Thread finished: TCC orders 1-68
2026-09-10 05:10:56,347 INFO o.a.j.t.JMeterThread: Stopping because end time detected by thread: TCC orders 1-1
2026-09-10 05:10:56,347 INFO o.a.j.t.JMeterThread: Thread finished: TCC orders 1-1
2026-09-10 05:10:56,355 INFO o.a.j.t.JMeterThread: Stopping because end time detected by thread: TCC orders 1-95
2026-09-10 05:10:56,355 INFO o.a.j.t.JMeterThread: Thread finished: TCC orders 1-95
2026-09-10 05:10:56,364 INFO o.a.j.t.JMeterThread: Stopping because end time detected by thread: TCC orders 1-18
2026-09-10 05:10:56,364 INFO o.a.j.t.JMeterThread: Thread finished: TCC orders 1-18
2026-09-10 05:10:56,372 INFO o.a.j.t.JMeterThread: Stopping because end time detected by thread: TCC orders 1-74
2026-09-10 05:10:56,373 INFO o.a.j.t.JMeterThread: Thread finished: TCC orders 1-74
2026-09-10 05:10:56,381 INFO o.a.j.t.JMeterThread: Stopping because end time detected by thread: TCC orders 1-15
2026-09-10 05:10:56,381 INFO o.a.j.t.JMeterThread: Thread finished: TCC orders 1-15
2026-09-10 05:10:56,390 INFO o.a.j.t.JMeterThread: Stopping because end time detected by thread: TCC orders 1-25
2026-09-10 05:10:56,390 INFO o.a.j.t.JMeterThread: Thread finished: TCC orders 1-25
2026-09-10 05:10:56,398 INFO o.a.j.t.JMeterThread: Stopping because end time detected by thread: TCC orders 1-85
2026-09-10 05:10:56,398 INFO o.a.j.t.JMeterThread: Thread finished: TCC orders 1-85
2026-09-10 05:10:56,407 INFO o.a.j.t.JMeterThread: Stopping because end time detected by thread: TCC orders 1-72
2026-09-10 05:10:56,407 INFO o.a.j.t.JMeterThread: Thread finished: TCC orders 1-72
2026-09-10 05:10:56,416 INFO o.a.j.t.JMeterThread: Stopping because end time detected by thread: TCC orders 1-45
2026-09-10 05:10:56,416 INFO o.a.j.t.JMeterThread: Thread finished: TCC orders 1-45
2026-09-10 05:10:56,424 INFO o.a.j.t.JMeterThread: Stopping because end time detected by thread: TCC orders 1-5
2026-09-10 05:10:56,424 INFO o.a.j.t.JMeterThread: Thread finished: TCC orders 1-5
2026-09-10 05:10:56,432 INFO o.a.j.t.JMeterThread: Stopping because end time detected by thread: TCC orders 1-39
2026-09-10 05:10:56,432 INFO o.a.j.t.JMeterThread: Thread finished: TCC orders 1-39
2026-09-10 05:10:56,441 INFO o.a.j.t.JMeterThread: Stopping because end time detected by thread: TCC orders 1-78
2026-09-10 05:10:56,441 INFO o.a.j.t.JMeterThread: Thread finished: TCC orders 1-78
2026-09-10 05:10:56,449 INFO o.a.j.t.JMeterThread: Stopping because end time detected by thread: TCC orders 1-53
2026-09-10 05:10:56,449 INFO o.a.j.t.JMeterThread: Thread finished: TCC orders 1-53
2026-09-10 05:10:56,458 INFO o.a.j.t.JMeterThread: Stopping because end time detected by thread: TCC orders 1-46
2026-09-10 05:10:56,458 INFO o.a.j.t.JMeterThread: Thread finished: TCC orders 1-46
2026-09-10 05:10:56,466 INFO o.a.j.t.JMeterThread: Stopping because end time detected by thread: TCC orders 1-60
2026-09-10 05:10:56,467 INFO o.a.j.t.JMeterThread: Thread finished: TCC orders 1-60
2026-09-10 05:10:56,475 INFO o.a.j.t.JMeterThread: Stopping because end time detected by thread: TCC orders 1-86
2026-09-10 05:10:56,475 INFO o.a.j.t.JMeterThread: Thread finished: TCC orders 1-86
2026-09-10 05:10:56,484 INFO o.a.j.t.JMeterThread: Stopping because end time detected by thread: TCC orders 1-27
2026-09-10 05:10:56,484 INFO o.a.j.t.JMeterThread: Thread finished: TCC orders 1-27
2026-09-10 05:10:56,492 INFO o.a.j.t.JMeterThread: Stopping because end time detected by thread: TCC orders 1-80
2026-09-10 05:10:56,492 INFO o.a.j.t.JMeterThread: Thread finished: TCC orders 1-80
2026-09-10 05:10:56,500 INFO o.a.j.t.JMeterThread: Stopping because end time detected by thread: TCC orders 1-88
2026-09-10 05:10:56,501 INFO o.a.j.t.JMeterThread: Thread finished: TCC orders 1-88
2026-09-10 05:10:56,509 INFO o.a.j.t.JMeterThread: Stopping because end time detected by thread: TCC orders 1-4
2026-09-10 05:10:56,510 INFO o.a.j.t.JMeterThread: Thread finished: TCC orders 1-4
2026-09-10 05:10:56,518 INFO o.a.j.t.JMeterThread: Stopping because end time detected by thread: TCC orders 1-47
2026-09-10 05:10:56,518 INFO o.a.j.t.JMeterThread: Thread finished: TCC orders 1-47
2026-09-10 05:10:56,526 INFO o.a.j.t.JMeterThread: Stopping because end time detected by thread: TCC orders 1-41
2026-09-10 05:10:56,526 INFO o.a.j.t.JMeterThread: Thread finished: TCC orders 1-41
2026-09-10 05:10:56,535 INFO o.a.j.t.JMeterThread: Stopping because end time detected by thread: TCC orders 1-2
2026-09-10 05:10:56,535 INFO o.a.j.t.JMeterThread: Thread finished: TCC orders 1-2
2026-09-10 05:10:56,543 INFO o.a.j.t.JMeterThread: Stopping because end time detected by thread: TCC orders 1-24
2026-09-10 05:10:56,544 INFO o.a.j.t.JMeterThread: Thread finished: TCC orders 1-24
2026-09-10 05:10:56,551 INFO o.a.j.t.JMeterThread: Stopping because end time detected by thread: TCC orders 1-97
2026-09-10 05:10:56,552 INFO o.a.j.t.JMeterThread: Thread finished: TCC orders 1-97
2026-09-10 05:10:56,560 INFO o.a.j.t.JMeterThread: Stopping because end time detected by thread: TCC orders 1-99
2026-09-10 05:10:56,560 INFO o.a.j.t.JMeterThread: Thread finished: TCC orders 1-99
2026-09-10 05:10:56,569 INFO o.a.j.t.JMeterThread: Stopping because end time detected by thread: TCC orders 1-17
2026-09-10 05:10:56,569 INFO o.a.j.t.JMeterThread: Thread finished: TCC orders 1-17
2026-09-10 05:10:56,579 INFO o.a.j.t.JMeterThread: Stopping because end time detected by thread: TCC orders 1-52
2026-09-10 05:10:56,579 INFO o.a.j.t.JMeterThread: Thread finished: TCC orders 1-52
2026-09-10 05:10:56,587 INFO o.a.j.t.JMeterThread: Stopping because end time detected by thread: TCC orders 1-96
2026-09-10 05:10:56,587 INFO o.a.j.t.JMeterThread: Thread finished: TCC orders 1-96
2026-09-10 05:10:56,596 INFO o.a.j.t.JMeterThread: Stopping because end time detected by thread: TCC orders 1-23
2026-09-10 05:10:56,596 INFO o.a.j.t.JMeterThread: Thread finished: TCC orders 1-23
2026-09-10 05:10:56,603 INFO o.a.j.t.JMeterThread: Stopping because end time detected by thread: TCC orders 1-48
2026-09-10 05:10:56,603 INFO o.a.j.t.JMeterThread: Thread finished: TCC orders 1-48
2026-09-10 05:10:56,611 INFO o.a.j.t.JMeterThread: Stopping because end time detected by thread: TCC orders 1-100
2026-09-10 05:10:56,612 INFO o.a.j.t.JMeterThread: Thread finished: TCC orders 1-100
2026-09-10 05:10:56,620 INFO o.a.j.t.JMeterThread: Stopping because end time detected by thread: TCC orders 1-56
2026-09-10 05:10:56,620 INFO o.a.j.t.JMeterThread: Thread finished: TCC orders 1-56
2026-09-10 05:10:56,628 INFO o.a.j.t.JMeterThread: Stopping because end time detected by thread: TCC orders 1-77
2026-09-10 05:10:56,628 INFO o.a.j.t.JMeterThread: Thread finished: TCC orders 1-77
2026-09-10 05:10:56,636 INFO o.a.j.t.JMeterThread: Stopping because end time detected by thread: TCC orders 1-42
2026-09-10 05:10:56,636 INFO o.a.j.t.JMeterThread: Thread finished: TCC orders 1-42
2026-09-10 05:10:56,644 INFO o.a.j.t.JMeterThread: Stopping because end time detected by thread: TCC orders 1-38
2026-09-10 05:10:56,644 INFO o.a.j.t.JMeterThread: Thread finished: TCC orders 1-38
2026-09-10 05:10:56,654 INFO o.a.j.t.JMeterThread: Stopping because end time detected by thread: TCC orders 1-51
2026-09-10 05:10:56,654 INFO o.a.j.t.JMeterThread: Thread finished: TCC orders 1-51
2026-09-10 05:10:56,662 INFO o.a.j.t.JMeterThread: Stopping because end time detected by thread: TCC orders 1-69
2026-09-10 05:10:56,662 INFO o.a.j.t.JMeterThread: Thread finished: TCC orders 1-69
2026-09-10 05:10:56,670 INFO o.a.j.t.JMeterThread: Stopping because end time detected by thread: TCC orders 1-79
2026-09-10 05:10:56,670 INFO o.a.j.t.JMeterThread: Thread finished: TCC orders 1-79
2026-09-10 05:10:56,678 INFO o.a.j.t.JMeterThread: Stopping because end time detected by thread: TCC orders 1-36
2026-09-10 05:10:56,678 INFO o.a.j.t.JMeterThread: Thread finished: TCC orders 1-36
2026-09-10 05:10:56,687 INFO o.a.j.t.JMeterThread: Stopping because end time detected by thread: TCC orders 1-92
2026-09-10 05:10:56,687 INFO o.a.j.t.JMeterThread: Thread finished: TCC orders 1-92
2026-09-10 05:10:56,695 INFO o.a.j.t.JMeterThread: Stopping because end time detected by thread: TCC orders 1-81
2026-09-10 05:10:56,695 INFO o.a.j.t.JMeterThread: Thread finished: TCC orders 1-81
2026-09-10 05:10:56,696 INFO o.a.j.e.StandardJMeterEngine: Notifying test listeners of end of test
2026-09-10 05:10:56,699 INFO o.a.j.r.Summariser: summary +   3130 in 00:00:27 =  117.2/s Avg:   852 Min:   826 Max:   875 Err:     0 (0.00%) Active: 0 Started: 100 Finished: 100
2026-09-10 05:10:56,699 INFO o.a.j.r.Summariser: summary =  14008 in 00:02:01 =  115.8/s Avg:   855 Min:   118 Max:  1354 Err:     0 (0.00%)
