2026-09-10 05:08:19,362 INFO o.a.j.u.JMeterUtils: Setting Locale to en_EN
2026-09-10 05:08:19,378 INFO o.a.j.JMeter: Loading user properties from: /home/avituo/projects/tcc/tcc-container/.tools/apache-jmeter-5.6.3/bin/user.properties
2026-09-10 05:08:19,378 INFO o.a.j.JMeter: Loading system properties from: /home/avituo/projects/tcc/tcc-container/.tools/apache-jmeter-5.6.3/bin/system.properties
2026-09-10 05:08:19,378 INFO o.a.j.JMeter: Loading additional properties from: /home/avituo/projects/tcc/tcc-container/benchmark/jmeter/benchmark.properties
2026-09-10 05:08:19,379 INFO o.a.j.JMeter: Loading additional properties from: /tmp/tcc-benchmark-auth.bNQeKd/auth.properties
2026-09-10 05:08:19,379 INFO o.a.j.JMeter: Setting JMeter property: threads=100
2026-09-10 05:08:19,379 INFO o.a.j.JMeter: Setting JMeter property: duration_seconds=30
2026-09-10 05:08:19,379 INFO o.a.j.JMeter: Setting JMeter property: target_host=localhost
2026-09-10 05:08:19,379 INFO o.a.j.JMeter: Setting JMeter property: target_port=18080
2026-09-10 05:08:19,379 INFO o.a.j.JMeter: Setting JMeter property: tcc.order.id=20000000-0000-4000-8000-000000000001
2026-09-10 05:08:19,379 INFO o.a.j.JMeter: Setting JMeter property: repetition=1
2026-09-10 05:08:19,385 INFO o.a.j.JMeter: Copyright (c) 1998-2024 The Apache Software Foundation
2026-09-10 05:08:19,386 INFO o.a.j.JMeter: Version 5.6.3
2026-09-10 05:08:19,386 INFO o.a.j.JMeter: java.version=21.0.11
2026-09-10 05:08:19,386 INFO o.a.j.JMeter: java.vm.name=OpenJDK 64-Bit Server VM
2026-09-10 05:08:19,386 INFO o.a.j.JMeter: os.name=Linux
2026-09-10 05:08:19,386 INFO o.a.j.JMeter: os.arch=amd64
2026-09-10 05:08:19,386 INFO o.a.j.JMeter: os.version=7.0.11-76070011-generic
2026-09-10 05:08:19,386 INFO o.a.j.JMeter: file.encoding=UTF-8
2026-09-10 05:08:19,386 INFO o.a.j.JMeter: java.awt.headless=true
2026-09-10 05:08:19,386 INFO o.a.j.JMeter: Max memory     =1073741824
2026-09-10 05:08:19,386 INFO o.a.j.JMeter: Available Processors =16
2026-09-10 05:08:19,395 INFO o.a.j.JMeter: Default Locale=English (EN)
2026-09-10 05:08:19,395 INFO o.a.j.JMeter: JMeter  Locale=English (EN)
2026-09-10 05:08:19,395 INFO o.a.j.JMeter: JMeterHome=/home/avituo/projects/tcc/tcc-container/.tools/apache-jmeter-5.6.3
2026-09-10 05:08:19,395 INFO o.a.j.JMeter: user.dir  =/home/avituo/projects/tcc/tcc-container
2026-09-10 05:08:19,395 INFO o.a.j.JMeter: PWD       =/home/avituo/projects/tcc/tcc-container
2026-09-10 05:08:19,403 INFO o.a.j.JMeter: IP: 192.168.1.16 Name: pop-os FullName: pop-os.home
2026-09-10 05:08:19,415 INFO o.a.j.s.FileServer: Default base='/home/avituo/projects/tcc/tcc-container'
2026-09-10 05:08:19,417 INFO o.a.j.s.FileServer: Set new base='/home/avituo/projects/tcc/tcc-container/benchmark/jmeter'
2026-09-10 05:08:19,584 INFO o.a.j.s.SaveService: Testplan (JMX) version: 2.2. Testlog (JTL) version: 2.2
2026-09-10 05:08:19,608 INFO o.a.j.s.SaveService: Using SaveService properties version 5.0
2026-09-10 05:08:19,611 INFO o.a.j.s.SaveService: Using SaveService properties file encoding UTF-8
2026-09-10 05:08:19,615 INFO o.a.j.s.SaveService: Loading file: /home/avituo/projects/tcc/tcc-container/benchmark/jmeter/tcc-orders-v1.jmx
2026-09-10 05:08:19,664 INFO o.a.j.p.h.s.HTTPSamplerBase: Parser for text/html is org.apache.jmeter.protocol.http.parser.LagartoBasedHtmlParser
2026-09-10 05:08:19,664 INFO o.a.j.p.h.s.HTTPSamplerBase: Parser for application/xhtml+xml is org.apache.jmeter.protocol.http.parser.LagartoBasedHtmlParser
2026-09-10 05:08:19,665 INFO o.a.j.p.h.s.HTTPSamplerBase: Parser for application/xml is org.apache.jmeter.protocol.http.parser.LagartoBasedHtmlParser
2026-09-10 05:08:19,665 INFO o.a.j.p.h.s.HTTPSamplerBase: Parser for text/xml is org.apache.jmeter.protocol.http.parser.LagartoBasedHtmlParser
2026-09-10 05:08:19,665 INFO o.a.j.p.h.s.HTTPSamplerBase: Parser for text/vnd.wap.wml is org.apache.jmeter.protocol.http.parser.RegexpHTMLParser
2026-09-10 05:08:19,665 INFO o.a.j.p.h.s.HTTPSamplerBase: Parser for text/css is org.apache.jmeter.protocol.http.parser.CssParser
2026-09-10 05:08:19,693 INFO o.a.j.JMeter: Creating summariser <summary>
2026-09-10 05:08:19,714 INFO o.a.j.e.StandardJMeterEngine: Running the test!
2026-09-10 05:08:19,715 INFO o.a.j.s.SampleEvent: List of sample_variables: []
2026-09-10 05:08:19,715 INFO o.a.j.s.SampleEvent: List of sample_variables: []
2026-09-10 05:08:19,720 INFO o.a.j.e.u.CompoundVariable: Note: Function class names must contain the string: '.functions.'
2026-09-10 05:08:19,720 INFO o.a.j.e.u.CompoundVariable: Note: Function class names must not contain the string: '.gui.'
2026-09-10 05:08:19,962 INFO o.a.j.JMeter: Running test (1789027699962)
2026-09-10 05:08:19,984 INFO o.a.j.e.StandardJMeterEngine: Starting ThreadGroup: 1 : TCC orders
2026-09-10 05:08:19,985 INFO o.a.j.e.StandardJMeterEngine: Starting 100 threads for group TCC orders.
2026-09-10 05:08:19,985 INFO o.a.j.e.StandardJMeterEngine: Thread will continue on error
2026-09-10 05:08:19,985 INFO o.a.j.t.ThreadGroup: Starting thread group... number=1 threads=100 ramp-up=0 delayedStart=false
2026-09-10 05:08:19,992 INFO o.a.j.t.JMeterThread: Thread started: TCC orders 1-2
2026-09-10 05:08:19,992 INFO o.a.j.t.JMeterThread: Thread started: TCC orders 1-3
2026-09-10 05:08:19,992 INFO o.a.j.t.JMeterThread: Thread started: TCC orders 1-5
2026-09-10 05:08:19,992 INFO o.a.j.t.JMeterThread: Thread started: TCC orders 1-1
2026-09-10 05:08:19,992 INFO o.a.j.t.JMeterThread: Thread started: TCC orders 1-4
2026-09-10 05:08:19,993 INFO o.a.j.t.JMeterThread: Thread started: TCC orders 1-6
2026-09-10 05:08:19,994 INFO o.a.j.t.JMeterThread: Thread started: TCC orders 1-7
2026-09-10 05:08:19,994 INFO o.a.j.t.JMeterThread: Thread started: TCC orders 1-8
2026-09-10 05:08:19,995 INFO o.a.j.t.JMeterThread: Thread started: TCC orders 1-9
2026-09-10 05:08:19,996 INFO o.a.j.t.JMeterThread: Thread started: TCC orders 1-10
2026-09-10 05:08:19,996 INFO o.a.j.t.JMeterThread: Thread started: TCC orders 1-11
2026-09-10 05:08:19,997 INFO o.a.j.t.JMeterThread: Thread started: TCC orders 1-12
2026-09-10 05:08:19,998 INFO o.a.j.t.JMeterThread: Thread started: TCC orders 1-13
2026-09-10 05:08:19,999 INFO o.a.j.t.JMeterThread: Thread started: TCC orders 1-14
2026-09-10 05:08:20,000 INFO o.a.j.t.JMeterThread: Thread started: TCC orders 1-15
2026-09-10 05:08:20,001 INFO o.a.j.t.JMeterThread: Thread started: TCC orders 1-16
2026-09-10 05:08:20,001 INFO o.a.j.t.JMeterThread: Thread started: TCC orders 1-17
2026-09-10 05:08:20,002 INFO o.a.j.t.JMeterThread: Thread started: TCC orders 1-18
2026-09-10 05:08:20,003 INFO o.a.j.t.JMeterThread: Thread started: TCC orders 1-19
2026-09-10 05:08:20,004 INFO o.a.j.t.JMeterThread: Thread started: TCC orders 1-20
2026-09-10 05:08:20,004 INFO o.a.j.t.JMeterThread: Thread started: TCC orders 1-21
2026-09-10 05:08:20,005 INFO o.a.j.t.JMeterThread: Thread started: TCC orders 1-22
2026-09-10 05:08:20,005 INFO o.a.j.t.JMeterThread: Thread started: TCC orders 1-23
2026-09-10 05:08:20,006 INFO o.a.j.t.JMeterThread: Thread started: TCC orders 1-24
2026-09-10 05:08:20,006 INFO o.a.j.t.JMeterThread: Thread started: TCC orders 1-25
2026-09-10 05:08:20,007 INFO o.a.j.t.JMeterThread: Thread started: TCC orders 1-26
2026-09-10 05:08:20,007 INFO o.a.j.t.JMeterThread: Thread started: TCC orders 1-27
2026-09-10 05:08:20,008 INFO o.a.j.t.JMeterThread: Thread started: TCC orders 1-28
2026-09-10 05:08:20,009 INFO o.a.j.t.JMeterThread: Thread started: TCC orders 1-29
2026-09-10 05:08:20,009 INFO o.a.j.t.JMeterThread: Thread started: TCC orders 1-30
2026-09-10 05:08:20,010 INFO o.a.j.t.JMeterThread: Thread started: TCC orders 1-31
2026-09-10 05:08:20,010 INFO o.a.j.t.JMeterThread: Thread started: TCC orders 1-32
2026-09-10 05:08:20,011 INFO o.a.j.t.JMeterThread: Thread started: TCC orders 1-33
2026-09-10 05:08:20,011 INFO o.a.j.t.JMeterThread: Thread started: TCC orders 1-34
2026-09-10 05:08:20,012 INFO o.a.j.t.JMeterThread: Thread started: TCC orders 1-35
2026-09-10 05:08:20,012 INFO o.a.j.t.JMeterThread: Thread started: TCC orders 1-36
2026-09-10 05:08:20,012 INFO o.a.j.t.JMeterThread: Thread started: TCC orders 1-37
2026-09-10 05:08:20,013 INFO o.a.j.t.JMeterThread: Thread started: TCC orders 1-38
2026-09-10 05:08:20,013 INFO o.a.j.t.JMeterThread: Thread started: TCC orders 1-39
2026-09-10 05:08:20,014 INFO o.a.j.t.JMeterThread: Thread started: TCC orders 1-40
2026-09-10 05:08:20,014 INFO o.a.j.t.JMeterThread: Thread started: TCC orders 1-41
2026-09-10 05:08:20,015 INFO o.a.j.t.JMeterThread: Thread started: TCC orders 1-42
2026-09-10 05:08:20,016 INFO o.a.j.t.JMeterThread: Thread started: TCC orders 1-43
2026-09-10 05:08:20,016 INFO o.a.j.t.JMeterThread: Thread started: TCC orders 1-44
2026-09-10 05:08:20,017 INFO o.a.j.t.JMeterThread: Thread started: TCC orders 1-45
2026-09-10 05:08:20,018 INFO o.a.j.t.JMeterThread: Thread started: TCC orders 1-46
2026-09-10 05:08:20,018 INFO o.a.j.p.h.s.HTTPHCAbstractImpl: Local host = pop-os
2026-09-10 05:08:20,018 INFO o.a.j.t.JMeterThread: Thread started: TCC orders 1-47
2026-09-10 05:08:20,019 INFO o.a.j.t.JMeterThread: Thread started: TCC orders 1-48
2026-09-10 05:08:20,019 INFO o.a.j.t.JMeterThread: Thread started: TCC orders 1-49
2026-09-10 05:08:20,019 INFO o.a.j.t.JMeterThread: Thread started: TCC orders 1-50
2026-09-10 05:08:20,020 INFO o.a.j.t.JMeterThread: Thread started: TCC orders 1-51
2026-09-10 05:08:20,020 INFO o.a.j.t.JMeterThread: Thread started: TCC orders 1-52
2026-09-10 05:08:20,021 INFO o.a.j.t.JMeterThread: Thread started: TCC orders 1-54
2026-09-10 05:08:20,021 INFO o.a.j.t.JMeterThread: Thread started: TCC orders 1-53
2026-09-10 05:08:20,021 INFO o.a.j.t.JMeterThread: Thread started: TCC orders 1-55
2026-09-10 05:08:20,022 INFO o.a.j.t.JMeterThread: Thread started: TCC orders 1-56
2026-09-10 05:08:20,022 INFO o.a.j.t.JMeterThread: Thread started: TCC orders 1-57
2026-09-10 05:08:20,022 INFO o.a.j.t.JMeterThread: Thread started: TCC orders 1-58
2026-09-10 05:08:20,023 INFO o.a.j.t.JMeterThread: Thread started: TCC orders 1-59
2026-09-10 05:08:20,023 INFO o.a.j.t.JMeterThread: Thread started: TCC orders 1-60
2026-09-10 05:08:20,024 INFO o.a.j.t.JMeterThread: Thread started: TCC orders 1-61
2026-09-10 05:08:20,025 INFO o.a.j.t.JMeterThread: Thread started: TCC orders 1-62
2026-09-10 05:08:20,025 INFO o.a.j.t.JMeterThread: Thread started: TCC orders 1-63
2026-09-10 05:08:20,026 INFO o.a.j.t.JMeterThread: Thread started: TCC orders 1-64
2026-09-10 05:08:20,026 INFO o.a.j.t.JMeterThread: Thread started: TCC orders 1-65
2026-09-10 05:08:20,027 INFO o.a.j.t.JMeterThread: Thread started: TCC orders 1-66
2026-09-10 05:08:20,027 INFO o.a.j.p.h.s.HTTPHC4Impl: HTTP request retry count = 0
2026-09-10 05:08:20,027 INFO o.a.j.t.JMeterThread: Thread started: TCC orders 1-67
2026-09-10 05:08:20,028 INFO o.a.j.t.JMeterThread: Thread started: TCC orders 1-68
2026-09-10 05:08:20,028 INFO o.a.j.t.JMeterThread: Thread started: TCC orders 1-69
2026-09-10 05:08:20,028 INFO o.a.j.t.JMeterThread: Thread started: TCC orders 1-70
2026-09-10 05:08:20,029 INFO o.a.j.t.JMeterThread: Thread started: TCC orders 1-71
2026-09-10 05:08:20,029 INFO o.a.j.s.SampleResult: Note: Sample TimeStamps are START times
2026-09-10 05:08:20,029 INFO o.a.j.s.SampleResult: sampleresult.default.encoding is set to UTF-8
2026-09-10 05:08:20,029 INFO o.a.j.t.JMeterThread: Thread started: TCC orders 1-72
2026-09-10 05:08:20,029 INFO o.a.j.s.SampleResult: sampleresult.useNanoTime=true
2026-09-10 05:08:20,030 INFO o.a.j.s.SampleResult: sampleresult.nanoThreadSleep=5000
2026-09-10 05:08:20,030 INFO o.a.j.t.JMeterThread: Thread started: TCC orders 1-73
2026-09-10 05:08:20,030 INFO o.a.j.t.JMeterThread: Thread started: TCC orders 1-74
2026-09-10 05:08:20,031 INFO o.a.j.t.JMeterThread: Thread started: TCC orders 1-75
2026-09-10 05:08:20,032 INFO o.a.j.t.JMeterThread: Thread started: TCC orders 1-76
2026-09-10 05:08:20,032 INFO o.a.j.t.JMeterThread: Thread started: TCC orders 1-77
2026-09-10 05:08:20,033 INFO o.a.j.t.JMeterThread: Thread started: TCC orders 1-78
2026-09-10 05:08:20,033 INFO o.a.j.t.JMeterThread: Thread started: TCC orders 1-79
2026-09-10 05:08:20,034 INFO o.a.j.t.JMeterThread: Thread started: TCC orders 1-80
2026-09-10 05:08:20,035 INFO o.a.j.t.JMeterThread: Thread started: TCC orders 1-81
2026-09-10 05:08:20,036 INFO o.a.j.t.JMeterThread: Thread started: TCC orders 1-82
2026-09-10 05:08:20,036 INFO o.a.j.t.JMeterThread: Thread started: TCC orders 1-83
2026-09-10 05:08:20,037 INFO o.a.j.t.JMeterThread: Thread started: TCC orders 1-84
2026-09-10 05:08:20,038 INFO o.a.j.t.JMeterThread: Thread started: TCC orders 1-85
2026-09-10 05:08:20,038 INFO o.a.j.t.JMeterThread: Thread started: TCC orders 1-86
2026-09-10 05:08:20,039 INFO o.a.j.t.JMeterThread: Thread started: TCC orders 1-87
2026-09-10 05:08:20,039 INFO o.a.j.t.JMeterThread: Thread started: TCC orders 1-88
2026-09-10 05:08:20,040 INFO o.a.j.t.JMeterThread: Thread started: TCC orders 1-89
2026-09-10 05:08:20,040 INFO o.a.j.t.JMeterThread: Thread started: TCC orders 1-90
2026-09-10 05:08:20,040 INFO o.a.j.t.JMeterThread: Thread started: TCC orders 1-91
2026-09-10 05:08:20,041 INFO o.a.j.t.JMeterThread: Thread started: TCC orders 1-92
2026-09-10 05:08:20,041 INFO o.a.j.t.JMeterThread: Thread started: TCC orders 1-93
2026-09-10 05:08:20,042 INFO o.a.j.t.JMeterThread: Thread started: TCC orders 1-94
2026-09-10 05:08:20,042 INFO o.a.j.t.JMeterThread: Thread started: TCC orders 1-95
2026-09-10 05:08:20,043 INFO o.a.j.t.JMeterThread: Thread started: TCC orders 1-96
2026-09-10 05:08:20,044 INFO o.a.j.t.JMeterThread: Thread started: TCC orders 1-97
2026-09-10 05:08:20,044 INFO o.a.j.t.JMeterThread: Thread started: TCC orders 1-98
2026-09-10 05:08:20,045 INFO o.a.j.t.ThreadGroup: Started thread group number 1
2026-09-10 05:08:20,045 INFO o.a.j.t.JMeterThread: Thread started: TCC orders 1-99
2026-09-10 05:08:20,045 INFO o.a.j.e.StandardJMeterEngine: All thread groups have been started
2026-09-10 05:08:20,045 INFO o.a.j.t.JMeterThread: Thread started: TCC orders 1-100
2026-09-10 05:08:30,004 INFO o.a.j.r.Summariser: summary +    957 in 00:00:10 =   95.3/s Avg:   942 Min:   276 Max:  1667 Err:     0 (0.00%) Active: 100 Started: 100 Finished: 0
2026-09-10 05:08:50,032 INFO o.a.j.t.JMeterThread: Stopping because end time detected by thread: TCC orders 1-33
2026-09-10 05:08:50,032 INFO o.a.j.t.JMeterThread: Thread finished: TCC orders 1-33
2026-09-10 05:08:50,042 INFO o.a.j.t.JMeterThread: Stopping because end time detected by thread: TCC orders 1-43
2026-09-10 05:08:50,043 INFO o.a.j.t.JMeterThread: Thread finished: TCC orders 1-43
2026-09-10 05:08:50,051 INFO o.a.j.t.JMeterThread: Stopping because end time detected by thread: TCC orders 1-21
2026-09-10 05:08:50,051 INFO o.a.j.t.JMeterThread: Thread finished: TCC orders 1-21
2026-09-10 05:08:50,060 INFO o.a.j.t.JMeterThread: Stopping because end time detected by thread: TCC orders 1-52
2026-09-10 05:08:50,061 INFO o.a.j.t.JMeterThread: Thread finished: TCC orders 1-52
2026-09-10 05:08:50,070 INFO o.a.j.t.JMeterThread: Stopping because end time detected by thread: TCC orders 1-4
2026-09-10 05:08:50,071 INFO o.a.j.t.JMeterThread: Thread finished: TCC orders 1-4
2026-09-10 05:08:50,079 INFO o.a.j.t.JMeterThread: Stopping because end time detected by thread: TCC orders 1-59
2026-09-10 05:08:50,080 INFO o.a.j.t.JMeterThread: Thread finished: TCC orders 1-59
2026-09-10 05:08:50,088 INFO o.a.j.t.JMeterThread: Stopping because end time detected by thread: TCC orders 1-31
2026-09-10 05:08:50,088 INFO o.a.j.t.JMeterThread: Thread finished: TCC orders 1-31
2026-09-10 05:08:50,097 INFO o.a.j.t.JMeterThread: Stopping because end time detected by thread: TCC orders 1-42
2026-09-10 05:08:50,097 INFO o.a.j.t.JMeterThread: Thread finished: TCC orders 1-42
2026-09-10 05:08:50,106 INFO o.a.j.t.JMeterThread: Stopping because end time detected by thread: TCC orders 1-48
2026-09-10 05:08:50,106 INFO o.a.j.t.JMeterThread: Thread finished: TCC orders 1-48
2026-09-10 05:08:50,115 INFO o.a.j.t.JMeterThread: Stopping because end time detected by thread: TCC orders 1-68
2026-09-10 05:08:50,115 INFO o.a.j.t.JMeterThread: Thread finished: TCC orders 1-68
2026-09-10 05:08:50,124 INFO o.a.j.t.JMeterThread: Stopping because end time detected by thread: TCC orders 1-57
2026-09-10 05:08:50,124 INFO o.a.j.t.JMeterThread: Thread finished: TCC orders 1-57
2026-09-10 05:08:50,133 INFO o.a.j.t.JMeterThread: Stopping because end time detected by thread: TCC orders 1-78
2026-09-10 05:08:50,133 INFO o.a.j.t.JMeterThread: Thread finished: TCC orders 1-78
2026-09-10 05:08:50,142 INFO o.a.j.t.JMeterThread: Stopping because end time detected by thread: TCC orders 1-77
2026-09-10 05:08:50,142 INFO o.a.j.t.JMeterThread: Thread finished: TCC orders 1-77
2026-09-10 05:08:50,151 INFO o.a.j.t.JMeterThread: Stopping because end time detected by thread: TCC orders 1-74
2026-09-10 05:08:50,151 INFO o.a.j.t.JMeterThread: Thread finished: TCC orders 1-74
2026-09-10 05:08:50,160 INFO o.a.j.t.JMeterThread: Stopping because end time detected by thread: TCC orders 1-60
2026-09-10 05:08:50,160 INFO o.a.j.t.JMeterThread: Thread finished: TCC orders 1-60
2026-09-10 05:08:50,169 INFO o.a.j.t.JMeterThread: Stopping because end time detected by thread: TCC orders 1-79
2026-09-10 05:08:50,170 INFO o.a.j.t.JMeterThread: Thread finished: TCC orders 1-79
2026-09-10 05:08:50,179 INFO o.a.j.t.JMeterThread: Stopping because end time detected by thread: TCC orders 1-95
2026-09-10 05:08:50,179 INFO o.a.j.t.JMeterThread: Thread finished: TCC orders 1-95
2026-09-10 05:08:50,188 INFO o.a.j.t.JMeterThread: Stopping because end time detected by thread: TCC orders 1-29
2026-09-10 05:08:50,188 INFO o.a.j.t.JMeterThread: Thread finished: TCC orders 1-29
2026-09-10 05:08:50,197 INFO o.a.j.t.JMeterThread: Stopping because end time detected by thread: TCC orders 1-92
2026-09-10 05:08:50,197 INFO o.a.j.t.JMeterThread: Thread finished: TCC orders 1-92
2026-09-10 05:08:50,205 INFO o.a.j.t.JMeterThread: Stopping because end time detected by thread: TCC orders 1-49
2026-09-10 05:08:50,206 INFO o.a.j.t.JMeterThread: Thread finished: TCC orders 1-49
2026-09-10 05:08:50,214 INFO o.a.j.t.JMeterThread: Stopping because end time detected by thread: TCC orders 1-51
2026-09-10 05:08:50,214 INFO o.a.j.t.JMeterThread: Thread finished: TCC orders 1-51
2026-09-10 05:08:50,222 INFO o.a.j.t.JMeterThread: Stopping because end time detected by thread: TCC orders 1-62
2026-09-10 05:08:50,223 INFO o.a.j.t.JMeterThread: Thread finished: TCC orders 1-62
2026-09-10 05:08:50,232 INFO o.a.j.t.JMeterThread: Stopping because end time detected by thread: TCC orders 1-5
2026-09-10 05:08:50,232 INFO o.a.j.t.JMeterThread: Thread finished: TCC orders 1-5
2026-09-10 05:08:50,241 INFO o.a.j.t.JMeterThread: Stopping because end time detected by thread: TCC orders 1-69
2026-09-10 05:08:50,241 INFO o.a.j.t.JMeterThread: Thread finished: TCC orders 1-69
2026-09-10 05:08:50,250 INFO o.a.j.t.JMeterThread: Stopping because end time detected by thread: TCC orders 1-45
2026-09-10 05:08:50,250 INFO o.a.j.t.JMeterThread: Thread finished: TCC orders 1-45
2026-09-10 05:08:50,258 INFO o.a.j.t.JMeterThread: Stopping because end time detected by thread: TCC orders 1-41
2026-09-10 05:08:50,258 INFO o.a.j.t.JMeterThread: Thread finished: TCC orders 1-41
2026-09-10 05:08:50,267 INFO o.a.j.t.JMeterThread: Stopping because end time detected by thread: TCC orders 1-23
2026-09-10 05:08:50,267 INFO o.a.j.t.JMeterThread: Thread finished: TCC orders 1-23
2026-09-10 05:08:50,276 INFO o.a.j.t.JMeterThread: Stopping because end time detected by thread: TCC orders 1-65
2026-09-10 05:08:50,276 INFO o.a.j.t.JMeterThread: Thread finished: TCC orders 1-65
2026-09-10 05:08:50,285 INFO o.a.j.t.JMeterThread: Stopping because end time detected by thread: TCC orders 1-83
2026-09-10 05:08:50,285 INFO o.a.j.t.JMeterThread: Thread finished: TCC orders 1-83
2026-09-10 05:08:50,294 INFO o.a.j.t.JMeterThread: Stopping because end time detected by thread: TCC orders 1-96
2026-09-10 05:08:50,294 INFO o.a.j.t.JMeterThread: Thread finished: TCC orders 1-96
2026-09-10 05:08:50,303 INFO o.a.j.t.JMeterThread: Stopping because end time detected by thread: TCC orders 1-19
2026-09-10 05:08:50,303 INFO o.a.j.t.JMeterThread: Thread finished: TCC orders 1-19
2026-09-10 05:08:50,311 INFO o.a.j.t.JMeterThread: Stopping because end time detected by thread: TCC orders 1-9
2026-09-10 05:08:50,311 INFO o.a.j.t.JMeterThread: Thread finished: TCC orders 1-9
2026-09-10 05:08:50,321 INFO o.a.j.t.JMeterThread: Stopping because end time detected by thread: TCC orders 1-55
2026-09-10 05:08:50,321 INFO o.a.j.t.JMeterThread: Thread finished: TCC orders 1-55
2026-09-10 05:08:50,331 INFO o.a.j.t.JMeterThread: Stopping because end time detected by thread: TCC orders 1-27
2026-09-10 05:08:50,331 INFO o.a.j.t.JMeterThread: Thread finished: TCC orders 1-27
2026-09-10 05:08:50,339 INFO o.a.j.t.JMeterThread: Stopping because end time detected by thread: TCC orders 1-73
2026-09-10 05:08:50,340 INFO o.a.j.t.JMeterThread: Thread finished: TCC orders 1-73
2026-09-10 05:08:50,348 INFO o.a.j.t.JMeterThread: Stopping because end time detected by thread: TCC orders 1-53
2026-09-10 05:08:50,348 INFO o.a.j.t.JMeterThread: Thread finished: TCC orders 1-53
2026-09-10 05:08:50,357 INFO o.a.j.t.JMeterThread: Stopping because end time detected by thread: TCC orders 1-18
2026-09-10 05:08:50,357 INFO o.a.j.t.JMeterThread: Thread finished: TCC orders 1-18
2026-09-10 05:08:50,366 INFO o.a.j.t.JMeterThread: Stopping because end time detected by thread: TCC orders 1-82
2026-09-10 05:08:50,366 INFO o.a.j.t.JMeterThread: Thread finished: TCC orders 1-82
2026-09-10 05:08:50,374 INFO o.a.j.t.JMeterThread: Stopping because end time detected by thread: TCC orders 1-94
2026-09-10 05:08:50,375 INFO o.a.j.t.JMeterThread: Thread finished: TCC orders 1-94
2026-09-10 05:08:50,384 INFO o.a.j.t.JMeterThread: Stopping because end time detected by thread: TCC orders 1-14
2026-09-10 05:08:50,384 INFO o.a.j.t.JMeterThread: Thread finished: TCC orders 1-14
2026-09-10 05:08:50,394 INFO o.a.j.t.JMeterThread: Stopping because end time detected by thread: TCC orders 1-56
2026-09-10 05:08:50,394 INFO o.a.j.t.JMeterThread: Thread finished: TCC orders 1-56
2026-09-10 05:08:50,403 INFO o.a.j.t.JMeterThread: Stopping because end time detected by thread: TCC orders 1-44
2026-09-10 05:08:50,403 INFO o.a.j.t.JMeterThread: Thread finished: TCC orders 1-44
2026-09-10 05:08:50,412 INFO o.a.j.t.JMeterThread: Stopping because end time detected by thread: TCC orders 1-25
2026-09-10 05:08:50,412 INFO o.a.j.t.JMeterThread: Thread finished: TCC orders 1-25
2026-09-10 05:08:50,421 INFO o.a.j.t.JMeterThread: Stopping because end time detected by thread: TCC orders 1-90
2026-09-10 05:08:50,421 INFO o.a.j.t.JMeterThread: Thread finished: TCC orders 1-90
2026-09-10 05:08:50,429 INFO o.a.j.t.JMeterThread: Stopping because end time detected by thread: TCC orders 1-76
2026-09-10 05:08:50,430 INFO o.a.j.t.JMeterThread: Thread finished: TCC orders 1-76
2026-09-10 05:08:50,438 INFO o.a.j.t.JMeterThread: Stopping because end time detected by thread: TCC orders 1-28
2026-09-10 05:08:50,439 INFO o.a.j.t.JMeterThread: Thread finished: TCC orders 1-28
2026-09-10 05:08:50,446 INFO o.a.j.t.JMeterThread: Stopping because end time detected by thread: TCC orders 1-35
2026-09-10 05:08:50,447 INFO o.a.j.t.JMeterThread: Thread finished: TCC orders 1-35
2026-09-10 05:08:50,455 INFO o.a.j.t.JMeterThread: Stopping because end time detected by thread: TCC orders 1-37
2026-09-10 05:08:50,455 INFO o.a.j.t.JMeterThread: Thread finished: TCC orders 1-37
2026-09-10 05:08:50,464 INFO o.a.j.t.JMeterThread: Stopping because end time detected by thread: TCC orders 1-50
2026-09-10 05:08:50,464 INFO o.a.j.t.JMeterThread: Thread finished: TCC orders 1-50
2026-09-10 05:08:50,472 INFO o.a.j.t.JMeterThread: Stopping because end time detected by thread: TCC orders 1-12
2026-09-10 05:08:50,473 INFO o.a.j.t.JMeterThread: Thread finished: TCC orders 1-12
2026-09-10 05:08:50,481 INFO o.a.j.t.JMeterThread: Stopping because end time detected by thread: TCC orders 1-58
2026-09-10 05:08:50,481 INFO o.a.j.t.JMeterThread: Thread finished: TCC orders 1-58
2026-09-10 05:08:50,489 INFO o.a.j.t.JMeterThread: Stopping because end time detected by thread: TCC orders 1-66
2026-09-10 05:08:50,490 INFO o.a.j.t.JMeterThread: Thread finished: TCC orders 1-66
2026-09-10 05:08:50,497 INFO o.a.j.t.JMeterThread: Stopping because end time detected by thread: TCC orders 1-84
2026-09-10 05:08:50,498 INFO o.a.j.t.JMeterThread: Thread finished: TCC orders 1-84
2026-09-10 05:08:50,506 INFO o.a.j.t.JMeterThread: Stopping because end time detected by thread: TCC orders 1-8
2026-09-10 05:08:50,506 INFO o.a.j.t.JMeterThread: Thread finished: TCC orders 1-8
2026-09-10 05:08:50,514 INFO o.a.j.t.JMeterThread: Stopping because end time detected by thread: TCC orders 1-1
2026-09-10 05:08:50,515 INFO o.a.j.t.JMeterThread: Thread finished: TCC orders 1-1
2026-09-10 05:08:50,523 INFO o.a.j.t.JMeterThread: Stopping because end time detected by thread: TCC orders 1-26
2026-09-10 05:08:50,523 INFO o.a.j.t.JMeterThread: Thread finished: TCC orders 1-26
2026-09-10 05:08:50,532 INFO o.a.j.t.JMeterThread: Stopping because end time detected by thread: TCC orders 1-85
2026-09-10 05:08:50,532 INFO o.a.j.t.JMeterThread: Thread finished: TCC orders 1-85
2026-09-10 05:08:50,541 INFO o.a.j.t.JMeterThread: Stopping because end time detected by thread: TCC orders 1-15
2026-09-10 05:08:50,541 INFO o.a.j.t.JMeterThread: Thread finished: TCC orders 1-15
2026-09-10 05:08:50,549 INFO o.a.j.t.JMeterThread: Stopping because end time detected by thread: TCC orders 1-3
2026-09-10 05:08:50,550 INFO o.a.j.t.JMeterThread: Thread finished: TCC orders 1-3
2026-09-10 05:08:50,559 INFO o.a.j.t.JMeterThread: Stopping because end time detected by thread: TCC orders 1-46
2026-09-10 05:08:50,559 INFO o.a.j.t.JMeterThread: Thread finished: TCC orders 1-46
2026-09-10 05:08:50,567 INFO o.a.j.t.JMeterThread: Stopping because end time detected by thread: TCC orders 1-34
2026-09-10 05:08:50,567 INFO o.a.j.t.JMeterThread: Thread finished: TCC orders 1-34
2026-09-10 05:08:50,575 INFO o.a.j.t.JMeterThread: Stopping because end time detected by thread: TCC orders 1-7
2026-09-10 05:08:50,576 INFO o.a.j.t.JMeterThread: Thread finished: TCC orders 1-7
2026-09-10 05:08:50,585 INFO o.a.j.t.JMeterThread: Stopping because end time detected by thread: TCC orders 1-100
2026-09-10 05:08:50,585 INFO o.a.j.t.JMeterThread: Thread finished: TCC orders 1-100
2026-09-10 05:08:50,594 INFO o.a.j.t.JMeterThread: Stopping because end time detected by thread: TCC orders 1-75
2026-09-10 05:08:50,594 INFO o.a.j.t.JMeterThread: Thread finished: TCC orders 1-75
2026-09-10 05:08:50,602 INFO o.a.j.t.JMeterThread: Stopping because end time detected by thread: TCC orders 1-30
2026-09-10 05:08:50,603 INFO o.a.j.t.JMeterThread: Thread finished: TCC orders 1-30
2026-09-10 05:08:50,611 INFO o.a.j.t.JMeterThread: Stopping because end time detected by thread: TCC orders 1-32
2026-09-10 05:08:50,611 INFO o.a.j.t.JMeterThread: Thread finished: TCC orders 1-32
2026-09-10 05:08:50,619 INFO o.a.j.t.JMeterThread: Stopping because end time detected by thread: TCC orders 1-89
2026-09-10 05:08:50,619 INFO o.a.j.t.JMeterThread: Thread finished: TCC orders 1-89
2026-09-10 05:08:50,628 INFO o.a.j.t.JMeterThread: Stopping because end time detected by thread: TCC orders 1-2
2026-09-10 05:08:50,628 INFO o.a.j.t.JMeterThread: Thread finished: TCC orders 1-2
2026-09-10 05:08:50,637 INFO o.a.j.t.JMeterThread: Stopping because end time detected by thread: TCC orders 1-97
2026-09-10 05:08:50,637 INFO o.a.j.t.JMeterThread: Thread finished: TCC orders 1-97
2026-09-10 05:08:50,646 INFO o.a.j.t.JMeterThread: Stopping because end time detected by thread: TCC orders 1-93
2026-09-10 05:08:50,646 INFO o.a.j.t.JMeterThread: Thread finished: TCC orders 1-93
2026-09-10 05:08:50,655 INFO o.a.j.t.JMeterThread: Stopping because end time detected by thread: TCC orders 1-39
2026-09-10 05:08:50,655 INFO o.a.j.t.JMeterThread: Thread finished: TCC orders 1-39
2026-09-10 05:08:50,663 INFO o.a.j.t.JMeterThread: Stopping because end time detected by thread: TCC orders 1-22
2026-09-10 05:08:50,663 INFO o.a.j.t.JMeterThread: Thread finished: TCC orders 1-22
2026-09-10 05:08:50,671 INFO o.a.j.t.JMeterThread: Stopping because end time detected by thread: TCC orders 1-87
2026-09-10 05:08:50,671 INFO o.a.j.t.JMeterThread: Thread finished: TCC orders 1-87
2026-09-10 05:08:50,679 INFO o.a.j.t.JMeterThread: Stopping because end time detected by thread: TCC orders 1-86
2026-09-10 05:08:50,680 INFO o.a.j.t.JMeterThread: Thread finished: TCC orders 1-86
2026-09-10 05:08:50,689 INFO o.a.j.t.JMeterThread: Stopping because end time detected by thread: TCC orders 1-13
2026-09-10 05:08:50,690 INFO o.a.j.t.JMeterThread: Thread finished: TCC orders 1-13
2026-09-10 05:08:50,698 INFO o.a.j.t.JMeterThread: Stopping because end time detected by thread: TCC orders 1-54
2026-09-10 05:08:50,698 INFO o.a.j.t.JMeterThread: Thread finished: TCC orders 1-54
2026-09-10 05:08:50,706 INFO o.a.j.t.JMeterThread: Stopping because end time detected by thread: TCC orders 1-10
2026-09-10 05:08:50,706 INFO o.a.j.t.JMeterThread: Thread finished: TCC orders 1-10
2026-09-10 05:08:50,714 INFO o.a.j.t.JMeterThread: Stopping because end time detected by thread: TCC orders 1-17
2026-09-10 05:08:50,715 INFO o.a.j.t.JMeterThread: Thread finished: TCC orders 1-17
2026-09-10 05:08:50,723 INFO o.a.j.t.JMeterThread: Stopping because end time detected by thread: TCC orders 1-67
2026-09-10 05:08:50,723 INFO o.a.j.t.JMeterThread: Thread finished: TCC orders 1-67
2026-09-10 05:08:50,731 INFO o.a.j.t.JMeterThread: Stopping because end time detected by thread: TCC orders 1-20
2026-09-10 05:08:50,731 INFO o.a.j.t.JMeterThread: Thread finished: TCC orders 1-20
2026-09-10 05:08:50,740 INFO o.a.j.t.JMeterThread: Stopping because end time detected by thread: TCC orders 1-38
2026-09-10 05:08:50,740 INFO o.a.j.t.JMeterThread: Thread finished: TCC orders 1-38
2026-09-10 05:08:50,748 INFO o.a.j.t.JMeterThread: Stopping because end time detected by thread: TCC orders 1-61
2026-09-10 05:08:50,748 INFO o.a.j.t.JMeterThread: Thread finished: TCC orders 1-61
2026-09-10 05:08:50,756 INFO o.a.j.t.JMeterThread: Stopping because end time detected by thread: TCC orders 1-91
2026-09-10 05:08:50,756 INFO o.a.j.t.JMeterThread: Thread finished: TCC orders 1-91
2026-09-10 05:08:50,765 INFO o.a.j.t.JMeterThread: Stopping because end time detected by thread: TCC orders 1-70
2026-09-10 05:08:50,765 INFO o.a.j.t.JMeterThread: Thread finished: TCC orders 1-70
2026-09-10 05:08:50,774 INFO o.a.j.t.JMeterThread: Stopping because end time detected by thread: TCC orders 1-80
2026-09-10 05:08:50,774 INFO o.a.j.t.JMeterThread: Thread finished: TCC orders 1-80
2026-09-10 05:08:50,782 INFO o.a.j.t.JMeterThread: Stopping because end time detected by thread: TCC orders 1-72
2026-09-10 05:08:50,783 INFO o.a.j.t.JMeterThread: Thread finished: TCC orders 1-72
2026-09-10 05:08:50,791 INFO o.a.j.t.JMeterThread: Stopping because end time detected by thread: TCC orders 1-11
2026-09-10 05:08:50,791 INFO o.a.j.t.JMeterThread: Thread finished: TCC orders 1-11
2026-09-10 05:08:50,800 INFO o.a.j.t.JMeterThread: Stopping because end time detected by thread: TCC orders 1-47
2026-09-10 05:08:50,800 INFO o.a.j.t.JMeterThread: Thread finished: TCC orders 1-47
2026-09-10 05:08:50,808 INFO o.a.j.t.JMeterThread: Stopping because end time detected by thread: TCC orders 1-40
2026-09-10 05:08:50,808 INFO o.a.j.t.JMeterThread: Thread finished: TCC orders 1-40
2026-09-10 05:08:50,817 INFO o.a.j.t.JMeterThread: Stopping because end time detected by thread: TCC orders 1-16
2026-09-10 05:08:50,817 INFO o.a.j.t.JMeterThread: Thread finished: TCC orders 1-16
2026-09-10 05:08:50,825 INFO o.a.j.t.JMeterThread: Stopping because end time detected by thread: TCC orders 1-36
2026-09-10 05:08:50,825 INFO o.a.j.t.JMeterThread: Thread finished: TCC orders 1-36
2026-09-10 05:08:50,834 INFO o.a.j.t.JMeterThread: Stopping because end time detected by thread: TCC orders 1-98
2026-09-10 05:08:50,834 INFO o.a.j.t.JMeterThread: Thread finished: TCC orders 1-98
2026-09-10 05:08:50,842 INFO o.a.j.t.JMeterThread: Stopping because end time detected by thread: TCC orders 1-24
2026-09-10 05:08:50,842 INFO o.a.j.t.JMeterThread: Thread finished: TCC orders 1-24
2026-09-10 05:08:50,851 INFO o.a.j.t.JMeterThread: Stopping because end time detected by thread: TCC orders 1-63
2026-09-10 05:08:50,851 INFO o.a.j.t.JMeterThread: Thread finished: TCC orders 1-63
2026-09-10 05:08:50,860 INFO o.a.j.t.JMeterThread: Stopping because end time detected by thread: TCC orders 1-71
2026-09-10 05:08:50,860 INFO o.a.j.t.JMeterThread: Thread finished: TCC orders 1-71
2026-09-10 05:08:50,868 INFO o.a.j.t.JMeterThread: Stopping because end time detected by thread: TCC orders 1-6
2026-09-10 05:08:50,868 INFO o.a.j.t.JMeterThread: Thread finished: TCC orders 1-6
2026-09-10 05:08:50,877 INFO o.a.j.t.JMeterThread: Stopping because end time detected by thread: TCC orders 1-88
2026-09-10 05:08:50,877 INFO o.a.j.t.JMeterThread: Thread finished: TCC orders 1-88
2026-09-10 05:08:50,885 INFO o.a.j.t.JMeterThread: Stopping because end time detected by thread: TCC orders 1-64
2026-09-10 05:08:50,885 INFO o.a.j.t.JMeterThread: Thread finished: TCC orders 1-64
2026-09-10 05:08:50,894 INFO o.a.j.t.JMeterThread: Stopping because end time detected by thread: TCC orders 1-99
2026-09-10 05:08:50,894 INFO o.a.j.t.JMeterThread: Thread finished: TCC orders 1-99
2026-09-10 05:08:50,903 INFO o.a.j.t.JMeterThread: Stopping because end time detected by thread: TCC orders 1-81
2026-09-10 05:08:50,903 INFO o.a.j.t.JMeterThread: Thread finished: TCC orders 1-81
2026-09-10 05:08:50,903 INFO o.a.j.e.StandardJMeterEngine: Notifying test listeners of end of test
2026-09-10 05:08:50,906 INFO o.a.j.r.Summariser: summary +   2381 in 00:00:21 =  113.9/s Avg:   877 Min:   845 Max:   958 Err:     0 (0.00%) Active: 0 Started: 100 Finished: 100
2026-09-10 05:08:50,907 INFO o.a.j.r.Summariser: summary =   3338 in 00:00:31 =  107.9/s Avg:   896 Min:   276 Max:  1667 Err:     0 (0.00%)
