2026-09-10 04:15:09,824 INFO o.a.j.u.JMeterUtils: Setting Locale to en_EN
2026-09-10 04:15:09,839 INFO o.a.j.JMeter: Loading user properties from: /home/avituo/projects/tcc/tcc-container/.tools/apache-jmeter-5.6.3/bin/user.properties
2026-09-10 04:15:09,840 INFO o.a.j.JMeter: Loading system properties from: /home/avituo/projects/tcc/tcc-container/.tools/apache-jmeter-5.6.3/bin/system.properties
2026-09-10 04:15:09,840 INFO o.a.j.JMeter: Loading additional properties from: /home/avituo/projects/tcc/tcc-container/benchmark/jmeter/benchmark.properties
2026-09-10 04:15:09,840 INFO o.a.j.JMeter: Loading additional properties from: /tmp/tcc-benchmark-auth.06QaPC/auth.properties
2026-09-10 04:15:09,840 INFO o.a.j.JMeter: Loading additional properties from: /home/avituo/projects/tcc/tcc-container/benchmark/results/laravel-13.20.0/final/orders/c25/r4/microservices/thread-counters.properties
2026-09-10 04:15:09,840 INFO o.a.j.JMeter: Setting JMeter property: threads=25
2026-09-10 04:15:09,840 INFO o.a.j.JMeter: Setting JMeter property: duration_seconds=120
2026-09-10 04:15:09,840 INFO o.a.j.JMeter: Setting JMeter property: target_host=localhost
2026-09-10 04:15:09,840 INFO o.a.j.JMeter: Setting JMeter property: target_port=18080
2026-09-10 04:15:09,840 INFO o.a.j.JMeter: Setting JMeter property: tcc.order.id=20000000-0000-4000-8000-000000000001
2026-09-10 04:15:09,841 INFO o.a.j.JMeter: Setting JMeter property: repetition=4
2026-09-10 04:15:09,847 INFO o.a.j.JMeter: Copyright (c) 1998-2024 The Apache Software Foundation
2026-09-10 04:15:09,847 INFO o.a.j.JMeter: Version 5.6.3
2026-09-10 04:15:09,847 INFO o.a.j.JMeter: java.version=21.0.11
2026-09-10 04:15:09,847 INFO o.a.j.JMeter: java.vm.name=OpenJDK 64-Bit Server VM
2026-09-10 04:15:09,847 INFO o.a.j.JMeter: os.name=Linux
2026-09-10 04:15:09,847 INFO o.a.j.JMeter: os.arch=amd64
2026-09-10 04:15:09,847 INFO o.a.j.JMeter: os.version=7.0.11-76070011-generic
2026-09-10 04:15:09,847 INFO o.a.j.JMeter: file.encoding=UTF-8
2026-09-10 04:15:09,847 INFO o.a.j.JMeter: java.awt.headless=true
2026-09-10 04:15:09,847 INFO o.a.j.JMeter: Max memory     =1073741824
2026-09-10 04:15:09,847 INFO o.a.j.JMeter: Available Processors =16
2026-09-10 04:15:09,855 INFO o.a.j.JMeter: Default Locale=English (EN)
2026-09-10 04:15:09,856 INFO o.a.j.JMeter: JMeter  Locale=English (EN)
2026-09-10 04:15:09,856 INFO o.a.j.JMeter: JMeterHome=/home/avituo/projects/tcc/tcc-container/.tools/apache-jmeter-5.6.3
2026-09-10 04:15:09,856 INFO o.a.j.JMeter: user.dir  =/home/avituo/projects/tcc/tcc-container
2026-09-10 04:15:09,856 INFO o.a.j.JMeter: PWD       =/home/avituo/projects/tcc/tcc-container
2026-09-10 04:15:09,864 INFO o.a.j.JMeter: IP: 192.168.1.16 Name: pop-os FullName: pop-os.home
2026-09-10 04:15:09,875 INFO o.a.j.s.FileServer: Default base='/home/avituo/projects/tcc/tcc-container'
2026-09-10 04:15:09,877 INFO o.a.j.s.FileServer: Set new base='/home/avituo/projects/tcc/tcc-container/benchmark/jmeter'
2026-09-10 04:15:10,045 INFO o.a.j.s.SaveService: Testplan (JMX) version: 2.2. Testlog (JTL) version: 2.2
2026-09-10 04:15:10,069 INFO o.a.j.s.SaveService: Using SaveService properties version 5.0
2026-09-10 04:15:10,073 INFO o.a.j.s.SaveService: Using SaveService properties file encoding UTF-8
2026-09-10 04:15:10,076 INFO o.a.j.s.SaveService: Loading file: /home/avituo/projects/tcc/tcc-container/benchmark/jmeter/tcc-orders-v1.jmx
2026-09-10 04:15:10,125 INFO o.a.j.p.h.s.HTTPSamplerBase: Parser for text/html is org.apache.jmeter.protocol.http.parser.LagartoBasedHtmlParser
2026-09-10 04:15:10,125 INFO o.a.j.p.h.s.HTTPSamplerBase: Parser for application/xhtml+xml is org.apache.jmeter.protocol.http.parser.LagartoBasedHtmlParser
2026-09-10 04:15:10,125 INFO o.a.j.p.h.s.HTTPSamplerBase: Parser for application/xml is org.apache.jmeter.protocol.http.parser.LagartoBasedHtmlParser
2026-09-10 04:15:10,125 INFO o.a.j.p.h.s.HTTPSamplerBase: Parser for text/xml is org.apache.jmeter.protocol.http.parser.LagartoBasedHtmlParser
2026-09-10 04:15:10,125 INFO o.a.j.p.h.s.HTTPSamplerBase: Parser for text/vnd.wap.wml is org.apache.jmeter.protocol.http.parser.RegexpHTMLParser
2026-09-10 04:15:10,125 INFO o.a.j.p.h.s.HTTPSamplerBase: Parser for text/css is org.apache.jmeter.protocol.http.parser.CssParser
2026-09-10 04:15:10,153 INFO o.a.j.JMeter: Creating summariser <summary>
2026-09-10 04:15:10,169 INFO o.a.j.e.StandardJMeterEngine: Running the test!
2026-09-10 04:15:10,170 INFO o.a.j.s.SampleEvent: List of sample_variables: []
2026-09-10 04:15:10,170 INFO o.a.j.s.SampleEvent: List of sample_variables: []
2026-09-10 04:15:10,179 INFO o.a.j.e.u.CompoundVariable: Note: Function class names must contain the string: '.functions.'
2026-09-10 04:15:10,179 INFO o.a.j.e.u.CompoundVariable: Note: Function class names must not contain the string: '.gui.'
2026-09-10 04:15:10,423 INFO o.a.j.JMeter: Running test (1789024510423)
2026-09-10 04:15:10,446 INFO o.a.j.e.StandardJMeterEngine: Starting ThreadGroup: 1 : TCC orders
2026-09-10 04:15:10,446 INFO o.a.j.e.StandardJMeterEngine: Starting 25 threads for group TCC orders.
2026-09-10 04:15:10,446 INFO o.a.j.e.StandardJMeterEngine: Thread will continue on error
2026-09-10 04:15:10,447 INFO o.a.j.t.ThreadGroup: Starting thread group... number=1 threads=25 ramp-up=0 delayedStart=false
2026-09-10 04:15:10,453 INFO o.a.j.t.JMeterThread: Thread started: TCC orders 1-2
2026-09-10 04:15:10,454 INFO o.a.j.t.JMeterThread: Thread started: TCC orders 1-3
2026-09-10 04:15:10,454 INFO o.a.j.t.JMeterThread: Thread started: TCC orders 1-6
2026-09-10 04:15:10,454 INFO o.a.j.t.JMeterThread: Thread started: TCC orders 1-1
2026-09-10 04:15:10,453 INFO o.a.j.t.JMeterThread: Thread started: TCC orders 1-5
2026-09-10 04:15:10,453 INFO o.a.j.t.JMeterThread: Thread started: TCC orders 1-4
2026-09-10 04:15:10,454 INFO o.a.j.t.JMeterThread: Thread started: TCC orders 1-7
2026-09-10 04:15:10,455 INFO o.a.j.t.JMeterThread: Thread started: TCC orders 1-8
2026-09-10 04:15:10,456 INFO o.a.j.t.JMeterThread: Thread started: TCC orders 1-9
2026-09-10 04:15:10,456 INFO o.a.j.t.JMeterThread: Thread started: TCC orders 1-10
2026-09-10 04:15:10,457 INFO o.a.j.t.JMeterThread: Thread started: TCC orders 1-11
2026-09-10 04:15:10,458 INFO o.a.j.t.JMeterThread: Thread started: TCC orders 1-12
2026-09-10 04:15:10,459 INFO o.a.j.t.JMeterThread: Thread started: TCC orders 1-13
2026-09-10 04:15:10,460 INFO o.a.j.t.JMeterThread: Thread started: TCC orders 1-14
2026-09-10 04:15:10,461 INFO o.a.j.t.JMeterThread: Thread started: TCC orders 1-15
2026-09-10 04:15:10,462 INFO o.a.j.t.JMeterThread: Thread started: TCC orders 1-16
2026-09-10 04:15:10,463 INFO o.a.j.t.JMeterThread: Thread started: TCC orders 1-17
2026-09-10 04:15:10,463 INFO o.a.j.t.JMeterThread: Thread started: TCC orders 1-18
2026-09-10 04:15:10,464 INFO o.a.j.t.JMeterThread: Thread started: TCC orders 1-19
2026-09-10 04:15:10,465 INFO o.a.j.t.JMeterThread: Thread started: TCC orders 1-20
2026-09-10 04:15:10,466 INFO o.a.j.t.JMeterThread: Thread started: TCC orders 1-21
2026-09-10 04:15:10,466 INFO o.a.j.t.JMeterThread: Thread started: TCC orders 1-22
2026-09-10 04:15:10,467 INFO o.a.j.t.JMeterThread: Thread started: TCC orders 1-23
2026-09-10 04:15:10,468 INFO o.a.j.t.ThreadGroup: Started thread group number 1
2026-09-10 04:15:10,467 INFO o.a.j.t.JMeterThread: Thread started: TCC orders 1-24
2026-09-10 04:15:10,468 INFO o.a.j.e.StandardJMeterEngine: All thread groups have been started
2026-09-10 04:15:10,468 INFO o.a.j.t.JMeterThread: Thread started: TCC orders 1-25
2026-09-10 04:15:10,474 INFO o.a.j.p.h.s.HTTPHCAbstractImpl: Local host = pop-os
2026-09-10 04:15:10,480 INFO o.a.j.p.h.s.HTTPHC4Impl: HTTP request retry count = 0
2026-09-10 04:15:10,481 INFO o.a.j.s.SampleResult: Note: Sample TimeStamps are START times
2026-09-10 04:15:10,481 INFO o.a.j.s.SampleResult: sampleresult.default.encoding is set to UTF-8
2026-09-10 04:15:10,481 INFO o.a.j.s.SampleResult: sampleresult.useNanoTime=true
2026-09-10 04:15:10,481 INFO o.a.j.s.SampleResult: sampleresult.nanoThreadSleep=5000
2026-09-10 04:15:30,007 INFO o.a.j.r.Summariser: summary +   2110 in 00:00:20 =  107.7/s Avg:   219 Min:    23 Max:   434 Err:     0 (0.00%) Active: 25 Started: 25 Finished: 0
2026-09-10 04:16:00,007 INFO o.a.j.r.Summariser: summary +   3455 in 00:00:30 =  115.2/s Avg:   216 Min:   201 Max:   301 Err:     0 (0.00%) Active: 25 Started: 25 Finished: 0
2026-09-10 04:16:00,007 INFO o.a.j.r.Summariser: summary =   5565 in 00:00:50 =  112.2/s Avg:   217 Min:    23 Max:   434 Err:     0 (0.00%)
2026-09-10 04:16:30,003 INFO o.a.j.r.Summariser: summary +   3491 in 00:00:30 =  116.4/s Avg:   214 Min:   201 Max:   245 Err:     0 (0.00%) Active: 25 Started: 25 Finished: 0
2026-09-10 04:16:30,004 INFO o.a.j.r.Summariser: summary =   9056 in 00:01:20 =  113.8/s Avg:   216 Min:    23 Max:   434 Err:     0 (0.00%)
2026-09-10 04:17:00,007 INFO o.a.j.r.Summariser: summary +   3518 in 00:00:30 =  117.2/s Avg:   212 Min:   198 Max:   228 Err:     0 (0.00%) Active: 25 Started: 25 Finished: 0
2026-09-10 04:17:00,007 INFO o.a.j.r.Summariser: summary =  12574 in 00:01:50 =  114.7/s Avg:   215 Min:    23 Max:   434 Err:     0 (0.00%)
2026-09-10 04:17:10,459 INFO o.a.j.t.JMeterThread: Stopping because end time detected by thread: TCC orders 1-3
2026-09-10 04:17:10,460 INFO o.a.j.t.JMeterThread: Thread finished: TCC orders 1-3
2026-09-10 04:17:10,467 INFO o.a.j.t.JMeterThread: Stopping because end time detected by thread: TCC orders 1-18
2026-09-10 04:17:10,467 INFO o.a.j.t.JMeterThread: Thread finished: TCC orders 1-18
2026-09-10 04:17:10,475 INFO o.a.j.t.JMeterThread: Stopping because end time detected by thread: TCC orders 1-13
2026-09-10 04:17:10,476 INFO o.a.j.t.JMeterThread: Thread finished: TCC orders 1-13
2026-09-10 04:17:10,483 INFO o.a.j.t.JMeterThread: Stopping because end time detected by thread: TCC orders 1-1
2026-09-10 04:17:10,483 INFO o.a.j.t.JMeterThread: Thread finished: TCC orders 1-1
2026-09-10 04:17:10,492 INFO o.a.j.t.JMeterThread: Stopping because end time detected by thread: TCC orders 1-4
2026-09-10 04:17:10,492 INFO o.a.j.t.JMeterThread: Thread finished: TCC orders 1-4
2026-09-10 04:17:10,500 INFO o.a.j.t.JMeterThread: Stopping because end time detected by thread: TCC orders 1-15
2026-09-10 04:17:10,501 INFO o.a.j.t.JMeterThread: Thread finished: TCC orders 1-15
2026-09-10 04:17:10,509 INFO o.a.j.t.JMeterThread: Stopping because end time detected by thread: TCC orders 1-9
2026-09-10 04:17:10,509 INFO o.a.j.t.JMeterThread: Thread finished: TCC orders 1-9
2026-09-10 04:17:10,517 INFO o.a.j.t.JMeterThread: Stopping because end time detected by thread: TCC orders 1-16
2026-09-10 04:17:10,517 INFO o.a.j.t.JMeterThread: Thread finished: TCC orders 1-16
2026-09-10 04:17:10,525 INFO o.a.j.t.JMeterThread: Stopping because end time detected by thread: TCC orders 1-21
2026-09-10 04:17:10,525 INFO o.a.j.t.JMeterThread: Thread finished: TCC orders 1-21
2026-09-10 04:17:10,533 INFO o.a.j.t.JMeterThread: Stopping because end time detected by thread: TCC orders 1-8
2026-09-10 04:17:10,533 INFO o.a.j.t.JMeterThread: Thread finished: TCC orders 1-8
2026-09-10 04:17:10,542 INFO o.a.j.t.JMeterThread: Stopping because end time detected by thread: TCC orders 1-2
2026-09-10 04:17:10,542 INFO o.a.j.t.JMeterThread: Thread finished: TCC orders 1-2
2026-09-10 04:17:10,550 INFO o.a.j.t.JMeterThread: Stopping because end time detected by thread: TCC orders 1-17
2026-09-10 04:17:10,551 INFO o.a.j.t.JMeterThread: Thread finished: TCC orders 1-17
2026-09-10 04:17:10,559 INFO o.a.j.t.JMeterThread: Stopping because end time detected by thread: TCC orders 1-19
2026-09-10 04:17:10,559 INFO o.a.j.t.JMeterThread: Thread finished: TCC orders 1-19
2026-09-10 04:17:10,567 INFO o.a.j.t.JMeterThread: Stopping because end time detected by thread: TCC orders 1-12
2026-09-10 04:17:10,567 INFO o.a.j.t.JMeterThread: Thread finished: TCC orders 1-12
2026-09-10 04:17:10,577 INFO o.a.j.t.JMeterThread: Stopping because end time detected by thread: TCC orders 1-7
2026-09-10 04:17:10,577 INFO o.a.j.t.JMeterThread: Thread finished: TCC orders 1-7
2026-09-10 04:17:10,585 INFO o.a.j.t.JMeterThread: Stopping because end time detected by thread: TCC orders 1-25
2026-09-10 04:17:10,585 INFO o.a.j.t.JMeterThread: Thread finished: TCC orders 1-25
2026-09-10 04:17:10,594 INFO o.a.j.t.JMeterThread: Stopping because end time detected by thread: TCC orders 1-22
2026-09-10 04:17:10,594 INFO o.a.j.t.JMeterThread: Thread finished: TCC orders 1-22
2026-09-10 04:17:10,602 INFO o.a.j.t.JMeterThread: Stopping because end time detected by thread: TCC orders 1-23
2026-09-10 04:17:10,602 INFO o.a.j.t.JMeterThread: Thread finished: TCC orders 1-23
2026-09-10 04:17:10,611 INFO o.a.j.t.JMeterThread: Stopping because end time detected by thread: TCC orders 1-11
2026-09-10 04:17:10,611 INFO o.a.j.t.JMeterThread: Thread finished: TCC orders 1-11
2026-09-10 04:17:10,619 INFO o.a.j.t.JMeterThread: Stopping because end time detected by thread: TCC orders 1-10
2026-09-10 04:17:10,619 INFO o.a.j.t.JMeterThread: Thread finished: TCC orders 1-10
2026-09-10 04:17:10,627 INFO o.a.j.t.JMeterThread: Stopping because end time detected by thread: TCC orders 1-20
2026-09-10 04:17:10,627 INFO o.a.j.t.JMeterThread: Thread finished: TCC orders 1-20
2026-09-10 04:17:10,636 INFO o.a.j.t.JMeterThread: Stopping because end time detected by thread: TCC orders 1-6
2026-09-10 04:17:10,636 INFO o.a.j.t.JMeterThread: Thread finished: TCC orders 1-6
2026-09-10 04:17:10,644 INFO o.a.j.t.JMeterThread: Stopping because end time detected by thread: TCC orders 1-14
2026-09-10 04:17:10,645 INFO o.a.j.t.JMeterThread: Thread finished: TCC orders 1-14
2026-09-10 04:17:10,653 INFO o.a.j.t.JMeterThread: Stopping because end time detected by thread: TCC orders 1-5
2026-09-10 04:17:10,653 INFO o.a.j.t.JMeterThread: Thread finished: TCC orders 1-5
2026-09-10 04:17:10,662 INFO o.a.j.t.JMeterThread: Stopping because end time detected by thread: TCC orders 1-24
2026-09-10 04:17:10,662 INFO o.a.j.t.JMeterThread: Thread finished: TCC orders 1-24
2026-09-10 04:17:10,663 INFO o.a.j.e.StandardJMeterEngine: Notifying test listeners of end of test
2026-09-10 04:17:10,671 INFO o.a.j.r.Summariser: summary +   1253 in 00:00:11 =  117.5/s Avg:   212 Min:   205 Max:   221 Err:     0 (0.00%) Active: 0 Started: 25 Finished: 25
2026-09-10 04:17:10,671 INFO o.a.j.r.Summariser: summary =  13827 in 00:02:00 =  115.0/s Avg:   215 Min:    23 Max:   434 Err:     0 (0.00%)
