2026-09-10 04:14:34,737 INFO o.a.j.u.JMeterUtils: Setting Locale to en_EN
2026-09-10 04:14:34,754 INFO o.a.j.JMeter: Loading user properties from: /home/avituo/projects/tcc/tcc-container/.tools/apache-jmeter-5.6.3/bin/user.properties
2026-09-10 04:14:34,754 INFO o.a.j.JMeter: Loading system properties from: /home/avituo/projects/tcc/tcc-container/.tools/apache-jmeter-5.6.3/bin/system.properties
2026-09-10 04:14:34,754 INFO o.a.j.JMeter: Loading additional properties from: /home/avituo/projects/tcc/tcc-container/benchmark/jmeter/benchmark.properties
2026-09-10 04:14:34,754 INFO o.a.j.JMeter: Loading additional properties from: /tmp/tcc-benchmark-auth.06QaPC/auth.properties
2026-09-10 04:14:34,754 INFO o.a.j.JMeter: Setting JMeter property: threads=25
2026-09-10 04:14:34,755 INFO o.a.j.JMeter: Setting JMeter property: duration_seconds=30
2026-09-10 04:14:34,755 INFO o.a.j.JMeter: Setting JMeter property: target_host=localhost
2026-09-10 04:14:34,755 INFO o.a.j.JMeter: Setting JMeter property: target_port=18080
2026-09-10 04:14:34,755 INFO o.a.j.JMeter: Setting JMeter property: tcc.order.id=20000000-0000-4000-8000-000000000001
2026-09-10 04:14:34,755 INFO o.a.j.JMeter: Setting JMeter property: repetition=4
2026-09-10 04:14:34,761 INFO o.a.j.JMeter: Copyright (c) 1998-2024 The Apache Software Foundation
2026-09-10 04:14:34,761 INFO o.a.j.JMeter: Version 5.6.3
2026-09-10 04:14:34,761 INFO o.a.j.JMeter: java.version=21.0.11
2026-09-10 04:14:34,761 INFO o.a.j.JMeter: java.vm.name=OpenJDK 64-Bit Server VM
2026-09-10 04:14:34,761 INFO o.a.j.JMeter: os.name=Linux
2026-09-10 04:14:34,761 INFO o.a.j.JMeter: os.arch=amd64
2026-09-10 04:14:34,761 INFO o.a.j.JMeter: os.version=7.0.11-76070011-generic
2026-09-10 04:14:34,761 INFO o.a.j.JMeter: file.encoding=UTF-8
2026-09-10 04:14:34,761 INFO o.a.j.JMeter: java.awt.headless=true
2026-09-10 04:14:34,761 INFO o.a.j.JMeter: Max memory     =1073741824
2026-09-10 04:14:34,762 INFO o.a.j.JMeter: Available Processors =16
2026-09-10 04:14:34,770 INFO o.a.j.JMeter: Default Locale=English (EN)
2026-09-10 04:14:34,770 INFO o.a.j.JMeter: JMeter  Locale=English (EN)
2026-09-10 04:14:34,770 INFO o.a.j.JMeter: JMeterHome=/home/avituo/projects/tcc/tcc-container/.tools/apache-jmeter-5.6.3
2026-09-10 04:14:34,770 INFO o.a.j.JMeter: user.dir  =/home/avituo/projects/tcc/tcc-container
2026-09-10 04:14:34,770 INFO o.a.j.JMeter: PWD       =/home/avituo/projects/tcc/tcc-container
2026-09-10 04:14:34,782 INFO o.a.j.JMeter: IP: 192.168.1.16 Name: pop-os FullName: pop-os.home
2026-09-10 04:14:34,794 INFO o.a.j.s.FileServer: Default base='/home/avituo/projects/tcc/tcc-container'
2026-09-10 04:14:34,796 INFO o.a.j.s.FileServer: Set new base='/home/avituo/projects/tcc/tcc-container/benchmark/jmeter'
2026-09-10 04:14:34,956 INFO o.a.j.s.SaveService: Testplan (JMX) version: 2.2. Testlog (JTL) version: 2.2
2026-09-10 04:14:34,980 INFO o.a.j.s.SaveService: Using SaveService properties version 5.0
2026-09-10 04:14:34,983 INFO o.a.j.s.SaveService: Using SaveService properties file encoding UTF-8
2026-09-10 04:14:34,987 INFO o.a.j.s.SaveService: Loading file: /home/avituo/projects/tcc/tcc-container/benchmark/jmeter/tcc-orders-v1.jmx
2026-09-10 04:14:35,036 INFO o.a.j.p.h.s.HTTPSamplerBase: Parser for text/html is org.apache.jmeter.protocol.http.parser.LagartoBasedHtmlParser
2026-09-10 04:14:35,036 INFO o.a.j.p.h.s.HTTPSamplerBase: Parser for application/xhtml+xml is org.apache.jmeter.protocol.http.parser.LagartoBasedHtmlParser
2026-09-10 04:14:35,036 INFO o.a.j.p.h.s.HTTPSamplerBase: Parser for application/xml is org.apache.jmeter.protocol.http.parser.LagartoBasedHtmlParser
2026-09-10 04:14:35,036 INFO o.a.j.p.h.s.HTTPSamplerBase: Parser for text/xml is org.apache.jmeter.protocol.http.parser.LagartoBasedHtmlParser
2026-09-10 04:14:35,036 INFO o.a.j.p.h.s.HTTPSamplerBase: Parser for text/vnd.wap.wml is org.apache.jmeter.protocol.http.parser.RegexpHTMLParser
2026-09-10 04:14:35,036 INFO o.a.j.p.h.s.HTTPSamplerBase: Parser for text/css is org.apache.jmeter.protocol.http.parser.CssParser
2026-09-10 04:14:35,064 INFO o.a.j.JMeter: Creating summariser <summary>
2026-09-10 04:14:35,083 INFO o.a.j.e.StandardJMeterEngine: Running the test!
2026-09-10 04:14:35,083 INFO o.a.j.s.SampleEvent: List of sample_variables: []
2026-09-10 04:14:35,083 INFO o.a.j.s.SampleEvent: List of sample_variables: []
2026-09-10 04:14:35,087 INFO o.a.j.e.u.CompoundVariable: Note: Function class names must contain the string: '.functions.'
2026-09-10 04:14:35,087 INFO o.a.j.e.u.CompoundVariable: Note: Function class names must not contain the string: '.gui.'
2026-09-10 04:14:35,332 INFO o.a.j.JMeter: Running test (1789024475332)
2026-09-10 04:14:35,357 INFO o.a.j.e.StandardJMeterEngine: Starting ThreadGroup: 1 : TCC orders
2026-09-10 04:14:35,358 INFO o.a.j.e.StandardJMeterEngine: Starting 25 threads for group TCC orders.
2026-09-10 04:14:35,358 INFO o.a.j.e.StandardJMeterEngine: Thread will continue on error
2026-09-10 04:14:35,358 INFO o.a.j.t.ThreadGroup: Starting thread group... number=1 threads=25 ramp-up=0 delayedStart=false
2026-09-10 04:14:35,364 INFO o.a.j.t.JMeterThread: Thread started: TCC orders 1-2
2026-09-10 04:14:35,364 INFO o.a.j.t.JMeterThread: Thread started: TCC orders 1-3
2026-09-10 04:14:35,364 INFO o.a.j.t.JMeterThread: Thread started: TCC orders 1-4
2026-09-10 04:14:35,364 INFO o.a.j.t.JMeterThread: Thread started: TCC orders 1-1
2026-09-10 04:14:35,365 INFO o.a.j.t.JMeterThread: Thread started: TCC orders 1-5
2026-09-10 04:14:35,366 INFO o.a.j.t.JMeterThread: Thread started: TCC orders 1-6
2026-09-10 04:14:35,366 INFO o.a.j.t.JMeterThread: Thread started: TCC orders 1-7
2026-09-10 04:14:35,367 INFO o.a.j.t.JMeterThread: Thread started: TCC orders 1-8
2026-09-10 04:14:35,367 INFO o.a.j.t.JMeterThread: Thread started: TCC orders 1-9
2026-09-10 04:14:35,368 INFO o.a.j.t.JMeterThread: Thread started: TCC orders 1-10
2026-09-10 04:14:35,369 INFO o.a.j.t.JMeterThread: Thread started: TCC orders 1-11
2026-09-10 04:14:35,370 INFO o.a.j.t.JMeterThread: Thread started: TCC orders 1-12
2026-09-10 04:14:35,370 INFO o.a.j.t.JMeterThread: Thread started: TCC orders 1-13
2026-09-10 04:14:35,371 INFO o.a.j.t.JMeterThread: Thread started: TCC orders 1-14
2026-09-10 04:14:35,372 INFO o.a.j.t.JMeterThread: Thread started: TCC orders 1-15
2026-09-10 04:14:35,374 INFO o.a.j.t.JMeterThread: Thread started: TCC orders 1-16
2026-09-10 04:14:35,374 INFO o.a.j.t.JMeterThread: Thread started: TCC orders 1-17
2026-09-10 04:14:35,375 INFO o.a.j.t.JMeterThread: Thread started: TCC orders 1-18
2026-09-10 04:14:35,376 INFO o.a.j.t.JMeterThread: Thread started: TCC orders 1-19
2026-09-10 04:14:35,377 INFO o.a.j.t.JMeterThread: Thread started: TCC orders 1-20
2026-09-10 04:14:35,377 INFO o.a.j.t.JMeterThread: Thread started: TCC orders 1-21
2026-09-10 04:14:35,378 INFO o.a.j.t.JMeterThread: Thread started: TCC orders 1-22
2026-09-10 04:14:35,379 INFO o.a.j.t.JMeterThread: Thread started: TCC orders 1-23
2026-09-10 04:14:35,380 INFO o.a.j.t.ThreadGroup: Started thread group number 1
2026-09-10 04:14:35,380 INFO o.a.j.t.JMeterThread: Thread started: TCC orders 1-24
2026-09-10 04:14:35,380 INFO o.a.j.e.StandardJMeterEngine: All thread groups have been started
2026-09-10 04:14:35,380 INFO o.a.j.t.JMeterThread: Thread started: TCC orders 1-25
2026-09-10 04:14:35,386 INFO o.a.j.p.h.s.HTTPHCAbstractImpl: Local host = pop-os
2026-09-10 04:14:35,392 INFO o.a.j.p.h.s.HTTPHC4Impl: HTTP request retry count = 0
2026-09-10 04:14:35,393 INFO o.a.j.s.SampleResult: Note: Sample TimeStamps are START times
2026-09-10 04:14:35,394 INFO o.a.j.s.SampleResult: sampleresult.default.encoding is set to UTF-8
2026-09-10 04:14:35,394 INFO o.a.j.s.SampleResult: sampleresult.useNanoTime=true
2026-09-10 04:14:35,394 INFO o.a.j.s.SampleResult: sampleresult.nanoThreadSleep=5000
2026-09-10 04:15:00,005 INFO o.a.j.r.Summariser: summary +   2607 in 00:00:25 =  105.7/s Avg:   226 Min:    41 Max:   504 Err:     0 (0.00%) Active: 25 Started: 25 Finished: 0
2026-09-10 04:15:05,368 INFO o.a.j.t.JMeterThread: Stopping because end time detected by thread: TCC orders 1-9
2026-09-10 04:15:05,369 INFO o.a.j.t.JMeterThread: Thread finished: TCC orders 1-9
2026-09-10 04:15:05,386 INFO o.a.j.t.JMeterThread: Stopping because end time detected by thread: TCC orders 1-24
2026-09-10 04:15:05,387 INFO o.a.j.t.JMeterThread: Thread finished: TCC orders 1-24
2026-09-10 04:15:05,395 INFO o.a.j.t.JMeterThread: Stopping because end time detected by thread: TCC orders 1-22
2026-09-10 04:15:05,396 INFO o.a.j.t.JMeterThread: Thread finished: TCC orders 1-22
2026-09-10 04:15:05,405 INFO o.a.j.t.JMeterThread: Stopping because end time detected by thread: TCC orders 1-15
2026-09-10 04:15:05,405 INFO o.a.j.t.JMeterThread: Thread finished: TCC orders 1-15
2026-09-10 04:15:05,413 INFO o.a.j.t.JMeterThread: Stopping because end time detected by thread: TCC orders 1-2
2026-09-10 04:15:05,413 INFO o.a.j.t.JMeterThread: Thread finished: TCC orders 1-2
2026-09-10 04:15:05,421 INFO o.a.j.t.JMeterThread: Stopping because end time detected by thread: TCC orders 1-20
2026-09-10 04:15:05,421 INFO o.a.j.t.JMeterThread: Thread finished: TCC orders 1-20
2026-09-10 04:15:05,430 INFO o.a.j.t.JMeterThread: Stopping because end time detected by thread: TCC orders 1-19
2026-09-10 04:15:05,430 INFO o.a.j.t.JMeterThread: Thread finished: TCC orders 1-19
2026-09-10 04:15:05,439 INFO o.a.j.t.JMeterThread: Stopping because end time detected by thread: TCC orders 1-21
2026-09-10 04:15:05,439 INFO o.a.j.t.JMeterThread: Thread finished: TCC orders 1-21
2026-09-10 04:15:05,447 INFO o.a.j.t.JMeterThread: Stopping because end time detected by thread: TCC orders 1-3
2026-09-10 04:15:05,447 INFO o.a.j.t.JMeterThread: Thread finished: TCC orders 1-3
2026-09-10 04:15:05,455 INFO o.a.j.t.JMeterThread: Stopping because end time detected by thread: TCC orders 1-7
2026-09-10 04:15:05,455 INFO o.a.j.t.JMeterThread: Thread finished: TCC orders 1-7
2026-09-10 04:15:05,464 INFO o.a.j.t.JMeterThread: Stopping because end time detected by thread: TCC orders 1-23
2026-09-10 04:15:05,465 INFO o.a.j.t.JMeterThread: Thread finished: TCC orders 1-23
2026-09-10 04:15:05,473 INFO o.a.j.t.JMeterThread: Stopping because end time detected by thread: TCC orders 1-18
2026-09-10 04:15:05,474 INFO o.a.j.t.JMeterThread: Thread finished: TCC orders 1-18
2026-09-10 04:15:05,482 INFO o.a.j.t.JMeterThread: Stopping because end time detected by thread: TCC orders 1-10
2026-09-10 04:15:05,482 INFO o.a.j.t.JMeterThread: Thread finished: TCC orders 1-10
2026-09-10 04:15:05,490 INFO o.a.j.t.JMeterThread: Stopping because end time detected by thread: TCC orders 1-1
2026-09-10 04:15:05,491 INFO o.a.j.t.JMeterThread: Thread finished: TCC orders 1-1
2026-09-10 04:15:05,499 INFO o.a.j.t.JMeterThread: Stopping because end time detected by thread: TCC orders 1-11
2026-09-10 04:15:05,499 INFO o.a.j.t.JMeterThread: Thread finished: TCC orders 1-11
2026-09-10 04:15:05,508 INFO o.a.j.t.JMeterThread: Stopping because end time detected by thread: TCC orders 1-13
2026-09-10 04:15:05,508 INFO o.a.j.t.JMeterThread: Thread finished: TCC orders 1-13
2026-09-10 04:15:05,516 INFO o.a.j.t.JMeterThread: Stopping because end time detected by thread: TCC orders 1-16
2026-09-10 04:15:05,516 INFO o.a.j.t.JMeterThread: Thread finished: TCC orders 1-16
2026-09-10 04:15:05,525 INFO o.a.j.t.JMeterThread: Stopping because end time detected by thread: TCC orders 1-4
2026-09-10 04:15:05,525 INFO o.a.j.t.JMeterThread: Thread finished: TCC orders 1-4
2026-09-10 04:15:05,534 INFO o.a.j.t.JMeterThread: Stopping because end time detected by thread: TCC orders 1-8
2026-09-10 04:15:05,534 INFO o.a.j.t.JMeterThread: Thread finished: TCC orders 1-8
2026-09-10 04:15:05,543 INFO o.a.j.t.JMeterThread: Stopping because end time detected by thread: TCC orders 1-5
2026-09-10 04:15:05,544 INFO o.a.j.t.JMeterThread: Thread finished: TCC orders 1-5
2026-09-10 04:15:05,552 INFO o.a.j.t.JMeterThread: Stopping because end time detected by thread: TCC orders 1-17
2026-09-10 04:15:05,552 INFO o.a.j.t.JMeterThread: Thread finished: TCC orders 1-17
2026-09-10 04:15:05,562 INFO o.a.j.t.JMeterThread: Stopping because end time detected by thread: TCC orders 1-6
2026-09-10 04:15:05,562 INFO o.a.j.t.JMeterThread: Thread finished: TCC orders 1-6
2026-09-10 04:15:05,572 INFO o.a.j.t.JMeterThread: Stopping because end time detected by thread: TCC orders 1-14
2026-09-10 04:15:05,572 INFO o.a.j.t.JMeterThread: Thread finished: TCC orders 1-14
2026-09-10 04:15:05,581 INFO o.a.j.t.JMeterThread: Stopping because end time detected by thread: TCC orders 1-12
2026-09-10 04:15:05,581 INFO o.a.j.t.JMeterThread: Thread finished: TCC orders 1-12
2026-09-10 04:15:05,590 INFO o.a.j.t.JMeterThread: Stopping because end time detected by thread: TCC orders 1-25
2026-09-10 04:15:05,590 INFO o.a.j.t.JMeterThread: Thread finished: TCC orders 1-25
2026-09-10 04:15:05,591 INFO o.a.j.e.StandardJMeterEngine: Notifying test listeners of end of test
2026-09-10 04:15:05,594 INFO o.a.j.r.Summariser: summary +    636 in 00:00:06 =  113.8/s Avg:   218 Min:   204 Max:   249 Err:     0 (0.00%) Active: 0 Started: 25 Finished: 25
2026-09-10 04:15:05,594 INFO o.a.j.r.Summariser: summary =   3243 in 00:00:30 =  107.2/s Avg:   225 Min:    41 Max:   504 Err:     0 (0.00%)
