2026-09-10 04:28:46,660 INFO o.a.j.u.JMeterUtils: Setting Locale to en_EN
2026-09-10 04:28:46,679 INFO o.a.j.JMeter: Loading user properties from: /home/avituo/projects/tcc/tcc-container/.tools/apache-jmeter-5.6.3/bin/user.properties
2026-09-10 04:28:46,679 INFO o.a.j.JMeter: Loading system properties from: /home/avituo/projects/tcc/tcc-container/.tools/apache-jmeter-5.6.3/bin/system.properties
2026-09-10 04:28:46,679 INFO o.a.j.JMeter: Loading additional properties from: /home/avituo/projects/tcc/tcc-container/benchmark/jmeter/benchmark.properties
2026-09-10 04:28:46,680 INFO o.a.j.JMeter: Loading additional properties from: /tmp/tcc-benchmark-auth.Ox4XAx/auth.properties
2026-09-10 04:28:46,680 INFO o.a.j.JMeter: Setting JMeter property: threads=50
2026-09-10 04:28:46,680 INFO o.a.j.JMeter: Setting JMeter property: duration_seconds=30
2026-09-10 04:28:46,680 INFO o.a.j.JMeter: Setting JMeter property: target_host=localhost
2026-09-10 04:28:46,680 INFO o.a.j.JMeter: Setting JMeter property: target_port=18000
2026-09-10 04:28:46,680 INFO o.a.j.JMeter: Setting JMeter property: tcc.order.id=1
2026-09-10 04:28:46,680 INFO o.a.j.JMeter: Setting JMeter property: repetition=1
2026-09-10 04:28:46,688 INFO o.a.j.JMeter: Copyright (c) 1998-2024 The Apache Software Foundation
2026-09-10 04:28:46,688 INFO o.a.j.JMeter: Version 5.6.3
2026-09-10 04:28:46,688 INFO o.a.j.JMeter: java.version=21.0.11
2026-09-10 04:28:46,689 INFO o.a.j.JMeter: java.vm.name=OpenJDK 64-Bit Server VM
2026-09-10 04:28:46,689 INFO o.a.j.JMeter: os.name=Linux
2026-09-10 04:28:46,689 INFO o.a.j.JMeter: os.arch=amd64
2026-09-10 04:28:46,689 INFO o.a.j.JMeter: os.version=7.0.11-76070011-generic
2026-09-10 04:28:46,689 INFO o.a.j.JMeter: file.encoding=UTF-8
2026-09-10 04:28:46,689 INFO o.a.j.JMeter: java.awt.headless=true
2026-09-10 04:28:46,689 INFO o.a.j.JMeter: Max memory     =1073741824
2026-09-10 04:28:46,689 INFO o.a.j.JMeter: Available Processors =16
2026-09-10 04:28:46,700 INFO o.a.j.JMeter: Default Locale=English (EN)
2026-09-10 04:28:46,700 INFO o.a.j.JMeter: JMeter  Locale=English (EN)
2026-09-10 04:28:46,700 INFO o.a.j.JMeter: JMeterHome=/home/avituo/projects/tcc/tcc-container/.tools/apache-jmeter-5.6.3
2026-09-10 04:28:46,701 INFO o.a.j.JMeter: user.dir  =/home/avituo/projects/tcc/tcc-container
2026-09-10 04:28:46,701 INFO o.a.j.JMeter: PWD       =/home/avituo/projects/tcc/tcc-container
2026-09-10 04:28:46,718 INFO o.a.j.JMeter: IP: 192.168.1.16 Name: pop-os FullName: pop-os.home
2026-09-10 04:28:46,729 INFO o.a.j.s.FileServer: Default base='/home/avituo/projects/tcc/tcc-container'
2026-09-10 04:28:46,731 INFO o.a.j.s.FileServer: Set new base='/home/avituo/projects/tcc/tcc-container/benchmark/jmeter'
2026-09-10 04:28:46,900 INFO o.a.j.s.SaveService: Testplan (JMX) version: 2.2. Testlog (JTL) version: 2.2
2026-09-10 04:28:46,926 INFO o.a.j.s.SaveService: Using SaveService properties version 5.0
2026-09-10 04:28:46,929 INFO o.a.j.s.SaveService: Using SaveService properties file encoding UTF-8
2026-09-10 04:28:46,933 INFO o.a.j.s.SaveService: Loading file: /home/avituo/projects/tcc/tcc-container/benchmark/jmeter/tcc-orders-v1.jmx
2026-09-10 04:28:46,984 INFO o.a.j.p.h.s.HTTPSamplerBase: Parser for text/html is org.apache.jmeter.protocol.http.parser.LagartoBasedHtmlParser
2026-09-10 04:28:46,984 INFO o.a.j.p.h.s.HTTPSamplerBase: Parser for application/xhtml+xml is org.apache.jmeter.protocol.http.parser.LagartoBasedHtmlParser
2026-09-10 04:28:46,984 INFO o.a.j.p.h.s.HTTPSamplerBase: Parser for application/xml is org.apache.jmeter.protocol.http.parser.LagartoBasedHtmlParser
2026-09-10 04:28:46,984 INFO o.a.j.p.h.s.HTTPSamplerBase: Parser for text/xml is org.apache.jmeter.protocol.http.parser.LagartoBasedHtmlParser
2026-09-10 04:28:46,984 INFO o.a.j.p.h.s.HTTPSamplerBase: Parser for text/vnd.wap.wml is org.apache.jmeter.protocol.http.parser.RegexpHTMLParser
2026-09-10 04:28:46,985 INFO o.a.j.p.h.s.HTTPSamplerBase: Parser for text/css is org.apache.jmeter.protocol.http.parser.CssParser
2026-09-10 04:28:47,015 INFO o.a.j.JMeter: Creating summariser <summary>
2026-09-10 04:28:47,036 INFO o.a.j.e.StandardJMeterEngine: Running the test!
2026-09-10 04:28:47,036 INFO o.a.j.s.SampleEvent: List of sample_variables: []
2026-09-10 04:28:47,036 INFO o.a.j.s.SampleEvent: List of sample_variables: []
2026-09-10 04:28:47,041 INFO o.a.j.e.u.CompoundVariable: Note: Function class names must contain the string: '.functions.'
2026-09-10 04:28:47,041 INFO o.a.j.e.u.CompoundVariable: Note: Function class names must not contain the string: '.gui.'
2026-09-10 04:28:47,268 INFO o.a.j.JMeter: Running test (1789025327268)
2026-09-10 04:28:47,288 INFO o.a.j.e.StandardJMeterEngine: Starting ThreadGroup: 1 : TCC orders
2026-09-10 04:28:47,288 INFO o.a.j.e.StandardJMeterEngine: Starting 50 threads for group TCC orders.
2026-09-10 04:28:47,288 INFO o.a.j.e.StandardJMeterEngine: Thread will continue on error
2026-09-10 04:28:47,289 INFO o.a.j.t.ThreadGroup: Starting thread group... number=1 threads=50 ramp-up=0 delayedStart=false
2026-09-10 04:28:47,295 INFO o.a.j.t.JMeterThread: Thread started: TCC orders 1-2
2026-09-10 04:28:47,295 INFO o.a.j.t.JMeterThread: Thread started: TCC orders 1-6
2026-09-10 04:28:47,295 INFO o.a.j.t.JMeterThread: Thread started: TCC orders 1-5
2026-09-10 04:28:47,295 INFO o.a.j.t.JMeterThread: Thread started: TCC orders 1-4
2026-09-10 04:28:47,295 INFO o.a.j.t.JMeterThread: Thread started: TCC orders 1-3
2026-09-10 04:28:47,295 INFO o.a.j.t.JMeterThread: Thread started: TCC orders 1-1
2026-09-10 04:28:47,296 INFO o.a.j.t.JMeterThread: Thread started: TCC orders 1-7
2026-09-10 04:28:47,297 INFO o.a.j.t.JMeterThread: Thread started: TCC orders 1-8
2026-09-10 04:28:47,297 INFO o.a.j.t.JMeterThread: Thread started: TCC orders 1-9
2026-09-10 04:28:47,298 INFO o.a.j.t.JMeterThread: Thread started: TCC orders 1-10
2026-09-10 04:28:47,299 INFO o.a.j.t.JMeterThread: Thread started: TCC orders 1-11
2026-09-10 04:28:47,300 INFO o.a.j.t.JMeterThread: Thread started: TCC orders 1-12
2026-09-10 04:28:47,300 INFO o.a.j.t.JMeterThread: Thread started: TCC orders 1-13
2026-09-10 04:28:47,302 INFO o.a.j.t.JMeterThread: Thread started: TCC orders 1-14
2026-09-10 04:28:47,302 INFO o.a.j.t.JMeterThread: Thread started: TCC orders 1-15
2026-09-10 04:28:47,304 INFO o.a.j.t.JMeterThread: Thread started: TCC orders 1-16
2026-09-10 04:28:47,304 INFO o.a.j.t.JMeterThread: Thread started: TCC orders 1-17
2026-09-10 04:28:47,305 INFO o.a.j.t.JMeterThread: Thread started: TCC orders 1-18
2026-09-10 04:28:47,305 INFO o.a.j.t.JMeterThread: Thread started: TCC orders 1-19
2026-09-10 04:28:47,306 INFO o.a.j.t.JMeterThread: Thread started: TCC orders 1-20
2026-09-10 04:28:47,307 INFO o.a.j.t.JMeterThread: Thread started: TCC orders 1-21
2026-09-10 04:28:47,307 INFO o.a.j.t.JMeterThread: Thread started: TCC orders 1-22
2026-09-10 04:28:47,307 INFO o.a.j.t.JMeterThread: Thread started: TCC orders 1-23
2026-09-10 04:28:47,308 INFO o.a.j.t.JMeterThread: Thread started: TCC orders 1-24
2026-09-10 04:28:47,308 INFO o.a.j.t.JMeterThread: Thread started: TCC orders 1-25
2026-09-10 04:28:47,309 INFO o.a.j.t.JMeterThread: Thread started: TCC orders 1-26
2026-09-10 04:28:47,309 INFO o.a.j.t.JMeterThread: Thread started: TCC orders 1-27
2026-09-10 04:28:47,310 INFO o.a.j.t.JMeterThread: Thread started: TCC orders 1-28
2026-09-10 04:28:47,311 INFO o.a.j.t.JMeterThread: Thread started: TCC orders 1-29
2026-09-10 04:28:47,311 INFO o.a.j.t.JMeterThread: Thread started: TCC orders 1-30
2026-09-10 04:28:47,312 INFO o.a.j.t.JMeterThread: Thread started: TCC orders 1-31
2026-09-10 04:28:47,312 INFO o.a.j.t.JMeterThread: Thread started: TCC orders 1-32
2026-09-10 04:28:47,313 INFO o.a.j.t.JMeterThread: Thread started: TCC orders 1-33
2026-09-10 04:28:47,313 INFO o.a.j.t.JMeterThread: Thread started: TCC orders 1-34
2026-09-10 04:28:47,313 INFO o.a.j.t.JMeterThread: Thread started: TCC orders 1-35
2026-09-10 04:28:47,314 INFO o.a.j.t.JMeterThread: Thread started: TCC orders 1-36
2026-09-10 04:28:47,314 INFO o.a.j.t.JMeterThread: Thread started: TCC orders 1-37
2026-09-10 04:28:47,314 INFO o.a.j.t.JMeterThread: Thread started: TCC orders 1-38
2026-09-10 04:28:47,315 INFO o.a.j.t.JMeterThread: Thread started: TCC orders 1-39
2026-09-10 04:28:47,315 INFO o.a.j.t.JMeterThread: Thread started: TCC orders 1-40
2026-09-10 04:28:47,315 INFO o.a.j.t.JMeterThread: Thread started: TCC orders 1-41
2026-09-10 04:28:47,316 INFO o.a.j.t.JMeterThread: Thread started: TCC orders 1-42
2026-09-10 04:28:47,316 INFO o.a.j.t.JMeterThread: Thread started: TCC orders 1-43
2026-09-10 04:28:47,316 INFO o.a.j.t.JMeterThread: Thread started: TCC orders 1-44
2026-09-10 04:28:47,317 INFO o.a.j.t.JMeterThread: Thread started: TCC orders 1-45
2026-09-10 04:28:47,317 INFO o.a.j.t.JMeterThread: Thread started: TCC orders 1-46
2026-09-10 04:28:47,318 INFO o.a.j.t.JMeterThread: Thread started: TCC orders 1-47
2026-09-10 04:28:47,318 INFO o.a.j.t.JMeterThread: Thread started: TCC orders 1-48
2026-09-10 04:28:47,319 INFO o.a.j.t.ThreadGroup: Started thread group number 1
2026-09-10 04:28:47,319 INFO o.a.j.t.JMeterThread: Thread started: TCC orders 1-49
2026-09-10 04:28:47,319 INFO o.a.j.e.StandardJMeterEngine: All thread groups have been started
2026-09-10 04:28:47,319 INFO o.a.j.t.JMeterThread: Thread started: TCC orders 1-50
2026-09-10 04:28:47,321 INFO o.a.j.p.h.s.HTTPHCAbstractImpl: Local host = pop-os
2026-09-10 04:28:47,327 INFO o.a.j.p.h.s.HTTPHC4Impl: HTTP request retry count = 0
2026-09-10 04:28:47,328 INFO o.a.j.s.SampleResult: Note: Sample TimeStamps are START times
2026-09-10 04:28:47,328 INFO o.a.j.s.SampleResult: sampleresult.default.encoding is set to UTF-8
2026-09-10 04:28:47,328 INFO o.a.j.s.SampleResult: sampleresult.useNanoTime=true
2026-09-10 04:28:47,328 INFO o.a.j.s.SampleResult: sampleresult.nanoThreadSleep=5000
2026-09-10 04:29:00,024 INFO o.a.j.r.Summariser: summary +    486 in 00:00:13 =   38.1/s Avg:  1205 Min:   104 Max:  1582 Err:     0 (0.00%) Active: 50 Started: 50 Finished: 0
2026-09-10 04:29:17,322 INFO o.a.j.t.JMeterThread: Stopping because end time detected by thread: TCC orders 1-27
2026-09-10 04:29:17,322 INFO o.a.j.t.JMeterThread: Thread finished: TCC orders 1-27
2026-09-10 04:29:17,347 INFO o.a.j.t.JMeterThread: Stopping because end time detected by thread: TCC orders 1-35
2026-09-10 04:29:17,347 INFO o.a.j.t.JMeterThread: Thread finished: TCC orders 1-35
2026-09-10 04:29:17,371 INFO o.a.j.t.JMeterThread: Stopping because end time detected by thread: TCC orders 1-32
2026-09-10 04:29:17,371 INFO o.a.j.t.JMeterThread: Thread finished: TCC orders 1-32
2026-09-10 04:29:17,395 INFO o.a.j.t.JMeterThread: Stopping because end time detected by thread: TCC orders 1-48
2026-09-10 04:29:17,396 INFO o.a.j.t.JMeterThread: Thread finished: TCC orders 1-48
2026-09-10 04:29:17,421 INFO o.a.j.t.JMeterThread: Stopping because end time detected by thread: TCC orders 1-44
2026-09-10 04:29:17,421 INFO o.a.j.t.JMeterThread: Thread finished: TCC orders 1-44
2026-09-10 04:29:17,449 INFO o.a.j.t.JMeterThread: Stopping because end time detected by thread: TCC orders 1-25
2026-09-10 04:29:17,449 INFO o.a.j.t.JMeterThread: Thread finished: TCC orders 1-25
2026-09-10 04:29:17,474 INFO o.a.j.t.JMeterThread: Stopping because end time detected by thread: TCC orders 1-7
2026-09-10 04:29:17,474 INFO o.a.j.t.JMeterThread: Thread finished: TCC orders 1-7
2026-09-10 04:29:17,499 INFO o.a.j.t.JMeterThread: Stopping because end time detected by thread: TCC orders 1-20
2026-09-10 04:29:17,499 INFO o.a.j.t.JMeterThread: Thread finished: TCC orders 1-20
2026-09-10 04:29:17,524 INFO o.a.j.t.JMeterThread: Stopping because end time detected by thread: TCC orders 1-31
2026-09-10 04:29:17,524 INFO o.a.j.t.JMeterThread: Thread finished: TCC orders 1-31
2026-09-10 04:29:17,549 INFO o.a.j.t.JMeterThread: Stopping because end time detected by thread: TCC orders 1-1
2026-09-10 04:29:17,549 INFO o.a.j.t.JMeterThread: Thread finished: TCC orders 1-1
2026-09-10 04:29:17,574 INFO o.a.j.t.JMeterThread: Stopping because end time detected by thread: TCC orders 1-38
2026-09-10 04:29:17,574 INFO o.a.j.t.JMeterThread: Thread finished: TCC orders 1-38
2026-09-10 04:29:17,600 INFO o.a.j.t.JMeterThread: Stopping because end time detected by thread: TCC orders 1-16
2026-09-10 04:29:17,600 INFO o.a.j.t.JMeterThread: Thread finished: TCC orders 1-16
2026-09-10 04:29:17,625 INFO o.a.j.t.JMeterThread: Stopping because end time detected by thread: TCC orders 1-42
2026-09-10 04:29:17,625 INFO o.a.j.t.JMeterThread: Thread finished: TCC orders 1-42
2026-09-10 04:29:17,650 INFO o.a.j.t.JMeterThread: Stopping because end time detected by thread: TCC orders 1-23
2026-09-10 04:29:17,651 INFO o.a.j.t.JMeterThread: Thread finished: TCC orders 1-23
2026-09-10 04:29:17,675 INFO o.a.j.t.JMeterThread: Stopping because end time detected by thread: TCC orders 1-29
2026-09-10 04:29:17,675 INFO o.a.j.t.JMeterThread: Thread finished: TCC orders 1-29
2026-09-10 04:29:17,700 INFO o.a.j.t.JMeterThread: Stopping because end time detected by thread: TCC orders 1-45
2026-09-10 04:29:17,701 INFO o.a.j.t.JMeterThread: Thread finished: TCC orders 1-45
2026-09-10 04:29:17,725 INFO o.a.j.t.JMeterThread: Stopping because end time detected by thread: TCC orders 1-12
2026-09-10 04:29:17,726 INFO o.a.j.t.JMeterThread: Thread finished: TCC orders 1-12
2026-09-10 04:29:17,750 INFO o.a.j.t.JMeterThread: Stopping because end time detected by thread: TCC orders 1-10
2026-09-10 04:29:17,751 INFO o.a.j.t.JMeterThread: Thread finished: TCC orders 1-10
2026-09-10 04:29:17,775 INFO o.a.j.t.JMeterThread: Stopping because end time detected by thread: TCC orders 1-28
2026-09-10 04:29:17,775 INFO o.a.j.t.JMeterThread: Thread finished: TCC orders 1-28
2026-09-10 04:29:17,800 INFO o.a.j.t.JMeterThread: Stopping because end time detected by thread: TCC orders 1-8
2026-09-10 04:29:17,800 INFO o.a.j.t.JMeterThread: Thread finished: TCC orders 1-8
2026-09-10 04:29:17,825 INFO o.a.j.t.JMeterThread: Stopping because end time detected by thread: TCC orders 1-47
2026-09-10 04:29:17,825 INFO o.a.j.t.JMeterThread: Thread finished: TCC orders 1-47
2026-09-10 04:29:17,850 INFO o.a.j.t.JMeterThread: Stopping because end time detected by thread: TCC orders 1-40
2026-09-10 04:29:17,851 INFO o.a.j.t.JMeterThread: Thread finished: TCC orders 1-40
2026-09-10 04:29:17,876 INFO o.a.j.t.JMeterThread: Stopping because end time detected by thread: TCC orders 1-33
2026-09-10 04:29:17,876 INFO o.a.j.t.JMeterThread: Thread finished: TCC orders 1-33
2026-09-10 04:29:17,901 INFO o.a.j.t.JMeterThread: Stopping because end time detected by thread: TCC orders 1-18
2026-09-10 04:29:17,901 INFO o.a.j.t.JMeterThread: Thread finished: TCC orders 1-18
2026-09-10 04:29:17,926 INFO o.a.j.t.JMeterThread: Stopping because end time detected by thread: TCC orders 1-4
2026-09-10 04:29:17,926 INFO o.a.j.t.JMeterThread: Thread finished: TCC orders 1-4
2026-09-10 04:29:17,951 INFO o.a.j.t.JMeterThread: Stopping because end time detected by thread: TCC orders 1-22
2026-09-10 04:29:17,951 INFO o.a.j.t.JMeterThread: Thread finished: TCC orders 1-22
2026-09-10 04:29:17,976 INFO o.a.j.t.JMeterThread: Stopping because end time detected by thread: TCC orders 1-43
2026-09-10 04:29:17,976 INFO o.a.j.t.JMeterThread: Thread finished: TCC orders 1-43
2026-09-10 04:29:18,001 INFO o.a.j.t.JMeterThread: Stopping because end time detected by thread: TCC orders 1-19
2026-09-10 04:29:18,001 INFO o.a.j.t.JMeterThread: Thread finished: TCC orders 1-19
2026-09-10 04:29:18,033 INFO o.a.j.t.JMeterThread: Stopping because end time detected by thread: TCC orders 1-46
2026-09-10 04:29:18,033 INFO o.a.j.t.JMeterThread: Thread finished: TCC orders 1-46
2026-09-10 04:29:18,058 INFO o.a.j.t.JMeterThread: Stopping because end time detected by thread: TCC orders 1-3
2026-09-10 04:29:18,058 INFO o.a.j.t.JMeterThread: Thread finished: TCC orders 1-3
2026-09-10 04:29:18,083 INFO o.a.j.t.JMeterThread: Stopping because end time detected by thread: TCC orders 1-5
2026-09-10 04:29:18,084 INFO o.a.j.t.JMeterThread: Thread finished: TCC orders 1-5
2026-09-10 04:29:18,109 INFO o.a.j.t.JMeterThread: Stopping because end time detected by thread: TCC orders 1-9
2026-09-10 04:29:18,109 INFO o.a.j.t.JMeterThread: Thread finished: TCC orders 1-9
2026-09-10 04:29:18,134 INFO o.a.j.t.JMeterThread: Stopping because end time detected by thread: TCC orders 1-50
2026-09-10 04:29:18,134 INFO o.a.j.t.JMeterThread: Thread finished: TCC orders 1-50
2026-09-10 04:29:18,159 INFO o.a.j.t.JMeterThread: Stopping because end time detected by thread: TCC orders 1-17
2026-09-10 04:29:18,160 INFO o.a.j.t.JMeterThread: Thread finished: TCC orders 1-17
2026-09-10 04:29:18,184 INFO o.a.j.t.JMeterThread: Stopping because end time detected by thread: TCC orders 1-24
2026-09-10 04:29:18,185 INFO o.a.j.t.JMeterThread: Thread finished: TCC orders 1-24
2026-09-10 04:29:18,210 INFO o.a.j.t.JMeterThread: Stopping because end time detected by thread: TCC orders 1-49
2026-09-10 04:29:18,211 INFO o.a.j.t.JMeterThread: Thread finished: TCC orders 1-49
2026-09-10 04:29:18,235 INFO o.a.j.t.JMeterThread: Stopping because end time detected by thread: TCC orders 1-36
2026-09-10 04:29:18,235 INFO o.a.j.t.JMeterThread: Thread finished: TCC orders 1-36
2026-09-10 04:29:18,260 INFO o.a.j.t.JMeterThread: Stopping because end time detected by thread: TCC orders 1-15
2026-09-10 04:29:18,260 INFO o.a.j.t.JMeterThread: Thread finished: TCC orders 1-15
2026-09-10 04:29:18,284 INFO o.a.j.t.JMeterThread: Stopping because end time detected by thread: TCC orders 1-34
2026-09-10 04:29:18,285 INFO o.a.j.t.JMeterThread: Thread finished: TCC orders 1-34
2026-09-10 04:29:18,308 INFO o.a.j.t.JMeterThread: Stopping because end time detected by thread: TCC orders 1-14
2026-09-10 04:29:18,308 INFO o.a.j.t.JMeterThread: Thread finished: TCC orders 1-14
2026-09-10 04:29:18,332 INFO o.a.j.t.JMeterThread: Stopping because end time detected by thread: TCC orders 1-21
2026-09-10 04:29:18,332 INFO o.a.j.t.JMeterThread: Thread finished: TCC orders 1-21
2026-09-10 04:29:18,358 INFO o.a.j.t.JMeterThread: Stopping because end time detected by thread: TCC orders 1-39
2026-09-10 04:29:18,358 INFO o.a.j.t.JMeterThread: Thread finished: TCC orders 1-39
2026-09-10 04:29:18,382 INFO o.a.j.t.JMeterThread: Stopping because end time detected by thread: TCC orders 1-2
2026-09-10 04:29:18,383 INFO o.a.j.t.JMeterThread: Thread finished: TCC orders 1-2
2026-09-10 04:29:18,408 INFO o.a.j.t.JMeterThread: Stopping because end time detected by thread: TCC orders 1-26
2026-09-10 04:29:18,408 INFO o.a.j.t.JMeterThread: Thread finished: TCC orders 1-26
2026-09-10 04:29:18,433 INFO o.a.j.t.JMeterThread: Stopping because end time detected by thread: TCC orders 1-13
2026-09-10 04:29:18,433 INFO o.a.j.t.JMeterThread: Thread finished: TCC orders 1-13
2026-09-10 04:29:18,458 INFO o.a.j.t.JMeterThread: Stopping because end time detected by thread: TCC orders 1-6
2026-09-10 04:29:18,458 INFO o.a.j.t.JMeterThread: Thread finished: TCC orders 1-6
2026-09-10 04:29:18,482 INFO o.a.j.t.JMeterThread: Stopping because end time detected by thread: TCC orders 1-30
2026-09-10 04:29:18,483 INFO o.a.j.t.JMeterThread: Thread finished: TCC orders 1-30
2026-09-10 04:29:18,507 INFO o.a.j.t.JMeterThread: Stopping because end time detected by thread: TCC orders 1-11
2026-09-10 04:29:18,507 INFO o.a.j.t.JMeterThread: Thread finished: TCC orders 1-11
2026-09-10 04:29:18,531 INFO o.a.j.t.JMeterThread: Stopping because end time detected by thread: TCC orders 1-41
2026-09-10 04:29:18,532 INFO o.a.j.t.JMeterThread: Thread finished: TCC orders 1-41
2026-09-10 04:29:18,555 INFO o.a.j.t.JMeterThread: Stopping because end time detected by thread: TCC orders 1-37
2026-09-10 04:29:18,556 INFO o.a.j.t.JMeterThread: Thread finished: TCC orders 1-37
2026-09-10 04:29:18,556 INFO o.a.j.e.StandardJMeterEngine: Notifying test listeners of end of test
2026-09-10 04:29:18,559 INFO o.a.j.r.Summariser: summary +    735 in 00:00:19 =   39.7/s Avg:  1260 Min:  1236 Max:  1291 Err:     0 (0.00%) Active: 0 Started: 50 Finished: 50
2026-09-10 04:29:18,559 INFO o.a.j.r.Summariser: summary =   1221 in 00:00:31 =   39.0/s Avg:  1238 Min:   104 Max:  1582 Err:     0 (0.00%)
