2026-09-10 07:21:24,931 INFO o.a.j.u.JMeterUtils: Setting Locale to en_EN
2026-09-10 07:21:24,949 INFO o.a.j.JMeter: Loading user properties from: /home/avituo/projects/tcc/tcc-container/.tools/apache-jmeter-5.6.3/bin/user.properties
2026-09-10 07:21:24,950 INFO o.a.j.JMeter: Loading system properties from: /home/avituo/projects/tcc/tcc-container/.tools/apache-jmeter-5.6.3/bin/system.properties
2026-09-10 07:21:24,950 INFO o.a.j.JMeter: Loading additional properties from: /home/avituo/projects/tcc/tcc-container/benchmark/jmeter/benchmark.properties
2026-09-10 07:21:24,950 INFO o.a.j.JMeter: Loading additional properties from: /tmp/tcc-benchmark-auth.8hAQNF/auth.properties
2026-09-10 07:21:24,950 INFO o.a.j.JMeter: Loading additional properties from: /home/avituo/projects/tcc/tcc-container/benchmark/results/laravel-13.20.0/final/order-show/c50/r5/monolith/thread-counters.properties
2026-09-10 07:21:24,950 INFO o.a.j.JMeter: Setting JMeter property: threads=50
2026-09-10 07:21:24,950 INFO o.a.j.JMeter: Setting JMeter property: duration_seconds=120
2026-09-10 07:21:24,951 INFO o.a.j.JMeter: Setting JMeter property: target_host=localhost
2026-09-10 07:21:24,951 INFO o.a.j.JMeter: Setting JMeter property: target_port=18000
2026-09-10 07:21:24,951 INFO o.a.j.JMeter: Setting JMeter property: tcc.order.id=1
2026-09-10 07:21:24,951 INFO o.a.j.JMeter: Setting JMeter property: repetition=5
2026-09-10 07:21:24,958 INFO o.a.j.JMeter: Copyright (c) 1998-2024 The Apache Software Foundation
2026-09-10 07:21:24,958 INFO o.a.j.JMeter: Version 5.6.3
2026-09-10 07:21:24,958 INFO o.a.j.JMeter: java.version=21.0.11
2026-09-10 07:21:24,959 INFO o.a.j.JMeter: java.vm.name=OpenJDK 64-Bit Server VM
2026-09-10 07:21:24,959 INFO o.a.j.JMeter: os.name=Linux
2026-09-10 07:21:24,959 INFO o.a.j.JMeter: os.arch=amd64
2026-09-10 07:21:24,959 INFO o.a.j.JMeter: os.version=7.0.11-76070011-generic
2026-09-10 07:21:24,959 INFO o.a.j.JMeter: file.encoding=UTF-8
2026-09-10 07:21:24,959 INFO o.a.j.JMeter: java.awt.headless=true
2026-09-10 07:21:24,959 INFO o.a.j.JMeter: Max memory     =1073741824
2026-09-10 07:21:24,959 INFO o.a.j.JMeter: Available Processors =16
2026-09-10 07:21:24,967 INFO o.a.j.JMeter: Default Locale=English (EN)
2026-09-10 07:21:24,967 INFO o.a.j.JMeter: JMeter  Locale=English (EN)
2026-09-10 07:21:24,968 INFO o.a.j.JMeter: JMeterHome=/home/avituo/projects/tcc/tcc-container/.tools/apache-jmeter-5.6.3
2026-09-10 07:21:24,968 INFO o.a.j.JMeter: user.dir  =/home/avituo/projects/tcc/tcc-container
2026-09-10 07:21:24,968 INFO o.a.j.JMeter: PWD       =/home/avituo/projects/tcc/tcc-container
2026-09-10 07:21:24,976 INFO o.a.j.JMeter: IP: 192.168.1.16 Name: pop-os FullName: pop-os.home
2026-09-10 07:21:24,988 INFO o.a.j.s.FileServer: Default base='/home/avituo/projects/tcc/tcc-container'
2026-09-10 07:21:24,989 INFO o.a.j.s.FileServer: Set new base='/home/avituo/projects/tcc/tcc-container/benchmark/jmeter'
2026-09-10 07:21:25,163 INFO o.a.j.s.SaveService: Testplan (JMX) version: 2.2. Testlog (JTL) version: 2.2
2026-09-10 07:21:25,187 INFO o.a.j.s.SaveService: Using SaveService properties version 5.0
2026-09-10 07:21:25,190 INFO o.a.j.s.SaveService: Using SaveService properties file encoding UTF-8
2026-09-10 07:21:25,194 INFO o.a.j.s.SaveService: Loading file: /home/avituo/projects/tcc/tcc-container/benchmark/jmeter/tcc-order-show-v1.jmx
2026-09-10 07:21:25,245 INFO o.a.j.p.h.s.HTTPSamplerBase: Parser for text/html is org.apache.jmeter.protocol.http.parser.LagartoBasedHtmlParser
2026-09-10 07:21:25,245 INFO o.a.j.p.h.s.HTTPSamplerBase: Parser for application/xhtml+xml is org.apache.jmeter.protocol.http.parser.LagartoBasedHtmlParser
2026-09-10 07:21:25,245 INFO o.a.j.p.h.s.HTTPSamplerBase: Parser for application/xml is org.apache.jmeter.protocol.http.parser.LagartoBasedHtmlParser
2026-09-10 07:21:25,245 INFO o.a.j.p.h.s.HTTPSamplerBase: Parser for text/xml is org.apache.jmeter.protocol.http.parser.LagartoBasedHtmlParser
2026-09-10 07:21:25,245 INFO o.a.j.p.h.s.HTTPSamplerBase: Parser for text/vnd.wap.wml is org.apache.jmeter.protocol.http.parser.RegexpHTMLParser
2026-09-10 07:21:25,245 INFO o.a.j.p.h.s.HTTPSamplerBase: Parser for text/css is org.apache.jmeter.protocol.http.parser.CssParser
2026-09-10 07:21:25,275 INFO o.a.j.JMeter: Creating summariser <summary>
2026-09-10 07:21:25,296 INFO o.a.j.e.StandardJMeterEngine: Running the test!
2026-09-10 07:21:25,297 INFO o.a.j.s.SampleEvent: List of sample_variables: []
2026-09-10 07:21:25,297 INFO o.a.j.s.SampleEvent: List of sample_variables: []
2026-09-10 07:21:25,303 INFO o.a.j.e.u.CompoundVariable: Note: Function class names must contain the string: '.functions.'
2026-09-10 07:21:25,303 INFO o.a.j.e.u.CompoundVariable: Note: Function class names must not contain the string: '.gui.'
2026-09-10 07:21:25,550 INFO o.a.j.JMeter: Running test (1789035685550)
2026-09-10 07:21:25,569 INFO o.a.j.e.StandardJMeterEngine: Starting ThreadGroup: 1 : TCC order-show
2026-09-10 07:21:25,569 INFO o.a.j.e.StandardJMeterEngine: Starting 50 threads for group TCC order-show.
2026-09-10 07:21:25,569 INFO o.a.j.e.StandardJMeterEngine: Thread will continue on error
2026-09-10 07:21:25,570 INFO o.a.j.t.ThreadGroup: Starting thread group... number=1 threads=50 ramp-up=0 delayedStart=false
2026-09-10 07:21:25,576 INFO o.a.j.t.JMeterThread: Thread started: TCC order-show 1-2
2026-09-10 07:21:25,576 INFO o.a.j.t.JMeterThread: Thread started: TCC order-show 1-3
2026-09-10 07:21:25,576 INFO o.a.j.t.JMeterThread: Thread started: TCC order-show 1-4
2026-09-10 07:21:25,577 INFO o.a.j.t.JMeterThread: Thread started: TCC order-show 1-6
2026-09-10 07:21:25,577 INFO o.a.j.t.JMeterThread: Thread started: TCC order-show 1-5
2026-09-10 07:21:25,576 INFO o.a.j.t.JMeterThread: Thread started: TCC order-show 1-1
2026-09-10 07:21:25,578 INFO o.a.j.t.JMeterThread: Thread started: TCC order-show 1-7
2026-09-10 07:21:25,578 INFO o.a.j.t.JMeterThread: Thread started: TCC order-show 1-8
2026-09-10 07:21:25,579 INFO o.a.j.t.JMeterThread: Thread started: TCC order-show 1-9
2026-09-10 07:21:25,579 INFO o.a.j.t.JMeterThread: Thread started: TCC order-show 1-10
2026-09-10 07:21:25,580 INFO o.a.j.t.JMeterThread: Thread started: TCC order-show 1-11
2026-09-10 07:21:25,581 INFO o.a.j.t.JMeterThread: Thread started: TCC order-show 1-12
2026-09-10 07:21:25,581 INFO o.a.j.t.JMeterThread: Thread started: TCC order-show 1-13
2026-09-10 07:21:25,582 INFO o.a.j.t.JMeterThread: Thread started: TCC order-show 1-14
2026-09-10 07:21:25,583 INFO o.a.j.t.JMeterThread: Thread started: TCC order-show 1-15
2026-09-10 07:21:25,585 INFO o.a.j.t.JMeterThread: Thread started: TCC order-show 1-16
2026-09-10 07:21:25,585 INFO o.a.j.t.JMeterThread: Thread started: TCC order-show 1-17
2026-09-10 07:21:25,586 INFO o.a.j.t.JMeterThread: Thread started: TCC order-show 1-18
2026-09-10 07:21:25,587 INFO o.a.j.t.JMeterThread: Thread started: TCC order-show 1-19
2026-09-10 07:21:25,588 INFO o.a.j.t.JMeterThread: Thread started: TCC order-show 1-20
2026-09-10 07:21:25,588 INFO o.a.j.t.JMeterThread: Thread started: TCC order-show 1-21
2026-09-10 07:21:25,589 INFO o.a.j.t.JMeterThread: Thread started: TCC order-show 1-22
2026-09-10 07:21:25,589 INFO o.a.j.t.JMeterThread: Thread started: TCC order-show 1-23
2026-09-10 07:21:25,592 INFO o.a.j.t.JMeterThread: Thread started: TCC order-show 1-25
2026-09-10 07:21:25,590 INFO o.a.j.t.JMeterThread: Thread started: TCC order-show 1-24
2026-09-10 07:21:25,593 INFO o.a.j.t.JMeterThread: Thread started: TCC order-show 1-27
2026-09-10 07:21:25,592 INFO o.a.j.t.JMeterThread: Thread started: TCC order-show 1-26
2026-09-10 07:21:25,594 INFO o.a.j.t.JMeterThread: Thread started: TCC order-show 1-28
2026-09-10 07:21:25,594 INFO o.a.j.t.JMeterThread: Thread started: TCC order-show 1-29
2026-09-10 07:21:25,595 INFO o.a.j.t.JMeterThread: Thread started: TCC order-show 1-30
2026-09-10 07:21:25,596 INFO o.a.j.t.JMeterThread: Thread started: TCC order-show 1-31
2026-09-10 07:21:25,596 INFO o.a.j.t.JMeterThread: Thread started: TCC order-show 1-32
2026-09-10 07:21:25,597 INFO o.a.j.t.JMeterThread: Thread started: TCC order-show 1-33
2026-09-10 07:21:25,598 INFO o.a.j.t.JMeterThread: Thread started: TCC order-show 1-34
2026-09-10 07:21:25,598 INFO o.a.j.t.JMeterThread: Thread started: TCC order-show 1-35
2026-09-10 07:21:25,599 INFO o.a.j.t.JMeterThread: Thread started: TCC order-show 1-36
2026-09-10 07:21:25,599 INFO o.a.j.t.JMeterThread: Thread started: TCC order-show 1-37
2026-09-10 07:21:25,600 INFO o.a.j.t.JMeterThread: Thread started: TCC order-show 1-38
2026-09-10 07:21:25,600 INFO o.a.j.t.JMeterThread: Thread started: TCC order-show 1-39
2026-09-10 07:21:25,601 INFO o.a.j.t.JMeterThread: Thread started: TCC order-show 1-40
2026-09-10 07:21:25,601 INFO o.a.j.t.JMeterThread: Thread started: TCC order-show 1-41
2026-09-10 07:21:25,602 INFO o.a.j.t.JMeterThread: Thread started: TCC order-show 1-42
2026-09-10 07:21:25,602 INFO o.a.j.p.h.s.HTTPHCAbstractImpl: Local host = pop-os
2026-09-10 07:21:25,603 INFO o.a.j.t.JMeterThread: Thread started: TCC order-show 1-43
2026-09-10 07:21:25,603 INFO o.a.j.t.JMeterThread: Thread started: TCC order-show 1-44
2026-09-10 07:21:25,604 INFO o.a.j.t.JMeterThread: Thread started: TCC order-show 1-45
2026-09-10 07:21:25,604 INFO o.a.j.t.JMeterThread: Thread started: TCC order-show 1-46
2026-09-10 07:21:25,604 INFO o.a.j.t.JMeterThread: Thread started: TCC order-show 1-47
2026-09-10 07:21:25,605 INFO o.a.j.t.JMeterThread: Thread started: TCC order-show 1-48
2026-09-10 07:21:25,605 INFO o.a.j.t.JMeterThread: Thread started: TCC order-show 1-49
2026-09-10 07:21:25,605 INFO o.a.j.t.ThreadGroup: Started thread group number 1
2026-09-10 07:21:25,605 INFO o.a.j.e.StandardJMeterEngine: All thread groups have been started
2026-09-10 07:21:25,606 INFO o.a.j.t.JMeterThread: Thread started: TCC order-show 1-50
2026-09-10 07:21:25,609 INFO o.a.j.p.h.s.HTTPHC4Impl: HTTP request retry count = 0
2026-09-10 07:21:25,610 INFO o.a.j.s.SampleResult: Note: Sample TimeStamps are START times
2026-09-10 07:21:25,611 INFO o.a.j.s.SampleResult: sampleresult.default.encoding is set to UTF-8
2026-09-10 07:21:25,611 INFO o.a.j.s.SampleResult: sampleresult.useNanoTime=true
2026-09-10 07:21:25,611 INFO o.a.j.s.SampleResult: sampleresult.nanoThreadSleep=5000
2026-09-10 07:21:30,014 INFO o.a.j.r.Summariser: summary +    345 in 00:00:04 =   77.3/s Avg:   510 Min:    23 Max:   937 Err:     0 (0.00%) Active: 50 Started: 50 Finished: 0
2026-09-10 07:22:00,017 INFO o.a.j.r.Summariser: summary +   2778 in 00:00:30 =   92.6/s Avg:   539 Min:   505 Max:   610 Err:     0 (0.00%) Active: 50 Started: 50 Finished: 0
2026-09-10 07:22:00,017 INFO o.a.j.r.Summariser: summary =   3123 in 00:00:34 =   90.6/s Avg:   536 Min:    23 Max:   937 Err:     0 (0.00%)
2026-09-10 07:22:30,014 INFO o.a.j.r.Summariser: summary +   2741 in 00:00:30 =   91.4/s Avg:   546 Min:   510 Max:   870 Err:     0 (0.00%) Active: 50 Started: 50 Finished: 0
2026-09-10 07:22:30,014 INFO o.a.j.r.Summariser: summary =   5864 in 00:01:04 =   91.0/s Avg:   541 Min:    23 Max:   937 Err:     0 (0.00%)
2026-09-10 07:23:00,012 INFO o.a.j.r.Summariser: summary +   2788 in 00:00:30 =   92.9/s Avg:   537 Min:   507 Max:   572 Err:     0 (0.00%) Active: 50 Started: 50 Finished: 0
2026-09-10 07:23:00,013 INFO o.a.j.r.Summariser: summary =   8652 in 00:01:34 =   91.6/s Avg:   539 Min:    23 Max:   937 Err:     0 (0.00%)
2026-09-10 07:23:25,599 INFO o.a.j.t.JMeterThread: Stopping because end time detected by thread: TCC order-show 1-25
2026-09-10 07:23:25,599 INFO o.a.j.t.JMeterThread: Thread finished: TCC order-show 1-25
2026-09-10 07:23:25,610 INFO o.a.j.t.JMeterThread: Stopping because end time detected by thread: TCC order-show 1-5
2026-09-10 07:23:25,610 INFO o.a.j.t.JMeterThread: Thread finished: TCC order-show 1-5
2026-09-10 07:23:25,621 INFO o.a.j.t.JMeterThread: Stopping because end time detected by thread: TCC order-show 1-24
2026-09-10 07:23:25,621 INFO o.a.j.t.JMeterThread: Thread finished: TCC order-show 1-24
2026-09-10 07:23:25,631 INFO o.a.j.t.JMeterThread: Stopping because end time detected by thread: TCC order-show 1-10
2026-09-10 07:23:25,631 INFO o.a.j.t.JMeterThread: Thread finished: TCC order-show 1-10
2026-09-10 07:23:25,641 INFO o.a.j.t.JMeterThread: Stopping because end time detected by thread: TCC order-show 1-47
2026-09-10 07:23:25,642 INFO o.a.j.t.JMeterThread: Thread finished: TCC order-show 1-47
2026-09-10 07:23:25,652 INFO o.a.j.t.JMeterThread: Stopping because end time detected by thread: TCC order-show 1-42
2026-09-10 07:23:25,652 INFO o.a.j.t.JMeterThread: Thread finished: TCC order-show 1-42
2026-09-10 07:23:25,662 INFO o.a.j.t.JMeterThread: Stopping because end time detected by thread: TCC order-show 1-7
2026-09-10 07:23:25,662 INFO o.a.j.t.JMeterThread: Thread finished: TCC order-show 1-7
2026-09-10 07:23:25,672 INFO o.a.j.t.JMeterThread: Stopping because end time detected by thread: TCC order-show 1-36
2026-09-10 07:23:25,672 INFO o.a.j.t.JMeterThread: Thread finished: TCC order-show 1-36
2026-09-10 07:23:25,682 INFO o.a.j.t.JMeterThread: Stopping because end time detected by thread: TCC order-show 1-34
2026-09-10 07:23:25,683 INFO o.a.j.t.JMeterThread: Thread finished: TCC order-show 1-34
2026-09-10 07:23:25,693 INFO o.a.j.t.JMeterThread: Stopping because end time detected by thread: TCC order-show 1-50
2026-09-10 07:23:25,694 INFO o.a.j.t.JMeterThread: Thread finished: TCC order-show 1-50
2026-09-10 07:23:25,705 INFO o.a.j.t.JMeterThread: Stopping because end time detected by thread: TCC order-show 1-17
2026-09-10 07:23:25,705 INFO o.a.j.t.JMeterThread: Thread finished: TCC order-show 1-17
2026-09-10 07:23:25,715 INFO o.a.j.t.JMeterThread: Stopping because end time detected by thread: TCC order-show 1-48
2026-09-10 07:23:25,716 INFO o.a.j.t.JMeterThread: Thread finished: TCC order-show 1-48
2026-09-10 07:23:25,727 INFO o.a.j.t.JMeterThread: Stopping because end time detected by thread: TCC order-show 1-6
2026-09-10 07:23:25,727 INFO o.a.j.t.JMeterThread: Thread finished: TCC order-show 1-6
2026-09-10 07:23:25,737 INFO o.a.j.t.JMeterThread: Stopping because end time detected by thread: TCC order-show 1-46
2026-09-10 07:23:25,738 INFO o.a.j.t.JMeterThread: Thread finished: TCC order-show 1-46
2026-09-10 07:23:25,748 INFO o.a.j.t.JMeterThread: Stopping because end time detected by thread: TCC order-show 1-32
2026-09-10 07:23:25,749 INFO o.a.j.t.JMeterThread: Thread finished: TCC order-show 1-32
2026-09-10 07:23:25,759 INFO o.a.j.t.JMeterThread: Stopping because end time detected by thread: TCC order-show 1-16
2026-09-10 07:23:25,759 INFO o.a.j.t.JMeterThread: Thread finished: TCC order-show 1-16
2026-09-10 07:23:25,770 INFO o.a.j.t.JMeterThread: Stopping because end time detected by thread: TCC order-show 1-20
2026-09-10 07:23:25,771 INFO o.a.j.t.JMeterThread: Thread finished: TCC order-show 1-20
2026-09-10 07:23:25,782 INFO o.a.j.t.JMeterThread: Stopping because end time detected by thread: TCC order-show 1-12
2026-09-10 07:23:25,782 INFO o.a.j.t.JMeterThread: Thread finished: TCC order-show 1-12
2026-09-10 07:23:25,793 INFO o.a.j.t.JMeterThread: Stopping because end time detected by thread: TCC order-show 1-15
2026-09-10 07:23:25,793 INFO o.a.j.t.JMeterThread: Thread finished: TCC order-show 1-15
2026-09-10 07:23:25,804 INFO o.a.j.t.JMeterThread: Stopping because end time detected by thread: TCC order-show 1-45
2026-09-10 07:23:25,804 INFO o.a.j.t.JMeterThread: Thread finished: TCC order-show 1-45
2026-09-10 07:23:25,815 INFO o.a.j.t.JMeterThread: Stopping because end time detected by thread: TCC order-show 1-14
2026-09-10 07:23:25,815 INFO o.a.j.t.JMeterThread: Thread finished: TCC order-show 1-14
2026-09-10 07:23:25,826 INFO o.a.j.t.JMeterThread: Stopping because end time detected by thread: TCC order-show 1-33
2026-09-10 07:23:25,826 INFO o.a.j.t.JMeterThread: Thread finished: TCC order-show 1-33
2026-09-10 07:23:25,837 INFO o.a.j.t.JMeterThread: Stopping because end time detected by thread: TCC order-show 1-13
2026-09-10 07:23:25,837 INFO o.a.j.t.JMeterThread: Thread finished: TCC order-show 1-13
2026-09-10 07:23:25,847 INFO o.a.j.t.JMeterThread: Stopping because end time detected by thread: TCC order-show 1-18
2026-09-10 07:23:25,848 INFO o.a.j.t.JMeterThread: Thread finished: TCC order-show 1-18
2026-09-10 07:23:25,858 INFO o.a.j.t.JMeterThread: Stopping because end time detected by thread: TCC order-show 1-26
2026-09-10 07:23:25,858 INFO o.a.j.t.JMeterThread: Thread finished: TCC order-show 1-26
2026-09-10 07:23:25,869 INFO o.a.j.t.JMeterThread: Stopping because end time detected by thread: TCC order-show 1-21
2026-09-10 07:23:25,869 INFO o.a.j.t.JMeterThread: Thread finished: TCC order-show 1-21
2026-09-10 07:23:25,880 INFO o.a.j.t.JMeterThread: Stopping because end time detected by thread: TCC order-show 1-31
2026-09-10 07:23:25,880 INFO o.a.j.t.JMeterThread: Thread finished: TCC order-show 1-31
2026-09-10 07:23:25,892 INFO o.a.j.t.JMeterThread: Stopping because end time detected by thread: TCC order-show 1-38
2026-09-10 07:23:25,892 INFO o.a.j.t.JMeterThread: Thread finished: TCC order-show 1-38
2026-09-10 07:23:25,904 INFO o.a.j.t.JMeterThread: Stopping because end time detected by thread: TCC order-show 1-35
2026-09-10 07:23:25,904 INFO o.a.j.t.JMeterThread: Thread finished: TCC order-show 1-35
2026-09-10 07:23:25,915 INFO o.a.j.t.JMeterThread: Stopping because end time detected by thread: TCC order-show 1-3
2026-09-10 07:23:25,915 INFO o.a.j.t.JMeterThread: Thread finished: TCC order-show 1-3
2026-09-10 07:23:25,926 INFO o.a.j.t.JMeterThread: Stopping because end time detected by thread: TCC order-show 1-28
2026-09-10 07:23:25,926 INFO o.a.j.t.JMeterThread: Thread finished: TCC order-show 1-28
2026-09-10 07:23:25,937 INFO o.a.j.t.JMeterThread: Stopping because end time detected by thread: TCC order-show 1-44
2026-09-10 07:23:25,937 INFO o.a.j.t.JMeterThread: Thread finished: TCC order-show 1-44
2026-09-10 07:23:25,948 INFO o.a.j.t.JMeterThread: Stopping because end time detected by thread: TCC order-show 1-2
2026-09-10 07:23:25,948 INFO o.a.j.t.JMeterThread: Thread finished: TCC order-show 1-2
2026-09-10 07:23:25,959 INFO o.a.j.t.JMeterThread: Stopping because end time detected by thread: TCC order-show 1-19
2026-09-10 07:23:25,960 INFO o.a.j.t.JMeterThread: Thread finished: TCC order-show 1-19
2026-09-10 07:23:25,970 INFO o.a.j.t.JMeterThread: Stopping because end time detected by thread: TCC order-show 1-9
2026-09-10 07:23:25,970 INFO o.a.j.t.JMeterThread: Thread finished: TCC order-show 1-9
2026-09-10 07:23:25,981 INFO o.a.j.t.JMeterThread: Stopping because end time detected by thread: TCC order-show 1-43
2026-09-10 07:23:25,982 INFO o.a.j.t.JMeterThread: Thread finished: TCC order-show 1-43
2026-09-10 07:23:25,993 INFO o.a.j.t.JMeterThread: Stopping because end time detected by thread: TCC order-show 1-23
2026-09-10 07:23:25,993 INFO o.a.j.t.JMeterThread: Thread finished: TCC order-show 1-23
2026-09-10 07:23:26,015 INFO o.a.j.t.JMeterThread: Stopping because end time detected by thread: TCC order-show 1-22
2026-09-10 07:23:26,015 INFO o.a.j.t.JMeterThread: Thread finished: TCC order-show 1-22
2026-09-10 07:23:26,027 INFO o.a.j.t.JMeterThread: Stopping because end time detected by thread: TCC order-show 1-1
2026-09-10 07:23:26,027 INFO o.a.j.t.JMeterThread: Thread finished: TCC order-show 1-1
2026-09-10 07:23:26,038 INFO o.a.j.t.JMeterThread: Stopping because end time detected by thread: TCC order-show 1-27
2026-09-10 07:23:26,038 INFO o.a.j.t.JMeterThread: Thread finished: TCC order-show 1-27
2026-09-10 07:23:26,048 INFO o.a.j.t.JMeterThread: Stopping because end time detected by thread: TCC order-show 1-37
2026-09-10 07:23:26,048 INFO o.a.j.t.JMeterThread: Thread finished: TCC order-show 1-37
2026-09-10 07:23:26,060 INFO o.a.j.t.JMeterThread: Stopping because end time detected by thread: TCC order-show 1-41
2026-09-10 07:23:26,060 INFO o.a.j.t.JMeterThread: Thread finished: TCC order-show 1-41
2026-09-10 07:23:26,071 INFO o.a.j.t.JMeterThread: Stopping because end time detected by thread: TCC order-show 1-39
2026-09-10 07:23:26,071 INFO o.a.j.t.JMeterThread: Thread finished: TCC order-show 1-39
2026-09-10 07:23:26,084 INFO o.a.j.t.JMeterThread: Stopping because end time detected by thread: TCC order-show 1-11
2026-09-10 07:23:26,084 INFO o.a.j.t.JMeterThread: Thread finished: TCC order-show 1-11
2026-09-10 07:23:26,094 INFO o.a.j.t.JMeterThread: Stopping because end time detected by thread: TCC order-show 1-40
2026-09-10 07:23:26,095 INFO o.a.j.t.JMeterThread: Thread finished: TCC order-show 1-40
2026-09-10 07:23:26,105 INFO o.a.j.t.JMeterThread: Stopping because end time detected by thread: TCC order-show 1-4
2026-09-10 07:23:26,106 INFO o.a.j.t.JMeterThread: Thread finished: TCC order-show 1-4
2026-09-10 07:23:26,116 INFO o.a.j.t.JMeterThread: Stopping because end time detected by thread: TCC order-show 1-49
2026-09-10 07:23:26,117 INFO o.a.j.t.JMeterThread: Thread finished: TCC order-show 1-49
2026-09-10 07:23:26,127 INFO o.a.j.t.JMeterThread: Stopping because end time detected by thread: TCC order-show 1-29
2026-09-10 07:23:26,127 INFO o.a.j.t.JMeterThread: Thread finished: TCC order-show 1-29
2026-09-10 07:23:26,137 INFO o.a.j.t.JMeterThread: Stopping because end time detected by thread: TCC order-show 1-8
2026-09-10 07:23:26,138 INFO o.a.j.t.JMeterThread: Thread finished: TCC order-show 1-8
2026-09-10 07:23:26,148 INFO o.a.j.t.JMeterThread: Stopping because end time detected by thread: TCC order-show 1-30
2026-09-10 07:23:26,148 INFO o.a.j.t.JMeterThread: Thread finished: TCC order-show 1-30
2026-09-10 07:23:26,148 INFO o.a.j.e.StandardJMeterEngine: Notifying test listeners of end of test
2026-09-10 07:23:26,151 INFO o.a.j.r.Summariser: summary +   2438 in 00:00:26 =   93.3/s Avg:   535 Min:   505 Max:   565 Err:     0 (0.00%) Active: 0 Started: 50 Finished: 50
2026-09-10 07:23:26,151 INFO o.a.j.r.Summariser: summary =  11090 in 00:02:01 =   92.0/s Avg:   539 Min:    23 Max:   937 Err:     0 (0.00%)
