2026-09-10 07:20:49,483 INFO o.a.j.u.JMeterUtils: Setting Locale to en_EN
2026-09-10 07:20:49,501 INFO o.a.j.JMeter: Loading user properties from: /home/avituo/projects/tcc/tcc-container/.tools/apache-jmeter-5.6.3/bin/user.properties
2026-09-10 07:20:49,502 INFO o.a.j.JMeter: Loading system properties from: /home/avituo/projects/tcc/tcc-container/.tools/apache-jmeter-5.6.3/bin/system.properties
2026-09-10 07:20:49,502 INFO o.a.j.JMeter: Loading additional properties from: /home/avituo/projects/tcc/tcc-container/benchmark/jmeter/benchmark.properties
2026-09-10 07:20:49,502 INFO o.a.j.JMeter: Loading additional properties from: /tmp/tcc-benchmark-auth.8hAQNF/auth.properties
2026-09-10 07:20:49,502 INFO o.a.j.JMeter: Setting JMeter property: threads=50
2026-09-10 07:20:49,502 INFO o.a.j.JMeter: Setting JMeter property: duration_seconds=30
2026-09-10 07:20:49,502 INFO o.a.j.JMeter: Setting JMeter property: target_host=localhost
2026-09-10 07:20:49,502 INFO o.a.j.JMeter: Setting JMeter property: target_port=18000
2026-09-10 07:20:49,502 INFO o.a.j.JMeter: Setting JMeter property: tcc.order.id=1
2026-09-10 07:20:49,502 INFO o.a.j.JMeter: Setting JMeter property: repetition=5
2026-09-10 07:20:49,509 INFO o.a.j.JMeter: Copyright (c) 1998-2024 The Apache Software Foundation
2026-09-10 07:20:49,509 INFO o.a.j.JMeter: Version 5.6.3
2026-09-10 07:20:49,509 INFO o.a.j.JMeter: java.version=21.0.11
2026-09-10 07:20:49,509 INFO o.a.j.JMeter: java.vm.name=OpenJDK 64-Bit Server VM
2026-09-10 07:20:49,509 INFO o.a.j.JMeter: os.name=Linux
2026-09-10 07:20:49,510 INFO o.a.j.JMeter: os.arch=amd64
2026-09-10 07:20:49,510 INFO o.a.j.JMeter: os.version=7.0.11-76070011-generic
2026-09-10 07:20:49,510 INFO o.a.j.JMeter: file.encoding=UTF-8
2026-09-10 07:20:49,510 INFO o.a.j.JMeter: java.awt.headless=true
2026-09-10 07:20:49,511 INFO o.a.j.JMeter: Max memory     =1073741824
2026-09-10 07:20:49,511 INFO o.a.j.JMeter: Available Processors =16
2026-09-10 07:20:49,519 INFO o.a.j.JMeter: Default Locale=English (EN)
2026-09-10 07:20:49,519 INFO o.a.j.JMeter: JMeter  Locale=English (EN)
2026-09-10 07:20:49,519 INFO o.a.j.JMeter: JMeterHome=/home/avituo/projects/tcc/tcc-container/.tools/apache-jmeter-5.6.3
2026-09-10 07:20:49,519 INFO o.a.j.JMeter: user.dir  =/home/avituo/projects/tcc/tcc-container
2026-09-10 07:20:49,520 INFO o.a.j.JMeter: PWD       =/home/avituo/projects/tcc/tcc-container
2026-09-10 07:20:49,527 INFO o.a.j.JMeter: IP: 192.168.1.16 Name: pop-os FullName: pop-os.home
2026-09-10 07:20:49,540 INFO o.a.j.s.FileServer: Default base='/home/avituo/projects/tcc/tcc-container'
2026-09-10 07:20:49,542 INFO o.a.j.s.FileServer: Set new base='/home/avituo/projects/tcc/tcc-container/benchmark/jmeter'
2026-09-10 07:20:49,729 INFO o.a.j.s.SaveService: Testplan (JMX) version: 2.2. Testlog (JTL) version: 2.2
2026-09-10 07:20:49,754 INFO o.a.j.s.SaveService: Using SaveService properties version 5.0
2026-09-10 07:20:49,757 INFO o.a.j.s.SaveService: Using SaveService properties file encoding UTF-8
2026-09-10 07:20:49,760 INFO o.a.j.s.SaveService: Loading file: /home/avituo/projects/tcc/tcc-container/benchmark/jmeter/tcc-order-show-v1.jmx
2026-09-10 07:20:49,810 INFO o.a.j.p.h.s.HTTPSamplerBase: Parser for text/html is org.apache.jmeter.protocol.http.parser.LagartoBasedHtmlParser
2026-09-10 07:20:49,810 INFO o.a.j.p.h.s.HTTPSamplerBase: Parser for application/xhtml+xml is org.apache.jmeter.protocol.http.parser.LagartoBasedHtmlParser
2026-09-10 07:20:49,810 INFO o.a.j.p.h.s.HTTPSamplerBase: Parser for application/xml is org.apache.jmeter.protocol.http.parser.LagartoBasedHtmlParser
2026-09-10 07:20:49,810 INFO o.a.j.p.h.s.HTTPSamplerBase: Parser for text/xml is org.apache.jmeter.protocol.http.parser.LagartoBasedHtmlParser
2026-09-10 07:20:49,810 INFO o.a.j.p.h.s.HTTPSamplerBase: Parser for text/vnd.wap.wml is org.apache.jmeter.protocol.http.parser.RegexpHTMLParser
2026-09-10 07:20:49,810 INFO o.a.j.p.h.s.HTTPSamplerBase: Parser for text/css is org.apache.jmeter.protocol.http.parser.CssParser
2026-09-10 07:20:49,842 INFO o.a.j.JMeter: Creating summariser <summary>
2026-09-10 07:20:49,860 INFO o.a.j.e.StandardJMeterEngine: Running the test!
2026-09-10 07:20:49,861 INFO o.a.j.s.SampleEvent: List of sample_variables: []
2026-09-10 07:20:49,861 INFO o.a.j.s.SampleEvent: List of sample_variables: []
2026-09-10 07:20:49,866 INFO o.a.j.e.u.CompoundVariable: Note: Function class names must contain the string: '.functions.'
2026-09-10 07:20:49,866 INFO o.a.j.e.u.CompoundVariable: Note: Function class names must not contain the string: '.gui.'
2026-09-10 07:20:50,112 INFO o.a.j.JMeter: Running test (1789035650112)
2026-09-10 07:20:50,132 INFO o.a.j.e.StandardJMeterEngine: Starting ThreadGroup: 1 : TCC order-show
2026-09-10 07:20:50,132 INFO o.a.j.e.StandardJMeterEngine: Starting 50 threads for group TCC order-show.
2026-09-10 07:20:50,132 INFO o.a.j.e.StandardJMeterEngine: Thread will continue on error
2026-09-10 07:20:50,133 INFO o.a.j.t.ThreadGroup: Starting thread group... number=1 threads=50 ramp-up=0 delayedStart=false
2026-09-10 07:20:50,139 INFO o.a.j.t.JMeterThread: Thread started: TCC order-show 1-3
2026-09-10 07:20:50,139 INFO o.a.j.t.JMeterThread: Thread started: TCC order-show 1-5
2026-09-10 07:20:50,139 INFO o.a.j.t.JMeterThread: Thread started: TCC order-show 1-2
2026-09-10 07:20:50,139 INFO o.a.j.t.JMeterThread: Thread started: TCC order-show 1-1
2026-09-10 07:20:50,139 INFO o.a.j.t.JMeterThread: Thread started: TCC order-show 1-6
2026-09-10 07:20:50,139 INFO o.a.j.t.JMeterThread: Thread started: TCC order-show 1-4
2026-09-10 07:20:50,140 INFO o.a.j.t.JMeterThread: Thread started: TCC order-show 1-7
2026-09-10 07:20:50,141 INFO o.a.j.t.JMeterThread: Thread started: TCC order-show 1-8
2026-09-10 07:20:50,141 INFO o.a.j.t.JMeterThread: Thread started: TCC order-show 1-9
2026-09-10 07:20:50,142 INFO o.a.j.t.JMeterThread: Thread started: TCC order-show 1-10
2026-09-10 07:20:50,143 INFO o.a.j.t.JMeterThread: Thread started: TCC order-show 1-11
2026-09-10 07:20:50,144 INFO o.a.j.t.JMeterThread: Thread started: TCC order-show 1-12
2026-09-10 07:20:50,145 INFO o.a.j.t.JMeterThread: Thread started: TCC order-show 1-13
2026-09-10 07:20:50,145 INFO o.a.j.t.JMeterThread: Thread started: TCC order-show 1-14
2026-09-10 07:20:50,146 INFO o.a.j.t.JMeterThread: Thread started: TCC order-show 1-15
2026-09-10 07:20:50,147 INFO o.a.j.t.JMeterThread: Thread started: TCC order-show 1-16
2026-09-10 07:20:50,148 INFO o.a.j.t.JMeterThread: Thread started: TCC order-show 1-17
2026-09-10 07:20:50,148 INFO o.a.j.t.JMeterThread: Thread started: TCC order-show 1-18
2026-09-10 07:20:50,149 INFO o.a.j.t.JMeterThread: Thread started: TCC order-show 1-19
2026-09-10 07:20:50,150 INFO o.a.j.t.JMeterThread: Thread started: TCC order-show 1-20
2026-09-10 07:20:50,150 INFO o.a.j.t.JMeterThread: Thread started: TCC order-show 1-21
2026-09-10 07:20:50,151 INFO o.a.j.t.JMeterThread: Thread started: TCC order-show 1-22
2026-09-10 07:20:50,152 INFO o.a.j.t.JMeterThread: Thread started: TCC order-show 1-23
2026-09-10 07:20:50,152 INFO o.a.j.t.JMeterThread: Thread started: TCC order-show 1-24
2026-09-10 07:20:50,153 INFO o.a.j.t.JMeterThread: Thread started: TCC order-show 1-25
2026-09-10 07:20:50,153 INFO o.a.j.t.JMeterThread: Thread started: TCC order-show 1-26
2026-09-10 07:20:50,154 INFO o.a.j.t.JMeterThread: Thread started: TCC order-show 1-27
2026-09-10 07:20:50,154 INFO o.a.j.t.JMeterThread: Thread started: TCC order-show 1-28
2026-09-10 07:20:50,155 INFO o.a.j.t.JMeterThread: Thread started: TCC order-show 1-29
2026-09-10 07:20:50,156 INFO o.a.j.t.JMeterThread: Thread started: TCC order-show 1-30
2026-09-10 07:20:50,156 INFO o.a.j.t.JMeterThread: Thread started: TCC order-show 1-31
2026-09-10 07:20:50,157 INFO o.a.j.t.JMeterThread: Thread started: TCC order-show 1-32
2026-09-10 07:20:50,157 INFO o.a.j.t.JMeterThread: Thread started: TCC order-show 1-33
2026-09-10 07:20:50,158 INFO o.a.j.t.JMeterThread: Thread started: TCC order-show 1-34
2026-09-10 07:20:50,158 INFO o.a.j.t.JMeterThread: Thread started: TCC order-show 1-35
2026-09-10 07:20:50,159 INFO o.a.j.t.JMeterThread: Thread started: TCC order-show 1-36
2026-09-10 07:20:50,159 INFO o.a.j.t.JMeterThread: Thread started: TCC order-show 1-37
2026-09-10 07:20:50,160 INFO o.a.j.t.JMeterThread: Thread started: TCC order-show 1-38
2026-09-10 07:20:50,160 INFO o.a.j.t.JMeterThread: Thread started: TCC order-show 1-39
2026-09-10 07:20:50,161 INFO o.a.j.t.JMeterThread: Thread started: TCC order-show 1-40
2026-09-10 07:20:50,162 INFO o.a.j.t.JMeterThread: Thread started: TCC order-show 1-41
2026-09-10 07:20:50,162 INFO o.a.j.t.JMeterThread: Thread started: TCC order-show 1-42
2026-09-10 07:20:50,163 INFO o.a.j.t.JMeterThread: Thread started: TCC order-show 1-43
2026-09-10 07:20:50,164 INFO o.a.j.p.h.s.HTTPHCAbstractImpl: Local host = pop-os
2026-09-10 07:20:50,163 INFO o.a.j.t.JMeterThread: Thread started: TCC order-show 1-44
2026-09-10 07:20:50,164 INFO o.a.j.t.JMeterThread: Thread started: TCC order-show 1-45
2026-09-10 07:20:50,165 INFO o.a.j.t.JMeterThread: Thread started: TCC order-show 1-46
2026-09-10 07:20:50,165 INFO o.a.j.t.JMeterThread: Thread started: TCC order-show 1-47
2026-09-10 07:20:50,166 INFO o.a.j.t.JMeterThread: Thread started: TCC order-show 1-48
2026-09-10 07:20:50,166 INFO o.a.j.t.JMeterThread: Thread started: TCC order-show 1-49
2026-09-10 07:20:50,166 INFO o.a.j.t.ThreadGroup: Started thread group number 1
2026-09-10 07:20:50,166 INFO o.a.j.e.StandardJMeterEngine: All thread groups have been started
2026-09-10 07:20:50,167 INFO o.a.j.t.JMeterThread: Thread started: TCC order-show 1-50
2026-09-10 07:20:50,171 INFO o.a.j.p.h.s.HTTPHC4Impl: HTTP request retry count = 0
2026-09-10 07:20:50,172 INFO o.a.j.s.SampleResult: Note: Sample TimeStamps are START times
2026-09-10 07:20:50,172 INFO o.a.j.s.SampleResult: sampleresult.default.encoding is set to UTF-8
2026-09-10 07:20:50,172 INFO o.a.j.s.SampleResult: sampleresult.useNanoTime=true
2026-09-10 07:20:50,172 INFO o.a.j.s.SampleResult: sampleresult.nanoThreadSleep=5000
2026-09-10 07:21:00,015 INFO o.a.j.r.Summariser: summary +    841 in 00:00:10 =   84.9/s Avg:   527 Min:    27 Max:   857 Err:     0 (0.00%) Active: 50 Started: 50 Finished: 0
2026-09-10 07:21:20,165 INFO o.a.j.t.JMeterThread: Stopping because end time detected by thread: TCC order-show 1-11
2026-09-10 07:21:20,166 INFO o.a.j.t.JMeterThread: Thread finished: TCC order-show 1-11
2026-09-10 07:21:20,176 INFO o.a.j.t.JMeterThread: Stopping because end time detected by thread: TCC order-show 1-8
2026-09-10 07:21:20,176 INFO o.a.j.t.JMeterThread: Thread finished: TCC order-show 1-8
2026-09-10 07:21:20,187 INFO o.a.j.t.JMeterThread: Stopping because end time detected by thread: TCC order-show 1-41
2026-09-10 07:21:20,188 INFO o.a.j.t.JMeterThread: Thread finished: TCC order-show 1-41
2026-09-10 07:21:20,198 INFO o.a.j.t.JMeterThread: Stopping because end time detected by thread: TCC order-show 1-7
2026-09-10 07:21:20,199 INFO o.a.j.t.JMeterThread: Thread finished: TCC order-show 1-7
2026-09-10 07:21:20,209 INFO o.a.j.t.JMeterThread: Stopping because end time detected by thread: TCC order-show 1-5
2026-09-10 07:21:20,209 INFO o.a.j.t.JMeterThread: Thread finished: TCC order-show 1-5
2026-09-10 07:21:20,220 INFO o.a.j.t.JMeterThread: Stopping because end time detected by thread: TCC order-show 1-34
2026-09-10 07:21:20,220 INFO o.a.j.t.JMeterThread: Thread finished: TCC order-show 1-34
2026-09-10 07:21:20,231 INFO o.a.j.t.JMeterThread: Stopping because end time detected by thread: TCC order-show 1-26
2026-09-10 07:21:20,231 INFO o.a.j.t.JMeterThread: Thread finished: TCC order-show 1-26
2026-09-10 07:21:20,241 INFO o.a.j.t.JMeterThread: Stopping because end time detected by thread: TCC order-show 1-18
2026-09-10 07:21:20,242 INFO o.a.j.t.JMeterThread: Thread finished: TCC order-show 1-18
2026-09-10 07:21:20,253 INFO o.a.j.t.JMeterThread: Stopping because end time detected by thread: TCC order-show 1-30
2026-09-10 07:21:20,253 INFO o.a.j.t.JMeterThread: Thread finished: TCC order-show 1-30
2026-09-10 07:21:20,264 INFO o.a.j.t.JMeterThread: Stopping because end time detected by thread: TCC order-show 1-32
2026-09-10 07:21:20,264 INFO o.a.j.t.JMeterThread: Thread finished: TCC order-show 1-32
2026-09-10 07:21:20,274 INFO o.a.j.t.JMeterThread: Stopping because end time detected by thread: TCC order-show 1-21
2026-09-10 07:21:20,275 INFO o.a.j.t.JMeterThread: Thread finished: TCC order-show 1-21
2026-09-10 07:21:20,284 INFO o.a.j.t.JMeterThread: Stopping because end time detected by thread: TCC order-show 1-42
2026-09-10 07:21:20,284 INFO o.a.j.t.JMeterThread: Thread finished: TCC order-show 1-42
2026-09-10 07:21:20,295 INFO o.a.j.t.JMeterThread: Stopping because end time detected by thread: TCC order-show 1-13
2026-09-10 07:21:20,295 INFO o.a.j.t.JMeterThread: Thread finished: TCC order-show 1-13
2026-09-10 07:21:20,304 INFO o.a.j.t.JMeterThread: Stopping because end time detected by thread: TCC order-show 1-33
2026-09-10 07:21:20,305 INFO o.a.j.t.JMeterThread: Thread finished: TCC order-show 1-33
2026-09-10 07:21:20,315 INFO o.a.j.t.JMeterThread: Stopping because end time detected by thread: TCC order-show 1-24
2026-09-10 07:21:20,315 INFO o.a.j.t.JMeterThread: Thread finished: TCC order-show 1-24
2026-09-10 07:21:20,324 INFO o.a.j.t.JMeterThread: Stopping because end time detected by thread: TCC order-show 1-38
2026-09-10 07:21:20,325 INFO o.a.j.t.JMeterThread: Thread finished: TCC order-show 1-38
2026-09-10 07:21:20,335 INFO o.a.j.t.JMeterThread: Stopping because end time detected by thread: TCC order-show 1-1
2026-09-10 07:21:20,335 INFO o.a.j.t.JMeterThread: Thread finished: TCC order-show 1-1
2026-09-10 07:21:20,346 INFO o.a.j.t.JMeterThread: Stopping because end time detected by thread: TCC order-show 1-27
2026-09-10 07:21:20,346 INFO o.a.j.t.JMeterThread: Thread finished: TCC order-show 1-27
2026-09-10 07:21:20,356 INFO o.a.j.t.JMeterThread: Stopping because end time detected by thread: TCC order-show 1-50
2026-09-10 07:21:20,356 INFO o.a.j.t.JMeterThread: Thread finished: TCC order-show 1-50
2026-09-10 07:21:20,367 INFO o.a.j.t.JMeterThread: Stopping because end time detected by thread: TCC order-show 1-14
2026-09-10 07:21:20,367 INFO o.a.j.t.JMeterThread: Thread finished: TCC order-show 1-14
2026-09-10 07:21:20,378 INFO o.a.j.t.JMeterThread: Stopping because end time detected by thread: TCC order-show 1-4
2026-09-10 07:21:20,378 INFO o.a.j.t.JMeterThread: Thread finished: TCC order-show 1-4
2026-09-10 07:21:20,390 INFO o.a.j.t.JMeterThread: Stopping because end time detected by thread: TCC order-show 1-9
2026-09-10 07:21:20,390 INFO o.a.j.t.JMeterThread: Thread finished: TCC order-show 1-9
2026-09-10 07:21:20,401 INFO o.a.j.t.JMeterThread: Stopping because end time detected by thread: TCC order-show 1-3
2026-09-10 07:21:20,401 INFO o.a.j.t.JMeterThread: Thread finished: TCC order-show 1-3
2026-09-10 07:21:20,412 INFO o.a.j.t.JMeterThread: Stopping because end time detected by thread: TCC order-show 1-48
2026-09-10 07:21:20,412 INFO o.a.j.t.JMeterThread: Thread finished: TCC order-show 1-48
2026-09-10 07:21:20,422 INFO o.a.j.t.JMeterThread: Stopping because end time detected by thread: TCC order-show 1-12
2026-09-10 07:21:20,422 INFO o.a.j.t.JMeterThread: Thread finished: TCC order-show 1-12
2026-09-10 07:21:20,433 INFO o.a.j.t.JMeterThread: Stopping because end time detected by thread: TCC order-show 1-10
2026-09-10 07:21:20,433 INFO o.a.j.t.JMeterThread: Thread finished: TCC order-show 1-10
2026-09-10 07:21:20,443 INFO o.a.j.t.JMeterThread: Stopping because end time detected by thread: TCC order-show 1-46
2026-09-10 07:21:20,444 INFO o.a.j.t.JMeterThread: Thread finished: TCC order-show 1-46
2026-09-10 07:21:20,454 INFO o.a.j.t.JMeterThread: Stopping because end time detected by thread: TCC order-show 1-45
2026-09-10 07:21:20,454 INFO o.a.j.t.JMeterThread: Thread finished: TCC order-show 1-45
2026-09-10 07:21:20,464 INFO o.a.j.t.JMeterThread: Stopping because end time detected by thread: TCC order-show 1-15
2026-09-10 07:21:20,464 INFO o.a.j.t.JMeterThread: Thread finished: TCC order-show 1-15
2026-09-10 07:21:20,474 INFO o.a.j.t.JMeterThread: Stopping because end time detected by thread: TCC order-show 1-20
2026-09-10 07:21:20,474 INFO o.a.j.t.JMeterThread: Thread finished: TCC order-show 1-20
2026-09-10 07:21:20,485 INFO o.a.j.t.JMeterThread: Stopping because end time detected by thread: TCC order-show 1-19
2026-09-10 07:21:20,485 INFO o.a.j.t.JMeterThread: Thread finished: TCC order-show 1-19
2026-09-10 07:21:20,495 INFO o.a.j.t.JMeterThread: Stopping because end time detected by thread: TCC order-show 1-44
2026-09-10 07:21:20,496 INFO o.a.j.t.JMeterThread: Thread finished: TCC order-show 1-44
2026-09-10 07:21:20,506 INFO o.a.j.t.JMeterThread: Stopping because end time detected by thread: TCC order-show 1-40
2026-09-10 07:21:20,506 INFO o.a.j.t.JMeterThread: Thread finished: TCC order-show 1-40
2026-09-10 07:21:20,517 INFO o.a.j.t.JMeterThread: Stopping because end time detected by thread: TCC order-show 1-16
2026-09-10 07:21:20,517 INFO o.a.j.t.JMeterThread: Thread finished: TCC order-show 1-16
2026-09-10 07:21:20,527 INFO o.a.j.t.JMeterThread: Stopping because end time detected by thread: TCC order-show 1-39
2026-09-10 07:21:20,527 INFO o.a.j.t.JMeterThread: Thread finished: TCC order-show 1-39
2026-09-10 07:21:20,538 INFO o.a.j.t.JMeterThread: Stopping because end time detected by thread: TCC order-show 1-6
2026-09-10 07:21:20,538 INFO o.a.j.t.JMeterThread: Thread finished: TCC order-show 1-6
2026-09-10 07:21:20,549 INFO o.a.j.t.JMeterThread: Stopping because end time detected by thread: TCC order-show 1-37
2026-09-10 07:21:20,549 INFO o.a.j.t.JMeterThread: Thread finished: TCC order-show 1-37
2026-09-10 07:21:20,561 INFO o.a.j.t.JMeterThread: Stopping because end time detected by thread: TCC order-show 1-17
2026-09-10 07:21:20,561 INFO o.a.j.t.JMeterThread: Thread finished: TCC order-show 1-17
2026-09-10 07:21:20,572 INFO o.a.j.t.JMeterThread: Stopping because end time detected by thread: TCC order-show 1-43
2026-09-10 07:21:20,572 INFO o.a.j.t.JMeterThread: Thread finished: TCC order-show 1-43
2026-09-10 07:21:20,585 INFO o.a.j.t.JMeterThread: Stopping because end time detected by thread: TCC order-show 1-31
2026-09-10 07:21:20,585 INFO o.a.j.t.JMeterThread: Thread finished: TCC order-show 1-31
2026-09-10 07:21:20,596 INFO o.a.j.t.JMeterThread: Stopping because end time detected by thread: TCC order-show 1-22
2026-09-10 07:21:20,597 INFO o.a.j.t.JMeterThread: Thread finished: TCC order-show 1-22
2026-09-10 07:21:20,607 INFO o.a.j.t.JMeterThread: Stopping because end time detected by thread: TCC order-show 1-25
2026-09-10 07:21:20,607 INFO o.a.j.t.JMeterThread: Thread finished: TCC order-show 1-25
2026-09-10 07:21:20,618 INFO o.a.j.t.JMeterThread: Stopping because end time detected by thread: TCC order-show 1-2
2026-09-10 07:21:20,618 INFO o.a.j.t.JMeterThread: Thread finished: TCC order-show 1-2
2026-09-10 07:21:20,629 INFO o.a.j.t.JMeterThread: Stopping because end time detected by thread: TCC order-show 1-47
2026-09-10 07:21:20,629 INFO o.a.j.t.JMeterThread: Thread finished: TCC order-show 1-47
2026-09-10 07:21:20,639 INFO o.a.j.t.JMeterThread: Stopping because end time detected by thread: TCC order-show 1-29
2026-09-10 07:21:20,639 INFO o.a.j.t.JMeterThread: Thread finished: TCC order-show 1-29
2026-09-10 07:21:20,650 INFO o.a.j.t.JMeterThread: Stopping because end time detected by thread: TCC order-show 1-28
2026-09-10 07:21:20,650 INFO o.a.j.t.JMeterThread: Thread finished: TCC order-show 1-28
2026-09-10 07:21:20,660 INFO o.a.j.t.JMeterThread: Stopping because end time detected by thread: TCC order-show 1-36
2026-09-10 07:21:20,660 INFO o.a.j.t.JMeterThread: Thread finished: TCC order-show 1-36
2026-09-10 07:21:20,671 INFO o.a.j.t.JMeterThread: Stopping because end time detected by thread: TCC order-show 1-35
2026-09-10 07:21:20,671 INFO o.a.j.t.JMeterThread: Thread finished: TCC order-show 1-35
2026-09-10 07:21:20,682 INFO o.a.j.t.JMeterThread: Stopping because end time detected by thread: TCC order-show 1-23
2026-09-10 07:21:20,682 INFO o.a.j.t.JMeterThread: Thread finished: TCC order-show 1-23
2026-09-10 07:21:20,693 INFO o.a.j.t.JMeterThread: Stopping because end time detected by thread: TCC order-show 1-49
2026-09-10 07:21:20,693 INFO o.a.j.t.JMeterThread: Thread finished: TCC order-show 1-49
2026-09-10 07:21:20,693 INFO o.a.j.e.StandardJMeterEngine: Notifying test listeners of end of test
2026-09-10 07:21:20,696 INFO o.a.j.r.Summariser: summary +   1911 in 00:00:21 =   92.4/s Avg:   540 Min:   517 Max:   573 Err:     0 (0.00%) Active: 0 Started: 50 Finished: 50
2026-09-10 07:21:20,697 INFO o.a.j.r.Summariser: summary =   2752 in 00:00:31 =   90.0/s Avg:   536 Min:    27 Max:   857 Err:     0 (0.00%)
