2026-09-10 07:42:22,049 INFO o.a.j.u.JMeterUtils: Setting Locale to en_EN
2026-09-10 07:42:22,065 INFO o.a.j.JMeter: Loading user properties from: /home/avituo/projects/tcc/tcc-container/.tools/apache-jmeter-5.6.3/bin/user.properties
2026-09-10 07:42:22,066 INFO o.a.j.JMeter: Loading system properties from: /home/avituo/projects/tcc/tcc-container/.tools/apache-jmeter-5.6.3/bin/system.properties
2026-09-10 07:42:22,066 INFO o.a.j.JMeter: Loading additional properties from: /home/avituo/projects/tcc/tcc-container/benchmark/jmeter/benchmark.properties
2026-09-10 07:42:22,066 INFO o.a.j.JMeter: Loading additional properties from: /tmp/tcc-benchmark-auth.iUUbBt/auth.properties
2026-09-10 07:42:22,066 INFO o.a.j.JMeter: Setting JMeter property: threads=100
2026-09-10 07:42:22,066 INFO o.a.j.JMeter: Setting JMeter property: duration_seconds=30
2026-09-10 07:42:22,066 INFO o.a.j.JMeter: Setting JMeter property: target_host=localhost
2026-09-10 07:42:22,066 INFO o.a.j.JMeter: Setting JMeter property: target_port=18000
2026-09-10 07:42:22,066 INFO o.a.j.JMeter: Setting JMeter property: tcc.order.id=1
2026-09-10 07:42:22,066 INFO o.a.j.JMeter: Setting JMeter property: repetition=3
2026-09-10 07:42:22,073 INFO o.a.j.JMeter: Copyright (c) 1998-2024 The Apache Software Foundation
2026-09-10 07:42:22,073 INFO o.a.j.JMeter: Version 5.6.3
2026-09-10 07:42:22,073 INFO o.a.j.JMeter: java.version=21.0.11
2026-09-10 07:42:22,073 INFO o.a.j.JMeter: java.vm.name=OpenJDK 64-Bit Server VM
2026-09-10 07:42:22,073 INFO o.a.j.JMeter: os.name=Linux
2026-09-10 07:42:22,073 INFO o.a.j.JMeter: os.arch=amd64
2026-09-10 07:42:22,073 INFO o.a.j.JMeter: os.version=7.0.11-76070011-generic
2026-09-10 07:42:22,073 INFO o.a.j.JMeter: file.encoding=UTF-8
2026-09-10 07:42:22,073 INFO o.a.j.JMeter: java.awt.headless=true
2026-09-10 07:42:22,073 INFO o.a.j.JMeter: Max memory     =1073741824
2026-09-10 07:42:22,073 INFO o.a.j.JMeter: Available Processors =16
2026-09-10 07:42:22,083 INFO o.a.j.JMeter: Default Locale=English (EN)
2026-09-10 07:42:22,083 INFO o.a.j.JMeter: JMeter  Locale=English (EN)
2026-09-10 07:42:22,083 INFO o.a.j.JMeter: JMeterHome=/home/avituo/projects/tcc/tcc-container/.tools/apache-jmeter-5.6.3
2026-09-10 07:42:22,083 INFO o.a.j.JMeter: user.dir  =/home/avituo/projects/tcc/tcc-container
2026-09-10 07:42:22,083 INFO o.a.j.JMeter: PWD       =/home/avituo/projects/tcc/tcc-container
2026-09-10 07:42:22,091 INFO o.a.j.JMeter: IP: 192.168.1.16 Name: pop-os FullName: pop-os.home
2026-09-10 07:42:22,103 INFO o.a.j.s.FileServer: Default base='/home/avituo/projects/tcc/tcc-container'
2026-09-10 07:42:22,105 INFO o.a.j.s.FileServer: Set new base='/home/avituo/projects/tcc/tcc-container/benchmark/jmeter'
2026-09-10 07:42:22,272 INFO o.a.j.s.SaveService: Testplan (JMX) version: 2.2. Testlog (JTL) version: 2.2
2026-09-10 07:42:22,298 INFO o.a.j.s.SaveService: Using SaveService properties version 5.0
2026-09-10 07:42:22,303 INFO o.a.j.s.SaveService: Using SaveService properties file encoding UTF-8
2026-09-10 07:42:22,307 INFO o.a.j.s.SaveService: Loading file: /home/avituo/projects/tcc/tcc-container/benchmark/jmeter/tcc-order-show-v1.jmx
2026-09-10 07:42:22,358 INFO o.a.j.p.h.s.HTTPSamplerBase: Parser for text/html is org.apache.jmeter.protocol.http.parser.LagartoBasedHtmlParser
2026-09-10 07:42:22,358 INFO o.a.j.p.h.s.HTTPSamplerBase: Parser for application/xhtml+xml is org.apache.jmeter.protocol.http.parser.LagartoBasedHtmlParser
2026-09-10 07:42:22,358 INFO o.a.j.p.h.s.HTTPSamplerBase: Parser for application/xml is org.apache.jmeter.protocol.http.parser.LagartoBasedHtmlParser
2026-09-10 07:42:22,358 INFO o.a.j.p.h.s.HTTPSamplerBase: Parser for text/xml is org.apache.jmeter.protocol.http.parser.LagartoBasedHtmlParser
2026-09-10 07:42:22,358 INFO o.a.j.p.h.s.HTTPSamplerBase: Parser for text/vnd.wap.wml is org.apache.jmeter.protocol.http.parser.RegexpHTMLParser
2026-09-10 07:42:22,358 INFO o.a.j.p.h.s.HTTPSamplerBase: Parser for text/css is org.apache.jmeter.protocol.http.parser.CssParser
2026-09-10 07:42:22,388 INFO o.a.j.JMeter: Creating summariser <summary>
2026-09-10 07:42:22,412 INFO o.a.j.e.StandardJMeterEngine: Running the test!
2026-09-10 07:42:22,413 INFO o.a.j.s.SampleEvent: List of sample_variables: []
2026-09-10 07:42:22,413 INFO o.a.j.s.SampleEvent: List of sample_variables: []
2026-09-10 07:42:22,417 INFO o.a.j.e.u.CompoundVariable: Note: Function class names must contain the string: '.functions.'
2026-09-10 07:42:22,417 INFO o.a.j.e.u.CompoundVariable: Note: Function class names must not contain the string: '.gui.'
2026-09-10 07:42:22,665 INFO o.a.j.JMeter: Running test (1789036942665)
2026-09-10 07:42:22,686 INFO o.a.j.e.StandardJMeterEngine: Starting ThreadGroup: 1 : TCC order-show
2026-09-10 07:42:22,687 INFO o.a.j.e.StandardJMeterEngine: Starting 100 threads for group TCC order-show.
2026-09-10 07:42:22,687 INFO o.a.j.e.StandardJMeterEngine: Thread will continue on error
2026-09-10 07:42:22,687 INFO o.a.j.t.ThreadGroup: Starting thread group... number=1 threads=100 ramp-up=0 delayedStart=false
2026-09-10 07:42:22,694 INFO o.a.j.t.JMeterThread: Thread started: TCC order-show 1-5
2026-09-10 07:42:22,694 INFO o.a.j.t.JMeterThread: Thread started: TCC order-show 1-4
2026-09-10 07:42:22,694 INFO o.a.j.t.JMeterThread: Thread started: TCC order-show 1-2
2026-09-10 07:42:22,694 INFO o.a.j.t.JMeterThread: Thread started: TCC order-show 1-6
2026-09-10 07:42:22,694 INFO o.a.j.t.JMeterThread: Thread started: TCC order-show 1-1
2026-09-10 07:42:22,694 INFO o.a.j.t.JMeterThread: Thread started: TCC order-show 1-3
2026-09-10 07:42:22,695 INFO o.a.j.t.JMeterThread: Thread started: TCC order-show 1-7
2026-09-10 07:42:22,696 INFO o.a.j.t.JMeterThread: Thread started: TCC order-show 1-8
2026-09-10 07:42:22,696 INFO o.a.j.t.JMeterThread: Thread started: TCC order-show 1-9
2026-09-10 07:42:22,697 INFO o.a.j.t.JMeterThread: Thread started: TCC order-show 1-10
2026-09-10 07:42:22,698 INFO o.a.j.t.JMeterThread: Thread started: TCC order-show 1-11
2026-09-10 07:42:22,699 INFO o.a.j.t.JMeterThread: Thread started: TCC order-show 1-12
2026-09-10 07:42:22,699 INFO o.a.j.t.JMeterThread: Thread started: TCC order-show 1-13
2026-09-10 07:42:22,700 INFO o.a.j.t.JMeterThread: Thread started: TCC order-show 1-14
2026-09-10 07:42:22,701 INFO o.a.j.t.JMeterThread: Thread started: TCC order-show 1-15
2026-09-10 07:42:22,703 INFO o.a.j.t.JMeterThread: Thread started: TCC order-show 1-16
2026-09-10 07:42:22,703 INFO o.a.j.t.JMeterThread: Thread started: TCC order-show 1-17
2026-09-10 07:42:22,704 INFO o.a.j.t.JMeterThread: Thread started: TCC order-show 1-18
2026-09-10 07:42:22,705 INFO o.a.j.t.JMeterThread: Thread started: TCC order-show 1-19
2026-09-10 07:42:22,705 INFO o.a.j.t.JMeterThread: Thread started: TCC order-show 1-20
2026-09-10 07:42:22,706 INFO o.a.j.t.JMeterThread: Thread started: TCC order-show 1-21
2026-09-10 07:42:22,707 INFO o.a.j.t.JMeterThread: Thread started: TCC order-show 1-22
2026-09-10 07:42:22,707 INFO o.a.j.t.JMeterThread: Thread started: TCC order-show 1-23
2026-09-10 07:42:22,708 INFO o.a.j.t.JMeterThread: Thread started: TCC order-show 1-24
2026-09-10 07:42:22,708 INFO o.a.j.t.JMeterThread: Thread started: TCC order-show 1-25
2026-09-10 07:42:22,709 INFO o.a.j.t.JMeterThread: Thread started: TCC order-show 1-26
2026-09-10 07:42:22,709 INFO o.a.j.t.JMeterThread: Thread started: TCC order-show 1-27
2026-09-10 07:42:22,710 INFO o.a.j.t.JMeterThread: Thread started: TCC order-show 1-28
2026-09-10 07:42:22,711 INFO o.a.j.t.JMeterThread: Thread started: TCC order-show 1-29
2026-09-10 07:42:22,711 INFO o.a.j.t.JMeterThread: Thread started: TCC order-show 1-30
2026-09-10 07:42:22,712 INFO o.a.j.t.JMeterThread: Thread started: TCC order-show 1-31
2026-09-10 07:42:22,712 INFO o.a.j.t.JMeterThread: Thread started: TCC order-show 1-32
2026-09-10 07:42:22,713 INFO o.a.j.t.JMeterThread: Thread started: TCC order-show 1-33
2026-09-10 07:42:22,713 INFO o.a.j.t.JMeterThread: Thread started: TCC order-show 1-34
2026-09-10 07:42:22,714 INFO o.a.j.t.JMeterThread: Thread started: TCC order-show 1-35
2026-09-10 07:42:22,714 INFO o.a.j.t.JMeterThread: Thread started: TCC order-show 1-36
2026-09-10 07:42:22,715 INFO o.a.j.t.JMeterThread: Thread started: TCC order-show 1-37
2026-09-10 07:42:22,715 INFO o.a.j.t.JMeterThread: Thread started: TCC order-show 1-38
2026-09-10 07:42:22,716 INFO o.a.j.t.JMeterThread: Thread started: TCC order-show 1-39
2026-09-10 07:42:22,716 INFO o.a.j.t.JMeterThread: Thread started: TCC order-show 1-40
2026-09-10 07:42:22,717 INFO o.a.j.t.JMeterThread: Thread started: TCC order-show 1-41
2026-09-10 07:42:22,718 INFO o.a.j.t.JMeterThread: Thread started: TCC order-show 1-42
2026-09-10 07:42:22,718 INFO o.a.j.p.h.s.HTTPHCAbstractImpl: Local host = pop-os
2026-09-10 07:42:22,718 INFO o.a.j.t.JMeterThread: Thread started: TCC order-show 1-43
2026-09-10 07:42:22,719 INFO o.a.j.t.JMeterThread: Thread started: TCC order-show 1-45
2026-09-10 07:42:22,719 INFO o.a.j.t.JMeterThread: Thread started: TCC order-show 1-44
2026-09-10 07:42:22,720 INFO o.a.j.t.JMeterThread: Thread started: TCC order-show 1-46
2026-09-10 07:42:22,720 INFO o.a.j.t.JMeterThread: Thread started: TCC order-show 1-47
2026-09-10 07:42:22,721 INFO o.a.j.t.JMeterThread: Thread started: TCC order-show 1-48
2026-09-10 07:42:22,721 INFO o.a.j.t.JMeterThread: Thread started: TCC order-show 1-49
2026-09-10 07:42:22,722 INFO o.a.j.t.JMeterThread: Thread started: TCC order-show 1-50
2026-09-10 07:42:22,723 INFO o.a.j.t.JMeterThread: Thread started: TCC order-show 1-51
2026-09-10 07:42:22,723 INFO o.a.j.t.JMeterThread: Thread started: TCC order-show 1-52
2026-09-10 07:42:22,723 INFO o.a.j.t.JMeterThread: Thread started: TCC order-show 1-53
2026-09-10 07:42:22,724 INFO o.a.j.t.JMeterThread: Thread started: TCC order-show 1-54
2026-09-10 07:42:22,724 INFO o.a.j.t.JMeterThread: Thread started: TCC order-show 1-55
2026-09-10 07:42:22,724 INFO o.a.j.t.JMeterThread: Thread started: TCC order-show 1-56
2026-09-10 07:42:22,725 INFO o.a.j.t.JMeterThread: Thread started: TCC order-show 1-57
2026-09-10 07:42:22,725 INFO o.a.j.t.JMeterThread: Thread started: TCC order-show 1-58
2026-09-10 07:42:22,726 INFO o.a.j.t.JMeterThread: Thread started: TCC order-show 1-59
2026-09-10 07:42:22,726 INFO o.a.j.t.JMeterThread: Thread started: TCC order-show 1-60
2026-09-10 07:42:22,727 INFO o.a.j.t.JMeterThread: Thread started: TCC order-show 1-61
2026-09-10 07:42:22,727 INFO o.a.j.p.h.s.HTTPHC4Impl: HTTP request retry count = 0
2026-09-10 07:42:22,728 INFO o.a.j.t.JMeterThread: Thread started: TCC order-show 1-62
2026-09-10 07:42:22,728 INFO o.a.j.t.JMeterThread: Thread started: TCC order-show 1-63
2026-09-10 07:42:22,729 INFO o.a.j.s.SampleResult: Note: Sample TimeStamps are START times
2026-09-10 07:42:22,729 INFO o.a.j.t.JMeterThread: Thread started: TCC order-show 1-64
2026-09-10 07:42:22,729 INFO o.a.j.s.SampleResult: sampleresult.default.encoding is set to UTF-8
2026-09-10 07:42:22,729 INFO o.a.j.s.SampleResult: sampleresult.useNanoTime=true
2026-09-10 07:42:22,729 INFO o.a.j.s.SampleResult: sampleresult.nanoThreadSleep=5000
2026-09-10 07:42:22,730 INFO o.a.j.t.JMeterThread: Thread started: TCC order-show 1-65
2026-09-10 07:42:22,730 INFO o.a.j.t.JMeterThread: Thread started: TCC order-show 1-66
2026-09-10 07:42:22,731 INFO o.a.j.t.JMeterThread: Thread started: TCC order-show 1-67
2026-09-10 07:42:22,732 INFO o.a.j.t.JMeterThread: Thread started: TCC order-show 1-69
2026-09-10 07:42:22,732 INFO o.a.j.t.JMeterThread: Thread started: TCC order-show 1-68
2026-09-10 07:42:22,732 INFO o.a.j.t.JMeterThread: Thread started: TCC order-show 1-70
2026-09-10 07:42:22,733 INFO o.a.j.t.JMeterThread: Thread started: TCC order-show 1-71
2026-09-10 07:42:22,734 INFO o.a.j.t.JMeterThread: Thread started: TCC order-show 1-72
2026-09-10 07:42:22,734 INFO o.a.j.t.JMeterThread: Thread started: TCC order-show 1-73
2026-09-10 07:42:22,734 INFO o.a.j.t.JMeterThread: Thread started: TCC order-show 1-74
2026-09-10 07:42:22,735 INFO o.a.j.t.JMeterThread: Thread started: TCC order-show 1-75
2026-09-10 07:42:22,735 INFO o.a.j.t.JMeterThread: Thread started: TCC order-show 1-76
2026-09-10 07:42:22,736 INFO o.a.j.t.JMeterThread: Thread started: TCC order-show 1-77
2026-09-10 07:42:22,736 INFO o.a.j.t.JMeterThread: Thread started: TCC order-show 1-78
2026-09-10 07:42:22,737 INFO o.a.j.t.JMeterThread: Thread started: TCC order-show 1-79
2026-09-10 07:42:22,738 INFO o.a.j.t.JMeterThread: Thread started: TCC order-show 1-80
2026-09-10 07:42:22,738 INFO o.a.j.t.JMeterThread: Thread started: TCC order-show 1-81
2026-09-10 07:42:22,739 INFO o.a.j.t.JMeterThread: Thread started: TCC order-show 1-82
2026-09-10 07:42:22,740 INFO o.a.j.t.JMeterThread: Thread started: TCC order-show 1-83
2026-09-10 07:42:22,741 INFO o.a.j.t.JMeterThread: Thread started: TCC order-show 1-84
2026-09-10 07:42:22,741 INFO o.a.j.t.JMeterThread: Thread started: TCC order-show 1-85
2026-09-10 07:42:22,742 INFO o.a.j.t.JMeterThread: Thread started: TCC order-show 1-86
2026-09-10 07:42:22,742 INFO o.a.j.t.JMeterThread: Thread started: TCC order-show 1-87
2026-09-10 07:42:22,743 INFO o.a.j.t.JMeterThread: Thread started: TCC order-show 1-88
2026-09-10 07:42:22,743 INFO o.a.j.t.JMeterThread: Thread started: TCC order-show 1-89
2026-09-10 07:42:22,744 INFO o.a.j.t.JMeterThread: Thread started: TCC order-show 1-90
2026-09-10 07:42:22,744 INFO o.a.j.t.JMeterThread: Thread started: TCC order-show 1-91
2026-09-10 07:42:22,746 INFO o.a.j.t.JMeterThread: Thread started: TCC order-show 1-94
2026-09-10 07:42:22,746 INFO o.a.j.t.JMeterThread: Thread started: TCC order-show 1-95
2026-09-10 07:42:22,747 INFO o.a.j.t.JMeterThread: Thread started: TCC order-show 1-92
2026-09-10 07:42:22,747 INFO o.a.j.t.JMeterThread: Thread started: TCC order-show 1-93
2026-09-10 07:42:22,748 INFO o.a.j.t.JMeterThread: Thread started: TCC order-show 1-96
2026-09-10 07:42:22,750 INFO o.a.j.t.JMeterThread: Thread started: TCC order-show 1-98
2026-09-10 07:42:22,750 INFO o.a.j.t.JMeterThread: Thread started: TCC order-show 1-97
2026-09-10 07:42:22,751 INFO o.a.j.t.JMeterThread: Thread started: TCC order-show 1-99
2026-09-10 07:42:22,753 INFO o.a.j.t.ThreadGroup: Started thread group number 1
2026-09-10 07:42:22,753 INFO o.a.j.e.StandardJMeterEngine: All thread groups have been started
2026-09-10 07:42:22,754 INFO o.a.j.t.JMeterThread: Thread started: TCC order-show 1-100
2026-09-10 07:42:30,009 INFO o.a.j.r.Summariser: summary +    610 in 00:00:07 =   83.1/s Avg:  1039 Min:    97 Max:  1558 Err:     0 (0.00%) Active: 100 Started: 100 Finished: 0
2026-09-10 07:42:52,722 INFO o.a.j.t.JMeterThread: Stopping because end time detected by thread: TCC order-show 1-38
2026-09-10 07:42:52,722 INFO o.a.j.t.JMeterThread: Thread finished: TCC order-show 1-38
2026-09-10 07:42:52,733 INFO o.a.j.t.JMeterThread: Stopping because end time detected by thread: TCC order-show 1-37
2026-09-10 07:42:52,733 INFO o.a.j.t.JMeterThread: Thread finished: TCC order-show 1-37
2026-09-10 07:42:52,744 INFO o.a.j.t.JMeterThread: Stopping because end time detected by thread: TCC order-show 1-3
2026-09-10 07:42:52,744 INFO o.a.j.t.JMeterThread: Thread finished: TCC order-show 1-3
2026-09-10 07:42:52,755 INFO o.a.j.t.JMeterThread: Stopping because end time detected by thread: TCC order-show 1-43
2026-09-10 07:42:52,755 INFO o.a.j.t.JMeterThread: Thread finished: TCC order-show 1-43
2026-09-10 07:42:52,766 INFO o.a.j.t.JMeterThread: Stopping because end time detected by thread: TCC order-show 1-46
2026-09-10 07:42:52,766 INFO o.a.j.t.JMeterThread: Thread finished: TCC order-show 1-46
2026-09-10 07:42:52,777 INFO o.a.j.t.JMeterThread: Stopping because end time detected by thread: TCC order-show 1-26
2026-09-10 07:42:52,777 INFO o.a.j.t.JMeterThread: Thread finished: TCC order-show 1-26
2026-09-10 07:42:52,788 INFO o.a.j.t.JMeterThread: Stopping because end time detected by thread: TCC order-show 1-15
2026-09-10 07:42:52,788 INFO o.a.j.t.JMeterThread: Thread finished: TCC order-show 1-15
2026-09-10 07:42:52,800 INFO o.a.j.t.JMeterThread: Stopping because end time detected by thread: TCC order-show 1-13
2026-09-10 07:42:52,800 INFO o.a.j.t.JMeterThread: Thread finished: TCC order-show 1-13
2026-09-10 07:42:52,811 INFO o.a.j.t.JMeterThread: Stopping because end time detected by thread: TCC order-show 1-87
2026-09-10 07:42:52,811 INFO o.a.j.t.JMeterThread: Thread finished: TCC order-show 1-87
2026-09-10 07:42:52,822 INFO o.a.j.t.JMeterThread: Stopping because end time detected by thread: TCC order-show 1-6
2026-09-10 07:42:52,822 INFO o.a.j.t.JMeterThread: Thread finished: TCC order-show 1-6
2026-09-10 07:42:52,833 INFO o.a.j.t.JMeterThread: Stopping because end time detected by thread: TCC order-show 1-61
2026-09-10 07:42:52,833 INFO o.a.j.t.JMeterThread: Thread finished: TCC order-show 1-61
2026-09-10 07:42:52,845 INFO o.a.j.t.JMeterThread: Stopping because end time detected by thread: TCC order-show 1-41
2026-09-10 07:42:52,845 INFO o.a.j.t.JMeterThread: Thread finished: TCC order-show 1-41
2026-09-10 07:42:52,854 INFO o.a.j.t.JMeterThread: Stopping because end time detected by thread: TCC order-show 1-94
2026-09-10 07:42:52,855 INFO o.a.j.t.JMeterThread: Thread finished: TCC order-show 1-94
2026-09-10 07:42:52,865 INFO o.a.j.t.JMeterThread: Stopping because end time detected by thread: TCC order-show 1-29
2026-09-10 07:42:52,865 INFO o.a.j.t.JMeterThread: Thread finished: TCC order-show 1-29
2026-09-10 07:42:52,875 INFO o.a.j.t.JMeterThread: Stopping because end time detected by thread: TCC order-show 1-84
2026-09-10 07:42:52,875 INFO o.a.j.t.JMeterThread: Thread finished: TCC order-show 1-84
2026-09-10 07:42:52,886 INFO o.a.j.t.JMeterThread: Stopping because end time detected by thread: TCC order-show 1-91
2026-09-10 07:42:52,886 INFO o.a.j.t.JMeterThread: Thread finished: TCC order-show 1-91
2026-09-10 07:42:52,895 INFO o.a.j.t.JMeterThread: Stopping because end time detected by thread: TCC order-show 1-93
2026-09-10 07:42:52,895 INFO o.a.j.t.JMeterThread: Thread finished: TCC order-show 1-93
2026-09-10 07:42:52,908 INFO o.a.j.t.JMeterThread: Stopping because end time detected by thread: TCC order-show 1-52
2026-09-10 07:42:52,909 INFO o.a.j.t.JMeterThread: Thread finished: TCC order-show 1-52
2026-09-10 07:42:52,919 INFO o.a.j.t.JMeterThread: Stopping because end time detected by thread: TCC order-show 1-34
2026-09-10 07:42:52,920 INFO o.a.j.t.JMeterThread: Thread finished: TCC order-show 1-34
2026-09-10 07:42:52,932 INFO o.a.j.t.JMeterThread: Stopping because end time detected by thread: TCC order-show 1-42
2026-09-10 07:42:52,932 INFO o.a.j.t.JMeterThread: Thread finished: TCC order-show 1-42
2026-09-10 07:42:52,942 INFO o.a.j.t.JMeterThread: Stopping because end time detected by thread: TCC order-show 1-36
2026-09-10 07:42:52,942 INFO o.a.j.t.JMeterThread: Thread finished: TCC order-show 1-36
2026-09-10 07:42:52,953 INFO o.a.j.t.JMeterThread: Stopping because end time detected by thread: TCC order-show 1-98
2026-09-10 07:42:52,953 INFO o.a.j.t.JMeterThread: Thread finished: TCC order-show 1-98
2026-09-10 07:42:52,964 INFO o.a.j.t.JMeterThread: Stopping because end time detected by thread: TCC order-show 1-23
2026-09-10 07:42:52,964 INFO o.a.j.t.JMeterThread: Thread finished: TCC order-show 1-23
2026-09-10 07:42:52,976 INFO o.a.j.t.JMeterThread: Stopping because end time detected by thread: TCC order-show 1-76
2026-09-10 07:42:52,976 INFO o.a.j.t.JMeterThread: Thread finished: TCC order-show 1-76
2026-09-10 07:42:52,986 INFO o.a.j.t.JMeterThread: Stopping because end time detected by thread: TCC order-show 1-90
2026-09-10 07:42:52,986 INFO o.a.j.t.JMeterThread: Thread finished: TCC order-show 1-90
2026-09-10 07:42:52,997 INFO o.a.j.t.JMeterThread: Stopping because end time detected by thread: TCC order-show 1-39
2026-09-10 07:42:52,997 INFO o.a.j.t.JMeterThread: Thread finished: TCC order-show 1-39
2026-09-10 07:42:53,018 INFO o.a.j.t.JMeterThread: Stopping because end time detected by thread: TCC order-show 1-63
2026-09-10 07:42:53,018 INFO o.a.j.t.JMeterThread: Thread finished: TCC order-show 1-63
2026-09-10 07:42:53,030 INFO o.a.j.t.JMeterThread: Stopping because end time detected by thread: TCC order-show 1-79
2026-09-10 07:42:53,030 INFO o.a.j.t.JMeterThread: Thread finished: TCC order-show 1-79
2026-09-10 07:42:53,040 INFO o.a.j.t.JMeterThread: Stopping because end time detected by thread: TCC order-show 1-30
2026-09-10 07:42:53,040 INFO o.a.j.t.JMeterThread: Thread finished: TCC order-show 1-30
2026-09-10 07:42:53,052 INFO o.a.j.t.JMeterThread: Stopping because end time detected by thread: TCC order-show 1-65
2026-09-10 07:42:53,052 INFO o.a.j.t.JMeterThread: Thread finished: TCC order-show 1-65
2026-09-10 07:42:53,064 INFO o.a.j.t.JMeterThread: Stopping because end time detected by thread: TCC order-show 1-16
2026-09-10 07:42:53,064 INFO o.a.j.t.JMeterThread: Thread finished: TCC order-show 1-16
2026-09-10 07:42:53,075 INFO o.a.j.t.JMeterThread: Stopping because end time detected by thread: TCC order-show 1-4
2026-09-10 07:42:53,075 INFO o.a.j.t.JMeterThread: Thread finished: TCC order-show 1-4
2026-09-10 07:42:53,085 INFO o.a.j.t.JMeterThread: Stopping because end time detected by thread: TCC order-show 1-67
2026-09-10 07:42:53,086 INFO o.a.j.t.JMeterThread: Thread finished: TCC order-show 1-67
2026-09-10 07:42:53,097 INFO o.a.j.t.JMeterThread: Stopping because end time detected by thread: TCC order-show 1-44
2026-09-10 07:42:53,097 INFO o.a.j.t.JMeterThread: Thread finished: TCC order-show 1-44
2026-09-10 07:42:53,107 INFO o.a.j.t.JMeterThread: Stopping because end time detected by thread: TCC order-show 1-82
2026-09-10 07:42:53,107 INFO o.a.j.t.JMeterThread: Thread finished: TCC order-show 1-82
2026-09-10 07:42:53,118 INFO o.a.j.t.JMeterThread: Stopping because end time detected by thread: TCC order-show 1-66
2026-09-10 07:42:53,118 INFO o.a.j.t.JMeterThread: Thread finished: TCC order-show 1-66
2026-09-10 07:42:53,129 INFO o.a.j.t.JMeterThread: Stopping because end time detected by thread: TCC order-show 1-86
2026-09-10 07:42:53,129 INFO o.a.j.t.JMeterThread: Thread finished: TCC order-show 1-86
2026-09-10 07:42:53,140 INFO o.a.j.t.JMeterThread: Stopping because end time detected by thread: TCC order-show 1-77
2026-09-10 07:42:53,141 INFO o.a.j.t.JMeterThread: Thread finished: TCC order-show 1-77
2026-09-10 07:42:53,151 INFO o.a.j.t.JMeterThread: Stopping because end time detected by thread: TCC order-show 1-55
2026-09-10 07:42:53,151 INFO o.a.j.t.JMeterThread: Thread finished: TCC order-show 1-55
2026-09-10 07:42:53,162 INFO o.a.j.t.JMeterThread: Stopping because end time detected by thread: TCC order-show 1-20
2026-09-10 07:42:53,162 INFO o.a.j.t.JMeterThread: Thread finished: TCC order-show 1-20
2026-09-10 07:42:53,172 INFO o.a.j.t.JMeterThread: Stopping because end time detected by thread: TCC order-show 1-21
2026-09-10 07:42:53,173 INFO o.a.j.t.JMeterThread: Thread finished: TCC order-show 1-21
2026-09-10 07:42:53,183 INFO o.a.j.t.JMeterThread: Stopping because end time detected by thread: TCC order-show 1-81
2026-09-10 07:42:53,183 INFO o.a.j.t.JMeterThread: Thread finished: TCC order-show 1-81
2026-09-10 07:42:53,193 INFO o.a.j.t.JMeterThread: Stopping because end time detected by thread: TCC order-show 1-25
2026-09-10 07:42:53,194 INFO o.a.j.t.JMeterThread: Thread finished: TCC order-show 1-25
2026-09-10 07:42:53,204 INFO o.a.j.t.JMeterThread: Stopping because end time detected by thread: TCC order-show 1-22
2026-09-10 07:42:53,204 INFO o.a.j.t.JMeterThread: Thread finished: TCC order-show 1-22
2026-09-10 07:42:53,214 INFO o.a.j.t.JMeterThread: Stopping because end time detected by thread: TCC order-show 1-70
2026-09-10 07:42:53,215 INFO o.a.j.t.JMeterThread: Thread finished: TCC order-show 1-70
2026-09-10 07:42:53,225 INFO o.a.j.t.JMeterThread: Stopping because end time detected by thread: TCC order-show 1-33
2026-09-10 07:42:53,225 INFO o.a.j.t.JMeterThread: Thread finished: TCC order-show 1-33
2026-09-10 07:42:53,235 INFO o.a.j.t.JMeterThread: Stopping because end time detected by thread: TCC order-show 1-48
2026-09-10 07:42:53,235 INFO o.a.j.t.JMeterThread: Thread finished: TCC order-show 1-48
2026-09-10 07:42:53,246 INFO o.a.j.t.JMeterThread: Stopping because end time detected by thread: TCC order-show 1-27
2026-09-10 07:42:53,246 INFO o.a.j.t.JMeterThread: Thread finished: TCC order-show 1-27
2026-09-10 07:42:53,257 INFO o.a.j.t.JMeterThread: Stopping because end time detected by thread: TCC order-show 1-53
2026-09-10 07:42:53,257 INFO o.a.j.t.JMeterThread: Thread finished: TCC order-show 1-53
2026-09-10 07:42:53,268 INFO o.a.j.t.JMeterThread: Stopping because end time detected by thread: TCC order-show 1-32
2026-09-10 07:42:53,268 INFO o.a.j.t.JMeterThread: Thread finished: TCC order-show 1-32
2026-09-10 07:42:53,279 INFO o.a.j.t.JMeterThread: Stopping because end time detected by thread: TCC order-show 1-11
2026-09-10 07:42:53,279 INFO o.a.j.t.JMeterThread: Thread finished: TCC order-show 1-11
2026-09-10 07:42:53,290 INFO o.a.j.t.JMeterThread: Stopping because end time detected by thread: TCC order-show 1-35
2026-09-10 07:42:53,290 INFO o.a.j.t.JMeterThread: Thread finished: TCC order-show 1-35
2026-09-10 07:42:53,300 INFO o.a.j.t.JMeterThread: Stopping because end time detected by thread: TCC order-show 1-2
2026-09-10 07:42:53,300 INFO o.a.j.t.JMeterThread: Thread finished: TCC order-show 1-2
2026-09-10 07:42:53,311 INFO o.a.j.t.JMeterThread: Stopping because end time detected by thread: TCC order-show 1-31
2026-09-10 07:42:53,311 INFO o.a.j.t.JMeterThread: Thread finished: TCC order-show 1-31
2026-09-10 07:42:53,320 INFO o.a.j.t.JMeterThread: Stopping because end time detected by thread: TCC order-show 1-1
2026-09-10 07:42:53,321 INFO o.a.j.t.JMeterThread: Thread finished: TCC order-show 1-1
2026-09-10 07:42:53,331 INFO o.a.j.t.JMeterThread: Stopping because end time detected by thread: TCC order-show 1-24
2026-09-10 07:42:53,332 INFO o.a.j.t.JMeterThread: Thread finished: TCC order-show 1-24
2026-09-10 07:42:53,341 INFO o.a.j.t.JMeterThread: Stopping because end time detected by thread: TCC order-show 1-69
2026-09-10 07:42:53,342 INFO o.a.j.t.JMeterThread: Thread finished: TCC order-show 1-69
2026-09-10 07:42:53,352 INFO o.a.j.t.JMeterThread: Stopping because end time detected by thread: TCC order-show 1-95
2026-09-10 07:42:53,352 INFO o.a.j.t.JMeterThread: Thread finished: TCC order-show 1-95
2026-09-10 07:42:53,362 INFO o.a.j.t.JMeterThread: Stopping because end time detected by thread: TCC order-show 1-28
2026-09-10 07:42:53,362 INFO o.a.j.t.JMeterThread: Thread finished: TCC order-show 1-28
2026-09-10 07:42:53,373 INFO o.a.j.t.JMeterThread: Stopping because end time detected by thread: TCC order-show 1-59
2026-09-10 07:42:53,373 INFO o.a.j.t.JMeterThread: Thread finished: TCC order-show 1-59
2026-09-10 07:42:53,383 INFO o.a.j.t.JMeterThread: Stopping because end time detected by thread: TCC order-show 1-54
2026-09-10 07:42:53,383 INFO o.a.j.t.JMeterThread: Thread finished: TCC order-show 1-54
2026-09-10 07:42:53,394 INFO o.a.j.t.JMeterThread: Stopping because end time detected by thread: TCC order-show 1-74
2026-09-10 07:42:53,394 INFO o.a.j.t.JMeterThread: Thread finished: TCC order-show 1-74
2026-09-10 07:42:53,404 INFO o.a.j.t.JMeterThread: Stopping because end time detected by thread: TCC order-show 1-89
2026-09-10 07:42:53,405 INFO o.a.j.t.JMeterThread: Thread finished: TCC order-show 1-89
2026-09-10 07:42:53,418 INFO o.a.j.t.JMeterThread: Stopping because end time detected by thread: TCC order-show 1-88
2026-09-10 07:42:53,418 INFO o.a.j.t.JMeterThread: Thread finished: TCC order-show 1-88
2026-09-10 07:42:53,430 INFO o.a.j.t.JMeterThread: Stopping because end time detected by thread: TCC order-show 1-100
2026-09-10 07:42:53,430 INFO o.a.j.t.JMeterThread: Thread finished: TCC order-show 1-100
2026-09-10 07:42:53,441 INFO o.a.j.t.JMeterThread: Stopping because end time detected by thread: TCC order-show 1-7
2026-09-10 07:42:53,441 INFO o.a.j.t.JMeterThread: Thread finished: TCC order-show 1-7
2026-09-10 07:42:53,452 INFO o.a.j.t.JMeterThread: Stopping because end time detected by thread: TCC order-show 1-8
2026-09-10 07:42:53,452 INFO o.a.j.t.JMeterThread: Thread finished: TCC order-show 1-8
2026-09-10 07:42:53,462 INFO o.a.j.t.JMeterThread: Stopping because end time detected by thread: TCC order-show 1-12
2026-09-10 07:42:53,462 INFO o.a.j.t.JMeterThread: Thread finished: TCC order-show 1-12
2026-09-10 07:42:53,472 INFO o.a.j.t.JMeterThread: Stopping because end time detected by thread: TCC order-show 1-9
2026-09-10 07:42:53,472 INFO o.a.j.t.JMeterThread: Thread finished: TCC order-show 1-9
2026-09-10 07:42:53,483 INFO o.a.j.t.JMeterThread: Stopping because end time detected by thread: TCC order-show 1-62
2026-09-10 07:42:53,483 INFO o.a.j.t.JMeterThread: Thread finished: TCC order-show 1-62
2026-09-10 07:42:53,494 INFO o.a.j.t.JMeterThread: Stopping because end time detected by thread: TCC order-show 1-64
2026-09-10 07:42:53,494 INFO o.a.j.t.JMeterThread: Thread finished: TCC order-show 1-64
2026-09-10 07:42:53,504 INFO o.a.j.t.JMeterThread: Stopping because end time detected by thread: TCC order-show 1-19
2026-09-10 07:42:53,504 INFO o.a.j.t.JMeterThread: Thread finished: TCC order-show 1-19
2026-09-10 07:42:53,514 INFO o.a.j.t.JMeterThread: Stopping because end time detected by thread: TCC order-show 1-97
2026-09-10 07:42:53,514 INFO o.a.j.t.JMeterThread: Thread finished: TCC order-show 1-97
2026-09-10 07:42:53,523 INFO o.a.j.t.JMeterThread: Stopping because end time detected by thread: TCC order-show 1-57
2026-09-10 07:42:53,523 INFO o.a.j.t.JMeterThread: Thread finished: TCC order-show 1-57
2026-09-10 07:42:53,535 INFO o.a.j.t.JMeterThread: Stopping because end time detected by thread: TCC order-show 1-45
2026-09-10 07:42:53,535 INFO o.a.j.t.JMeterThread: Thread finished: TCC order-show 1-45
2026-09-10 07:42:53,545 INFO o.a.j.t.JMeterThread: Stopping because end time detected by thread: TCC order-show 1-73
2026-09-10 07:42:53,545 INFO o.a.j.t.JMeterThread: Thread finished: TCC order-show 1-73
2026-09-10 07:42:53,557 INFO o.a.j.t.JMeterThread: Stopping because end time detected by thread: TCC order-show 1-75
2026-09-10 07:42:53,557 INFO o.a.j.t.JMeterThread: Thread finished: TCC order-show 1-75
2026-09-10 07:42:53,567 INFO o.a.j.t.JMeterThread: Stopping because end time detected by thread: TCC order-show 1-49
2026-09-10 07:42:53,567 INFO o.a.j.t.JMeterThread: Thread finished: TCC order-show 1-49
2026-09-10 07:42:53,579 INFO o.a.j.t.JMeterThread: Stopping because end time detected by thread: TCC order-show 1-80
2026-09-10 07:42:53,579 INFO o.a.j.t.JMeterThread: Thread finished: TCC order-show 1-80
2026-09-10 07:42:53,589 INFO o.a.j.t.JMeterThread: Stopping because end time detected by thread: TCC order-show 1-78
2026-09-10 07:42:53,590 INFO o.a.j.t.JMeterThread: Thread finished: TCC order-show 1-78
2026-09-10 07:42:53,601 INFO o.a.j.t.JMeterThread: Stopping because end time detected by thread: TCC order-show 1-58
2026-09-10 07:42:53,601 INFO o.a.j.t.JMeterThread: Thread finished: TCC order-show 1-58
2026-09-10 07:42:53,611 INFO o.a.j.t.JMeterThread: Stopping because end time detected by thread: TCC order-show 1-17
2026-09-10 07:42:53,611 INFO o.a.j.t.JMeterThread: Thread finished: TCC order-show 1-17
2026-09-10 07:42:53,623 INFO o.a.j.t.JMeterThread: Stopping because end time detected by thread: TCC order-show 1-18
2026-09-10 07:42:53,623 INFO o.a.j.t.JMeterThread: Thread finished: TCC order-show 1-18
2026-09-10 07:42:53,633 INFO o.a.j.t.JMeterThread: Stopping because end time detected by thread: TCC order-show 1-72
2026-09-10 07:42:53,633 INFO o.a.j.t.JMeterThread: Thread finished: TCC order-show 1-72
2026-09-10 07:42:53,644 INFO o.a.j.t.JMeterThread: Stopping because end time detected by thread: TCC order-show 1-56
2026-09-10 07:42:53,644 INFO o.a.j.t.JMeterThread: Thread finished: TCC order-show 1-56
2026-09-10 07:42:53,655 INFO o.a.j.t.JMeterThread: Stopping because end time detected by thread: TCC order-show 1-40
2026-09-10 07:42:53,655 INFO o.a.j.t.JMeterThread: Thread finished: TCC order-show 1-40
2026-09-10 07:42:53,666 INFO o.a.j.t.JMeterThread: Stopping because end time detected by thread: TCC order-show 1-83
2026-09-10 07:42:53,666 INFO o.a.j.t.JMeterThread: Thread finished: TCC order-show 1-83
2026-09-10 07:42:53,676 INFO o.a.j.t.JMeterThread: Stopping because end time detected by thread: TCC order-show 1-85
2026-09-10 07:42:53,676 INFO o.a.j.t.JMeterThread: Thread finished: TCC order-show 1-85
2026-09-10 07:42:53,687 INFO o.a.j.t.JMeterThread: Stopping because end time detected by thread: TCC order-show 1-50
2026-09-10 07:42:53,688 INFO o.a.j.t.JMeterThread: Thread finished: TCC order-show 1-50
2026-09-10 07:42:53,699 INFO o.a.j.t.JMeterThread: Stopping because end time detected by thread: TCC order-show 1-60
2026-09-10 07:42:53,699 INFO o.a.j.t.JMeterThread: Thread finished: TCC order-show 1-60
2026-09-10 07:42:53,710 INFO o.a.j.t.JMeterThread: Stopping because end time detected by thread: TCC order-show 1-99
2026-09-10 07:42:53,710 INFO o.a.j.t.JMeterThread: Thread finished: TCC order-show 1-99
2026-09-10 07:42:53,720 INFO o.a.j.t.JMeterThread: Stopping because end time detected by thread: TCC order-show 1-96
2026-09-10 07:42:53,720 INFO o.a.j.t.JMeterThread: Thread finished: TCC order-show 1-96
2026-09-10 07:42:53,731 INFO o.a.j.t.JMeterThread: Stopping because end time detected by thread: TCC order-show 1-92
2026-09-10 07:42:53,731 INFO o.a.j.t.JMeterThread: Thread finished: TCC order-show 1-92
2026-09-10 07:42:53,742 INFO o.a.j.t.JMeterThread: Stopping because end time detected by thread: TCC order-show 1-5
2026-09-10 07:42:53,742 INFO o.a.j.t.JMeterThread: Thread finished: TCC order-show 1-5
2026-09-10 07:42:53,753 INFO o.a.j.t.JMeterThread: Stopping because end time detected by thread: TCC order-show 1-10
2026-09-10 07:42:53,753 INFO o.a.j.t.JMeterThread: Thread finished: TCC order-show 1-10
2026-09-10 07:42:53,763 INFO o.a.j.t.JMeterThread: Stopping because end time detected by thread: TCC order-show 1-14
2026-09-10 07:42:53,763 INFO o.a.j.t.JMeterThread: Thread finished: TCC order-show 1-14
2026-09-10 07:42:53,774 INFO o.a.j.t.JMeterThread: Stopping because end time detected by thread: TCC order-show 1-51
2026-09-10 07:42:53,774 INFO o.a.j.t.JMeterThread: Thread finished: TCC order-show 1-51
2026-09-10 07:42:53,785 INFO o.a.j.t.JMeterThread: Stopping because end time detected by thread: TCC order-show 1-47
2026-09-10 07:42:53,785 INFO o.a.j.t.JMeterThread: Thread finished: TCC order-show 1-47
2026-09-10 07:42:53,796 INFO o.a.j.t.JMeterThread: Stopping because end time detected by thread: TCC order-show 1-71
2026-09-10 07:42:53,796 INFO o.a.j.t.JMeterThread: Thread finished: TCC order-show 1-71
2026-09-10 07:42:53,806 INFO o.a.j.t.JMeterThread: Stopping because end time detected by thread: TCC order-show 1-68
2026-09-10 07:42:53,806 INFO o.a.j.t.JMeterThread: Thread finished: TCC order-show 1-68
2026-09-10 07:42:53,807 INFO o.a.j.e.StandardJMeterEngine: Notifying test listeners of end of test
2026-09-10 07:42:53,810 INFO o.a.j.r.Summariser: summary +   2178 in 00:00:24 =   91.5/s Avg:  1092 Min:  1059 Max:  1140 Err:     0 (0.00%) Active: 0 Started: 100 Finished: 100
2026-09-10 07:42:53,810 INFO o.a.j.r.Summariser: summary =   2788 in 00:00:31 =   89.5/s Avg:  1080 Min:    97 Max:  1558 Err:     0 (0.00%)
