2026-09-10 10:10:50,070 INFO o.a.j.u.JMeterUtils: Setting Locale to en_EN
2026-09-10 10:10:50,087 INFO o.a.j.JMeter: Loading user properties from: /home/avituo/projects/tcc/tcc-container/.tools/apache-jmeter-5.6.3/bin/user.properties
2026-09-10 10:10:50,087 INFO o.a.j.JMeter: Loading system properties from: /home/avituo/projects/tcc/tcc-container/.tools/apache-jmeter-5.6.3/bin/system.properties
2026-09-10 10:10:50,087 INFO o.a.j.JMeter: Loading additional properties from: /home/avituo/projects/tcc/tcc-container/benchmark/jmeter/benchmark.properties
2026-09-10 10:10:50,087 INFO o.a.j.JMeter: Loading additional properties from: /tmp/tcc-benchmark-auth.pGgmup/auth.properties
2026-09-10 10:10:50,087 INFO o.a.j.JMeter: Setting JMeter property: threads=100
2026-09-10 10:10:50,087 INFO o.a.j.JMeter: Setting JMeter property: duration_seconds=30
2026-09-10 10:10:50,087 INFO o.a.j.JMeter: Setting JMeter property: target_host=localhost
2026-09-10 10:10:50,087 INFO o.a.j.JMeter: Setting JMeter property: target_port=18080
2026-09-10 10:10:50,087 INFO o.a.j.JMeter: Setting JMeter property: tcc.order.id=20000000-0000-4000-8000-000000000001
2026-09-10 10:10:50,087 INFO o.a.j.JMeter: Setting JMeter property: repetition=3
2026-09-10 10:10:50,093 INFO o.a.j.JMeter: Copyright (c) 1998-2024 The Apache Software Foundation
2026-09-10 10:10:50,093 INFO o.a.j.JMeter: Version 5.6.3
2026-09-10 10:10:50,093 INFO o.a.j.JMeter: java.version=21.0.11
2026-09-10 10:10:50,093 INFO o.a.j.JMeter: java.vm.name=OpenJDK 64-Bit Server VM
2026-09-10 10:10:50,093 INFO o.a.j.JMeter: os.name=Linux
2026-09-10 10:10:50,093 INFO o.a.j.JMeter: os.arch=amd64
2026-09-10 10:10:50,093 INFO o.a.j.JMeter: os.version=7.0.11-76070011-generic
2026-09-10 10:10:50,094 INFO o.a.j.JMeter: file.encoding=UTF-8
2026-09-10 10:10:50,094 INFO o.a.j.JMeter: java.awt.headless=true
2026-09-10 10:10:50,094 INFO o.a.j.JMeter: Max memory     =1073741824
2026-09-10 10:10:50,094 INFO o.a.j.JMeter: Available Processors =16
2026-09-10 10:10:50,102 INFO o.a.j.JMeter: Default Locale=English (EN)
2026-09-10 10:10:50,103 INFO o.a.j.JMeter: JMeter  Locale=English (EN)
2026-09-10 10:10:50,103 INFO o.a.j.JMeter: JMeterHome=/home/avituo/projects/tcc/tcc-container/.tools/apache-jmeter-5.6.3
2026-09-10 10:10:50,103 INFO o.a.j.JMeter: user.dir  =/home/avituo/projects/tcc/tcc-container
2026-09-10 10:10:50,103 INFO o.a.j.JMeter: PWD       =/home/avituo/projects/tcc/tcc-container
2026-09-10 10:10:50,114 INFO o.a.j.JMeter: IP: 192.168.1.16 Name: pop-os FullName: pop-os.home
2026-09-10 10:10:50,126 INFO o.a.j.s.FileServer: Default base='/home/avituo/projects/tcc/tcc-container'
2026-09-10 10:10:50,128 INFO o.a.j.s.FileServer: Set new base='/home/avituo/projects/tcc/tcc-container/benchmark/jmeter'
2026-09-10 10:10:50,297 INFO o.a.j.s.SaveService: Testplan (JMX) version: 2.2. Testlog (JTL) version: 2.2
2026-09-10 10:10:50,322 INFO o.a.j.s.SaveService: Using SaveService properties version 5.0
2026-09-10 10:10:50,326 INFO o.a.j.s.SaveService: Using SaveService properties file encoding UTF-8
2026-09-10 10:10:50,333 INFO o.a.j.s.SaveService: Loading file: /home/avituo/projects/tcc/tcc-container/benchmark/jmeter/tcc-order-create-v1.jmx
2026-09-10 10:10:50,384 INFO o.a.j.p.h.s.HTTPSamplerBase: Parser for text/html is org.apache.jmeter.protocol.http.parser.LagartoBasedHtmlParser
2026-09-10 10:10:50,384 INFO o.a.j.p.h.s.HTTPSamplerBase: Parser for application/xhtml+xml is org.apache.jmeter.protocol.http.parser.LagartoBasedHtmlParser
2026-09-10 10:10:50,384 INFO o.a.j.p.h.s.HTTPSamplerBase: Parser for application/xml is org.apache.jmeter.protocol.http.parser.LagartoBasedHtmlParser
2026-09-10 10:10:50,384 INFO o.a.j.p.h.s.HTTPSamplerBase: Parser for text/xml is org.apache.jmeter.protocol.http.parser.LagartoBasedHtmlParser
2026-09-10 10:10:50,384 INFO o.a.j.p.h.s.HTTPSamplerBase: Parser for text/vnd.wap.wml is org.apache.jmeter.protocol.http.parser.RegexpHTMLParser
2026-09-10 10:10:50,384 INFO o.a.j.p.h.s.HTTPSamplerBase: Parser for text/css is org.apache.jmeter.protocol.http.parser.CssParser
2026-09-10 10:10:50,416 INFO o.a.j.JMeter: Creating summariser <summary>
2026-09-10 10:10:50,433 INFO o.a.j.e.StandardJMeterEngine: Running the test!
2026-09-10 10:10:50,434 INFO o.a.j.s.SampleEvent: List of sample_variables: []
2026-09-10 10:10:50,434 INFO o.a.j.s.SampleEvent: List of sample_variables: []
2026-09-10 10:10:50,440 INFO o.a.j.e.u.CompoundVariable: Note: Function class names must contain the string: '.functions.'
2026-09-10 10:10:50,440 INFO o.a.j.e.u.CompoundVariable: Note: Function class names must not contain the string: '.gui.'
2026-09-10 10:10:50,680 INFO o.a.j.JMeter: Running test (1789045850680)
2026-09-10 10:10:50,701 INFO o.a.j.e.StandardJMeterEngine: Starting ThreadGroup: 1 : TCC order-create
2026-09-10 10:10:50,702 INFO o.a.j.e.StandardJMeterEngine: Starting 100 threads for group TCC order-create.
2026-09-10 10:10:50,702 INFO o.a.j.e.StandardJMeterEngine: Thread will continue on error
2026-09-10 10:10:50,702 INFO o.a.j.t.ThreadGroup: Starting thread group... number=1 threads=100 ramp-up=0 delayedStart=false
2026-09-10 10:10:50,709 INFO o.a.j.t.JMeterThread: Thread started: TCC order-create 1-1
2026-09-10 10:10:50,709 INFO o.a.j.t.JMeterThread: Thread started: TCC order-create 1-2
2026-09-10 10:10:50,709 INFO o.a.j.t.JMeterThread: Thread started: TCC order-create 1-3
2026-09-10 10:10:50,709 INFO o.a.j.t.JMeterThread: Thread started: TCC order-create 1-4
2026-09-10 10:10:50,711 INFO o.a.j.t.JMeterThread: Thread started: TCC order-create 1-5
2026-09-10 10:10:50,711 INFO o.a.j.t.JMeterThread: Thread started: TCC order-create 1-6
2026-09-10 10:10:50,712 INFO o.a.j.t.JMeterThread: Thread started: TCC order-create 1-7
2026-09-10 10:10:50,713 INFO o.a.j.t.JMeterThread: Thread started: TCC order-create 1-8
2026-09-10 10:10:50,713 INFO o.a.j.t.JMeterThread: Thread started: TCC order-create 1-9
2026-09-10 10:10:50,714 INFO o.a.j.t.JMeterThread: Thread started: TCC order-create 1-10
2026-09-10 10:10:50,715 INFO o.a.j.t.JMeterThread: Thread started: TCC order-create 1-11
2026-09-10 10:10:50,716 INFO o.a.j.t.JMeterThread: Thread started: TCC order-create 1-12
2026-09-10 10:10:50,717 INFO o.a.j.t.JMeterThread: Thread started: TCC order-create 1-13
2026-09-10 10:10:50,718 INFO o.a.j.t.JMeterThread: Thread started: TCC order-create 1-14
2026-09-10 10:10:50,719 INFO o.a.j.t.JMeterThread: Thread started: TCC order-create 1-15
2026-09-10 10:10:50,720 INFO o.a.j.t.JMeterThread: Thread started: TCC order-create 1-16
2026-09-10 10:10:50,721 INFO o.a.j.t.JMeterThread: Thread started: TCC order-create 1-17
2026-09-10 10:10:50,722 INFO o.a.j.t.JMeterThread: Thread started: TCC order-create 1-18
2026-09-10 10:10:50,723 INFO o.a.j.t.JMeterThread: Thread started: TCC order-create 1-19
2026-09-10 10:10:50,723 INFO o.a.j.t.JMeterThread: Thread started: TCC order-create 1-20
2026-09-10 10:10:50,724 INFO o.a.j.t.JMeterThread: Thread started: TCC order-create 1-21
2026-09-10 10:10:50,724 INFO o.a.j.t.JMeterThread: Thread started: TCC order-create 1-22
2026-09-10 10:10:50,725 INFO o.a.j.t.JMeterThread: Thread started: TCC order-create 1-23
2026-09-10 10:10:50,726 INFO o.a.j.t.JMeterThread: Thread started: TCC order-create 1-24
2026-09-10 10:10:50,726 INFO o.a.j.t.JMeterThread: Thread started: TCC order-create 1-25
2026-09-10 10:10:50,727 INFO o.a.j.t.JMeterThread: Thread started: TCC order-create 1-26
2026-09-10 10:10:50,727 INFO o.a.j.t.JMeterThread: Thread started: TCC order-create 1-28
2026-09-10 10:10:50,727 INFO o.a.j.t.JMeterThread: Thread started: TCC order-create 1-27
2026-09-10 10:10:50,728 INFO o.a.j.t.JMeterThread: Thread started: TCC order-create 1-29
2026-09-10 10:10:50,728 INFO o.a.j.t.JMeterThread: Thread started: TCC order-create 1-30
2026-09-10 10:10:50,728 INFO o.a.j.t.JMeterThread: Thread started: TCC order-create 1-31
2026-09-10 10:10:50,729 INFO o.a.j.t.JMeterThread: Thread started: TCC order-create 1-32
2026-09-10 10:10:50,730 INFO o.a.j.t.JMeterThread: Thread started: TCC order-create 1-33
2026-09-10 10:10:50,730 INFO o.a.j.t.JMeterThread: Thread started: TCC order-create 1-34
2026-09-10 10:10:50,731 INFO o.a.j.t.JMeterThread: Thread started: TCC order-create 1-35
2026-09-10 10:10:50,732 INFO o.a.j.t.JMeterThread: Thread started: TCC order-create 1-36
2026-09-10 10:10:50,733 INFO o.a.j.t.JMeterThread: Thread started: TCC order-create 1-37
2026-09-10 10:10:50,735 INFO o.a.j.t.JMeterThread: Thread started: TCC order-create 1-38
2026-09-10 10:10:50,736 INFO o.a.j.t.JMeterThread: Thread started: TCC order-create 1-39
2026-09-10 10:10:50,738 INFO o.a.j.t.JMeterThread: Thread started: TCC order-create 1-41
2026-09-10 10:10:50,738 INFO o.a.j.t.JMeterThread: Thread started: TCC order-create 1-40
2026-09-10 10:10:50,739 INFO o.a.j.t.JMeterThread: Thread started: TCC order-create 1-42
2026-09-10 10:10:50,740 INFO o.a.j.t.JMeterThread: Thread started: TCC order-create 1-43
2026-09-10 10:10:50,740 INFO o.a.j.t.JMeterThread: Thread started: TCC order-create 1-44
2026-09-10 10:10:50,741 INFO o.a.j.t.JMeterThread: Thread started: TCC order-create 1-45
2026-09-10 10:10:50,741 INFO o.a.j.t.JMeterThread: Thread started: TCC order-create 1-46
2026-09-10 10:10:50,742 INFO o.a.j.t.JMeterThread: Thread started: TCC order-create 1-47
2026-09-10 10:10:50,742 INFO o.a.j.t.JMeterThread: Thread started: TCC order-create 1-48
2026-09-10 10:10:50,743 INFO o.a.j.t.JMeterThread: Thread started: TCC order-create 1-49
2026-09-10 10:10:50,745 INFO o.a.j.t.JMeterThread: Thread started: TCC order-create 1-50
2026-09-10 10:10:50,747 INFO o.a.j.t.JMeterThread: Thread started: TCC order-create 1-51
2026-09-10 10:10:50,748 INFO o.a.j.t.JMeterThread: Thread started: TCC order-create 1-52
2026-09-10 10:10:50,751 INFO o.a.j.t.JMeterThread: Thread started: TCC order-create 1-53
2026-09-10 10:10:50,751 INFO o.a.j.t.JMeterThread: Thread started: TCC order-create 1-54
2026-09-10 10:10:50,752 INFO o.a.j.t.JMeterThread: Thread started: TCC order-create 1-55
2026-09-10 10:10:50,753 INFO o.a.j.t.JMeterThread: Thread started: TCC order-create 1-56
2026-09-10 10:10:50,754 INFO o.a.j.t.JMeterThread: Thread started: TCC order-create 1-57
2026-09-10 10:10:50,755 INFO o.a.j.t.JMeterThread: Thread started: TCC order-create 1-58
2026-09-10 10:10:50,757 INFO o.a.j.t.JMeterThread: Thread started: TCC order-create 1-59
2026-09-10 10:10:50,758 INFO o.a.j.t.JMeterThread: Thread started: TCC order-create 1-60
2026-09-10 10:10:50,758 INFO o.a.j.t.JMeterThread: Thread started: TCC order-create 1-61
2026-09-10 10:10:50,760 INFO o.a.j.t.JMeterThread: Thread started: TCC order-create 1-62
2026-09-10 10:10:50,761 INFO o.a.j.t.JMeterThread: Thread started: TCC order-create 1-63
2026-09-10 10:10:50,762 INFO o.a.j.t.JMeterThread: Thread started: TCC order-create 1-64
2026-09-10 10:10:50,763 INFO o.a.j.t.JMeterThread: Thread started: TCC order-create 1-66
2026-09-10 10:10:50,764 INFO o.a.j.t.JMeterThread: Thread started: TCC order-create 1-65
2026-09-10 10:10:50,764 INFO o.a.j.t.JMeterThread: Thread started: TCC order-create 1-67
2026-09-10 10:10:50,764 INFO o.a.j.t.JMeterThread: Thread started: TCC order-create 1-68
2026-09-10 10:10:50,765 INFO o.a.j.t.JMeterThread: Thread started: TCC order-create 1-69
2026-09-10 10:10:50,766 INFO o.a.j.t.JMeterThread: Thread started: TCC order-create 1-70
2026-09-10 10:10:50,766 INFO o.a.j.t.JMeterThread: Thread started: TCC order-create 1-71
2026-09-10 10:10:50,767 INFO o.a.j.t.JMeterThread: Thread started: TCC order-create 1-72
2026-09-10 10:10:50,768 INFO o.a.j.t.JMeterThread: Thread started: TCC order-create 1-73
2026-09-10 10:10:50,768 INFO o.a.j.t.JMeterThread: Thread started: TCC order-create 1-74
2026-09-10 10:10:50,769 INFO o.a.j.t.JMeterThread: Thread started: TCC order-create 1-75
2026-09-10 10:10:50,770 INFO o.a.j.t.JMeterThread: Thread started: TCC order-create 1-76
2026-09-10 10:10:50,771 INFO o.a.j.t.JMeterThread: Thread started: TCC order-create 1-77
2026-09-10 10:10:50,771 INFO o.a.j.t.JMeterThread: Thread started: TCC order-create 1-78
2026-09-10 10:10:50,771 INFO o.a.j.t.JMeterThread: Thread started: TCC order-create 1-79
2026-09-10 10:10:50,772 INFO o.a.j.t.JMeterThread: Thread started: TCC order-create 1-80
2026-09-10 10:10:50,773 INFO o.a.j.t.JMeterThread: Thread started: TCC order-create 1-81
2026-09-10 10:10:50,774 INFO o.a.j.t.JMeterThread: Thread started: TCC order-create 1-82
2026-09-10 10:10:50,775 INFO o.a.j.t.JMeterThread: Thread started: TCC order-create 1-83
2026-09-10 10:10:50,775 INFO o.a.j.t.JMeterThread: Thread started: TCC order-create 1-84
2026-09-10 10:10:50,776 INFO o.a.j.t.JMeterThread: Thread started: TCC order-create 1-85
2026-09-10 10:10:50,777 INFO o.a.j.t.JMeterThread: Thread started: TCC order-create 1-86
2026-09-10 10:10:50,778 INFO o.a.j.t.JMeterThread: Thread started: TCC order-create 1-88
2026-09-10 10:10:50,778 INFO o.a.j.t.JMeterThread: Thread started: TCC order-create 1-87
2026-09-10 10:10:50,778 INFO o.a.j.t.JMeterThread: Thread started: TCC order-create 1-89
2026-09-10 10:10:50,779 INFO o.a.j.t.JMeterThread: Thread started: TCC order-create 1-90
2026-09-10 10:10:50,779 INFO o.a.j.t.JMeterThread: Thread started: TCC order-create 1-91
2026-09-10 10:10:50,780 INFO o.a.j.t.JMeterThread: Thread started: TCC order-create 1-92
2026-09-10 10:10:50,781 INFO o.a.j.t.JMeterThread: Thread started: TCC order-create 1-93
2026-09-10 10:10:50,781 INFO o.a.j.t.JMeterThread: Thread started: TCC order-create 1-94
2026-09-10 10:10:50,782 INFO o.a.j.t.JMeterThread: Thread started: TCC order-create 1-95
2026-09-10 10:10:50,782 INFO o.a.j.t.JMeterThread: Thread started: TCC order-create 1-96
2026-09-10 10:10:50,783 INFO o.a.j.t.JMeterThread: Thread started: TCC order-create 1-97
2026-09-10 10:10:50,783 INFO o.a.j.t.JMeterThread: Thread started: TCC order-create 1-98
2026-09-10 10:10:50,784 INFO o.a.j.t.JMeterThread: Thread started: TCC order-create 1-99
2026-09-10 10:10:50,784 INFO o.a.j.t.ThreadGroup: Started thread group number 1
2026-09-10 10:10:50,785 INFO o.a.j.e.StandardJMeterEngine: All thread groups have been started
2026-09-10 10:10:50,785 INFO o.a.j.t.JMeterThread: Thread started: TCC order-create 1-100
2026-09-10 10:10:51,531 INFO o.a.j.p.h.s.HTTPHCAbstractImpl: Local host = pop-os
2026-09-10 10:10:51,537 INFO o.a.j.p.h.s.HTTPHC4Impl: HTTP request retry count = 0
2026-09-10 10:10:51,538 INFO o.a.j.s.SampleResult: Note: Sample TimeStamps are START times
2026-09-10 10:10:51,539 INFO o.a.j.s.SampleResult: sampleresult.default.encoding is set to UTF-8
2026-09-10 10:10:51,539 INFO o.a.j.s.SampleResult: sampleresult.useNanoTime=true
2026-09-10 10:10:51,539 INFO o.a.j.s.SampleResult: sampleresult.nanoThreadSleep=5000
2026-09-10 10:11:00,030 INFO o.a.j.r.Summariser: summary +    149 in 00:00:09 =   15.9/s Avg:  3846 Min:   409 Max:  5777 Err:     0 (0.00%) Active: 100 Started: 100 Finished: 0
2026-09-10 10:11:20,755 INFO o.a.j.t.JMeterThread: Stopping because end time detected by thread: TCC order-create 1-49
2026-09-10 10:11:20,756 INFO o.a.j.t.JMeterThread: Thread finished: TCC order-create 1-49
2026-09-10 10:11:20,806 INFO o.a.j.t.JMeterThread: Stopping because end time detected by thread: TCC order-create 1-1
2026-09-10 10:11:20,806 INFO o.a.j.t.JMeterThread: Thread finished: TCC order-create 1-1
2026-09-10 10:11:20,858 INFO o.a.j.t.JMeterThread: Stopping because end time detected by thread: TCC order-create 1-82
2026-09-10 10:11:20,858 INFO o.a.j.t.JMeterThread: Thread finished: TCC order-create 1-82
2026-09-10 10:11:20,909 INFO o.a.j.t.JMeterThread: Stopping because end time detected by thread: TCC order-create 1-69
2026-09-10 10:11:20,909 INFO o.a.j.t.JMeterThread: Thread finished: TCC order-create 1-69
2026-09-10 10:11:20,968 INFO o.a.j.t.JMeterThread: Stopping because end time detected by thread: TCC order-create 1-7
2026-09-10 10:11:20,968 INFO o.a.j.t.JMeterThread: Thread finished: TCC order-create 1-7
2026-09-10 10:11:21,021 INFO o.a.j.t.JMeterThread: Stopping because end time detected by thread: TCC order-create 1-91
2026-09-10 10:11:21,021 INFO o.a.j.t.JMeterThread: Thread finished: TCC order-create 1-91
2026-09-10 10:11:21,084 INFO o.a.j.t.JMeterThread: Stopping because end time detected by thread: TCC order-create 1-57
2026-09-10 10:11:21,084 INFO o.a.j.t.JMeterThread: Thread finished: TCC order-create 1-57
2026-09-10 10:11:21,137 INFO o.a.j.t.JMeterThread: Stopping because end time detected by thread: TCC order-create 1-65
2026-09-10 10:11:21,137 INFO o.a.j.t.JMeterThread: Thread finished: TCC order-create 1-65
2026-09-10 10:11:21,190 INFO o.a.j.t.JMeterThread: Stopping because end time detected by thread: TCC order-create 1-14
2026-09-10 10:11:21,190 INFO o.a.j.t.JMeterThread: Thread finished: TCC order-create 1-14
2026-09-10 10:11:21,242 INFO o.a.j.t.JMeterThread: Stopping because end time detected by thread: TCC order-create 1-32
2026-09-10 10:11:21,242 INFO o.a.j.t.JMeterThread: Thread finished: TCC order-create 1-32
2026-09-10 10:11:21,293 INFO o.a.j.t.JMeterThread: Stopping because end time detected by thread: TCC order-create 1-92
2026-09-10 10:11:21,294 INFO o.a.j.t.JMeterThread: Thread finished: TCC order-create 1-92
2026-09-10 10:11:21,346 INFO o.a.j.t.JMeterThread: Stopping because end time detected by thread: TCC order-create 1-30
2026-09-10 10:11:21,347 INFO o.a.j.t.JMeterThread: Thread finished: TCC order-create 1-30
2026-09-10 10:11:21,403 INFO o.a.j.t.JMeterThread: Stopping because end time detected by thread: TCC order-create 1-93
2026-09-10 10:11:21,403 INFO o.a.j.t.JMeterThread: Thread finished: TCC order-create 1-93
2026-09-10 10:11:21,457 INFO o.a.j.t.JMeterThread: Stopping because end time detected by thread: TCC order-create 1-26
2026-09-10 10:11:21,458 INFO o.a.j.t.JMeterThread: Thread finished: TCC order-create 1-26
2026-09-10 10:11:21,511 INFO o.a.j.t.JMeterThread: Stopping because end time detected by thread: TCC order-create 1-31
2026-09-10 10:11:21,511 INFO o.a.j.t.JMeterThread: Thread finished: TCC order-create 1-31
2026-09-10 10:11:21,563 INFO o.a.j.t.JMeterThread: Stopping because end time detected by thread: TCC order-create 1-23
2026-09-10 10:11:21,564 INFO o.a.j.t.JMeterThread: Thread finished: TCC order-create 1-23
2026-09-10 10:11:21,614 INFO o.a.j.t.JMeterThread: Stopping because end time detected by thread: TCC order-create 1-89
2026-09-10 10:11:21,614 INFO o.a.j.t.JMeterThread: Thread finished: TCC order-create 1-89
2026-09-10 10:11:21,668 INFO o.a.j.t.JMeterThread: Stopping because end time detected by thread: TCC order-create 1-84
2026-09-10 10:11:21,668 INFO o.a.j.t.JMeterThread: Thread finished: TCC order-create 1-84
2026-09-10 10:11:21,718 INFO o.a.j.t.JMeterThread: Stopping because end time detected by thread: TCC order-create 1-8
2026-09-10 10:11:21,718 INFO o.a.j.t.JMeterThread: Thread finished: TCC order-create 1-8
2026-09-10 10:11:21,769 INFO o.a.j.t.JMeterThread: Stopping because end time detected by thread: TCC order-create 1-16
2026-09-10 10:11:21,770 INFO o.a.j.t.JMeterThread: Thread finished: TCC order-create 1-16
2026-09-10 10:11:21,820 INFO o.a.j.t.JMeterThread: Stopping because end time detected by thread: TCC order-create 1-77
2026-09-10 10:11:21,821 INFO o.a.j.t.JMeterThread: Thread finished: TCC order-create 1-77
2026-09-10 10:11:21,872 INFO o.a.j.t.JMeterThread: Stopping because end time detected by thread: TCC order-create 1-99
2026-09-10 10:11:21,872 INFO o.a.j.t.JMeterThread: Thread finished: TCC order-create 1-99
2026-09-10 10:11:21,924 INFO o.a.j.t.JMeterThread: Stopping because end time detected by thread: TCC order-create 1-90
2026-09-10 10:11:21,924 INFO o.a.j.t.JMeterThread: Thread finished: TCC order-create 1-90
2026-09-10 10:11:21,975 INFO o.a.j.t.JMeterThread: Stopping because end time detected by thread: TCC order-create 1-12
2026-09-10 10:11:21,975 INFO o.a.j.t.JMeterThread: Thread finished: TCC order-create 1-12
2026-09-10 10:11:22,028 INFO o.a.j.t.JMeterThread: Stopping because end time detected by thread: TCC order-create 1-68
2026-09-10 10:11:22,029 INFO o.a.j.t.JMeterThread: Thread finished: TCC order-create 1-68
2026-09-10 10:11:22,080 INFO o.a.j.t.JMeterThread: Stopping because end time detected by thread: TCC order-create 1-74
2026-09-10 10:11:22,080 INFO o.a.j.t.JMeterThread: Thread finished: TCC order-create 1-74
2026-09-10 10:11:22,133 INFO o.a.j.t.JMeterThread: Stopping because end time detected by thread: TCC order-create 1-76
2026-09-10 10:11:22,133 INFO o.a.j.t.JMeterThread: Thread finished: TCC order-create 1-76
2026-09-10 10:11:22,186 INFO o.a.j.t.JMeterThread: Stopping because end time detected by thread: TCC order-create 1-98
2026-09-10 10:11:22,186 INFO o.a.j.t.JMeterThread: Thread finished: TCC order-create 1-98
2026-09-10 10:11:22,237 INFO o.a.j.t.JMeterThread: Stopping because end time detected by thread: TCC order-create 1-25
2026-09-10 10:11:22,238 INFO o.a.j.t.JMeterThread: Thread finished: TCC order-create 1-25
2026-09-10 10:11:22,299 INFO o.a.j.t.JMeterThread: Stopping because end time detected by thread: TCC order-create 1-4
2026-09-10 10:11:22,299 INFO o.a.j.t.JMeterThread: Thread finished: TCC order-create 1-4
2026-09-10 10:11:22,353 INFO o.a.j.t.JMeterThread: Stopping because end time detected by thread: TCC order-create 1-71
2026-09-10 10:11:22,353 INFO o.a.j.t.JMeterThread: Thread finished: TCC order-create 1-71
2026-09-10 10:11:22,407 INFO o.a.j.t.JMeterThread: Stopping because end time detected by thread: TCC order-create 1-42
2026-09-10 10:11:22,407 INFO o.a.j.t.JMeterThread: Thread finished: TCC order-create 1-42
2026-09-10 10:11:22,462 INFO o.a.j.t.JMeterThread: Stopping because end time detected by thread: TCC order-create 1-78
2026-09-10 10:11:22,462 INFO o.a.j.t.JMeterThread: Thread finished: TCC order-create 1-78
2026-09-10 10:11:22,514 INFO o.a.j.t.JMeterThread: Stopping because end time detected by thread: TCC order-create 1-24
2026-09-10 10:11:22,514 INFO o.a.j.t.JMeterThread: Thread finished: TCC order-create 1-24
2026-09-10 10:11:22,565 INFO o.a.j.t.JMeterThread: Stopping because end time detected by thread: TCC order-create 1-43
2026-09-10 10:11:22,565 INFO o.a.j.t.JMeterThread: Thread finished: TCC order-create 1-43
2026-09-10 10:11:22,617 INFO o.a.j.t.JMeterThread: Stopping because end time detected by thread: TCC order-create 1-36
2026-09-10 10:11:22,618 INFO o.a.j.t.JMeterThread: Thread finished: TCC order-create 1-36
2026-09-10 10:11:22,672 INFO o.a.j.t.JMeterThread: Stopping because end time detected by thread: TCC order-create 1-95
2026-09-10 10:11:22,673 INFO o.a.j.t.JMeterThread: Thread finished: TCC order-create 1-95
2026-09-10 10:11:22,725 INFO o.a.j.t.JMeterThread: Stopping because end time detected by thread: TCC order-create 1-50
2026-09-10 10:11:22,726 INFO o.a.j.t.JMeterThread: Thread finished: TCC order-create 1-50
2026-09-10 10:11:22,777 INFO o.a.j.t.JMeterThread: Stopping because end time detected by thread: TCC order-create 1-17
2026-09-10 10:11:22,778 INFO o.a.j.t.JMeterThread: Thread finished: TCC order-create 1-17
2026-09-10 10:11:22,830 INFO o.a.j.t.JMeterThread: Stopping because end time detected by thread: TCC order-create 1-48
2026-09-10 10:11:22,830 INFO o.a.j.t.JMeterThread: Thread finished: TCC order-create 1-48
2026-09-10 10:11:22,887 INFO o.a.j.t.JMeterThread: Stopping because end time detected by thread: TCC order-create 1-40
2026-09-10 10:11:22,887 INFO o.a.j.t.JMeterThread: Thread finished: TCC order-create 1-40
2026-09-10 10:11:22,941 INFO o.a.j.t.JMeterThread: Stopping because end time detected by thread: TCC order-create 1-21
2026-09-10 10:11:22,941 INFO o.a.j.t.JMeterThread: Thread finished: TCC order-create 1-21
2026-09-10 10:11:22,994 INFO o.a.j.t.JMeterThread: Stopping because end time detected by thread: TCC order-create 1-45
2026-09-10 10:11:22,994 INFO o.a.j.t.JMeterThread: Thread finished: TCC order-create 1-45
2026-09-10 10:11:23,046 INFO o.a.j.t.JMeterThread: Stopping because end time detected by thread: TCC order-create 1-63
2026-09-10 10:11:23,046 INFO o.a.j.t.JMeterThread: Thread finished: TCC order-create 1-63
2026-09-10 10:11:23,098 INFO o.a.j.t.JMeterThread: Stopping because end time detected by thread: TCC order-create 1-39
2026-09-10 10:11:23,098 INFO o.a.j.t.JMeterThread: Thread finished: TCC order-create 1-39
2026-09-10 10:11:23,151 INFO o.a.j.t.JMeterThread: Stopping because end time detected by thread: TCC order-create 1-13
2026-09-10 10:11:23,151 INFO o.a.j.t.JMeterThread: Thread finished: TCC order-create 1-13
2026-09-10 10:11:23,204 INFO o.a.j.t.JMeterThread: Stopping because end time detected by thread: TCC order-create 1-86
2026-09-10 10:11:23,204 INFO o.a.j.t.JMeterThread: Thread finished: TCC order-create 1-86
2026-09-10 10:11:23,258 INFO o.a.j.t.JMeterThread: Stopping because end time detected by thread: TCC order-create 1-67
2026-09-10 10:11:23,258 INFO o.a.j.t.JMeterThread: Thread finished: TCC order-create 1-67
2026-09-10 10:11:23,331 INFO o.a.j.t.JMeterThread: Stopping because end time detected by thread: TCC order-create 1-2
2026-09-10 10:11:23,331 INFO o.a.j.t.JMeterThread: Thread finished: TCC order-create 1-2
2026-09-10 10:11:23,384 INFO o.a.j.t.JMeterThread: Stopping because end time detected by thread: TCC order-create 1-81
2026-09-10 10:11:23,384 INFO o.a.j.t.JMeterThread: Thread finished: TCC order-create 1-81
2026-09-10 10:11:23,434 INFO o.a.j.t.JMeterThread: Stopping because end time detected by thread: TCC order-create 1-22
2026-09-10 10:11:23,434 INFO o.a.j.t.JMeterThread: Thread finished: TCC order-create 1-22
2026-09-10 10:11:23,488 INFO o.a.j.t.JMeterThread: Stopping because end time detected by thread: TCC order-create 1-97
2026-09-10 10:11:23,488 INFO o.a.j.t.JMeterThread: Thread finished: TCC order-create 1-97
2026-09-10 10:11:23,540 INFO o.a.j.t.JMeterThread: Stopping because end time detected by thread: TCC order-create 1-58
2026-09-10 10:11:23,540 INFO o.a.j.t.JMeterThread: Thread finished: TCC order-create 1-58
2026-09-10 10:11:23,594 INFO o.a.j.t.JMeterThread: Stopping because end time detected by thread: TCC order-create 1-19
2026-09-10 10:11:23,594 INFO o.a.j.t.JMeterThread: Thread finished: TCC order-create 1-19
2026-09-10 10:11:23,644 INFO o.a.j.t.JMeterThread: Stopping because end time detected by thread: TCC order-create 1-70
2026-09-10 10:11:23,644 INFO o.a.j.t.JMeterThread: Thread finished: TCC order-create 1-70
2026-09-10 10:11:23,696 INFO o.a.j.t.JMeterThread: Stopping because end time detected by thread: TCC order-create 1-72
2026-09-10 10:11:23,696 INFO o.a.j.t.JMeterThread: Thread finished: TCC order-create 1-72
2026-09-10 10:11:23,754 INFO o.a.j.t.JMeterThread: Stopping because end time detected by thread: TCC order-create 1-44
2026-09-10 10:11:23,754 INFO o.a.j.t.JMeterThread: Thread finished: TCC order-create 1-44
2026-09-10 10:11:23,805 INFO o.a.j.t.JMeterThread: Stopping because end time detected by thread: TCC order-create 1-51
2026-09-10 10:11:23,805 INFO o.a.j.t.JMeterThread: Thread finished: TCC order-create 1-51
2026-09-10 10:11:23,856 INFO o.a.j.t.JMeterThread: Stopping because end time detected by thread: TCC order-create 1-87
2026-09-10 10:11:23,856 INFO o.a.j.t.JMeterThread: Thread finished: TCC order-create 1-87
2026-09-10 10:11:23,908 INFO o.a.j.t.JMeterThread: Stopping because end time detected by thread: TCC order-create 1-100
2026-09-10 10:11:23,908 INFO o.a.j.t.JMeterThread: Thread finished: TCC order-create 1-100
2026-09-10 10:11:23,960 INFO o.a.j.t.JMeterThread: Stopping because end time detected by thread: TCC order-create 1-61
2026-09-10 10:11:23,960 INFO o.a.j.t.JMeterThread: Thread finished: TCC order-create 1-61
2026-09-10 10:11:24,012 INFO o.a.j.t.JMeterThread: Stopping because end time detected by thread: TCC order-create 1-79
2026-09-10 10:11:24,012 INFO o.a.j.t.JMeterThread: Thread finished: TCC order-create 1-79
2026-09-10 10:11:24,060 INFO o.a.j.t.JMeterThread: Stopping because end time detected by thread: TCC order-create 1-96
2026-09-10 10:11:24,060 INFO o.a.j.t.JMeterThread: Thread finished: TCC order-create 1-96
2026-09-10 10:11:24,111 INFO o.a.j.t.JMeterThread: Stopping because end time detected by thread: TCC order-create 1-53
2026-09-10 10:11:24,111 INFO o.a.j.t.JMeterThread: Thread finished: TCC order-create 1-53
2026-09-10 10:11:24,163 INFO o.a.j.t.JMeterThread: Stopping because end time detected by thread: TCC order-create 1-75
2026-09-10 10:11:24,163 INFO o.a.j.t.JMeterThread: Thread finished: TCC order-create 1-75
2026-09-10 10:11:24,215 INFO o.a.j.t.JMeterThread: Stopping because end time detected by thread: TCC order-create 1-73
2026-09-10 10:11:24,215 INFO o.a.j.t.JMeterThread: Thread finished: TCC order-create 1-73
2026-09-10 10:11:24,265 INFO o.a.j.t.JMeterThread: Stopping because end time detected by thread: TCC order-create 1-60
2026-09-10 10:11:24,265 INFO o.a.j.t.JMeterThread: Thread finished: TCC order-create 1-60
2026-09-10 10:11:24,316 INFO o.a.j.t.JMeterThread: Stopping because end time detected by thread: TCC order-create 1-38
2026-09-10 10:11:24,316 INFO o.a.j.t.JMeterThread: Thread finished: TCC order-create 1-38
2026-09-10 10:11:24,371 INFO o.a.j.t.JMeterThread: Stopping because end time detected by thread: TCC order-create 1-66
2026-09-10 10:11:24,372 INFO o.a.j.t.JMeterThread: Thread finished: TCC order-create 1-66
2026-09-10 10:11:24,421 INFO o.a.j.t.JMeterThread: Stopping because end time detected by thread: TCC order-create 1-27
2026-09-10 10:11:24,421 INFO o.a.j.t.JMeterThread: Thread finished: TCC order-create 1-27
2026-09-10 10:11:24,471 INFO o.a.j.t.JMeterThread: Stopping because end time detected by thread: TCC order-create 1-56
2026-09-10 10:11:24,472 INFO o.a.j.t.JMeterThread: Thread finished: TCC order-create 1-56
2026-09-10 10:11:24,524 INFO o.a.j.t.JMeterThread: Stopping because end time detected by thread: TCC order-create 1-3
2026-09-10 10:11:24,525 INFO o.a.j.t.JMeterThread: Thread finished: TCC order-create 1-3
2026-09-10 10:11:24,572 INFO o.a.j.t.JMeterThread: Stopping because end time detected by thread: TCC order-create 1-5
2026-09-10 10:11:24,573 INFO o.a.j.t.JMeterThread: Thread finished: TCC order-create 1-5
2026-09-10 10:11:24,625 INFO o.a.j.t.JMeterThread: Stopping because end time detected by thread: TCC order-create 1-55
2026-09-10 10:11:24,625 INFO o.a.j.t.JMeterThread: Thread finished: TCC order-create 1-55
2026-09-10 10:11:24,676 INFO o.a.j.t.JMeterThread: Stopping because end time detected by thread: TCC order-create 1-46
2026-09-10 10:11:24,676 INFO o.a.j.t.JMeterThread: Thread finished: TCC order-create 1-46
2026-09-10 10:11:24,729 INFO o.a.j.t.JMeterThread: Stopping because end time detected by thread: TCC order-create 1-18
2026-09-10 10:11:24,729 INFO o.a.j.t.JMeterThread: Thread finished: TCC order-create 1-18
2026-09-10 10:11:24,778 INFO o.a.j.t.JMeterThread: Stopping because end time detected by thread: TCC order-create 1-15
2026-09-10 10:11:24,779 INFO o.a.j.t.JMeterThread: Thread finished: TCC order-create 1-15
2026-09-10 10:11:24,830 INFO o.a.j.t.JMeterThread: Stopping because end time detected by thread: TCC order-create 1-10
2026-09-10 10:11:24,830 INFO o.a.j.t.JMeterThread: Thread finished: TCC order-create 1-10
2026-09-10 10:11:24,904 INFO o.a.j.t.JMeterThread: Stopping because end time detected by thread: TCC order-create 1-54
2026-09-10 10:11:24,904 INFO o.a.j.t.JMeterThread: Thread finished: TCC order-create 1-54
2026-09-10 10:11:24,953 INFO o.a.j.t.JMeterThread: Stopping because end time detected by thread: TCC order-create 1-80
2026-09-10 10:11:24,953 INFO o.a.j.t.JMeterThread: Thread finished: TCC order-create 1-80
2026-09-10 10:11:25,007 INFO o.a.j.t.JMeterThread: Stopping because end time detected by thread: TCC order-create 1-88
2026-09-10 10:11:25,007 INFO o.a.j.t.JMeterThread: Thread finished: TCC order-create 1-88
2026-09-10 10:11:25,059 INFO o.a.j.t.JMeterThread: Stopping because end time detected by thread: TCC order-create 1-33
2026-09-10 10:11:25,059 INFO o.a.j.t.JMeterThread: Thread finished: TCC order-create 1-33
2026-09-10 10:11:25,113 INFO o.a.j.t.JMeterThread: Stopping because end time detected by thread: TCC order-create 1-28
2026-09-10 10:11:25,113 INFO o.a.j.t.JMeterThread: Thread finished: TCC order-create 1-28
2026-09-10 10:11:25,165 INFO o.a.j.t.JMeterThread: Stopping because end time detected by thread: TCC order-create 1-41
2026-09-10 10:11:25,165 INFO o.a.j.t.JMeterThread: Thread finished: TCC order-create 1-41
2026-09-10 10:11:25,212 INFO o.a.j.t.JMeterThread: Stopping because end time detected by thread: TCC order-create 1-62
2026-09-10 10:11:25,212 INFO o.a.j.t.JMeterThread: Thread finished: TCC order-create 1-62
2026-09-10 10:11:25,260 INFO o.a.j.t.JMeterThread: Stopping because end time detected by thread: TCC order-create 1-11
2026-09-10 10:11:25,260 INFO o.a.j.t.JMeterThread: Thread finished: TCC order-create 1-11
2026-09-10 10:11:25,318 INFO o.a.j.t.JMeterThread: Stopping because end time detected by thread: TCC order-create 1-85
2026-09-10 10:11:25,318 INFO o.a.j.t.JMeterThread: Thread finished: TCC order-create 1-85
2026-09-10 10:11:25,369 INFO o.a.j.t.JMeterThread: Stopping because end time detected by thread: TCC order-create 1-6
2026-09-10 10:11:25,369 INFO o.a.j.t.JMeterThread: Thread finished: TCC order-create 1-6
2026-09-10 10:11:25,422 INFO o.a.j.t.JMeterThread: Stopping because end time detected by thread: TCC order-create 1-59
2026-09-10 10:11:25,422 INFO o.a.j.t.JMeterThread: Thread finished: TCC order-create 1-59
2026-09-10 10:11:25,473 INFO o.a.j.t.JMeterThread: Stopping because end time detected by thread: TCC order-create 1-35
2026-09-10 10:11:25,474 INFO o.a.j.t.JMeterThread: Thread finished: TCC order-create 1-35
2026-09-10 10:11:25,522 INFO o.a.j.t.JMeterThread: Stopping because end time detected by thread: TCC order-create 1-9
2026-09-10 10:11:25,522 INFO o.a.j.t.JMeterThread: Thread finished: TCC order-create 1-9
2026-09-10 10:11:25,574 INFO o.a.j.t.JMeterThread: Stopping because end time detected by thread: TCC order-create 1-83
2026-09-10 10:11:25,574 INFO o.a.j.t.JMeterThread: Thread finished: TCC order-create 1-83
2026-09-10 10:11:25,625 INFO o.a.j.t.JMeterThread: Stopping because end time detected by thread: TCC order-create 1-29
2026-09-10 10:11:25,625 INFO o.a.j.t.JMeterThread: Thread finished: TCC order-create 1-29
2026-09-10 10:11:25,677 INFO o.a.j.t.JMeterThread: Stopping because end time detected by thread: TCC order-create 1-94
2026-09-10 10:11:25,677 INFO o.a.j.t.JMeterThread: Thread finished: TCC order-create 1-94
2026-09-10 10:11:25,726 INFO o.a.j.t.JMeterThread: Stopping because end time detected by thread: TCC order-create 1-34
2026-09-10 10:11:25,726 INFO o.a.j.t.JMeterThread: Thread finished: TCC order-create 1-34
2026-09-10 10:11:25,778 INFO o.a.j.t.JMeterThread: Stopping because end time detected by thread: TCC order-create 1-47
2026-09-10 10:11:25,778 INFO o.a.j.t.JMeterThread: Thread finished: TCC order-create 1-47
2026-09-10 10:11:25,832 INFO o.a.j.t.JMeterThread: Stopping because end time detected by thread: TCC order-create 1-37
2026-09-10 10:11:25,832 INFO o.a.j.t.JMeterThread: Thread finished: TCC order-create 1-37
2026-09-10 10:11:25,884 INFO o.a.j.t.JMeterThread: Stopping because end time detected by thread: TCC order-create 1-64
2026-09-10 10:11:25,884 INFO o.a.j.t.JMeterThread: Thread finished: TCC order-create 1-64
2026-09-10 10:11:25,939 INFO o.a.j.t.JMeterThread: Stopping because end time detected by thread: TCC order-create 1-20
2026-09-10 10:11:25,939 INFO o.a.j.t.JMeterThread: Thread finished: TCC order-create 1-20
2026-09-10 10:11:25,992 INFO o.a.j.t.JMeterThread: Stopping because end time detected by thread: TCC order-create 1-52
2026-09-10 10:11:25,992 INFO o.a.j.t.JMeterThread: Thread finished: TCC order-create 1-52
2026-09-10 10:11:25,993 INFO o.a.j.e.StandardJMeterEngine: Notifying test listeners of end of test
2026-09-10 10:11:25,996 INFO o.a.j.r.Summariser: summary +    488 in 00:00:26 =   18.8/s Avg:  5330 Min:  5251 Max:  5457 Err:     0 (0.00%) Active: 0 Started: 100 Finished: 100
2026-09-10 10:11:25,997 INFO o.a.j.r.Summariser: summary =    637 in 00:00:35 =   18.0/s Avg:  4983 Min:   409 Max:  5777 Err:     0 (0.00%)
