2026-09-10 07:07:01,848 INFO o.a.j.u.JMeterUtils: Setting Locale to en_EN
2026-09-10 07:07:01,870 INFO o.a.j.JMeter: Loading user properties from: /home/avituo/projects/tcc/tcc-container/.tools/apache-jmeter-5.6.3/bin/user.properties
2026-09-10 07:07:01,870 INFO o.a.j.JMeter: Loading system properties from: /home/avituo/projects/tcc/tcc-container/.tools/apache-jmeter-5.6.3/bin/system.properties
2026-09-10 07:07:01,871 INFO o.a.j.JMeter: Loading additional properties from: /home/avituo/projects/tcc/tcc-container/benchmark/jmeter/benchmark.properties
2026-09-10 07:07:01,871 INFO o.a.j.JMeter: Loading additional properties from: /tmp/tcc-benchmark-auth.MQlKfi/auth.properties
2026-09-10 07:07:01,871 INFO o.a.j.JMeter: Loading additional properties from: /home/avituo/projects/tcc/tcc-container/benchmark/results/laravel-13.20.0/final/order-show/c50/r3/monolith/thread-counters.properties
2026-09-10 07:07:01,872 INFO o.a.j.JMeter: Setting JMeter property: threads=50
2026-09-10 07:07:01,872 INFO o.a.j.JMeter: Setting JMeter property: duration_seconds=120
2026-09-10 07:07:01,872 INFO o.a.j.JMeter: Setting JMeter property: target_host=localhost
2026-09-10 07:07:01,872 INFO o.a.j.JMeter: Setting JMeter property: target_port=18000
2026-09-10 07:07:01,872 INFO o.a.j.JMeter: Setting JMeter property: tcc.order.id=1
2026-09-10 07:07:01,872 INFO o.a.j.JMeter: Setting JMeter property: repetition=3
2026-09-10 07:07:01,882 INFO o.a.j.JMeter: Copyright (c) 1998-2024 The Apache Software Foundation
2026-09-10 07:07:01,882 INFO o.a.j.JMeter: Version 5.6.3
2026-09-10 07:07:01,882 INFO o.a.j.JMeter: java.version=21.0.11
2026-09-10 07:07:01,882 INFO o.a.j.JMeter: java.vm.name=OpenJDK 64-Bit Server VM
2026-09-10 07:07:01,882 INFO o.a.j.JMeter: os.name=Linux
2026-09-10 07:07:01,882 INFO o.a.j.JMeter: os.arch=amd64
2026-09-10 07:07:01,882 INFO o.a.j.JMeter: os.version=7.0.11-76070011-generic
2026-09-10 07:07:01,882 INFO o.a.j.JMeter: file.encoding=UTF-8
2026-09-10 07:07:01,882 INFO o.a.j.JMeter: java.awt.headless=true
2026-09-10 07:07:01,882 INFO o.a.j.JMeter: Max memory     =1073741824
2026-09-10 07:07:01,882 INFO o.a.j.JMeter: Available Processors =16
2026-09-10 07:07:01,891 INFO o.a.j.JMeter: Default Locale=English (EN)
2026-09-10 07:07:01,892 INFO o.a.j.JMeter: JMeter  Locale=English (EN)
2026-09-10 07:07:01,892 INFO o.a.j.JMeter: JMeterHome=/home/avituo/projects/tcc/tcc-container/.tools/apache-jmeter-5.6.3
2026-09-10 07:07:01,892 INFO o.a.j.JMeter: user.dir  =/home/avituo/projects/tcc/tcc-container
2026-09-10 07:07:01,892 INFO o.a.j.JMeter: PWD       =/home/avituo/projects/tcc/tcc-container
2026-09-10 07:07:01,903 INFO o.a.j.JMeter: IP: 192.168.1.16 Name: pop-os FullName: pop-os.home
2026-09-10 07:07:01,915 INFO o.a.j.s.FileServer: Default base='/home/avituo/projects/tcc/tcc-container'
2026-09-10 07:07:01,917 INFO o.a.j.s.FileServer: Set new base='/home/avituo/projects/tcc/tcc-container/benchmark/jmeter'
2026-09-10 07:07:02,083 INFO o.a.j.s.SaveService: Testplan (JMX) version: 2.2. Testlog (JTL) version: 2.2
2026-09-10 07:07:02,108 INFO o.a.j.s.SaveService: Using SaveService properties version 5.0
2026-09-10 07:07:02,111 INFO o.a.j.s.SaveService: Using SaveService properties file encoding UTF-8
2026-09-10 07:07:02,115 INFO o.a.j.s.SaveService: Loading file: /home/avituo/projects/tcc/tcc-container/benchmark/jmeter/tcc-order-show-v1.jmx
2026-09-10 07:07:02,165 INFO o.a.j.p.h.s.HTTPSamplerBase: Parser for text/html is org.apache.jmeter.protocol.http.parser.LagartoBasedHtmlParser
2026-09-10 07:07:02,165 INFO o.a.j.p.h.s.HTTPSamplerBase: Parser for application/xhtml+xml is org.apache.jmeter.protocol.http.parser.LagartoBasedHtmlParser
2026-09-10 07:07:02,165 INFO o.a.j.p.h.s.HTTPSamplerBase: Parser for application/xml is org.apache.jmeter.protocol.http.parser.LagartoBasedHtmlParser
2026-09-10 07:07:02,165 INFO o.a.j.p.h.s.HTTPSamplerBase: Parser for text/xml is org.apache.jmeter.protocol.http.parser.LagartoBasedHtmlParser
2026-09-10 07:07:02,166 INFO o.a.j.p.h.s.HTTPSamplerBase: Parser for text/vnd.wap.wml is org.apache.jmeter.protocol.http.parser.RegexpHTMLParser
2026-09-10 07:07:02,166 INFO o.a.j.p.h.s.HTTPSamplerBase: Parser for text/css is org.apache.jmeter.protocol.http.parser.CssParser
2026-09-10 07:07:02,196 INFO o.a.j.JMeter: Creating summariser <summary>
2026-09-10 07:07:02,216 INFO o.a.j.e.StandardJMeterEngine: Running the test!
2026-09-10 07:07:02,217 INFO o.a.j.s.SampleEvent: List of sample_variables: []
2026-09-10 07:07:02,217 INFO o.a.j.s.SampleEvent: List of sample_variables: []
2026-09-10 07:07:02,223 INFO o.a.j.e.u.CompoundVariable: Note: Function class names must contain the string: '.functions.'
2026-09-10 07:07:02,223 INFO o.a.j.e.u.CompoundVariable: Note: Function class names must not contain the string: '.gui.'
2026-09-10 07:07:02,465 INFO o.a.j.JMeter: Running test (1789034822465)
2026-09-10 07:07:02,485 INFO o.a.j.e.StandardJMeterEngine: Starting ThreadGroup: 1 : TCC order-show
2026-09-10 07:07:02,485 INFO o.a.j.e.StandardJMeterEngine: Starting 50 threads for group TCC order-show.
2026-09-10 07:07:02,485 INFO o.a.j.e.StandardJMeterEngine: Thread will continue on error
2026-09-10 07:07:02,486 INFO o.a.j.t.ThreadGroup: Starting thread group... number=1 threads=50 ramp-up=0 delayedStart=false
2026-09-10 07:07:02,492 INFO o.a.j.t.JMeterThread: Thread started: TCC order-show 1-3
2026-09-10 07:07:02,492 INFO o.a.j.t.JMeterThread: Thread started: TCC order-show 1-1
2026-09-10 07:07:02,492 INFO o.a.j.t.JMeterThread: Thread started: TCC order-show 1-2
2026-09-10 07:07:02,493 INFO o.a.j.t.JMeterThread: Thread started: TCC order-show 1-5
2026-09-10 07:07:02,493 INFO o.a.j.t.JMeterThread: Thread started: TCC order-show 1-4
2026-09-10 07:07:02,492 INFO o.a.j.t.JMeterThread: Thread started: TCC order-show 1-6
2026-09-10 07:07:02,493 INFO o.a.j.t.JMeterThread: Thread started: TCC order-show 1-7
2026-09-10 07:07:02,494 INFO o.a.j.t.JMeterThread: Thread started: TCC order-show 1-8
2026-09-10 07:07:02,494 INFO o.a.j.t.JMeterThread: Thread started: TCC order-show 1-9
2026-09-10 07:07:02,495 INFO o.a.j.t.JMeterThread: Thread started: TCC order-show 1-10
2026-09-10 07:07:02,496 INFO o.a.j.t.JMeterThread: Thread started: TCC order-show 1-11
2026-09-10 07:07:02,496 INFO o.a.j.t.JMeterThread: Thread started: TCC order-show 1-12
2026-09-10 07:07:02,497 INFO o.a.j.t.JMeterThread: Thread started: TCC order-show 1-13
2026-09-10 07:07:02,498 INFO o.a.j.t.JMeterThread: Thread started: TCC order-show 1-14
2026-09-10 07:07:02,499 INFO o.a.j.t.JMeterThread: Thread started: TCC order-show 1-15
2026-09-10 07:07:02,500 INFO o.a.j.t.JMeterThread: Thread started: TCC order-show 1-16
2026-09-10 07:07:02,501 INFO o.a.j.t.JMeterThread: Thread started: TCC order-show 1-17
2026-09-10 07:07:02,502 INFO o.a.j.t.JMeterThread: Thread started: TCC order-show 1-18
2026-09-10 07:07:02,503 INFO o.a.j.t.JMeterThread: Thread started: TCC order-show 1-19
2026-09-10 07:07:02,503 INFO o.a.j.t.JMeterThread: Thread started: TCC order-show 1-20
2026-09-10 07:07:02,504 INFO o.a.j.t.JMeterThread: Thread started: TCC order-show 1-21
2026-09-10 07:07:02,504 INFO o.a.j.t.JMeterThread: Thread started: TCC order-show 1-22
2026-09-10 07:07:02,505 INFO o.a.j.t.JMeterThread: Thread started: TCC order-show 1-23
2026-09-10 07:07:02,505 INFO o.a.j.t.JMeterThread: Thread started: TCC order-show 1-24
2026-09-10 07:07:02,506 INFO o.a.j.t.JMeterThread: Thread started: TCC order-show 1-25
2026-09-10 07:07:02,507 INFO o.a.j.t.JMeterThread: Thread started: TCC order-show 1-26
2026-09-10 07:07:02,507 INFO o.a.j.t.JMeterThread: Thread started: TCC order-show 1-27
2026-09-10 07:07:02,508 INFO o.a.j.t.JMeterThread: Thread started: TCC order-show 1-28
2026-09-10 07:07:02,508 INFO o.a.j.t.JMeterThread: Thread started: TCC order-show 1-29
2026-09-10 07:07:02,509 INFO o.a.j.t.JMeterThread: Thread started: TCC order-show 1-30
2026-09-10 07:07:02,510 INFO o.a.j.t.JMeterThread: Thread started: TCC order-show 1-31
2026-09-10 07:07:02,510 INFO o.a.j.t.JMeterThread: Thread started: TCC order-show 1-32
2026-09-10 07:07:02,511 INFO o.a.j.t.JMeterThread: Thread started: TCC order-show 1-33
2026-09-10 07:07:02,511 INFO o.a.j.t.JMeterThread: Thread started: TCC order-show 1-34
2026-09-10 07:07:02,511 INFO o.a.j.t.JMeterThread: Thread started: TCC order-show 1-35
2026-09-10 07:07:02,512 INFO o.a.j.t.JMeterThread: Thread started: TCC order-show 1-36
2026-09-10 07:07:02,512 INFO o.a.j.t.JMeterThread: Thread started: TCC order-show 1-37
2026-09-10 07:07:02,513 INFO o.a.j.t.JMeterThread: Thread started: TCC order-show 1-38
2026-09-10 07:07:02,513 INFO o.a.j.t.JMeterThread: Thread started: TCC order-show 1-39
2026-09-10 07:07:02,514 INFO o.a.j.t.JMeterThread: Thread started: TCC order-show 1-40
2026-09-10 07:07:02,514 INFO o.a.j.t.JMeterThread: Thread started: TCC order-show 1-41
2026-09-10 07:07:02,515 INFO o.a.j.t.JMeterThread: Thread started: TCC order-show 1-42
2026-09-10 07:07:02,515 INFO o.a.j.p.h.s.HTTPHCAbstractImpl: Local host = pop-os
2026-09-10 07:07:02,515 INFO o.a.j.t.JMeterThread: Thread started: TCC order-show 1-43
2026-09-10 07:07:02,515 INFO o.a.j.t.JMeterThread: Thread started: TCC order-show 1-44
2026-09-10 07:07:02,516 INFO o.a.j.t.JMeterThread: Thread started: TCC order-show 1-45
2026-09-10 07:07:02,516 INFO o.a.j.t.JMeterThread: Thread started: TCC order-show 1-46
2026-09-10 07:07:02,517 INFO o.a.j.t.JMeterThread: Thread started: TCC order-show 1-47
2026-09-10 07:07:02,518 INFO o.a.j.t.JMeterThread: Thread started: TCC order-show 1-48
2026-09-10 07:07:02,518 INFO o.a.j.t.JMeterThread: Thread started: TCC order-show 1-49
2026-09-10 07:07:02,518 INFO o.a.j.t.ThreadGroup: Started thread group number 1
2026-09-10 07:07:02,519 INFO o.a.j.e.StandardJMeterEngine: All thread groups have been started
2026-09-10 07:07:02,519 INFO o.a.j.t.JMeterThread: Thread started: TCC order-show 1-50
2026-09-10 07:07:02,523 INFO o.a.j.p.h.s.HTTPHC4Impl: HTTP request retry count = 0
2026-09-10 07:07:02,525 INFO o.a.j.s.SampleResult: Note: Sample TimeStamps are START times
2026-09-10 07:07:02,525 INFO o.a.j.s.SampleResult: sampleresult.default.encoding is set to UTF-8
2026-09-10 07:07:02,525 INFO o.a.j.s.SampleResult: sampleresult.useNanoTime=true
2026-09-10 07:07:02,525 INFO o.a.j.s.SampleResult: sampleresult.nanoThreadSleep=5000
2026-09-10 07:07:03,654 INFO o.a.j.r.Summariser: summary +      1 in 00:00:01 =    0.8/s Avg:   634 Min:   634 Max:   634 Err:     0 (0.00%) Active: 50 Started: 50 Finished: 0
2026-09-10 07:07:30,000 INFO o.a.j.r.Summariser: summary +   2470 in 00:00:26 =   93.7/s Avg:   536 Min:    21 Max:   902 Err:     0 (0.00%) Active: 50 Started: 50 Finished: 0
2026-09-10 07:07:30,000 INFO o.a.j.r.Summariser: summary =   2471 in 00:00:28 =   89.7/s Avg:   536 Min:    21 Max:   902 Err:     0 (0.00%)
2026-09-10 07:08:00,009 INFO o.a.j.r.Summariser: summary +   2756 in 00:00:30 =   91.8/s Avg:   543 Min:   515 Max:   633 Err:     0 (0.00%) Active: 50 Started: 50 Finished: 0
2026-09-10 07:08:00,009 INFO o.a.j.r.Summariser: summary =   5227 in 00:00:58 =   90.8/s Avg:   540 Min:    21 Max:   902 Err:     0 (0.00%)
2026-09-10 07:08:30,001 INFO o.a.j.r.Summariser: summary +   2774 in 00:00:30 =   92.5/s Avg:   540 Min:   502 Max:   713 Err:     0 (0.00%) Active: 50 Started: 50 Finished: 0
2026-09-10 07:08:30,001 INFO o.a.j.r.Summariser: summary =   8001 in 00:01:28 =   91.4/s Avg:   540 Min:    21 Max:   902 Err:     0 (0.00%)
2026-09-10 07:09:00,000 INFO o.a.j.r.Summariser: summary +   2827 in 00:00:30 =   94.2/s Avg:   530 Min:   495 Max:   609 Err:     0 (0.00%) Active: 50 Started: 50 Finished: 0
2026-09-10 07:09:00,000 INFO o.a.j.r.Summariser: summary =  10828 in 00:01:58 =   92.1/s Avg:   537 Min:    21 Max:   902 Err:     0 (0.00%)
2026-09-10 07:09:02,500 INFO o.a.j.t.JMeterThread: Stopping because end time detected by thread: TCC order-show 1-4
2026-09-10 07:09:02,500 INFO o.a.j.t.JMeterThread: Thread finished: TCC order-show 1-4
2026-09-10 07:09:02,511 INFO o.a.j.t.JMeterThread: Stopping because end time detected by thread: TCC order-show 1-12
2026-09-10 07:09:02,511 INFO o.a.j.t.JMeterThread: Thread finished: TCC order-show 1-12
2026-09-10 07:09:02,522 INFO o.a.j.t.JMeterThread: Stopping because end time detected by thread: TCC order-show 1-35
2026-09-10 07:09:02,522 INFO o.a.j.t.JMeterThread: Thread finished: TCC order-show 1-35
2026-09-10 07:09:02,533 INFO o.a.j.t.JMeterThread: Stopping because end time detected by thread: TCC order-show 1-46
2026-09-10 07:09:02,533 INFO o.a.j.t.JMeterThread: Thread finished: TCC order-show 1-46
2026-09-10 07:09:02,544 INFO o.a.j.t.JMeterThread: Stopping because end time detected by thread: TCC order-show 1-31
2026-09-10 07:09:02,544 INFO o.a.j.t.JMeterThread: Thread finished: TCC order-show 1-31
2026-09-10 07:09:02,555 INFO o.a.j.t.JMeterThread: Stopping because end time detected by thread: TCC order-show 1-39
2026-09-10 07:09:02,555 INFO o.a.j.t.JMeterThread: Thread finished: TCC order-show 1-39
2026-09-10 07:09:02,565 INFO o.a.j.t.JMeterThread: Stopping because end time detected by thread: TCC order-show 1-9
2026-09-10 07:09:02,565 INFO o.a.j.t.JMeterThread: Thread finished: TCC order-show 1-9
2026-09-10 07:09:02,576 INFO o.a.j.t.JMeterThread: Stopping because end time detected by thread: TCC order-show 1-28
2026-09-10 07:09:02,576 INFO o.a.j.t.JMeterThread: Thread finished: TCC order-show 1-28
2026-09-10 07:09:02,586 INFO o.a.j.t.JMeterThread: Stopping because end time detected by thread: TCC order-show 1-23
2026-09-10 07:09:02,587 INFO o.a.j.t.JMeterThread: Thread finished: TCC order-show 1-23
2026-09-10 07:09:02,597 INFO o.a.j.t.JMeterThread: Stopping because end time detected by thread: TCC order-show 1-26
2026-09-10 07:09:02,597 INFO o.a.j.t.JMeterThread: Thread finished: TCC order-show 1-26
2026-09-10 07:09:02,607 INFO o.a.j.t.JMeterThread: Stopping because end time detected by thread: TCC order-show 1-34
2026-09-10 07:09:02,607 INFO o.a.j.t.JMeterThread: Thread finished: TCC order-show 1-34
2026-09-10 07:09:02,617 INFO o.a.j.t.JMeterThread: Stopping because end time detected by thread: TCC order-show 1-19
2026-09-10 07:09:02,617 INFO o.a.j.t.JMeterThread: Thread finished: TCC order-show 1-19
2026-09-10 07:09:02,628 INFO o.a.j.t.JMeterThread: Stopping because end time detected by thread: TCC order-show 1-17
2026-09-10 07:09:02,628 INFO o.a.j.t.JMeterThread: Thread finished: TCC order-show 1-17
2026-09-10 07:09:02,639 INFO o.a.j.t.JMeterThread: Stopping because end time detected by thread: TCC order-show 1-33
2026-09-10 07:09:02,639 INFO o.a.j.t.JMeterThread: Thread finished: TCC order-show 1-33
2026-09-10 07:09:02,651 INFO o.a.j.t.JMeterThread: Stopping because end time detected by thread: TCC order-show 1-2
2026-09-10 07:09:02,651 INFO o.a.j.t.JMeterThread: Thread finished: TCC order-show 1-2
2026-09-10 07:09:02,662 INFO o.a.j.t.JMeterThread: Stopping because end time detected by thread: TCC order-show 1-29
2026-09-10 07:09:02,662 INFO o.a.j.t.JMeterThread: Thread finished: TCC order-show 1-29
2026-09-10 07:09:02,672 INFO o.a.j.t.JMeterThread: Stopping because end time detected by thread: TCC order-show 1-16
2026-09-10 07:09:02,673 INFO o.a.j.t.JMeterThread: Thread finished: TCC order-show 1-16
2026-09-10 07:09:02,683 INFO o.a.j.t.JMeterThread: Stopping because end time detected by thread: TCC order-show 1-6
2026-09-10 07:09:02,683 INFO o.a.j.t.JMeterThread: Thread finished: TCC order-show 1-6
2026-09-10 07:09:02,693 INFO o.a.j.t.JMeterThread: Stopping because end time detected by thread: TCC order-show 1-25
2026-09-10 07:09:02,693 INFO o.a.j.t.JMeterThread: Thread finished: TCC order-show 1-25
2026-09-10 07:09:02,704 INFO o.a.j.t.JMeterThread: Stopping because end time detected by thread: TCC order-show 1-40
2026-09-10 07:09:02,704 INFO o.a.j.t.JMeterThread: Thread finished: TCC order-show 1-40
2026-09-10 07:09:02,714 INFO o.a.j.t.JMeterThread: Stopping because end time detected by thread: TCC order-show 1-15
2026-09-10 07:09:02,714 INFO o.a.j.t.JMeterThread: Thread finished: TCC order-show 1-15
2026-09-10 07:09:02,724 INFO o.a.j.t.JMeterThread: Stopping because end time detected by thread: TCC order-show 1-1
2026-09-10 07:09:02,724 INFO o.a.j.t.JMeterThread: Thread finished: TCC order-show 1-1
2026-09-10 07:09:02,734 INFO o.a.j.t.JMeterThread: Stopping because end time detected by thread: TCC order-show 1-21
2026-09-10 07:09:02,735 INFO o.a.j.t.JMeterThread: Thread finished: TCC order-show 1-21
2026-09-10 07:09:02,745 INFO o.a.j.t.JMeterThread: Stopping because end time detected by thread: TCC order-show 1-38
2026-09-10 07:09:02,745 INFO o.a.j.t.JMeterThread: Thread finished: TCC order-show 1-38
2026-09-10 07:09:02,755 INFO o.a.j.t.JMeterThread: Stopping because end time detected by thread: TCC order-show 1-20
2026-09-10 07:09:02,755 INFO o.a.j.t.JMeterThread: Thread finished: TCC order-show 1-20
2026-09-10 07:09:02,766 INFO o.a.j.t.JMeterThread: Stopping because end time detected by thread: TCC order-show 1-32
2026-09-10 07:09:02,766 INFO o.a.j.t.JMeterThread: Thread finished: TCC order-show 1-32
2026-09-10 07:09:02,776 INFO o.a.j.t.JMeterThread: Stopping because end time detected by thread: TCC order-show 1-48
2026-09-10 07:09:02,777 INFO o.a.j.t.JMeterThread: Thread finished: TCC order-show 1-48
2026-09-10 07:09:02,787 INFO o.a.j.t.JMeterThread: Stopping because end time detected by thread: TCC order-show 1-14
2026-09-10 07:09:02,787 INFO o.a.j.t.JMeterThread: Thread finished: TCC order-show 1-14
2026-09-10 07:09:02,797 INFO o.a.j.t.JMeterThread: Stopping because end time detected by thread: TCC order-show 1-11
2026-09-10 07:09:02,797 INFO o.a.j.t.JMeterThread: Thread finished: TCC order-show 1-11
2026-09-10 07:09:02,808 INFO o.a.j.t.JMeterThread: Stopping because end time detected by thread: TCC order-show 1-44
2026-09-10 07:09:02,808 INFO o.a.j.t.JMeterThread: Thread finished: TCC order-show 1-44
2026-09-10 07:09:02,819 INFO o.a.j.t.JMeterThread: Stopping because end time detected by thread: TCC order-show 1-22
2026-09-10 07:09:02,819 INFO o.a.j.t.JMeterThread: Thread finished: TCC order-show 1-22
2026-09-10 07:09:02,831 INFO o.a.j.t.JMeterThread: Stopping because end time detected by thread: TCC order-show 1-36
2026-09-10 07:09:02,831 INFO o.a.j.t.JMeterThread: Thread finished: TCC order-show 1-36
2026-09-10 07:09:02,841 INFO o.a.j.t.JMeterThread: Stopping because end time detected by thread: TCC order-show 1-3
2026-09-10 07:09:02,841 INFO o.a.j.t.JMeterThread: Thread finished: TCC order-show 1-3
2026-09-10 07:09:02,851 INFO o.a.j.t.JMeterThread: Stopping because end time detected by thread: TCC order-show 1-41
2026-09-10 07:09:02,852 INFO o.a.j.t.JMeterThread: Thread finished: TCC order-show 1-41
2026-09-10 07:09:02,863 INFO o.a.j.t.JMeterThread: Stopping because end time detected by thread: TCC order-show 1-45
2026-09-10 07:09:02,863 INFO o.a.j.t.JMeterThread: Thread finished: TCC order-show 1-45
2026-09-10 07:09:02,873 INFO o.a.j.t.JMeterThread: Stopping because end time detected by thread: TCC order-show 1-47
2026-09-10 07:09:02,873 INFO o.a.j.t.JMeterThread: Thread finished: TCC order-show 1-47
2026-09-10 07:09:02,883 INFO o.a.j.t.JMeterThread: Stopping because end time detected by thread: TCC order-show 1-24
2026-09-10 07:09:02,884 INFO o.a.j.t.JMeterThread: Thread finished: TCC order-show 1-24
2026-09-10 07:09:02,894 INFO o.a.j.t.JMeterThread: Stopping because end time detected by thread: TCC order-show 1-8
2026-09-10 07:09:02,894 INFO o.a.j.t.JMeterThread: Thread finished: TCC order-show 1-8
2026-09-10 07:09:02,903 INFO o.a.j.t.JMeterThread: Stopping because end time detected by thread: TCC order-show 1-5
2026-09-10 07:09:02,904 INFO o.a.j.t.JMeterThread: Thread finished: TCC order-show 1-5
2026-09-10 07:09:02,913 INFO o.a.j.t.JMeterThread: Stopping because end time detected by thread: TCC order-show 1-18
2026-09-10 07:09:02,914 INFO o.a.j.t.JMeterThread: Thread finished: TCC order-show 1-18
2026-09-10 07:09:02,924 INFO o.a.j.t.JMeterThread: Stopping because end time detected by thread: TCC order-show 1-30
2026-09-10 07:09:02,924 INFO o.a.j.t.JMeterThread: Thread finished: TCC order-show 1-30
2026-09-10 07:09:02,934 INFO o.a.j.t.JMeterThread: Stopping because end time detected by thread: TCC order-show 1-10
2026-09-10 07:09:02,934 INFO o.a.j.t.JMeterThread: Thread finished: TCC order-show 1-10
2026-09-10 07:09:02,945 INFO o.a.j.t.JMeterThread: Stopping because end time detected by thread: TCC order-show 1-13
2026-09-10 07:09:02,945 INFO o.a.j.t.JMeterThread: Thread finished: TCC order-show 1-13
2026-09-10 07:09:02,955 INFO o.a.j.t.JMeterThread: Stopping because end time detected by thread: TCC order-show 1-37
2026-09-10 07:09:02,955 INFO o.a.j.t.JMeterThread: Thread finished: TCC order-show 1-37
2026-09-10 07:09:02,965 INFO o.a.j.t.JMeterThread: Stopping because end time detected by thread: TCC order-show 1-43
2026-09-10 07:09:02,966 INFO o.a.j.t.JMeterThread: Thread finished: TCC order-show 1-43
2026-09-10 07:09:02,976 INFO o.a.j.t.JMeterThread: Stopping because end time detected by thread: TCC order-show 1-27
2026-09-10 07:09:02,976 INFO o.a.j.t.JMeterThread: Thread finished: TCC order-show 1-27
2026-09-10 07:09:02,986 INFO o.a.j.t.JMeterThread: Stopping because end time detected by thread: TCC order-show 1-49
2026-09-10 07:09:02,986 INFO o.a.j.t.JMeterThread: Thread finished: TCC order-show 1-49
2026-09-10 07:09:02,997 INFO o.a.j.t.JMeterThread: Stopping because end time detected by thread: TCC order-show 1-7
2026-09-10 07:09:02,997 INFO o.a.j.t.JMeterThread: Thread finished: TCC order-show 1-7
2026-09-10 07:09:03,014 INFO o.a.j.t.JMeterThread: Stopping because end time detected by thread: TCC order-show 1-42
2026-09-10 07:09:03,014 INFO o.a.j.t.JMeterThread: Thread finished: TCC order-show 1-42
2026-09-10 07:09:03,025 INFO o.a.j.t.JMeterThread: Stopping because end time detected by thread: TCC order-show 1-50
2026-09-10 07:09:03,025 INFO o.a.j.t.JMeterThread: Thread finished: TCC order-show 1-50
2026-09-10 07:09:03,025 INFO o.a.j.e.StandardJMeterEngine: Notifying test listeners of end of test
2026-09-10 07:09:03,028 INFO o.a.j.r.Summariser: summary +    281 in 00:00:03 =   92.8/s Avg:   537 Min:   515 Max:   557 Err:     0 (0.00%) Active: 0 Started: 50 Finished: 50
2026-09-10 07:09:03,029 INFO o.a.j.r.Summariser: summary =  11109 in 00:02:01 =   92.1/s Avg:   537 Min:    21 Max:   902 Err:     0 (0.00%)
