2026-09-10 07:06:26,384 INFO o.a.j.u.JMeterUtils: Setting Locale to en_EN
2026-09-10 07:06:26,402 INFO o.a.j.JMeter: Loading user properties from: /home/avituo/projects/tcc/tcc-container/.tools/apache-jmeter-5.6.3/bin/user.properties
2026-09-10 07:06:26,402 INFO o.a.j.JMeter: Loading system properties from: /home/avituo/projects/tcc/tcc-container/.tools/apache-jmeter-5.6.3/bin/system.properties
2026-09-10 07:06:26,402 INFO o.a.j.JMeter: Loading additional properties from: /home/avituo/projects/tcc/tcc-container/benchmark/jmeter/benchmark.properties
2026-09-10 07:06:26,402 INFO o.a.j.JMeter: Loading additional properties from: /tmp/tcc-benchmark-auth.MQlKfi/auth.properties
2026-09-10 07:06:26,403 INFO o.a.j.JMeter: Setting JMeter property: threads=50
2026-09-10 07:06:26,403 INFO o.a.j.JMeter: Setting JMeter property: duration_seconds=30
2026-09-10 07:06:26,403 INFO o.a.j.JMeter: Setting JMeter property: target_host=localhost
2026-09-10 07:06:26,403 INFO o.a.j.JMeter: Setting JMeter property: target_port=18000
2026-09-10 07:06:26,403 INFO o.a.j.JMeter: Setting JMeter property: tcc.order.id=1
2026-09-10 07:06:26,403 INFO o.a.j.JMeter: Setting JMeter property: repetition=3
2026-09-10 07:06:26,409 INFO o.a.j.JMeter: Copyright (c) 1998-2024 The Apache Software Foundation
2026-09-10 07:06:26,409 INFO o.a.j.JMeter: Version 5.6.3
2026-09-10 07:06:26,409 INFO o.a.j.JMeter: java.version=21.0.11
2026-09-10 07:06:26,409 INFO o.a.j.JMeter: java.vm.name=OpenJDK 64-Bit Server VM
2026-09-10 07:06:26,409 INFO o.a.j.JMeter: os.name=Linux
2026-09-10 07:06:26,409 INFO o.a.j.JMeter: os.arch=amd64
2026-09-10 07:06:26,409 INFO o.a.j.JMeter: os.version=7.0.11-76070011-generic
2026-09-10 07:06:26,409 INFO o.a.j.JMeter: file.encoding=UTF-8
2026-09-10 07:06:26,409 INFO o.a.j.JMeter: java.awt.headless=true
2026-09-10 07:06:26,409 INFO o.a.j.JMeter: Max memory     =1073741824
2026-09-10 07:06:26,409 INFO o.a.j.JMeter: Available Processors =16
2026-09-10 07:06:26,419 INFO o.a.j.JMeter: Default Locale=English (EN)
2026-09-10 07:06:26,419 INFO o.a.j.JMeter: JMeter  Locale=English (EN)
2026-09-10 07:06:26,419 INFO o.a.j.JMeter: JMeterHome=/home/avituo/projects/tcc/tcc-container/.tools/apache-jmeter-5.6.3
2026-09-10 07:06:26,419 INFO o.a.j.JMeter: user.dir  =/home/avituo/projects/tcc/tcc-container
2026-09-10 07:06:26,419 INFO o.a.j.JMeter: PWD       =/home/avituo/projects/tcc/tcc-container
2026-09-10 07:06:26,427 INFO o.a.j.JMeter: IP: 192.168.1.16 Name: pop-os FullName: pop-os.home
2026-09-10 07:06:26,439 INFO o.a.j.s.FileServer: Default base='/home/avituo/projects/tcc/tcc-container'
2026-09-10 07:06:26,441 INFO o.a.j.s.FileServer: Set new base='/home/avituo/projects/tcc/tcc-container/benchmark/jmeter'
2026-09-10 07:06:26,617 INFO o.a.j.s.SaveService: Testplan (JMX) version: 2.2. Testlog (JTL) version: 2.2
2026-09-10 07:06:26,642 INFO o.a.j.s.SaveService: Using SaveService properties version 5.0
2026-09-10 07:06:26,645 INFO o.a.j.s.SaveService: Using SaveService properties file encoding UTF-8
2026-09-10 07:06:26,649 INFO o.a.j.s.SaveService: Loading file: /home/avituo/projects/tcc/tcc-container/benchmark/jmeter/tcc-order-show-v1.jmx
2026-09-10 07:06:26,700 INFO o.a.j.p.h.s.HTTPSamplerBase: Parser for text/html is org.apache.jmeter.protocol.http.parser.LagartoBasedHtmlParser
2026-09-10 07:06:26,700 INFO o.a.j.p.h.s.HTTPSamplerBase: Parser for application/xhtml+xml is org.apache.jmeter.protocol.http.parser.LagartoBasedHtmlParser
2026-09-10 07:06:26,700 INFO o.a.j.p.h.s.HTTPSamplerBase: Parser for application/xml is org.apache.jmeter.protocol.http.parser.LagartoBasedHtmlParser
2026-09-10 07:06:26,700 INFO o.a.j.p.h.s.HTTPSamplerBase: Parser for text/xml is org.apache.jmeter.protocol.http.parser.LagartoBasedHtmlParser
2026-09-10 07:06:26,700 INFO o.a.j.p.h.s.HTTPSamplerBase: Parser for text/vnd.wap.wml is org.apache.jmeter.protocol.http.parser.RegexpHTMLParser
2026-09-10 07:06:26,700 INFO o.a.j.p.h.s.HTTPSamplerBase: Parser for text/css is org.apache.jmeter.protocol.http.parser.CssParser
2026-09-10 07:06:26,730 INFO o.a.j.JMeter: Creating summariser <summary>
2026-09-10 07:06:26,747 INFO o.a.j.e.StandardJMeterEngine: Running the test!
2026-09-10 07:06:26,748 INFO o.a.j.s.SampleEvent: List of sample_variables: []
2026-09-10 07:06:26,748 INFO o.a.j.s.SampleEvent: List of sample_variables: []
2026-09-10 07:06:26,753 INFO o.a.j.e.u.CompoundVariable: Note: Function class names must contain the string: '.functions.'
2026-09-10 07:06:26,753 INFO o.a.j.e.u.CompoundVariable: Note: Function class names must not contain the string: '.gui.'
2026-09-10 07:06:26,991 INFO o.a.j.JMeter: Running test (1789034786991)
2026-09-10 07:06:27,011 INFO o.a.j.e.StandardJMeterEngine: Starting ThreadGroup: 1 : TCC order-show
2026-09-10 07:06:27,011 INFO o.a.j.e.StandardJMeterEngine: Starting 50 threads for group TCC order-show.
2026-09-10 07:06:27,011 INFO o.a.j.e.StandardJMeterEngine: Thread will continue on error
2026-09-10 07:06:27,011 INFO o.a.j.t.ThreadGroup: Starting thread group... number=1 threads=50 ramp-up=0 delayedStart=false
2026-09-10 07:06:27,018 INFO o.a.j.t.JMeterThread: Thread started: TCC order-show 1-5
2026-09-10 07:06:27,018 INFO o.a.j.t.JMeterThread: Thread started: TCC order-show 1-2
2026-09-10 07:06:27,018 INFO o.a.j.t.JMeterThread: Thread started: TCC order-show 1-1
2026-09-10 07:06:27,018 INFO o.a.j.t.JMeterThread: Thread started: TCC order-show 1-4
2026-09-10 07:06:27,018 INFO o.a.j.t.JMeterThread: Thread started: TCC order-show 1-3
2026-09-10 07:06:27,018 INFO o.a.j.t.JMeterThread: Thread started: TCC order-show 1-6
2026-09-10 07:06:27,019 INFO o.a.j.t.JMeterThread: Thread started: TCC order-show 1-7
2026-09-10 07:06:27,020 INFO o.a.j.t.JMeterThread: Thread started: TCC order-show 1-8
2026-09-10 07:06:27,020 INFO o.a.j.t.JMeterThread: Thread started: TCC order-show 1-9
2026-09-10 07:06:27,021 INFO o.a.j.t.JMeterThread: Thread started: TCC order-show 1-10
2026-09-10 07:06:27,022 INFO o.a.j.t.JMeterThread: Thread started: TCC order-show 1-11
2026-09-10 07:06:27,022 INFO o.a.j.t.JMeterThread: Thread started: TCC order-show 1-12
2026-09-10 07:06:27,023 INFO o.a.j.t.JMeterThread: Thread started: TCC order-show 1-13
2026-09-10 07:06:27,027 INFO o.a.j.t.JMeterThread: Thread started: TCC order-show 1-14
2026-09-10 07:06:27,028 INFO o.a.j.t.JMeterThread: Thread started: TCC order-show 1-15
2026-09-10 07:06:27,029 INFO o.a.j.t.JMeterThread: Thread started: TCC order-show 1-16
2026-09-10 07:06:27,030 INFO o.a.j.t.JMeterThread: Thread started: TCC order-show 1-17
2026-09-10 07:06:27,031 INFO o.a.j.t.JMeterThread: Thread started: TCC order-show 1-18
2026-09-10 07:06:27,031 INFO o.a.j.t.JMeterThread: Thread started: TCC order-show 1-19
2026-09-10 07:06:27,032 INFO o.a.j.t.JMeterThread: Thread started: TCC order-show 1-20
2026-09-10 07:06:27,033 INFO o.a.j.t.JMeterThread: Thread started: TCC order-show 1-21
2026-09-10 07:06:27,033 INFO o.a.j.t.JMeterThread: Thread started: TCC order-show 1-22
2026-09-10 07:06:27,034 INFO o.a.j.t.JMeterThread: Thread started: TCC order-show 1-23
2026-09-10 07:06:27,035 INFO o.a.j.t.JMeterThread: Thread started: TCC order-show 1-24
2026-09-10 07:06:27,035 INFO o.a.j.t.JMeterThread: Thread started: TCC order-show 1-25
2026-09-10 07:06:27,036 INFO o.a.j.t.JMeterThread: Thread started: TCC order-show 1-26
2026-09-10 07:06:27,037 INFO o.a.j.t.JMeterThread: Thread started: TCC order-show 1-27
2026-09-10 07:06:27,037 INFO o.a.j.t.JMeterThread: Thread started: TCC order-show 1-28
2026-09-10 07:06:27,038 INFO o.a.j.t.JMeterThread: Thread started: TCC order-show 1-29
2026-09-10 07:06:27,038 INFO o.a.j.t.JMeterThread: Thread started: TCC order-show 1-30
2026-09-10 07:06:27,039 INFO o.a.j.t.JMeterThread: Thread started: TCC order-show 1-31
2026-09-10 07:06:27,040 INFO o.a.j.t.JMeterThread: Thread started: TCC order-show 1-32
2026-09-10 07:06:27,040 INFO o.a.j.t.JMeterThread: Thread started: TCC order-show 1-33
2026-09-10 07:06:27,041 INFO o.a.j.t.JMeterThread: Thread started: TCC order-show 1-34
2026-09-10 07:06:27,041 INFO o.a.j.t.JMeterThread: Thread started: TCC order-show 1-35
2026-09-10 07:06:27,041 INFO o.a.j.p.h.s.HTTPHCAbstractImpl: Local host = pop-os
2026-09-10 07:06:27,042 INFO o.a.j.t.JMeterThread: Thread started: TCC order-show 1-36
2026-09-10 07:06:27,042 INFO o.a.j.t.JMeterThread: Thread started: TCC order-show 1-37
2026-09-10 07:06:27,043 INFO o.a.j.t.JMeterThread: Thread started: TCC order-show 1-38
2026-09-10 07:06:27,043 INFO o.a.j.t.JMeterThread: Thread started: TCC order-show 1-39
2026-09-10 07:06:27,044 INFO o.a.j.t.JMeterThread: Thread started: TCC order-show 1-40
2026-09-10 07:06:27,044 INFO o.a.j.t.JMeterThread: Thread started: TCC order-show 1-41
2026-09-10 07:06:27,045 INFO o.a.j.t.JMeterThread: Thread started: TCC order-show 1-42
2026-09-10 07:06:27,046 INFO o.a.j.t.JMeterThread: Thread started: TCC order-show 1-43
2026-09-10 07:06:27,046 INFO o.a.j.t.JMeterThread: Thread started: TCC order-show 1-44
2026-09-10 07:06:27,047 INFO o.a.j.t.JMeterThread: Thread started: TCC order-show 1-45
2026-09-10 07:06:27,047 INFO o.a.j.t.JMeterThread: Thread started: TCC order-show 1-46
2026-09-10 07:06:27,048 INFO o.a.j.t.JMeterThread: Thread started: TCC order-show 1-47
2026-09-10 07:06:27,048 INFO o.a.j.t.JMeterThread: Thread started: TCC order-show 1-48
2026-09-10 07:06:27,049 INFO o.a.j.t.JMeterThread: Thread started: TCC order-show 1-49
2026-09-10 07:06:27,049 INFO o.a.j.t.ThreadGroup: Started thread group number 1
2026-09-10 07:06:27,049 INFO o.a.j.e.StandardJMeterEngine: All thread groups have been started
2026-09-10 07:06:27,049 INFO o.a.j.t.JMeterThread: Thread started: TCC order-show 1-50
2026-09-10 07:06:27,051 INFO o.a.j.p.h.s.HTTPHC4Impl: HTTP request retry count = 0
2026-09-10 07:06:27,052 INFO o.a.j.s.SampleResult: Note: Sample TimeStamps are START times
2026-09-10 07:06:27,053 INFO o.a.j.s.SampleResult: sampleresult.default.encoding is set to UTF-8
2026-09-10 07:06:27,053 INFO o.a.j.s.SampleResult: sampleresult.useNanoTime=true
2026-09-10 07:06:27,053 INFO o.a.j.s.SampleResult: sampleresult.nanoThreadSleep=5000
2026-09-10 07:06:30,016 INFO o.a.j.r.Summariser: summary +    211 in 00:00:03 =   69.8/s Avg:   480 Min:    26 Max:   890 Err:     0 (0.00%) Active: 50 Started: 50 Finished: 0
2026-09-10 07:06:57,037 INFO o.a.j.t.JMeterThread: Stopping because end time detected by thread: TCC order-show 1-18
2026-09-10 07:06:57,038 INFO o.a.j.t.JMeterThread: Thread finished: TCC order-show 1-18
2026-09-10 07:06:57,048 INFO o.a.j.t.JMeterThread: Stopping because end time detected by thread: TCC order-show 1-41
2026-09-10 07:06:57,048 INFO o.a.j.t.JMeterThread: Thread finished: TCC order-show 1-41
2026-09-10 07:06:57,059 INFO o.a.j.t.JMeterThread: Stopping because end time detected by thread: TCC order-show 1-27
2026-09-10 07:06:57,059 INFO o.a.j.t.JMeterThread: Thread finished: TCC order-show 1-27
2026-09-10 07:06:57,070 INFO o.a.j.t.JMeterThread: Stopping because end time detected by thread: TCC order-show 1-19
2026-09-10 07:06:57,070 INFO o.a.j.t.JMeterThread: Thread finished: TCC order-show 1-19
2026-09-10 07:06:57,082 INFO o.a.j.t.JMeterThread: Stopping because end time detected by thread: TCC order-show 1-24
2026-09-10 07:06:57,082 INFO o.a.j.t.JMeterThread: Thread finished: TCC order-show 1-24
2026-09-10 07:06:57,092 INFO o.a.j.t.JMeterThread: Stopping because end time detected by thread: TCC order-show 1-49
2026-09-10 07:06:57,093 INFO o.a.j.t.JMeterThread: Thread finished: TCC order-show 1-49
2026-09-10 07:06:57,103 INFO o.a.j.t.JMeterThread: Stopping because end time detected by thread: TCC order-show 1-7
2026-09-10 07:06:57,103 INFO o.a.j.t.JMeterThread: Thread finished: TCC order-show 1-7
2026-09-10 07:06:57,113 INFO o.a.j.t.JMeterThread: Stopping because end time detected by thread: TCC order-show 1-35
2026-09-10 07:06:57,113 INFO o.a.j.t.JMeterThread: Thread finished: TCC order-show 1-35
2026-09-10 07:06:57,124 INFO o.a.j.t.JMeterThread: Stopping because end time detected by thread: TCC order-show 1-16
2026-09-10 07:06:57,124 INFO o.a.j.t.JMeterThread: Thread finished: TCC order-show 1-16
2026-09-10 07:06:57,133 INFO o.a.j.t.JMeterThread: Stopping because end time detected by thread: TCC order-show 1-46
2026-09-10 07:06:57,133 INFO o.a.j.t.JMeterThread: Thread finished: TCC order-show 1-46
2026-09-10 07:06:57,144 INFO o.a.j.t.JMeterThread: Stopping because end time detected by thread: TCC order-show 1-3
2026-09-10 07:06:57,144 INFO o.a.j.t.JMeterThread: Thread finished: TCC order-show 1-3
2026-09-10 07:06:57,153 INFO o.a.j.t.JMeterThread: Stopping because end time detected by thread: TCC order-show 1-38
2026-09-10 07:06:57,154 INFO o.a.j.t.JMeterThread: Thread finished: TCC order-show 1-38
2026-09-10 07:06:57,164 INFO o.a.j.t.JMeterThread: Stopping because end time detected by thread: TCC order-show 1-50
2026-09-10 07:06:57,165 INFO o.a.j.t.JMeterThread: Thread finished: TCC order-show 1-50
2026-09-10 07:06:57,175 INFO o.a.j.t.JMeterThread: Stopping because end time detected by thread: TCC order-show 1-14
2026-09-10 07:06:57,175 INFO o.a.j.t.JMeterThread: Thread finished: TCC order-show 1-14
2026-09-10 07:06:57,185 INFO o.a.j.t.JMeterThread: Stopping because end time detected by thread: TCC order-show 1-11
2026-09-10 07:06:57,185 INFO o.a.j.t.JMeterThread: Thread finished: TCC order-show 1-11
2026-09-10 07:06:57,195 INFO o.a.j.t.JMeterThread: Stopping because end time detected by thread: TCC order-show 1-32
2026-09-10 07:06:57,195 INFO o.a.j.t.JMeterThread: Thread finished: TCC order-show 1-32
2026-09-10 07:06:57,206 INFO o.a.j.t.JMeterThread: Stopping because end time detected by thread: TCC order-show 1-28
2026-09-10 07:06:57,206 INFO o.a.j.t.JMeterThread: Thread finished: TCC order-show 1-28
2026-09-10 07:06:57,216 INFO o.a.j.t.JMeterThread: Stopping because end time detected by thread: TCC order-show 1-30
2026-09-10 07:06:57,216 INFO o.a.j.t.JMeterThread: Thread finished: TCC order-show 1-30
2026-09-10 07:06:57,228 INFO o.a.j.t.JMeterThread: Stopping because end time detected by thread: TCC order-show 1-36
2026-09-10 07:06:57,228 INFO o.a.j.t.JMeterThread: Thread finished: TCC order-show 1-36
2026-09-10 07:06:57,238 INFO o.a.j.t.JMeterThread: Stopping because end time detected by thread: TCC order-show 1-40
2026-09-10 07:06:57,238 INFO o.a.j.t.JMeterThread: Thread finished: TCC order-show 1-40
2026-09-10 07:06:57,250 INFO o.a.j.t.JMeterThread: Stopping because end time detected by thread: TCC order-show 1-13
2026-09-10 07:06:57,250 INFO o.a.j.t.JMeterThread: Thread finished: TCC order-show 1-13
2026-09-10 07:06:57,260 INFO o.a.j.t.JMeterThread: Stopping because end time detected by thread: TCC order-show 1-43
2026-09-10 07:06:57,260 INFO o.a.j.t.JMeterThread: Thread finished: TCC order-show 1-43
2026-09-10 07:06:57,271 INFO o.a.j.t.JMeterThread: Stopping because end time detected by thread: TCC order-show 1-37
2026-09-10 07:06:57,271 INFO o.a.j.t.JMeterThread: Thread finished: TCC order-show 1-37
2026-09-10 07:06:57,282 INFO o.a.j.t.JMeterThread: Stopping because end time detected by thread: TCC order-show 1-12
2026-09-10 07:06:57,282 INFO o.a.j.t.JMeterThread: Thread finished: TCC order-show 1-12
2026-09-10 07:06:57,293 INFO o.a.j.t.JMeterThread: Stopping because end time detected by thread: TCC order-show 1-5
2026-09-10 07:06:57,293 INFO o.a.j.t.JMeterThread: Thread finished: TCC order-show 1-5
2026-09-10 07:06:57,304 INFO o.a.j.t.JMeterThread: Stopping because end time detected by thread: TCC order-show 1-20
2026-09-10 07:06:57,304 INFO o.a.j.t.JMeterThread: Thread finished: TCC order-show 1-20
2026-09-10 07:06:57,315 INFO o.a.j.t.JMeterThread: Stopping because end time detected by thread: TCC order-show 1-8
2026-09-10 07:06:57,315 INFO o.a.j.t.JMeterThread: Thread finished: TCC order-show 1-8
2026-09-10 07:06:57,325 INFO o.a.j.t.JMeterThread: Stopping because end time detected by thread: TCC order-show 1-44
2026-09-10 07:06:57,325 INFO o.a.j.t.JMeterThread: Thread finished: TCC order-show 1-44
2026-09-10 07:06:57,336 INFO o.a.j.t.JMeterThread: Stopping because end time detected by thread: TCC order-show 1-22
2026-09-10 07:06:57,336 INFO o.a.j.t.JMeterThread: Thread finished: TCC order-show 1-22
2026-09-10 07:06:57,348 INFO o.a.j.t.JMeterThread: Stopping because end time detected by thread: TCC order-show 1-39
2026-09-10 07:06:57,348 INFO o.a.j.t.JMeterThread: Thread finished: TCC order-show 1-39
2026-09-10 07:06:57,358 INFO o.a.j.t.JMeterThread: Stopping because end time detected by thread: TCC order-show 1-4
2026-09-10 07:06:57,358 INFO o.a.j.t.JMeterThread: Thread finished: TCC order-show 1-4
2026-09-10 07:06:57,370 INFO o.a.j.t.JMeterThread: Stopping because end time detected by thread: TCC order-show 1-29
2026-09-10 07:06:57,370 INFO o.a.j.t.JMeterThread: Thread finished: TCC order-show 1-29
2026-09-10 07:06:57,380 INFO o.a.j.t.JMeterThread: Stopping because end time detected by thread: TCC order-show 1-21
2026-09-10 07:06:57,381 INFO o.a.j.t.JMeterThread: Thread finished: TCC order-show 1-21
2026-09-10 07:06:57,391 INFO o.a.j.t.JMeterThread: Stopping because end time detected by thread: TCC order-show 1-17
2026-09-10 07:06:57,392 INFO o.a.j.t.JMeterThread: Thread finished: TCC order-show 1-17
2026-09-10 07:06:57,403 INFO o.a.j.t.JMeterThread: Stopping because end time detected by thread: TCC order-show 1-6
2026-09-10 07:06:57,403 INFO o.a.j.t.JMeterThread: Thread finished: TCC order-show 1-6
2026-09-10 07:06:57,413 INFO o.a.j.t.JMeterThread: Stopping because end time detected by thread: TCC order-show 1-10
2026-09-10 07:06:57,413 INFO o.a.j.t.JMeterThread: Thread finished: TCC order-show 1-10
2026-09-10 07:06:57,424 INFO o.a.j.t.JMeterThread: Stopping because end time detected by thread: TCC order-show 1-23
2026-09-10 07:06:57,424 INFO o.a.j.t.JMeterThread: Thread finished: TCC order-show 1-23
2026-09-10 07:06:57,435 INFO o.a.j.t.JMeterThread: Stopping because end time detected by thread: TCC order-show 1-45
2026-09-10 07:06:57,435 INFO o.a.j.t.JMeterThread: Thread finished: TCC order-show 1-45
2026-09-10 07:06:57,446 INFO o.a.j.t.JMeterThread: Stopping because end time detected by thread: TCC order-show 1-2
2026-09-10 07:06:57,446 INFO o.a.j.t.JMeterThread: Thread finished: TCC order-show 1-2
2026-09-10 07:06:57,456 INFO o.a.j.t.JMeterThread: Stopping because end time detected by thread: TCC order-show 1-31
2026-09-10 07:06:57,457 INFO o.a.j.t.JMeterThread: Thread finished: TCC order-show 1-31
2026-09-10 07:06:57,468 INFO o.a.j.t.JMeterThread: Stopping because end time detected by thread: TCC order-show 1-15
2026-09-10 07:06:57,468 INFO o.a.j.t.JMeterThread: Thread finished: TCC order-show 1-15
2026-09-10 07:06:57,478 INFO o.a.j.t.JMeterThread: Stopping because end time detected by thread: TCC order-show 1-9
2026-09-10 07:06:57,478 INFO o.a.j.t.JMeterThread: Thread finished: TCC order-show 1-9
2026-09-10 07:06:57,489 INFO o.a.j.t.JMeterThread: Stopping because end time detected by thread: TCC order-show 1-1
2026-09-10 07:06:57,489 INFO o.a.j.t.JMeterThread: Thread finished: TCC order-show 1-1
2026-09-10 07:06:57,500 INFO o.a.j.t.JMeterThread: Stopping because end time detected by thread: TCC order-show 1-25
2026-09-10 07:06:57,500 INFO o.a.j.t.JMeterThread: Thread finished: TCC order-show 1-25
2026-09-10 07:06:57,511 INFO o.a.j.t.JMeterThread: Stopping because end time detected by thread: TCC order-show 1-26
2026-09-10 07:06:57,511 INFO o.a.j.t.JMeterThread: Thread finished: TCC order-show 1-26
2026-09-10 07:06:57,521 INFO o.a.j.t.JMeterThread: Stopping because end time detected by thread: TCC order-show 1-47
2026-09-10 07:06:57,522 INFO o.a.j.t.JMeterThread: Thread finished: TCC order-show 1-47
2026-09-10 07:06:57,533 INFO o.a.j.t.JMeterThread: Stopping because end time detected by thread: TCC order-show 1-42
2026-09-10 07:06:57,533 INFO o.a.j.t.JMeterThread: Thread finished: TCC order-show 1-42
2026-09-10 07:06:57,544 INFO o.a.j.t.JMeterThread: Stopping because end time detected by thread: TCC order-show 1-34
2026-09-10 07:06:57,544 INFO o.a.j.t.JMeterThread: Thread finished: TCC order-show 1-34
2026-09-10 07:06:57,555 INFO o.a.j.t.JMeterThread: Stopping because end time detected by thread: TCC order-show 1-48
2026-09-10 07:06:57,555 INFO o.a.j.t.JMeterThread: Thread finished: TCC order-show 1-48
2026-09-10 07:06:57,565 INFO o.a.j.t.JMeterThread: Stopping because end time detected by thread: TCC order-show 1-33
2026-09-10 07:06:57,566 INFO o.a.j.t.JMeterThread: Thread finished: TCC order-show 1-33
2026-09-10 07:06:57,566 INFO o.a.j.e.StandardJMeterEngine: Notifying test listeners of end of test
2026-09-10 07:06:57,569 INFO o.a.j.r.Summariser: summary +   2537 in 00:00:28 =   92.1/s Avg:   542 Min:   499 Max:   630 Err:     0 (0.00%) Active: 0 Started: 50 Finished: 50
2026-09-10 07:06:57,570 INFO o.a.j.r.Summariser: summary =   2748 in 00:00:31 =   89.9/s Avg:   537 Min:    26 Max:   890 Err:     0 (0.00%)
