2026-09-10 09:41:22,995 INFO o.a.j.u.JMeterUtils: Setting Locale to en_EN
2026-09-10 09:41:23,013 INFO o.a.j.JMeter: Loading user properties from: /home/avituo/projects/tcc/tcc-container/.tools/apache-jmeter-5.6.3/bin/user.properties
2026-09-10 09:41:23,013 INFO o.a.j.JMeter: Loading system properties from: /home/avituo/projects/tcc/tcc-container/.tools/apache-jmeter-5.6.3/bin/system.properties
2026-09-10 09:41:23,013 INFO o.a.j.JMeter: Loading additional properties from: /home/avituo/projects/tcc/tcc-container/benchmark/jmeter/benchmark.properties
2026-09-10 09:41:23,014 INFO o.a.j.JMeter: Loading additional properties from: /tmp/tcc-benchmark-auth.08uhGE/auth.properties
2026-09-10 09:41:23,014 INFO o.a.j.JMeter: Setting JMeter property: threads=50
2026-09-10 09:41:23,014 INFO o.a.j.JMeter: Setting JMeter property: duration_seconds=30
2026-09-10 09:41:23,014 INFO o.a.j.JMeter: Setting JMeter property: target_host=localhost
2026-09-10 09:41:23,014 INFO o.a.j.JMeter: Setting JMeter property: target_port=18000
2026-09-10 09:41:23,014 INFO o.a.j.JMeter: Setting JMeter property: tcc.order.id=1
2026-09-10 09:41:23,014 INFO o.a.j.JMeter: Setting JMeter property: repetition=4
2026-09-10 09:41:23,021 INFO o.a.j.JMeter: Copyright (c) 1998-2024 The Apache Software Foundation
2026-09-10 09:41:23,021 INFO o.a.j.JMeter: Version 5.6.3
2026-09-10 09:41:23,021 INFO o.a.j.JMeter: java.version=21.0.11
2026-09-10 09:41:23,021 INFO o.a.j.JMeter: java.vm.name=OpenJDK 64-Bit Server VM
2026-09-10 09:41:23,021 INFO o.a.j.JMeter: os.name=Linux
2026-09-10 09:41:23,022 INFO o.a.j.JMeter: os.arch=amd64
2026-09-10 09:41:23,022 INFO o.a.j.JMeter: os.version=7.0.11-76070011-generic
2026-09-10 09:41:23,022 INFO o.a.j.JMeter: file.encoding=UTF-8
2026-09-10 09:41:23,022 INFO o.a.j.JMeter: java.awt.headless=true
2026-09-10 09:41:23,022 INFO o.a.j.JMeter: Max memory     =1073741824
2026-09-10 09:41:23,022 INFO o.a.j.JMeter: Available Processors =16
2026-09-10 09:41:23,030 INFO o.a.j.JMeter: Default Locale=English (EN)
2026-09-10 09:41:23,030 INFO o.a.j.JMeter: JMeter  Locale=English (EN)
2026-09-10 09:41:23,030 INFO o.a.j.JMeter: JMeterHome=/home/avituo/projects/tcc/tcc-container/.tools/apache-jmeter-5.6.3
2026-09-10 09:41:23,031 INFO o.a.j.JMeter: user.dir  =/home/avituo/projects/tcc/tcc-container
2026-09-10 09:41:23,031 INFO o.a.j.JMeter: PWD       =/home/avituo/projects/tcc/tcc-container
2026-09-10 09:41:23,042 INFO o.a.j.JMeter: IP: 192.168.1.16 Name: pop-os FullName: pop-os.home
2026-09-10 09:41:23,055 INFO o.a.j.s.FileServer: Default base='/home/avituo/projects/tcc/tcc-container'
2026-09-10 09:41:23,057 INFO o.a.j.s.FileServer: Set new base='/home/avituo/projects/tcc/tcc-container/benchmark/jmeter'
2026-09-10 09:41:23,230 INFO o.a.j.s.SaveService: Testplan (JMX) version: 2.2. Testlog (JTL) version: 2.2
2026-09-10 09:41:23,256 INFO o.a.j.s.SaveService: Using SaveService properties version 5.0
2026-09-10 09:41:23,259 INFO o.a.j.s.SaveService: Using SaveService properties file encoding UTF-8
2026-09-10 09:41:23,263 INFO o.a.j.s.SaveService: Loading file: /home/avituo/projects/tcc/tcc-container/benchmark/jmeter/tcc-order-create-v1.jmx
2026-09-10 09:41:23,314 INFO o.a.j.p.h.s.HTTPSamplerBase: Parser for text/html is org.apache.jmeter.protocol.http.parser.LagartoBasedHtmlParser
2026-09-10 09:41:23,314 INFO o.a.j.p.h.s.HTTPSamplerBase: Parser for application/xhtml+xml is org.apache.jmeter.protocol.http.parser.LagartoBasedHtmlParser
2026-09-10 09:41:23,314 INFO o.a.j.p.h.s.HTTPSamplerBase: Parser for application/xml is org.apache.jmeter.protocol.http.parser.LagartoBasedHtmlParser
2026-09-10 09:41:23,314 INFO o.a.j.p.h.s.HTTPSamplerBase: Parser for text/xml is org.apache.jmeter.protocol.http.parser.LagartoBasedHtmlParser
2026-09-10 09:41:23,314 INFO o.a.j.p.h.s.HTTPSamplerBase: Parser for text/vnd.wap.wml is org.apache.jmeter.protocol.http.parser.RegexpHTMLParser
2026-09-10 09:41:23,314 INFO o.a.j.p.h.s.HTTPSamplerBase: Parser for text/css is org.apache.jmeter.protocol.http.parser.CssParser
2026-09-10 09:41:23,346 INFO o.a.j.JMeter: Creating summariser <summary>
2026-09-10 09:41:23,364 INFO o.a.j.e.StandardJMeterEngine: Running the test!
2026-09-10 09:41:23,364 INFO o.a.j.s.SampleEvent: List of sample_variables: []
2026-09-10 09:41:23,365 INFO o.a.j.s.SampleEvent: List of sample_variables: []
2026-09-10 09:41:23,374 INFO o.a.j.e.u.CompoundVariable: Note: Function class names must contain the string: '.functions.'
2026-09-10 09:41:23,374 INFO o.a.j.e.u.CompoundVariable: Note: Function class names must not contain the string: '.gui.'
2026-09-10 09:41:23,626 INFO o.a.j.JMeter: Running test (1789044083626)
2026-09-10 09:41:23,646 INFO o.a.j.e.StandardJMeterEngine: Starting ThreadGroup: 1 : TCC order-create
2026-09-10 09:41:23,646 INFO o.a.j.e.StandardJMeterEngine: Starting 50 threads for group TCC order-create.
2026-09-10 09:41:23,647 INFO o.a.j.e.StandardJMeterEngine: Thread will continue on error
2026-09-10 09:41:23,647 INFO o.a.j.t.ThreadGroup: Starting thread group... number=1 threads=50 ramp-up=0 delayedStart=false
2026-09-10 09:41:23,653 INFO o.a.j.t.JMeterThread: Thread started: TCC order-create 1-3
2026-09-10 09:41:23,653 INFO o.a.j.t.JMeterThread: Thread started: TCC order-create 1-2
2026-09-10 09:41:23,653 INFO o.a.j.t.JMeterThread: Thread started: TCC order-create 1-1
2026-09-10 09:41:23,653 INFO o.a.j.t.JMeterThread: Thread started: TCC order-create 1-4
2026-09-10 09:41:23,654 INFO o.a.j.t.JMeterThread: Thread started: TCC order-create 1-5
2026-09-10 09:41:23,654 INFO o.a.j.t.JMeterThread: Thread started: TCC order-create 1-6
2026-09-10 09:41:23,655 INFO o.a.j.t.JMeterThread: Thread started: TCC order-create 1-7
2026-09-10 09:41:23,656 INFO o.a.j.t.JMeterThread: Thread started: TCC order-create 1-8
2026-09-10 09:41:23,656 INFO o.a.j.t.JMeterThread: Thread started: TCC order-create 1-9
2026-09-10 09:41:23,657 INFO o.a.j.t.JMeterThread: Thread started: TCC order-create 1-10
2026-09-10 09:41:23,658 INFO o.a.j.t.JMeterThread: Thread started: TCC order-create 1-11
2026-09-10 09:41:23,659 INFO o.a.j.t.JMeterThread: Thread started: TCC order-create 1-12
2026-09-10 09:41:23,660 INFO o.a.j.t.JMeterThread: Thread started: TCC order-create 1-13
2026-09-10 09:41:23,661 INFO o.a.j.t.JMeterThread: Thread started: TCC order-create 1-14
2026-09-10 09:41:23,661 INFO o.a.j.t.JMeterThread: Thread started: TCC order-create 1-15
2026-09-10 09:41:23,663 INFO o.a.j.t.JMeterThread: Thread started: TCC order-create 1-16
2026-09-10 09:41:23,663 INFO o.a.j.t.JMeterThread: Thread started: TCC order-create 1-17
2026-09-10 09:41:23,664 INFO o.a.j.t.JMeterThread: Thread started: TCC order-create 1-18
2026-09-10 09:41:23,665 INFO o.a.j.t.JMeterThread: Thread started: TCC order-create 1-19
2026-09-10 09:41:23,666 INFO o.a.j.t.JMeterThread: Thread started: TCC order-create 1-20
2026-09-10 09:41:23,666 INFO o.a.j.t.JMeterThread: Thread started: TCC order-create 1-21
2026-09-10 09:41:23,667 INFO o.a.j.t.JMeterThread: Thread started: TCC order-create 1-22
2026-09-10 09:41:23,667 INFO o.a.j.t.JMeterThread: Thread started: TCC order-create 1-23
2026-09-10 09:41:23,668 INFO o.a.j.t.JMeterThread: Thread started: TCC order-create 1-24
2026-09-10 09:41:23,668 INFO o.a.j.t.JMeterThread: Thread started: TCC order-create 1-25
2026-09-10 09:41:23,669 INFO o.a.j.t.JMeterThread: Thread started: TCC order-create 1-26
2026-09-10 09:41:23,669 INFO o.a.j.t.JMeterThread: Thread started: TCC order-create 1-27
2026-09-10 09:41:23,670 INFO o.a.j.t.JMeterThread: Thread started: TCC order-create 1-28
2026-09-10 09:41:23,670 INFO o.a.j.t.JMeterThread: Thread started: TCC order-create 1-29
2026-09-10 09:41:23,671 INFO o.a.j.t.JMeterThread: Thread started: TCC order-create 1-30
2026-09-10 09:41:23,671 INFO o.a.j.t.JMeterThread: Thread started: TCC order-create 1-31
2026-09-10 09:41:23,672 INFO o.a.j.t.JMeterThread: Thread started: TCC order-create 1-32
2026-09-10 09:41:23,672 INFO o.a.j.t.JMeterThread: Thread started: TCC order-create 1-33
2026-09-10 09:41:23,672 INFO o.a.j.t.JMeterThread: Thread started: TCC order-create 1-34
2026-09-10 09:41:23,673 INFO o.a.j.t.JMeterThread: Thread started: TCC order-create 1-35
2026-09-10 09:41:23,674 INFO o.a.j.t.JMeterThread: Thread started: TCC order-create 1-36
2026-09-10 09:41:23,674 INFO o.a.j.t.JMeterThread: Thread started: TCC order-create 1-37
2026-09-10 09:41:23,675 INFO o.a.j.t.JMeterThread: Thread started: TCC order-create 1-38
2026-09-10 09:41:23,676 INFO o.a.j.t.JMeterThread: Thread started: TCC order-create 1-39
2026-09-10 09:41:23,677 INFO o.a.j.t.JMeterThread: Thread started: TCC order-create 1-40
2026-09-10 09:41:23,677 INFO o.a.j.t.JMeterThread: Thread started: TCC order-create 1-41
2026-09-10 09:41:23,678 INFO o.a.j.t.JMeterThread: Thread started: TCC order-create 1-42
2026-09-10 09:41:23,679 INFO o.a.j.t.JMeterThread: Thread started: TCC order-create 1-43
2026-09-10 09:41:23,680 INFO o.a.j.t.JMeterThread: Thread started: TCC order-create 1-44
2026-09-10 09:41:23,681 INFO o.a.j.t.JMeterThread: Thread started: TCC order-create 1-45
2026-09-10 09:41:23,682 INFO o.a.j.t.JMeterThread: Thread started: TCC order-create 1-46
2026-09-10 09:41:23,683 INFO o.a.j.t.JMeterThread: Thread started: TCC order-create 1-47
2026-09-10 09:41:23,683 INFO o.a.j.t.JMeterThread: Thread started: TCC order-create 1-48
2026-09-10 09:41:23,684 INFO o.a.j.t.JMeterThread: Thread started: TCC order-create 1-49
2026-09-10 09:41:23,685 INFO o.a.j.t.ThreadGroup: Started thread group number 1
2026-09-10 09:41:23,685 INFO o.a.j.e.StandardJMeterEngine: All thread groups have been started
2026-09-10 09:41:23,685 INFO o.a.j.t.JMeterThread: Thread started: TCC order-create 1-50
2026-09-10 09:41:24,488 INFO o.a.j.p.h.s.HTTPHCAbstractImpl: Local host = pop-os
2026-09-10 09:41:24,496 INFO o.a.j.p.h.s.HTTPHC4Impl: HTTP request retry count = 0
2026-09-10 09:41:24,498 INFO o.a.j.s.SampleResult: Note: Sample TimeStamps are START times
2026-09-10 09:41:24,498 INFO o.a.j.s.SampleResult: sampleresult.default.encoding is set to UTF-8
2026-09-10 09:41:24,498 INFO o.a.j.s.SampleResult: sampleresult.useNanoTime=true
2026-09-10 09:41:24,498 INFO o.a.j.s.SampleResult: sampleresult.nanoThreadSleep=5000
2026-09-10 09:41:30,032 INFO o.a.j.r.Summariser: summary +    200 in 00:00:06 =   31.2/s Avg:  1190 Min:   120 Max:  1477 Err:     0 (0.00%) Active: 50 Started: 50 Finished: 0
2026-09-10 09:41:53,694 INFO o.a.j.t.JMeterThread: Stopping because end time detected by thread: TCC order-create 1-40
2026-09-10 09:41:53,695 INFO o.a.j.t.JMeterThread: Thread finished: TCC order-create 1-40
2026-09-10 09:41:53,720 INFO o.a.j.t.JMeterThread: Stopping because end time detected by thread: TCC order-create 1-16
2026-09-10 09:41:53,720 INFO o.a.j.t.JMeterThread: Thread finished: TCC order-create 1-16
2026-09-10 09:41:53,745 INFO o.a.j.t.JMeterThread: Stopping because end time detected by thread: TCC order-create 1-32
2026-09-10 09:41:53,746 INFO o.a.j.t.JMeterThread: Thread finished: TCC order-create 1-32
2026-09-10 09:41:53,771 INFO o.a.j.t.JMeterThread: Stopping because end time detected by thread: TCC order-create 1-17
2026-09-10 09:41:53,772 INFO o.a.j.t.JMeterThread: Thread finished: TCC order-create 1-17
2026-09-10 09:41:53,799 INFO o.a.j.t.JMeterThread: Stopping because end time detected by thread: TCC order-create 1-21
2026-09-10 09:41:53,799 INFO o.a.j.t.JMeterThread: Thread finished: TCC order-create 1-21
2026-09-10 09:41:53,825 INFO o.a.j.t.JMeterThread: Stopping because end time detected by thread: TCC order-create 1-46
2026-09-10 09:41:53,825 INFO o.a.j.t.JMeterThread: Thread finished: TCC order-create 1-46
2026-09-10 09:41:53,851 INFO o.a.j.t.JMeterThread: Stopping because end time detected by thread: TCC order-create 1-33
2026-09-10 09:41:53,851 INFO o.a.j.t.JMeterThread: Thread finished: TCC order-create 1-33
2026-09-10 09:41:53,876 INFO o.a.j.t.JMeterThread: Stopping because end time detected by thread: TCC order-create 1-28
2026-09-10 09:41:53,876 INFO o.a.j.t.JMeterThread: Thread finished: TCC order-create 1-28
2026-09-10 09:41:53,905 INFO o.a.j.t.JMeterThread: Stopping because end time detected by thread: TCC order-create 1-10
2026-09-10 09:41:53,905 INFO o.a.j.t.JMeterThread: Thread finished: TCC order-create 1-10
2026-09-10 09:41:53,929 INFO o.a.j.t.JMeterThread: Stopping because end time detected by thread: TCC order-create 1-43
2026-09-10 09:41:53,930 INFO o.a.j.t.JMeterThread: Thread finished: TCC order-create 1-43
2026-09-10 09:41:53,956 INFO o.a.j.t.JMeterThread: Stopping because end time detected by thread: TCC order-create 1-47
2026-09-10 09:41:53,956 INFO o.a.j.t.JMeterThread: Thread finished: TCC order-create 1-47
2026-09-10 09:41:53,982 INFO o.a.j.t.JMeterThread: Stopping because end time detected by thread: TCC order-create 1-22
2026-09-10 09:41:53,982 INFO o.a.j.t.JMeterThread: Thread finished: TCC order-create 1-22
2026-09-10 09:41:54,016 INFO o.a.j.t.JMeterThread: Stopping because end time detected by thread: TCC order-create 1-7
2026-09-10 09:41:54,016 INFO o.a.j.t.JMeterThread: Thread finished: TCC order-create 1-7
2026-09-10 09:41:54,041 INFO o.a.j.t.JMeterThread: Stopping because end time detected by thread: TCC order-create 1-35
2026-09-10 09:41:54,041 INFO o.a.j.t.JMeterThread: Thread finished: TCC order-create 1-35
2026-09-10 09:41:54,069 INFO o.a.j.t.JMeterThread: Stopping because end time detected by thread: TCC order-create 1-2
2026-09-10 09:41:54,069 INFO o.a.j.t.JMeterThread: Thread finished: TCC order-create 1-2
2026-09-10 09:41:54,094 INFO o.a.j.t.JMeterThread: Stopping because end time detected by thread: TCC order-create 1-39
2026-09-10 09:41:54,094 INFO o.a.j.t.JMeterThread: Thread finished: TCC order-create 1-39
2026-09-10 09:41:54,120 INFO o.a.j.t.JMeterThread: Stopping because end time detected by thread: TCC order-create 1-37
2026-09-10 09:41:54,120 INFO o.a.j.t.JMeterThread: Thread finished: TCC order-create 1-37
2026-09-10 09:41:54,154 INFO o.a.j.t.JMeterThread: Stopping because end time detected by thread: TCC order-create 1-13
2026-09-10 09:41:54,155 INFO o.a.j.t.JMeterThread: Thread finished: TCC order-create 1-13
2026-09-10 09:41:54,183 INFO o.a.j.t.JMeterThread: Stopping because end time detected by thread: TCC order-create 1-3
2026-09-10 09:41:54,184 INFO o.a.j.t.JMeterThread: Thread finished: TCC order-create 1-3
2026-09-10 09:41:54,212 INFO o.a.j.t.JMeterThread: Stopping because end time detected by thread: TCC order-create 1-50
2026-09-10 09:41:54,212 INFO o.a.j.t.JMeterThread: Thread finished: TCC order-create 1-50
2026-09-10 09:41:54,241 INFO o.a.j.t.JMeterThread: Stopping because end time detected by thread: TCC order-create 1-24
2026-09-10 09:41:54,241 INFO o.a.j.t.JMeterThread: Thread finished: TCC order-create 1-24
2026-09-10 09:41:54,271 INFO o.a.j.t.JMeterThread: Stopping because end time detected by thread: TCC order-create 1-20
2026-09-10 09:41:54,271 INFO o.a.j.t.JMeterThread: Thread finished: TCC order-create 1-20
2026-09-10 09:41:54,299 INFO o.a.j.t.JMeterThread: Stopping because end time detected by thread: TCC order-create 1-14
2026-09-10 09:41:54,299 INFO o.a.j.t.JMeterThread: Thread finished: TCC order-create 1-14
2026-09-10 09:41:54,329 INFO o.a.j.t.JMeterThread: Stopping because end time detected by thread: TCC order-create 1-12
2026-09-10 09:41:54,329 INFO o.a.j.t.JMeterThread: Thread finished: TCC order-create 1-12
2026-09-10 09:41:54,360 INFO o.a.j.t.JMeterThread: Stopping because end time detected by thread: TCC order-create 1-11
2026-09-10 09:41:54,360 INFO o.a.j.t.JMeterThread: Thread finished: TCC order-create 1-11
2026-09-10 09:41:54,388 INFO o.a.j.t.JMeterThread: Stopping because end time detected by thread: TCC order-create 1-19
2026-09-10 09:41:54,388 INFO o.a.j.t.JMeterThread: Thread finished: TCC order-create 1-19
2026-09-10 09:41:54,416 INFO o.a.j.t.JMeterThread: Stopping because end time detected by thread: TCC order-create 1-26
2026-09-10 09:41:54,416 INFO o.a.j.t.JMeterThread: Thread finished: TCC order-create 1-26
2026-09-10 09:41:54,447 INFO o.a.j.t.JMeterThread: Stopping because end time detected by thread: TCC order-create 1-29
2026-09-10 09:41:54,447 INFO o.a.j.t.JMeterThread: Thread finished: TCC order-create 1-29
2026-09-10 09:41:54,477 INFO o.a.j.t.JMeterThread: Stopping because end time detected by thread: TCC order-create 1-6
2026-09-10 09:41:54,477 INFO o.a.j.t.JMeterThread: Thread finished: TCC order-create 1-6
2026-09-10 09:41:54,506 INFO o.a.j.t.JMeterThread: Stopping because end time detected by thread: TCC order-create 1-15
2026-09-10 09:41:54,507 INFO o.a.j.t.JMeterThread: Thread finished: TCC order-create 1-15
2026-09-10 09:41:54,536 INFO o.a.j.t.JMeterThread: Stopping because end time detected by thread: TCC order-create 1-23
2026-09-10 09:41:54,536 INFO o.a.j.t.JMeterThread: Thread finished: TCC order-create 1-23
2026-09-10 09:41:54,565 INFO o.a.j.t.JMeterThread: Stopping because end time detected by thread: TCC order-create 1-38
2026-09-10 09:41:54,565 INFO o.a.j.t.JMeterThread: Thread finished: TCC order-create 1-38
2026-09-10 09:41:54,590 INFO o.a.j.t.JMeterThread: Stopping because end time detected by thread: TCC order-create 1-45
2026-09-10 09:41:54,590 INFO o.a.j.t.JMeterThread: Thread finished: TCC order-create 1-45
2026-09-10 09:41:54,616 INFO o.a.j.t.JMeterThread: Stopping because end time detected by thread: TCC order-create 1-27
2026-09-10 09:41:54,616 INFO o.a.j.t.JMeterThread: Thread finished: TCC order-create 1-27
2026-09-10 09:41:54,643 INFO o.a.j.t.JMeterThread: Stopping because end time detected by thread: TCC order-create 1-9
2026-09-10 09:41:54,643 INFO o.a.j.t.JMeterThread: Thread finished: TCC order-create 1-9
2026-09-10 09:41:54,670 INFO o.a.j.t.JMeterThread: Stopping because end time detected by thread: TCC order-create 1-31
2026-09-10 09:41:54,670 INFO o.a.j.t.JMeterThread: Thread finished: TCC order-create 1-31
2026-09-10 09:41:54,696 INFO o.a.j.t.JMeterThread: Stopping because end time detected by thread: TCC order-create 1-48
2026-09-10 09:41:54,697 INFO o.a.j.t.JMeterThread: Thread finished: TCC order-create 1-48
2026-09-10 09:41:54,723 INFO o.a.j.t.JMeterThread: Stopping because end time detected by thread: TCC order-create 1-18
2026-09-10 09:41:54,723 INFO o.a.j.t.JMeterThread: Thread finished: TCC order-create 1-18
2026-09-10 09:41:54,752 INFO o.a.j.t.JMeterThread: Stopping because end time detected by thread: TCC order-create 1-1
2026-09-10 09:41:54,752 INFO o.a.j.t.JMeterThread: Thread finished: TCC order-create 1-1
2026-09-10 09:41:54,777 INFO o.a.j.t.JMeterThread: Stopping because end time detected by thread: TCC order-create 1-41
2026-09-10 09:41:54,777 INFO o.a.j.t.JMeterThread: Thread finished: TCC order-create 1-41
2026-09-10 09:41:54,804 INFO o.a.j.t.JMeterThread: Stopping because end time detected by thread: TCC order-create 1-49
2026-09-10 09:41:54,804 INFO o.a.j.t.JMeterThread: Thread finished: TCC order-create 1-49
2026-09-10 09:41:54,829 INFO o.a.j.t.JMeterThread: Stopping because end time detected by thread: TCC order-create 1-4
2026-09-10 09:41:54,829 INFO o.a.j.t.JMeterThread: Thread finished: TCC order-create 1-4
2026-09-10 09:41:54,856 INFO o.a.j.t.JMeterThread: Stopping because end time detected by thread: TCC order-create 1-34
2026-09-10 09:41:54,856 INFO o.a.j.t.JMeterThread: Thread finished: TCC order-create 1-34
2026-09-10 09:41:54,882 INFO o.a.j.t.JMeterThread: Stopping because end time detected by thread: TCC order-create 1-30
2026-09-10 09:41:54,882 INFO o.a.j.t.JMeterThread: Thread finished: TCC order-create 1-30
2026-09-10 09:41:54,908 INFO o.a.j.t.JMeterThread: Stopping because end time detected by thread: TCC order-create 1-36
2026-09-10 09:41:54,908 INFO o.a.j.t.JMeterThread: Thread finished: TCC order-create 1-36
2026-09-10 09:41:54,933 INFO o.a.j.t.JMeterThread: Stopping because end time detected by thread: TCC order-create 1-25
2026-09-10 09:41:54,934 INFO o.a.j.t.JMeterThread: Thread finished: TCC order-create 1-25
2026-09-10 09:41:54,959 INFO o.a.j.t.JMeterThread: Stopping because end time detected by thread: TCC order-create 1-5
2026-09-10 09:41:54,959 INFO o.a.j.t.JMeterThread: Thread finished: TCC order-create 1-5
2026-09-10 09:41:54,985 INFO o.a.j.t.JMeterThread: Stopping because end time detected by thread: TCC order-create 1-8
2026-09-10 09:41:54,985 INFO o.a.j.t.JMeterThread: Thread finished: TCC order-create 1-8
2026-09-10 09:41:55,016 INFO o.a.j.t.JMeterThread: Stopping because end time detected by thread: TCC order-create 1-42
2026-09-10 09:41:55,017 INFO o.a.j.t.JMeterThread: Thread finished: TCC order-create 1-42
2026-09-10 09:41:55,044 INFO o.a.j.t.JMeterThread: Stopping because end time detected by thread: TCC order-create 1-44
2026-09-10 09:41:55,044 INFO o.a.j.t.JMeterThread: Thread finished: TCC order-create 1-44
2026-09-10 09:41:55,044 INFO o.a.j.e.StandardJMeterEngine: Notifying test listeners of end of test
2026-09-10 09:41:55,047 INFO o.a.j.r.Summariser: summary +    921 in 00:00:25 =   36.8/s Avg:  1356 Min:  1263 Max:  2101 Err:     0 (0.00%) Active: 0 Started: 50 Finished: 50
2026-09-10 09:41:55,047 INFO o.a.j.r.Summariser: summary =   1121 in 00:00:31 =   35.7/s Avg:  1326 Min:   120 Max:  2101 Err:     0 (0.00%)
