2026-09-10 09:12:19,070 INFO o.a.j.u.JMeterUtils: Setting Locale to en_EN
2026-09-10 09:12:19,086 INFO o.a.j.JMeter: Loading user properties from: /home/avituo/projects/tcc/tcc-container/.tools/apache-jmeter-5.6.3/bin/user.properties
2026-09-10 09:12:19,087 INFO o.a.j.JMeter: Loading system properties from: /home/avituo/projects/tcc/tcc-container/.tools/apache-jmeter-5.6.3/bin/system.properties
2026-09-10 09:12:19,087 INFO o.a.j.JMeter: Loading additional properties from: /home/avituo/projects/tcc/tcc-container/benchmark/jmeter/benchmark.properties
2026-09-10 09:12:19,087 INFO o.a.j.JMeter: Loading additional properties from: /tmp/tcc-benchmark-auth.i9iT2b/auth.properties
2026-09-10 09:12:19,087 INFO o.a.j.JMeter: Setting JMeter property: threads=25
2026-09-10 09:12:19,087 INFO o.a.j.JMeter: Setting JMeter property: duration_seconds=30
2026-09-10 09:12:19,087 INFO o.a.j.JMeter: Setting JMeter property: target_host=localhost
2026-09-10 09:12:19,087 INFO o.a.j.JMeter: Setting JMeter property: target_port=18080
2026-09-10 09:12:19,087 INFO o.a.j.JMeter: Setting JMeter property: tcc.order.id=20000000-0000-4000-8000-000000000001
2026-09-10 09:12:19,087 INFO o.a.j.JMeter: Setting JMeter property: repetition=5
2026-09-10 09:12:19,093 INFO o.a.j.JMeter: Copyright (c) 1998-2024 The Apache Software Foundation
2026-09-10 09:12:19,093 INFO o.a.j.JMeter: Version 5.6.3
2026-09-10 09:12:19,093 INFO o.a.j.JMeter: java.version=21.0.11
2026-09-10 09:12:19,093 INFO o.a.j.JMeter: java.vm.name=OpenJDK 64-Bit Server VM
2026-09-10 09:12:19,094 INFO o.a.j.JMeter: os.name=Linux
2026-09-10 09:12:19,094 INFO o.a.j.JMeter: os.arch=amd64
2026-09-10 09:12:19,094 INFO o.a.j.JMeter: os.version=7.0.11-76070011-generic
2026-09-10 09:12:19,094 INFO o.a.j.JMeter: file.encoding=UTF-8
2026-09-10 09:12:19,094 INFO o.a.j.JMeter: java.awt.headless=true
2026-09-10 09:12:19,094 INFO o.a.j.JMeter: Max memory     =1073741824
2026-09-10 09:12:19,094 INFO o.a.j.JMeter: Available Processors =16
2026-09-10 09:12:19,102 INFO o.a.j.JMeter: Default Locale=English (EN)
2026-09-10 09:12:19,102 INFO o.a.j.JMeter: JMeter  Locale=English (EN)
2026-09-10 09:12:19,103 INFO o.a.j.JMeter: JMeterHome=/home/avituo/projects/tcc/tcc-container/.tools/apache-jmeter-5.6.3
2026-09-10 09:12:19,103 INFO o.a.j.JMeter: user.dir  =/home/avituo/projects/tcc/tcc-container
2026-09-10 09:12:19,103 INFO o.a.j.JMeter: PWD       =/home/avituo/projects/tcc/tcc-container
2026-09-10 09:12:19,111 INFO o.a.j.JMeter: IP: 192.168.1.16 Name: pop-os FullName: pop-os.home
2026-09-10 09:12:19,122 INFO o.a.j.s.FileServer: Default base='/home/avituo/projects/tcc/tcc-container'
2026-09-10 09:12:19,124 INFO o.a.j.s.FileServer: Set new base='/home/avituo/projects/tcc/tcc-container/benchmark/jmeter'
2026-09-10 09:12:19,283 INFO o.a.j.s.SaveService: Testplan (JMX) version: 2.2. Testlog (JTL) version: 2.2
2026-09-10 09:12:19,307 INFO o.a.j.s.SaveService: Using SaveService properties version 5.0
2026-09-10 09:12:19,310 INFO o.a.j.s.SaveService: Using SaveService properties file encoding UTF-8
2026-09-10 09:12:19,313 INFO o.a.j.s.SaveService: Loading file: /home/avituo/projects/tcc/tcc-container/benchmark/jmeter/tcc-order-create-v1.jmx
2026-09-10 09:12:19,363 INFO o.a.j.p.h.s.HTTPSamplerBase: Parser for text/html is org.apache.jmeter.protocol.http.parser.LagartoBasedHtmlParser
2026-09-10 09:12:19,363 INFO o.a.j.p.h.s.HTTPSamplerBase: Parser for application/xhtml+xml is org.apache.jmeter.protocol.http.parser.LagartoBasedHtmlParser
2026-09-10 09:12:19,363 INFO o.a.j.p.h.s.HTTPSamplerBase: Parser for application/xml is org.apache.jmeter.protocol.http.parser.LagartoBasedHtmlParser
2026-09-10 09:12:19,363 INFO o.a.j.p.h.s.HTTPSamplerBase: Parser for text/xml is org.apache.jmeter.protocol.http.parser.LagartoBasedHtmlParser
2026-09-10 09:12:19,363 INFO o.a.j.p.h.s.HTTPSamplerBase: Parser for text/vnd.wap.wml is org.apache.jmeter.protocol.http.parser.RegexpHTMLParser
2026-09-10 09:12:19,363 INFO o.a.j.p.h.s.HTTPSamplerBase: Parser for text/css is org.apache.jmeter.protocol.http.parser.CssParser
2026-09-10 09:12:19,397 INFO o.a.j.JMeter: Creating summariser <summary>
2026-09-10 09:12:19,413 INFO o.a.j.e.StandardJMeterEngine: Running the test!
2026-09-10 09:12:19,413 INFO o.a.j.s.SampleEvent: List of sample_variables: []
2026-09-10 09:12:19,414 INFO o.a.j.s.SampleEvent: List of sample_variables: []
2026-09-10 09:12:19,419 INFO o.a.j.e.u.CompoundVariable: Note: Function class names must contain the string: '.functions.'
2026-09-10 09:12:19,420 INFO o.a.j.e.u.CompoundVariable: Note: Function class names must not contain the string: '.gui.'
2026-09-10 09:12:19,668 INFO o.a.j.JMeter: Running test (1789042339668)
2026-09-10 09:12:19,694 INFO o.a.j.e.StandardJMeterEngine: Starting ThreadGroup: 1 : TCC order-create
2026-09-10 09:12:19,695 INFO o.a.j.e.StandardJMeterEngine: Starting 25 threads for group TCC order-create.
2026-09-10 09:12:19,695 INFO o.a.j.e.StandardJMeterEngine: Thread will continue on error
2026-09-10 09:12:19,695 INFO o.a.j.t.ThreadGroup: Starting thread group... number=1 threads=25 ramp-up=0 delayedStart=false
2026-09-10 09:12:19,702 INFO o.a.j.t.JMeterThread: Thread started: TCC order-create 1-3
2026-09-10 09:12:19,702 INFO o.a.j.t.JMeterThread: Thread started: TCC order-create 1-2
2026-09-10 09:12:19,702 INFO o.a.j.t.JMeterThread: Thread started: TCC order-create 1-1
2026-09-10 09:12:19,703 INFO o.a.j.t.JMeterThread: Thread started: TCC order-create 1-4
2026-09-10 09:12:19,703 INFO o.a.j.t.JMeterThread: Thread started: TCC order-create 1-5
2026-09-10 09:12:19,704 INFO o.a.j.t.JMeterThread: Thread started: TCC order-create 1-6
2026-09-10 09:12:19,705 INFO o.a.j.t.JMeterThread: Thread started: TCC order-create 1-7
2026-09-10 09:12:19,706 INFO o.a.j.t.JMeterThread: Thread started: TCC order-create 1-8
2026-09-10 09:12:19,706 INFO o.a.j.t.JMeterThread: Thread started: TCC order-create 1-9
2026-09-10 09:12:19,707 INFO o.a.j.t.JMeterThread: Thread started: TCC order-create 1-10
2026-09-10 09:12:19,708 INFO o.a.j.t.JMeterThread: Thread started: TCC order-create 1-11
2026-09-10 09:12:19,709 INFO o.a.j.t.JMeterThread: Thread started: TCC order-create 1-12
2026-09-10 09:12:19,709 INFO o.a.j.t.JMeterThread: Thread started: TCC order-create 1-13
2026-09-10 09:12:19,710 INFO o.a.j.t.JMeterThread: Thread started: TCC order-create 1-14
2026-09-10 09:12:19,711 INFO o.a.j.t.JMeterThread: Thread started: TCC order-create 1-15
2026-09-10 09:12:19,713 INFO o.a.j.t.JMeterThread: Thread started: TCC order-create 1-16
2026-09-10 09:12:19,713 INFO o.a.j.t.JMeterThread: Thread started: TCC order-create 1-17
2026-09-10 09:12:19,714 INFO o.a.j.t.JMeterThread: Thread started: TCC order-create 1-18
2026-09-10 09:12:19,715 INFO o.a.j.t.JMeterThread: Thread started: TCC order-create 1-19
2026-09-10 09:12:19,716 INFO o.a.j.t.JMeterThread: Thread started: TCC order-create 1-20
2026-09-10 09:12:19,716 INFO o.a.j.t.JMeterThread: Thread started: TCC order-create 1-21
2026-09-10 09:12:19,717 INFO o.a.j.t.JMeterThread: Thread started: TCC order-create 1-22
2026-09-10 09:12:19,717 INFO o.a.j.t.JMeterThread: Thread started: TCC order-create 1-23
2026-09-10 09:12:19,718 INFO o.a.j.t.ThreadGroup: Started thread group number 1
2026-09-10 09:12:19,718 INFO o.a.j.t.JMeterThread: Thread started: TCC order-create 1-24
2026-09-10 09:12:19,719 INFO o.a.j.e.StandardJMeterEngine: All thread groups have been started
2026-09-10 09:12:19,719 INFO o.a.j.t.JMeterThread: Thread started: TCC order-create 1-25
2026-09-10 09:12:20,487 INFO o.a.j.p.h.s.HTTPHCAbstractImpl: Local host = pop-os
2026-09-10 09:12:20,495 INFO o.a.j.p.h.s.HTTPHC4Impl: HTTP request retry count = 0
2026-09-10 09:12:20,497 INFO o.a.j.s.SampleResult: Note: Sample TimeStamps are START times
2026-09-10 09:12:20,497 INFO o.a.j.s.SampleResult: sampleresult.default.encoding is set to UTF-8
2026-09-10 09:12:20,497 INFO o.a.j.s.SampleResult: sampleresult.useNanoTime=true
2026-09-10 09:12:20,497 INFO o.a.j.s.SampleResult: sampleresult.nanoThreadSleep=5000
2026-09-10 09:12:30,040 INFO o.a.j.r.Summariser: summary +    170 in 00:00:10 =   16.4/s Avg:  1293 Min:   332 Max:  1639 Err:     0 (0.00%) Active: 25 Started: 25 Finished: 0
2026-09-10 09:12:49,710 INFO o.a.j.t.JMeterThread: Stopping because end time detected by thread: TCC order-create 1-3
2026-09-10 09:12:49,710 INFO o.a.j.t.JMeterThread: Thread finished: TCC order-create 1-3
2026-09-10 09:12:49,761 INFO o.a.j.t.JMeterThread: Stopping because end time detected by thread: TCC order-create 1-14
2026-09-10 09:12:49,761 INFO o.a.j.t.JMeterThread: Thread finished: TCC order-create 1-14
2026-09-10 09:12:49,819 INFO o.a.j.t.JMeterThread: Stopping because end time detected by thread: TCC order-create 1-22
2026-09-10 09:12:49,820 INFO o.a.j.t.JMeterThread: Thread finished: TCC order-create 1-22
2026-09-10 09:12:49,872 INFO o.a.j.t.JMeterThread: Stopping because end time detected by thread: TCC order-create 1-25
2026-09-10 09:12:49,873 INFO o.a.j.t.JMeterThread: Thread finished: TCC order-create 1-25
2026-09-10 09:12:49,925 INFO o.a.j.t.JMeterThread: Stopping because end time detected by thread: TCC order-create 1-7
2026-09-10 09:12:49,925 INFO o.a.j.t.JMeterThread: Thread finished: TCC order-create 1-7
2026-09-10 09:12:49,976 INFO o.a.j.t.JMeterThread: Stopping because end time detected by thread: TCC order-create 1-4
2026-09-10 09:12:49,976 INFO o.a.j.t.JMeterThread: Thread finished: TCC order-create 1-4
2026-09-10 09:12:50,028 INFO o.a.j.t.JMeterThread: Stopping because end time detected by thread: TCC order-create 1-10
2026-09-10 09:12:50,028 INFO o.a.j.t.JMeterThread: Thread finished: TCC order-create 1-10
2026-09-10 09:12:50,081 INFO o.a.j.t.JMeterThread: Stopping because end time detected by thread: TCC order-create 1-11
2026-09-10 09:12:50,081 INFO o.a.j.t.JMeterThread: Thread finished: TCC order-create 1-11
2026-09-10 09:12:50,137 INFO o.a.j.t.JMeterThread: Stopping because end time detected by thread: TCC order-create 1-18
2026-09-10 09:12:50,137 INFO o.a.j.t.JMeterThread: Thread finished: TCC order-create 1-18
2026-09-10 09:12:50,189 INFO o.a.j.t.JMeterThread: Stopping because end time detected by thread: TCC order-create 1-9
2026-09-10 09:12:50,189 INFO o.a.j.t.JMeterThread: Thread finished: TCC order-create 1-9
2026-09-10 09:12:50,244 INFO o.a.j.t.JMeterThread: Stopping because end time detected by thread: TCC order-create 1-20
2026-09-10 09:12:50,244 INFO o.a.j.t.JMeterThread: Thread finished: TCC order-create 1-20
2026-09-10 09:12:50,297 INFO o.a.j.t.JMeterThread: Stopping because end time detected by thread: TCC order-create 1-16
2026-09-10 09:12:50,297 INFO o.a.j.t.JMeterThread: Thread finished: TCC order-create 1-16
2026-09-10 09:12:50,364 INFO o.a.j.t.JMeterThread: Stopping because end time detected by thread: TCC order-create 1-17
2026-09-10 09:12:50,364 INFO o.a.j.t.JMeterThread: Thread finished: TCC order-create 1-17
2026-09-10 09:12:50,420 INFO o.a.j.t.JMeterThread: Stopping because end time detected by thread: TCC order-create 1-23
2026-09-10 09:12:50,421 INFO o.a.j.t.JMeterThread: Thread finished: TCC order-create 1-23
2026-09-10 09:12:50,475 INFO o.a.j.t.JMeterThread: Stopping because end time detected by thread: TCC order-create 1-6
2026-09-10 09:12:50,476 INFO o.a.j.t.JMeterThread: Thread finished: TCC order-create 1-6
2026-09-10 09:12:50,528 INFO o.a.j.t.JMeterThread: Stopping because end time detected by thread: TCC order-create 1-5
2026-09-10 09:12:50,528 INFO o.a.j.t.JMeterThread: Thread finished: TCC order-create 1-5
2026-09-10 09:12:50,580 INFO o.a.j.t.JMeterThread: Stopping because end time detected by thread: TCC order-create 1-21
2026-09-10 09:12:50,580 INFO o.a.j.t.JMeterThread: Thread finished: TCC order-create 1-21
2026-09-10 09:12:50,634 INFO o.a.j.t.JMeterThread: Stopping because end time detected by thread: TCC order-create 1-13
2026-09-10 09:12:50,634 INFO o.a.j.t.JMeterThread: Thread finished: TCC order-create 1-13
2026-09-10 09:12:50,684 INFO o.a.j.t.JMeterThread: Stopping because end time detected by thread: TCC order-create 1-24
2026-09-10 09:12:50,684 INFO o.a.j.t.JMeterThread: Thread finished: TCC order-create 1-24
2026-09-10 09:12:50,739 INFO o.a.j.t.JMeterThread: Stopping because end time detected by thread: TCC order-create 1-12
2026-09-10 09:12:50,739 INFO o.a.j.t.JMeterThread: Thread finished: TCC order-create 1-12
2026-09-10 09:12:50,792 INFO o.a.j.t.JMeterThread: Stopping because end time detected by thread: TCC order-create 1-19
2026-09-10 09:12:50,792 INFO o.a.j.t.JMeterThread: Thread finished: TCC order-create 1-19
2026-09-10 09:12:50,845 INFO o.a.j.t.JMeterThread: Stopping because end time detected by thread: TCC order-create 1-8
2026-09-10 09:12:50,845 INFO o.a.j.t.JMeterThread: Thread finished: TCC order-create 1-8
2026-09-10 09:12:50,893 INFO o.a.j.t.JMeterThread: Stopping because end time detected by thread: TCC order-create 1-1
2026-09-10 09:12:50,893 INFO o.a.j.t.JMeterThread: Thread finished: TCC order-create 1-1
2026-09-10 09:12:50,950 INFO o.a.j.t.JMeterThread: Stopping because end time detected by thread: TCC order-create 1-2
2026-09-10 09:12:50,950 INFO o.a.j.t.JMeterThread: Thread finished: TCC order-create 1-2
2026-09-10 09:12:51,001 INFO o.a.j.t.JMeterThread: Stopping because end time detected by thread: TCC order-create 1-15
2026-09-10 09:12:51,001 INFO o.a.j.t.JMeterThread: Thread finished: TCC order-create 1-15
2026-09-10 09:12:51,001 INFO o.a.j.e.StandardJMeterEngine: Notifying test listeners of end of test
2026-09-10 09:12:51,005 INFO o.a.j.r.Summariser: summary +    391 in 00:00:21 =   18.7/s Avg:  1338 Min:  1303 Max:  1424 Err:     0 (0.00%) Active: 0 Started: 25 Finished: 25
2026-09-10 09:12:51,005 INFO o.a.j.r.Summariser: summary =    561 in 00:00:31 =   17.9/s Avg:  1324 Min:   332 Max:  1639 Err:     0 (0.00%)
