2026-09-10 10:04:11,771 INFO o.a.j.u.JMeterUtils: Setting Locale to en_EN
2026-09-10 10:04:11,792 INFO o.a.j.JMeter: Loading user properties from: /home/avituo/projects/tcc/tcc-container/.tools/apache-jmeter-5.6.3/bin/user.properties
2026-09-10 10:04:11,793 INFO o.a.j.JMeter: Loading system properties from: /home/avituo/projects/tcc/tcc-container/.tools/apache-jmeter-5.6.3/bin/system.properties
2026-09-10 10:04:11,793 INFO o.a.j.JMeter: Loading additional properties from: /home/avituo/projects/tcc/tcc-container/benchmark/jmeter/benchmark.properties
2026-09-10 10:04:11,793 INFO o.a.j.JMeter: Loading additional properties from: /tmp/tcc-benchmark-auth.18cnaM/auth.properties
2026-09-10 10:04:11,793 INFO o.a.j.JMeter: Loading additional properties from: /home/avituo/projects/tcc/tcc-container/benchmark/results/laravel-13.20.0/final/order-create/c100/r2/monolith/thread-counters.properties
2026-09-10 10:04:11,794 INFO o.a.j.JMeter: Setting JMeter property: threads=100
2026-09-10 10:04:11,794 INFO o.a.j.JMeter: Setting JMeter property: duration_seconds=120
2026-09-10 10:04:11,794 INFO o.a.j.JMeter: Setting JMeter property: target_host=localhost
2026-09-10 10:04:11,794 INFO o.a.j.JMeter: Setting JMeter property: target_port=18000
2026-09-10 10:04:11,794 INFO o.a.j.JMeter: Setting JMeter property: tcc.order.id=1
2026-09-10 10:04:11,794 INFO o.a.j.JMeter: Setting JMeter property: repetition=2
2026-09-10 10:04:11,803 INFO o.a.j.JMeter: Copyright (c) 1998-2024 The Apache Software Foundation
2026-09-10 10:04:11,804 INFO o.a.j.JMeter: Version 5.6.3
2026-09-10 10:04:11,804 INFO o.a.j.JMeter: java.version=21.0.11
2026-09-10 10:04:11,804 INFO o.a.j.JMeter: java.vm.name=OpenJDK 64-Bit Server VM
2026-09-10 10:04:11,804 INFO o.a.j.JMeter: os.name=Linux
2026-09-10 10:04:11,804 INFO o.a.j.JMeter: os.arch=amd64
2026-09-10 10:04:11,804 INFO o.a.j.JMeter: os.version=7.0.11-76070011-generic
2026-09-10 10:04:11,804 INFO o.a.j.JMeter: file.encoding=UTF-8
2026-09-10 10:04:11,804 INFO o.a.j.JMeter: java.awt.headless=true
2026-09-10 10:04:11,804 INFO o.a.j.JMeter: Max memory     =1073741824
2026-09-10 10:04:11,804 INFO o.a.j.JMeter: Available Processors =16
2026-09-10 10:04:11,814 INFO o.a.j.JMeter: Default Locale=English (EN)
2026-09-10 10:04:11,814 INFO o.a.j.JMeter: JMeter  Locale=English (EN)
2026-09-10 10:04:11,814 INFO o.a.j.JMeter: JMeterHome=/home/avituo/projects/tcc/tcc-container/.tools/apache-jmeter-5.6.3
2026-09-10 10:04:11,814 INFO o.a.j.JMeter: user.dir  =/home/avituo/projects/tcc/tcc-container
2026-09-10 10:04:11,814 INFO o.a.j.JMeter: PWD       =/home/avituo/projects/tcc/tcc-container
2026-09-10 10:04:11,825 INFO o.a.j.JMeter: IP: 192.168.1.16 Name: pop-os FullName: pop-os.home
2026-09-10 10:04:11,838 INFO o.a.j.s.FileServer: Default base='/home/avituo/projects/tcc/tcc-container'
2026-09-10 10:04:11,840 INFO o.a.j.s.FileServer: Set new base='/home/avituo/projects/tcc/tcc-container/benchmark/jmeter'
2026-09-10 10:04:12,026 INFO o.a.j.s.SaveService: Testplan (JMX) version: 2.2. Testlog (JTL) version: 2.2
2026-09-10 10:04:12,052 INFO o.a.j.s.SaveService: Using SaveService properties version 5.0
2026-09-10 10:04:12,056 INFO o.a.j.s.SaveService: Using SaveService properties file encoding UTF-8
2026-09-10 10:04:12,061 INFO o.a.j.s.SaveService: Loading file: /home/avituo/projects/tcc/tcc-container/benchmark/jmeter/tcc-order-create-v1.jmx
2026-09-10 10:04:12,109 INFO o.a.j.p.h.s.HTTPSamplerBase: Parser for text/html is org.apache.jmeter.protocol.http.parser.LagartoBasedHtmlParser
2026-09-10 10:04:12,109 INFO o.a.j.p.h.s.HTTPSamplerBase: Parser for application/xhtml+xml is org.apache.jmeter.protocol.http.parser.LagartoBasedHtmlParser
2026-09-10 10:04:12,110 INFO o.a.j.p.h.s.HTTPSamplerBase: Parser for application/xml is org.apache.jmeter.protocol.http.parser.LagartoBasedHtmlParser
2026-09-10 10:04:12,110 INFO o.a.j.p.h.s.HTTPSamplerBase: Parser for text/xml is org.apache.jmeter.protocol.http.parser.LagartoBasedHtmlParser
2026-09-10 10:04:12,110 INFO o.a.j.p.h.s.HTTPSamplerBase: Parser for text/vnd.wap.wml is org.apache.jmeter.protocol.http.parser.RegexpHTMLParser
2026-09-10 10:04:12,110 INFO o.a.j.p.h.s.HTTPSamplerBase: Parser for text/css is org.apache.jmeter.protocol.http.parser.CssParser
2026-09-10 10:04:12,141 INFO o.a.j.JMeter: Creating summariser <summary>
2026-09-10 10:04:12,160 INFO o.a.j.e.StandardJMeterEngine: Running the test!
2026-09-10 10:04:12,160 INFO o.a.j.s.SampleEvent: List of sample_variables: []
2026-09-10 10:04:12,160 INFO o.a.j.s.SampleEvent: List of sample_variables: []
2026-09-10 10:04:12,165 INFO o.a.j.e.u.CompoundVariable: Note: Function class names must contain the string: '.functions.'
2026-09-10 10:04:12,166 INFO o.a.j.e.u.CompoundVariable: Note: Function class names must not contain the string: '.gui.'
2026-09-10 10:04:12,409 INFO o.a.j.JMeter: Running test (1789045452409)
2026-09-10 10:04:12,428 INFO o.a.j.e.StandardJMeterEngine: Starting ThreadGroup: 1 : TCC order-create
2026-09-10 10:04:12,428 INFO o.a.j.e.StandardJMeterEngine: Starting 100 threads for group TCC order-create.
2026-09-10 10:04:12,428 INFO o.a.j.e.StandardJMeterEngine: Thread will continue on error
2026-09-10 10:04:12,428 INFO o.a.j.t.ThreadGroup: Starting thread group... number=1 threads=100 ramp-up=0 delayedStart=false
2026-09-10 10:04:12,435 INFO o.a.j.t.JMeterThread: Thread started: TCC order-create 1-1
2026-09-10 10:04:12,435 INFO o.a.j.t.JMeterThread: Thread started: TCC order-create 1-3
2026-09-10 10:04:12,435 INFO o.a.j.t.JMeterThread: Thread started: TCC order-create 1-2
2026-09-10 10:04:12,436 INFO o.a.j.t.JMeterThread: Thread started: TCC order-create 1-4
2026-09-10 10:04:12,436 INFO o.a.j.t.JMeterThread: Thread started: TCC order-create 1-5
2026-09-10 10:04:12,437 INFO o.a.j.t.JMeterThread: Thread started: TCC order-create 1-6
2026-09-10 10:04:12,438 INFO o.a.j.t.JMeterThread: Thread started: TCC order-create 1-7
2026-09-10 10:04:12,439 INFO o.a.j.t.JMeterThread: Thread started: TCC order-create 1-8
2026-09-10 10:04:12,439 INFO o.a.j.t.JMeterThread: Thread started: TCC order-create 1-9
2026-09-10 10:04:12,440 INFO o.a.j.t.JMeterThread: Thread started: TCC order-create 1-10
2026-09-10 10:04:12,441 INFO o.a.j.t.JMeterThread: Thread started: TCC order-create 1-11
2026-09-10 10:04:12,442 INFO o.a.j.t.JMeterThread: Thread started: TCC order-create 1-12
2026-09-10 10:04:12,443 INFO o.a.j.t.JMeterThread: Thread started: TCC order-create 1-13
2026-09-10 10:04:12,444 INFO o.a.j.t.JMeterThread: Thread started: TCC order-create 1-14
2026-09-10 10:04:12,446 INFO o.a.j.t.JMeterThread: Thread started: TCC order-create 1-15
2026-09-10 10:04:12,447 INFO o.a.j.t.JMeterThread: Thread started: TCC order-create 1-16
2026-09-10 10:04:12,448 INFO o.a.j.t.JMeterThread: Thread started: TCC order-create 1-17
2026-09-10 10:04:12,448 INFO o.a.j.t.JMeterThread: Thread started: TCC order-create 1-18
2026-09-10 10:04:12,449 INFO o.a.j.t.JMeterThread: Thread started: TCC order-create 1-19
2026-09-10 10:04:12,450 INFO o.a.j.t.JMeterThread: Thread started: TCC order-create 1-20
2026-09-10 10:04:12,450 INFO o.a.j.t.JMeterThread: Thread started: TCC order-create 1-21
2026-09-10 10:04:12,451 INFO o.a.j.t.JMeterThread: Thread started: TCC order-create 1-22
2026-09-10 10:04:12,451 INFO o.a.j.t.JMeterThread: Thread started: TCC order-create 1-23
2026-09-10 10:04:12,452 INFO o.a.j.t.JMeterThread: Thread started: TCC order-create 1-24
2026-09-10 10:04:12,453 INFO o.a.j.t.JMeterThread: Thread started: TCC order-create 1-25
2026-09-10 10:04:12,453 INFO o.a.j.t.JMeterThread: Thread started: TCC order-create 1-26
2026-09-10 10:04:12,454 INFO o.a.j.t.JMeterThread: Thread started: TCC order-create 1-27
2026-09-10 10:04:12,454 INFO o.a.j.t.JMeterThread: Thread started: TCC order-create 1-28
2026-09-10 10:04:12,455 INFO o.a.j.t.JMeterThread: Thread started: TCC order-create 1-29
2026-09-10 10:04:12,455 INFO o.a.j.t.JMeterThread: Thread started: TCC order-create 1-30
2026-09-10 10:04:12,456 INFO o.a.j.t.JMeterThread: Thread started: TCC order-create 1-31
2026-09-10 10:04:12,457 INFO o.a.j.t.JMeterThread: Thread started: TCC order-create 1-32
2026-09-10 10:04:12,458 INFO o.a.j.t.JMeterThread: Thread started: TCC order-create 1-33
2026-09-10 10:04:12,458 INFO o.a.j.t.JMeterThread: Thread started: TCC order-create 1-34
2026-09-10 10:04:12,459 INFO o.a.j.t.JMeterThread: Thread started: TCC order-create 1-35
2026-09-10 10:04:12,461 INFO o.a.j.t.JMeterThread: Thread started: TCC order-create 1-36
2026-09-10 10:04:12,461 INFO o.a.j.t.JMeterThread: Thread started: TCC order-create 1-37
2026-09-10 10:04:12,463 INFO o.a.j.t.JMeterThread: Thread started: TCC order-create 1-38
2026-09-10 10:04:12,464 INFO o.a.j.t.JMeterThread: Thread started: TCC order-create 1-39
2026-09-10 10:04:12,465 INFO o.a.j.t.JMeterThread: Thread started: TCC order-create 1-40
2026-09-10 10:04:12,466 INFO o.a.j.t.JMeterThread: Thread started: TCC order-create 1-41
2026-09-10 10:04:12,467 INFO o.a.j.t.JMeterThread: Thread started: TCC order-create 1-42
2026-09-10 10:04:12,467 INFO o.a.j.t.JMeterThread: Thread started: TCC order-create 1-43
2026-09-10 10:04:12,468 INFO o.a.j.t.JMeterThread: Thread started: TCC order-create 1-44
2026-09-10 10:04:12,469 INFO o.a.j.t.JMeterThread: Thread started: TCC order-create 1-45
2026-09-10 10:04:12,470 INFO o.a.j.t.JMeterThread: Thread started: TCC order-create 1-46
2026-09-10 10:04:12,470 INFO o.a.j.t.JMeterThread: Thread started: TCC order-create 1-47
2026-09-10 10:04:12,471 INFO o.a.j.t.JMeterThread: Thread started: TCC order-create 1-48
2026-09-10 10:04:12,472 INFO o.a.j.t.JMeterThread: Thread started: TCC order-create 1-49
2026-09-10 10:04:12,473 INFO o.a.j.t.JMeterThread: Thread started: TCC order-create 1-50
2026-09-10 10:04:12,474 INFO o.a.j.t.JMeterThread: Thread started: TCC order-create 1-51
2026-09-10 10:04:12,474 INFO o.a.j.t.JMeterThread: Thread started: TCC order-create 1-52
2026-09-10 10:04:12,475 INFO o.a.j.t.JMeterThread: Thread started: TCC order-create 1-53
2026-09-10 10:04:12,476 INFO o.a.j.t.JMeterThread: Thread started: TCC order-create 1-54
2026-09-10 10:04:12,477 INFO o.a.j.t.JMeterThread: Thread started: TCC order-create 1-55
2026-09-10 10:04:12,478 INFO o.a.j.t.JMeterThread: Thread started: TCC order-create 1-56
2026-09-10 10:04:12,479 INFO o.a.j.t.JMeterThread: Thread started: TCC order-create 1-57
2026-09-10 10:04:12,480 INFO o.a.j.t.JMeterThread: Thread started: TCC order-create 1-58
2026-09-10 10:04:12,481 INFO o.a.j.t.JMeterThread: Thread started: TCC order-create 1-59
2026-09-10 10:04:12,482 INFO o.a.j.t.JMeterThread: Thread started: TCC order-create 1-60
2026-09-10 10:04:12,483 INFO o.a.j.t.JMeterThread: Thread started: TCC order-create 1-61
2026-09-10 10:04:12,483 INFO o.a.j.t.JMeterThread: Thread started: TCC order-create 1-62
2026-09-10 10:04:12,484 INFO o.a.j.t.JMeterThread: Thread started: TCC order-create 1-63
2026-09-10 10:04:12,485 INFO o.a.j.t.JMeterThread: Thread started: TCC order-create 1-64
2026-09-10 10:04:12,486 INFO o.a.j.t.JMeterThread: Thread started: TCC order-create 1-65
2026-09-10 10:04:12,487 INFO o.a.j.t.JMeterThread: Thread started: TCC order-create 1-66
2026-09-10 10:04:12,488 INFO o.a.j.t.JMeterThread: Thread started: TCC order-create 1-67
2026-09-10 10:04:12,489 INFO o.a.j.t.JMeterThread: Thread started: TCC order-create 1-68
2026-09-10 10:04:12,490 INFO o.a.j.t.JMeterThread: Thread started: TCC order-create 1-69
2026-09-10 10:04:12,491 INFO o.a.j.t.JMeterThread: Thread started: TCC order-create 1-70
2026-09-10 10:04:12,491 INFO o.a.j.t.JMeterThread: Thread started: TCC order-create 1-71
2026-09-10 10:04:12,492 INFO o.a.j.t.JMeterThread: Thread started: TCC order-create 1-72
2026-09-10 10:04:12,493 INFO o.a.j.t.JMeterThread: Thread started: TCC order-create 1-73
2026-09-10 10:04:12,493 INFO o.a.j.t.JMeterThread: Thread started: TCC order-create 1-74
2026-09-10 10:04:12,494 INFO o.a.j.t.JMeterThread: Thread started: TCC order-create 1-75
2026-09-10 10:04:12,495 INFO o.a.j.t.JMeterThread: Thread started: TCC order-create 1-76
2026-09-10 10:04:12,496 INFO o.a.j.t.JMeterThread: Thread started: TCC order-create 1-77
2026-09-10 10:04:12,497 INFO o.a.j.t.JMeterThread: Thread started: TCC order-create 1-78
2026-09-10 10:04:12,497 INFO o.a.j.t.JMeterThread: Thread started: TCC order-create 1-79
2026-09-10 10:04:12,498 INFO o.a.j.t.JMeterThread: Thread started: TCC order-create 1-80
2026-09-10 10:04:12,500 INFO o.a.j.t.JMeterThread: Thread started: TCC order-create 1-81
2026-09-10 10:04:12,500 INFO o.a.j.t.JMeterThread: Thread started: TCC order-create 1-82
2026-09-10 10:04:12,500 INFO o.a.j.t.JMeterThread: Thread started: TCC order-create 1-83
2026-09-10 10:04:12,501 INFO o.a.j.t.JMeterThread: Thread started: TCC order-create 1-84
2026-09-10 10:04:12,502 INFO o.a.j.t.JMeterThread: Thread started: TCC order-create 1-85
2026-09-10 10:04:12,503 INFO o.a.j.t.JMeterThread: Thread started: TCC order-create 1-86
2026-09-10 10:04:12,503 INFO o.a.j.t.JMeterThread: Thread started: TCC order-create 1-87
2026-09-10 10:04:12,504 INFO o.a.j.t.JMeterThread: Thread started: TCC order-create 1-88
2026-09-10 10:04:12,505 INFO o.a.j.t.JMeterThread: Thread started: TCC order-create 1-89
2026-09-10 10:04:12,505 INFO o.a.j.t.JMeterThread: Thread started: TCC order-create 1-90
2026-09-10 10:04:12,506 INFO o.a.j.t.JMeterThread: Thread started: TCC order-create 1-91
2026-09-10 10:04:12,506 INFO o.a.j.t.JMeterThread: Thread started: TCC order-create 1-92
2026-09-10 10:04:12,507 INFO o.a.j.t.JMeterThread: Thread started: TCC order-create 1-93
2026-09-10 10:04:12,507 INFO o.a.j.t.JMeterThread: Thread started: TCC order-create 1-94
2026-09-10 10:04:12,508 INFO o.a.j.t.JMeterThread: Thread started: TCC order-create 1-95
2026-09-10 10:04:12,509 INFO o.a.j.t.JMeterThread: Thread started: TCC order-create 1-96
2026-09-10 10:04:12,510 INFO o.a.j.t.JMeterThread: Thread started: TCC order-create 1-97
2026-09-10 10:04:12,511 INFO o.a.j.t.JMeterThread: Thread started: TCC order-create 1-98
2026-09-10 10:04:12,512 INFO o.a.j.t.ThreadGroup: Started thread group number 1
2026-09-10 10:04:12,512 INFO o.a.j.e.StandardJMeterEngine: All thread groups have been started
2026-09-10 10:04:12,512 INFO o.a.j.t.JMeterThread: Thread started: TCC order-create 1-100
2026-09-10 10:04:12,513 INFO o.a.j.t.JMeterThread: Thread started: TCC order-create 1-99
2026-09-10 10:04:13,318 INFO o.a.j.p.h.s.HTTPHCAbstractImpl: Local host = pop-os
2026-09-10 10:04:13,325 INFO o.a.j.p.h.s.HTTPHC4Impl: HTTP request retry count = 0
2026-09-10 10:04:13,326 INFO o.a.j.s.SampleResult: Note: Sample TimeStamps are START times
2026-09-10 10:04:13,327 INFO o.a.j.s.SampleResult: sampleresult.default.encoding is set to UTF-8
2026-09-10 10:04:13,327 INFO o.a.j.s.SampleResult: sampleresult.useNanoTime=true
2026-09-10 10:04:13,327 INFO o.a.j.s.SampleResult: sampleresult.nanoThreadSleep=5000
2026-09-10 10:04:30,027 INFO o.a.j.r.Summariser: summary +    627 in 00:00:18 =   35.6/s Avg:  2438 Min:   103 Max:  2757 Err:     0 (0.00%) Active: 100 Started: 100 Finished: 0
2026-09-10 10:05:00,020 INFO o.a.j.r.Summariser: summary +   1132 in 00:00:30 =   37.7/s Avg:  2648 Min:  2572 Max:  2705 Err:     0 (0.00%) Active: 100 Started: 100 Finished: 0
2026-09-10 10:05:00,020 INFO o.a.j.r.Summariser: summary =   1759 in 00:00:48 =   36.9/s Avg:  2573 Min:   103 Max:  2757 Err:     0 (0.00%)
2026-09-10 10:05:30,024 INFO o.a.j.r.Summariser: summary +   1169 in 00:00:30 =   39.0/s Avg:  2568 Min:  2477 Max:  2739 Err:     0 (0.00%) Active: 100 Started: 100 Finished: 0
2026-09-10 10:05:30,024 INFO o.a.j.r.Summariser: summary =   2928 in 00:01:18 =   37.7/s Avg:  2571 Min:   103 Max:  2757 Err:     0 (0.00%)
2026-09-10 10:06:00,036 INFO o.a.j.r.Summariser: summary +   1116 in 00:00:30 =   37.2/s Avg:  2641 Min:  2491 Max:  3662 Err:     0 (0.00%) Active: 100 Started: 100 Finished: 0
2026-09-10 10:06:00,036 INFO o.a.j.r.Summariser: summary =   4044 in 00:01:48 =   37.6/s Avg:  2590 Min:   103 Max:  3662 Err:     0 (0.00%)
2026-09-10 10:06:12,467 INFO o.a.j.t.JMeterThread: Stopping because end time detected by thread: TCC order-create 1-43
2026-09-10 10:06:12,468 INFO o.a.j.t.JMeterThread: Thread finished: TCC order-create 1-43
2026-09-10 10:06:12,494 INFO o.a.j.t.JMeterThread: Stopping because end time detected by thread: TCC order-create 1-57
2026-09-10 10:06:12,494 INFO o.a.j.t.JMeterThread: Thread finished: TCC order-create 1-57
2026-09-10 10:06:12,520 INFO o.a.j.t.JMeterThread: Stopping because end time detected by thread: TCC order-create 1-20
2026-09-10 10:06:12,520 INFO o.a.j.t.JMeterThread: Thread finished: TCC order-create 1-20
2026-09-10 10:06:12,544 INFO o.a.j.t.JMeterThread: Stopping because end time detected by thread: TCC order-create 1-75
2026-09-10 10:06:12,545 INFO o.a.j.t.JMeterThread: Thread finished: TCC order-create 1-75
2026-09-10 10:06:12,570 INFO o.a.j.t.JMeterThread: Stopping because end time detected by thread: TCC order-create 1-64
2026-09-10 10:06:12,570 INFO o.a.j.t.JMeterThread: Thread finished: TCC order-create 1-64
2026-09-10 10:06:12,596 INFO o.a.j.t.JMeterThread: Stopping because end time detected by thread: TCC order-create 1-67
2026-09-10 10:06:12,596 INFO o.a.j.t.JMeterThread: Thread finished: TCC order-create 1-67
2026-09-10 10:06:12,621 INFO o.a.j.t.JMeterThread: Stopping because end time detected by thread: TCC order-create 1-6
2026-09-10 10:06:12,621 INFO o.a.j.t.JMeterThread: Thread finished: TCC order-create 1-6
2026-09-10 10:06:12,646 INFO o.a.j.t.JMeterThread: Stopping because end time detected by thread: TCC order-create 1-44
2026-09-10 10:06:12,647 INFO o.a.j.t.JMeterThread: Thread finished: TCC order-create 1-44
2026-09-10 10:06:12,671 INFO o.a.j.t.JMeterThread: Stopping because end time detected by thread: TCC order-create 1-4
2026-09-10 10:06:12,671 INFO o.a.j.t.JMeterThread: Thread finished: TCC order-create 1-4
2026-09-10 10:06:12,696 INFO o.a.j.t.JMeterThread: Stopping because end time detected by thread: TCC order-create 1-18
2026-09-10 10:06:12,696 INFO o.a.j.t.JMeterThread: Thread finished: TCC order-create 1-18
2026-09-10 10:06:12,721 INFO o.a.j.t.JMeterThread: Stopping because end time detected by thread: TCC order-create 1-91
2026-09-10 10:06:12,721 INFO o.a.j.t.JMeterThread: Thread finished: TCC order-create 1-91
2026-09-10 10:06:12,746 INFO o.a.j.t.JMeterThread: Stopping because end time detected by thread: TCC order-create 1-87
2026-09-10 10:06:12,746 INFO o.a.j.t.JMeterThread: Thread finished: TCC order-create 1-87
2026-09-10 10:06:12,773 INFO o.a.j.t.JMeterThread: Stopping because end time detected by thread: TCC order-create 1-2
2026-09-10 10:06:12,774 INFO o.a.j.t.JMeterThread: Thread finished: TCC order-create 1-2
2026-09-10 10:06:12,801 INFO o.a.j.t.JMeterThread: Stopping because end time detected by thread: TCC order-create 1-21
2026-09-10 10:06:12,801 INFO o.a.j.t.JMeterThread: Thread finished: TCC order-create 1-21
2026-09-10 10:06:12,826 INFO o.a.j.t.JMeterThread: Stopping because end time detected by thread: TCC order-create 1-41
2026-09-10 10:06:12,826 INFO o.a.j.t.JMeterThread: Thread finished: TCC order-create 1-41
2026-09-10 10:06:12,852 INFO o.a.j.t.JMeterThread: Stopping because end time detected by thread: TCC order-create 1-94
2026-09-10 10:06:12,852 INFO o.a.j.t.JMeterThread: Thread finished: TCC order-create 1-94
2026-09-10 10:06:12,877 INFO o.a.j.t.JMeterThread: Stopping because end time detected by thread: TCC order-create 1-30
2026-09-10 10:06:12,878 INFO o.a.j.t.JMeterThread: Thread finished: TCC order-create 1-30
2026-09-10 10:06:12,903 INFO o.a.j.t.JMeterThread: Stopping because end time detected by thread: TCC order-create 1-47
2026-09-10 10:06:12,903 INFO o.a.j.t.JMeterThread: Thread finished: TCC order-create 1-47
2026-09-10 10:06:12,928 INFO o.a.j.t.JMeterThread: Stopping because end time detected by thread: TCC order-create 1-49
2026-09-10 10:06:12,928 INFO o.a.j.t.JMeterThread: Thread finished: TCC order-create 1-49
2026-09-10 10:06:12,955 INFO o.a.j.t.JMeterThread: Stopping because end time detected by thread: TCC order-create 1-45
2026-09-10 10:06:12,955 INFO o.a.j.t.JMeterThread: Thread finished: TCC order-create 1-45
2026-09-10 10:06:12,982 INFO o.a.j.t.JMeterThread: Stopping because end time detected by thread: TCC order-create 1-80
2026-09-10 10:06:12,982 INFO o.a.j.t.JMeterThread: Thread finished: TCC order-create 1-80
2026-09-10 10:06:13,013 INFO o.a.j.t.JMeterThread: Stopping because end time detected by thread: TCC order-create 1-48
2026-09-10 10:06:13,013 INFO o.a.j.t.JMeterThread: Thread finished: TCC order-create 1-48
2026-09-10 10:06:13,037 INFO o.a.j.t.JMeterThread: Stopping because end time detected by thread: TCC order-create 1-69
2026-09-10 10:06:13,037 INFO o.a.j.t.JMeterThread: Thread finished: TCC order-create 1-69
2026-09-10 10:06:13,065 INFO o.a.j.t.JMeterThread: Stopping because end time detected by thread: TCC order-create 1-77
2026-09-10 10:06:13,065 INFO o.a.j.t.JMeterThread: Thread finished: TCC order-create 1-77
2026-09-10 10:06:13,089 INFO o.a.j.t.JMeterThread: Stopping because end time detected by thread: TCC order-create 1-52
2026-09-10 10:06:13,089 INFO o.a.j.t.JMeterThread: Thread finished: TCC order-create 1-52
2026-09-10 10:06:13,114 INFO o.a.j.t.JMeterThread: Stopping because end time detected by thread: TCC order-create 1-23
2026-09-10 10:06:13,114 INFO o.a.j.t.JMeterThread: Thread finished: TCC order-create 1-23
2026-09-10 10:06:13,140 INFO o.a.j.t.JMeterThread: Stopping because end time detected by thread: TCC order-create 1-60
2026-09-10 10:06:13,140 INFO o.a.j.t.JMeterThread: Thread finished: TCC order-create 1-60
2026-09-10 10:06:13,167 INFO o.a.j.t.JMeterThread: Stopping because end time detected by thread: TCC order-create 1-73
2026-09-10 10:06:13,167 INFO o.a.j.t.JMeterThread: Thread finished: TCC order-create 1-73
2026-09-10 10:06:13,191 INFO o.a.j.t.JMeterThread: Stopping because end time detected by thread: TCC order-create 1-55
2026-09-10 10:06:13,192 INFO o.a.j.t.JMeterThread: Thread finished: TCC order-create 1-55
2026-09-10 10:06:13,216 INFO o.a.j.t.JMeterThread: Stopping because end time detected by thread: TCC order-create 1-71
2026-09-10 10:06:13,216 INFO o.a.j.t.JMeterThread: Thread finished: TCC order-create 1-71
2026-09-10 10:06:13,240 INFO o.a.j.t.JMeterThread: Stopping because end time detected by thread: TCC order-create 1-11
2026-09-10 10:06:13,241 INFO o.a.j.t.JMeterThread: Thread finished: TCC order-create 1-11
2026-09-10 10:06:13,266 INFO o.a.j.t.JMeterThread: Stopping because end time detected by thread: TCC order-create 1-95
2026-09-10 10:06:13,267 INFO o.a.j.t.JMeterThread: Thread finished: TCC order-create 1-95
2026-09-10 10:06:13,291 INFO o.a.j.t.JMeterThread: Stopping because end time detected by thread: TCC order-create 1-93
2026-09-10 10:06:13,291 INFO o.a.j.t.JMeterThread: Thread finished: TCC order-create 1-93
2026-09-10 10:06:13,316 INFO o.a.j.t.JMeterThread: Stopping because end time detected by thread: TCC order-create 1-19
2026-09-10 10:06:13,316 INFO o.a.j.t.JMeterThread: Thread finished: TCC order-create 1-19
2026-09-10 10:06:13,343 INFO o.a.j.t.JMeterThread: Stopping because end time detected by thread: TCC order-create 1-24
2026-09-10 10:06:13,344 INFO o.a.j.t.JMeterThread: Thread finished: TCC order-create 1-24
2026-09-10 10:06:13,371 INFO o.a.j.t.JMeterThread: Stopping because end time detected by thread: TCC order-create 1-40
2026-09-10 10:06:13,371 INFO o.a.j.t.JMeterThread: Thread finished: TCC order-create 1-40
2026-09-10 10:06:13,396 INFO o.a.j.t.JMeterThread: Stopping because end time detected by thread: TCC order-create 1-9
2026-09-10 10:06:13,396 INFO o.a.j.t.JMeterThread: Thread finished: TCC order-create 1-9
2026-09-10 10:06:13,421 INFO o.a.j.t.JMeterThread: Stopping because end time detected by thread: TCC order-create 1-25
2026-09-10 10:06:13,422 INFO o.a.j.t.JMeterThread: Thread finished: TCC order-create 1-25
2026-09-10 10:06:13,446 INFO o.a.j.t.JMeterThread: Stopping because end time detected by thread: TCC order-create 1-17
2026-09-10 10:06:13,446 INFO o.a.j.t.JMeterThread: Thread finished: TCC order-create 1-17
2026-09-10 10:06:13,476 INFO o.a.j.t.JMeterThread: Stopping because end time detected by thread: TCC order-create 1-31
2026-09-10 10:06:13,476 INFO o.a.j.t.JMeterThread: Thread finished: TCC order-create 1-31
2026-09-10 10:06:13,500 INFO o.a.j.t.JMeterThread: Stopping because end time detected by thread: TCC order-create 1-70
2026-09-10 10:06:13,500 INFO o.a.j.t.JMeterThread: Thread finished: TCC order-create 1-70
2026-09-10 10:06:13,523 INFO o.a.j.t.JMeterThread: Stopping because end time detected by thread: TCC order-create 1-1
2026-09-10 10:06:13,523 INFO o.a.j.t.JMeterThread: Thread finished: TCC order-create 1-1
2026-09-10 10:06:13,546 INFO o.a.j.t.JMeterThread: Stopping because end time detected by thread: TCC order-create 1-3
2026-09-10 10:06:13,546 INFO o.a.j.t.JMeterThread: Thread finished: TCC order-create 1-3
2026-09-10 10:06:13,572 INFO o.a.j.t.JMeterThread: Stopping because end time detected by thread: TCC order-create 1-37
2026-09-10 10:06:13,572 INFO o.a.j.t.JMeterThread: Thread finished: TCC order-create 1-37
2026-09-10 10:06:13,596 INFO o.a.j.t.JMeterThread: Stopping because end time detected by thread: TCC order-create 1-53
2026-09-10 10:06:13,596 INFO o.a.j.t.JMeterThread: Thread finished: TCC order-create 1-53
2026-09-10 10:06:13,621 INFO o.a.j.t.JMeterThread: Stopping because end time detected by thread: TCC order-create 1-100
2026-09-10 10:06:13,622 INFO o.a.j.t.JMeterThread: Thread finished: TCC order-create 1-100
2026-09-10 10:06:13,647 INFO o.a.j.t.JMeterThread: Stopping because end time detected by thread: TCC order-create 1-14
2026-09-10 10:06:13,647 INFO o.a.j.t.JMeterThread: Thread finished: TCC order-create 1-14
2026-09-10 10:06:13,670 INFO o.a.j.t.JMeterThread: Stopping because end time detected by thread: TCC order-create 1-78
2026-09-10 10:06:13,670 INFO o.a.j.t.JMeterThread: Thread finished: TCC order-create 1-78
2026-09-10 10:06:13,693 INFO o.a.j.t.JMeterThread: Stopping because end time detected by thread: TCC order-create 1-83
2026-09-10 10:06:13,693 INFO o.a.j.t.JMeterThread: Thread finished: TCC order-create 1-83
2026-09-10 10:06:13,716 INFO o.a.j.t.JMeterThread: Stopping because end time detected by thread: TCC order-create 1-66
2026-09-10 10:06:13,716 INFO o.a.j.t.JMeterThread: Thread finished: TCC order-create 1-66
2026-09-10 10:06:13,740 INFO o.a.j.t.JMeterThread: Stopping because end time detected by thread: TCC order-create 1-62
2026-09-10 10:06:13,740 INFO o.a.j.t.JMeterThread: Thread finished: TCC order-create 1-62
2026-09-10 10:06:13,763 INFO o.a.j.t.JMeterThread: Stopping because end time detected by thread: TCC order-create 1-98
2026-09-10 10:06:13,763 INFO o.a.j.t.JMeterThread: Thread finished: TCC order-create 1-98
2026-09-10 10:06:13,786 INFO o.a.j.t.JMeterThread: Stopping because end time detected by thread: TCC order-create 1-7
2026-09-10 10:06:13,786 INFO o.a.j.t.JMeterThread: Thread finished: TCC order-create 1-7
2026-09-10 10:06:13,811 INFO o.a.j.t.JMeterThread: Stopping because end time detected by thread: TCC order-create 1-38
2026-09-10 10:06:13,811 INFO o.a.j.t.JMeterThread: Thread finished: TCC order-create 1-38
2026-09-10 10:06:13,838 INFO o.a.j.t.JMeterThread: Stopping because end time detected by thread: TCC order-create 1-65
2026-09-10 10:06:13,838 INFO o.a.j.t.JMeterThread: Thread finished: TCC order-create 1-65
2026-09-10 10:06:13,862 INFO o.a.j.t.JMeterThread: Stopping because end time detected by thread: TCC order-create 1-32
2026-09-10 10:06:13,862 INFO o.a.j.t.JMeterThread: Thread finished: TCC order-create 1-32
2026-09-10 10:06:13,887 INFO o.a.j.t.JMeterThread: Stopping because end time detected by thread: TCC order-create 1-36
2026-09-10 10:06:13,887 INFO o.a.j.t.JMeterThread: Thread finished: TCC order-create 1-36
2026-09-10 10:06:13,910 INFO o.a.j.t.JMeterThread: Stopping because end time detected by thread: TCC order-create 1-56
2026-09-10 10:06:13,910 INFO o.a.j.t.JMeterThread: Thread finished: TCC order-create 1-56
2026-09-10 10:06:13,936 INFO o.a.j.t.JMeterThread: Stopping because end time detected by thread: TCC order-create 1-13
2026-09-10 10:06:13,936 INFO o.a.j.t.JMeterThread: Thread finished: TCC order-create 1-13
2026-09-10 10:06:13,961 INFO o.a.j.t.JMeterThread: Stopping because end time detected by thread: TCC order-create 1-15
2026-09-10 10:06:13,961 INFO o.a.j.t.JMeterThread: Thread finished: TCC order-create 1-15
2026-09-10 10:06:13,985 INFO o.a.j.t.JMeterThread: Stopping because end time detected by thread: TCC order-create 1-74
2026-09-10 10:06:13,985 INFO o.a.j.t.JMeterThread: Thread finished: TCC order-create 1-74
2026-09-10 10:06:14,018 INFO o.a.j.t.JMeterThread: Stopping because end time detected by thread: TCC order-create 1-16
2026-09-10 10:06:14,018 INFO o.a.j.t.JMeterThread: Thread finished: TCC order-create 1-16
2026-09-10 10:06:14,046 INFO o.a.j.t.JMeterThread: Stopping because end time detected by thread: TCC order-create 1-84
2026-09-10 10:06:14,046 INFO o.a.j.t.JMeterThread: Thread finished: TCC order-create 1-84
2026-09-10 10:06:14,070 INFO o.a.j.t.JMeterThread: Stopping because end time detected by thread: TCC order-create 1-86
2026-09-10 10:06:14,070 INFO o.a.j.t.JMeterThread: Thread finished: TCC order-create 1-86
2026-09-10 10:06:14,095 INFO o.a.j.t.JMeterThread: Stopping because end time detected by thread: TCC order-create 1-58
2026-09-10 10:06:14,095 INFO o.a.j.t.JMeterThread: Thread finished: TCC order-create 1-58
2026-09-10 10:06:14,120 INFO o.a.j.t.JMeterThread: Stopping because end time detected by thread: TCC order-create 1-33
2026-09-10 10:06:14,120 INFO o.a.j.t.JMeterThread: Thread finished: TCC order-create 1-33
2026-09-10 10:06:14,147 INFO o.a.j.t.JMeterThread: Stopping because end time detected by thread: TCC order-create 1-8
2026-09-10 10:06:14,147 INFO o.a.j.t.JMeterThread: Thread finished: TCC order-create 1-8
2026-09-10 10:06:14,173 INFO o.a.j.t.JMeterThread: Stopping because end time detected by thread: TCC order-create 1-26
2026-09-10 10:06:14,173 INFO o.a.j.t.JMeterThread: Thread finished: TCC order-create 1-26
2026-09-10 10:06:14,199 INFO o.a.j.t.JMeterThread: Stopping because end time detected by thread: TCC order-create 1-72
2026-09-10 10:06:14,199 INFO o.a.j.t.JMeterThread: Thread finished: TCC order-create 1-72
2026-09-10 10:06:14,227 INFO o.a.j.t.JMeterThread: Stopping because end time detected by thread: TCC order-create 1-68
2026-09-10 10:06:14,227 INFO o.a.j.t.JMeterThread: Thread finished: TCC order-create 1-68
2026-09-10 10:06:14,252 INFO o.a.j.t.JMeterThread: Stopping because end time detected by thread: TCC order-create 1-5
2026-09-10 10:06:14,252 INFO o.a.j.t.JMeterThread: Thread finished: TCC order-create 1-5
2026-09-10 10:06:14,278 INFO o.a.j.t.JMeterThread: Stopping because end time detected by thread: TCC order-create 1-96
2026-09-10 10:06:14,278 INFO o.a.j.t.JMeterThread: Thread finished: TCC order-create 1-96
2026-09-10 10:06:14,305 INFO o.a.j.t.JMeterThread: Stopping because end time detected by thread: TCC order-create 1-10
2026-09-10 10:06:14,305 INFO o.a.j.t.JMeterThread: Thread finished: TCC order-create 1-10
2026-09-10 10:06:14,330 INFO o.a.j.t.JMeterThread: Stopping because end time detected by thread: TCC order-create 1-82
2026-09-10 10:06:14,330 INFO o.a.j.t.JMeterThread: Thread finished: TCC order-create 1-82
2026-09-10 10:06:14,357 INFO o.a.j.t.JMeterThread: Stopping because end time detected by thread: TCC order-create 1-35
2026-09-10 10:06:14,357 INFO o.a.j.t.JMeterThread: Thread finished: TCC order-create 1-35
2026-09-10 10:06:14,384 INFO o.a.j.t.JMeterThread: Stopping because end time detected by thread: TCC order-create 1-42
2026-09-10 10:06:14,384 INFO o.a.j.t.JMeterThread: Thread finished: TCC order-create 1-42
2026-09-10 10:06:14,411 INFO o.a.j.t.JMeterThread: Stopping because end time detected by thread: TCC order-create 1-50
2026-09-10 10:06:14,411 INFO o.a.j.t.JMeterThread: Thread finished: TCC order-create 1-50
2026-09-10 10:06:14,436 INFO o.a.j.t.JMeterThread: Stopping because end time detected by thread: TCC order-create 1-22
2026-09-10 10:06:14,437 INFO o.a.j.t.JMeterThread: Thread finished: TCC order-create 1-22
2026-09-10 10:06:14,462 INFO o.a.j.t.JMeterThread: Stopping because end time detected by thread: TCC order-create 1-63
2026-09-10 10:06:14,463 INFO o.a.j.t.JMeterThread: Thread finished: TCC order-create 1-63
2026-09-10 10:06:14,489 INFO o.a.j.t.JMeterThread: Stopping because end time detected by thread: TCC order-create 1-39
2026-09-10 10:06:14,490 INFO o.a.j.t.JMeterThread: Thread finished: TCC order-create 1-39
2026-09-10 10:06:14,516 INFO o.a.j.t.JMeterThread: Stopping because end time detected by thread: TCC order-create 1-61
2026-09-10 10:06:14,517 INFO o.a.j.t.JMeterThread: Thread finished: TCC order-create 1-61
2026-09-10 10:06:14,542 INFO o.a.j.t.JMeterThread: Stopping because end time detected by thread: TCC order-create 1-34
2026-09-10 10:06:14,542 INFO o.a.j.t.JMeterThread: Thread finished: TCC order-create 1-34
2026-09-10 10:06:14,569 INFO o.a.j.t.JMeterThread: Stopping because end time detected by thread: TCC order-create 1-54
2026-09-10 10:06:14,569 INFO o.a.j.t.JMeterThread: Thread finished: TCC order-create 1-54
2026-09-10 10:06:14,594 INFO o.a.j.t.JMeterThread: Stopping because end time detected by thread: TCC order-create 1-99
2026-09-10 10:06:14,594 INFO o.a.j.t.JMeterThread: Thread finished: TCC order-create 1-99
2026-09-10 10:06:14,622 INFO o.a.j.t.JMeterThread: Stopping because end time detected by thread: TCC order-create 1-29
2026-09-10 10:06:14,623 INFO o.a.j.t.JMeterThread: Thread finished: TCC order-create 1-29
2026-09-10 10:06:14,647 INFO o.a.j.t.JMeterThread: Stopping because end time detected by thread: TCC order-create 1-79
2026-09-10 10:06:14,647 INFO o.a.j.t.JMeterThread: Thread finished: TCC order-create 1-79
2026-09-10 10:06:14,672 INFO o.a.j.t.JMeterThread: Stopping because end time detected by thread: TCC order-create 1-76
2026-09-10 10:06:14,672 INFO o.a.j.t.JMeterThread: Thread finished: TCC order-create 1-76
2026-09-10 10:06:14,700 INFO o.a.j.t.JMeterThread: Stopping because end time detected by thread: TCC order-create 1-92
2026-09-10 10:06:14,700 INFO o.a.j.t.JMeterThread: Thread finished: TCC order-create 1-92
2026-09-10 10:06:14,729 INFO o.a.j.t.JMeterThread: Stopping because end time detected by thread: TCC order-create 1-46
2026-09-10 10:06:14,729 INFO o.a.j.t.JMeterThread: Thread finished: TCC order-create 1-46
2026-09-10 10:06:14,758 INFO o.a.j.t.JMeterThread: Stopping because end time detected by thread: TCC order-create 1-28
2026-09-10 10:06:14,758 INFO o.a.j.t.JMeterThread: Thread finished: TCC order-create 1-28
2026-09-10 10:06:14,783 INFO o.a.j.t.JMeterThread: Stopping because end time detected by thread: TCC order-create 1-51
2026-09-10 10:06:14,783 INFO o.a.j.t.JMeterThread: Thread finished: TCC order-create 1-51
2026-09-10 10:06:14,809 INFO o.a.j.t.JMeterThread: Stopping because end time detected by thread: TCC order-create 1-12
2026-09-10 10:06:14,810 INFO o.a.j.t.JMeterThread: Thread finished: TCC order-create 1-12
2026-09-10 10:06:14,837 INFO o.a.j.t.JMeterThread: Stopping because end time detected by thread: TCC order-create 1-81
2026-09-10 10:06:14,837 INFO o.a.j.t.JMeterThread: Thread finished: TCC order-create 1-81
2026-09-10 10:06:14,863 INFO o.a.j.t.JMeterThread: Stopping because end time detected by thread: TCC order-create 1-27
2026-09-10 10:06:14,864 INFO o.a.j.t.JMeterThread: Thread finished: TCC order-create 1-27
2026-09-10 10:06:14,890 INFO o.a.j.t.JMeterThread: Stopping because end time detected by thread: TCC order-create 1-97
2026-09-10 10:06:14,891 INFO o.a.j.t.JMeterThread: Thread finished: TCC order-create 1-97
2026-09-10 10:06:14,916 INFO o.a.j.t.JMeterThread: Stopping because end time detected by thread: TCC order-create 1-59
2026-09-10 10:06:14,916 INFO o.a.j.t.JMeterThread: Thread finished: TCC order-create 1-59
2026-09-10 10:06:14,942 INFO o.a.j.t.JMeterThread: Stopping because end time detected by thread: TCC order-create 1-85
2026-09-10 10:06:14,942 INFO o.a.j.t.JMeterThread: Thread finished: TCC order-create 1-85
2026-09-10 10:06:14,967 INFO o.a.j.t.JMeterThread: Stopping because end time detected by thread: TCC order-create 1-89
2026-09-10 10:06:14,967 INFO o.a.j.t.JMeterThread: Thread finished: TCC order-create 1-89
2026-09-10 10:06:14,992 INFO o.a.j.t.JMeterThread: Stopping because end time detected by thread: TCC order-create 1-90
2026-09-10 10:06:14,992 INFO o.a.j.t.JMeterThread: Thread finished: TCC order-create 1-90
2026-09-10 10:06:15,027 INFO o.a.j.t.JMeterThread: Stopping because end time detected by thread: TCC order-create 1-88
2026-09-10 10:06:15,027 INFO o.a.j.t.JMeterThread: Thread finished: TCC order-create 1-88
2026-09-10 10:06:15,027 INFO o.a.j.e.StandardJMeterEngine: Notifying test listeners of end of test
2026-09-10 10:06:15,030 INFO o.a.j.r.Summariser: summary +    572 in 00:00:15 =   38.1/s Avg:  2707 Min:  2524 Max:  3662 Err:     0 (0.00%) Active: 0 Started: 100 Finished: 100
2026-09-10 10:06:15,030 INFO o.a.j.r.Summariser: summary =   4616 in 00:02:03 =   37.6/s Avg:  2605 Min:   103 Max:  3662 Err:     0 (0.00%)
