2026-09-10 10:03:34,157 INFO o.a.j.u.JMeterUtils: Setting Locale to en_EN
2026-09-10 10:03:34,175 INFO o.a.j.JMeter: Loading user properties from: /home/avituo/projects/tcc/tcc-container/.tools/apache-jmeter-5.6.3/bin/user.properties
2026-09-10 10:03:34,175 INFO o.a.j.JMeter: Loading system properties from: /home/avituo/projects/tcc/tcc-container/.tools/apache-jmeter-5.6.3/bin/system.properties
2026-09-10 10:03:34,175 INFO o.a.j.JMeter: Loading additional properties from: /home/avituo/projects/tcc/tcc-container/benchmark/jmeter/benchmark.properties
2026-09-10 10:03:34,175 INFO o.a.j.JMeter: Loading additional properties from: /tmp/tcc-benchmark-auth.18cnaM/auth.properties
2026-09-10 10:03:34,175 INFO o.a.j.JMeter: Setting JMeter property: threads=100
2026-09-10 10:03:34,175 INFO o.a.j.JMeter: Setting JMeter property: duration_seconds=30
2026-09-10 10:03:34,175 INFO o.a.j.JMeter: Setting JMeter property: target_host=localhost
2026-09-10 10:03:34,175 INFO o.a.j.JMeter: Setting JMeter property: target_port=18000
2026-09-10 10:03:34,176 INFO o.a.j.JMeter: Setting JMeter property: tcc.order.id=1
2026-09-10 10:03:34,176 INFO o.a.j.JMeter: Setting JMeter property: repetition=2
2026-09-10 10:03:34,182 INFO o.a.j.JMeter: Copyright (c) 1998-2024 The Apache Software Foundation
2026-09-10 10:03:34,182 INFO o.a.j.JMeter: Version 5.6.3
2026-09-10 10:03:34,182 INFO o.a.j.JMeter: java.version=21.0.11
2026-09-10 10:03:34,182 INFO o.a.j.JMeter: java.vm.name=OpenJDK 64-Bit Server VM
2026-09-10 10:03:34,182 INFO o.a.j.JMeter: os.name=Linux
2026-09-10 10:03:34,182 INFO o.a.j.JMeter: os.arch=amd64
2026-09-10 10:03:34,182 INFO o.a.j.JMeter: os.version=7.0.11-76070011-generic
2026-09-10 10:03:34,182 INFO o.a.j.JMeter: file.encoding=UTF-8
2026-09-10 10:03:34,182 INFO o.a.j.JMeter: java.awt.headless=true
2026-09-10 10:03:34,183 INFO o.a.j.JMeter: Max memory     =1073741824
2026-09-10 10:03:34,183 INFO o.a.j.JMeter: Available Processors =16
2026-09-10 10:03:34,191 INFO o.a.j.JMeter: Default Locale=English (EN)
2026-09-10 10:03:34,192 INFO o.a.j.JMeter: JMeter  Locale=English (EN)
2026-09-10 10:03:34,192 INFO o.a.j.JMeter: JMeterHome=/home/avituo/projects/tcc/tcc-container/.tools/apache-jmeter-5.6.3
2026-09-10 10:03:34,192 INFO o.a.j.JMeter: user.dir  =/home/avituo/projects/tcc/tcc-container
2026-09-10 10:03:34,192 INFO o.a.j.JMeter: PWD       =/home/avituo/projects/tcc/tcc-container
2026-09-10 10:03:34,200 INFO o.a.j.JMeter: IP: 192.168.1.16 Name: pop-os FullName: pop-os.home
2026-09-10 10:03:34,212 INFO o.a.j.s.FileServer: Default base='/home/avituo/projects/tcc/tcc-container'
2026-09-10 10:03:34,214 INFO o.a.j.s.FileServer: Set new base='/home/avituo/projects/tcc/tcc-container/benchmark/jmeter'
2026-09-10 10:03:34,375 INFO o.a.j.s.SaveService: Testplan (JMX) version: 2.2. Testlog (JTL) version: 2.2
2026-09-10 10:03:34,400 INFO o.a.j.s.SaveService: Using SaveService properties version 5.0
2026-09-10 10:03:34,405 INFO o.a.j.s.SaveService: Using SaveService properties file encoding UTF-8
2026-09-10 10:03:34,408 INFO o.a.j.s.SaveService: Loading file: /home/avituo/projects/tcc/tcc-container/benchmark/jmeter/tcc-order-create-v1.jmx
2026-09-10 10:03:34,460 INFO o.a.j.p.h.s.HTTPSamplerBase: Parser for text/html is org.apache.jmeter.protocol.http.parser.LagartoBasedHtmlParser
2026-09-10 10:03:34,460 INFO o.a.j.p.h.s.HTTPSamplerBase: Parser for application/xhtml+xml is org.apache.jmeter.protocol.http.parser.LagartoBasedHtmlParser
2026-09-10 10:03:34,460 INFO o.a.j.p.h.s.HTTPSamplerBase: Parser for application/xml is org.apache.jmeter.protocol.http.parser.LagartoBasedHtmlParser
2026-09-10 10:03:34,460 INFO o.a.j.p.h.s.HTTPSamplerBase: Parser for text/xml is org.apache.jmeter.protocol.http.parser.LagartoBasedHtmlParser
2026-09-10 10:03:34,460 INFO o.a.j.p.h.s.HTTPSamplerBase: Parser for text/vnd.wap.wml is org.apache.jmeter.protocol.http.parser.RegexpHTMLParser
2026-09-10 10:03:34,460 INFO o.a.j.p.h.s.HTTPSamplerBase: Parser for text/css is org.apache.jmeter.protocol.http.parser.CssParser
2026-09-10 10:03:34,491 INFO o.a.j.JMeter: Creating summariser <summary>
2026-09-10 10:03:34,511 INFO o.a.j.e.StandardJMeterEngine: Running the test!
2026-09-10 10:03:34,512 INFO o.a.j.s.SampleEvent: List of sample_variables: []
2026-09-10 10:03:34,512 INFO o.a.j.s.SampleEvent: List of sample_variables: []
2026-09-10 10:03:34,519 INFO o.a.j.e.u.CompoundVariable: Note: Function class names must contain the string: '.functions.'
2026-09-10 10:03:34,519 INFO o.a.j.e.u.CompoundVariable: Note: Function class names must not contain the string: '.gui.'
2026-09-10 10:03:34,763 INFO o.a.j.JMeter: Running test (1789045414763)
2026-09-10 10:03:34,783 INFO o.a.j.e.StandardJMeterEngine: Starting ThreadGroup: 1 : TCC order-create
2026-09-10 10:03:34,784 INFO o.a.j.e.StandardJMeterEngine: Starting 100 threads for group TCC order-create.
2026-09-10 10:03:34,784 INFO o.a.j.e.StandardJMeterEngine: Thread will continue on error
2026-09-10 10:03:34,784 INFO o.a.j.t.ThreadGroup: Starting thread group... number=1 threads=100 ramp-up=0 delayedStart=false
2026-09-10 10:03:34,791 INFO o.a.j.t.JMeterThread: Thread started: TCC order-create 1-1
2026-09-10 10:03:34,790 INFO o.a.j.t.JMeterThread: Thread started: TCC order-create 1-2
2026-09-10 10:03:34,790 INFO o.a.j.t.JMeterThread: Thread started: TCC order-create 1-4
2026-09-10 10:03:34,791 INFO o.a.j.t.JMeterThread: Thread started: TCC order-create 1-3
2026-09-10 10:03:34,791 INFO o.a.j.t.JMeterThread: Thread started: TCC order-create 1-5
2026-09-10 10:03:34,792 INFO o.a.j.t.JMeterThread: Thread started: TCC order-create 1-6
2026-09-10 10:03:34,792 INFO o.a.j.t.JMeterThread: Thread started: TCC order-create 1-7
2026-09-10 10:03:34,793 INFO o.a.j.t.JMeterThread: Thread started: TCC order-create 1-8
2026-09-10 10:03:34,794 INFO o.a.j.t.JMeterThread: Thread started: TCC order-create 1-9
2026-09-10 10:03:34,794 INFO o.a.j.t.JMeterThread: Thread started: TCC order-create 1-10
2026-09-10 10:03:34,795 INFO o.a.j.t.JMeterThread: Thread started: TCC order-create 1-11
2026-09-10 10:03:34,796 INFO o.a.j.t.JMeterThread: Thread started: TCC order-create 1-12
2026-09-10 10:03:34,797 INFO o.a.j.t.JMeterThread: Thread started: TCC order-create 1-13
2026-09-10 10:03:34,797 INFO o.a.j.t.JMeterThread: Thread started: TCC order-create 1-14
2026-09-10 10:03:34,798 INFO o.a.j.t.JMeterThread: Thread started: TCC order-create 1-15
2026-09-10 10:03:34,800 INFO o.a.j.t.JMeterThread: Thread started: TCC order-create 1-16
2026-09-10 10:03:34,800 INFO o.a.j.t.JMeterThread: Thread started: TCC order-create 1-17
2026-09-10 10:03:34,801 INFO o.a.j.t.JMeterThread: Thread started: TCC order-create 1-18
2026-09-10 10:03:34,802 INFO o.a.j.t.JMeterThread: Thread started: TCC order-create 1-19
2026-09-10 10:03:34,802 INFO o.a.j.t.JMeterThread: Thread started: TCC order-create 1-20
2026-09-10 10:03:34,803 INFO o.a.j.t.JMeterThread: Thread started: TCC order-create 1-21
2026-09-10 10:03:34,803 INFO o.a.j.t.JMeterThread: Thread started: TCC order-create 1-22
2026-09-10 10:03:34,804 INFO o.a.j.t.JMeterThread: Thread started: TCC order-create 1-23
2026-09-10 10:03:34,805 INFO o.a.j.t.JMeterThread: Thread started: TCC order-create 1-24
2026-09-10 10:03:34,805 INFO o.a.j.t.JMeterThread: Thread started: TCC order-create 1-25
2026-09-10 10:03:34,805 INFO o.a.j.t.JMeterThread: Thread started: TCC order-create 1-26
2026-09-10 10:03:34,806 INFO o.a.j.t.JMeterThread: Thread started: TCC order-create 1-27
2026-09-10 10:03:34,806 INFO o.a.j.t.JMeterThread: Thread started: TCC order-create 1-28
2026-09-10 10:03:34,807 INFO o.a.j.t.JMeterThread: Thread started: TCC order-create 1-29
2026-09-10 10:03:34,807 INFO o.a.j.t.JMeterThread: Thread started: TCC order-create 1-30
2026-09-10 10:03:34,808 INFO o.a.j.t.JMeterThread: Thread started: TCC order-create 1-31
2026-09-10 10:03:34,808 INFO o.a.j.t.JMeterThread: Thread started: TCC order-create 1-32
2026-09-10 10:03:34,809 INFO o.a.j.t.JMeterThread: Thread started: TCC order-create 1-33
2026-09-10 10:03:34,809 INFO o.a.j.t.JMeterThread: Thread started: TCC order-create 1-34
2026-09-10 10:03:34,810 INFO o.a.j.t.JMeterThread: Thread started: TCC order-create 1-35
2026-09-10 10:03:34,811 INFO o.a.j.t.JMeterThread: Thread started: TCC order-create 1-36
2026-09-10 10:03:34,812 INFO o.a.j.t.JMeterThread: Thread started: TCC order-create 1-37
2026-09-10 10:03:34,813 INFO o.a.j.t.JMeterThread: Thread started: TCC order-create 1-38
2026-09-10 10:03:34,813 INFO o.a.j.t.JMeterThread: Thread started: TCC order-create 1-39
2026-09-10 10:03:34,815 INFO o.a.j.t.JMeterThread: Thread started: TCC order-create 1-40
2026-09-10 10:03:34,816 INFO o.a.j.t.JMeterThread: Thread started: TCC order-create 1-41
2026-09-10 10:03:34,818 INFO o.a.j.t.JMeterThread: Thread started: TCC order-create 1-42
2026-09-10 10:03:34,819 INFO o.a.j.t.JMeterThread: Thread started: TCC order-create 1-43
2026-09-10 10:03:34,819 INFO o.a.j.t.JMeterThread: Thread started: TCC order-create 1-44
2026-09-10 10:03:34,820 INFO o.a.j.t.JMeterThread: Thread started: TCC order-create 1-45
2026-09-10 10:03:34,820 INFO o.a.j.t.JMeterThread: Thread started: TCC order-create 1-46
2026-09-10 10:03:34,820 INFO o.a.j.t.JMeterThread: Thread started: TCC order-create 1-47
2026-09-10 10:03:34,821 INFO o.a.j.t.JMeterThread: Thread started: TCC order-create 1-48
2026-09-10 10:03:34,822 INFO o.a.j.t.JMeterThread: Thread started: TCC order-create 1-49
2026-09-10 10:03:34,824 INFO o.a.j.t.JMeterThread: Thread started: TCC order-create 1-50
2026-09-10 10:03:34,824 INFO o.a.j.t.JMeterThread: Thread started: TCC order-create 1-51
2026-09-10 10:03:34,825 INFO o.a.j.t.JMeterThread: Thread started: TCC order-create 1-52
2026-09-10 10:03:34,825 INFO o.a.j.t.JMeterThread: Thread started: TCC order-create 1-53
2026-09-10 10:03:34,826 INFO o.a.j.t.JMeterThread: Thread started: TCC order-create 1-54
2026-09-10 10:03:34,827 INFO o.a.j.t.JMeterThread: Thread started: TCC order-create 1-55
2026-09-10 10:03:34,827 INFO o.a.j.t.JMeterThread: Thread started: TCC order-create 1-56
2026-09-10 10:03:34,828 INFO o.a.j.t.JMeterThread: Thread started: TCC order-create 1-57
2026-09-10 10:03:34,829 INFO o.a.j.t.JMeterThread: Thread started: TCC order-create 1-58
2026-09-10 10:03:34,829 INFO o.a.j.t.JMeterThread: Thread started: TCC order-create 1-59
2026-09-10 10:03:34,830 INFO o.a.j.t.JMeterThread: Thread started: TCC order-create 1-60
2026-09-10 10:03:34,831 INFO o.a.j.t.JMeterThread: Thread started: TCC order-create 1-61
2026-09-10 10:03:34,832 INFO o.a.j.t.JMeterThread: Thread started: TCC order-create 1-63
2026-09-10 10:03:34,834 INFO o.a.j.t.JMeterThread: Thread started: TCC order-create 1-62
2026-09-10 10:03:34,834 INFO o.a.j.t.JMeterThread: Thread started: TCC order-create 1-64
2026-09-10 10:03:34,835 INFO o.a.j.t.JMeterThread: Thread started: TCC order-create 1-65
2026-09-10 10:03:34,836 INFO o.a.j.t.JMeterThread: Thread started: TCC order-create 1-66
2026-09-10 10:03:34,837 INFO o.a.j.t.JMeterThread: Thread started: TCC order-create 1-67
2026-09-10 10:03:34,838 INFO o.a.j.t.JMeterThread: Thread started: TCC order-create 1-68
2026-09-10 10:03:34,839 INFO o.a.j.t.JMeterThread: Thread started: TCC order-create 1-69
2026-09-10 10:03:34,839 INFO o.a.j.t.JMeterThread: Thread started: TCC order-create 1-70
2026-09-10 10:03:34,841 INFO o.a.j.t.JMeterThread: Thread started: TCC order-create 1-71
2026-09-10 10:03:34,841 INFO o.a.j.t.JMeterThread: Thread started: TCC order-create 1-72
2026-09-10 10:03:34,843 INFO o.a.j.t.JMeterThread: Thread started: TCC order-create 1-74
2026-09-10 10:03:34,844 INFO o.a.j.t.JMeterThread: Thread started: TCC order-create 1-75
2026-09-10 10:03:34,844 INFO o.a.j.t.JMeterThread: Thread started: TCC order-create 1-73
2026-09-10 10:03:34,845 INFO o.a.j.t.JMeterThread: Thread started: TCC order-create 1-76
2026-09-10 10:03:34,846 INFO o.a.j.t.JMeterThread: Thread started: TCC order-create 1-78
2026-09-10 10:03:34,845 INFO o.a.j.t.JMeterThread: Thread started: TCC order-create 1-77
2026-09-10 10:03:34,848 INFO o.a.j.t.JMeterThread: Thread started: TCC order-create 1-80
2026-09-10 10:03:34,848 INFO o.a.j.t.JMeterThread: Thread started: TCC order-create 1-79
2026-09-10 10:03:34,849 INFO o.a.j.t.JMeterThread: Thread started: TCC order-create 1-81
2026-09-10 10:03:34,849 INFO o.a.j.t.JMeterThread: Thread started: TCC order-create 1-82
2026-09-10 10:03:34,850 INFO o.a.j.t.JMeterThread: Thread started: TCC order-create 1-83
2026-09-10 10:03:34,851 INFO o.a.j.t.JMeterThread: Thread started: TCC order-create 1-84
2026-09-10 10:03:34,852 INFO o.a.j.t.JMeterThread: Thread started: TCC order-create 1-85
2026-09-10 10:03:34,853 INFO o.a.j.t.JMeterThread: Thread started: TCC order-create 1-86
2026-09-10 10:03:34,854 INFO o.a.j.t.JMeterThread: Thread started: TCC order-create 1-87
2026-09-10 10:03:34,854 INFO o.a.j.t.JMeterThread: Thread started: TCC order-create 1-88
2026-09-10 10:03:34,855 INFO o.a.j.t.JMeterThread: Thread started: TCC order-create 1-89
2026-09-10 10:03:34,858 INFO o.a.j.t.JMeterThread: Thread started: TCC order-create 1-90
2026-09-10 10:03:34,859 INFO o.a.j.t.JMeterThread: Thread started: TCC order-create 1-92
2026-09-10 10:03:34,859 INFO o.a.j.t.JMeterThread: Thread started: TCC order-create 1-91
2026-09-10 10:03:34,859 INFO o.a.j.t.JMeterThread: Thread started: TCC order-create 1-93
2026-09-10 10:03:34,860 INFO o.a.j.t.JMeterThread: Thread started: TCC order-create 1-94
2026-09-10 10:03:34,860 INFO o.a.j.t.JMeterThread: Thread started: TCC order-create 1-95
2026-09-10 10:03:34,861 INFO o.a.j.t.JMeterThread: Thread started: TCC order-create 1-96
2026-09-10 10:03:34,862 INFO o.a.j.t.JMeterThread: Thread started: TCC order-create 1-97
2026-09-10 10:03:34,862 INFO o.a.j.t.JMeterThread: Thread started: TCC order-create 1-98
2026-09-10 10:03:34,863 INFO o.a.j.t.JMeterThread: Thread started: TCC order-create 1-99
2026-09-10 10:03:34,864 INFO o.a.j.t.JMeterThread: Thread started: TCC order-create 1-100
2026-09-10 10:03:34,865 INFO o.a.j.t.ThreadGroup: Started thread group number 1
2026-09-10 10:03:34,865 INFO o.a.j.e.StandardJMeterEngine: All thread groups have been started
2026-09-10 10:03:35,700 INFO o.a.j.p.h.s.HTTPHCAbstractImpl: Local host = pop-os
2026-09-10 10:03:35,709 INFO o.a.j.p.h.s.HTTPHC4Impl: HTTP request retry count = 0
2026-09-10 10:03:35,711 INFO o.a.j.s.SampleResult: Note: Sample TimeStamps are START times
2026-09-10 10:03:35,711 INFO o.a.j.s.SampleResult: sampleresult.default.encoding is set to UTF-8
2026-09-10 10:03:35,711 INFO o.a.j.s.SampleResult: sampleresult.useNanoTime=true
2026-09-10 10:03:35,711 INFO o.a.j.s.SampleResult: sampleresult.nanoThreadSleep=5000
2026-09-10 10:04:00,032 INFO o.a.j.r.Summariser: summary +    905 in 00:00:25 =   35.8/s Avg:  2532 Min:   128 Max:  2792 Err:     0 (0.00%) Active: 100 Started: 100 Finished: 0
2026-09-10 10:04:04,803 INFO o.a.j.t.JMeterThread: Stopping because end time detected by thread: TCC order-create 1-14
2026-09-10 10:04:04,803 INFO o.a.j.t.JMeterThread: Thread finished: TCC order-create 1-14
2026-09-10 10:04:04,854 INFO o.a.j.t.JMeterThread: Stopping because end time detected by thread: TCC order-create 1-68
2026-09-10 10:04:04,855 INFO o.a.j.t.JMeterThread: Thread finished: TCC order-create 1-68
2026-09-10 10:04:04,883 INFO o.a.j.t.JMeterThread: Stopping because end time detected by thread: TCC order-create 1-95
2026-09-10 10:04:04,883 INFO o.a.j.t.JMeterThread: Thread finished: TCC order-create 1-95
2026-09-10 10:04:04,908 INFO o.a.j.t.JMeterThread: Stopping because end time detected by thread: TCC order-create 1-92
2026-09-10 10:04:04,908 INFO o.a.j.t.JMeterThread: Thread finished: TCC order-create 1-92
2026-09-10 10:04:04,932 INFO o.a.j.t.JMeterThread: Stopping because end time detected by thread: TCC order-create 1-93
2026-09-10 10:04:04,932 INFO o.a.j.t.JMeterThread: Thread finished: TCC order-create 1-93
2026-09-10 10:04:04,958 INFO o.a.j.t.JMeterThread: Stopping because end time detected by thread: TCC order-create 1-10
2026-09-10 10:04:04,958 INFO o.a.j.t.JMeterThread: Thread finished: TCC order-create 1-10
2026-09-10 10:04:04,988 INFO o.a.j.t.JMeterThread: Stopping because end time detected by thread: TCC order-create 1-66
2026-09-10 10:04:04,988 INFO o.a.j.t.JMeterThread: Thread finished: TCC order-create 1-66
2026-09-10 10:04:05,020 INFO o.a.j.t.JMeterThread: Stopping because end time detected by thread: TCC order-create 1-30
2026-09-10 10:04:05,020 INFO o.a.j.t.JMeterThread: Thread finished: TCC order-create 1-30
2026-09-10 10:04:05,046 INFO o.a.j.t.JMeterThread: Stopping because end time detected by thread: TCC order-create 1-70
2026-09-10 10:04:05,046 INFO o.a.j.t.JMeterThread: Thread finished: TCC order-create 1-70
2026-09-10 10:04:05,071 INFO o.a.j.t.JMeterThread: Stopping because end time detected by thread: TCC order-create 1-27
2026-09-10 10:04:05,071 INFO o.a.j.t.JMeterThread: Thread finished: TCC order-create 1-27
2026-09-10 10:04:05,098 INFO o.a.j.t.JMeterThread: Stopping because end time detected by thread: TCC order-create 1-82
2026-09-10 10:04:05,098 INFO o.a.j.t.JMeterThread: Thread finished: TCC order-create 1-82
2026-09-10 10:04:05,124 INFO o.a.j.t.JMeterThread: Stopping because end time detected by thread: TCC order-create 1-38
2026-09-10 10:04:05,124 INFO o.a.j.t.JMeterThread: Thread finished: TCC order-create 1-38
2026-09-10 10:04:05,151 INFO o.a.j.t.JMeterThread: Stopping because end time detected by thread: TCC order-create 1-12
2026-09-10 10:04:05,151 INFO o.a.j.t.JMeterThread: Thread finished: TCC order-create 1-12
2026-09-10 10:04:05,181 INFO o.a.j.t.JMeterThread: Stopping because end time detected by thread: TCC order-create 1-85
2026-09-10 10:04:05,181 INFO o.a.j.t.JMeterThread: Thread finished: TCC order-create 1-85
2026-09-10 10:04:05,208 INFO o.a.j.t.JMeterThread: Stopping because end time detected by thread: TCC order-create 1-57
2026-09-10 10:04:05,208 INFO o.a.j.t.JMeterThread: Thread finished: TCC order-create 1-57
2026-09-10 10:04:05,234 INFO o.a.j.t.JMeterThread: Stopping because end time detected by thread: TCC order-create 1-21
2026-09-10 10:04:05,234 INFO o.a.j.t.JMeterThread: Thread finished: TCC order-create 1-21
2026-09-10 10:04:05,260 INFO o.a.j.t.JMeterThread: Stopping because end time detected by thread: TCC order-create 1-37
2026-09-10 10:04:05,260 INFO o.a.j.t.JMeterThread: Thread finished: TCC order-create 1-37
2026-09-10 10:04:05,286 INFO o.a.j.t.JMeterThread: Stopping because end time detected by thread: TCC order-create 1-63
2026-09-10 10:04:05,286 INFO o.a.j.t.JMeterThread: Thread finished: TCC order-create 1-63
2026-09-10 10:04:05,316 INFO o.a.j.t.JMeterThread: Stopping because end time detected by thread: TCC order-create 1-79
2026-09-10 10:04:05,316 INFO o.a.j.t.JMeterThread: Thread finished: TCC order-create 1-79
2026-09-10 10:04:05,341 INFO o.a.j.t.JMeterThread: Stopping because end time detected by thread: TCC order-create 1-87
2026-09-10 10:04:05,341 INFO o.a.j.t.JMeterThread: Thread finished: TCC order-create 1-87
2026-09-10 10:04:05,367 INFO o.a.j.t.JMeterThread: Stopping because end time detected by thread: TCC order-create 1-73
2026-09-10 10:04:05,367 INFO o.a.j.t.JMeterThread: Thread finished: TCC order-create 1-73
2026-09-10 10:04:05,395 INFO o.a.j.t.JMeterThread: Stopping because end time detected by thread: TCC order-create 1-20
2026-09-10 10:04:05,395 INFO o.a.j.t.JMeterThread: Thread finished: TCC order-create 1-20
2026-09-10 10:04:05,424 INFO o.a.j.t.JMeterThread: Stopping because end time detected by thread: TCC order-create 1-98
2026-09-10 10:04:05,424 INFO o.a.j.t.JMeterThread: Thread finished: TCC order-create 1-98
2026-09-10 10:04:05,452 INFO o.a.j.t.JMeterThread: Stopping because end time detected by thread: TCC order-create 1-13
2026-09-10 10:04:05,452 INFO o.a.j.t.JMeterThread: Thread finished: TCC order-create 1-13
2026-09-10 10:04:05,477 INFO o.a.j.t.JMeterThread: Stopping because end time detected by thread: TCC order-create 1-75
2026-09-10 10:04:05,477 INFO o.a.j.t.JMeterThread: Thread finished: TCC order-create 1-75
2026-09-10 10:04:05,506 INFO o.a.j.t.JMeterThread: Stopping because end time detected by thread: TCC order-create 1-49
2026-09-10 10:04:05,506 INFO o.a.j.t.JMeterThread: Thread finished: TCC order-create 1-49
2026-09-10 10:04:05,535 INFO o.a.j.t.JMeterThread: Stopping because end time detected by thread: TCC order-create 1-39
2026-09-10 10:04:05,535 INFO o.a.j.t.JMeterThread: Thread finished: TCC order-create 1-39
2026-09-10 10:04:05,562 INFO o.a.j.t.JMeterThread: Stopping because end time detected by thread: TCC order-create 1-11
2026-09-10 10:04:05,562 INFO o.a.j.t.JMeterThread: Thread finished: TCC order-create 1-11
2026-09-10 10:04:05,589 INFO o.a.j.t.JMeterThread: Stopping because end time detected by thread: TCC order-create 1-69
2026-09-10 10:04:05,589 INFO o.a.j.t.JMeterThread: Thread finished: TCC order-create 1-69
2026-09-10 10:04:05,615 INFO o.a.j.t.JMeterThread: Stopping because end time detected by thread: TCC order-create 1-50
2026-09-10 10:04:05,615 INFO o.a.j.t.JMeterThread: Thread finished: TCC order-create 1-50
2026-09-10 10:04:05,642 INFO o.a.j.t.JMeterThread: Stopping because end time detected by thread: TCC order-create 1-9
2026-09-10 10:04:05,642 INFO o.a.j.t.JMeterThread: Thread finished: TCC order-create 1-9
2026-09-10 10:04:05,667 INFO o.a.j.t.JMeterThread: Stopping because end time detected by thread: TCC order-create 1-90
2026-09-10 10:04:05,668 INFO o.a.j.t.JMeterThread: Thread finished: TCC order-create 1-90
2026-09-10 10:04:05,695 INFO o.a.j.t.JMeterThread: Stopping because end time detected by thread: TCC order-create 1-35
2026-09-10 10:04:05,696 INFO o.a.j.t.JMeterThread: Thread finished: TCC order-create 1-35
2026-09-10 10:04:05,723 INFO o.a.j.t.JMeterThread: Stopping because end time detected by thread: TCC order-create 1-5
2026-09-10 10:04:05,724 INFO o.a.j.t.JMeterThread: Thread finished: TCC order-create 1-5
2026-09-10 10:04:05,749 INFO o.a.j.t.JMeterThread: Stopping because end time detected by thread: TCC order-create 1-67
2026-09-10 10:04:05,749 INFO o.a.j.t.JMeterThread: Thread finished: TCC order-create 1-67
2026-09-10 10:04:05,774 INFO o.a.j.t.JMeterThread: Stopping because end time detected by thread: TCC order-create 1-88
2026-09-10 10:04:05,774 INFO o.a.j.t.JMeterThread: Thread finished: TCC order-create 1-88
2026-09-10 10:04:05,803 INFO o.a.j.t.JMeterThread: Stopping because end time detected by thread: TCC order-create 1-29
2026-09-10 10:04:05,803 INFO o.a.j.t.JMeterThread: Thread finished: TCC order-create 1-29
2026-09-10 10:04:05,830 INFO o.a.j.t.JMeterThread: Stopping because end time detected by thread: TCC order-create 1-53
2026-09-10 10:04:05,830 INFO o.a.j.t.JMeterThread: Thread finished: TCC order-create 1-53
2026-09-10 10:04:05,856 INFO o.a.j.t.JMeterThread: Stopping because end time detected by thread: TCC order-create 1-83
2026-09-10 10:04:05,856 INFO o.a.j.t.JMeterThread: Thread finished: TCC order-create 1-83
2026-09-10 10:04:05,888 INFO o.a.j.t.JMeterThread: Stopping because end time detected by thread: TCC order-create 1-48
2026-09-10 10:04:05,888 INFO o.a.j.t.JMeterThread: Thread finished: TCC order-create 1-48
2026-09-10 10:04:05,916 INFO o.a.j.t.JMeterThread: Stopping because end time detected by thread: TCC order-create 1-54
2026-09-10 10:04:05,916 INFO o.a.j.t.JMeterThread: Thread finished: TCC order-create 1-54
2026-09-10 10:04:05,942 INFO o.a.j.t.JMeterThread: Stopping because end time detected by thread: TCC order-create 1-59
2026-09-10 10:04:05,943 INFO o.a.j.t.JMeterThread: Thread finished: TCC order-create 1-59
2026-09-10 10:04:05,969 INFO o.a.j.t.JMeterThread: Stopping because end time detected by thread: TCC order-create 1-81
2026-09-10 10:04:05,969 INFO o.a.j.t.JMeterThread: Thread finished: TCC order-create 1-81
2026-09-10 10:04:05,994 INFO o.a.j.t.JMeterThread: Stopping because end time detected by thread: TCC order-create 1-97
2026-09-10 10:04:05,994 INFO o.a.j.t.JMeterThread: Thread finished: TCC order-create 1-97
2026-09-10 10:04:06,028 INFO o.a.j.t.JMeterThread: Stopping because end time detected by thread: TCC order-create 1-71
2026-09-10 10:04:06,028 INFO o.a.j.t.JMeterThread: Thread finished: TCC order-create 1-71
2026-09-10 10:04:06,054 INFO o.a.j.t.JMeterThread: Stopping because end time detected by thread: TCC order-create 1-91
2026-09-10 10:04:06,054 INFO o.a.j.t.JMeterThread: Thread finished: TCC order-create 1-91
2026-09-10 10:04:06,080 INFO o.a.j.t.JMeterThread: Stopping because end time detected by thread: TCC order-create 1-64
2026-09-10 10:04:06,080 INFO o.a.j.t.JMeterThread: Thread finished: TCC order-create 1-64
2026-09-10 10:04:06,105 INFO o.a.j.t.JMeterThread: Stopping because end time detected by thread: TCC order-create 1-28
2026-09-10 10:04:06,105 INFO o.a.j.t.JMeterThread: Thread finished: TCC order-create 1-28
2026-09-10 10:04:06,131 INFO o.a.j.t.JMeterThread: Stopping because end time detected by thread: TCC order-create 1-7
2026-09-10 10:04:06,132 INFO o.a.j.t.JMeterThread: Thread finished: TCC order-create 1-7
2026-09-10 10:04:06,157 INFO o.a.j.t.JMeterThread: Stopping because end time detected by thread: TCC order-create 1-77
2026-09-10 10:04:06,157 INFO o.a.j.t.JMeterThread: Thread finished: TCC order-create 1-77
2026-09-10 10:04:06,184 INFO o.a.j.t.JMeterThread: Stopping because end time detected by thread: TCC order-create 1-45
2026-09-10 10:04:06,185 INFO o.a.j.t.JMeterThread: Thread finished: TCC order-create 1-45
2026-09-10 10:04:06,211 INFO o.a.j.t.JMeterThread: Stopping because end time detected by thread: TCC order-create 1-72
2026-09-10 10:04:06,211 INFO o.a.j.t.JMeterThread: Thread finished: TCC order-create 1-72
2026-09-10 10:04:06,237 INFO o.a.j.t.JMeterThread: Stopping because end time detected by thread: TCC order-create 1-6
2026-09-10 10:04:06,237 INFO o.a.j.t.JMeterThread: Thread finished: TCC order-create 1-6
2026-09-10 10:04:06,263 INFO o.a.j.t.JMeterThread: Stopping because end time detected by thread: TCC order-create 1-89
2026-09-10 10:04:06,263 INFO o.a.j.t.JMeterThread: Thread finished: TCC order-create 1-89
2026-09-10 10:04:06,290 INFO o.a.j.t.JMeterThread: Stopping because end time detected by thread: TCC order-create 1-16
2026-09-10 10:04:06,290 INFO o.a.j.t.JMeterThread: Thread finished: TCC order-create 1-16
2026-09-10 10:04:06,317 INFO o.a.j.t.JMeterThread: Stopping because end time detected by thread: TCC order-create 1-18
2026-09-10 10:04:06,317 INFO o.a.j.t.JMeterThread: Thread finished: TCC order-create 1-18
2026-09-10 10:04:06,344 INFO o.a.j.t.JMeterThread: Stopping because end time detected by thread: TCC order-create 1-1
2026-09-10 10:04:06,344 INFO o.a.j.t.JMeterThread: Thread finished: TCC order-create 1-1
2026-09-10 10:04:06,371 INFO o.a.j.t.JMeterThread: Stopping because end time detected by thread: TCC order-create 1-23
2026-09-10 10:04:06,371 INFO o.a.j.t.JMeterThread: Thread finished: TCC order-create 1-23
2026-09-10 10:04:06,396 INFO o.a.j.t.JMeterThread: Stopping because end time detected by thread: TCC order-create 1-80
2026-09-10 10:04:06,396 INFO o.a.j.t.JMeterThread: Thread finished: TCC order-create 1-80
2026-09-10 10:04:06,423 INFO o.a.j.t.JMeterThread: Stopping because end time detected by thread: TCC order-create 1-4
2026-09-10 10:04:06,423 INFO o.a.j.t.JMeterThread: Thread finished: TCC order-create 1-4
2026-09-10 10:04:06,448 INFO o.a.j.t.JMeterThread: Stopping because end time detected by thread: TCC order-create 1-100
2026-09-10 10:04:06,448 INFO o.a.j.t.JMeterThread: Thread finished: TCC order-create 1-100
2026-09-10 10:04:06,477 INFO o.a.j.t.JMeterThread: Stopping because end time detected by thread: TCC order-create 1-19
2026-09-10 10:04:06,477 INFO o.a.j.t.JMeterThread: Thread finished: TCC order-create 1-19
2026-09-10 10:04:06,505 INFO o.a.j.t.JMeterThread: Stopping because end time detected by thread: TCC order-create 1-65
2026-09-10 10:04:06,505 INFO o.a.j.t.JMeterThread: Thread finished: TCC order-create 1-65
2026-09-10 10:04:06,533 INFO o.a.j.t.JMeterThread: Stopping because end time detected by thread: TCC order-create 1-41
2026-09-10 10:04:06,533 INFO o.a.j.t.JMeterThread: Thread finished: TCC order-create 1-41
2026-09-10 10:04:06,561 INFO o.a.j.t.JMeterThread: Stopping because end time detected by thread: TCC order-create 1-52
2026-09-10 10:04:06,561 INFO o.a.j.t.JMeterThread: Thread finished: TCC order-create 1-52
2026-09-10 10:04:06,589 INFO o.a.j.t.JMeterThread: Stopping because end time detected by thread: TCC order-create 1-26
2026-09-10 10:04:06,589 INFO o.a.j.t.JMeterThread: Thread finished: TCC order-create 1-26
2026-09-10 10:04:06,616 INFO o.a.j.t.JMeterThread: Stopping because end time detected by thread: TCC order-create 1-40
2026-09-10 10:04:06,616 INFO o.a.j.t.JMeterThread: Thread finished: TCC order-create 1-40
2026-09-10 10:04:06,641 INFO o.a.j.t.JMeterThread: Stopping because end time detected by thread: TCC order-create 1-56
2026-09-10 10:04:06,641 INFO o.a.j.t.JMeterThread: Thread finished: TCC order-create 1-56
2026-09-10 10:04:06,667 INFO o.a.j.t.JMeterThread: Stopping because end time detected by thread: TCC order-create 1-31
2026-09-10 10:04:06,668 INFO o.a.j.t.JMeterThread: Thread finished: TCC order-create 1-31
2026-09-10 10:04:06,695 INFO o.a.j.t.JMeterThread: Stopping because end time detected by thread: TCC order-create 1-36
2026-09-10 10:04:06,696 INFO o.a.j.t.JMeterThread: Thread finished: TCC order-create 1-36
2026-09-10 10:04:06,723 INFO o.a.j.t.JMeterThread: Stopping because end time detected by thread: TCC order-create 1-34
2026-09-10 10:04:06,723 INFO o.a.j.t.JMeterThread: Thread finished: TCC order-create 1-34
2026-09-10 10:04:06,750 INFO o.a.j.t.JMeterThread: Stopping because end time detected by thread: TCC order-create 1-22
2026-09-10 10:04:06,750 INFO o.a.j.t.JMeterThread: Thread finished: TCC order-create 1-22
2026-09-10 10:04:06,777 INFO o.a.j.t.JMeterThread: Stopping because end time detected by thread: TCC order-create 1-42
2026-09-10 10:04:06,777 INFO o.a.j.t.JMeterThread: Thread finished: TCC order-create 1-42
2026-09-10 10:04:06,804 INFO o.a.j.t.JMeterThread: Stopping because end time detected by thread: TCC order-create 1-32
2026-09-10 10:04:06,804 INFO o.a.j.t.JMeterThread: Thread finished: TCC order-create 1-32
2026-09-10 10:04:06,830 INFO o.a.j.t.JMeterThread: Stopping because end time detected by thread: TCC order-create 1-60
2026-09-10 10:04:06,830 INFO o.a.j.t.JMeterThread: Thread finished: TCC order-create 1-60
2026-09-10 10:04:06,858 INFO o.a.j.t.JMeterThread: Stopping because end time detected by thread: TCC order-create 1-61
2026-09-10 10:04:06,858 INFO o.a.j.t.JMeterThread: Thread finished: TCC order-create 1-61
2026-09-10 10:04:06,884 INFO o.a.j.t.JMeterThread: Stopping because end time detected by thread: TCC order-create 1-74
2026-09-10 10:04:06,884 INFO o.a.j.t.JMeterThread: Thread finished: TCC order-create 1-74
2026-09-10 10:04:06,909 INFO o.a.j.t.JMeterThread: Stopping because end time detected by thread: TCC order-create 1-47
2026-09-10 10:04:06,909 INFO o.a.j.t.JMeterThread: Thread finished: TCC order-create 1-47
2026-09-10 10:04:06,933 INFO o.a.j.t.JMeterThread: Stopping because end time detected by thread: TCC order-create 1-51
2026-09-10 10:04:06,933 INFO o.a.j.t.JMeterThread: Thread finished: TCC order-create 1-51
2026-09-10 10:04:06,960 INFO o.a.j.t.JMeterThread: Stopping because end time detected by thread: TCC order-create 1-99
2026-09-10 10:04:06,960 INFO o.a.j.t.JMeterThread: Thread finished: TCC order-create 1-99
2026-09-10 10:04:06,984 INFO o.a.j.t.JMeterThread: Stopping because end time detected by thread: TCC order-create 1-84
2026-09-10 10:04:06,984 INFO o.a.j.t.JMeterThread: Thread finished: TCC order-create 1-84
2026-09-10 10:04:07,018 INFO o.a.j.t.JMeterThread: Stopping because end time detected by thread: TCC order-create 1-86
2026-09-10 10:04:07,018 INFO o.a.j.t.JMeterThread: Thread finished: TCC order-create 1-86
2026-09-10 10:04:07,044 INFO o.a.j.t.JMeterThread: Stopping because end time detected by thread: TCC order-create 1-62
2026-09-10 10:04:07,044 INFO o.a.j.t.JMeterThread: Thread finished: TCC order-create 1-62
2026-09-10 10:04:07,071 INFO o.a.j.t.JMeterThread: Stopping because end time detected by thread: TCC order-create 1-33
2026-09-10 10:04:07,071 INFO o.a.j.t.JMeterThread: Thread finished: TCC order-create 1-33
2026-09-10 10:04:07,098 INFO o.a.j.t.JMeterThread: Stopping because end time detected by thread: TCC order-create 1-55
2026-09-10 10:04:07,099 INFO o.a.j.t.JMeterThread: Thread finished: TCC order-create 1-55
2026-09-10 10:04:07,124 INFO o.a.j.t.JMeterThread: Stopping because end time detected by thread: TCC order-create 1-17
2026-09-10 10:04:07,124 INFO o.a.j.t.JMeterThread: Thread finished: TCC order-create 1-17
2026-09-10 10:04:07,152 INFO o.a.j.t.JMeterThread: Stopping because end time detected by thread: TCC order-create 1-43
2026-09-10 10:04:07,152 INFO o.a.j.t.JMeterThread: Thread finished: TCC order-create 1-43
2026-09-10 10:04:07,178 INFO o.a.j.t.JMeterThread: Stopping because end time detected by thread: TCC order-create 1-46
2026-09-10 10:04:07,179 INFO o.a.j.t.JMeterThread: Thread finished: TCC order-create 1-46
2026-09-10 10:04:07,205 INFO o.a.j.t.JMeterThread: Stopping because end time detected by thread: TCC order-create 1-44
2026-09-10 10:04:07,206 INFO o.a.j.t.JMeterThread: Thread finished: TCC order-create 1-44
2026-09-10 10:04:07,232 INFO o.a.j.t.JMeterThread: Stopping because end time detected by thread: TCC order-create 1-2
2026-09-10 10:04:07,232 INFO o.a.j.t.JMeterThread: Thread finished: TCC order-create 1-2
2026-09-10 10:04:07,258 INFO o.a.j.t.JMeterThread: Stopping because end time detected by thread: TCC order-create 1-15
2026-09-10 10:04:07,258 INFO o.a.j.t.JMeterThread: Thread finished: TCC order-create 1-15
2026-09-10 10:04:07,284 INFO o.a.j.t.JMeterThread: Stopping because end time detected by thread: TCC order-create 1-24
2026-09-10 10:04:07,284 INFO o.a.j.t.JMeterThread: Thread finished: TCC order-create 1-24
2026-09-10 10:04:07,310 INFO o.a.j.t.JMeterThread: Stopping because end time detected by thread: TCC order-create 1-58
2026-09-10 10:04:07,311 INFO o.a.j.t.JMeterThread: Thread finished: TCC order-create 1-58
2026-09-10 10:04:07,337 INFO o.a.j.t.JMeterThread: Stopping because end time detected by thread: TCC order-create 1-96
2026-09-10 10:04:07,337 INFO o.a.j.t.JMeterThread: Thread finished: TCC order-create 1-96
2026-09-10 10:04:07,364 INFO o.a.j.t.JMeterThread: Stopping because end time detected by thread: TCC order-create 1-3
2026-09-10 10:04:07,364 INFO o.a.j.t.JMeterThread: Thread finished: TCC order-create 1-3
2026-09-10 10:04:07,390 INFO o.a.j.t.JMeterThread: Stopping because end time detected by thread: TCC order-create 1-8
2026-09-10 10:04:07,390 INFO o.a.j.t.JMeterThread: Thread finished: TCC order-create 1-8
2026-09-10 10:04:07,416 INFO o.a.j.t.JMeterThread: Stopping because end time detected by thread: TCC order-create 1-25
2026-09-10 10:04:07,416 INFO o.a.j.t.JMeterThread: Thread finished: TCC order-create 1-25
2026-09-10 10:04:07,441 INFO o.a.j.t.JMeterThread: Stopping because end time detected by thread: TCC order-create 1-76
2026-09-10 10:04:07,441 INFO o.a.j.t.JMeterThread: Thread finished: TCC order-create 1-76
2026-09-10 10:04:07,470 INFO o.a.j.t.JMeterThread: Stopping because end time detected by thread: TCC order-create 1-94
2026-09-10 10:04:07,470 INFO o.a.j.t.JMeterThread: Thread finished: TCC order-create 1-94
2026-09-10 10:04:07,496 INFO o.a.j.t.JMeterThread: Stopping because end time detected by thread: TCC order-create 1-78
2026-09-10 10:04:07,496 INFO o.a.j.t.JMeterThread: Thread finished: TCC order-create 1-78
2026-09-10 10:04:07,497 INFO o.a.j.e.StandardJMeterEngine: Notifying test listeners of end of test
2026-09-10 10:04:07,501 INFO o.a.j.r.Summariser: summary +    278 in 00:00:07 =   37.2/s Avg:  2666 Min:  2571 Max:  2719 Err:     0 (0.00%) Active: 0 Started: 100 Finished: 100
2026-09-10 10:04:07,501 INFO o.a.j.r.Summariser: summary =   1183 in 00:00:33 =   36.1/s Avg:  2563 Min:   128 Max:  2792 Err:     0 (0.00%)
