2026-09-10 00:53:50,125 INFO o.a.j.u.JMeterUtils: Setting Locale to en_EN
2026-09-10 00:53:50,142 INFO o.a.j.JMeter: Loading user properties from: /home/avituo/projects/tcc/tcc-container/.tools/apache-jmeter-5.6.3/bin/user.properties
2026-09-10 00:53:50,142 INFO o.a.j.JMeter: Loading system properties from: /home/avituo/projects/tcc/tcc-container/.tools/apache-jmeter-5.6.3/bin/system.properties
2026-09-10 00:53:50,142 INFO o.a.j.JMeter: Loading additional properties from: /home/avituo/projects/tcc/tcc-container/benchmark/jmeter/benchmark.properties
2026-09-10 00:53:50,142 INFO o.a.j.JMeter: Loading additional properties from: /tmp/tcc-benchmark-auth.1ksd6L/auth.properties
2026-09-10 00:53:50,142 INFO o.a.j.JMeter: Loading additional properties from: /home/avituo/projects/tcc/tcc-container/benchmark/results/laravel-13.20.0/final/products/c10/r1/monolith/thread-counters.properties
2026-09-10 00:53:50,142 INFO o.a.j.JMeter: Setting JMeter property: threads=10
2026-09-10 00:53:50,143 INFO o.a.j.JMeter: Setting JMeter property: duration_seconds=120
2026-09-10 00:53:50,143 INFO o.a.j.JMeter: Setting JMeter property: target_host=localhost
2026-09-10 00:53:50,143 INFO o.a.j.JMeter: Setting JMeter property: target_port=18000
2026-09-10 00:53:50,143 INFO o.a.j.JMeter: Setting JMeter property: tcc.order.id=1
2026-09-10 00:53:50,143 INFO o.a.j.JMeter: Setting JMeter property: repetition=1
2026-09-10 00:53:50,150 INFO o.a.j.JMeter: Copyright (c) 1998-2024 The Apache Software Foundation
2026-09-10 00:53:50,150 INFO o.a.j.JMeter: Version 5.6.3
2026-09-10 00:53:50,150 INFO o.a.j.JMeter: java.version=21.0.11
2026-09-10 00:53:50,150 INFO o.a.j.JMeter: java.vm.name=OpenJDK 64-Bit Server VM
2026-09-10 00:53:50,150 INFO o.a.j.JMeter: os.name=Linux
2026-09-10 00:53:50,150 INFO o.a.j.JMeter: os.arch=amd64
2026-09-10 00:53:50,150 INFO o.a.j.JMeter: os.version=7.0.11-76070011-generic
2026-09-10 00:53:50,150 INFO o.a.j.JMeter: file.encoding=UTF-8
2026-09-10 00:53:50,150 INFO o.a.j.JMeter: java.awt.headless=true
2026-09-10 00:53:50,150 INFO o.a.j.JMeter: Max memory     =1073741824
2026-09-10 00:53:50,150 INFO o.a.j.JMeter: Available Processors =16
2026-09-10 00:53:50,158 INFO o.a.j.JMeter: Default Locale=English (EN)
2026-09-10 00:53:50,158 INFO o.a.j.JMeter: JMeter  Locale=English (EN)
2026-09-10 00:53:50,159 INFO o.a.j.JMeter: JMeterHome=/home/avituo/projects/tcc/tcc-container/.tools/apache-jmeter-5.6.3
2026-09-10 00:53:50,159 INFO o.a.j.JMeter: user.dir  =/home/avituo/projects/tcc/tcc-container
2026-09-10 00:53:50,159 INFO o.a.j.JMeter: PWD       =/home/avituo/projects/tcc/tcc-container
2026-09-10 00:53:50,167 INFO o.a.j.JMeter: IP: 192.168.1.16 Name: pop-os FullName: pop-os.home
2026-09-10 00:53:50,178 INFO o.a.j.s.FileServer: Default base='/home/avituo/projects/tcc/tcc-container'
2026-09-10 00:53:50,180 INFO o.a.j.s.FileServer: Set new base='/home/avituo/projects/tcc/tcc-container/benchmark/jmeter'
2026-09-10 00:53:50,365 INFO o.a.j.s.SaveService: Testplan (JMX) version: 2.2. Testlog (JTL) version: 2.2
2026-09-10 00:53:50,390 INFO o.a.j.s.SaveService: Using SaveService properties version 5.0
2026-09-10 00:53:50,393 INFO o.a.j.s.SaveService: Using SaveService properties file encoding UTF-8
2026-09-10 00:53:50,398 INFO o.a.j.s.SaveService: Loading file: /home/avituo/projects/tcc/tcc-container/benchmark/jmeter/tcc-products-v1.jmx
2026-09-10 00:53:50,447 INFO o.a.j.p.h.s.HTTPSamplerBase: Parser for text/html is org.apache.jmeter.protocol.http.parser.LagartoBasedHtmlParser
2026-09-10 00:53:50,447 INFO o.a.j.p.h.s.HTTPSamplerBase: Parser for application/xhtml+xml is org.apache.jmeter.protocol.http.parser.LagartoBasedHtmlParser
2026-09-10 00:53:50,447 INFO o.a.j.p.h.s.HTTPSamplerBase: Parser for application/xml is org.apache.jmeter.protocol.http.parser.LagartoBasedHtmlParser
2026-09-10 00:53:50,448 INFO o.a.j.p.h.s.HTTPSamplerBase: Parser for text/xml is org.apache.jmeter.protocol.http.parser.LagartoBasedHtmlParser
2026-09-10 00:53:50,448 INFO o.a.j.p.h.s.HTTPSamplerBase: Parser for text/vnd.wap.wml is org.apache.jmeter.protocol.http.parser.RegexpHTMLParser
2026-09-10 00:53:50,448 INFO o.a.j.p.h.s.HTTPSamplerBase: Parser for text/css is org.apache.jmeter.protocol.http.parser.CssParser
2026-09-10 00:53:50,478 INFO o.a.j.JMeter: Creating summariser <summary>
2026-09-10 00:53:50,498 INFO o.a.j.e.StandardJMeterEngine: Running the test!
2026-09-10 00:53:50,499 INFO o.a.j.s.SampleEvent: List of sample_variables: []
2026-09-10 00:53:50,499 INFO o.a.j.s.SampleEvent: List of sample_variables: []
2026-09-10 00:53:50,503 INFO o.a.j.e.u.CompoundVariable: Note: Function class names must contain the string: '.functions.'
2026-09-10 00:53:50,503 INFO o.a.j.e.u.CompoundVariable: Note: Function class names must not contain the string: '.gui.'
2026-09-10 00:53:50,747 INFO o.a.j.JMeter: Running test (1789012430747)
2026-09-10 00:53:50,767 INFO o.a.j.e.StandardJMeterEngine: Starting ThreadGroup: 1 : TCC products
2026-09-10 00:53:50,767 INFO o.a.j.e.StandardJMeterEngine: Starting 10 threads for group TCC products.
2026-09-10 00:53:50,767 INFO o.a.j.e.StandardJMeterEngine: Thread will continue on error
2026-09-10 00:53:50,768 INFO o.a.j.t.ThreadGroup: Starting thread group... number=1 threads=10 ramp-up=0 delayedStart=false
2026-09-10 00:53:50,775 INFO o.a.j.t.JMeterThread: Thread started: TCC products 1-1
2026-09-10 00:53:50,775 INFO o.a.j.t.JMeterThread: Thread started: TCC products 1-3
2026-09-10 00:53:50,775 INFO o.a.j.t.JMeterThread: Thread started: TCC products 1-2
2026-09-10 00:53:50,776 INFO o.a.j.t.JMeterThread: Thread started: TCC products 1-4
2026-09-10 00:53:50,776 INFO o.a.j.t.JMeterThread: Thread started: TCC products 1-5
2026-09-10 00:53:50,777 INFO o.a.j.t.JMeterThread: Thread started: TCC products 1-6
2026-09-10 00:53:50,778 INFO o.a.j.t.JMeterThread: Thread started: TCC products 1-7
2026-09-10 00:53:50,778 INFO o.a.j.t.JMeterThread: Thread started: TCC products 1-8
2026-09-10 00:53:50,779 INFO o.a.j.t.JMeterThread: Thread started: TCC products 1-9
2026-09-10 00:53:50,780 INFO o.a.j.t.ThreadGroup: Started thread group number 1
2026-09-10 00:53:50,780 INFO o.a.j.e.StandardJMeterEngine: All thread groups have been started
2026-09-10 00:53:50,780 INFO o.a.j.t.JMeterThread: Thread started: TCC products 1-10
2026-09-10 00:53:50,793 INFO o.a.j.p.h.s.HTTPHCAbstractImpl: Local host = pop-os
2026-09-10 00:53:50,799 INFO o.a.j.p.h.s.HTTPHC4Impl: HTTP request retry count = 0
2026-09-10 00:53:50,800 INFO o.a.j.s.SampleResult: Note: Sample TimeStamps are START times
2026-09-10 00:53:50,800 INFO o.a.j.s.SampleResult: sampleresult.default.encoding is set to UTF-8
2026-09-10 00:53:50,800 INFO o.a.j.s.SampleResult: sampleresult.useNanoTime=true
2026-09-10 00:53:50,800 INFO o.a.j.s.SampleResult: sampleresult.nanoThreadSleep=5000
2026-09-10 00:54:00,002 INFO o.a.j.r.Summariser: summary +    723 in 00:00:09 =   78.1/s Avg:   111 Min:    14 Max:   217 Err:     0 (0.00%) Active: 10 Started: 10 Finished: 0
2026-09-10 00:54:30,017 INFO o.a.j.r.Summariser: summary +   2684 in 00:00:30 =   89.4/s Avg:   111 Min:   101 Max:   136 Err:     0 (0.00%) Active: 10 Started: 10 Finished: 0
2026-09-10 00:54:30,017 INFO o.a.j.r.Summariser: summary =   3407 in 00:00:39 =   86.8/s Avg:   111 Min:    14 Max:   217 Err:     0 (0.00%)
2026-09-10 00:55:00,019 INFO o.a.j.r.Summariser: summary +   2718 in 00:00:30 =   90.6/s Avg:   109 Min:   100 Max:   137 Err:     0 (0.00%) Active: 10 Started: 10 Finished: 0
2026-09-10 00:55:00,019 INFO o.a.j.r.Summariser: summary =   6125 in 00:01:09 =   88.4/s Avg:   110 Min:    14 Max:   217 Err:     0 (0.00%)
2026-09-10 00:55:30,000 INFO o.a.j.r.Summariser: summary +   2693 in 00:00:30 =   89.8/s Avg:   110 Min:   100 Max:   137 Err:     0 (0.00%) Active: 10 Started: 10 Finished: 0
2026-09-10 00:55:30,001 INFO o.a.j.r.Summariser: summary =   8818 in 00:01:39 =   88.8/s Avg:   110 Min:    14 Max:   217 Err:     0 (0.00%)
2026-09-10 00:55:50,782 INFO o.a.j.t.JMeterThread: Stopping because end time detected by thread: TCC products 1-3
2026-09-10 00:55:50,782 INFO o.a.j.t.JMeterThread: Thread finished: TCC products 1-3
2026-09-10 00:55:50,792 INFO o.a.j.t.JMeterThread: Stopping because end time detected by thread: TCC products 1-7
2026-09-10 00:55:50,792 INFO o.a.j.t.JMeterThread: Thread finished: TCC products 1-7
2026-09-10 00:55:50,803 INFO o.a.j.t.JMeterThread: Stopping because end time detected by thread: TCC products 1-10
2026-09-10 00:55:50,803 INFO o.a.j.t.JMeterThread: Thread finished: TCC products 1-10
2026-09-10 00:55:50,812 INFO o.a.j.t.JMeterThread: Stopping because end time detected by thread: TCC products 1-6
2026-09-10 00:55:50,813 INFO o.a.j.t.JMeterThread: Thread finished: TCC products 1-6
2026-09-10 00:55:50,823 INFO o.a.j.t.JMeterThread: Stopping because end time detected by thread: TCC products 1-9
2026-09-10 00:55:50,823 INFO o.a.j.t.JMeterThread: Thread finished: TCC products 1-9
2026-09-10 00:55:50,834 INFO o.a.j.t.JMeterThread: Stopping because end time detected by thread: TCC products 1-2
2026-09-10 00:55:50,834 INFO o.a.j.t.JMeterThread: Thread finished: TCC products 1-2
2026-09-10 00:55:50,844 INFO o.a.j.t.JMeterThread: Stopping because end time detected by thread: TCC products 1-1
2026-09-10 00:55:50,845 INFO o.a.j.t.JMeterThread: Thread finished: TCC products 1-1
2026-09-10 00:55:50,854 INFO o.a.j.t.JMeterThread: Stopping because end time detected by thread: TCC products 1-5
2026-09-10 00:55:50,855 INFO o.a.j.t.JMeterThread: Thread finished: TCC products 1-5
2026-09-10 00:55:50,865 INFO o.a.j.t.JMeterThread: Stopping because end time detected by thread: TCC products 1-4
2026-09-10 00:55:50,865 INFO o.a.j.t.JMeterThread: Thread finished: TCC products 1-4
2026-09-10 00:55:50,875 INFO o.a.j.t.JMeterThread: Stopping because end time detected by thread: TCC products 1-8
2026-09-10 00:55:50,876 INFO o.a.j.t.JMeterThread: Thread finished: TCC products 1-8
2026-09-10 00:55:50,876 INFO o.a.j.e.StandardJMeterEngine: Notifying test listeners of end of test
2026-09-10 00:55:50,879 INFO o.a.j.r.Summariser: summary +   1883 in 00:00:21 =   90.2/s Avg:   110 Min:   101 Max:   162 Err:     0 (0.00%) Active: 0 Started: 10 Finished: 10
2026-09-10 00:55:50,879 INFO o.a.j.r.Summariser: summary =  10701 in 00:02:00 =   89.1/s Avg:   110 Min:    14 Max:   217 Err:     0 (0.00%)
