2026-09-10 06:03:01,478 INFO o.a.j.u.JMeterUtils: Setting Locale to en_EN
2026-09-10 06:03:01,495 INFO o.a.j.JMeter: Loading user properties from: /home/avituo/projects/tcc/tcc-container/.tools/apache-jmeter-5.6.3/bin/user.properties
2026-09-10 06:03:01,495 INFO o.a.j.JMeter: Loading system properties from: /home/avituo/projects/tcc/tcc-container/.tools/apache-jmeter-5.6.3/bin/system.properties
2026-09-10 06:03:01,495 INFO o.a.j.JMeter: Loading additional properties from: /home/avituo/projects/tcc/tcc-container/benchmark/jmeter/benchmark.properties
2026-09-10 06:03:01,495 INFO o.a.j.JMeter: Loading additional properties from: /tmp/tcc-benchmark-auth.RFTSVn/auth.properties
2026-09-10 06:03:01,495 INFO o.a.j.JMeter: Loading additional properties from: /home/avituo/projects/tcc/tcc-container/benchmark/results/laravel-13.20.0/final/order-show/c10/r4/microservices/thread-counters.properties
2026-09-10 06:03:01,496 INFO o.a.j.JMeter: Setting JMeter property: threads=10
2026-09-10 06:03:01,496 INFO o.a.j.JMeter: Setting JMeter property: duration_seconds=120
2026-09-10 06:03:01,496 INFO o.a.j.JMeter: Setting JMeter property: target_host=localhost
2026-09-10 06:03:01,496 INFO o.a.j.JMeter: Setting JMeter property: target_port=18080
2026-09-10 06:03:01,496 INFO o.a.j.JMeter: Setting JMeter property: tcc.order.id=20000000-0000-4000-8000-000000000001
2026-09-10 06:03:01,496 INFO o.a.j.JMeter: Setting JMeter property: repetition=4
2026-09-10 06:03:01,502 INFO o.a.j.JMeter: Copyright (c) 1998-2024 The Apache Software Foundation
2026-09-10 06:03:01,503 INFO o.a.j.JMeter: Version 5.6.3
2026-09-10 06:03:01,503 INFO o.a.j.JMeter: java.version=21.0.11
2026-09-10 06:03:01,503 INFO o.a.j.JMeter: java.vm.name=OpenJDK 64-Bit Server VM
2026-09-10 06:03:01,503 INFO o.a.j.JMeter: os.name=Linux
2026-09-10 06:03:01,503 INFO o.a.j.JMeter: os.arch=amd64
2026-09-10 06:03:01,503 INFO o.a.j.JMeter: os.version=7.0.11-76070011-generic
2026-09-10 06:03:01,503 INFO o.a.j.JMeter: file.encoding=UTF-8
2026-09-10 06:03:01,503 INFO o.a.j.JMeter: java.awt.headless=true
2026-09-10 06:03:01,503 INFO o.a.j.JMeter: Max memory     =1073741824
2026-09-10 06:03:01,503 INFO o.a.j.JMeter: Available Processors =16
2026-09-10 06:03:01,511 INFO o.a.j.JMeter: Default Locale=English (EN)
2026-09-10 06:03:01,512 INFO o.a.j.JMeter: JMeter  Locale=English (EN)
2026-09-10 06:03:01,512 INFO o.a.j.JMeter: JMeterHome=/home/avituo/projects/tcc/tcc-container/.tools/apache-jmeter-5.6.3
2026-09-10 06:03:01,512 INFO o.a.j.JMeter: user.dir  =/home/avituo/projects/tcc/tcc-container
2026-09-10 06:03:01,512 INFO o.a.j.JMeter: PWD       =/home/avituo/projects/tcc/tcc-container
2026-09-10 06:03:01,523 INFO o.a.j.JMeter: IP: 192.168.1.16 Name: pop-os FullName: pop-os.home
2026-09-10 06:03:01,535 INFO o.a.j.s.FileServer: Default base='/home/avituo/projects/tcc/tcc-container'
2026-09-10 06:03:01,537 INFO o.a.j.s.FileServer: Set new base='/home/avituo/projects/tcc/tcc-container/benchmark/jmeter'
2026-09-10 06:03:01,704 INFO o.a.j.s.SaveService: Testplan (JMX) version: 2.2. Testlog (JTL) version: 2.2
2026-09-10 06:03:01,729 INFO o.a.j.s.SaveService: Using SaveService properties version 5.0
2026-09-10 06:03:01,732 INFO o.a.j.s.SaveService: Using SaveService properties file encoding UTF-8
2026-09-10 06:03:01,736 INFO o.a.j.s.SaveService: Loading file: /home/avituo/projects/tcc/tcc-container/benchmark/jmeter/tcc-order-show-v1.jmx
2026-09-10 06:03:01,787 INFO o.a.j.p.h.s.HTTPSamplerBase: Parser for text/html is org.apache.jmeter.protocol.http.parser.LagartoBasedHtmlParser
2026-09-10 06:03:01,787 INFO o.a.j.p.h.s.HTTPSamplerBase: Parser for application/xhtml+xml is org.apache.jmeter.protocol.http.parser.LagartoBasedHtmlParser
2026-09-10 06:03:01,787 INFO o.a.j.p.h.s.HTTPSamplerBase: Parser for application/xml is org.apache.jmeter.protocol.http.parser.LagartoBasedHtmlParser
2026-09-10 06:03:01,787 INFO o.a.j.p.h.s.HTTPSamplerBase: Parser for text/xml is org.apache.jmeter.protocol.http.parser.LagartoBasedHtmlParser
2026-09-10 06:03:01,787 INFO o.a.j.p.h.s.HTTPSamplerBase: Parser for text/vnd.wap.wml is org.apache.jmeter.protocol.http.parser.RegexpHTMLParser
2026-09-10 06:03:01,788 INFO o.a.j.p.h.s.HTTPSamplerBase: Parser for text/css is org.apache.jmeter.protocol.http.parser.CssParser
2026-09-10 06:03:01,819 INFO o.a.j.JMeter: Creating summariser <summary>
2026-09-10 06:03:01,837 INFO o.a.j.e.StandardJMeterEngine: Running the test!
2026-09-10 06:03:01,837 INFO o.a.j.s.SampleEvent: List of sample_variables: []
2026-09-10 06:03:01,838 INFO o.a.j.s.SampleEvent: List of sample_variables: []
2026-09-10 06:03:01,842 INFO o.a.j.e.u.CompoundVariable: Note: Function class names must contain the string: '.functions.'
2026-09-10 06:03:01,843 INFO o.a.j.e.u.CompoundVariable: Note: Function class names must not contain the string: '.gui.'
2026-09-10 06:03:02,082 INFO o.a.j.JMeter: Running test (1789030982082)
2026-09-10 06:03:02,105 INFO o.a.j.e.StandardJMeterEngine: Starting ThreadGroup: 1 : TCC order-show
2026-09-10 06:03:02,106 INFO o.a.j.e.StandardJMeterEngine: Starting 10 threads for group TCC order-show.
2026-09-10 06:03:02,106 INFO o.a.j.e.StandardJMeterEngine: Thread will continue on error
2026-09-10 06:03:02,106 INFO o.a.j.t.ThreadGroup: Starting thread group... number=1 threads=10 ramp-up=0 delayedStart=false
2026-09-10 06:03:02,113 INFO o.a.j.t.JMeterThread: Thread started: TCC order-show 1-1
2026-09-10 06:03:02,113 INFO o.a.j.t.JMeterThread: Thread started: TCC order-show 1-3
2026-09-10 06:03:02,113 INFO o.a.j.t.JMeterThread: Thread started: TCC order-show 1-5
2026-09-10 06:03:02,113 INFO o.a.j.t.JMeterThread: Thread started: TCC order-show 1-2
2026-09-10 06:03:02,114 INFO o.a.j.t.JMeterThread: Thread started: TCC order-show 1-6
2026-09-10 06:03:02,113 INFO o.a.j.t.JMeterThread: Thread started: TCC order-show 1-4
2026-09-10 06:03:02,114 INFO o.a.j.t.JMeterThread: Thread started: TCC order-show 1-7
2026-09-10 06:03:02,115 INFO o.a.j.t.JMeterThread: Thread started: TCC order-show 1-8
2026-09-10 06:03:02,116 INFO o.a.j.t.JMeterThread: Thread started: TCC order-show 1-9
2026-09-10 06:03:02,116 INFO o.a.j.t.ThreadGroup: Started thread group number 1
2026-09-10 06:03:02,116 INFO o.a.j.e.StandardJMeterEngine: All thread groups have been started
2026-09-10 06:03:02,116 INFO o.a.j.t.JMeterThread: Thread started: TCC order-show 1-10
2026-09-10 06:03:02,130 INFO o.a.j.p.h.s.HTTPHCAbstractImpl: Local host = pop-os
2026-09-10 06:03:02,136 INFO o.a.j.p.h.s.HTTPHC4Impl: HTTP request retry count = 0
2026-09-10 06:03:02,137 INFO o.a.j.s.SampleResult: Note: Sample TimeStamps are START times
2026-09-10 06:03:02,137 INFO o.a.j.s.SampleResult: sampleresult.default.encoding is set to UTF-8
2026-09-10 06:03:02,137 INFO o.a.j.s.SampleResult: sampleresult.useNanoTime=true
2026-09-10 06:03:02,138 INFO o.a.j.s.SampleResult: sampleresult.nanoThreadSleep=5000
2026-09-10 06:03:03,111 INFO o.a.j.r.Summariser: summary +      1 in 00:00:01 =    1.0/s Avg:   100 Min:   100 Max:   100 Err:     0 (0.00%) Active: 10 Started: 10 Finished: 0
2026-09-10 06:03:30,007 INFO o.a.j.r.Summariser: summary +   3727 in 00:00:27 =  138.6/s Avg:    71 Min:    14 Max:   143 Err:     0 (0.00%) Active: 10 Started: 10 Finished: 0
2026-09-10 06:03:30,007 INFO o.a.j.r.Summariser: summary =   3728 in 00:00:28 =  133.5/s Avg:    71 Min:    14 Max:   143 Err:     0 (0.00%)
2026-09-10 06:04:00,000 INFO o.a.j.r.Summariser: summary +   4258 in 00:00:30 =  142.0/s Avg:    69 Min:    64 Max:    97 Err:     0 (0.00%) Active: 10 Started: 10 Finished: 0
2026-09-10 06:04:00,001 INFO o.a.j.r.Summariser: summary =   7986 in 00:00:58 =  137.9/s Avg:    70 Min:    14 Max:   143 Err:     0 (0.00%)
2026-09-10 06:04:30,007 INFO o.a.j.r.Summariser: summary +   4312 in 00:00:30 =  143.7/s Avg:    69 Min:    65 Max:    86 Err:     0 (0.00%) Active: 10 Started: 10 Finished: 0
2026-09-10 06:04:30,007 INFO o.a.j.r.Summariser: summary =  12298 in 00:01:28 =  139.9/s Avg:    70 Min:    14 Max:   143 Err:     0 (0.00%)
2026-09-10 06:05:00,006 INFO o.a.j.r.Summariser: summary +   4309 in 00:00:30 =  143.6/s Avg:    69 Min:    64 Max:    82 Err:     0 (0.00%) Active: 10 Started: 10 Finished: 0
2026-09-10 06:05:00,006 INFO o.a.j.r.Summariser: summary =  16607 in 00:01:58 =  140.8/s Avg:    69 Min:    14 Max:   143 Err:     0 (0.00%)
2026-09-10 06:05:02,117 INFO o.a.j.t.JMeterThread: Stopping because end time detected by thread: TCC order-show 1-2
2026-09-10 06:05:02,118 INFO o.a.j.t.JMeterThread: Thread finished: TCC order-show 1-2
2026-09-10 06:05:02,124 INFO o.a.j.t.JMeterThread: Stopping because end time detected by thread: TCC order-show 1-8
2026-09-10 06:05:02,124 INFO o.a.j.t.JMeterThread: Thread finished: TCC order-show 1-8
2026-09-10 06:05:02,131 INFO o.a.j.t.JMeterThread: Stopping because end time detected by thread: TCC order-show 1-1
2026-09-10 06:05:02,132 INFO o.a.j.t.JMeterThread: Thread finished: TCC order-show 1-1
2026-09-10 06:05:02,138 INFO o.a.j.t.JMeterThread: Stopping because end time detected by thread: TCC order-show 1-5
2026-09-10 06:05:02,138 INFO o.a.j.t.JMeterThread: Thread finished: TCC order-show 1-5
2026-09-10 06:05:02,146 INFO o.a.j.t.JMeterThread: Stopping because end time detected by thread: TCC order-show 1-9
2026-09-10 06:05:02,147 INFO o.a.j.t.JMeterThread: Thread finished: TCC order-show 1-9
2026-09-10 06:05:02,153 INFO o.a.j.t.JMeterThread: Stopping because end time detected by thread: TCC order-show 1-7
2026-09-10 06:05:02,153 INFO o.a.j.t.JMeterThread: Thread finished: TCC order-show 1-7
2026-09-10 06:05:02,160 INFO o.a.j.t.JMeterThread: Stopping because end time detected by thread: TCC order-show 1-10
2026-09-10 06:05:02,160 INFO o.a.j.t.JMeterThread: Thread finished: TCC order-show 1-10
2026-09-10 06:05:02,167 INFO o.a.j.t.JMeterThread: Stopping because end time detected by thread: TCC order-show 1-3
2026-09-10 06:05:02,167 INFO o.a.j.t.JMeterThread: Thread finished: TCC order-show 1-3
2026-09-10 06:05:02,174 INFO o.a.j.t.JMeterThread: Stopping because end time detected by thread: TCC order-show 1-4
2026-09-10 06:05:02,174 INFO o.a.j.t.JMeterThread: Thread finished: TCC order-show 1-4
2026-09-10 06:05:02,180 INFO o.a.j.t.JMeterThread: Stopping because end time detected by thread: TCC order-show 1-6
2026-09-10 06:05:02,181 INFO o.a.j.t.JMeterThread: Thread finished: TCC order-show 1-6
2026-09-10 06:05:02,181 INFO o.a.j.e.StandardJMeterEngine: Notifying test listeners of end of test
2026-09-10 06:05:02,185 INFO o.a.j.r.Summariser: summary +    309 in 00:00:02 =  141.9/s Avg:    70 Min:    65 Max:    81 Err:     0 (0.00%) Active: 0 Started: 10 Finished: 10
2026-09-10 06:05:02,185 INFO o.a.j.r.Summariser: summary =  16916 in 00:02:00 =  140.8/s Avg:    69 Min:    14 Max:   143 Err:     0 (0.00%)
