2026-09-10 06:13:34,954 INFO o.a.j.u.JMeterUtils: Setting Locale to en_EN
2026-09-10 06:13:34,971 INFO o.a.j.JMeter: Loading user properties from: /home/avituo/projects/tcc/tcc-container/.tools/apache-jmeter-5.6.3/bin/user.properties
2026-09-10 06:13:34,971 INFO o.a.j.JMeter: Loading system properties from: /home/avituo/projects/tcc/tcc-container/.tools/apache-jmeter-5.6.3/bin/system.properties
2026-09-10 06:13:34,971 INFO o.a.j.JMeter: Loading additional properties from: /home/avituo/projects/tcc/tcc-container/benchmark/jmeter/benchmark.properties
2026-09-10 06:13:34,972 INFO o.a.j.JMeter: Loading additional properties from: /tmp/tcc-benchmark-auth.MLkl9g/auth.properties
2026-09-10 06:13:34,972 INFO o.a.j.JMeter: Loading additional properties from: /home/avituo/projects/tcc/tcc-container/benchmark/results/laravel-13.20.0/final/order-show/c10/r5/microservices/thread-counters.properties
2026-09-10 06:13:34,972 INFO o.a.j.JMeter: Setting JMeter property: threads=10
2026-09-10 06:13:34,972 INFO o.a.j.JMeter: Setting JMeter property: duration_seconds=120
2026-09-10 06:13:34,972 INFO o.a.j.JMeter: Setting JMeter property: target_host=localhost
2026-09-10 06:13:34,972 INFO o.a.j.JMeter: Setting JMeter property: target_port=18080
2026-09-10 06:13:34,972 INFO o.a.j.JMeter: Setting JMeter property: tcc.order.id=20000000-0000-4000-8000-000000000001
2026-09-10 06:13:34,972 INFO o.a.j.JMeter: Setting JMeter property: repetition=5
2026-09-10 06:13:34,979 INFO o.a.j.JMeter: Copyright (c) 1998-2024 The Apache Software Foundation
2026-09-10 06:13:34,979 INFO o.a.j.JMeter: Version 5.6.3
2026-09-10 06:13:34,979 INFO o.a.j.JMeter: java.version=21.0.11
2026-09-10 06:13:34,979 INFO o.a.j.JMeter: java.vm.name=OpenJDK 64-Bit Server VM
2026-09-10 06:13:34,979 INFO o.a.j.JMeter: os.name=Linux
2026-09-10 06:13:34,979 INFO o.a.j.JMeter: os.arch=amd64
2026-09-10 06:13:34,979 INFO o.a.j.JMeter: os.version=7.0.11-76070011-generic
2026-09-10 06:13:34,979 INFO o.a.j.JMeter: file.encoding=UTF-8
2026-09-10 06:13:34,980 INFO o.a.j.JMeter: java.awt.headless=true
2026-09-10 06:13:34,980 INFO o.a.j.JMeter: Max memory     =1073741824
2026-09-10 06:13:34,980 INFO o.a.j.JMeter: Available Processors =16
2026-09-10 06:13:34,988 INFO o.a.j.JMeter: Default Locale=English (EN)
2026-09-10 06:13:34,988 INFO o.a.j.JMeter: JMeter  Locale=English (EN)
2026-09-10 06:13:34,988 INFO o.a.j.JMeter: JMeterHome=/home/avituo/projects/tcc/tcc-container/.tools/apache-jmeter-5.6.3
2026-09-10 06:13:34,988 INFO o.a.j.JMeter: user.dir  =/home/avituo/projects/tcc/tcc-container
2026-09-10 06:13:34,989 INFO o.a.j.JMeter: PWD       =/home/avituo/projects/tcc/tcc-container
2026-09-10 06:13:35,010 INFO o.a.j.JMeter: IP: 192.168.1.16 Name: pop-os FullName: pop-os.home
2026-09-10 06:13:35,022 INFO o.a.j.s.FileServer: Default base='/home/avituo/projects/tcc/tcc-container'
2026-09-10 06:13:35,024 INFO o.a.j.s.FileServer: Set new base='/home/avituo/projects/tcc/tcc-container/benchmark/jmeter'
2026-09-10 06:13:35,188 INFO o.a.j.s.SaveService: Testplan (JMX) version: 2.2. Testlog (JTL) version: 2.2
2026-09-10 06:13:35,213 INFO o.a.j.s.SaveService: Using SaveService properties version 5.0
2026-09-10 06:13:35,216 INFO o.a.j.s.SaveService: Using SaveService properties file encoding UTF-8
2026-09-10 06:13:35,220 INFO o.a.j.s.SaveService: Loading file: /home/avituo/projects/tcc/tcc-container/benchmark/jmeter/tcc-order-show-v1.jmx
2026-09-10 06:13:35,271 INFO o.a.j.p.h.s.HTTPSamplerBase: Parser for text/html is org.apache.jmeter.protocol.http.parser.LagartoBasedHtmlParser
2026-09-10 06:13:35,271 INFO o.a.j.p.h.s.HTTPSamplerBase: Parser for application/xhtml+xml is org.apache.jmeter.protocol.http.parser.LagartoBasedHtmlParser
2026-09-10 06:13:35,271 INFO o.a.j.p.h.s.HTTPSamplerBase: Parser for application/xml is org.apache.jmeter.protocol.http.parser.LagartoBasedHtmlParser
2026-09-10 06:13:35,271 INFO o.a.j.p.h.s.HTTPSamplerBase: Parser for text/xml is org.apache.jmeter.protocol.http.parser.LagartoBasedHtmlParser
2026-09-10 06:13:35,271 INFO o.a.j.p.h.s.HTTPSamplerBase: Parser for text/vnd.wap.wml is org.apache.jmeter.protocol.http.parser.RegexpHTMLParser
2026-09-10 06:13:35,271 INFO o.a.j.p.h.s.HTTPSamplerBase: Parser for text/css is org.apache.jmeter.protocol.http.parser.CssParser
2026-09-10 06:13:35,304 INFO o.a.j.JMeter: Creating summariser <summary>
2026-09-10 06:13:35,321 INFO o.a.j.e.StandardJMeterEngine: Running the test!
2026-09-10 06:13:35,322 INFO o.a.j.s.SampleEvent: List of sample_variables: []
2026-09-10 06:13:35,322 INFO o.a.j.s.SampleEvent: List of sample_variables: []
2026-09-10 06:13:35,329 INFO o.a.j.e.u.CompoundVariable: Note: Function class names must contain the string: '.functions.'
2026-09-10 06:13:35,330 INFO o.a.j.e.u.CompoundVariable: Note: Function class names must not contain the string: '.gui.'
2026-09-10 06:13:35,593 INFO o.a.j.JMeter: Running test (1789031615593)
2026-09-10 06:13:35,618 INFO o.a.j.e.StandardJMeterEngine: Starting ThreadGroup: 1 : TCC order-show
2026-09-10 06:13:35,618 INFO o.a.j.e.StandardJMeterEngine: Starting 10 threads for group TCC order-show.
2026-09-10 06:13:35,618 INFO o.a.j.e.StandardJMeterEngine: Thread will continue on error
2026-09-10 06:13:35,618 INFO o.a.j.t.ThreadGroup: Starting thread group... number=1 threads=10 ramp-up=0 delayedStart=false
2026-09-10 06:13:35,625 INFO o.a.j.t.JMeterThread: Thread started: TCC order-show 1-2
2026-09-10 06:13:35,625 INFO o.a.j.t.JMeterThread: Thread started: TCC order-show 1-4
2026-09-10 06:13:35,625 INFO o.a.j.t.JMeterThread: Thread started: TCC order-show 1-1
2026-09-10 06:13:35,625 INFO o.a.j.t.JMeterThread: Thread started: TCC order-show 1-3
2026-09-10 06:13:35,625 INFO o.a.j.t.JMeterThread: Thread started: TCC order-show 1-6
2026-09-10 06:13:35,625 INFO o.a.j.t.JMeterThread: Thread started: TCC order-show 1-5
2026-09-10 06:13:35,626 INFO o.a.j.t.JMeterThread: Thread started: TCC order-show 1-7
2026-09-10 06:13:35,627 INFO o.a.j.t.JMeterThread: Thread started: TCC order-show 1-8
2026-09-10 06:13:35,628 INFO o.a.j.t.JMeterThread: Thread started: TCC order-show 1-9
2026-09-10 06:13:35,628 INFO o.a.j.t.ThreadGroup: Started thread group number 1
2026-09-10 06:13:35,628 INFO o.a.j.e.StandardJMeterEngine: All thread groups have been started
2026-09-10 06:13:35,628 INFO o.a.j.t.JMeterThread: Thread started: TCC order-show 1-10
2026-09-10 06:13:35,642 INFO o.a.j.p.h.s.HTTPHCAbstractImpl: Local host = pop-os
2026-09-10 06:13:35,647 INFO o.a.j.p.h.s.HTTPHC4Impl: HTTP request retry count = 0
2026-09-10 06:13:35,649 INFO o.a.j.s.SampleResult: Note: Sample TimeStamps are START times
2026-09-10 06:13:35,649 INFO o.a.j.s.SampleResult: sampleresult.default.encoding is set to UTF-8
2026-09-10 06:13:35,649 INFO o.a.j.s.SampleResult: sampleresult.useNanoTime=true
2026-09-10 06:13:35,649 INFO o.a.j.s.SampleResult: sampleresult.nanoThreadSleep=5000
2026-09-10 06:14:00,004 INFO o.a.j.r.Summariser: summary +   3253 in 00:00:24 =  133.3/s Avg:    71 Min:    16 Max:   136 Err:     0 (0.00%) Active: 10 Started: 10 Finished: 0
2026-09-10 06:14:30,006 INFO o.a.j.r.Summariser: summary +   4268 in 00:00:30 =  142.3/s Avg:    69 Min:    63 Max:    87 Err:     0 (0.00%) Active: 10 Started: 10 Finished: 0
2026-09-10 06:14:30,006 INFO o.a.j.r.Summariser: summary =   7521 in 00:00:54 =  138.2/s Avg:    70 Min:    16 Max:   136 Err:     0 (0.00%)
2026-09-10 06:15:00,000 INFO o.a.j.r.Summariser: summary +   4324 in 00:00:30 =  144.2/s Avg:    69 Min:    62 Max:    90 Err:     0 (0.00%) Active: 10 Started: 10 Finished: 0
2026-09-10 06:15:00,000 INFO o.a.j.r.Summariser: summary =  11845 in 00:01:24 =  140.3/s Avg:    69 Min:    16 Max:   136 Err:     0 (0.00%)
2026-09-10 06:15:30,006 INFO o.a.j.r.Summariser: summary +   4325 in 00:00:30 =  144.1/s Avg:    69 Min:    63 Max:    99 Err:     0 (0.00%) Active: 10 Started: 10 Finished: 0
2026-09-10 06:15:30,007 INFO o.a.j.r.Summariser: summary =  16170 in 00:01:54 =  141.3/s Avg:    69 Min:    16 Max:   136 Err:     0 (0.00%)
2026-09-10 06:15:35,629 INFO o.a.j.t.JMeterThread: Stopping because end time detected by thread: TCC order-show 1-6
2026-09-10 06:15:35,629 INFO o.a.j.t.JMeterThread: Thread finished: TCC order-show 1-6
2026-09-10 06:15:35,636 INFO o.a.j.t.JMeterThread: Stopping because end time detected by thread: TCC order-show 1-2
2026-09-10 06:15:35,636 INFO o.a.j.t.JMeterThread: Thread finished: TCC order-show 1-2
2026-09-10 06:15:35,643 INFO o.a.j.t.JMeterThread: Stopping because end time detected by thread: TCC order-show 1-10
2026-09-10 06:15:35,643 INFO o.a.j.t.JMeterThread: Thread finished: TCC order-show 1-10
2026-09-10 06:15:35,650 INFO o.a.j.t.JMeterThread: Stopping because end time detected by thread: TCC order-show 1-3
2026-09-10 06:15:35,650 INFO o.a.j.t.JMeterThread: Thread finished: TCC order-show 1-3
2026-09-10 06:15:35,657 INFO o.a.j.t.JMeterThread: Stopping because end time detected by thread: TCC order-show 1-8
2026-09-10 06:15:35,657 INFO o.a.j.t.JMeterThread: Thread finished: TCC order-show 1-8
2026-09-10 06:15:35,664 INFO o.a.j.t.JMeterThread: Stopping because end time detected by thread: TCC order-show 1-5
2026-09-10 06:15:35,664 INFO o.a.j.t.JMeterThread: Thread finished: TCC order-show 1-5
2026-09-10 06:15:35,671 INFO o.a.j.t.JMeterThread: Stopping because end time detected by thread: TCC order-show 1-4
2026-09-10 06:15:35,671 INFO o.a.j.t.JMeterThread: Thread finished: TCC order-show 1-4
2026-09-10 06:15:35,677 INFO o.a.j.t.JMeterThread: Stopping because end time detected by thread: TCC order-show 1-1
2026-09-10 06:15:35,677 INFO o.a.j.t.JMeterThread: Thread finished: TCC order-show 1-1
2026-09-10 06:15:35,684 INFO o.a.j.t.JMeterThread: Stopping because end time detected by thread: TCC order-show 1-9
2026-09-10 06:15:35,684 INFO o.a.j.t.JMeterThread: Thread finished: TCC order-show 1-9
2026-09-10 06:15:35,691 INFO o.a.j.t.JMeterThread: Stopping because end time detected by thread: TCC order-show 1-7
2026-09-10 06:15:35,691 INFO o.a.j.t.JMeterThread: Thread finished: TCC order-show 1-7
2026-09-10 06:15:35,691 INFO o.a.j.e.StandardJMeterEngine: Notifying test listeners of end of test
2026-09-10 06:15:35,694 INFO o.a.j.r.Summariser: summary +    815 in 00:00:06 =  143.3/s Avg:    69 Min:    65 Max:    79 Err:     0 (0.00%) Active: 0 Started: 10 Finished: 10
2026-09-10 06:15:35,695 INFO o.a.j.r.Summariser: summary =  16985 in 00:02:00 =  141.4/s Avg:    69 Min:    16 Max:   136 Err:     0 (0.00%)
