2026-08-11 10:44:04,662 INFO o.a.j.u.JMeterUtils: Setting Locale to en_EN
2026-08-11 10:44:04,691 INFO o.a.j.JMeter: Loading user properties from: /opt/local/share/jmeter/bin/user.properties
2026-08-11 10:44:04,691 INFO o.a.j.JMeter: Loading system properties from: /opt/local/share/jmeter/bin/system.properties
2026-08-11 10:44:04,691 INFO o.a.j.JMeter: Loading additional properties from: /Users/devnit/Documents/projects/tcc-container/benchmark/jmeter/benchmark.properties
2026-08-11 10:44:05,121 INFO o.a.j.JMeter: Loading additional properties from: /private/tmp/tcc-benchmark-auth.E79uv1/auth.properties
2026-08-11 10:44:05,260 INFO o.a.j.JMeter: Setting JMeter property: threads=10
2026-08-11 10:44:05,317 INFO o.a.j.JMeter: Setting JMeter property: duration_seconds=10
2026-08-11 10:44:05,317 INFO o.a.j.JMeter: Setting JMeter property: target_host=localhost
2026-08-11 10:44:05,317 INFO o.a.j.JMeter: Setting JMeter property: target_port=18000
2026-08-11 10:44:05,318 INFO o.a.j.JMeter: Setting JMeter property: tcc.order.id=1
2026-08-11 10:44:05,318 INFO o.a.j.JMeter: Setting JMeter property: repetition=1
2026-08-11 10:44:05,328 INFO o.a.j.JMeter: Copyright (c) 1998-2024 The Apache Software Foundation
2026-08-11 10:44:05,328 INFO o.a.j.JMeter: Version 5.6.3
2026-08-11 10:44:05,329 INFO o.a.j.JMeter: java.version=21.0.9
2026-08-11 10:44:05,329 INFO o.a.j.JMeter: java.vm.name=OpenJDK 64-Bit Server VM
2026-08-11 10:44:05,329 INFO o.a.j.JMeter: os.name=Mac OS X
2026-08-11 10:44:05,329 INFO o.a.j.JMeter: os.arch=x86_64
2026-08-11 10:44:05,329 INFO o.a.j.JMeter: os.version=10.15.7
2026-08-11 10:44:05,329 INFO o.a.j.JMeter: file.encoding=UTF-8
2026-08-11 10:44:05,329 INFO o.a.j.JMeter: java.awt.headless=true
2026-08-11 10:44:05,329 INFO o.a.j.JMeter: Max memory     =1073741824
2026-08-11 10:44:05,329 INFO o.a.j.JMeter: Available Processors =4
2026-08-11 10:44:05,339 INFO o.a.j.JMeter: Default Locale=English (EN)
2026-08-11 10:44:05,340 INFO o.a.j.JMeter: JMeter  Locale=English (EN)
2026-08-11 10:44:05,340 INFO o.a.j.JMeter: JMeterHome=/opt/local/share/jmeter
2026-08-11 10:44:05,340 INFO o.a.j.JMeter: user.dir  =/Users/devnit/Documents/projects/tcc-container
2026-08-11 10:44:05,340 INFO o.a.j.JMeter: PWD       =/Users/devnit/Documents/projects/tcc-container
2026-08-11 10:44:05,342 INFO o.a.j.JMeter: IP: 10.10.53.37 Name: PCTEL.idtech.br FullName: 10.10.53.37
2026-08-11 10:44:05,367 INFO o.a.j.s.FileServer: Default base='/Users/devnit/Documents/projects/tcc-container'
2026-08-11 10:44:05,368 INFO o.a.j.s.FileServer: Set new base='/Users/devnit/Documents/projects/tcc-container/benchmark/jmeter'
2026-08-11 10:44:05,646 INFO o.a.j.s.SaveService: Testplan (JMX) version: 2.2. Testlog (JTL) version: 2.2
2026-08-11 10:44:05,680 INFO o.a.j.s.SaveService: Using SaveService properties version 5.0
2026-08-11 10:44:05,683 INFO o.a.j.s.SaveService: Using SaveService properties file encoding UTF-8
2026-08-11 10:44:05,687 INFO o.a.j.s.SaveService: Loading file: /Users/devnit/Documents/projects/tcc-container/benchmark/jmeter/tcc-products-v1.jmx
2026-08-11 10:44:05,776 INFO o.a.j.p.h.s.HTTPSamplerBase: Parser for text/html is org.apache.jmeter.protocol.http.parser.LagartoBasedHtmlParser
2026-08-11 10:44:05,776 INFO o.a.j.p.h.s.HTTPSamplerBase: Parser for application/xhtml+xml is org.apache.jmeter.protocol.http.parser.LagartoBasedHtmlParser
2026-08-11 10:44:05,776 INFO o.a.j.p.h.s.HTTPSamplerBase: Parser for application/xml is org.apache.jmeter.protocol.http.parser.LagartoBasedHtmlParser
2026-08-11 10:44:05,776 INFO o.a.j.p.h.s.HTTPSamplerBase: Parser for text/xml is org.apache.jmeter.protocol.http.parser.LagartoBasedHtmlParser
2026-08-11 10:44:05,776 INFO o.a.j.p.h.s.HTTPSamplerBase: Parser for text/vnd.wap.wml is org.apache.jmeter.protocol.http.parser.RegexpHTMLParser
2026-08-11 10:44:05,776 INFO o.a.j.p.h.s.HTTPSamplerBase: Parser for text/css is org.apache.jmeter.protocol.http.parser.CssParser
2026-08-11 10:44:06,698 INFO o.a.j.JMeter: Creating summariser <summary>
2026-08-11 10:44:06,721 INFO o.a.j.e.StandardJMeterEngine: Running the test!
2026-08-11 10:44:06,721 INFO o.a.j.s.SampleEvent: List of sample_variables: []
2026-08-11 10:44:06,722 INFO o.a.j.s.SampleEvent: List of sample_variables: []
2026-08-11 10:44:06,728 INFO o.a.j.e.u.CompoundVariable: Note: Function class names must contain the string: '.functions.'
2026-08-11 10:44:06,728 INFO o.a.j.e.u.CompoundVariable: Note: Function class names must not contain the string: '.gui.'
2026-08-11 10:44:07,052 INFO o.a.j.JMeter: Running test (1786455847052)
2026-08-11 10:44:07,072 INFO o.a.j.e.StandardJMeterEngine: Starting ThreadGroup: 1 : TCC products
2026-08-11 10:44:07,072 INFO o.a.j.e.StandardJMeterEngine: Starting 10 threads for group TCC products.
2026-08-11 10:44:07,072 INFO o.a.j.e.StandardJMeterEngine: Thread will continue on error
2026-08-11 10:44:07,072 INFO o.a.j.t.ThreadGroup: Starting thread group... number=1 threads=10 ramp-up=0 delayedStart=false
2026-08-11 10:44:07,079 INFO o.a.j.t.JMeterThread: Thread started: TCC products 1-3
2026-08-11 10:44:07,079 INFO o.a.j.t.JMeterThread: Thread started: TCC products 1-2
2026-08-11 10:44:07,079 INFO o.a.j.t.JMeterThread: Thread started: TCC products 1-1
2026-08-11 10:44:07,080 INFO o.a.j.t.JMeterThread: Thread started: TCC products 1-4
2026-08-11 10:44:07,081 INFO o.a.j.t.JMeterThread: Thread started: TCC products 1-5
2026-08-11 10:44:07,083 INFO o.a.j.t.JMeterThread: Thread started: TCC products 1-6
2026-08-11 10:44:07,084 INFO o.a.j.t.JMeterThread: Thread started: TCC products 1-7
2026-08-11 10:44:07,085 INFO o.a.j.t.JMeterThread: Thread started: TCC products 1-8
2026-08-11 10:44:07,086 INFO o.a.j.t.JMeterThread: Thread started: TCC products 1-9
2026-08-11 10:44:07,087 INFO o.a.j.t.ThreadGroup: Started thread group number 1
2026-08-11 10:44:07,087 INFO o.a.j.e.StandardJMeterEngine: All thread groups have been started
2026-08-11 10:44:07,087 INFO o.a.j.t.JMeterThread: Thread started: TCC products 1-10
2026-08-11 10:44:07,104 INFO o.a.j.p.h.s.HTTPHCAbstractImpl: Local host = PCTEL.idtech.br
2026-08-11 10:44:07,112 INFO o.a.j.p.h.s.HTTPHC4Impl: HTTP request retry count = 0
2026-08-11 10:44:07,113 INFO o.a.j.s.SampleResult: Note: Sample TimeStamps are START times
2026-08-11 10:44:07,113 INFO o.a.j.s.SampleResult: sampleresult.default.encoding is set to UTF-8
2026-08-11 10:44:07,113 INFO o.a.j.s.SampleResult: sampleresult.useNanoTime=true
2026-08-11 10:44:07,113 INFO o.a.j.s.SampleResult: sampleresult.nanoThreadSleep=5000
2026-08-11 10:44:17,085 INFO o.a.j.t.JMeterThread: Stopping because end time detected by thread: TCC products 1-5
2026-08-11 10:44:17,085 INFO o.a.j.t.JMeterThread: Thread finished: TCC products 1-5
2026-08-11 10:44:17,101 INFO o.a.j.t.JMeterThread: Stopping because end time detected by thread: TCC products 1-7
2026-08-11 10:44:17,101 INFO o.a.j.t.JMeterThread: Thread finished: TCC products 1-7
2026-08-11 10:44:17,117 INFO o.a.j.t.JMeterThread: Stopping because end time detected by thread: TCC products 1-4
2026-08-11 10:44:17,117 INFO o.a.j.t.JMeterThread: Thread finished: TCC products 1-4
2026-08-11 10:44:17,132 INFO o.a.j.t.JMeterThread: Stopping because end time detected by thread: TCC products 1-2
2026-08-11 10:44:17,132 INFO o.a.j.t.JMeterThread: Thread finished: TCC products 1-2
2026-08-11 10:44:17,146 INFO o.a.j.t.JMeterThread: Stopping because end time detected by thread: TCC products 1-9
2026-08-11 10:44:17,147 INFO o.a.j.t.JMeterThread: Thread finished: TCC products 1-9
2026-08-11 10:44:17,163 INFO o.a.j.t.JMeterThread: Stopping because end time detected by thread: TCC products 1-6
2026-08-11 10:44:17,163 INFO o.a.j.t.JMeterThread: Thread finished: TCC products 1-6
2026-08-11 10:44:17,179 INFO o.a.j.t.JMeterThread: Stopping because end time detected by thread: TCC products 1-10
2026-08-11 10:44:17,179 INFO o.a.j.t.JMeterThread: Thread finished: TCC products 1-10
2026-08-11 10:44:17,194 INFO o.a.j.t.JMeterThread: Stopping because end time detected by thread: TCC products 1-8
2026-08-11 10:44:17,194 INFO o.a.j.t.JMeterThread: Thread finished: TCC products 1-8
2026-08-11 10:44:17,210 INFO o.a.j.t.JMeterThread: Stopping because end time detected by thread: TCC products 1-1
2026-08-11 10:44:17,210 INFO o.a.j.t.JMeterThread: Thread finished: TCC products 1-1
2026-08-11 10:44:17,226 INFO o.a.j.t.JMeterThread: Stopping because end time detected by thread: TCC products 1-3
2026-08-11 10:44:17,226 INFO o.a.j.t.JMeterThread: Thread finished: TCC products 1-3
2026-08-11 10:44:17,226 INFO o.a.j.e.StandardJMeterEngine: Notifying test listeners of end of test
2026-08-11 10:44:17,230 INFO o.a.j.r.Summariser: summary =    505 in 00:00:10 =   49.6/s Avg:   177 Min:    29 Max:   342 Err:     0 (0.00%)
