2026-09-10 04:51:02,308 INFO o.a.j.u.JMeterUtils: Setting Locale to en_EN
2026-09-10 04:51:02,325 INFO o.a.j.JMeter: Loading user properties from: /home/avituo/projects/tcc/tcc-container/.tools/apache-jmeter-5.6.3/bin/user.properties
2026-09-10 04:51:02,325 INFO o.a.j.JMeter: Loading system properties from: /home/avituo/projects/tcc/tcc-container/.tools/apache-jmeter-5.6.3/bin/system.properties
2026-09-10 04:51:02,325 INFO o.a.j.JMeter: Loading additional properties from: /home/avituo/projects/tcc/tcc-container/benchmark/jmeter/benchmark.properties
2026-09-10 04:51:02,326 INFO o.a.j.JMeter: Loading additional properties from: /tmp/tcc-benchmark-auth.EztzeK/auth.properties
2026-09-10 04:51:02,326 INFO o.a.j.JMeter: Loading additional properties from: /home/avituo/projects/tcc/tcc-container/benchmark/results/laravel-13.20.0/final/orders/c50/r4/microservices/thread-counters.properties
2026-09-10 04:51:02,326 INFO o.a.j.JMeter: Setting JMeter property: threads=50
2026-09-10 04:51:02,326 INFO o.a.j.JMeter: Setting JMeter property: duration_seconds=120
2026-09-10 04:51:02,326 INFO o.a.j.JMeter: Setting JMeter property: target_host=localhost
2026-09-10 04:51:02,326 INFO o.a.j.JMeter: Setting JMeter property: target_port=18080
2026-09-10 04:51:02,326 INFO o.a.j.JMeter: Setting JMeter property: tcc.order.id=20000000-0000-4000-8000-000000000001
2026-09-10 04:51:02,326 INFO o.a.j.JMeter: Setting JMeter property: repetition=4
2026-09-10 04:51:02,333 INFO o.a.j.JMeter: Copyright (c) 1998-2024 The Apache Software Foundation
2026-09-10 04:51:02,334 INFO o.a.j.JMeter: Version 5.6.3
2026-09-10 04:51:02,334 INFO o.a.j.JMeter: java.version=21.0.11
2026-09-10 04:51:02,334 INFO o.a.j.JMeter: java.vm.name=OpenJDK 64-Bit Server VM
2026-09-10 04:51:02,334 INFO o.a.j.JMeter: os.name=Linux
2026-09-10 04:51:02,334 INFO o.a.j.JMeter: os.arch=amd64
2026-09-10 04:51:02,334 INFO o.a.j.JMeter: os.version=7.0.11-76070011-generic
2026-09-10 04:51:02,334 INFO o.a.j.JMeter: file.encoding=UTF-8
2026-09-10 04:51:02,334 INFO o.a.j.JMeter: java.awt.headless=true
2026-09-10 04:51:02,334 INFO o.a.j.JMeter: Max memory     =1073741824
2026-09-10 04:51:02,334 INFO o.a.j.JMeter: Available Processors =16
2026-09-10 04:51:02,342 INFO o.a.j.JMeter: Default Locale=English (EN)
2026-09-10 04:51:02,342 INFO o.a.j.JMeter: JMeter  Locale=English (EN)
2026-09-10 04:51:02,342 INFO o.a.j.JMeter: JMeterHome=/home/avituo/projects/tcc/tcc-container/.tools/apache-jmeter-5.6.3
2026-09-10 04:51:02,342 INFO o.a.j.JMeter: user.dir  =/home/avituo/projects/tcc/tcc-container
2026-09-10 04:51:02,342 INFO o.a.j.JMeter: PWD       =/home/avituo/projects/tcc/tcc-container
2026-09-10 04:51:02,350 INFO o.a.j.JMeter: IP: 192.168.1.16 Name: pop-os FullName: pop-os.home
2026-09-10 04:51:02,361 INFO o.a.j.s.FileServer: Default base='/home/avituo/projects/tcc/tcc-container'
2026-09-10 04:51:02,363 INFO o.a.j.s.FileServer: Set new base='/home/avituo/projects/tcc/tcc-container/benchmark/jmeter'
2026-09-10 04:51:02,523 INFO o.a.j.s.SaveService: Testplan (JMX) version: 2.2. Testlog (JTL) version: 2.2
2026-09-10 04:51:02,547 INFO o.a.j.s.SaveService: Using SaveService properties version 5.0
2026-09-10 04:51:02,550 INFO o.a.j.s.SaveService: Using SaveService properties file encoding UTF-8
2026-09-10 04:51:02,553 INFO o.a.j.s.SaveService: Loading file: /home/avituo/projects/tcc/tcc-container/benchmark/jmeter/tcc-orders-v1.jmx
2026-09-10 04:51:02,605 INFO o.a.j.p.h.s.HTTPSamplerBase: Parser for text/html is org.apache.jmeter.protocol.http.parser.LagartoBasedHtmlParser
2026-09-10 04:51:02,605 INFO o.a.j.p.h.s.HTTPSamplerBase: Parser for application/xhtml+xml is org.apache.jmeter.protocol.http.parser.LagartoBasedHtmlParser
2026-09-10 04:51:02,605 INFO o.a.j.p.h.s.HTTPSamplerBase: Parser for application/xml is org.apache.jmeter.protocol.http.parser.LagartoBasedHtmlParser
2026-09-10 04:51:02,605 INFO o.a.j.p.h.s.HTTPSamplerBase: Parser for text/xml is org.apache.jmeter.protocol.http.parser.LagartoBasedHtmlParser
2026-09-10 04:51:02,605 INFO o.a.j.p.h.s.HTTPSamplerBase: Parser for text/vnd.wap.wml is org.apache.jmeter.protocol.http.parser.RegexpHTMLParser
2026-09-10 04:51:02,605 INFO o.a.j.p.h.s.HTTPSamplerBase: Parser for text/css is org.apache.jmeter.protocol.http.parser.CssParser
2026-09-10 04:51:02,633 INFO o.a.j.JMeter: Creating summariser <summary>
2026-09-10 04:51:02,649 INFO o.a.j.e.StandardJMeterEngine: Running the test!
2026-09-10 04:51:02,649 INFO o.a.j.s.SampleEvent: List of sample_variables: []
2026-09-10 04:51:02,649 INFO o.a.j.s.SampleEvent: List of sample_variables: []
2026-09-10 04:51:02,653 INFO o.a.j.e.u.CompoundVariable: Note: Function class names must contain the string: '.functions.'
2026-09-10 04:51:02,654 INFO o.a.j.e.u.CompoundVariable: Note: Function class names must not contain the string: '.gui.'
2026-09-10 04:51:02,902 INFO o.a.j.JMeter: Running test (1789026662902)
2026-09-10 04:51:02,926 INFO o.a.j.e.StandardJMeterEngine: Starting ThreadGroup: 1 : TCC orders
2026-09-10 04:51:02,926 INFO o.a.j.e.StandardJMeterEngine: Starting 50 threads for group TCC orders.
2026-09-10 04:51:02,926 INFO o.a.j.e.StandardJMeterEngine: Thread will continue on error
2026-09-10 04:51:02,927 INFO o.a.j.t.ThreadGroup: Starting thread group... number=1 threads=50 ramp-up=0 delayedStart=false
2026-09-10 04:51:02,934 INFO o.a.j.t.JMeterThread: Thread started: TCC orders 1-3
2026-09-10 04:51:02,934 INFO o.a.j.t.JMeterThread: Thread started: TCC orders 1-1
2026-09-10 04:51:02,934 INFO o.a.j.t.JMeterThread: Thread started: TCC orders 1-5
2026-09-10 04:51:02,934 INFO o.a.j.t.JMeterThread: Thread started: TCC orders 1-2
2026-09-10 04:51:02,934 INFO o.a.j.t.JMeterThread: Thread started: TCC orders 1-4
2026-09-10 04:51:02,935 INFO o.a.j.t.JMeterThread: Thread started: TCC orders 1-6
2026-09-10 04:51:02,936 INFO o.a.j.t.JMeterThread: Thread started: TCC orders 1-7
2026-09-10 04:51:02,936 INFO o.a.j.t.JMeterThread: Thread started: TCC orders 1-8
2026-09-10 04:51:02,937 INFO o.a.j.t.JMeterThread: Thread started: TCC orders 1-9
2026-09-10 04:51:02,938 INFO o.a.j.t.JMeterThread: Thread started: TCC orders 1-10
2026-09-10 04:51:02,939 INFO o.a.j.t.JMeterThread: Thread started: TCC orders 1-11
2026-09-10 04:51:02,939 INFO o.a.j.t.JMeterThread: Thread started: TCC orders 1-12
2026-09-10 04:51:02,940 INFO o.a.j.t.JMeterThread: Thread started: TCC orders 1-13
2026-09-10 04:51:02,941 INFO o.a.j.t.JMeterThread: Thread started: TCC orders 1-14
2026-09-10 04:51:02,941 INFO o.a.j.t.JMeterThread: Thread started: TCC orders 1-15
2026-09-10 04:51:02,943 INFO o.a.j.t.JMeterThread: Thread started: TCC orders 1-16
2026-09-10 04:51:02,943 INFO o.a.j.t.JMeterThread: Thread started: TCC orders 1-17
2026-09-10 04:51:02,944 INFO o.a.j.t.JMeterThread: Thread started: TCC orders 1-18
2026-09-10 04:51:02,945 INFO o.a.j.t.JMeterThread: Thread started: TCC orders 1-19
2026-09-10 04:51:02,945 INFO o.a.j.t.JMeterThread: Thread started: TCC orders 1-20
2026-09-10 04:51:02,946 INFO o.a.j.t.JMeterThread: Thread started: TCC orders 1-21
2026-09-10 04:51:02,946 INFO o.a.j.t.JMeterThread: Thread started: TCC orders 1-22
2026-09-10 04:51:02,947 INFO o.a.j.t.JMeterThread: Thread started: TCC orders 1-23
2026-09-10 04:51:02,947 INFO o.a.j.t.JMeterThread: Thread started: TCC orders 1-24
2026-09-10 04:51:02,948 INFO o.a.j.t.JMeterThread: Thread started: TCC orders 1-25
2026-09-10 04:51:02,949 INFO o.a.j.t.JMeterThread: Thread started: TCC orders 1-26
2026-09-10 04:51:02,949 INFO o.a.j.t.JMeterThread: Thread started: TCC orders 1-27
2026-09-10 04:51:02,950 INFO o.a.j.t.JMeterThread: Thread started: TCC orders 1-28
2026-09-10 04:51:02,950 INFO o.a.j.t.JMeterThread: Thread started: TCC orders 1-29
2026-09-10 04:51:02,951 INFO o.a.j.t.JMeterThread: Thread started: TCC orders 1-30
2026-09-10 04:51:02,951 INFO o.a.j.t.JMeterThread: Thread started: TCC orders 1-31
2026-09-10 04:51:02,952 INFO o.a.j.t.JMeterThread: Thread started: TCC orders 1-32
2026-09-10 04:51:02,952 INFO o.a.j.t.JMeterThread: Thread started: TCC orders 1-33
2026-09-10 04:51:02,952 INFO o.a.j.t.JMeterThread: Thread started: TCC orders 1-34
2026-09-10 04:51:02,953 INFO o.a.j.t.JMeterThread: Thread started: TCC orders 1-35
2026-09-10 04:51:02,953 INFO o.a.j.t.JMeterThread: Thread started: TCC orders 1-36
2026-09-10 04:51:02,953 INFO o.a.j.t.JMeterThread: Thread started: TCC orders 1-37
2026-09-10 04:51:02,954 INFO o.a.j.t.JMeterThread: Thread started: TCC orders 1-38
2026-09-10 04:51:02,954 INFO o.a.j.t.JMeterThread: Thread started: TCC orders 1-39
2026-09-10 04:51:02,955 INFO o.a.j.t.JMeterThread: Thread started: TCC orders 1-40
2026-09-10 04:51:02,955 INFO o.a.j.t.JMeterThread: Thread started: TCC orders 1-41
2026-09-10 04:51:02,955 INFO o.a.j.t.JMeterThread: Thread started: TCC orders 1-42
2026-09-10 04:51:02,956 INFO o.a.j.t.JMeterThread: Thread started: TCC orders 1-43
2026-09-10 04:51:02,956 INFO o.a.j.t.JMeterThread: Thread started: TCC orders 1-44
2026-09-10 04:51:02,956 INFO o.a.j.t.JMeterThread: Thread started: TCC orders 1-45
2026-09-10 04:51:02,957 INFO o.a.j.t.JMeterThread: Thread started: TCC orders 1-46
2026-09-10 04:51:02,957 INFO o.a.j.t.JMeterThread: Thread started: TCC orders 1-47
2026-09-10 04:51:02,957 INFO o.a.j.t.JMeterThread: Thread started: TCC orders 1-48
2026-09-10 04:51:02,958 INFO o.a.j.t.JMeterThread: Thread started: TCC orders 1-49
2026-09-10 04:51:02,958 INFO o.a.j.t.ThreadGroup: Started thread group number 1
2026-09-10 04:51:02,958 INFO o.a.j.e.StandardJMeterEngine: All thread groups have been started
2026-09-10 04:51:02,959 INFO o.a.j.t.JMeterThread: Thread started: TCC orders 1-50
2026-09-10 04:51:02,961 INFO o.a.j.p.h.s.HTTPHCAbstractImpl: Local host = pop-os
2026-09-10 04:51:02,966 INFO o.a.j.p.h.s.HTTPHC4Impl: HTTP request retry count = 0
2026-09-10 04:51:02,967 INFO o.a.j.s.SampleResult: Note: Sample TimeStamps are START times
2026-09-10 04:51:02,968 INFO o.a.j.s.SampleResult: sampleresult.default.encoding is set to UTF-8
2026-09-10 04:51:02,968 INFO o.a.j.s.SampleResult: sampleresult.useNanoTime=true
2026-09-10 04:51:02,968 INFO o.a.j.s.SampleResult: sampleresult.nanoThreadSleep=5000
2026-09-10 04:51:04,073 INFO o.a.j.r.Summariser: summary +      1 in 00:00:01 =    0.9/s Avg:   113 Min:   113 Max:   113 Err:     0 (0.00%) Active: 50 Started: 50 Finished: 0
2026-09-10 04:51:30,001 INFO o.a.j.r.Summariser: summary +   3019 in 00:00:26 =  116.4/s Avg:   431 Min:    38 Max:   738 Err:     0 (0.00%) Active: 50 Started: 50 Finished: 0
2026-09-10 04:51:30,002 INFO o.a.j.r.Summariser: summary =   3020 in 00:00:27 =  111.4/s Avg:   431 Min:    38 Max:   738 Err:     0 (0.00%)
2026-09-10 04:52:00,003 INFO o.a.j.r.Summariser: summary +   3490 in 00:00:30 =  116.3/s Avg:   429 Min:   411 Max:   483 Err:     0 (0.00%) Active: 50 Started: 50 Finished: 0
2026-09-10 04:52:00,004 INFO o.a.j.r.Summariser: summary =   6510 in 00:00:57 =  114.0/s Avg:   430 Min:    38 Max:   738 Err:     0 (0.00%)
2026-09-10 04:52:30,005 INFO o.a.j.r.Summariser: summary +   3509 in 00:00:30 =  117.0/s Avg:   427 Min:   407 Max:   499 Err:     0 (0.00%) Active: 50 Started: 50 Finished: 0
2026-09-10 04:52:30,005 INFO o.a.j.r.Summariser: summary =  10019 in 00:01:27 =  115.0/s Avg:   429 Min:    38 Max:   738 Err:     0 (0.00%)
2026-09-10 04:53:00,005 INFO o.a.j.r.Summariser: summary +   3515 in 00:00:30 =  117.2/s Avg:   426 Min:   408 Max:   443 Err:     0 (0.00%) Active: 50 Started: 50 Finished: 0
2026-09-10 04:53:00,006 INFO o.a.j.r.Summariser: summary =  13534 in 00:01:57 =  115.6/s Avg:   428 Min:    38 Max:   738 Err:     0 (0.00%)
2026-09-10 04:53:02,947 INFO o.a.j.t.JMeterThread: Stopping because end time detected by thread: TCC orders 1-5
2026-09-10 04:53:02,947 INFO o.a.j.t.JMeterThread: Thread finished: TCC orders 1-5
2026-09-10 04:53:02,955 INFO o.a.j.t.JMeterThread: Stopping because end time detected by thread: TCC orders 1-39
2026-09-10 04:53:02,955 INFO o.a.j.t.JMeterThread: Thread finished: TCC orders 1-39
2026-09-10 04:53:02,963 INFO o.a.j.t.JMeterThread: Stopping because end time detected by thread: TCC orders 1-6
2026-09-10 04:53:02,964 INFO o.a.j.t.JMeterThread: Thread finished: TCC orders 1-6
2026-09-10 04:53:02,972 INFO o.a.j.t.JMeterThread: Stopping because end time detected by thread: TCC orders 1-50
2026-09-10 04:53:02,972 INFO o.a.j.t.JMeterThread: Thread finished: TCC orders 1-50
2026-09-10 04:53:02,980 INFO o.a.j.t.JMeterThread: Stopping because end time detected by thread: TCC orders 1-33
2026-09-10 04:53:02,981 INFO o.a.j.t.JMeterThread: Thread finished: TCC orders 1-33
2026-09-10 04:53:02,989 INFO o.a.j.t.JMeterThread: Stopping because end time detected by thread: TCC orders 1-41
2026-09-10 04:53:02,989 INFO o.a.j.t.JMeterThread: Thread finished: TCC orders 1-41
2026-09-10 04:53:02,997 INFO o.a.j.t.JMeterThread: Stopping because end time detected by thread: TCC orders 1-24
2026-09-10 04:53:02,998 INFO o.a.j.t.JMeterThread: Thread finished: TCC orders 1-24
2026-09-10 04:53:03,006 INFO o.a.j.t.JMeterThread: Stopping because end time detected by thread: TCC orders 1-30
2026-09-10 04:53:03,006 INFO o.a.j.t.JMeterThread: Thread finished: TCC orders 1-30
2026-09-10 04:53:03,014 INFO o.a.j.t.JMeterThread: Stopping because end time detected by thread: TCC orders 1-9
2026-09-10 04:53:03,014 INFO o.a.j.t.JMeterThread: Thread finished: TCC orders 1-9
2026-09-10 04:53:03,023 INFO o.a.j.t.JMeterThread: Stopping because end time detected by thread: TCC orders 1-31
2026-09-10 04:53:03,023 INFO o.a.j.t.JMeterThread: Thread finished: TCC orders 1-31
2026-09-10 04:53:03,033 INFO o.a.j.t.JMeterThread: Stopping because end time detected by thread: TCC orders 1-14
2026-09-10 04:53:03,033 INFO o.a.j.t.JMeterThread: Thread finished: TCC orders 1-14
2026-09-10 04:53:03,042 INFO o.a.j.t.JMeterThread: Stopping because end time detected by thread: TCC orders 1-29
2026-09-10 04:53:03,042 INFO o.a.j.t.JMeterThread: Thread finished: TCC orders 1-29
2026-09-10 04:53:03,051 INFO o.a.j.t.JMeterThread: Stopping because end time detected by thread: TCC orders 1-13
2026-09-10 04:53:03,051 INFO o.a.j.t.JMeterThread: Thread finished: TCC orders 1-13
2026-09-10 04:53:03,059 INFO o.a.j.t.JMeterThread: Stopping because end time detected by thread: TCC orders 1-20
2026-09-10 04:53:03,059 INFO o.a.j.t.JMeterThread: Thread finished: TCC orders 1-20
2026-09-10 04:53:03,067 INFO o.a.j.t.JMeterThread: Stopping because end time detected by thread: TCC orders 1-32
2026-09-10 04:53:03,067 INFO o.a.j.t.JMeterThread: Thread finished: TCC orders 1-32
2026-09-10 04:53:03,075 INFO o.a.j.t.JMeterThread: Stopping because end time detected by thread: TCC orders 1-21
2026-09-10 04:53:03,075 INFO o.a.j.t.JMeterThread: Thread finished: TCC orders 1-21
2026-09-10 04:53:03,084 INFO o.a.j.t.JMeterThread: Stopping because end time detected by thread: TCC orders 1-47
2026-09-10 04:53:03,084 INFO o.a.j.t.JMeterThread: Thread finished: TCC orders 1-47
2026-09-10 04:53:03,093 INFO o.a.j.t.JMeterThread: Stopping because end time detected by thread: TCC orders 1-2
2026-09-10 04:53:03,093 INFO o.a.j.t.JMeterThread: Thread finished: TCC orders 1-2
2026-09-10 04:53:03,101 INFO o.a.j.t.JMeterThread: Stopping because end time detected by thread: TCC orders 1-25
2026-09-10 04:53:03,101 INFO o.a.j.t.JMeterThread: Thread finished: TCC orders 1-25
2026-09-10 04:53:03,111 INFO o.a.j.t.JMeterThread: Stopping because end time detected by thread: TCC orders 1-18
2026-09-10 04:53:03,111 INFO o.a.j.t.JMeterThread: Thread finished: TCC orders 1-18
2026-09-10 04:53:03,120 INFO o.a.j.t.JMeterThread: Stopping because end time detected by thread: TCC orders 1-40
2026-09-10 04:53:03,120 INFO o.a.j.t.JMeterThread: Thread finished: TCC orders 1-40
2026-09-10 04:53:03,129 INFO o.a.j.t.JMeterThread: Stopping because end time detected by thread: TCC orders 1-1
2026-09-10 04:53:03,130 INFO o.a.j.t.JMeterThread: Thread finished: TCC orders 1-1
2026-09-10 04:53:03,140 INFO o.a.j.t.JMeterThread: Stopping because end time detected by thread: TCC orders 1-36
2026-09-10 04:53:03,140 INFO o.a.j.t.JMeterThread: Thread finished: TCC orders 1-36
2026-09-10 04:53:03,150 INFO o.a.j.t.JMeterThread: Stopping because end time detected by thread: TCC orders 1-34
2026-09-10 04:53:03,151 INFO o.a.j.t.JMeterThread: Thread finished: TCC orders 1-34
2026-09-10 04:53:03,160 INFO o.a.j.t.JMeterThread: Stopping because end time detected by thread: TCC orders 1-49
2026-09-10 04:53:03,161 INFO o.a.j.t.JMeterThread: Thread finished: TCC orders 1-49
2026-09-10 04:53:03,170 INFO o.a.j.t.JMeterThread: Stopping because end time detected by thread: TCC orders 1-4
2026-09-10 04:53:03,170 INFO o.a.j.t.JMeterThread: Thread finished: TCC orders 1-4
2026-09-10 04:53:03,181 INFO o.a.j.t.JMeterThread: Stopping because end time detected by thread: TCC orders 1-8
2026-09-10 04:53:03,181 INFO o.a.j.t.JMeterThread: Thread finished: TCC orders 1-8
2026-09-10 04:53:03,193 INFO o.a.j.t.JMeterThread: Stopping because end time detected by thread: TCC orders 1-27
2026-09-10 04:53:03,193 INFO o.a.j.t.JMeterThread: Thread finished: TCC orders 1-27
2026-09-10 04:53:03,204 INFO o.a.j.t.JMeterThread: Stopping because end time detected by thread: TCC orders 1-46
2026-09-10 04:53:03,204 INFO o.a.j.t.JMeterThread: Thread finished: TCC orders 1-46
2026-09-10 04:53:03,214 INFO o.a.j.t.JMeterThread: Stopping because end time detected by thread: TCC orders 1-35
2026-09-10 04:53:03,214 INFO o.a.j.t.JMeterThread: Thread finished: TCC orders 1-35
2026-09-10 04:53:03,224 INFO o.a.j.t.JMeterThread: Stopping because end time detected by thread: TCC orders 1-37
2026-09-10 04:53:03,224 INFO o.a.j.t.JMeterThread: Thread finished: TCC orders 1-37
2026-09-10 04:53:03,233 INFO o.a.j.t.JMeterThread: Stopping because end time detected by thread: TCC orders 1-15
2026-09-10 04:53:03,233 INFO o.a.j.t.JMeterThread: Thread finished: TCC orders 1-15
2026-09-10 04:53:03,244 INFO o.a.j.t.JMeterThread: Stopping because end time detected by thread: TCC orders 1-45
2026-09-10 04:53:03,244 INFO o.a.j.t.JMeterThread: Thread finished: TCC orders 1-45
2026-09-10 04:53:03,254 INFO o.a.j.t.JMeterThread: Stopping because end time detected by thread: TCC orders 1-48
2026-09-10 04:53:03,254 INFO o.a.j.t.JMeterThread: Thread finished: TCC orders 1-48
2026-09-10 04:53:03,263 INFO o.a.j.t.JMeterThread: Stopping because end time detected by thread: TCC orders 1-11
2026-09-10 04:53:03,263 INFO o.a.j.t.JMeterThread: Thread finished: TCC orders 1-11
2026-09-10 04:53:03,274 INFO o.a.j.t.JMeterThread: Stopping because end time detected by thread: TCC orders 1-28
2026-09-10 04:53:03,274 INFO o.a.j.t.JMeterThread: Thread finished: TCC orders 1-28
2026-09-10 04:53:03,284 INFO o.a.j.t.JMeterThread: Stopping because end time detected by thread: TCC orders 1-12
2026-09-10 04:53:03,284 INFO o.a.j.t.JMeterThread: Thread finished: TCC orders 1-12
2026-09-10 04:53:03,294 INFO o.a.j.t.JMeterThread: Stopping because end time detected by thread: TCC orders 1-3
2026-09-10 04:53:03,294 INFO o.a.j.t.JMeterThread: Thread finished: TCC orders 1-3
2026-09-10 04:53:03,304 INFO o.a.j.t.JMeterThread: Stopping because end time detected by thread: TCC orders 1-7
2026-09-10 04:53:03,304 INFO o.a.j.t.JMeterThread: Thread finished: TCC orders 1-7
2026-09-10 04:53:03,316 INFO o.a.j.t.JMeterThread: Stopping because end time detected by thread: TCC orders 1-42
2026-09-10 04:53:03,316 INFO o.a.j.t.JMeterThread: Thread finished: TCC orders 1-42
2026-09-10 04:53:03,324 INFO o.a.j.t.JMeterThread: Stopping because end time detected by thread: TCC orders 1-22
2026-09-10 04:53:03,324 INFO o.a.j.t.JMeterThread: Thread finished: TCC orders 1-22
2026-09-10 04:53:03,332 INFO o.a.j.t.JMeterThread: Stopping because end time detected by thread: TCC orders 1-19
2026-09-10 04:53:03,332 INFO o.a.j.t.JMeterThread: Thread finished: TCC orders 1-19
2026-09-10 04:53:03,340 INFO o.a.j.t.JMeterThread: Stopping because end time detected by thread: TCC orders 1-26
2026-09-10 04:53:03,341 INFO o.a.j.t.JMeterThread: Thread finished: TCC orders 1-26
2026-09-10 04:53:03,348 INFO o.a.j.t.JMeterThread: Stopping because end time detected by thread: TCC orders 1-17
2026-09-10 04:53:03,349 INFO o.a.j.t.JMeterThread: Thread finished: TCC orders 1-17
2026-09-10 04:53:03,357 INFO o.a.j.t.JMeterThread: Stopping because end time detected by thread: TCC orders 1-43
2026-09-10 04:53:03,357 INFO o.a.j.t.JMeterThread: Thread finished: TCC orders 1-43
2026-09-10 04:53:03,366 INFO o.a.j.t.JMeterThread: Stopping because end time detected by thread: TCC orders 1-10
2026-09-10 04:53:03,366 INFO o.a.j.t.JMeterThread: Thread finished: TCC orders 1-10
2026-09-10 04:53:03,375 INFO o.a.j.t.JMeterThread: Stopping because end time detected by thread: TCC orders 1-44
2026-09-10 04:53:03,375 INFO o.a.j.t.JMeterThread: Thread finished: TCC orders 1-44
2026-09-10 04:53:03,382 INFO o.a.j.t.JMeterThread: Stopping because end time detected by thread: TCC orders 1-16
2026-09-10 04:53:03,383 INFO o.a.j.t.JMeterThread: Thread finished: TCC orders 1-16
2026-09-10 04:53:03,390 INFO o.a.j.t.JMeterThread: Stopping because end time detected by thread: TCC orders 1-38
2026-09-10 04:53:03,390 INFO o.a.j.t.JMeterThread: Thread finished: TCC orders 1-38
2026-09-10 04:53:03,399 INFO o.a.j.t.JMeterThread: Stopping because end time detected by thread: TCC orders 1-23
2026-09-10 04:53:03,399 INFO o.a.j.t.JMeterThread: Thread finished: TCC orders 1-23
2026-09-10 04:53:03,399 INFO o.a.j.e.StandardJMeterEngine: Notifying test listeners of end of test
2026-09-10 04:53:03,402 INFO o.a.j.r.Summariser: summary +    396 in 00:00:03 =  116.6/s Avg:   425 Min:   414 Max:   462 Err:     0 (0.00%) Active: 0 Started: 50 Finished: 50
2026-09-10 04:53:03,402 INFO o.a.j.r.Summariser: summary =  13930 in 00:02:01 =  115.6/s Avg:   428 Min:    38 Max:   738 Err:     0 (0.00%)
