 Container tcc-microservices-experiment-order-1 Running 
 Container tcc-microservices-experiment-gateway-1 Running 
 Container tcc-microservices-experiment-mysql-1 Running 
 Container tcc-microservices-experiment-auth-1 Running 
 Container tcc-microservices-experiment-product-1 Running 
 Container tcc-microservices-experiment-mysql-1 Waiting 
 Container tcc-microservices-experiment-mysql-1 Waiting 
 Container tcc-microservices-experiment-mysql-1 Healthy 
 Container tcc-microservices-experiment-mysql-1 Healthy 
 Container tcc-microservices-experiment-mysql-1 Waiting 
 Container tcc-microservices-experiment-mysql-1 Healthy 
Reset targets: tcc_auth_experiment, tcc_products_experiment, tcc_orders_experiment

   INFO  Clearing cached bootstrap files.  

  config ......................................................... 2.97ms DONE
  cache .......................................................... 2.04ms DONE
  compiled ....................................................... 0.55ms DONE
  events ......................................................... 0.37ms DONE
  routes ......................................................... 0.37ms DONE
  views .......................................................... 5.08ms DONE


  Dropping all tables .......................................... 103.56ms DONE

   INFO  Preparing database.  

  Creating migration table ...................................... 45.51ms DONE

   INFO  Running migrations.  

  0001_01_01_000001_create_cache_table ......................... 128.92ms DONE
  2026_07_20_124230_create_users_table .......................... 67.01ms DONE
  2026_07_22_183826_add_roles_to_users_table .................... 87.27ms DONE


   INFO  Seeding database.  


   INFO  Configuration cached successfully.  


   INFO  Routes cached successfully.  


   INFO  Clearing cached bootstrap files.  

  config ......................................................... 2.15ms DONE
  cache .......................................................... 2.27ms DONE
  compiled ....................................................... 0.52ms DONE
  events ......................................................... 0.34ms DONE
  routes ......................................................... 0.34ms DONE
  views .......................................................... 5.07ms DONE


  Dropping all tables .......................................... 223.16ms DONE

   INFO  Preparing database.  

  Creating migration table ...................................... 45.70ms DONE

   INFO  Running migrations.  

  0001_01_01_000001_create_cache_table ......................... 132.43ms DONE
  0001_01_01_000002_create_jobs_table .......................... 204.86ms DONE
  2026_06_07_225747_create_products_table ....................... 68.30ms DONE
  2026_07_22_183150_correct_product_catalog_schema ............. 650.50ms DONE
  2026_07_22_183152_create_stock_reservations_table ............ 127.95ms DONE
  2026_07_22_183153_create_stock_reservation_items_table ....... 298.78ms DONE


   INFO  Seeding database.  


   INFO  Configuration cached successfully.  


   INFO  Routes cached successfully.  


   INFO  Clearing cached bootstrap files.  

  config ......................................................... 1.47ms DONE
  cache .......................................................... 2.09ms DONE
  compiled ....................................................... 0.53ms DONE
  events ......................................................... 0.36ms DONE
  routes ......................................................... 0.41ms DONE
  views .......................................................... 5.09ms DONE


  Dropping all tables .......................................... 189.92ms DONE

   INFO  Preparing database.  

  Creating migration table ...................................... 43.42ms DONE

   INFO  Running migrations.  

  0001_01_01_000001_create_cache_table ......................... 137.02ms DONE
  0001_01_01_000002_create_jobs_table .......................... 270.04ms DONE
  2026_07_22_183830_create_orders_table ........................ 192.59ms DONE
  2026_07_22_183831_create_order_items_table ................... 200.89ms DONE
  2026_07_29_140158_add_name_to_orders_table ................... 234.77ms DONE


   INFO  Seeding database.  


   INFO  Configuration cached successfully.  


   INFO  Routes cached successfully.  

database=tcc_auth_experiment
user_count=100
logical_fingerprint=44cb257fd1b0fbd23dde712b5250ca3d002eded4c2a9e911c74c80c94eb073a7
benchmark_users=VALID
database=tcc_products_experiment
product_count=1000
stock_reservation_count=0
logical_fingerprint=44cb257fd1b0fbd23dde712b5250ca3d002eded4c2a9e911c74c80c94eb073a7
benchmark_products=VALID
database=tcc_orders_experiment
order_count=5000
order_item_count=10000
status_distribution={"pending":2500,"paid":1500,"cancelled":1000}
orders_per_user_min=50
orders_per_user_max=50
logical_fingerprint=44cb257fd1b0fbd23dde712b5250ca3d002eded4c2a9e911c74c80c94eb073a7
order_mapping_1=20000000-0000-4000-8000-000000000001
order_mapping_5000=20000000-0000-4000-8000-000000005000
benchmark_orders=VALID
