2026-09-10 05:26:36,091 INFO o.a.j.u.JMeterUtils: Setting Locale to en_EN
2026-09-10 05:26:36,107 INFO o.a.j.JMeter: Loading user properties from: /home/avituo/projects/tcc/tcc-container/.tools/apache-jmeter-5.6.3/bin/user.properties
2026-09-10 05:26:36,108 INFO o.a.j.JMeter: Loading system properties from: /home/avituo/projects/tcc/tcc-container/.tools/apache-jmeter-5.6.3/bin/system.properties
2026-09-10 05:26:36,108 INFO o.a.j.JMeter: Loading additional properties from: /home/avituo/projects/tcc/tcc-container/benchmark/jmeter/benchmark.properties
2026-09-10 05:26:36,108 INFO o.a.j.JMeter: Loading additional properties from: /tmp/tcc-benchmark-auth.opqh93/auth.properties
2026-09-10 05:26:36,108 INFO o.a.j.JMeter: Setting JMeter property: threads=100
2026-09-10 05:26:36,108 INFO o.a.j.JMeter: Setting JMeter property: duration_seconds=30
2026-09-10 05:26:36,108 INFO o.a.j.JMeter: Setting JMeter property: target_host=localhost
2026-09-10 05:26:36,108 INFO o.a.j.JMeter: Setting JMeter property: target_port=18080
2026-09-10 05:26:36,108 INFO o.a.j.JMeter: Setting JMeter property: tcc.order.id=20000000-0000-4000-8000-000000000001
2026-09-10 05:26:36,108 INFO o.a.j.JMeter: Setting JMeter property: repetition=4
2026-09-10 05:26:36,114 INFO o.a.j.JMeter: Copyright (c) 1998-2024 The Apache Software Foundation
2026-09-10 05:26:36,115 INFO o.a.j.JMeter: Version 5.6.3
2026-09-10 05:26:36,115 INFO o.a.j.JMeter: java.version=21.0.11
2026-09-10 05:26:36,115 INFO o.a.j.JMeter: java.vm.name=OpenJDK 64-Bit Server VM
2026-09-10 05:26:36,115 INFO o.a.j.JMeter: os.name=Linux
2026-09-10 05:26:36,115 INFO o.a.j.JMeter: os.arch=amd64
2026-09-10 05:26:36,115 INFO o.a.j.JMeter: os.version=7.0.11-76070011-generic
2026-09-10 05:26:36,115 INFO o.a.j.JMeter: file.encoding=UTF-8
2026-09-10 05:26:36,115 INFO o.a.j.JMeter: java.awt.headless=true
2026-09-10 05:26:36,115 INFO o.a.j.JMeter: Max memory     =1073741824
2026-09-10 05:26:36,115 INFO o.a.j.JMeter: Available Processors =16
2026-09-10 05:26:36,124 INFO o.a.j.JMeter: Default Locale=English (EN)
2026-09-10 05:26:36,124 INFO o.a.j.JMeter: JMeter  Locale=English (EN)
2026-09-10 05:26:36,124 INFO o.a.j.JMeter: JMeterHome=/home/avituo/projects/tcc/tcc-container/.tools/apache-jmeter-5.6.3
2026-09-10 05:26:36,124 INFO o.a.j.JMeter: user.dir  =/home/avituo/projects/tcc/tcc-container
2026-09-10 05:26:36,124 INFO o.a.j.JMeter: PWD       =/home/avituo/projects/tcc/tcc-container
2026-09-10 05:26:36,132 INFO o.a.j.JMeter: IP: 192.168.1.16 Name: pop-os FullName: pop-os.home
2026-09-10 05:26:36,144 INFO o.a.j.s.FileServer: Default base='/home/avituo/projects/tcc/tcc-container'
2026-09-10 05:26:36,146 INFO o.a.j.s.FileServer: Set new base='/home/avituo/projects/tcc/tcc-container/benchmark/jmeter'
2026-09-10 05:26:36,306 INFO o.a.j.s.SaveService: Testplan (JMX) version: 2.2. Testlog (JTL) version: 2.2
2026-09-10 05:26:36,332 INFO o.a.j.s.SaveService: Using SaveService properties version 5.0
2026-09-10 05:26:36,335 INFO o.a.j.s.SaveService: Using SaveService properties file encoding UTF-8
2026-09-10 05:26:36,339 INFO o.a.j.s.SaveService: Loading file: /home/avituo/projects/tcc/tcc-container/benchmark/jmeter/tcc-orders-v1.jmx
2026-09-10 05:26:36,390 INFO o.a.j.p.h.s.HTTPSamplerBase: Parser for text/html is org.apache.jmeter.protocol.http.parser.LagartoBasedHtmlParser
2026-09-10 05:26:36,390 INFO o.a.j.p.h.s.HTTPSamplerBase: Parser for application/xhtml+xml is org.apache.jmeter.protocol.http.parser.LagartoBasedHtmlParser
2026-09-10 05:26:36,390 INFO o.a.j.p.h.s.HTTPSamplerBase: Parser for application/xml is org.apache.jmeter.protocol.http.parser.LagartoBasedHtmlParser
2026-09-10 05:26:36,390 INFO o.a.j.p.h.s.HTTPSamplerBase: Parser for text/xml is org.apache.jmeter.protocol.http.parser.LagartoBasedHtmlParser
2026-09-10 05:26:36,390 INFO o.a.j.p.h.s.HTTPSamplerBase: Parser for text/vnd.wap.wml is org.apache.jmeter.protocol.http.parser.RegexpHTMLParser
2026-09-10 05:26:36,390 INFO o.a.j.p.h.s.HTTPSamplerBase: Parser for text/css is org.apache.jmeter.protocol.http.parser.CssParser
2026-09-10 05:26:36,419 INFO o.a.j.JMeter: Creating summariser <summary>
2026-09-10 05:26:36,443 INFO o.a.j.e.StandardJMeterEngine: Running the test!
2026-09-10 05:26:36,444 INFO o.a.j.s.SampleEvent: List of sample_variables: []
2026-09-10 05:26:36,444 INFO o.a.j.s.SampleEvent: List of sample_variables: []
2026-09-10 05:26:36,447 INFO o.a.j.e.u.CompoundVariable: Note: Function class names must contain the string: '.functions.'
2026-09-10 05:26:36,448 INFO o.a.j.e.u.CompoundVariable: Note: Function class names must not contain the string: '.gui.'
2026-09-10 05:26:36,698 INFO o.a.j.JMeter: Running test (1789028796698)
2026-09-10 05:26:36,720 INFO o.a.j.e.StandardJMeterEngine: Starting ThreadGroup: 1 : TCC orders
2026-09-10 05:26:36,720 INFO o.a.j.e.StandardJMeterEngine: Starting 100 threads for group TCC orders.
2026-09-10 05:26:36,720 INFO o.a.j.e.StandardJMeterEngine: Thread will continue on error
2026-09-10 05:26:36,720 INFO o.a.j.t.ThreadGroup: Starting thread group... number=1 threads=100 ramp-up=0 delayedStart=false
2026-09-10 05:26:36,727 INFO o.a.j.t.JMeterThread: Thread started: TCC orders 1-2
2026-09-10 05:26:36,727 INFO o.a.j.t.JMeterThread: Thread started: TCC orders 1-5
2026-09-10 05:26:36,727 INFO o.a.j.t.JMeterThread: Thread started: TCC orders 1-1
2026-09-10 05:26:36,727 INFO o.a.j.t.JMeterThread: Thread started: TCC orders 1-3
2026-09-10 05:26:36,727 INFO o.a.j.t.JMeterThread: Thread started: TCC orders 1-6
2026-09-10 05:26:36,727 INFO o.a.j.t.JMeterThread: Thread started: TCC orders 1-4
2026-09-10 05:26:36,728 INFO o.a.j.t.JMeterThread: Thread started: TCC orders 1-7
2026-09-10 05:26:36,729 INFO o.a.j.t.JMeterThread: Thread started: TCC orders 1-8
2026-09-10 05:26:36,729 INFO o.a.j.t.JMeterThread: Thread started: TCC orders 1-9
2026-09-10 05:26:36,730 INFO o.a.j.t.JMeterThread: Thread started: TCC orders 1-10
2026-09-10 05:26:36,730 INFO o.a.j.t.JMeterThread: Thread started: TCC orders 1-11
2026-09-10 05:26:36,731 INFO o.a.j.t.JMeterThread: Thread started: TCC orders 1-12
2026-09-10 05:26:36,732 INFO o.a.j.t.JMeterThread: Thread started: TCC orders 1-13
2026-09-10 05:26:36,733 INFO o.a.j.t.JMeterThread: Thread started: TCC orders 1-14
2026-09-10 05:26:36,734 INFO o.a.j.t.JMeterThread: Thread started: TCC orders 1-15
2026-09-10 05:26:36,736 INFO o.a.j.t.JMeterThread: Thread started: TCC orders 1-16
2026-09-10 05:26:36,736 INFO o.a.j.t.JMeterThread: Thread started: TCC orders 1-17
2026-09-10 05:26:36,737 INFO o.a.j.t.JMeterThread: Thread started: TCC orders 1-18
2026-09-10 05:26:36,738 INFO o.a.j.t.JMeterThread: Thread started: TCC orders 1-19
2026-09-10 05:26:36,739 INFO o.a.j.t.JMeterThread: Thread started: TCC orders 1-20
2026-09-10 05:26:36,739 INFO o.a.j.t.JMeterThread: Thread started: TCC orders 1-21
2026-09-10 05:26:36,740 INFO o.a.j.t.JMeterThread: Thread started: TCC orders 1-22
2026-09-10 05:26:36,741 INFO o.a.j.t.JMeterThread: Thread started: TCC orders 1-23
2026-09-10 05:26:36,741 INFO o.a.j.t.JMeterThread: Thread started: TCC orders 1-24
2026-09-10 05:26:36,742 INFO o.a.j.t.JMeterThread: Thread started: TCC orders 1-25
2026-09-10 05:26:36,743 INFO o.a.j.t.JMeterThread: Thread started: TCC orders 1-26
2026-09-10 05:26:36,743 INFO o.a.j.t.JMeterThread: Thread started: TCC orders 1-27
2026-09-10 05:26:36,744 INFO o.a.j.t.JMeterThread: Thread started: TCC orders 1-28
2026-09-10 05:26:36,745 INFO o.a.j.t.JMeterThread: Thread started: TCC orders 1-29
2026-09-10 05:26:36,745 INFO o.a.j.t.JMeterThread: Thread started: TCC orders 1-30
2026-09-10 05:26:36,746 INFO o.a.j.t.JMeterThread: Thread started: TCC orders 1-31
2026-09-10 05:26:36,747 INFO o.a.j.t.JMeterThread: Thread started: TCC orders 1-32
2026-09-10 05:26:36,747 INFO o.a.j.t.JMeterThread: Thread started: TCC orders 1-33
2026-09-10 05:26:36,748 INFO o.a.j.t.JMeterThread: Thread started: TCC orders 1-34
2026-09-10 05:26:36,748 INFO o.a.j.t.JMeterThread: Thread started: TCC orders 1-35
2026-09-10 05:26:36,749 INFO o.a.j.t.JMeterThread: Thread started: TCC orders 1-36
2026-09-10 05:26:36,749 INFO o.a.j.t.JMeterThread: Thread started: TCC orders 1-37
2026-09-10 05:26:36,750 INFO o.a.j.t.JMeterThread: Thread started: TCC orders 1-38
2026-09-10 05:26:36,750 INFO o.a.j.t.JMeterThread: Thread started: TCC orders 1-39
2026-09-10 05:26:36,751 INFO o.a.j.t.JMeterThread: Thread started: TCC orders 1-40
2026-09-10 05:26:36,752 INFO o.a.j.t.JMeterThread: Thread started: TCC orders 1-41
2026-09-10 05:26:36,752 INFO o.a.j.p.h.s.HTTPHCAbstractImpl: Local host = pop-os
2026-09-10 05:26:36,752 INFO o.a.j.t.JMeterThread: Thread started: TCC orders 1-42
2026-09-10 05:26:36,753 INFO o.a.j.t.JMeterThread: Thread started: TCC orders 1-43
2026-09-10 05:26:36,754 INFO o.a.j.t.JMeterThread: Thread started: TCC orders 1-44
2026-09-10 05:26:36,754 INFO o.a.j.t.JMeterThread: Thread started: TCC orders 1-45
2026-09-10 05:26:36,755 INFO o.a.j.t.JMeterThread: Thread started: TCC orders 1-46
2026-09-10 05:26:36,755 INFO o.a.j.t.JMeterThread: Thread started: TCC orders 1-47
2026-09-10 05:26:36,756 INFO o.a.j.t.JMeterThread: Thread started: TCC orders 1-48
2026-09-10 05:26:36,756 INFO o.a.j.t.JMeterThread: Thread started: TCC orders 1-49
2026-09-10 05:26:36,757 INFO o.a.j.t.JMeterThread: Thread started: TCC orders 1-50
2026-09-10 05:26:36,757 INFO o.a.j.t.JMeterThread: Thread started: TCC orders 1-51
2026-09-10 05:26:36,758 INFO o.a.j.t.JMeterThread: Thread started: TCC orders 1-52
2026-09-10 05:26:36,758 INFO o.a.j.t.JMeterThread: Thread started: TCC orders 1-53
2026-09-10 05:26:36,759 INFO o.a.j.t.JMeterThread: Thread started: TCC orders 1-54
2026-09-10 05:26:36,760 INFO o.a.j.t.JMeterThread: Thread started: TCC orders 1-56
2026-09-10 05:26:36,759 INFO o.a.j.t.JMeterThread: Thread started: TCC orders 1-55
2026-09-10 05:26:36,760 INFO o.a.j.t.JMeterThread: Thread started: TCC orders 1-57
2026-09-10 05:26:36,761 INFO o.a.j.t.JMeterThread: Thread started: TCC orders 1-58
2026-09-10 05:26:36,761 INFO o.a.j.t.JMeterThread: Thread started: TCC orders 1-59
2026-09-10 05:26:36,762 INFO o.a.j.t.JMeterThread: Thread started: TCC orders 1-60
2026-09-10 05:26:36,762 INFO o.a.j.p.h.s.HTTPHC4Impl: HTTP request retry count = 0
2026-09-10 05:26:36,762 INFO o.a.j.t.JMeterThread: Thread started: TCC orders 1-61
2026-09-10 05:26:36,763 INFO o.a.j.t.JMeterThread: Thread started: TCC orders 1-62
2026-09-10 05:26:36,764 INFO o.a.j.s.SampleResult: Note: Sample TimeStamps are START times
2026-09-10 05:26:36,764 INFO o.a.j.s.SampleResult: sampleresult.default.encoding is set to UTF-8
2026-09-10 05:26:36,764 INFO o.a.j.s.SampleResult: sampleresult.useNanoTime=true
2026-09-10 05:26:36,764 INFO o.a.j.t.JMeterThread: Thread started: TCC orders 1-63
2026-09-10 05:26:36,764 INFO o.a.j.s.SampleResult: sampleresult.nanoThreadSleep=5000
2026-09-10 05:26:36,765 INFO o.a.j.t.JMeterThread: Thread started: TCC orders 1-64
2026-09-10 05:26:36,766 INFO o.a.j.t.JMeterThread: Thread started: TCC orders 1-65
2026-09-10 05:26:36,766 INFO o.a.j.t.JMeterThread: Thread started: TCC orders 1-66
2026-09-10 05:26:36,767 INFO o.a.j.t.JMeterThread: Thread started: TCC orders 1-67
2026-09-10 05:26:36,768 INFO o.a.j.t.JMeterThread: Thread started: TCC orders 1-68
2026-09-10 05:26:36,768 INFO o.a.j.t.JMeterThread: Thread started: TCC orders 1-69
2026-09-10 05:26:36,769 INFO o.a.j.t.JMeterThread: Thread started: TCC orders 1-70
2026-09-10 05:26:36,770 INFO o.a.j.t.JMeterThread: Thread started: TCC orders 1-72
2026-09-10 05:26:36,769 INFO o.a.j.t.JMeterThread: Thread started: TCC orders 1-71
2026-09-10 05:26:36,770 INFO o.a.j.t.JMeterThread: Thread started: TCC orders 1-73
2026-09-10 05:26:36,771 INFO o.a.j.t.JMeterThread: Thread started: TCC orders 1-74
2026-09-10 05:26:36,772 INFO o.a.j.t.JMeterThread: Thread started: TCC orders 1-75
2026-09-10 05:26:36,772 INFO o.a.j.t.JMeterThread: Thread started: TCC orders 1-76
2026-09-10 05:26:36,773 INFO o.a.j.t.JMeterThread: Thread started: TCC orders 1-77
2026-09-10 05:26:36,773 INFO o.a.j.t.JMeterThread: Thread started: TCC orders 1-78
2026-09-10 05:26:36,774 INFO o.a.j.t.JMeterThread: Thread started: TCC orders 1-79
2026-09-10 05:26:36,774 INFO o.a.j.t.JMeterThread: Thread started: TCC orders 1-80
2026-09-10 05:26:36,775 INFO o.a.j.t.JMeterThread: Thread started: TCC orders 1-81
2026-09-10 05:26:36,776 INFO o.a.j.t.JMeterThread: Thread started: TCC orders 1-82
2026-09-10 05:26:36,777 INFO o.a.j.t.JMeterThread: Thread started: TCC orders 1-83
2026-09-10 05:26:36,779 INFO o.a.j.t.JMeterThread: Thread started: TCC orders 1-84
2026-09-10 05:26:36,781 INFO o.a.j.t.JMeterThread: Thread started: TCC orders 1-85
2026-09-10 05:26:36,783 INFO o.a.j.t.JMeterThread: Thread started: TCC orders 1-86
2026-09-10 05:26:36,783 INFO o.a.j.t.JMeterThread: Thread started: TCC orders 1-87
2026-09-10 05:26:36,784 INFO o.a.j.t.JMeterThread: Thread started: TCC orders 1-88
2026-09-10 05:26:36,787 INFO o.a.j.t.JMeterThread: Thread started: TCC orders 1-90
2026-09-10 05:26:36,787 INFO o.a.j.t.JMeterThread: Thread started: TCC orders 1-89
2026-09-10 05:26:36,788 INFO o.a.j.t.JMeterThread: Thread started: TCC orders 1-91
2026-09-10 05:26:36,788 INFO o.a.j.t.JMeterThread: Thread started: TCC orders 1-92
2026-09-10 05:26:36,789 INFO o.a.j.t.JMeterThread: Thread started: TCC orders 1-94
2026-09-10 05:26:36,790 INFO o.a.j.t.JMeterThread: Thread started: TCC orders 1-95
2026-09-10 05:26:36,790 INFO o.a.j.t.JMeterThread: Thread started: TCC orders 1-96
2026-09-10 05:26:36,791 INFO o.a.j.t.JMeterThread: Thread started: TCC orders 1-93
2026-09-10 05:26:36,791 INFO o.a.j.t.JMeterThread: Thread started: TCC orders 1-97
2026-09-10 05:26:36,792 INFO o.a.j.t.JMeterThread: Thread started: TCC orders 1-98
2026-09-10 05:26:36,792 INFO o.a.j.t.JMeterThread: Thread started: TCC orders 1-99
2026-09-10 05:26:36,793 INFO o.a.j.t.ThreadGroup: Started thread group number 1
2026-09-10 05:26:36,793 INFO o.a.j.e.StandardJMeterEngine: All thread groups have been started
2026-09-10 05:26:36,793 INFO o.a.j.t.JMeterThread: Thread started: TCC orders 1-100
2026-09-10 05:27:00,009 INFO o.a.j.r.Summariser: summary +   2454 in 00:00:23 =  105.3/s Avg:   906 Min:   288 Max:  1701 Err:     0 (0.00%) Active: 100 Started: 100 Finished: 0
2026-09-10 05:27:06,756 INFO o.a.j.t.JMeterThread: Stopping because end time detected by thread: TCC orders 1-25
2026-09-10 05:27:06,757 INFO o.a.j.t.JMeterThread: Thread finished: TCC orders 1-25
2026-09-10 05:27:06,766 INFO o.a.j.t.JMeterThread: Stopping because end time detected by thread: TCC orders 1-46
2026-09-10 05:27:06,766 INFO o.a.j.t.JMeterThread: Thread finished: TCC orders 1-46
2026-09-10 05:27:06,785 INFO o.a.j.t.JMeterThread: Stopping because end time detected by thread: TCC orders 1-28
2026-09-10 05:27:06,785 INFO o.a.j.t.JMeterThread: Thread finished: TCC orders 1-28
2026-09-10 05:27:06,793 INFO o.a.j.t.JMeterThread: Stopping because end time detected by thread: TCC orders 1-39
2026-09-10 05:27:06,793 INFO o.a.j.t.JMeterThread: Thread finished: TCC orders 1-39
2026-09-10 05:27:06,802 INFO o.a.j.t.JMeterThread: Stopping because end time detected by thread: TCC orders 1-94
2026-09-10 05:27:06,803 INFO o.a.j.t.JMeterThread: Thread finished: TCC orders 1-94
2026-09-10 05:27:06,812 INFO o.a.j.t.JMeterThread: Stopping because end time detected by thread: TCC orders 1-71
2026-09-10 05:27:06,812 INFO o.a.j.t.JMeterThread: Thread finished: TCC orders 1-71
2026-09-10 05:27:06,821 INFO o.a.j.t.JMeterThread: Stopping because end time detected by thread: TCC orders 1-45
2026-09-10 05:27:06,821 INFO o.a.j.t.JMeterThread: Thread finished: TCC orders 1-45
2026-09-10 05:27:06,830 INFO o.a.j.t.JMeterThread: Stopping because end time detected by thread: TCC orders 1-32
2026-09-10 05:27:06,831 INFO o.a.j.t.JMeterThread: Thread finished: TCC orders 1-32
2026-09-10 05:27:06,839 INFO o.a.j.t.JMeterThread: Stopping because end time detected by thread: TCC orders 1-37
2026-09-10 05:27:06,839 INFO o.a.j.t.JMeterThread: Thread finished: TCC orders 1-37
2026-09-10 05:27:06,848 INFO o.a.j.t.JMeterThread: Stopping because end time detected by thread: TCC orders 1-40
2026-09-10 05:27:06,849 INFO o.a.j.t.JMeterThread: Thread finished: TCC orders 1-40
2026-09-10 05:27:06,858 INFO o.a.j.t.JMeterThread: Stopping because end time detected by thread: TCC orders 1-2
2026-09-10 05:27:06,858 INFO o.a.j.t.JMeterThread: Thread finished: TCC orders 1-2
2026-09-10 05:27:06,866 INFO o.a.j.t.JMeterThread: Stopping because end time detected by thread: TCC orders 1-8
2026-09-10 05:27:06,867 INFO o.a.j.t.JMeterThread: Thread finished: TCC orders 1-8
2026-09-10 05:27:06,875 INFO o.a.j.t.JMeterThread: Stopping because end time detected by thread: TCC orders 1-62
2026-09-10 05:27:06,876 INFO o.a.j.t.JMeterThread: Thread finished: TCC orders 1-62
2026-09-10 05:27:06,884 INFO o.a.j.t.JMeterThread: Stopping because end time detected by thread: TCC orders 1-79
2026-09-10 05:27:06,884 INFO o.a.j.t.JMeterThread: Thread finished: TCC orders 1-79
2026-09-10 05:27:06,893 INFO o.a.j.t.JMeterThread: Stopping because end time detected by thread: TCC orders 1-24
2026-09-10 05:27:06,893 INFO o.a.j.t.JMeterThread: Thread finished: TCC orders 1-24
2026-09-10 05:27:06,902 INFO o.a.j.t.JMeterThread: Stopping because end time detected by thread: TCC orders 1-10
2026-09-10 05:27:06,903 INFO o.a.j.t.JMeterThread: Thread finished: TCC orders 1-10
2026-09-10 05:27:06,912 INFO o.a.j.t.JMeterThread: Stopping because end time detected by thread: TCC orders 1-100
2026-09-10 05:27:06,912 INFO o.a.j.t.JMeterThread: Thread finished: TCC orders 1-100
2026-09-10 05:27:06,921 INFO o.a.j.t.JMeterThread: Stopping because end time detected by thread: TCC orders 1-4
2026-09-10 05:27:06,921 INFO o.a.j.t.JMeterThread: Thread finished: TCC orders 1-4
2026-09-10 05:27:06,930 INFO o.a.j.t.JMeterThread: Stopping because end time detected by thread: TCC orders 1-47
2026-09-10 05:27:06,930 INFO o.a.j.t.JMeterThread: Thread finished: TCC orders 1-47
2026-09-10 05:27:06,939 INFO o.a.j.t.JMeterThread: Stopping because end time detected by thread: TCC orders 1-50
2026-09-10 05:27:06,939 INFO o.a.j.t.JMeterThread: Thread finished: TCC orders 1-50
2026-09-10 05:27:06,948 INFO o.a.j.t.JMeterThread: Stopping because end time detected by thread: TCC orders 1-87
2026-09-10 05:27:06,949 INFO o.a.j.t.JMeterThread: Thread finished: TCC orders 1-87
2026-09-10 05:27:06,957 INFO o.a.j.t.JMeterThread: Stopping because end time detected by thread: TCC orders 1-58
2026-09-10 05:27:06,957 INFO o.a.j.t.JMeterThread: Thread finished: TCC orders 1-58
2026-09-10 05:27:06,966 INFO o.a.j.t.JMeterThread: Stopping because end time detected by thread: TCC orders 1-70
2026-09-10 05:27:06,966 INFO o.a.j.t.JMeterThread: Thread finished: TCC orders 1-70
2026-09-10 05:27:06,975 INFO o.a.j.t.JMeterThread: Stopping because end time detected by thread: TCC orders 1-65
2026-09-10 05:27:06,975 INFO o.a.j.t.JMeterThread: Thread finished: TCC orders 1-65
2026-09-10 05:27:06,984 INFO o.a.j.t.JMeterThread: Stopping because end time detected by thread: TCC orders 1-61
2026-09-10 05:27:06,984 INFO o.a.j.t.JMeterThread: Thread finished: TCC orders 1-61
2026-09-10 05:27:06,993 INFO o.a.j.t.JMeterThread: Stopping because end time detected by thread: TCC orders 1-64
2026-09-10 05:27:06,993 INFO o.a.j.t.JMeterThread: Thread finished: TCC orders 1-64
2026-09-10 05:27:07,001 INFO o.a.j.t.JMeterThread: Stopping because end time detected by thread: TCC orders 1-89
2026-09-10 05:27:07,001 INFO o.a.j.t.JMeterThread: Thread finished: TCC orders 1-89
2026-09-10 05:27:07,010 INFO o.a.j.t.JMeterThread: Stopping because end time detected by thread: TCC orders 1-21
2026-09-10 05:27:07,010 INFO o.a.j.t.JMeterThread: Thread finished: TCC orders 1-21
2026-09-10 05:27:07,018 INFO o.a.j.t.JMeterThread: Stopping because end time detected by thread: TCC orders 1-38
2026-09-10 05:27:07,018 INFO o.a.j.t.JMeterThread: Thread finished: TCC orders 1-38
2026-09-10 05:27:07,027 INFO o.a.j.t.JMeterThread: Stopping because end time detected by thread: TCC orders 1-33
2026-09-10 05:27:07,027 INFO o.a.j.t.JMeterThread: Thread finished: TCC orders 1-33
2026-09-10 05:27:07,036 INFO o.a.j.t.JMeterThread: Stopping because end time detected by thread: TCC orders 1-92
2026-09-10 05:27:07,036 INFO o.a.j.t.JMeterThread: Thread finished: TCC orders 1-92
2026-09-10 05:27:07,044 INFO o.a.j.t.JMeterThread: Stopping because end time detected by thread: TCC orders 1-1
2026-09-10 05:27:07,044 INFO o.a.j.t.JMeterThread: Thread finished: TCC orders 1-1
2026-09-10 05:27:07,052 INFO o.a.j.t.JMeterThread: Stopping because end time detected by thread: TCC orders 1-49
2026-09-10 05:27:07,053 INFO o.a.j.t.JMeterThread: Thread finished: TCC orders 1-49
2026-09-10 05:27:07,061 INFO o.a.j.t.JMeterThread: Stopping because end time detected by thread: TCC orders 1-74
2026-09-10 05:27:07,061 INFO o.a.j.t.JMeterThread: Thread finished: TCC orders 1-74
2026-09-10 05:27:07,070 INFO o.a.j.t.JMeterThread: Stopping because end time detected by thread: TCC orders 1-20
2026-09-10 05:27:07,070 INFO o.a.j.t.JMeterThread: Thread finished: TCC orders 1-20
2026-09-10 05:27:07,078 INFO o.a.j.t.JMeterThread: Stopping because end time detected by thread: TCC orders 1-86
2026-09-10 05:27:07,078 INFO o.a.j.t.JMeterThread: Thread finished: TCC orders 1-86
2026-09-10 05:27:07,086 INFO o.a.j.t.JMeterThread: Stopping because end time detected by thread: TCC orders 1-78
2026-09-10 05:27:07,087 INFO o.a.j.t.JMeterThread: Thread finished: TCC orders 1-78
2026-09-10 05:27:07,095 INFO o.a.j.t.JMeterThread: Stopping because end time detected by thread: TCC orders 1-98
2026-09-10 05:27:07,095 INFO o.a.j.t.JMeterThread: Thread finished: TCC orders 1-98
2026-09-10 05:27:07,103 INFO o.a.j.t.JMeterThread: Stopping because end time detected by thread: TCC orders 1-34
2026-09-10 05:27:07,103 INFO o.a.j.t.JMeterThread: Thread finished: TCC orders 1-34
2026-09-10 05:27:07,112 INFO o.a.j.t.JMeterThread: Stopping because end time detected by thread: TCC orders 1-82
2026-09-10 05:27:07,112 INFO o.a.j.t.JMeterThread: Thread finished: TCC orders 1-82
2026-09-10 05:27:07,120 INFO o.a.j.t.JMeterThread: Stopping because end time detected by thread: TCC orders 1-51
2026-09-10 05:27:07,121 INFO o.a.j.t.JMeterThread: Thread finished: TCC orders 1-51
2026-09-10 05:27:07,129 INFO o.a.j.t.JMeterThread: Stopping because end time detected by thread: TCC orders 1-68
2026-09-10 05:27:07,129 INFO o.a.j.t.JMeterThread: Thread finished: TCC orders 1-68
2026-09-10 05:27:07,137 INFO o.a.j.t.JMeterThread: Stopping because end time detected by thread: TCC orders 1-44
2026-09-10 05:27:07,137 INFO o.a.j.t.JMeterThread: Thread finished: TCC orders 1-44
2026-09-10 05:27:07,145 INFO o.a.j.t.JMeterThread: Stopping because end time detected by thread: TCC orders 1-76
2026-09-10 05:27:07,145 INFO o.a.j.t.JMeterThread: Thread finished: TCC orders 1-76
2026-09-10 05:27:07,154 INFO o.a.j.t.JMeterThread: Stopping because end time detected by thread: TCC orders 1-75
2026-09-10 05:27:07,154 INFO o.a.j.t.JMeterThread: Thread finished: TCC orders 1-75
2026-09-10 05:27:07,162 INFO o.a.j.t.JMeterThread: Stopping because end time detected by thread: TCC orders 1-54
2026-09-10 05:27:07,162 INFO o.a.j.t.JMeterThread: Thread finished: TCC orders 1-54
2026-09-10 05:27:07,170 INFO o.a.j.t.JMeterThread: Stopping because end time detected by thread: TCC orders 1-48
2026-09-10 05:27:07,170 INFO o.a.j.t.JMeterThread: Thread finished: TCC orders 1-48
2026-09-10 05:27:07,179 INFO o.a.j.t.JMeterThread: Stopping because end time detected by thread: TCC orders 1-96
2026-09-10 05:27:07,179 INFO o.a.j.t.JMeterThread: Thread finished: TCC orders 1-96
2026-09-10 05:27:07,187 INFO o.a.j.t.JMeterThread: Stopping because end time detected by thread: TCC orders 1-91
2026-09-10 05:27:07,187 INFO o.a.j.t.JMeterThread: Thread finished: TCC orders 1-91
2026-09-10 05:27:07,195 INFO o.a.j.t.JMeterThread: Stopping because end time detected by thread: TCC orders 1-22
2026-09-10 05:27:07,195 INFO o.a.j.t.JMeterThread: Thread finished: TCC orders 1-22
2026-09-10 05:27:07,204 INFO o.a.j.t.JMeterThread: Stopping because end time detected by thread: TCC orders 1-7
2026-09-10 05:27:07,204 INFO o.a.j.t.JMeterThread: Thread finished: TCC orders 1-7
2026-09-10 05:27:07,213 INFO o.a.j.t.JMeterThread: Stopping because end time detected by thread: TCC orders 1-93
2026-09-10 05:27:07,213 INFO o.a.j.t.JMeterThread: Thread finished: TCC orders 1-93
2026-09-10 05:27:07,221 INFO o.a.j.t.JMeterThread: Stopping because end time detected by thread: TCC orders 1-84
2026-09-10 05:27:07,221 INFO o.a.j.t.JMeterThread: Thread finished: TCC orders 1-84
2026-09-10 05:27:07,229 INFO o.a.j.t.JMeterThread: Stopping because end time detected by thread: TCC orders 1-81
2026-09-10 05:27:07,229 INFO o.a.j.t.JMeterThread: Thread finished: TCC orders 1-81
2026-09-10 05:27:07,238 INFO o.a.j.t.JMeterThread: Stopping because end time detected by thread: TCC orders 1-56
2026-09-10 05:27:07,238 INFO o.a.j.t.JMeterThread: Thread finished: TCC orders 1-56
2026-09-10 05:27:07,246 INFO o.a.j.t.JMeterThread: Stopping because end time detected by thread: TCC orders 1-90
2026-09-10 05:27:07,246 INFO o.a.j.t.JMeterThread: Thread finished: TCC orders 1-90
2026-09-10 05:27:07,255 INFO o.a.j.t.JMeterThread: Stopping because end time detected by thread: TCC orders 1-67
2026-09-10 05:27:07,255 INFO o.a.j.t.JMeterThread: Thread finished: TCC orders 1-67
2026-09-10 05:27:07,262 INFO o.a.j.t.JMeterThread: Stopping because end time detected by thread: TCC orders 1-69
2026-09-10 05:27:07,263 INFO o.a.j.t.JMeterThread: Thread finished: TCC orders 1-69
2026-09-10 05:27:07,271 INFO o.a.j.t.JMeterThread: Stopping because end time detected by thread: TCC orders 1-36
2026-09-10 05:27:07,271 INFO o.a.j.t.JMeterThread: Thread finished: TCC orders 1-36
2026-09-10 05:27:07,279 INFO o.a.j.t.JMeterThread: Stopping because end time detected by thread: TCC orders 1-11
2026-09-10 05:27:07,279 INFO o.a.j.t.JMeterThread: Thread finished: TCC orders 1-11
2026-09-10 05:27:07,288 INFO o.a.j.t.JMeterThread: Stopping because end time detected by thread: TCC orders 1-97
2026-09-10 05:27:07,288 INFO o.a.j.t.JMeterThread: Thread finished: TCC orders 1-97
2026-09-10 05:27:07,296 INFO o.a.j.t.JMeterThread: Stopping because end time detected by thread: TCC orders 1-88
2026-09-10 05:27:07,296 INFO o.a.j.t.JMeterThread: Thread finished: TCC orders 1-88
2026-09-10 05:27:07,304 INFO o.a.j.t.JMeterThread: Stopping because end time detected by thread: TCC orders 1-23
2026-09-10 05:27:07,304 INFO o.a.j.t.JMeterThread: Thread finished: TCC orders 1-23
2026-09-10 05:27:07,312 INFO o.a.j.t.JMeterThread: Stopping because end time detected by thread: TCC orders 1-73
2026-09-10 05:27:07,312 INFO o.a.j.t.JMeterThread: Thread finished: TCC orders 1-73
2026-09-10 05:27:07,320 INFO o.a.j.t.JMeterThread: Stopping because end time detected by thread: TCC orders 1-35
2026-09-10 05:27:07,320 INFO o.a.j.t.JMeterThread: Thread finished: TCC orders 1-35
2026-09-10 05:27:07,329 INFO o.a.j.t.JMeterThread: Stopping because end time detected by thread: TCC orders 1-66
2026-09-10 05:27:07,329 INFO o.a.j.t.JMeterThread: Thread finished: TCC orders 1-66
2026-09-10 05:27:07,337 INFO o.a.j.t.JMeterThread: Stopping because end time detected by thread: TCC orders 1-30
2026-09-10 05:27:07,337 INFO o.a.j.t.JMeterThread: Thread finished: TCC orders 1-30
2026-09-10 05:27:07,346 INFO o.a.j.t.JMeterThread: Stopping because end time detected by thread: TCC orders 1-42
2026-09-10 05:27:07,346 INFO o.a.j.t.JMeterThread: Thread finished: TCC orders 1-42
2026-09-10 05:27:07,355 INFO o.a.j.t.JMeterThread: Stopping because end time detected by thread: TCC orders 1-52
2026-09-10 05:27:07,355 INFO o.a.j.t.JMeterThread: Thread finished: TCC orders 1-52
2026-09-10 05:27:07,363 INFO o.a.j.t.JMeterThread: Stopping because end time detected by thread: TCC orders 1-5
2026-09-10 05:27:07,363 INFO o.a.j.t.JMeterThread: Thread finished: TCC orders 1-5
2026-09-10 05:27:07,371 INFO o.a.j.t.JMeterThread: Stopping because end time detected by thread: TCC orders 1-80
2026-09-10 05:27:07,371 INFO o.a.j.t.JMeterThread: Thread finished: TCC orders 1-80
2026-09-10 05:27:07,380 INFO o.a.j.t.JMeterThread: Stopping because end time detected by thread: TCC orders 1-57
2026-09-10 05:27:07,380 INFO o.a.j.t.JMeterThread: Thread finished: TCC orders 1-57
2026-09-10 05:27:07,388 INFO o.a.j.t.JMeterThread: Stopping because end time detected by thread: TCC orders 1-41
2026-09-10 05:27:07,388 INFO o.a.j.t.JMeterThread: Thread finished: TCC orders 1-41
2026-09-10 05:27:07,396 INFO o.a.j.t.JMeterThread: Stopping because end time detected by thread: TCC orders 1-31
2026-09-10 05:27:07,396 INFO o.a.j.t.JMeterThread: Thread finished: TCC orders 1-31
2026-09-10 05:27:07,404 INFO o.a.j.t.JMeterThread: Stopping because end time detected by thread: TCC orders 1-6
2026-09-10 05:27:07,405 INFO o.a.j.t.JMeterThread: Thread finished: TCC orders 1-6
2026-09-10 05:27:07,413 INFO o.a.j.t.JMeterThread: Stopping because end time detected by thread: TCC orders 1-29
2026-09-10 05:27:07,413 INFO o.a.j.t.JMeterThread: Thread finished: TCC orders 1-29
2026-09-10 05:27:07,421 INFO o.a.j.t.JMeterThread: Stopping because end time detected by thread: TCC orders 1-14
2026-09-10 05:27:07,421 INFO o.a.j.t.JMeterThread: Thread finished: TCC orders 1-14
2026-09-10 05:27:07,429 INFO o.a.j.t.JMeterThread: Stopping because end time detected by thread: TCC orders 1-85
2026-09-10 05:27:07,430 INFO o.a.j.t.JMeterThread: Thread finished: TCC orders 1-85
2026-09-10 05:27:07,438 INFO o.a.j.t.JMeterThread: Stopping because end time detected by thread: TCC orders 1-53
2026-09-10 05:27:07,438 INFO o.a.j.t.JMeterThread: Thread finished: TCC orders 1-53
2026-09-10 05:27:07,447 INFO o.a.j.t.JMeterThread: Stopping because end time detected by thread: TCC orders 1-59
2026-09-10 05:27:07,447 INFO o.a.j.t.JMeterThread: Thread finished: TCC orders 1-59
2026-09-10 05:27:07,456 INFO o.a.j.t.JMeterThread: Stopping because end time detected by thread: TCC orders 1-16
2026-09-10 05:27:07,456 INFO o.a.j.t.JMeterThread: Thread finished: TCC orders 1-16
2026-09-10 05:27:07,464 INFO o.a.j.t.JMeterThread: Stopping because end time detected by thread: TCC orders 1-13
2026-09-10 05:27:07,464 INFO o.a.j.t.JMeterThread: Thread finished: TCC orders 1-13
2026-09-10 05:27:07,473 INFO o.a.j.t.JMeterThread: Stopping because end time detected by thread: TCC orders 1-18
2026-09-10 05:27:07,473 INFO o.a.j.t.JMeterThread: Thread finished: TCC orders 1-18
2026-09-10 05:27:07,481 INFO o.a.j.t.JMeterThread: Stopping because end time detected by thread: TCC orders 1-3
2026-09-10 05:27:07,481 INFO o.a.j.t.JMeterThread: Thread finished: TCC orders 1-3
2026-09-10 05:27:07,490 INFO o.a.j.t.JMeterThread: Stopping because end time detected by thread: TCC orders 1-72
2026-09-10 05:27:07,490 INFO o.a.j.t.JMeterThread: Thread finished: TCC orders 1-72
2026-09-10 05:27:07,498 INFO o.a.j.t.JMeterThread: Stopping because end time detected by thread: TCC orders 1-12
2026-09-10 05:27:07,498 INFO o.a.j.t.JMeterThread: Thread finished: TCC orders 1-12
2026-09-10 05:27:07,506 INFO o.a.j.t.JMeterThread: Stopping because end time detected by thread: TCC orders 1-60
2026-09-10 05:27:07,506 INFO o.a.j.t.JMeterThread: Thread finished: TCC orders 1-60
2026-09-10 05:27:07,515 INFO o.a.j.t.JMeterThread: Stopping because end time detected by thread: TCC orders 1-15
2026-09-10 05:27:07,515 INFO o.a.j.t.JMeterThread: Thread finished: TCC orders 1-15
2026-09-10 05:27:07,523 INFO o.a.j.t.JMeterThread: Stopping because end time detected by thread: TCC orders 1-27
2026-09-10 05:27:07,523 INFO o.a.j.t.JMeterThread: Thread finished: TCC orders 1-27
2026-09-10 05:27:07,533 INFO o.a.j.t.JMeterThread: Stopping because end time detected by thread: TCC orders 1-43
2026-09-10 05:27:07,533 INFO o.a.j.t.JMeterThread: Thread finished: TCC orders 1-43
2026-09-10 05:27:07,542 INFO o.a.j.t.JMeterThread: Stopping because end time detected by thread: TCC orders 1-9
2026-09-10 05:27:07,543 INFO o.a.j.t.JMeterThread: Thread finished: TCC orders 1-9
2026-09-10 05:27:07,552 INFO o.a.j.t.JMeterThread: Stopping because end time detected by thread: TCC orders 1-63
2026-09-10 05:27:07,552 INFO o.a.j.t.JMeterThread: Thread finished: TCC orders 1-63
2026-09-10 05:27:07,560 INFO o.a.j.t.JMeterThread: Stopping because end time detected by thread: TCC orders 1-99
2026-09-10 05:27:07,560 INFO o.a.j.t.JMeterThread: Thread finished: TCC orders 1-99
2026-09-10 05:27:07,569 INFO o.a.j.t.JMeterThread: Stopping because end time detected by thread: TCC orders 1-17
2026-09-10 05:27:07,569 INFO o.a.j.t.JMeterThread: Thread finished: TCC orders 1-17
2026-09-10 05:27:07,577 INFO o.a.j.t.JMeterThread: Stopping because end time detected by thread: TCC orders 1-26
2026-09-10 05:27:07,577 INFO o.a.j.t.JMeterThread: Thread finished: TCC orders 1-26
2026-09-10 05:27:07,585 INFO o.a.j.t.JMeterThread: Stopping because end time detected by thread: TCC orders 1-83
2026-09-10 05:27:07,586 INFO o.a.j.t.JMeterThread: Thread finished: TCC orders 1-83
2026-09-10 05:27:07,594 INFO o.a.j.t.JMeterThread: Stopping because end time detected by thread: TCC orders 1-19
2026-09-10 05:27:07,594 INFO o.a.j.t.JMeterThread: Thread finished: TCC orders 1-19
2026-09-10 05:27:07,602 INFO o.a.j.t.JMeterThread: Stopping because end time detected by thread: TCC orders 1-55
2026-09-10 05:27:07,602 INFO o.a.j.t.JMeterThread: Thread finished: TCC orders 1-55
2026-09-10 05:27:07,610 INFO o.a.j.t.JMeterThread: Stopping because end time detected by thread: TCC orders 1-77
2026-09-10 05:27:07,610 INFO o.a.j.t.JMeterThread: Thread finished: TCC orders 1-77
2026-09-10 05:27:07,618 INFO o.a.j.t.JMeterThread: Stopping because end time detected by thread: TCC orders 1-95
2026-09-10 05:27:07,618 INFO o.a.j.t.JMeterThread: Thread finished: TCC orders 1-95
2026-09-10 05:27:07,619 INFO o.a.j.e.StandardJMeterEngine: Notifying test listeners of end of test
2026-09-10 05:27:07,621 INFO o.a.j.r.Summariser: summary +    862 in 00:00:08 =  113.2/s Avg:   884 Min:   843 Max:   924 Err:     0 (0.00%) Active: 0 Started: 100 Finished: 100
2026-09-10 05:27:07,622 INFO o.a.j.r.Summariser: summary =   3316 in 00:00:31 =  107.2/s Avg:   901 Min:   288 Max:  1701 Err:     0 (0.00%)
