2026-09-10 02:19:38,772 INFO o.a.j.u.JMeterUtils: Setting Locale to en_EN
2026-09-10 02:19:38,790 INFO o.a.j.JMeter: Loading user properties from: /home/avituo/projects/tcc/tcc-container/.tools/apache-jmeter-5.6.3/bin/user.properties
2026-09-10 02:19:38,791 INFO o.a.j.JMeter: Loading system properties from: /home/avituo/projects/tcc/tcc-container/.tools/apache-jmeter-5.6.3/bin/system.properties
2026-09-10 02:19:38,791 INFO o.a.j.JMeter: Loading additional properties from: /home/avituo/projects/tcc/tcc-container/benchmark/jmeter/benchmark.properties
2026-09-10 02:19:38,791 INFO o.a.j.JMeter: Loading additional properties from: /tmp/tcc-benchmark-auth.0rFgQj/auth.properties
2026-09-10 02:19:38,792 INFO o.a.j.JMeter: Setting JMeter property: threads=50
2026-09-10 02:19:38,792 INFO o.a.j.JMeter: Setting JMeter property: duration_seconds=30
2026-09-10 02:19:38,792 INFO o.a.j.JMeter: Setting JMeter property: target_host=localhost
2026-09-10 02:19:38,792 INFO o.a.j.JMeter: Setting JMeter property: target_port=18000
2026-09-10 02:19:38,792 INFO o.a.j.JMeter: Setting JMeter property: tcc.order.id=1
2026-09-10 02:19:38,792 INFO o.a.j.JMeter: Setting JMeter property: repetition=3
2026-09-10 02:19:38,798 INFO o.a.j.JMeter: Copyright (c) 1998-2024 The Apache Software Foundation
2026-09-10 02:19:38,799 INFO o.a.j.JMeter: Version 5.6.3
2026-09-10 02:19:38,799 INFO o.a.j.JMeter: java.version=21.0.11
2026-09-10 02:19:38,799 INFO o.a.j.JMeter: java.vm.name=OpenJDK 64-Bit Server VM
2026-09-10 02:19:38,799 INFO o.a.j.JMeter: os.name=Linux
2026-09-10 02:19:38,799 INFO o.a.j.JMeter: os.arch=amd64
2026-09-10 02:19:38,799 INFO o.a.j.JMeter: os.version=7.0.11-76070011-generic
2026-09-10 02:19:38,799 INFO o.a.j.JMeter: file.encoding=UTF-8
2026-09-10 02:19:38,799 INFO o.a.j.JMeter: java.awt.headless=true
2026-09-10 02:19:38,799 INFO o.a.j.JMeter: Max memory     =1073741824
2026-09-10 02:19:38,799 INFO o.a.j.JMeter: Available Processors =16
2026-09-10 02:19:38,808 INFO o.a.j.JMeter: Default Locale=English (EN)
2026-09-10 02:19:38,808 INFO o.a.j.JMeter: JMeter  Locale=English (EN)
2026-09-10 02:19:38,808 INFO o.a.j.JMeter: JMeterHome=/home/avituo/projects/tcc/tcc-container/.tools/apache-jmeter-5.6.3
2026-09-10 02:19:38,808 INFO o.a.j.JMeter: user.dir  =/home/avituo/projects/tcc/tcc-container
2026-09-10 02:19:38,809 INFO o.a.j.JMeter: PWD       =/home/avituo/projects/tcc/tcc-container
2026-09-10 02:19:38,825 INFO o.a.j.JMeter: IP: 192.168.1.16 Name: pop-os FullName: pop-os.home
2026-09-10 02:19:38,838 INFO o.a.j.s.FileServer: Default base='/home/avituo/projects/tcc/tcc-container'
2026-09-10 02:19:38,840 INFO o.a.j.s.FileServer: Set new base='/home/avituo/projects/tcc/tcc-container/benchmark/jmeter'
2026-09-10 02:19:39,067 INFO o.a.j.s.SaveService: Testplan (JMX) version: 2.2. Testlog (JTL) version: 2.2
2026-09-10 02:19:39,091 INFO o.a.j.s.SaveService: Using SaveService properties version 5.0
2026-09-10 02:19:39,094 INFO o.a.j.s.SaveService: Using SaveService properties file encoding UTF-8
2026-09-10 02:19:39,099 INFO o.a.j.s.SaveService: Loading file: /home/avituo/projects/tcc/tcc-container/benchmark/jmeter/tcc-products-v1.jmx
2026-09-10 02:19:39,154 INFO o.a.j.p.h.s.HTTPSamplerBase: Parser for text/html is org.apache.jmeter.protocol.http.parser.LagartoBasedHtmlParser
2026-09-10 02:19:39,154 INFO o.a.j.p.h.s.HTTPSamplerBase: Parser for application/xhtml+xml is org.apache.jmeter.protocol.http.parser.LagartoBasedHtmlParser
2026-09-10 02:19:39,154 INFO o.a.j.p.h.s.HTTPSamplerBase: Parser for application/xml is org.apache.jmeter.protocol.http.parser.LagartoBasedHtmlParser
2026-09-10 02:19:39,154 INFO o.a.j.p.h.s.HTTPSamplerBase: Parser for text/xml is org.apache.jmeter.protocol.http.parser.LagartoBasedHtmlParser
2026-09-10 02:19:39,154 INFO o.a.j.p.h.s.HTTPSamplerBase: Parser for text/vnd.wap.wml is org.apache.jmeter.protocol.http.parser.RegexpHTMLParser
2026-09-10 02:19:39,154 INFO o.a.j.p.h.s.HTTPSamplerBase: Parser for text/css is org.apache.jmeter.protocol.http.parser.CssParser
2026-09-10 02:19:39,182 INFO o.a.j.JMeter: Creating summariser <summary>
2026-09-10 02:19:39,198 INFO o.a.j.e.StandardJMeterEngine: Running the test!
2026-09-10 02:19:39,199 INFO o.a.j.s.SampleEvent: List of sample_variables: []
2026-09-10 02:19:39,199 INFO o.a.j.s.SampleEvent: List of sample_variables: []
2026-09-10 02:19:39,203 INFO o.a.j.e.u.CompoundVariable: Note: Function class names must contain the string: '.functions.'
2026-09-10 02:19:39,203 INFO o.a.j.e.u.CompoundVariable: Note: Function class names must not contain the string: '.gui.'
2026-09-10 02:19:39,449 INFO o.a.j.JMeter: Running test (1789017579449)
2026-09-10 02:19:39,471 INFO o.a.j.e.StandardJMeterEngine: Starting ThreadGroup: 1 : TCC products
2026-09-10 02:19:39,471 INFO o.a.j.e.StandardJMeterEngine: Starting 50 threads for group TCC products.
2026-09-10 02:19:39,471 INFO o.a.j.e.StandardJMeterEngine: Thread will continue on error
2026-09-10 02:19:39,471 INFO o.a.j.t.ThreadGroup: Starting thread group... number=1 threads=50 ramp-up=0 delayedStart=false
2026-09-10 02:19:39,478 INFO o.a.j.t.JMeterThread: Thread started: TCC products 1-2
2026-09-10 02:19:39,478 INFO o.a.j.t.JMeterThread: Thread started: TCC products 1-4
2026-09-10 02:19:39,478 INFO o.a.j.t.JMeterThread: Thread started: TCC products 1-5
2026-09-10 02:19:39,478 INFO o.a.j.t.JMeterThread: Thread started: TCC products 1-3
2026-09-10 02:19:39,478 INFO o.a.j.t.JMeterThread: Thread started: TCC products 1-6
2026-09-10 02:19:39,478 INFO o.a.j.t.JMeterThread: Thread started: TCC products 1-1
2026-09-10 02:19:39,478 INFO o.a.j.t.JMeterThread: Thread started: TCC products 1-7
2026-09-10 02:19:39,480 INFO o.a.j.t.JMeterThread: Thread started: TCC products 1-8
2026-09-10 02:19:39,480 INFO o.a.j.t.JMeterThread: Thread started: TCC products 1-9
2026-09-10 02:19:39,481 INFO o.a.j.t.JMeterThread: Thread started: TCC products 1-10
2026-09-10 02:19:39,481 INFO o.a.j.t.JMeterThread: Thread started: TCC products 1-11
2026-09-10 02:19:39,482 INFO o.a.j.t.JMeterThread: Thread started: TCC products 1-12
2026-09-10 02:19:39,483 INFO o.a.j.t.JMeterThread: Thread started: TCC products 1-13
2026-09-10 02:19:39,484 INFO o.a.j.t.JMeterThread: Thread started: TCC products 1-14
2026-09-10 02:19:39,484 INFO o.a.j.t.JMeterThread: Thread started: TCC products 1-15
2026-09-10 02:19:39,486 INFO o.a.j.t.JMeterThread: Thread started: TCC products 1-16
2026-09-10 02:19:39,487 INFO o.a.j.t.JMeterThread: Thread started: TCC products 1-17
2026-09-10 02:19:39,487 INFO o.a.j.t.JMeterThread: Thread started: TCC products 1-18
2026-09-10 02:19:39,488 INFO o.a.j.t.JMeterThread: Thread started: TCC products 1-19
2026-09-10 02:19:39,488 INFO o.a.j.t.JMeterThread: Thread started: TCC products 1-20
2026-09-10 02:19:39,489 INFO o.a.j.t.JMeterThread: Thread started: TCC products 1-21
2026-09-10 02:19:39,489 INFO o.a.j.t.JMeterThread: Thread started: TCC products 1-22
2026-09-10 02:19:39,490 INFO o.a.j.t.JMeterThread: Thread started: TCC products 1-23
2026-09-10 02:19:39,491 INFO o.a.j.t.JMeterThread: Thread started: TCC products 1-24
2026-09-10 02:19:39,491 INFO o.a.j.t.JMeterThread: Thread started: TCC products 1-25
2026-09-10 02:19:39,492 INFO o.a.j.t.JMeterThread: Thread started: TCC products 1-26
2026-09-10 02:19:39,492 INFO o.a.j.t.JMeterThread: Thread started: TCC products 1-27
2026-09-10 02:19:39,493 INFO o.a.j.t.JMeterThread: Thread started: TCC products 1-28
2026-09-10 02:19:39,493 INFO o.a.j.t.JMeterThread: Thread started: TCC products 1-29
2026-09-10 02:19:39,494 INFO o.a.j.t.JMeterThread: Thread started: TCC products 1-30
2026-09-10 02:19:39,495 INFO o.a.j.t.JMeterThread: Thread started: TCC products 1-31
2026-09-10 02:19:39,495 INFO o.a.j.t.JMeterThread: Thread started: TCC products 1-32
2026-09-10 02:19:39,496 INFO o.a.j.t.JMeterThread: Thread started: TCC products 1-33
2026-09-10 02:19:39,496 INFO o.a.j.t.JMeterThread: Thread started: TCC products 1-34
2026-09-10 02:19:39,496 INFO o.a.j.t.JMeterThread: Thread started: TCC products 1-35
2026-09-10 02:19:39,497 INFO o.a.j.t.JMeterThread: Thread started: TCC products 1-36
2026-09-10 02:19:39,498 INFO o.a.j.t.JMeterThread: Thread started: TCC products 1-37
2026-09-10 02:19:39,498 INFO o.a.j.t.JMeterThread: Thread started: TCC products 1-38
2026-09-10 02:19:39,499 INFO o.a.j.t.JMeterThread: Thread started: TCC products 1-39
2026-09-10 02:19:39,499 INFO o.a.j.t.JMeterThread: Thread started: TCC products 1-40
2026-09-10 02:19:39,500 INFO o.a.j.t.JMeterThread: Thread started: TCC products 1-41
2026-09-10 02:19:39,500 INFO o.a.j.t.JMeterThread: Thread started: TCC products 1-42
2026-09-10 02:19:39,501 INFO o.a.j.t.JMeterThread: Thread started: TCC products 1-43
2026-09-10 02:19:39,501 INFO o.a.j.t.JMeterThread: Thread started: TCC products 1-44
2026-09-10 02:19:39,502 INFO o.a.j.t.JMeterThread: Thread started: TCC products 1-45
2026-09-10 02:19:39,502 INFO o.a.j.t.JMeterThread: Thread started: TCC products 1-46
2026-09-10 02:19:39,503 INFO o.a.j.t.JMeterThread: Thread started: TCC products 1-47
2026-09-10 02:19:39,503 INFO o.a.j.t.JMeterThread: Thread started: TCC products 1-48
2026-09-10 02:19:39,504 INFO o.a.j.t.JMeterThread: Thread started: TCC products 1-49
2026-09-10 02:19:39,504 INFO o.a.j.t.ThreadGroup: Started thread group number 1
2026-09-10 02:19:39,504 INFO o.a.j.e.StandardJMeterEngine: All thread groups have been started
2026-09-10 02:19:39,504 INFO o.a.j.t.JMeterThread: Thread started: TCC products 1-50
2026-09-10 02:19:39,506 INFO o.a.j.p.h.s.HTTPHCAbstractImpl: Local host = pop-os
2026-09-10 02:19:39,511 INFO o.a.j.p.h.s.HTTPHC4Impl: HTTP request retry count = 0
2026-09-10 02:19:39,512 INFO o.a.j.s.SampleResult: Note: Sample TimeStamps are START times
2026-09-10 02:19:39,512 INFO o.a.j.s.SampleResult: sampleresult.default.encoding is set to UTF-8
2026-09-10 02:19:39,512 INFO o.a.j.s.SampleResult: sampleresult.useNanoTime=true
2026-09-10 02:19:39,513 INFO o.a.j.s.SampleResult: sampleresult.nanoThreadSleep=5000
2026-09-10 02:20:00,015 INFO o.a.j.r.Summariser: summary +   1803 in 00:00:21 =   87.7/s Avg:   542 Min:    28 Max:   893 Err:     0 (0.00%) Active: 50 Started: 50 Finished: 0
2026-09-10 02:20:09,496 INFO o.a.j.t.JMeterThread: Stopping because end time detected by thread: TCC products 1-17
2026-09-10 02:20:09,496 INFO o.a.j.t.JMeterThread: Thread finished: TCC products 1-17
2026-09-10 02:20:09,507 INFO o.a.j.t.JMeterThread: Stopping because end time detected by thread: TCC products 1-4
2026-09-10 02:20:09,508 INFO o.a.j.t.JMeterThread: Thread finished: TCC products 1-4
2026-09-10 02:20:09,519 INFO o.a.j.t.JMeterThread: Stopping because end time detected by thread: TCC products 1-40
2026-09-10 02:20:09,519 INFO o.a.j.t.JMeterThread: Thread finished: TCC products 1-40
2026-09-10 02:20:09,531 INFO o.a.j.t.JMeterThread: Stopping because end time detected by thread: TCC products 1-31
2026-09-10 02:20:09,531 INFO o.a.j.t.JMeterThread: Thread finished: TCC products 1-31
2026-09-10 02:20:09,543 INFO o.a.j.t.JMeterThread: Stopping because end time detected by thread: TCC products 1-38
2026-09-10 02:20:09,543 INFO o.a.j.t.JMeterThread: Thread finished: TCC products 1-38
2026-09-10 02:20:09,556 INFO o.a.j.t.JMeterThread: Stopping because end time detected by thread: TCC products 1-3
2026-09-10 02:20:09,556 INFO o.a.j.t.JMeterThread: Thread finished: TCC products 1-3
2026-09-10 02:20:09,569 INFO o.a.j.t.JMeterThread: Stopping because end time detected by thread: TCC products 1-36
2026-09-10 02:20:09,569 INFO o.a.j.t.JMeterThread: Thread finished: TCC products 1-36
2026-09-10 02:20:09,581 INFO o.a.j.t.JMeterThread: Stopping because end time detected by thread: TCC products 1-49
2026-09-10 02:20:09,581 INFO o.a.j.t.JMeterThread: Thread finished: TCC products 1-49
2026-09-10 02:20:09,591 INFO o.a.j.t.JMeterThread: Stopping because end time detected by thread: TCC products 1-34
2026-09-10 02:20:09,592 INFO o.a.j.t.JMeterThread: Thread finished: TCC products 1-34
2026-09-10 02:20:09,604 INFO o.a.j.t.JMeterThread: Stopping because end time detected by thread: TCC products 1-33
2026-09-10 02:20:09,604 INFO o.a.j.t.JMeterThread: Thread finished: TCC products 1-33
2026-09-10 02:20:09,616 INFO o.a.j.t.JMeterThread: Stopping because end time detected by thread: TCC products 1-8
2026-09-10 02:20:09,616 INFO o.a.j.t.JMeterThread: Thread finished: TCC products 1-8
2026-09-10 02:20:09,628 INFO o.a.j.t.JMeterThread: Stopping because end time detected by thread: TCC products 1-21
2026-09-10 02:20:09,628 INFO o.a.j.t.JMeterThread: Thread finished: TCC products 1-21
2026-09-10 02:20:09,639 INFO o.a.j.t.JMeterThread: Stopping because end time detected by thread: TCC products 1-15
2026-09-10 02:20:09,639 INFO o.a.j.t.JMeterThread: Thread finished: TCC products 1-15
2026-09-10 02:20:09,650 INFO o.a.j.t.JMeterThread: Stopping because end time detected by thread: TCC products 1-24
2026-09-10 02:20:09,651 INFO o.a.j.t.JMeterThread: Thread finished: TCC products 1-24
2026-09-10 02:20:09,661 INFO o.a.j.t.JMeterThread: Stopping because end time detected by thread: TCC products 1-29
2026-09-10 02:20:09,662 INFO o.a.j.t.JMeterThread: Thread finished: TCC products 1-29
2026-09-10 02:20:09,673 INFO o.a.j.t.JMeterThread: Stopping because end time detected by thread: TCC products 1-27
2026-09-10 02:20:09,673 INFO o.a.j.t.JMeterThread: Thread finished: TCC products 1-27
2026-09-10 02:20:09,684 INFO o.a.j.t.JMeterThread: Stopping because end time detected by thread: TCC products 1-35
2026-09-10 02:20:09,684 INFO o.a.j.t.JMeterThread: Thread finished: TCC products 1-35
2026-09-10 02:20:09,694 INFO o.a.j.t.JMeterThread: Stopping because end time detected by thread: TCC products 1-19
2026-09-10 02:20:09,694 INFO o.a.j.t.JMeterThread: Thread finished: TCC products 1-19
2026-09-10 02:20:09,706 INFO o.a.j.t.JMeterThread: Stopping because end time detected by thread: TCC products 1-7
2026-09-10 02:20:09,706 INFO o.a.j.t.JMeterThread: Thread finished: TCC products 1-7
2026-09-10 02:20:09,716 INFO o.a.j.t.JMeterThread: Stopping because end time detected by thread: TCC products 1-6
2026-09-10 02:20:09,716 INFO o.a.j.t.JMeterThread: Thread finished: TCC products 1-6
2026-09-10 02:20:09,727 INFO o.a.j.t.JMeterThread: Stopping because end time detected by thread: TCC products 1-45
2026-09-10 02:20:09,727 INFO o.a.j.t.JMeterThread: Thread finished: TCC products 1-45
2026-09-10 02:20:09,738 INFO o.a.j.t.JMeterThread: Stopping because end time detected by thread: TCC products 1-23
2026-09-10 02:20:09,738 INFO o.a.j.t.JMeterThread: Thread finished: TCC products 1-23
2026-09-10 02:20:09,748 INFO o.a.j.t.JMeterThread: Stopping because end time detected by thread: TCC products 1-16
2026-09-10 02:20:09,749 INFO o.a.j.t.JMeterThread: Thread finished: TCC products 1-16
2026-09-10 02:20:09,759 INFO o.a.j.t.JMeterThread: Stopping because end time detected by thread: TCC products 1-32
2026-09-10 02:20:09,759 INFO o.a.j.t.JMeterThread: Thread finished: TCC products 1-32
2026-09-10 02:20:09,770 INFO o.a.j.t.JMeterThread: Stopping because end time detected by thread: TCC products 1-1
2026-09-10 02:20:09,770 INFO o.a.j.t.JMeterThread: Thread finished: TCC products 1-1
2026-09-10 02:20:09,781 INFO o.a.j.t.JMeterThread: Stopping because end time detected by thread: TCC products 1-20
2026-09-10 02:20:09,781 INFO o.a.j.t.JMeterThread: Thread finished: TCC products 1-20
2026-09-10 02:20:09,791 INFO o.a.j.t.JMeterThread: Stopping because end time detected by thread: TCC products 1-50
2026-09-10 02:20:09,791 INFO o.a.j.t.JMeterThread: Thread finished: TCC products 1-50
2026-09-10 02:20:09,802 INFO o.a.j.t.JMeterThread: Stopping because end time detected by thread: TCC products 1-9
2026-09-10 02:20:09,802 INFO o.a.j.t.JMeterThread: Thread finished: TCC products 1-9
2026-09-10 02:20:09,813 INFO o.a.j.t.JMeterThread: Stopping because end time detected by thread: TCC products 1-43
2026-09-10 02:20:09,813 INFO o.a.j.t.JMeterThread: Thread finished: TCC products 1-43
2026-09-10 02:20:09,823 INFO o.a.j.t.JMeterThread: Stopping because end time detected by thread: TCC products 1-39
2026-09-10 02:20:09,824 INFO o.a.j.t.JMeterThread: Thread finished: TCC products 1-39
2026-09-10 02:20:09,834 INFO o.a.j.t.JMeterThread: Stopping because end time detected by thread: TCC products 1-11
2026-09-10 02:20:09,834 INFO o.a.j.t.JMeterThread: Thread finished: TCC products 1-11
2026-09-10 02:20:09,845 INFO o.a.j.t.JMeterThread: Stopping because end time detected by thread: TCC products 1-2
2026-09-10 02:20:09,845 INFO o.a.j.t.JMeterThread: Thread finished: TCC products 1-2
2026-09-10 02:20:09,856 INFO o.a.j.t.JMeterThread: Stopping because end time detected by thread: TCC products 1-46
2026-09-10 02:20:09,856 INFO o.a.j.t.JMeterThread: Thread finished: TCC products 1-46
2026-09-10 02:20:09,867 INFO o.a.j.t.JMeterThread: Stopping because end time detected by thread: TCC products 1-42
2026-09-10 02:20:09,867 INFO o.a.j.t.JMeterThread: Thread finished: TCC products 1-42
2026-09-10 02:20:09,877 INFO o.a.j.t.JMeterThread: Stopping because end time detected by thread: TCC products 1-13
2026-09-10 02:20:09,878 INFO o.a.j.t.JMeterThread: Thread finished: TCC products 1-13
2026-09-10 02:20:09,888 INFO o.a.j.t.JMeterThread: Stopping because end time detected by thread: TCC products 1-12
2026-09-10 02:20:09,888 INFO o.a.j.t.JMeterThread: Thread finished: TCC products 1-12
2026-09-10 02:20:09,899 INFO o.a.j.t.JMeterThread: Stopping because end time detected by thread: TCC products 1-5
2026-09-10 02:20:09,900 INFO o.a.j.t.JMeterThread: Thread finished: TCC products 1-5
2026-09-10 02:20:09,909 INFO o.a.j.t.JMeterThread: Stopping because end time detected by thread: TCC products 1-37
2026-09-10 02:20:09,910 INFO o.a.j.t.JMeterThread: Thread finished: TCC products 1-37
2026-09-10 02:20:09,920 INFO o.a.j.t.JMeterThread: Stopping because end time detected by thread: TCC products 1-30
2026-09-10 02:20:09,920 INFO o.a.j.t.JMeterThread: Thread finished: TCC products 1-30
2026-09-10 02:20:09,930 INFO o.a.j.t.JMeterThread: Stopping because end time detected by thread: TCC products 1-10
2026-09-10 02:20:09,930 INFO o.a.j.t.JMeterThread: Thread finished: TCC products 1-10
2026-09-10 02:20:09,940 INFO o.a.j.t.JMeterThread: Stopping because end time detected by thread: TCC products 1-22
2026-09-10 02:20:09,940 INFO o.a.j.t.JMeterThread: Thread finished: TCC products 1-22
2026-09-10 02:20:09,951 INFO o.a.j.t.JMeterThread: Stopping because end time detected by thread: TCC products 1-25
2026-09-10 02:20:09,952 INFO o.a.j.t.JMeterThread: Thread finished: TCC products 1-25
2026-09-10 02:20:09,962 INFO o.a.j.t.JMeterThread: Stopping because end time detected by thread: TCC products 1-18
2026-09-10 02:20:09,962 INFO o.a.j.t.JMeterThread: Thread finished: TCC products 1-18
2026-09-10 02:20:09,972 INFO o.a.j.t.JMeterThread: Stopping because end time detected by thread: TCC products 1-26
2026-09-10 02:20:09,972 INFO o.a.j.t.JMeterThread: Thread finished: TCC products 1-26
2026-09-10 02:20:09,982 INFO o.a.j.t.JMeterThread: Stopping because end time detected by thread: TCC products 1-48
2026-09-10 02:20:09,983 INFO o.a.j.t.JMeterThread: Thread finished: TCC products 1-48
2026-09-10 02:20:09,993 INFO o.a.j.t.JMeterThread: Stopping because end time detected by thread: TCC products 1-14
2026-09-10 02:20:09,993 INFO o.a.j.t.JMeterThread: Thread finished: TCC products 1-14
2026-09-10 02:20:10,010 INFO o.a.j.t.JMeterThread: Stopping because end time detected by thread: TCC products 1-47
2026-09-10 02:20:10,010 INFO o.a.j.t.JMeterThread: Thread finished: TCC products 1-47
2026-09-10 02:20:10,020 INFO o.a.j.t.JMeterThread: Stopping because end time detected by thread: TCC products 1-44
2026-09-10 02:20:10,020 INFO o.a.j.t.JMeterThread: Thread finished: TCC products 1-44
2026-09-10 02:20:10,031 INFO o.a.j.t.JMeterThread: Stopping because end time detected by thread: TCC products 1-28
2026-09-10 02:20:10,031 INFO o.a.j.t.JMeterThread: Thread finished: TCC products 1-28
2026-09-10 02:20:10,041 INFO o.a.j.t.JMeterThread: Stopping because end time detected by thread: TCC products 1-41
2026-09-10 02:20:10,042 INFO o.a.j.t.JMeterThread: Thread finished: TCC products 1-41
2026-09-10 02:20:10,042 INFO o.a.j.e.StandardJMeterEngine: Notifying test listeners of end of test
2026-09-10 02:20:10,045 INFO o.a.j.r.Summariser: summary +    913 in 00:00:10 =   91.0/s Avg:   549 Min:   527 Max:   578 Err:     0 (0.00%) Active: 0 Started: 50 Finished: 50
2026-09-10 02:20:10,046 INFO o.a.j.r.Summariser: summary =   2716 in 00:00:31 =   88.8/s Avg:   545 Min:    28 Max:   893 Err:     0 (0.00%)
