2026-09-10 09:30:58,330 INFO o.a.j.u.JMeterUtils: Setting Locale to en_EN
2026-09-10 09:30:58,347 INFO o.a.j.JMeter: Loading user properties from: /home/avituo/projects/tcc/tcc-container/.tools/apache-jmeter-5.6.3/bin/user.properties
2026-09-10 09:30:58,347 INFO o.a.j.JMeter: Loading system properties from: /home/avituo/projects/tcc/tcc-container/.tools/apache-jmeter-5.6.3/bin/system.properties
2026-09-10 09:30:58,347 INFO o.a.j.JMeter: Loading additional properties from: /home/avituo/projects/tcc/tcc-container/benchmark/jmeter/benchmark.properties
2026-09-10 09:30:58,348 INFO o.a.j.JMeter: Loading additional properties from: /tmp/tcc-benchmark-auth.DRquwT/auth.properties
2026-09-10 09:30:58,348 INFO o.a.j.JMeter: Loading additional properties from: /home/avituo/projects/tcc/tcc-container/benchmark/results/laravel-13.20.0/final/order-create/c50/r3/monolith/thread-counters.properties
2026-09-10 09:30:58,348 INFO o.a.j.JMeter: Setting JMeter property: threads=50
2026-09-10 09:30:58,348 INFO o.a.j.JMeter: Setting JMeter property: duration_seconds=120
2026-09-10 09:30:58,348 INFO o.a.j.JMeter: Setting JMeter property: target_host=localhost
2026-09-10 09:30:58,348 INFO o.a.j.JMeter: Setting JMeter property: target_port=18000
2026-09-10 09:30:58,348 INFO o.a.j.JMeter: Setting JMeter property: tcc.order.id=1
2026-09-10 09:30:58,348 INFO o.a.j.JMeter: Setting JMeter property: repetition=3
2026-09-10 09:30:58,356 INFO o.a.j.JMeter: Copyright (c) 1998-2024 The Apache Software Foundation
2026-09-10 09:30:58,357 INFO o.a.j.JMeter: Version 5.6.3
2026-09-10 09:30:58,357 INFO o.a.j.JMeter: java.version=21.0.11
2026-09-10 09:30:58,357 INFO o.a.j.JMeter: java.vm.name=OpenJDK 64-Bit Server VM
2026-09-10 09:30:58,357 INFO o.a.j.JMeter: os.name=Linux
2026-09-10 09:30:58,357 INFO o.a.j.JMeter: os.arch=amd64
2026-09-10 09:30:58,357 INFO o.a.j.JMeter: os.version=7.0.11-76070011-generic
2026-09-10 09:30:58,357 INFO o.a.j.JMeter: file.encoding=UTF-8
2026-09-10 09:30:58,357 INFO o.a.j.JMeter: java.awt.headless=true
2026-09-10 09:30:58,357 INFO o.a.j.JMeter: Max memory     =1073741824
2026-09-10 09:30:58,357 INFO o.a.j.JMeter: Available Processors =16
2026-09-10 09:30:58,365 INFO o.a.j.JMeter: Default Locale=English (EN)
2026-09-10 09:30:58,365 INFO o.a.j.JMeter: JMeter  Locale=English (EN)
2026-09-10 09:30:58,365 INFO o.a.j.JMeter: JMeterHome=/home/avituo/projects/tcc/tcc-container/.tools/apache-jmeter-5.6.3
2026-09-10 09:30:58,365 INFO o.a.j.JMeter: user.dir  =/home/avituo/projects/tcc/tcc-container
2026-09-10 09:30:58,366 INFO o.a.j.JMeter: PWD       =/home/avituo/projects/tcc/tcc-container
2026-09-10 09:30:58,377 INFO o.a.j.JMeter: IP: 192.168.1.16 Name: pop-os FullName: pop-os.home
2026-09-10 09:30:58,389 INFO o.a.j.s.FileServer: Default base='/home/avituo/projects/tcc/tcc-container'
2026-09-10 09:30:58,391 INFO o.a.j.s.FileServer: Set new base='/home/avituo/projects/tcc/tcc-container/benchmark/jmeter'
2026-09-10 09:30:58,573 INFO o.a.j.s.SaveService: Testplan (JMX) version: 2.2. Testlog (JTL) version: 2.2
2026-09-10 09:30:58,601 INFO o.a.j.s.SaveService: Using SaveService properties version 5.0
2026-09-10 09:30:58,605 INFO o.a.j.s.SaveService: Using SaveService properties file encoding UTF-8
2026-09-10 09:30:58,609 INFO o.a.j.s.SaveService: Loading file: /home/avituo/projects/tcc/tcc-container/benchmark/jmeter/tcc-order-create-v1.jmx
2026-09-10 09:30:58,661 INFO o.a.j.p.h.s.HTTPSamplerBase: Parser for text/html is org.apache.jmeter.protocol.http.parser.LagartoBasedHtmlParser
2026-09-10 09:30:58,661 INFO o.a.j.p.h.s.HTTPSamplerBase: Parser for application/xhtml+xml is org.apache.jmeter.protocol.http.parser.LagartoBasedHtmlParser
2026-09-10 09:30:58,661 INFO o.a.j.p.h.s.HTTPSamplerBase: Parser for application/xml is org.apache.jmeter.protocol.http.parser.LagartoBasedHtmlParser
2026-09-10 09:30:58,661 INFO o.a.j.p.h.s.HTTPSamplerBase: Parser for text/xml is org.apache.jmeter.protocol.http.parser.LagartoBasedHtmlParser
2026-09-10 09:30:58,661 INFO o.a.j.p.h.s.HTTPSamplerBase: Parser for text/vnd.wap.wml is org.apache.jmeter.protocol.http.parser.RegexpHTMLParser
2026-09-10 09:30:58,661 INFO o.a.j.p.h.s.HTTPSamplerBase: Parser for text/css is org.apache.jmeter.protocol.http.parser.CssParser
2026-09-10 09:30:58,699 INFO o.a.j.JMeter: Creating summariser <summary>
2026-09-10 09:30:58,719 INFO o.a.j.e.StandardJMeterEngine: Running the test!
2026-09-10 09:30:58,719 INFO o.a.j.s.SampleEvent: List of sample_variables: []
2026-09-10 09:30:58,720 INFO o.a.j.s.SampleEvent: List of sample_variables: []
2026-09-10 09:30:58,726 INFO o.a.j.e.u.CompoundVariable: Note: Function class names must contain the string: '.functions.'
2026-09-10 09:30:58,727 INFO o.a.j.e.u.CompoundVariable: Note: Function class names must not contain the string: '.gui.'
2026-09-10 09:30:58,969 INFO o.a.j.JMeter: Running test (1789043458969)
2026-09-10 09:30:58,989 INFO o.a.j.e.StandardJMeterEngine: Starting ThreadGroup: 1 : TCC order-create
2026-09-10 09:30:58,989 INFO o.a.j.e.StandardJMeterEngine: Starting 50 threads for group TCC order-create.
2026-09-10 09:30:58,989 INFO o.a.j.e.StandardJMeterEngine: Thread will continue on error
2026-09-10 09:30:58,990 INFO o.a.j.t.ThreadGroup: Starting thread group... number=1 threads=50 ramp-up=0 delayedStart=false
2026-09-10 09:30:58,996 INFO o.a.j.t.JMeterThread: Thread started: TCC order-create 1-3
2026-09-10 09:30:58,996 INFO o.a.j.t.JMeterThread: Thread started: TCC order-create 1-2
2026-09-10 09:30:58,996 INFO o.a.j.t.JMeterThread: Thread started: TCC order-create 1-1
2026-09-10 09:30:58,996 INFO o.a.j.t.JMeterThread: Thread started: TCC order-create 1-4
2026-09-10 09:30:58,997 INFO o.a.j.t.JMeterThread: Thread started: TCC order-create 1-5
2026-09-10 09:30:58,998 INFO o.a.j.t.JMeterThread: Thread started: TCC order-create 1-6
2026-09-10 09:30:58,999 INFO o.a.j.t.JMeterThread: Thread started: TCC order-create 1-7
2026-09-10 09:30:58,999 INFO o.a.j.t.JMeterThread: Thread started: TCC order-create 1-8
2026-09-10 09:30:59,000 INFO o.a.j.t.JMeterThread: Thread started: TCC order-create 1-9
2026-09-10 09:30:59,001 INFO o.a.j.t.JMeterThread: Thread started: TCC order-create 1-10
2026-09-10 09:30:59,001 INFO o.a.j.t.JMeterThread: Thread started: TCC order-create 1-11
2026-09-10 09:30:59,002 INFO o.a.j.t.JMeterThread: Thread started: TCC order-create 1-12
2026-09-10 09:30:59,003 INFO o.a.j.t.JMeterThread: Thread started: TCC order-create 1-13
2026-09-10 09:30:59,004 INFO o.a.j.t.JMeterThread: Thread started: TCC order-create 1-14
2026-09-10 09:30:59,005 INFO o.a.j.t.JMeterThread: Thread started: TCC order-create 1-15
2026-09-10 09:30:59,006 INFO o.a.j.t.JMeterThread: Thread started: TCC order-create 1-16
2026-09-10 09:30:59,007 INFO o.a.j.t.JMeterThread: Thread started: TCC order-create 1-17
2026-09-10 09:30:59,008 INFO o.a.j.t.JMeterThread: Thread started: TCC order-create 1-18
2026-09-10 09:30:59,009 INFO o.a.j.t.JMeterThread: Thread started: TCC order-create 1-19
2026-09-10 09:30:59,009 INFO o.a.j.t.JMeterThread: Thread started: TCC order-create 1-20
2026-09-10 09:30:59,010 INFO o.a.j.t.JMeterThread: Thread started: TCC order-create 1-21
2026-09-10 09:30:59,010 INFO o.a.j.t.JMeterThread: Thread started: TCC order-create 1-22
2026-09-10 09:30:59,011 INFO o.a.j.t.JMeterThread: Thread started: TCC order-create 1-23
2026-09-10 09:30:59,012 INFO o.a.j.t.JMeterThread: Thread started: TCC order-create 1-24
2026-09-10 09:30:59,013 INFO o.a.j.t.JMeterThread: Thread started: TCC order-create 1-25
2026-09-10 09:30:59,013 INFO o.a.j.t.JMeterThread: Thread started: TCC order-create 1-26
2026-09-10 09:30:59,014 INFO o.a.j.t.JMeterThread: Thread started: TCC order-create 1-27
2026-09-10 09:30:59,014 INFO o.a.j.t.JMeterThread: Thread started: TCC order-create 1-28
2026-09-10 09:30:59,015 INFO o.a.j.t.JMeterThread: Thread started: TCC order-create 1-29
2026-09-10 09:30:59,015 INFO o.a.j.t.JMeterThread: Thread started: TCC order-create 1-30
2026-09-10 09:30:59,016 INFO o.a.j.t.JMeterThread: Thread started: TCC order-create 1-31
2026-09-10 09:30:59,017 INFO o.a.j.t.JMeterThread: Thread started: TCC order-create 1-32
2026-09-10 09:30:59,017 INFO o.a.j.t.JMeterThread: Thread started: TCC order-create 1-33
2026-09-10 09:30:59,017 INFO o.a.j.t.JMeterThread: Thread started: TCC order-create 1-34
2026-09-10 09:30:59,018 INFO o.a.j.t.JMeterThread: Thread started: TCC order-create 1-35
2026-09-10 09:30:59,019 INFO o.a.j.t.JMeterThread: Thread started: TCC order-create 1-36
2026-09-10 09:30:59,021 INFO o.a.j.t.JMeterThread: Thread started: TCC order-create 1-38
2026-09-10 09:30:59,021 INFO o.a.j.t.JMeterThread: Thread started: TCC order-create 1-37
2026-09-10 09:30:59,022 INFO o.a.j.t.JMeterThread: Thread started: TCC order-create 1-39
2026-09-10 09:30:59,022 INFO o.a.j.t.JMeterThread: Thread started: TCC order-create 1-40
2026-09-10 09:30:59,023 INFO o.a.j.t.JMeterThread: Thread started: TCC order-create 1-41
2026-09-10 09:30:59,024 INFO o.a.j.t.JMeterThread: Thread started: TCC order-create 1-42
2026-09-10 09:30:59,026 INFO o.a.j.t.JMeterThread: Thread started: TCC order-create 1-43
2026-09-10 09:30:59,026 INFO o.a.j.t.JMeterThread: Thread started: TCC order-create 1-44
2026-09-10 09:30:59,027 INFO o.a.j.t.JMeterThread: Thread started: TCC order-create 1-45
2026-09-10 09:30:59,028 INFO o.a.j.t.JMeterThread: Thread started: TCC order-create 1-46
2026-09-10 09:30:59,029 INFO o.a.j.t.JMeterThread: Thread started: TCC order-create 1-47
2026-09-10 09:30:59,030 INFO o.a.j.t.JMeterThread: Thread started: TCC order-create 1-48
2026-09-10 09:30:59,030 INFO o.a.j.t.JMeterThread: Thread started: TCC order-create 1-49
2026-09-10 09:30:59,031 INFO o.a.j.t.ThreadGroup: Started thread group number 1
2026-09-10 09:30:59,032 INFO o.a.j.e.StandardJMeterEngine: All thread groups have been started
2026-09-10 09:30:59,032 INFO o.a.j.t.JMeterThread: Thread started: TCC order-create 1-50
2026-09-10 09:30:59,872 INFO o.a.j.p.h.s.HTTPHCAbstractImpl: Local host = pop-os
2026-09-10 09:30:59,878 INFO o.a.j.p.h.s.HTTPHC4Impl: HTTP request retry count = 0
2026-09-10 09:30:59,880 INFO o.a.j.s.SampleResult: Note: Sample TimeStamps are START times
2026-09-10 09:30:59,880 INFO o.a.j.s.SampleResult: sampleresult.default.encoding is set to UTF-8
2026-09-10 09:30:59,880 INFO o.a.j.s.SampleResult: sampleresult.useNanoTime=true
2026-09-10 09:30:59,880 INFO o.a.j.s.SampleResult: sampleresult.nanoThreadSleep=5000
2026-09-10 09:31:00,241 INFO o.a.j.r.Summariser: summary +      1 in 00:00:01 =    0.8/s Avg:    87 Min:    87 Max:    87 Err:     0 (0.00%) Active: 50 Started: 50 Finished: 0
2026-09-10 09:31:30,001 INFO o.a.j.r.Summariser: summary +   1126 in 00:00:30 =   37.8/s Avg:  1304 Min:   112 Max:  1439 Err:     0 (0.00%) Active: 50 Started: 50 Finished: 0
2026-09-10 09:31:30,001 INFO o.a.j.r.Summariser: summary =   1127 in 00:00:31 =   36.3/s Avg:  1303 Min:    87 Max:  1439 Err:     0 (0.00%)
2026-09-10 09:32:00,026 INFO o.a.j.r.Summariser: summary +   1156 in 00:00:30 =   38.5/s Avg:  1297 Min:  1232 Max:  1382 Err:     0 (0.00%) Active: 50 Started: 50 Finished: 0
2026-09-10 09:32:00,026 INFO o.a.j.r.Summariser: summary =   2283 in 00:01:01 =   37.4/s Avg:  1300 Min:    87 Max:  1439 Err:     0 (0.00%)
2026-09-10 09:32:30,023 INFO o.a.j.r.Summariser: summary +   1104 in 00:00:30 =   36.8/s Avg:  1355 Min:  1234 Max:  2493 Err:     0 (0.00%) Active: 50 Started: 50 Finished: 0
2026-09-10 09:32:30,024 INFO o.a.j.r.Summariser: summary =   3387 in 00:01:31 =   37.2/s Avg:  1318 Min:    87 Max:  2493 Err:     0 (0.00%)
2026-09-10 09:32:59,033 INFO o.a.j.t.JMeterThread: Stopping because end time detected by thread: TCC order-create 1-42
2026-09-10 09:32:59,033 INFO o.a.j.t.JMeterThread: Thread finished: TCC order-create 1-42
2026-09-10 09:32:59,064 INFO o.a.j.t.JMeterThread: Stopping because end time detected by thread: TCC order-create 1-29
2026-09-10 09:32:59,064 INFO o.a.j.t.JMeterThread: Thread finished: TCC order-create 1-29
2026-09-10 09:32:59,089 INFO o.a.j.t.JMeterThread: Stopping because end time detected by thread: TCC order-create 1-50
2026-09-10 09:32:59,089 INFO o.a.j.t.JMeterThread: Thread finished: TCC order-create 1-50
2026-09-10 09:32:59,114 INFO o.a.j.t.JMeterThread: Stopping because end time detected by thread: TCC order-create 1-19
2026-09-10 09:32:59,115 INFO o.a.j.t.JMeterThread: Thread finished: TCC order-create 1-19
2026-09-10 09:32:59,140 INFO o.a.j.t.JMeterThread: Stopping because end time detected by thread: TCC order-create 1-37
2026-09-10 09:32:59,140 INFO o.a.j.t.JMeterThread: Thread finished: TCC order-create 1-37
2026-09-10 09:32:59,166 INFO o.a.j.t.JMeterThread: Stopping because end time detected by thread: TCC order-create 1-20
2026-09-10 09:32:59,167 INFO o.a.j.t.JMeterThread: Thread finished: TCC order-create 1-20
2026-09-10 09:32:59,195 INFO o.a.j.t.JMeterThread: Stopping because end time detected by thread: TCC order-create 1-32
2026-09-10 09:32:59,195 INFO o.a.j.t.JMeterThread: Thread finished: TCC order-create 1-32
2026-09-10 09:32:59,222 INFO o.a.j.t.JMeterThread: Stopping because end time detected by thread: TCC order-create 1-1
2026-09-10 09:32:59,223 INFO o.a.j.t.JMeterThread: Thread finished: TCC order-create 1-1
2026-09-10 09:32:59,250 INFO o.a.j.t.JMeterThread: Stopping because end time detected by thread: TCC order-create 1-26
2026-09-10 09:32:59,250 INFO o.a.j.t.JMeterThread: Thread finished: TCC order-create 1-26
2026-09-10 09:32:59,274 INFO o.a.j.t.JMeterThread: Stopping because end time detected by thread: TCC order-create 1-38
2026-09-10 09:32:59,274 INFO o.a.j.t.JMeterThread: Thread finished: TCC order-create 1-38
2026-09-10 09:32:59,302 INFO o.a.j.t.JMeterThread: Stopping because end time detected by thread: TCC order-create 1-39
2026-09-10 09:32:59,302 INFO o.a.j.t.JMeterThread: Thread finished: TCC order-create 1-39
2026-09-10 09:32:59,333 INFO o.a.j.t.JMeterThread: Stopping because end time detected by thread: TCC order-create 1-45
2026-09-10 09:32:59,333 INFO o.a.j.t.JMeterThread: Thread finished: TCC order-create 1-45
2026-09-10 09:32:59,360 INFO o.a.j.t.JMeterThread: Stopping because end time detected by thread: TCC order-create 1-44
2026-09-10 09:32:59,360 INFO o.a.j.t.JMeterThread: Thread finished: TCC order-create 1-44
2026-09-10 09:32:59,387 INFO o.a.j.t.JMeterThread: Stopping because end time detected by thread: TCC order-create 1-48
2026-09-10 09:32:59,388 INFO o.a.j.t.JMeterThread: Thread finished: TCC order-create 1-48
2026-09-10 09:32:59,420 INFO o.a.j.t.JMeterThread: Stopping because end time detected by thread: TCC order-create 1-16
2026-09-10 09:32:59,420 INFO o.a.j.t.JMeterThread: Thread finished: TCC order-create 1-16
2026-09-10 09:32:59,446 INFO o.a.j.t.JMeterThread: Stopping because end time detected by thread: TCC order-create 1-40
2026-09-10 09:32:59,446 INFO o.a.j.t.JMeterThread: Thread finished: TCC order-create 1-40
2026-09-10 09:32:59,473 INFO o.a.j.t.JMeterThread: Stopping because end time detected by thread: TCC order-create 1-10
2026-09-10 09:32:59,473 INFO o.a.j.t.JMeterThread: Thread finished: TCC order-create 1-10
2026-09-10 09:32:59,498 INFO o.a.j.t.JMeterThread: Stopping because end time detected by thread: TCC order-create 1-46
2026-09-10 09:32:59,498 INFO o.a.j.t.JMeterThread: Thread finished: TCC order-create 1-46
2026-09-10 09:32:59,526 INFO o.a.j.t.JMeterThread: Stopping because end time detected by thread: TCC order-create 1-15
2026-09-10 09:32:59,526 INFO o.a.j.t.JMeterThread: Thread finished: TCC order-create 1-15
2026-09-10 09:32:59,552 INFO o.a.j.t.JMeterThread: Stopping because end time detected by thread: TCC order-create 1-9
2026-09-10 09:32:59,552 INFO o.a.j.t.JMeterThread: Thread finished: TCC order-create 1-9
2026-09-10 09:32:59,576 INFO o.a.j.t.JMeterThread: Stopping because end time detected by thread: TCC order-create 1-34
2026-09-10 09:32:59,577 INFO o.a.j.t.JMeterThread: Thread finished: TCC order-create 1-34
2026-09-10 09:32:59,603 INFO o.a.j.t.JMeterThread: Stopping because end time detected by thread: TCC order-create 1-22
2026-09-10 09:32:59,604 INFO o.a.j.t.JMeterThread: Thread finished: TCC order-create 1-22
2026-09-10 09:32:59,631 INFO o.a.j.t.JMeterThread: Stopping because end time detected by thread: TCC order-create 1-27
2026-09-10 09:32:59,631 INFO o.a.j.t.JMeterThread: Thread finished: TCC order-create 1-27
2026-09-10 09:32:59,656 INFO o.a.j.t.JMeterThread: Stopping because end time detected by thread: TCC order-create 1-30
2026-09-10 09:32:59,657 INFO o.a.j.t.JMeterThread: Thread finished: TCC order-create 1-30
2026-09-10 09:32:59,681 INFO o.a.j.t.JMeterThread: Stopping because end time detected by thread: TCC order-create 1-4
2026-09-10 09:32:59,681 INFO o.a.j.t.JMeterThread: Thread finished: TCC order-create 1-4
2026-09-10 09:32:59,707 INFO o.a.j.t.JMeterThread: Stopping because end time detected by thread: TCC order-create 1-28
2026-09-10 09:32:59,708 INFO o.a.j.t.JMeterThread: Thread finished: TCC order-create 1-28
2026-09-10 09:32:59,735 INFO o.a.j.t.JMeterThread: Stopping because end time detected by thread: TCC order-create 1-21
2026-09-10 09:32:59,735 INFO o.a.j.t.JMeterThread: Thread finished: TCC order-create 1-21
2026-09-10 09:32:59,761 INFO o.a.j.t.JMeterThread: Stopping because end time detected by thread: TCC order-create 1-23
2026-09-10 09:32:59,761 INFO o.a.j.t.JMeterThread: Thread finished: TCC order-create 1-23
2026-09-10 09:32:59,786 INFO o.a.j.t.JMeterThread: Stopping because end time detected by thread: TCC order-create 1-33
2026-09-10 09:32:59,786 INFO o.a.j.t.JMeterThread: Thread finished: TCC order-create 1-33
2026-09-10 09:32:59,814 INFO o.a.j.t.JMeterThread: Stopping because end time detected by thread: TCC order-create 1-3
2026-09-10 09:32:59,814 INFO o.a.j.t.JMeterThread: Thread finished: TCC order-create 1-3
2026-09-10 09:32:59,841 INFO o.a.j.t.JMeterThread: Stopping because end time detected by thread: TCC order-create 1-7
2026-09-10 09:32:59,841 INFO o.a.j.t.JMeterThread: Thread finished: TCC order-create 1-7
2026-09-10 09:32:59,867 INFO o.a.j.t.JMeterThread: Stopping because end time detected by thread: TCC order-create 1-49
2026-09-10 09:32:59,867 INFO o.a.j.t.JMeterThread: Thread finished: TCC order-create 1-49
2026-09-10 09:32:59,892 INFO o.a.j.t.JMeterThread: Stopping because end time detected by thread: TCC order-create 1-35
2026-09-10 09:32:59,892 INFO o.a.j.t.JMeterThread: Thread finished: TCC order-create 1-35
2026-09-10 09:32:59,916 INFO o.a.j.t.JMeterThread: Stopping because end time detected by thread: TCC order-create 1-25
2026-09-10 09:32:59,916 INFO o.a.j.t.JMeterThread: Thread finished: TCC order-create 1-25
2026-09-10 09:32:59,944 INFO o.a.j.t.JMeterThread: Stopping because end time detected by thread: TCC order-create 1-17
2026-09-10 09:32:59,944 INFO o.a.j.t.JMeterThread: Thread finished: TCC order-create 1-17
2026-09-10 09:32:59,968 INFO o.a.j.t.JMeterThread: Stopping because end time detected by thread: TCC order-create 1-31
2026-09-10 09:32:59,968 INFO o.a.j.t.JMeterThread: Thread finished: TCC order-create 1-31
2026-09-10 09:32:59,994 INFO o.a.j.t.JMeterThread: Stopping because end time detected by thread: TCC order-create 1-14
2026-09-10 09:32:59,995 INFO o.a.j.t.JMeterThread: Thread finished: TCC order-create 1-14
2026-09-10 09:33:00,026 INFO o.a.j.r.Summariser: summary +   1133 in 00:00:30 =   37.8/s Avg:  1324 Min:  1252 Max:  1453 Err:     0 (0.00%) Active: 13 Started: 50 Finished: 37
2026-09-10 09:33:00,027 INFO o.a.j.r.Summariser: summary =   4520 in 00:02:01 =   37.3/s Avg:  1319 Min:    87 Max:  2493 Err:     0 (0.00%)
2026-09-10 09:33:00,027 INFO o.a.j.t.JMeterThread: Stopping because end time detected by thread: TCC order-create 1-12
2026-09-10 09:33:00,027 INFO o.a.j.t.JMeterThread: Thread finished: TCC order-create 1-12
2026-09-10 09:33:00,052 INFO o.a.j.t.JMeterThread: Stopping because end time detected by thread: TCC order-create 1-36
2026-09-10 09:33:00,053 INFO o.a.j.t.JMeterThread: Thread finished: TCC order-create 1-36
2026-09-10 09:33:00,079 INFO o.a.j.t.JMeterThread: Stopping because end time detected by thread: TCC order-create 1-11
2026-09-10 09:33:00,079 INFO o.a.j.t.JMeterThread: Thread finished: TCC order-create 1-11
2026-09-10 09:33:00,106 INFO o.a.j.t.JMeterThread: Stopping because end time detected by thread: TCC order-create 1-47
2026-09-10 09:33:00,107 INFO o.a.j.t.JMeterThread: Thread finished: TCC order-create 1-47
2026-09-10 09:33:00,132 INFO o.a.j.t.JMeterThread: Stopping because end time detected by thread: TCC order-create 1-24
2026-09-10 09:33:00,132 INFO o.a.j.t.JMeterThread: Thread finished: TCC order-create 1-24
2026-09-10 09:33:00,158 INFO o.a.j.t.JMeterThread: Stopping because end time detected by thread: TCC order-create 1-5
2026-09-10 09:33:00,159 INFO o.a.j.t.JMeterThread: Thread finished: TCC order-create 1-5
2026-09-10 09:33:00,186 INFO o.a.j.t.JMeterThread: Stopping because end time detected by thread: TCC order-create 1-13
2026-09-10 09:33:00,186 INFO o.a.j.t.JMeterThread: Thread finished: TCC order-create 1-13
2026-09-10 09:33:00,210 INFO o.a.j.t.JMeterThread: Stopping because end time detected by thread: TCC order-create 1-41
2026-09-10 09:33:00,211 INFO o.a.j.t.JMeterThread: Thread finished: TCC order-create 1-41
2026-09-10 09:33:00,235 INFO o.a.j.t.JMeterThread: Stopping because end time detected by thread: TCC order-create 1-6
2026-09-10 09:33:00,235 INFO o.a.j.t.JMeterThread: Thread finished: TCC order-create 1-6
2026-09-10 09:33:00,262 INFO o.a.j.t.JMeterThread: Stopping because end time detected by thread: TCC order-create 1-2
2026-09-10 09:33:00,262 INFO o.a.j.t.JMeterThread: Thread finished: TCC order-create 1-2
2026-09-10 09:33:00,289 INFO o.a.j.t.JMeterThread: Stopping because end time detected by thread: TCC order-create 1-8
2026-09-10 09:33:00,289 INFO o.a.j.t.JMeterThread: Thread finished: TCC order-create 1-8
2026-09-10 09:33:00,316 INFO o.a.j.t.JMeterThread: Stopping because end time detected by thread: TCC order-create 1-18
2026-09-10 09:33:00,316 INFO o.a.j.t.JMeterThread: Thread finished: TCC order-create 1-18
2026-09-10 09:33:00,343 INFO o.a.j.t.JMeterThread: Stopping because end time detected by thread: TCC order-create 1-43
2026-09-10 09:33:00,343 INFO o.a.j.t.JMeterThread: Thread finished: TCC order-create 1-43
2026-09-10 09:33:00,344 INFO o.a.j.e.StandardJMeterEngine: Notifying test listeners of end of test
2026-09-10 09:33:00,348 INFO o.a.j.r.Summariser: summary +     12 in 00:00:00 =   37.3/s Avg:  1340 Min:  1339 Max:  1342 Err:     0 (0.00%) Active: 0 Started: 50 Finished: 50
2026-09-10 09:33:00,348 INFO o.a.j.r.Summariser: summary =   4532 in 00:02:01 =   37.3/s Avg:  1320 Min:    87 Max:  2493 Err:     0 (0.00%)
