2026-09-10 08:58:26,871 INFO o.a.j.u.JMeterUtils: Setting Locale to en_EN
2026-09-10 08:58:26,889 INFO o.a.j.JMeter: Loading user properties from: /home/avituo/projects/tcc/tcc-container/.tools/apache-jmeter-5.6.3/bin/user.properties
2026-09-10 08:58:26,889 INFO o.a.j.JMeter: Loading system properties from: /home/avituo/projects/tcc/tcc-container/.tools/apache-jmeter-5.6.3/bin/system.properties
2026-09-10 08:58:26,889 INFO o.a.j.JMeter: Loading additional properties from: /home/avituo/projects/tcc/tcc-container/benchmark/jmeter/benchmark.properties
2026-09-10 08:58:26,890 INFO o.a.j.JMeter: Loading additional properties from: /tmp/tcc-benchmark-auth.ROlk5A/auth.properties
2026-09-10 08:58:26,890 INFO o.a.j.JMeter: Loading additional properties from: /home/avituo/projects/tcc/tcc-container/benchmark/results/laravel-13.20.0/final/order-create/c25/r3/microservices/thread-counters.properties
2026-09-10 08:58:26,890 INFO o.a.j.JMeter: Setting JMeter property: threads=25
2026-09-10 08:58:26,890 INFO o.a.j.JMeter: Setting JMeter property: duration_seconds=120
2026-09-10 08:58:26,890 INFO o.a.j.JMeter: Setting JMeter property: target_host=localhost
2026-09-10 08:58:26,890 INFO o.a.j.JMeter: Setting JMeter property: target_port=18080
2026-09-10 08:58:26,890 INFO o.a.j.JMeter: Setting JMeter property: tcc.order.id=20000000-0000-4000-8000-000000000001
2026-09-10 08:58:26,890 INFO o.a.j.JMeter: Setting JMeter property: repetition=3
2026-09-10 08:58:26,897 INFO o.a.j.JMeter: Copyright (c) 1998-2024 The Apache Software Foundation
2026-09-10 08:58:26,897 INFO o.a.j.JMeter: Version 5.6.3
2026-09-10 08:58:26,897 INFO o.a.j.JMeter: java.version=21.0.11
2026-09-10 08:58:26,897 INFO o.a.j.JMeter: java.vm.name=OpenJDK 64-Bit Server VM
2026-09-10 08:58:26,897 INFO o.a.j.JMeter: os.name=Linux
2026-09-10 08:58:26,897 INFO o.a.j.JMeter: os.arch=amd64
2026-09-10 08:58:26,897 INFO o.a.j.JMeter: os.version=7.0.11-76070011-generic
2026-09-10 08:58:26,897 INFO o.a.j.JMeter: file.encoding=UTF-8
2026-09-10 08:58:26,897 INFO o.a.j.JMeter: java.awt.headless=true
2026-09-10 08:58:26,898 INFO o.a.j.JMeter: Max memory     =1073741824
2026-09-10 08:58:26,898 INFO o.a.j.JMeter: Available Processors =16
2026-09-10 08:58:26,906 INFO o.a.j.JMeter: Default Locale=English (EN)
2026-09-10 08:58:26,907 INFO o.a.j.JMeter: JMeter  Locale=English (EN)
2026-09-10 08:58:26,907 INFO o.a.j.JMeter: JMeterHome=/home/avituo/projects/tcc/tcc-container/.tools/apache-jmeter-5.6.3
2026-09-10 08:58:26,907 INFO o.a.j.JMeter: user.dir  =/home/avituo/projects/tcc/tcc-container
2026-09-10 08:58:26,907 INFO o.a.j.JMeter: PWD       =/home/avituo/projects/tcc/tcc-container
2026-09-10 08:58:26,914 INFO o.a.j.JMeter: IP: 192.168.1.16 Name: pop-os FullName: pop-os.home
2026-09-10 08:58:26,926 INFO o.a.j.s.FileServer: Default base='/home/avituo/projects/tcc/tcc-container'
2026-09-10 08:58:26,928 INFO o.a.j.s.FileServer: Set new base='/home/avituo/projects/tcc/tcc-container/benchmark/jmeter'
2026-09-10 08:58:27,101 INFO o.a.j.s.SaveService: Testplan (JMX) version: 2.2. Testlog (JTL) version: 2.2
2026-09-10 08:58:27,126 INFO o.a.j.s.SaveService: Using SaveService properties version 5.0
2026-09-10 08:58:27,130 INFO o.a.j.s.SaveService: Using SaveService properties file encoding UTF-8
2026-09-10 08:58:27,134 INFO o.a.j.s.SaveService: Loading file: /home/avituo/projects/tcc/tcc-container/benchmark/jmeter/tcc-order-create-v1.jmx
2026-09-10 08:58:27,185 INFO o.a.j.p.h.s.HTTPSamplerBase: Parser for text/html is org.apache.jmeter.protocol.http.parser.LagartoBasedHtmlParser
2026-09-10 08:58:27,185 INFO o.a.j.p.h.s.HTTPSamplerBase: Parser for application/xhtml+xml is org.apache.jmeter.protocol.http.parser.LagartoBasedHtmlParser
2026-09-10 08:58:27,185 INFO o.a.j.p.h.s.HTTPSamplerBase: Parser for application/xml is org.apache.jmeter.protocol.http.parser.LagartoBasedHtmlParser
2026-09-10 08:58:27,185 INFO o.a.j.p.h.s.HTTPSamplerBase: Parser for text/xml is org.apache.jmeter.protocol.http.parser.LagartoBasedHtmlParser
2026-09-10 08:58:27,185 INFO o.a.j.p.h.s.HTTPSamplerBase: Parser for text/vnd.wap.wml is org.apache.jmeter.protocol.http.parser.RegexpHTMLParser
2026-09-10 08:58:27,185 INFO o.a.j.p.h.s.HTTPSamplerBase: Parser for text/css is org.apache.jmeter.protocol.http.parser.CssParser
2026-09-10 08:58:27,219 INFO o.a.j.JMeter: Creating summariser <summary>
2026-09-10 08:58:27,237 INFO o.a.j.e.StandardJMeterEngine: Running the test!
2026-09-10 08:58:27,238 INFO o.a.j.s.SampleEvent: List of sample_variables: []
2026-09-10 08:58:27,239 INFO o.a.j.s.SampleEvent: List of sample_variables: []
2026-09-10 08:58:27,245 INFO o.a.j.e.u.CompoundVariable: Note: Function class names must contain the string: '.functions.'
2026-09-10 08:58:27,245 INFO o.a.j.e.u.CompoundVariable: Note: Function class names must not contain the string: '.gui.'
2026-09-10 08:58:27,493 INFO o.a.j.JMeter: Running test (1789041507492)
2026-09-10 08:58:27,515 INFO o.a.j.e.StandardJMeterEngine: Starting ThreadGroup: 1 : TCC order-create
2026-09-10 08:58:27,515 INFO o.a.j.e.StandardJMeterEngine: Starting 25 threads for group TCC order-create.
2026-09-10 08:58:27,515 INFO o.a.j.e.StandardJMeterEngine: Thread will continue on error
2026-09-10 08:58:27,515 INFO o.a.j.t.ThreadGroup: Starting thread group... number=1 threads=25 ramp-up=0 delayedStart=false
2026-09-10 08:58:27,522 INFO o.a.j.t.JMeterThread: Thread started: TCC order-create 1-2
2026-09-10 08:58:27,522 INFO o.a.j.t.JMeterThread: Thread started: TCC order-create 1-4
2026-09-10 08:58:27,522 INFO o.a.j.t.JMeterThread: Thread started: TCC order-create 1-3
2026-09-10 08:58:27,522 INFO o.a.j.t.JMeterThread: Thread started: TCC order-create 1-1
2026-09-10 08:58:27,523 INFO o.a.j.t.JMeterThread: Thread started: TCC order-create 1-5
2026-09-10 08:58:27,523 INFO o.a.j.t.JMeterThread: Thread started: TCC order-create 1-6
2026-09-10 08:58:27,524 INFO o.a.j.t.JMeterThread: Thread started: TCC order-create 1-7
2026-09-10 08:58:27,525 INFO o.a.j.t.JMeterThread: Thread started: TCC order-create 1-8
2026-09-10 08:58:27,525 INFO o.a.j.t.JMeterThread: Thread started: TCC order-create 1-9
2026-09-10 08:58:27,526 INFO o.a.j.t.JMeterThread: Thread started: TCC order-create 1-10
2026-09-10 08:58:27,527 INFO o.a.j.t.JMeterThread: Thread started: TCC order-create 1-11
2026-09-10 08:58:27,528 INFO o.a.j.t.JMeterThread: Thread started: TCC order-create 1-12
2026-09-10 08:58:27,529 INFO o.a.j.t.JMeterThread: Thread started: TCC order-create 1-13
2026-09-10 08:58:27,530 INFO o.a.j.t.JMeterThread: Thread started: TCC order-create 1-14
2026-09-10 08:58:27,531 INFO o.a.j.t.JMeterThread: Thread started: TCC order-create 1-15
2026-09-10 08:58:27,532 INFO o.a.j.t.JMeterThread: Thread started: TCC order-create 1-16
2026-09-10 08:58:27,533 INFO o.a.j.t.JMeterThread: Thread started: TCC order-create 1-17
2026-09-10 08:58:27,535 INFO o.a.j.t.JMeterThread: Thread started: TCC order-create 1-18
2026-09-10 08:58:27,536 INFO o.a.j.t.JMeterThread: Thread started: TCC order-create 1-19
2026-09-10 08:58:27,537 INFO o.a.j.t.JMeterThread: Thread started: TCC order-create 1-20
2026-09-10 08:58:27,537 INFO o.a.j.t.JMeterThread: Thread started: TCC order-create 1-21
2026-09-10 08:58:27,538 INFO o.a.j.t.JMeterThread: Thread started: TCC order-create 1-22
2026-09-10 08:58:27,538 INFO o.a.j.t.JMeterThread: Thread started: TCC order-create 1-23
2026-09-10 08:58:27,539 INFO o.a.j.t.JMeterThread: Thread started: TCC order-create 1-24
2026-09-10 08:58:27,539 INFO o.a.j.t.ThreadGroup: Started thread group number 1
2026-09-10 08:58:27,540 INFO o.a.j.e.StandardJMeterEngine: All thread groups have been started
2026-09-10 08:58:27,540 INFO o.a.j.t.JMeterThread: Thread started: TCC order-create 1-25
2026-09-10 08:58:28,259 INFO o.a.j.p.h.s.HTTPHCAbstractImpl: Local host = pop-os
2026-09-10 08:58:28,268 INFO o.a.j.p.h.s.HTTPHC4Impl: HTTP request retry count = 0
2026-09-10 08:58:28,269 INFO o.a.j.s.SampleResult: Note: Sample TimeStamps are START times
2026-09-10 08:58:28,269 INFO o.a.j.s.SampleResult: sampleresult.default.encoding is set to UTF-8
2026-09-10 08:58:28,269 INFO o.a.j.s.SampleResult: sampleresult.useNanoTime=true
2026-09-10 08:58:28,269 INFO o.a.j.s.SampleResult: sampleresult.nanoThreadSleep=5000
2026-09-10 08:58:30,039 INFO o.a.j.r.Summariser: summary +     30 in 00:00:03 =   11.8/s Avg:   859 Min:   114 Max:  1422 Err:     0 (0.00%) Active: 25 Started: 25 Finished: 0
2026-09-10 08:59:00,045 INFO o.a.j.r.Summariser: summary +    566 in 00:00:30 =   18.9/s Avg:  1324 Min:  1280 Max:  1464 Err:     0 (0.00%) Active: 25 Started: 25 Finished: 0
2026-09-10 08:59:00,046 INFO o.a.j.r.Summariser: summary =    596 in 00:00:33 =   18.3/s Avg:  1300 Min:   114 Max:  1464 Err:     0 (0.00%)
2026-09-10 08:59:30,008 INFO o.a.j.r.Summariser: summary +    567 in 00:00:30 =   18.9/s Avg:  1319 Min:  1268 Max:  1421 Err:     0 (0.00%) Active: 25 Started: 25 Finished: 0
2026-09-10 08:59:30,009 INFO o.a.j.r.Summariser: summary =   1163 in 00:01:03 =   18.6/s Avg:  1309 Min:   114 Max:  1464 Err:     0 (0.00%)
2026-09-10 09:00:00,012 INFO o.a.j.r.Summariser: summary +    544 in 00:00:30 =   18.1/s Avg:  1379 Min:  1282 Max:  2386 Err:     0 (0.00%) Active: 25 Started: 25 Finished: 0
2026-09-10 09:00:00,012 INFO o.a.j.r.Summariser: summary =   1707 in 00:01:33 =   18.5/s Avg:  1331 Min:   114 Max:  2386 Err:     0 (0.00%)
2026-09-10 09:00:27,574 INFO o.a.j.t.JMeterThread: Stopping because end time detected by thread: TCC order-create 1-24
2026-09-10 09:00:27,575 INFO o.a.j.t.JMeterThread: Thread finished: TCC order-create 1-24
2026-09-10 09:00:27,627 INFO o.a.j.t.JMeterThread: Stopping because end time detected by thread: TCC order-create 1-13
2026-09-10 09:00:27,628 INFO o.a.j.t.JMeterThread: Thread finished: TCC order-create 1-13
2026-09-10 09:00:27,678 INFO o.a.j.t.JMeterThread: Stopping because end time detected by thread: TCC order-create 1-6
2026-09-10 09:00:27,678 INFO o.a.j.t.JMeterThread: Thread finished: TCC order-create 1-6
2026-09-10 09:00:27,727 INFO o.a.j.t.JMeterThread: Stopping because end time detected by thread: TCC order-create 1-5
2026-09-10 09:00:27,727 INFO o.a.j.t.JMeterThread: Thread finished: TCC order-create 1-5
2026-09-10 09:00:27,779 INFO o.a.j.t.JMeterThread: Stopping because end time detected by thread: TCC order-create 1-1
2026-09-10 09:00:27,779 INFO o.a.j.t.JMeterThread: Thread finished: TCC order-create 1-1
2026-09-10 09:00:27,831 INFO o.a.j.t.JMeterThread: Stopping because end time detected by thread: TCC order-create 1-12
2026-09-10 09:00:27,831 INFO o.a.j.t.JMeterThread: Thread finished: TCC order-create 1-12
2026-09-10 09:00:27,884 INFO o.a.j.t.JMeterThread: Stopping because end time detected by thread: TCC order-create 1-10
2026-09-10 09:00:27,884 INFO o.a.j.t.JMeterThread: Thread finished: TCC order-create 1-10
2026-09-10 09:00:27,938 INFO o.a.j.t.JMeterThread: Stopping because end time detected by thread: TCC order-create 1-25
2026-09-10 09:00:27,938 INFO o.a.j.t.JMeterThread: Thread finished: TCC order-create 1-25
2026-09-10 09:00:27,992 INFO o.a.j.t.JMeterThread: Stopping because end time detected by thread: TCC order-create 1-4
2026-09-10 09:00:27,992 INFO o.a.j.t.JMeterThread: Thread finished: TCC order-create 1-4
2026-09-10 09:00:28,045 INFO o.a.j.t.JMeterThread: Stopping because end time detected by thread: TCC order-create 1-8
2026-09-10 09:00:28,046 INFO o.a.j.t.JMeterThread: Thread finished: TCC order-create 1-8
2026-09-10 09:00:28,176 INFO o.a.j.t.JMeterThread: Stopping because end time detected by thread: TCC order-create 1-18
2026-09-10 09:00:28,176 INFO o.a.j.t.JMeterThread: Thread finished: TCC order-create 1-18
2026-09-10 09:00:28,228 INFO o.a.j.t.JMeterThread: Stopping because end time detected by thread: TCC order-create 1-3
2026-09-10 09:00:28,228 INFO o.a.j.t.JMeterThread: Thread finished: TCC order-create 1-3
2026-09-10 09:00:28,281 INFO o.a.j.t.JMeterThread: Stopping because end time detected by thread: TCC order-create 1-15
2026-09-10 09:00:28,281 INFO o.a.j.t.JMeterThread: Thread finished: TCC order-create 1-15
2026-09-10 09:00:28,332 INFO o.a.j.t.JMeterThread: Stopping because end time detected by thread: TCC order-create 1-16
2026-09-10 09:00:28,332 INFO o.a.j.t.JMeterThread: Thread finished: TCC order-create 1-16
2026-09-10 09:00:28,385 INFO o.a.j.t.JMeterThread: Stopping because end time detected by thread: TCC order-create 1-20
2026-09-10 09:00:28,385 INFO o.a.j.t.JMeterThread: Thread finished: TCC order-create 1-20
2026-09-10 09:00:28,437 INFO o.a.j.t.JMeterThread: Stopping because end time detected by thread: TCC order-create 1-17
2026-09-10 09:00:28,438 INFO o.a.j.t.JMeterThread: Thread finished: TCC order-create 1-17
2026-09-10 09:00:28,488 INFO o.a.j.t.JMeterThread: Stopping because end time detected by thread: TCC order-create 1-11
2026-09-10 09:00:28,488 INFO o.a.j.t.JMeterThread: Thread finished: TCC order-create 1-11
2026-09-10 09:00:28,543 INFO o.a.j.t.JMeterThread: Stopping because end time detected by thread: TCC order-create 1-14
2026-09-10 09:00:28,543 INFO o.a.j.t.JMeterThread: Thread finished: TCC order-create 1-14
2026-09-10 09:00:28,596 INFO o.a.j.t.JMeterThread: Stopping because end time detected by thread: TCC order-create 1-19
2026-09-10 09:00:28,597 INFO o.a.j.t.JMeterThread: Thread finished: TCC order-create 1-19
2026-09-10 09:00:28,647 INFO o.a.j.t.JMeterThread: Stopping because end time detected by thread: TCC order-create 1-21
2026-09-10 09:00:28,647 INFO o.a.j.t.JMeterThread: Thread finished: TCC order-create 1-21
2026-09-10 09:00:28,698 INFO o.a.j.t.JMeterThread: Stopping because end time detected by thread: TCC order-create 1-7
2026-09-10 09:00:28,698 INFO o.a.j.t.JMeterThread: Thread finished: TCC order-create 1-7
2026-09-10 09:00:28,752 INFO o.a.j.t.JMeterThread: Stopping because end time detected by thread: TCC order-create 1-22
2026-09-10 09:00:28,752 INFO o.a.j.t.JMeterThread: Thread finished: TCC order-create 1-22
2026-09-10 09:00:28,802 INFO o.a.j.t.JMeterThread: Stopping because end time detected by thread: TCC order-create 1-2
2026-09-10 09:00:28,802 INFO o.a.j.t.JMeterThread: Thread finished: TCC order-create 1-2
2026-09-10 09:00:28,862 INFO o.a.j.t.JMeterThread: Stopping because end time detected by thread: TCC order-create 1-23
2026-09-10 09:00:28,862 INFO o.a.j.t.JMeterThread: Thread finished: TCC order-create 1-23
2026-09-10 09:00:28,911 INFO o.a.j.t.JMeterThread: Stopping because end time detected by thread: TCC order-create 1-9
2026-09-10 09:00:28,912 INFO o.a.j.t.JMeterThread: Thread finished: TCC order-create 1-9
2026-09-10 09:00:28,912 INFO o.a.j.e.StandardJMeterEngine: Notifying test listeners of end of test
2026-09-10 09:00:28,915 INFO o.a.j.r.Summariser: summary +    552 in 00:00:29 =   19.1/s Avg:  1306 Min:  1253 Max:  1430 Err:     0 (0.00%) Active: 0 Started: 25 Finished: 25
2026-09-10 09:00:28,915 INFO o.a.j.r.Summariser: summary =   2259 in 00:02:01 =   18.6/s Avg:  1325 Min:   114 Max:  2386 Err:     0 (0.00%)
