2026-09-10 08:57:50,685 INFO o.a.j.u.JMeterUtils: Setting Locale to en_EN
2026-09-10 08:57:50,701 INFO o.a.j.JMeter: Loading user properties from: /home/avituo/projects/tcc/tcc-container/.tools/apache-jmeter-5.6.3/bin/user.properties
2026-09-10 08:57:50,701 INFO o.a.j.JMeter: Loading system properties from: /home/avituo/projects/tcc/tcc-container/.tools/apache-jmeter-5.6.3/bin/system.properties
2026-09-10 08:57:50,702 INFO o.a.j.JMeter: Loading additional properties from: /home/avituo/projects/tcc/tcc-container/benchmark/jmeter/benchmark.properties
2026-09-10 08:57:50,702 INFO o.a.j.JMeter: Loading additional properties from: /tmp/tcc-benchmark-auth.ROlk5A/auth.properties
2026-09-10 08:57:50,702 INFO o.a.j.JMeter: Setting JMeter property: threads=25
2026-09-10 08:57:50,702 INFO o.a.j.JMeter: Setting JMeter property: duration_seconds=30
2026-09-10 08:57:50,702 INFO o.a.j.JMeter: Setting JMeter property: target_host=localhost
2026-09-10 08:57:50,702 INFO o.a.j.JMeter: Setting JMeter property: target_port=18080
2026-09-10 08:57:50,702 INFO o.a.j.JMeter: Setting JMeter property: tcc.order.id=20000000-0000-4000-8000-000000000001
2026-09-10 08:57:50,702 INFO o.a.j.JMeter: Setting JMeter property: repetition=3
2026-09-10 08:57:50,708 INFO o.a.j.JMeter: Copyright (c) 1998-2024 The Apache Software Foundation
2026-09-10 08:57:50,709 INFO o.a.j.JMeter: Version 5.6.3
2026-09-10 08:57:50,709 INFO o.a.j.JMeter: java.version=21.0.11
2026-09-10 08:57:50,709 INFO o.a.j.JMeter: java.vm.name=OpenJDK 64-Bit Server VM
2026-09-10 08:57:50,709 INFO o.a.j.JMeter: os.name=Linux
2026-09-10 08:57:50,709 INFO o.a.j.JMeter: os.arch=amd64
2026-09-10 08:57:50,709 INFO o.a.j.JMeter: os.version=7.0.11-76070011-generic
2026-09-10 08:57:50,709 INFO o.a.j.JMeter: file.encoding=UTF-8
2026-09-10 08:57:50,709 INFO o.a.j.JMeter: java.awt.headless=true
2026-09-10 08:57:50,709 INFO o.a.j.JMeter: Max memory     =1073741824
2026-09-10 08:57:50,709 INFO o.a.j.JMeter: Available Processors =16
2026-09-10 08:57:50,717 INFO o.a.j.JMeter: Default Locale=English (EN)
2026-09-10 08:57:50,718 INFO o.a.j.JMeter: JMeter  Locale=English (EN)
2026-09-10 08:57:50,718 INFO o.a.j.JMeter: JMeterHome=/home/avituo/projects/tcc/tcc-container/.tools/apache-jmeter-5.6.3
2026-09-10 08:57:50,718 INFO o.a.j.JMeter: user.dir  =/home/avituo/projects/tcc/tcc-container
2026-09-10 08:57:50,718 INFO o.a.j.JMeter: PWD       =/home/avituo/projects/tcc/tcc-container
2026-09-10 08:57:50,726 INFO o.a.j.JMeter: IP: 192.168.1.16 Name: pop-os FullName: pop-os.home
2026-09-10 08:57:50,739 INFO o.a.j.s.FileServer: Default base='/home/avituo/projects/tcc/tcc-container'
2026-09-10 08:57:50,741 INFO o.a.j.s.FileServer: Set new base='/home/avituo/projects/tcc/tcc-container/benchmark/jmeter'
2026-09-10 08:57:50,899 INFO o.a.j.s.SaveService: Testplan (JMX) version: 2.2. Testlog (JTL) version: 2.2
2026-09-10 08:57:50,924 INFO o.a.j.s.SaveService: Using SaveService properties version 5.0
2026-09-10 08:57:50,927 INFO o.a.j.s.SaveService: Using SaveService properties file encoding UTF-8
2026-09-10 08:57:50,931 INFO o.a.j.s.SaveService: Loading file: /home/avituo/projects/tcc/tcc-container/benchmark/jmeter/tcc-order-create-v1.jmx
2026-09-10 08:57:50,982 INFO o.a.j.p.h.s.HTTPSamplerBase: Parser for text/html is org.apache.jmeter.protocol.http.parser.LagartoBasedHtmlParser
2026-09-10 08:57:50,982 INFO o.a.j.p.h.s.HTTPSamplerBase: Parser for application/xhtml+xml is org.apache.jmeter.protocol.http.parser.LagartoBasedHtmlParser
2026-09-10 08:57:50,982 INFO o.a.j.p.h.s.HTTPSamplerBase: Parser for application/xml is org.apache.jmeter.protocol.http.parser.LagartoBasedHtmlParser
2026-09-10 08:57:50,982 INFO o.a.j.p.h.s.HTTPSamplerBase: Parser for text/xml is org.apache.jmeter.protocol.http.parser.LagartoBasedHtmlParser
2026-09-10 08:57:50,982 INFO o.a.j.p.h.s.HTTPSamplerBase: Parser for text/vnd.wap.wml is org.apache.jmeter.protocol.http.parser.RegexpHTMLParser
2026-09-10 08:57:50,982 INFO o.a.j.p.h.s.HTTPSamplerBase: Parser for text/css is org.apache.jmeter.protocol.http.parser.CssParser
2026-09-10 08:57:51,018 INFO o.a.j.JMeter: Creating summariser <summary>
2026-09-10 08:57:51,038 INFO o.a.j.e.StandardJMeterEngine: Running the test!
2026-09-10 08:57:51,039 INFO o.a.j.s.SampleEvent: List of sample_variables: []
2026-09-10 08:57:51,039 INFO o.a.j.s.SampleEvent: List of sample_variables: []
2026-09-10 08:57:51,046 INFO o.a.j.e.u.CompoundVariable: Note: Function class names must contain the string: '.functions.'
2026-09-10 08:57:51,046 INFO o.a.j.e.u.CompoundVariable: Note: Function class names must not contain the string: '.gui.'
2026-09-10 08:57:51,288 INFO o.a.j.JMeter: Running test (1789041471288)
2026-09-10 08:57:51,311 INFO o.a.j.e.StandardJMeterEngine: Starting ThreadGroup: 1 : TCC order-create
2026-09-10 08:57:51,312 INFO o.a.j.e.StandardJMeterEngine: Starting 25 threads for group TCC order-create.
2026-09-10 08:57:51,312 INFO o.a.j.e.StandardJMeterEngine: Thread will continue on error
2026-09-10 08:57:51,312 INFO o.a.j.t.ThreadGroup: Starting thread group... number=1 threads=25 ramp-up=0 delayedStart=false
2026-09-10 08:57:51,319 INFO o.a.j.t.JMeterThread: Thread started: TCC order-create 1-4
2026-09-10 08:57:51,319 INFO o.a.j.t.JMeterThread: Thread started: TCC order-create 1-3
2026-09-10 08:57:51,319 INFO o.a.j.t.JMeterThread: Thread started: TCC order-create 1-1
2026-09-10 08:57:51,319 INFO o.a.j.t.JMeterThread: Thread started: TCC order-create 1-5
2026-09-10 08:57:51,319 INFO o.a.j.t.JMeterThread: Thread started: TCC order-create 1-2
2026-09-10 08:57:51,319 INFO o.a.j.t.JMeterThread: Thread started: TCC order-create 1-6
2026-09-10 08:57:51,320 INFO o.a.j.t.JMeterThread: Thread started: TCC order-create 1-7
2026-09-10 08:57:51,321 INFO o.a.j.t.JMeterThread: Thread started: TCC order-create 1-8
2026-09-10 08:57:51,322 INFO o.a.j.t.JMeterThread: Thread started: TCC order-create 1-9
2026-09-10 08:57:51,322 INFO o.a.j.t.JMeterThread: Thread started: TCC order-create 1-10
2026-09-10 08:57:51,323 INFO o.a.j.t.JMeterThread: Thread started: TCC order-create 1-11
2026-09-10 08:57:51,324 INFO o.a.j.t.JMeterThread: Thread started: TCC order-create 1-12
2026-09-10 08:57:51,325 INFO o.a.j.t.JMeterThread: Thread started: TCC order-create 1-13
2026-09-10 08:57:51,325 INFO o.a.j.t.JMeterThread: Thread started: TCC order-create 1-14
2026-09-10 08:57:51,326 INFO o.a.j.t.JMeterThread: Thread started: TCC order-create 1-15
2026-09-10 08:57:51,328 INFO o.a.j.t.JMeterThread: Thread started: TCC order-create 1-16
2026-09-10 08:57:51,328 INFO o.a.j.t.JMeterThread: Thread started: TCC order-create 1-17
2026-09-10 08:57:51,329 INFO o.a.j.t.JMeterThread: Thread started: TCC order-create 1-18
2026-09-10 08:57:51,329 INFO o.a.j.t.JMeterThread: Thread started: TCC order-create 1-19
2026-09-10 08:57:51,330 INFO o.a.j.t.JMeterThread: Thread started: TCC order-create 1-20
2026-09-10 08:57:51,331 INFO o.a.j.t.JMeterThread: Thread started: TCC order-create 1-21
2026-09-10 08:57:51,331 INFO o.a.j.t.JMeterThread: Thread started: TCC order-create 1-22
2026-09-10 08:57:51,331 INFO o.a.j.t.JMeterThread: Thread started: TCC order-create 1-23
2026-09-10 08:57:51,332 INFO o.a.j.t.JMeterThread: Thread started: TCC order-create 1-24
2026-09-10 08:57:51,333 INFO o.a.j.t.ThreadGroup: Started thread group number 1
2026-09-10 08:57:51,333 INFO o.a.j.e.StandardJMeterEngine: All thread groups have been started
2026-09-10 08:57:51,333 INFO o.a.j.t.JMeterThread: Thread started: TCC order-create 1-25
2026-09-10 08:57:52,028 INFO o.a.j.p.h.s.HTTPHCAbstractImpl: Local host = pop-os
2026-09-10 08:57:52,037 INFO o.a.j.p.h.s.HTTPHC4Impl: HTTP request retry count = 0
2026-09-10 08:57:52,038 INFO o.a.j.s.SampleResult: Note: Sample TimeStamps are START times
2026-09-10 08:57:52,039 INFO o.a.j.s.SampleResult: sampleresult.default.encoding is set to UTF-8
2026-09-10 08:57:52,039 INFO o.a.j.s.SampleResult: sampleresult.useNanoTime=true
2026-09-10 08:57:52,039 INFO o.a.j.s.SampleResult: sampleresult.nanoThreadSleep=5000
2026-09-10 08:58:00,040 INFO o.a.j.r.Summariser: summary +    141 in 00:00:09 =   16.1/s Avg:  1285 Min:   333 Max:  1673 Err:     0 (0.00%) Active: 25 Started: 25 Finished: 0
2026-09-10 08:58:21,369 INFO o.a.j.t.JMeterThread: Stopping because end time detected by thread: TCC order-create 1-18
2026-09-10 08:58:21,369 INFO o.a.j.t.JMeterThread: Thread finished: TCC order-create 1-18
2026-09-10 08:58:21,420 INFO o.a.j.t.JMeterThread: Stopping because end time detected by thread: TCC order-create 1-20
2026-09-10 08:58:21,420 INFO o.a.j.t.JMeterThread: Thread finished: TCC order-create 1-20
2026-09-10 08:58:21,471 INFO o.a.j.t.JMeterThread: Stopping because end time detected by thread: TCC order-create 1-23
2026-09-10 08:58:21,471 INFO o.a.j.t.JMeterThread: Thread finished: TCC order-create 1-23
2026-09-10 08:58:21,527 INFO o.a.j.t.JMeterThread: Stopping because end time detected by thread: TCC order-create 1-5
2026-09-10 08:58:21,527 INFO o.a.j.t.JMeterThread: Thread finished: TCC order-create 1-5
2026-09-10 08:58:21,577 INFO o.a.j.t.JMeterThread: Stopping because end time detected by thread: TCC order-create 1-3
2026-09-10 08:58:21,577 INFO o.a.j.t.JMeterThread: Thread finished: TCC order-create 1-3
2026-09-10 08:58:21,629 INFO o.a.j.t.JMeterThread: Stopping because end time detected by thread: TCC order-create 1-17
2026-09-10 08:58:21,630 INFO o.a.j.t.JMeterThread: Thread finished: TCC order-create 1-17
2026-09-10 08:58:21,681 INFO o.a.j.t.JMeterThread: Stopping because end time detected by thread: TCC order-create 1-22
2026-09-10 08:58:21,681 INFO o.a.j.t.JMeterThread: Thread finished: TCC order-create 1-22
2026-09-10 08:58:21,733 INFO o.a.j.t.JMeterThread: Stopping because end time detected by thread: TCC order-create 1-8
2026-09-10 08:58:21,734 INFO o.a.j.t.JMeterThread: Thread finished: TCC order-create 1-8
2026-09-10 08:58:21,783 INFO o.a.j.t.JMeterThread: Stopping because end time detected by thread: TCC order-create 1-1
2026-09-10 08:58:21,783 INFO o.a.j.t.JMeterThread: Thread finished: TCC order-create 1-1
2026-09-10 08:58:21,834 INFO o.a.j.t.JMeterThread: Stopping because end time detected by thread: TCC order-create 1-16
2026-09-10 08:58:21,834 INFO o.a.j.t.JMeterThread: Thread finished: TCC order-create 1-16
2026-09-10 08:58:21,884 INFO o.a.j.t.JMeterThread: Stopping because end time detected by thread: TCC order-create 1-13
2026-09-10 08:58:21,884 INFO o.a.j.t.JMeterThread: Thread finished: TCC order-create 1-13
2026-09-10 08:58:21,936 INFO o.a.j.t.JMeterThread: Stopping because end time detected by thread: TCC order-create 1-24
2026-09-10 08:58:21,936 INFO o.a.j.t.JMeterThread: Thread finished: TCC order-create 1-24
2026-09-10 08:58:21,987 INFO o.a.j.t.JMeterThread: Stopping because end time detected by thread: TCC order-create 1-9
2026-09-10 08:58:21,987 INFO o.a.j.t.JMeterThread: Thread finished: TCC order-create 1-9
2026-09-10 08:58:22,039 INFO o.a.j.t.JMeterThread: Stopping because end time detected by thread: TCC order-create 1-4
2026-09-10 08:58:22,040 INFO o.a.j.t.JMeterThread: Thread finished: TCC order-create 1-4
2026-09-10 08:58:22,098 INFO o.a.j.t.JMeterThread: Stopping because end time detected by thread: TCC order-create 1-2
2026-09-10 08:58:22,098 INFO o.a.j.t.JMeterThread: Thread finished: TCC order-create 1-2
2026-09-10 08:58:22,152 INFO o.a.j.t.JMeterThread: Stopping because end time detected by thread: TCC order-create 1-25
2026-09-10 08:58:22,152 INFO o.a.j.t.JMeterThread: Thread finished: TCC order-create 1-25
2026-09-10 08:58:22,202 INFO o.a.j.t.JMeterThread: Stopping because end time detected by thread: TCC order-create 1-19
2026-09-10 08:58:22,202 INFO o.a.j.t.JMeterThread: Thread finished: TCC order-create 1-19
2026-09-10 08:58:22,250 INFO o.a.j.t.JMeterThread: Stopping because end time detected by thread: TCC order-create 1-14
2026-09-10 08:58:22,250 INFO o.a.j.t.JMeterThread: Thread finished: TCC order-create 1-14
2026-09-10 08:58:22,302 INFO o.a.j.t.JMeterThread: Stopping because end time detected by thread: TCC order-create 1-15
2026-09-10 08:58:22,302 INFO o.a.j.t.JMeterThread: Thread finished: TCC order-create 1-15
2026-09-10 08:58:22,351 INFO o.a.j.t.JMeterThread: Stopping because end time detected by thread: TCC order-create 1-11
2026-09-10 08:58:22,351 INFO o.a.j.t.JMeterThread: Thread finished: TCC order-create 1-11
2026-09-10 08:58:22,402 INFO o.a.j.t.JMeterThread: Stopping because end time detected by thread: TCC order-create 1-6
2026-09-10 08:58:22,402 INFO o.a.j.t.JMeterThread: Thread finished: TCC order-create 1-6
2026-09-10 08:58:22,461 INFO o.a.j.t.JMeterThread: Stopping because end time detected by thread: TCC order-create 1-10
2026-09-10 08:58:22,461 INFO o.a.j.t.JMeterThread: Thread finished: TCC order-create 1-10
2026-09-10 08:58:22,514 INFO o.a.j.t.JMeterThread: Stopping because end time detected by thread: TCC order-create 1-21
2026-09-10 08:58:22,514 INFO o.a.j.t.JMeterThread: Thread finished: TCC order-create 1-21
2026-09-10 08:58:22,569 INFO o.a.j.t.JMeterThread: Stopping because end time detected by thread: TCC order-create 1-7
2026-09-10 08:58:22,569 INFO o.a.j.t.JMeterThread: Thread finished: TCC order-create 1-7
2026-09-10 08:58:22,622 INFO o.a.j.t.JMeterThread: Stopping because end time detected by thread: TCC order-create 1-12
2026-09-10 08:58:22,622 INFO o.a.j.t.JMeterThread: Thread finished: TCC order-create 1-12
2026-09-10 08:58:22,622 INFO o.a.j.e.StandardJMeterEngine: Notifying test listeners of end of test
2026-09-10 08:58:22,625 INFO o.a.j.r.Summariser: summary +    429 in 00:00:23 =   19.0/s Avg:  1315 Min:  1272 Max:  1369 Err:     0 (0.00%) Active: 0 Started: 25 Finished: 25
2026-09-10 08:58:22,626 INFO o.a.j.r.Summariser: summary =    570 in 00:00:31 =   18.2/s Avg:  1308 Min:   333 Max:  1673 Err:     0 (0.00%)
