2026-09-10 09:49:10,722 INFO o.a.j.u.JMeterUtils: Setting Locale to en_EN
2026-09-10 09:49:10,739 INFO o.a.j.JMeter: Loading user properties from: /home/avituo/projects/tcc/tcc-container/.tools/apache-jmeter-5.6.3/bin/user.properties
2026-09-10 09:49:10,740 INFO o.a.j.JMeter: Loading system properties from: /home/avituo/projects/tcc/tcc-container/.tools/apache-jmeter-5.6.3/bin/system.properties
2026-09-10 09:49:10,740 INFO o.a.j.JMeter: Loading additional properties from: /home/avituo/projects/tcc/tcc-container/benchmark/jmeter/benchmark.properties
2026-09-10 09:49:10,740 INFO o.a.j.JMeter: Loading additional properties from: /tmp/tcc-benchmark-auth.kzsxUe/auth.properties
2026-09-10 09:49:10,740 INFO o.a.j.JMeter: Loading additional properties from: /home/avituo/projects/tcc/tcc-container/benchmark/results/laravel-13.20.0/final/order-create/c50/r5/microservices/thread-counters.properties
2026-09-10 09:49:10,740 INFO o.a.j.JMeter: Setting JMeter property: threads=50
2026-09-10 09:49:10,740 INFO o.a.j.JMeter: Setting JMeter property: duration_seconds=120
2026-09-10 09:49:10,740 INFO o.a.j.JMeter: Setting JMeter property: target_host=localhost
2026-09-10 09:49:10,740 INFO o.a.j.JMeter: Setting JMeter property: target_port=18080
2026-09-10 09:49:10,741 INFO o.a.j.JMeter: Setting JMeter property: tcc.order.id=20000000-0000-4000-8000-000000000001
2026-09-10 09:49:10,741 INFO o.a.j.JMeter: Setting JMeter property: repetition=5
2026-09-10 09:49:10,748 INFO o.a.j.JMeter: Copyright (c) 1998-2024 The Apache Software Foundation
2026-09-10 09:49:10,748 INFO o.a.j.JMeter: Version 5.6.3
2026-09-10 09:49:10,748 INFO o.a.j.JMeter: java.version=21.0.11
2026-09-10 09:49:10,748 INFO o.a.j.JMeter: java.vm.name=OpenJDK 64-Bit Server VM
2026-09-10 09:49:10,748 INFO o.a.j.JMeter: os.name=Linux
2026-09-10 09:49:10,748 INFO o.a.j.JMeter: os.arch=amd64
2026-09-10 09:49:10,748 INFO o.a.j.JMeter: os.version=7.0.11-76070011-generic
2026-09-10 09:49:10,748 INFO o.a.j.JMeter: file.encoding=UTF-8
2026-09-10 09:49:10,748 INFO o.a.j.JMeter: java.awt.headless=true
2026-09-10 09:49:10,748 INFO o.a.j.JMeter: Max memory     =1073741824
2026-09-10 09:49:10,748 INFO o.a.j.JMeter: Available Processors =16
2026-09-10 09:49:10,757 INFO o.a.j.JMeter: Default Locale=English (EN)
2026-09-10 09:49:10,757 INFO o.a.j.JMeter: JMeter  Locale=English (EN)
2026-09-10 09:49:10,757 INFO o.a.j.JMeter: JMeterHome=/home/avituo/projects/tcc/tcc-container/.tools/apache-jmeter-5.6.3
2026-09-10 09:49:10,757 INFO o.a.j.JMeter: user.dir  =/home/avituo/projects/tcc/tcc-container
2026-09-10 09:49:10,757 INFO o.a.j.JMeter: PWD       =/home/avituo/projects/tcc/tcc-container
2026-09-10 09:49:10,765 INFO o.a.j.JMeter: IP: 192.168.1.16 Name: pop-os FullName: pop-os.home
2026-09-10 09:49:10,778 INFO o.a.j.s.FileServer: Default base='/home/avituo/projects/tcc/tcc-container'
2026-09-10 09:49:10,780 INFO o.a.j.s.FileServer: Set new base='/home/avituo/projects/tcc/tcc-container/benchmark/jmeter'
2026-09-10 09:49:10,942 INFO o.a.j.s.SaveService: Testplan (JMX) version: 2.2. Testlog (JTL) version: 2.2
2026-09-10 09:49:10,965 INFO o.a.j.s.SaveService: Using SaveService properties version 5.0
2026-09-10 09:49:10,969 INFO o.a.j.s.SaveService: Using SaveService properties file encoding UTF-8
2026-09-10 09:49:10,972 INFO o.a.j.s.SaveService: Loading file: /home/avituo/projects/tcc/tcc-container/benchmark/jmeter/tcc-order-create-v1.jmx
2026-09-10 09:49:11,022 INFO o.a.j.p.h.s.HTTPSamplerBase: Parser for text/html is org.apache.jmeter.protocol.http.parser.LagartoBasedHtmlParser
2026-09-10 09:49:11,022 INFO o.a.j.p.h.s.HTTPSamplerBase: Parser for application/xhtml+xml is org.apache.jmeter.protocol.http.parser.LagartoBasedHtmlParser
2026-09-10 09:49:11,022 INFO o.a.j.p.h.s.HTTPSamplerBase: Parser for application/xml is org.apache.jmeter.protocol.http.parser.LagartoBasedHtmlParser
2026-09-10 09:49:11,023 INFO o.a.j.p.h.s.HTTPSamplerBase: Parser for text/xml is org.apache.jmeter.protocol.http.parser.LagartoBasedHtmlParser
2026-09-10 09:49:11,023 INFO o.a.j.p.h.s.HTTPSamplerBase: Parser for text/vnd.wap.wml is org.apache.jmeter.protocol.http.parser.RegexpHTMLParser
2026-09-10 09:49:11,023 INFO o.a.j.p.h.s.HTTPSamplerBase: Parser for text/css is org.apache.jmeter.protocol.http.parser.CssParser
2026-09-10 09:49:11,055 INFO o.a.j.JMeter: Creating summariser <summary>
2026-09-10 09:49:11,074 INFO o.a.j.e.StandardJMeterEngine: Running the test!
2026-09-10 09:49:11,075 INFO o.a.j.s.SampleEvent: List of sample_variables: []
2026-09-10 09:49:11,076 INFO o.a.j.s.SampleEvent: List of sample_variables: []
2026-09-10 09:49:11,081 INFO o.a.j.e.u.CompoundVariable: Note: Function class names must contain the string: '.functions.'
2026-09-10 09:49:11,081 INFO o.a.j.e.u.CompoundVariable: Note: Function class names must not contain the string: '.gui.'
2026-09-10 09:49:11,325 INFO o.a.j.JMeter: Running test (1789044551325)
2026-09-10 09:49:11,348 INFO o.a.j.e.StandardJMeterEngine: Starting ThreadGroup: 1 : TCC order-create
2026-09-10 09:49:11,348 INFO o.a.j.e.StandardJMeterEngine: Starting 50 threads for group TCC order-create.
2026-09-10 09:49:11,348 INFO o.a.j.e.StandardJMeterEngine: Thread will continue on error
2026-09-10 09:49:11,348 INFO o.a.j.t.ThreadGroup: Starting thread group... number=1 threads=50 ramp-up=0 delayedStart=false
2026-09-10 09:49:11,355 INFO o.a.j.t.JMeterThread: Thread started: TCC order-create 1-3
2026-09-10 09:49:11,355 INFO o.a.j.t.JMeterThread: Thread started: TCC order-create 1-1
2026-09-10 09:49:11,355 INFO o.a.j.t.JMeterThread: Thread started: TCC order-create 1-2
2026-09-10 09:49:11,355 INFO o.a.j.t.JMeterThread: Thread started: TCC order-create 1-4
2026-09-10 09:49:11,356 INFO o.a.j.t.JMeterThread: Thread started: TCC order-create 1-5
2026-09-10 09:49:11,357 INFO o.a.j.t.JMeterThread: Thread started: TCC order-create 1-6
2026-09-10 09:49:11,358 INFO o.a.j.t.JMeterThread: Thread started: TCC order-create 1-7
2026-09-10 09:49:11,359 INFO o.a.j.t.JMeterThread: Thread started: TCC order-create 1-8
2026-09-10 09:49:11,359 INFO o.a.j.t.JMeterThread: Thread started: TCC order-create 1-9
2026-09-10 09:49:11,360 INFO o.a.j.t.JMeterThread: Thread started: TCC order-create 1-10
2026-09-10 09:49:11,361 INFO o.a.j.t.JMeterThread: Thread started: TCC order-create 1-11
2026-09-10 09:49:11,362 INFO o.a.j.t.JMeterThread: Thread started: TCC order-create 1-12
2026-09-10 09:49:11,363 INFO o.a.j.t.JMeterThread: Thread started: TCC order-create 1-13
2026-09-10 09:49:11,363 INFO o.a.j.t.JMeterThread: Thread started: TCC order-create 1-14
2026-09-10 09:49:11,364 INFO o.a.j.t.JMeterThread: Thread started: TCC order-create 1-15
2026-09-10 09:49:11,366 INFO o.a.j.t.JMeterThread: Thread started: TCC order-create 1-16
2026-09-10 09:49:11,367 INFO o.a.j.t.JMeterThread: Thread started: TCC order-create 1-17
2026-09-10 09:49:11,367 INFO o.a.j.t.JMeterThread: Thread started: TCC order-create 1-18
2026-09-10 09:49:11,368 INFO o.a.j.t.JMeterThread: Thread started: TCC order-create 1-19
2026-09-10 09:49:11,369 INFO o.a.j.t.JMeterThread: Thread started: TCC order-create 1-20
2026-09-10 09:49:11,370 INFO o.a.j.t.JMeterThread: Thread started: TCC order-create 1-21
2026-09-10 09:49:11,370 INFO o.a.j.t.JMeterThread: Thread started: TCC order-create 1-22
2026-09-10 09:49:11,371 INFO o.a.j.t.JMeterThread: Thread started: TCC order-create 1-23
2026-09-10 09:49:11,372 INFO o.a.j.t.JMeterThread: Thread started: TCC order-create 1-24
2026-09-10 09:49:11,372 INFO o.a.j.t.JMeterThread: Thread started: TCC order-create 1-25
2026-09-10 09:49:11,373 INFO o.a.j.t.JMeterThread: Thread started: TCC order-create 1-26
2026-09-10 09:49:11,373 INFO o.a.j.t.JMeterThread: Thread started: TCC order-create 1-27
2026-09-10 09:49:11,374 INFO o.a.j.t.JMeterThread: Thread started: TCC order-create 1-28
2026-09-10 09:49:11,374 INFO o.a.j.t.JMeterThread: Thread started: TCC order-create 1-29
2026-09-10 09:49:11,374 INFO o.a.j.t.JMeterThread: Thread started: TCC order-create 1-30
2026-09-10 09:49:11,375 INFO o.a.j.t.JMeterThread: Thread started: TCC order-create 1-31
2026-09-10 09:49:11,376 INFO o.a.j.t.JMeterThread: Thread started: TCC order-create 1-32
2026-09-10 09:49:11,376 INFO o.a.j.t.JMeterThread: Thread started: TCC order-create 1-33
2026-09-10 09:49:11,378 INFO o.a.j.t.JMeterThread: Thread started: TCC order-create 1-35
2026-09-10 09:49:11,378 INFO o.a.j.t.JMeterThread: Thread started: TCC order-create 1-34
2026-09-10 09:49:11,379 INFO o.a.j.t.JMeterThread: Thread started: TCC order-create 1-36
2026-09-10 09:49:11,380 INFO o.a.j.t.JMeterThread: Thread started: TCC order-create 1-37
2026-09-10 09:49:11,381 INFO o.a.j.t.JMeterThread: Thread started: TCC order-create 1-38
2026-09-10 09:49:11,381 INFO o.a.j.t.JMeterThread: Thread started: TCC order-create 1-39
2026-09-10 09:49:11,383 INFO o.a.j.t.JMeterThread: Thread started: TCC order-create 1-41
2026-09-10 09:49:11,384 INFO o.a.j.t.JMeterThread: Thread started: TCC order-create 1-40
2026-09-10 09:49:11,386 INFO o.a.j.t.JMeterThread: Thread started: TCC order-create 1-42
2026-09-10 09:49:11,387 INFO o.a.j.t.JMeterThread: Thread started: TCC order-create 1-44
2026-09-10 09:49:11,388 INFO o.a.j.t.JMeterThread: Thread started: TCC order-create 1-43
2026-09-10 09:49:11,388 INFO o.a.j.t.JMeterThread: Thread started: TCC order-create 1-45
2026-09-10 09:49:11,389 INFO o.a.j.t.JMeterThread: Thread started: TCC order-create 1-46
2026-09-10 09:49:11,390 INFO o.a.j.t.JMeterThread: Thread started: TCC order-create 1-47
2026-09-10 09:49:11,391 INFO o.a.j.t.JMeterThread: Thread started: TCC order-create 1-48
2026-09-10 09:49:11,393 INFO o.a.j.t.JMeterThread: Thread started: TCC order-create 1-49
2026-09-10 09:49:11,394 INFO o.a.j.t.ThreadGroup: Started thread group number 1
2026-09-10 09:49:11,395 INFO o.a.j.e.StandardJMeterEngine: All thread groups have been started
2026-09-10 09:49:11,395 INFO o.a.j.t.JMeterThread: Thread started: TCC order-create 1-50
2026-09-10 09:49:12,053 INFO o.a.j.p.h.s.HTTPHCAbstractImpl: Local host = pop-os
2026-09-10 09:49:12,060 INFO o.a.j.p.h.s.HTTPHC4Impl: HTTP request retry count = 0
2026-09-10 09:49:12,061 INFO o.a.j.s.SampleResult: Note: Sample TimeStamps are START times
2026-09-10 09:49:12,061 INFO o.a.j.s.SampleResult: sampleresult.default.encoding is set to UTF-8
2026-09-10 09:49:12,061 INFO o.a.j.s.SampleResult: sampleresult.useNanoTime=true
2026-09-10 09:49:12,061 INFO o.a.j.s.SampleResult: sampleresult.nanoThreadSleep=5000
2026-09-10 09:49:30,014 INFO o.a.j.r.Summariser: summary +    335 in 00:00:19 =   17.9/s Avg:  2470 Min:   157 Max:  2783 Err:     0 (0.00%) Active: 50 Started: 50 Finished: 0
2026-09-10 09:50:00,010 INFO o.a.j.r.Summariser: summary +    567 in 00:00:30 =   18.9/s Avg:  2646 Min:  2587 Max:  2696 Err:     0 (0.00%) Active: 50 Started: 50 Finished: 0
2026-09-10 09:50:00,010 INFO o.a.j.r.Summariser: summary =    902 in 00:00:49 =   18.5/s Avg:  2581 Min:   157 Max:  2783 Err:     0 (0.00%)
2026-09-10 09:50:30,041 INFO o.a.j.r.Summariser: summary +    566 in 00:00:30 =   18.8/s Avg:  2651 Min:  2559 Max:  2852 Err:     0 (0.00%) Active: 50 Started: 50 Finished: 0
2026-09-10 09:50:30,041 INFO o.a.j.r.Summariser: summary =   1468 in 00:01:19 =   18.6/s Avg:  2608 Min:   157 Max:  2852 Err:     0 (0.00%)
2026-09-10 09:51:00,021 INFO o.a.j.r.Summariser: summary +    546 in 00:00:30 =   18.2/s Avg:  2744 Min:  2553 Max:  3948 Err:     0 (0.00%) Active: 50 Started: 50 Finished: 0
2026-09-10 09:51:00,021 INFO o.a.j.r.Summariser: summary =   2014 in 00:01:49 =   18.5/s Avg:  2645 Min:   157 Max:  3948 Err:     0 (0.00%)
2026-09-10 09:51:11,363 INFO o.a.j.t.JMeterThread: Stopping because end time detected by thread: TCC order-create 1-13
2026-09-10 09:51:11,364 INFO o.a.j.t.JMeterThread: Thread finished: TCC order-create 1-13
2026-09-10 09:51:11,416 INFO o.a.j.t.JMeterThread: Stopping because end time detected by thread: TCC order-create 1-15
2026-09-10 09:51:11,416 INFO o.a.j.t.JMeterThread: Thread finished: TCC order-create 1-15
2026-09-10 09:51:11,466 INFO o.a.j.t.JMeterThread: Stopping because end time detected by thread: TCC order-create 1-16
2026-09-10 09:51:11,466 INFO o.a.j.t.JMeterThread: Thread finished: TCC order-create 1-16
2026-09-10 09:51:11,515 INFO o.a.j.t.JMeterThread: Stopping because end time detected by thread: TCC order-create 1-23
2026-09-10 09:51:11,516 INFO o.a.j.t.JMeterThread: Thread finished: TCC order-create 1-23
2026-09-10 09:51:11,569 INFO o.a.j.t.JMeterThread: Stopping because end time detected by thread: TCC order-create 1-22
2026-09-10 09:51:11,569 INFO o.a.j.t.JMeterThread: Thread finished: TCC order-create 1-22
2026-09-10 09:51:11,622 INFO o.a.j.t.JMeterThread: Stopping because end time detected by thread: TCC order-create 1-18
2026-09-10 09:51:11,622 INFO o.a.j.t.JMeterThread: Thread finished: TCC order-create 1-18
2026-09-10 09:51:11,675 INFO o.a.j.t.JMeterThread: Stopping because end time detected by thread: TCC order-create 1-35
2026-09-10 09:51:11,675 INFO o.a.j.t.JMeterThread: Thread finished: TCC order-create 1-35
2026-09-10 09:51:11,730 INFO o.a.j.t.JMeterThread: Stopping because end time detected by thread: TCC order-create 1-31
2026-09-10 09:51:11,730 INFO o.a.j.t.JMeterThread: Thread finished: TCC order-create 1-31
2026-09-10 09:51:11,782 INFO o.a.j.t.JMeterThread: Stopping because end time detected by thread: TCC order-create 1-19
2026-09-10 09:51:11,782 INFO o.a.j.t.JMeterThread: Thread finished: TCC order-create 1-19
2026-09-10 09:51:11,834 INFO o.a.j.t.JMeterThread: Stopping because end time detected by thread: TCC order-create 1-45
2026-09-10 09:51:11,834 INFO o.a.j.t.JMeterThread: Thread finished: TCC order-create 1-45
2026-09-10 09:51:11,884 INFO o.a.j.t.JMeterThread: Stopping because end time detected by thread: TCC order-create 1-34
2026-09-10 09:51:11,884 INFO o.a.j.t.JMeterThread: Thread finished: TCC order-create 1-34
2026-09-10 09:51:11,937 INFO o.a.j.t.JMeterThread: Stopping because end time detected by thread: TCC order-create 1-37
2026-09-10 09:51:11,937 INFO o.a.j.t.JMeterThread: Thread finished: TCC order-create 1-37
2026-09-10 09:51:11,987 INFO o.a.j.t.JMeterThread: Stopping because end time detected by thread: TCC order-create 1-14
2026-09-10 09:51:11,987 INFO o.a.j.t.JMeterThread: Thread finished: TCC order-create 1-14
2026-09-10 09:51:12,036 INFO o.a.j.t.JMeterThread: Stopping because end time detected by thread: TCC order-create 1-36
2026-09-10 09:51:12,036 INFO o.a.j.t.JMeterThread: Thread finished: TCC order-create 1-36
2026-09-10 09:51:12,089 INFO o.a.j.t.JMeterThread: Stopping because end time detected by thread: TCC order-create 1-2
2026-09-10 09:51:12,090 INFO o.a.j.t.JMeterThread: Thread finished: TCC order-create 1-2
2026-09-10 09:51:12,139 INFO o.a.j.t.JMeterThread: Stopping because end time detected by thread: TCC order-create 1-6
2026-09-10 09:51:12,139 INFO o.a.j.t.JMeterThread: Thread finished: TCC order-create 1-6
2026-09-10 09:51:12,193 INFO o.a.j.t.JMeterThread: Stopping because end time detected by thread: TCC order-create 1-50
2026-09-10 09:51:12,194 INFO o.a.j.t.JMeterThread: Thread finished: TCC order-create 1-50
2026-09-10 09:51:12,247 INFO o.a.j.t.JMeterThread: Stopping because end time detected by thread: TCC order-create 1-10
2026-09-10 09:51:12,247 INFO o.a.j.t.JMeterThread: Thread finished: TCC order-create 1-10
2026-09-10 09:51:12,301 INFO o.a.j.t.JMeterThread: Stopping because end time detected by thread: TCC order-create 1-1
2026-09-10 09:51:12,301 INFO o.a.j.t.JMeterThread: Thread finished: TCC order-create 1-1
2026-09-10 09:51:12,352 INFO o.a.j.t.JMeterThread: Stopping because end time detected by thread: TCC order-create 1-46
2026-09-10 09:51:12,352 INFO o.a.j.t.JMeterThread: Thread finished: TCC order-create 1-46
2026-09-10 09:51:12,409 INFO o.a.j.t.JMeterThread: Stopping because end time detected by thread: TCC order-create 1-49
2026-09-10 09:51:12,409 INFO o.a.j.t.JMeterThread: Thread finished: TCC order-create 1-49
2026-09-10 09:51:12,459 INFO o.a.j.t.JMeterThread: Stopping because end time detected by thread: TCC order-create 1-28
2026-09-10 09:51:12,459 INFO o.a.j.t.JMeterThread: Thread finished: TCC order-create 1-28
2026-09-10 09:51:12,510 INFO o.a.j.t.JMeterThread: Stopping because end time detected by thread: TCC order-create 1-25
2026-09-10 09:51:12,510 INFO o.a.j.t.JMeterThread: Thread finished: TCC order-create 1-25
2026-09-10 09:51:12,562 INFO o.a.j.t.JMeterThread: Stopping because end time detected by thread: TCC order-create 1-11
2026-09-10 09:51:12,562 INFO o.a.j.t.JMeterThread: Thread finished: TCC order-create 1-11
2026-09-10 09:51:12,615 INFO o.a.j.t.JMeterThread: Stopping because end time detected by thread: TCC order-create 1-42
2026-09-10 09:51:12,615 INFO o.a.j.t.JMeterThread: Thread finished: TCC order-create 1-42
2026-09-10 09:51:12,666 INFO o.a.j.t.JMeterThread: Stopping because end time detected by thread: TCC order-create 1-9
2026-09-10 09:51:12,666 INFO o.a.j.t.JMeterThread: Thread finished: TCC order-create 1-9
2026-09-10 09:51:12,720 INFO o.a.j.t.JMeterThread: Stopping because end time detected by thread: TCC order-create 1-7
2026-09-10 09:51:12,721 INFO o.a.j.t.JMeterThread: Thread finished: TCC order-create 1-7
2026-09-10 09:51:12,772 INFO o.a.j.t.JMeterThread: Stopping because end time detected by thread: TCC order-create 1-21
2026-09-10 09:51:12,772 INFO o.a.j.t.JMeterThread: Thread finished: TCC order-create 1-21
2026-09-10 09:51:12,825 INFO o.a.j.t.JMeterThread: Stopping because end time detected by thread: TCC order-create 1-41
2026-09-10 09:51:12,825 INFO o.a.j.t.JMeterThread: Thread finished: TCC order-create 1-41
2026-09-10 09:51:12,875 INFO o.a.j.t.JMeterThread: Stopping because end time detected by thread: TCC order-create 1-40
2026-09-10 09:51:12,876 INFO o.a.j.t.JMeterThread: Thread finished: TCC order-create 1-40
2026-09-10 09:51:12,930 INFO o.a.j.t.JMeterThread: Stopping because end time detected by thread: TCC order-create 1-4
2026-09-10 09:51:12,930 INFO o.a.j.t.JMeterThread: Thread finished: TCC order-create 1-4
2026-09-10 09:51:12,979 INFO o.a.j.t.JMeterThread: Stopping because end time detected by thread: TCC order-create 1-38
2026-09-10 09:51:12,979 INFO o.a.j.t.JMeterThread: Thread finished: TCC order-create 1-38
2026-09-10 09:51:13,033 INFO o.a.j.t.JMeterThread: Stopping because end time detected by thread: TCC order-create 1-12
2026-09-10 09:51:13,033 INFO o.a.j.t.JMeterThread: Thread finished: TCC order-create 1-12
2026-09-10 09:51:13,082 INFO o.a.j.t.JMeterThread: Stopping because end time detected by thread: TCC order-create 1-8
2026-09-10 09:51:13,082 INFO o.a.j.t.JMeterThread: Thread finished: TCC order-create 1-8
2026-09-10 09:51:13,134 INFO o.a.j.t.JMeterThread: Stopping because end time detected by thread: TCC order-create 1-30
2026-09-10 09:51:13,134 INFO o.a.j.t.JMeterThread: Thread finished: TCC order-create 1-30
2026-09-10 09:51:13,183 INFO o.a.j.t.JMeterThread: Stopping because end time detected by thread: TCC order-create 1-29
2026-09-10 09:51:13,183 INFO o.a.j.t.JMeterThread: Thread finished: TCC order-create 1-29
2026-09-10 09:51:13,234 INFO o.a.j.t.JMeterThread: Stopping because end time detected by thread: TCC order-create 1-33
2026-09-10 09:51:13,234 INFO o.a.j.t.JMeterThread: Thread finished: TCC order-create 1-33
2026-09-10 09:51:13,286 INFO o.a.j.t.JMeterThread: Stopping because end time detected by thread: TCC order-create 1-5
2026-09-10 09:51:13,286 INFO o.a.j.t.JMeterThread: Thread finished: TCC order-create 1-5
2026-09-10 09:51:13,340 INFO o.a.j.t.JMeterThread: Stopping because end time detected by thread: TCC order-create 1-20
2026-09-10 09:51:13,340 INFO o.a.j.t.JMeterThread: Thread finished: TCC order-create 1-20
2026-09-10 09:51:13,392 INFO o.a.j.t.JMeterThread: Stopping because end time detected by thread: TCC order-create 1-44
2026-09-10 09:51:13,392 INFO o.a.j.t.JMeterThread: Thread finished: TCC order-create 1-44
2026-09-10 09:51:13,443 INFO o.a.j.t.JMeterThread: Stopping because end time detected by thread: TCC order-create 1-39
2026-09-10 09:51:13,443 INFO o.a.j.t.JMeterThread: Thread finished: TCC order-create 1-39
2026-09-10 09:51:13,496 INFO o.a.j.t.JMeterThread: Stopping because end time detected by thread: TCC order-create 1-17
2026-09-10 09:51:13,496 INFO o.a.j.t.JMeterThread: Thread finished: TCC order-create 1-17
2026-09-10 09:51:13,550 INFO o.a.j.t.JMeterThread: Stopping because end time detected by thread: TCC order-create 1-27
2026-09-10 09:51:13,550 INFO o.a.j.t.JMeterThread: Thread finished: TCC order-create 1-27
2026-09-10 09:51:13,605 INFO o.a.j.t.JMeterThread: Stopping because end time detected by thread: TCC order-create 1-47
2026-09-10 09:51:13,605 INFO o.a.j.t.JMeterThread: Thread finished: TCC order-create 1-47
2026-09-10 09:51:13,656 INFO o.a.j.t.JMeterThread: Stopping because end time detected by thread: TCC order-create 1-24
2026-09-10 09:51:13,656 INFO o.a.j.t.JMeterThread: Thread finished: TCC order-create 1-24
2026-09-10 09:51:13,709 INFO o.a.j.t.JMeterThread: Stopping because end time detected by thread: TCC order-create 1-43
2026-09-10 09:51:13,709 INFO o.a.j.t.JMeterThread: Thread finished: TCC order-create 1-43
2026-09-10 09:51:13,758 INFO o.a.j.t.JMeterThread: Stopping because end time detected by thread: TCC order-create 1-48
2026-09-10 09:51:13,758 INFO o.a.j.t.JMeterThread: Thread finished: TCC order-create 1-48
2026-09-10 09:51:13,812 INFO o.a.j.t.JMeterThread: Stopping because end time detected by thread: TCC order-create 1-26
2026-09-10 09:51:13,813 INFO o.a.j.t.JMeterThread: Thread finished: TCC order-create 1-26
2026-09-10 09:51:13,867 INFO o.a.j.t.JMeterThread: Stopping because end time detected by thread: TCC order-create 1-3
2026-09-10 09:51:13,868 INFO o.a.j.t.JMeterThread: Thread finished: TCC order-create 1-3
2026-09-10 09:51:13,920 INFO o.a.j.t.JMeterThread: Stopping because end time detected by thread: TCC order-create 1-32
2026-09-10 09:51:13,921 INFO o.a.j.t.JMeterThread: Thread finished: TCC order-create 1-32
2026-09-10 09:51:13,921 INFO o.a.j.e.StandardJMeterEngine: Notifying test listeners of end of test
2026-09-10 09:51:13,924 INFO o.a.j.r.Summariser: summary +    260 in 00:00:14 =   18.7/s Avg:  2672 Min:  2595 Max:  2815 Err:     0 (0.00%) Active: 0 Started: 50 Finished: 50
2026-09-10 09:51:13,925 INFO o.a.j.r.Summariser: summary =   2274 in 00:02:03 =   18.5/s Avg:  2648 Min:   157 Max:  3948 Err:     0 (0.00%)
