2026-09-10 05:12:37,627 INFO o.a.j.u.JMeterUtils: Setting Locale to en_EN
2026-09-10 05:12:37,642 INFO o.a.j.JMeter: Loading user properties from: /home/avituo/projects/tcc/tcc-container/.tools/apache-jmeter-5.6.3/bin/user.properties
2026-09-10 05:12:37,643 INFO o.a.j.JMeter: Loading system properties from: /home/avituo/projects/tcc/tcc-container/.tools/apache-jmeter-5.6.3/bin/system.properties
2026-09-10 05:12:37,643 INFO o.a.j.JMeter: Loading additional properties from: /home/avituo/projects/tcc/tcc-container/benchmark/jmeter/benchmark.properties
2026-09-10 05:12:37,643 INFO o.a.j.JMeter: Loading additional properties from: /tmp/tcc-benchmark-auth.ajEKP8/auth.properties
2026-09-10 05:12:37,643 INFO o.a.j.JMeter: Loading additional properties from: /home/avituo/projects/tcc/tcc-container/benchmark/results/laravel-13.20.0/final/orders/c100/r2/microservices/thread-counters.properties
2026-09-10 05:12:37,643 INFO o.a.j.JMeter: Setting JMeter property: threads=100
2026-09-10 05:12:37,643 INFO o.a.j.JMeter: Setting JMeter property: duration_seconds=120
2026-09-10 05:12:37,643 INFO o.a.j.JMeter: Setting JMeter property: target_host=localhost
2026-09-10 05:12:37,643 INFO o.a.j.JMeter: Setting JMeter property: target_port=18080
2026-09-10 05:12:37,643 INFO o.a.j.JMeter: Setting JMeter property: tcc.order.id=20000000-0000-4000-8000-000000000001
2026-09-10 05:12:37,644 INFO o.a.j.JMeter: Setting JMeter property: repetition=2
2026-09-10 05:12:37,651 INFO o.a.j.JMeter: Copyright (c) 1998-2024 The Apache Software Foundation
2026-09-10 05:12:37,651 INFO o.a.j.JMeter: Version 5.6.3
2026-09-10 05:12:37,652 INFO o.a.j.JMeter: java.version=21.0.11
2026-09-10 05:12:37,652 INFO o.a.j.JMeter: java.vm.name=OpenJDK 64-Bit Server VM
2026-09-10 05:12:37,652 INFO o.a.j.JMeter: os.name=Linux
2026-09-10 05:12:37,652 INFO o.a.j.JMeter: os.arch=amd64
2026-09-10 05:12:37,652 INFO o.a.j.JMeter: os.version=7.0.11-76070011-generic
2026-09-10 05:12:37,652 INFO o.a.j.JMeter: file.encoding=UTF-8
2026-09-10 05:12:37,652 INFO o.a.j.JMeter: java.awt.headless=true
2026-09-10 05:12:37,652 INFO o.a.j.JMeter: Max memory     =1073741824
2026-09-10 05:12:37,652 INFO o.a.j.JMeter: Available Processors =16
2026-09-10 05:12:37,660 INFO o.a.j.JMeter: Default Locale=English (EN)
2026-09-10 05:12:37,660 INFO o.a.j.JMeter: JMeter  Locale=English (EN)
2026-09-10 05:12:37,661 INFO o.a.j.JMeter: JMeterHome=/home/avituo/projects/tcc/tcc-container/.tools/apache-jmeter-5.6.3
2026-09-10 05:12:37,661 INFO o.a.j.JMeter: user.dir  =/home/avituo/projects/tcc/tcc-container
2026-09-10 05:12:37,661 INFO o.a.j.JMeter: PWD       =/home/avituo/projects/tcc/tcc-container
2026-09-10 05:12:37,668 INFO o.a.j.JMeter: IP: 192.168.1.16 Name: pop-os FullName: pop-os.home
2026-09-10 05:12:37,680 INFO o.a.j.s.FileServer: Default base='/home/avituo/projects/tcc/tcc-container'
2026-09-10 05:12:37,682 INFO o.a.j.s.FileServer: Set new base='/home/avituo/projects/tcc/tcc-container/benchmark/jmeter'
2026-09-10 05:12:37,847 INFO o.a.j.s.SaveService: Testplan (JMX) version: 2.2. Testlog (JTL) version: 2.2
2026-09-10 05:12:37,872 INFO o.a.j.s.SaveService: Using SaveService properties version 5.0
2026-09-10 05:12:37,876 INFO o.a.j.s.SaveService: Using SaveService properties file encoding UTF-8
2026-09-10 05:12:37,881 INFO o.a.j.s.SaveService: Loading file: /home/avituo/projects/tcc/tcc-container/benchmark/jmeter/tcc-orders-v1.jmx
2026-09-10 05:12:37,932 INFO o.a.j.p.h.s.HTTPSamplerBase: Parser for text/html is org.apache.jmeter.protocol.http.parser.LagartoBasedHtmlParser
2026-09-10 05:12:37,932 INFO o.a.j.p.h.s.HTTPSamplerBase: Parser for application/xhtml+xml is org.apache.jmeter.protocol.http.parser.LagartoBasedHtmlParser
2026-09-10 05:12:37,932 INFO o.a.j.p.h.s.HTTPSamplerBase: Parser for application/xml is org.apache.jmeter.protocol.http.parser.LagartoBasedHtmlParser
2026-09-10 05:12:37,932 INFO o.a.j.p.h.s.HTTPSamplerBase: Parser for text/xml is org.apache.jmeter.protocol.http.parser.LagartoBasedHtmlParser
2026-09-10 05:12:37,932 INFO o.a.j.p.h.s.HTTPSamplerBase: Parser for text/vnd.wap.wml is org.apache.jmeter.protocol.http.parser.RegexpHTMLParser
2026-09-10 05:12:37,932 INFO o.a.j.p.h.s.HTTPSamplerBase: Parser for text/css is org.apache.jmeter.protocol.http.parser.CssParser
2026-09-10 05:12:37,961 INFO o.a.j.JMeter: Creating summariser <summary>
2026-09-10 05:12:37,980 INFO o.a.j.e.StandardJMeterEngine: Running the test!
2026-09-10 05:12:37,981 INFO o.a.j.s.SampleEvent: List of sample_variables: []
2026-09-10 05:12:37,981 INFO o.a.j.s.SampleEvent: List of sample_variables: []
2026-09-10 05:12:37,987 INFO o.a.j.e.u.CompoundVariable: Note: Function class names must contain the string: '.functions.'
2026-09-10 05:12:37,987 INFO o.a.j.e.u.CompoundVariable: Note: Function class names must not contain the string: '.gui.'
2026-09-10 05:12:38,229 INFO o.a.j.JMeter: Running test (1789027958229)
2026-09-10 05:12:38,250 INFO o.a.j.e.StandardJMeterEngine: Starting ThreadGroup: 1 : TCC orders
2026-09-10 05:12:38,250 INFO o.a.j.e.StandardJMeterEngine: Starting 100 threads for group TCC orders.
2026-09-10 05:12:38,250 INFO o.a.j.e.StandardJMeterEngine: Thread will continue on error
2026-09-10 05:12:38,251 INFO o.a.j.t.ThreadGroup: Starting thread group... number=1 threads=100 ramp-up=0 delayedStart=false
2026-09-10 05:12:38,257 INFO o.a.j.t.JMeterThread: Thread started: TCC orders 1-2
2026-09-10 05:12:38,257 INFO o.a.j.t.JMeterThread: Thread started: TCC orders 1-3
2026-09-10 05:12:38,257 INFO o.a.j.t.JMeterThread: Thread started: TCC orders 1-1
2026-09-10 05:12:38,257 INFO o.a.j.t.JMeterThread: Thread started: TCC orders 1-4
2026-09-10 05:12:38,258 INFO o.a.j.t.JMeterThread: Thread started: TCC orders 1-5
2026-09-10 05:12:38,258 INFO o.a.j.t.JMeterThread: Thread started: TCC orders 1-6
2026-09-10 05:12:38,258 INFO o.a.j.t.JMeterThread: Thread started: TCC orders 1-7
2026-09-10 05:12:38,259 INFO o.a.j.t.JMeterThread: Thread started: TCC orders 1-8
2026-09-10 05:12:38,260 INFO o.a.j.t.JMeterThread: Thread started: TCC orders 1-9
2026-09-10 05:12:38,260 INFO o.a.j.t.JMeterThread: Thread started: TCC orders 1-10
2026-09-10 05:12:38,261 INFO o.a.j.t.JMeterThread: Thread started: TCC orders 1-11
2026-09-10 05:12:38,262 INFO o.a.j.t.JMeterThread: Thread started: TCC orders 1-12
2026-09-10 05:12:38,263 INFO o.a.j.t.JMeterThread: Thread started: TCC orders 1-13
2026-09-10 05:12:38,265 INFO o.a.j.t.JMeterThread: Thread started: TCC orders 1-14
2026-09-10 05:12:38,266 INFO o.a.j.t.JMeterThread: Thread started: TCC orders 1-15
2026-09-10 05:12:38,267 INFO o.a.j.t.JMeterThread: Thread started: TCC orders 1-16
2026-09-10 05:12:38,268 INFO o.a.j.t.JMeterThread: Thread started: TCC orders 1-17
2026-09-10 05:12:38,268 INFO o.a.j.t.JMeterThread: Thread started: TCC orders 1-18
2026-09-10 05:12:38,269 INFO o.a.j.t.JMeterThread: Thread started: TCC orders 1-19
2026-09-10 05:12:38,269 INFO o.a.j.t.JMeterThread: Thread started: TCC orders 1-20
2026-09-10 05:12:38,270 INFO o.a.j.t.JMeterThread: Thread started: TCC orders 1-21
2026-09-10 05:12:38,270 INFO o.a.j.t.JMeterThread: Thread started: TCC orders 1-22
2026-09-10 05:12:38,271 INFO o.a.j.t.JMeterThread: Thread started: TCC orders 1-23
2026-09-10 05:12:38,272 INFO o.a.j.t.JMeterThread: Thread started: TCC orders 1-24
2026-09-10 05:12:38,272 INFO o.a.j.t.JMeterThread: Thread started: TCC orders 1-25
2026-09-10 05:12:38,273 INFO o.a.j.t.JMeterThread: Thread started: TCC orders 1-26
2026-09-10 05:12:38,273 INFO o.a.j.t.JMeterThread: Thread started: TCC orders 1-27
2026-09-10 05:12:38,274 INFO o.a.j.t.JMeterThread: Thread started: TCC orders 1-28
2026-09-10 05:12:38,274 INFO o.a.j.t.JMeterThread: Thread started: TCC orders 1-29
2026-09-10 05:12:38,275 INFO o.a.j.t.JMeterThread: Thread started: TCC orders 1-30
2026-09-10 05:12:38,276 INFO o.a.j.t.JMeterThread: Thread started: TCC orders 1-31
2026-09-10 05:12:38,276 INFO o.a.j.t.JMeterThread: Thread started: TCC orders 1-32
2026-09-10 05:12:38,277 INFO o.a.j.t.JMeterThread: Thread started: TCC orders 1-33
2026-09-10 05:12:38,277 INFO o.a.j.t.JMeterThread: Thread started: TCC orders 1-34
2026-09-10 05:12:38,278 INFO o.a.j.t.JMeterThread: Thread started: TCC orders 1-35
2026-09-10 05:12:38,278 INFO o.a.j.t.JMeterThread: Thread started: TCC orders 1-36
2026-09-10 05:12:38,279 INFO o.a.j.t.JMeterThread: Thread started: TCC orders 1-37
2026-09-10 05:12:38,280 INFO o.a.j.t.JMeterThread: Thread started: TCC orders 1-38
2026-09-10 05:12:38,280 INFO o.a.j.t.JMeterThread: Thread started: TCC orders 1-39
2026-09-10 05:12:38,281 INFO o.a.j.t.JMeterThread: Thread started: TCC orders 1-40
2026-09-10 05:12:38,281 INFO o.a.j.t.JMeterThread: Thread started: TCC orders 1-41
2026-09-10 05:12:38,282 INFO o.a.j.t.JMeterThread: Thread started: TCC orders 1-42
2026-09-10 05:12:38,283 INFO o.a.j.t.JMeterThread: Thread started: TCC orders 1-43
2026-09-10 05:12:38,283 INFO o.a.j.t.JMeterThread: Thread started: TCC orders 1-44
2026-09-10 05:12:38,284 INFO o.a.j.t.JMeterThread: Thread started: TCC orders 1-45
2026-09-10 05:12:38,284 INFO o.a.j.t.JMeterThread: Thread started: TCC orders 1-46
2026-09-10 05:12:38,285 INFO o.a.j.t.JMeterThread: Thread started: TCC orders 1-47
2026-09-10 05:12:38,285 INFO o.a.j.p.h.s.HTTPHCAbstractImpl: Local host = pop-os
2026-09-10 05:12:38,285 INFO o.a.j.t.JMeterThread: Thread started: TCC orders 1-48
2026-09-10 05:12:38,286 INFO o.a.j.t.JMeterThread: Thread started: TCC orders 1-49
2026-09-10 05:12:38,287 INFO o.a.j.t.JMeterThread: Thread started: TCC orders 1-50
2026-09-10 05:12:38,287 INFO o.a.j.t.JMeterThread: Thread started: TCC orders 1-51
2026-09-10 05:12:38,288 INFO o.a.j.t.JMeterThread: Thread started: TCC orders 1-52
2026-09-10 05:12:38,288 INFO o.a.j.t.JMeterThread: Thread started: TCC orders 1-53
2026-09-10 05:12:38,288 INFO o.a.j.t.JMeterThread: Thread started: TCC orders 1-54
2026-09-10 05:12:38,289 INFO o.a.j.t.JMeterThread: Thread started: TCC orders 1-55
2026-09-10 05:12:38,289 INFO o.a.j.t.JMeterThread: Thread started: TCC orders 1-56
2026-09-10 05:12:38,289 INFO o.a.j.t.JMeterThread: Thread started: TCC orders 1-57
2026-09-10 05:12:38,290 INFO o.a.j.t.JMeterThread: Thread started: TCC orders 1-58
2026-09-10 05:12:38,290 INFO o.a.j.t.JMeterThread: Thread started: TCC orders 1-59
2026-09-10 05:12:38,291 INFO o.a.j.t.JMeterThread: Thread started: TCC orders 1-60
2026-09-10 05:12:38,292 INFO o.a.j.t.JMeterThread: Thread started: TCC orders 1-61
2026-09-10 05:12:38,293 INFO o.a.j.t.JMeterThread: Thread started: TCC orders 1-62
2026-09-10 05:12:38,294 INFO o.a.j.p.h.s.HTTPHC4Impl: HTTP request retry count = 0
2026-09-10 05:12:38,294 INFO o.a.j.t.JMeterThread: Thread started: TCC orders 1-63
2026-09-10 05:12:38,294 INFO o.a.j.t.JMeterThread: Thread started: TCC orders 1-64
2026-09-10 05:12:38,295 INFO o.a.j.t.JMeterThread: Thread started: TCC orders 1-65
2026-09-10 05:12:38,295 INFO o.a.j.s.SampleResult: Note: Sample TimeStamps are START times
2026-09-10 05:12:38,296 INFO o.a.j.s.SampleResult: sampleresult.default.encoding is set to UTF-8
2026-09-10 05:12:38,296 INFO o.a.j.s.SampleResult: sampleresult.useNanoTime=true
2026-09-10 05:12:38,296 INFO o.a.j.s.SampleResult: sampleresult.nanoThreadSleep=5000
2026-09-10 05:12:38,296 INFO o.a.j.t.JMeterThread: Thread started: TCC orders 1-66
2026-09-10 05:12:38,296 INFO o.a.j.t.JMeterThread: Thread started: TCC orders 1-67
2026-09-10 05:12:38,297 INFO o.a.j.t.JMeterThread: Thread started: TCC orders 1-68
2026-09-10 05:12:38,297 INFO o.a.j.t.JMeterThread: Thread started: TCC orders 1-69
2026-09-10 05:12:38,298 INFO o.a.j.t.JMeterThread: Thread started: TCC orders 1-71
2026-09-10 05:12:38,299 INFO o.a.j.t.JMeterThread: Thread started: TCC orders 1-72
2026-09-10 05:12:38,298 INFO o.a.j.t.JMeterThread: Thread started: TCC orders 1-70
2026-09-10 05:12:38,300 INFO o.a.j.t.JMeterThread: Thread started: TCC orders 1-73
2026-09-10 05:12:38,300 INFO o.a.j.t.JMeterThread: Thread started: TCC orders 1-74
2026-09-10 05:12:38,301 INFO o.a.j.t.JMeterThread: Thread started: TCC orders 1-75
2026-09-10 05:12:38,301 INFO o.a.j.t.JMeterThread: Thread started: TCC orders 1-76
2026-09-10 05:12:38,302 INFO o.a.j.t.JMeterThread: Thread started: TCC orders 1-77
2026-09-10 05:12:38,302 INFO o.a.j.t.JMeterThread: Thread started: TCC orders 1-78
2026-09-10 05:12:38,302 INFO o.a.j.t.JMeterThread: Thread started: TCC orders 1-79
2026-09-10 05:12:38,303 INFO o.a.j.t.JMeterThread: Thread started: TCC orders 1-80
2026-09-10 05:12:38,303 INFO o.a.j.t.JMeterThread: Thread started: TCC orders 1-81
2026-09-10 05:12:38,304 INFO o.a.j.t.JMeterThread: Thread started: TCC orders 1-83
2026-09-10 05:12:38,305 INFO o.a.j.t.JMeterThread: Thread started: TCC orders 1-84
2026-09-10 05:12:38,305 INFO o.a.j.t.JMeterThread: Thread started: TCC orders 1-82
2026-09-10 05:12:38,306 INFO o.a.j.t.JMeterThread: Thread started: TCC orders 1-85
2026-09-10 05:12:38,306 INFO o.a.j.t.JMeterThread: Thread started: TCC orders 1-86
2026-09-10 05:12:38,307 INFO o.a.j.t.JMeterThread: Thread started: TCC orders 1-88
2026-09-10 05:12:38,307 INFO o.a.j.t.JMeterThread: Thread started: TCC orders 1-87
2026-09-10 05:12:38,307 INFO o.a.j.t.JMeterThread: Thread started: TCC orders 1-89
2026-09-10 05:12:38,307 INFO o.a.j.t.JMeterThread: Thread started: TCC orders 1-90
2026-09-10 05:12:38,308 INFO o.a.j.t.JMeterThread: Thread started: TCC orders 1-91
2026-09-10 05:12:38,308 INFO o.a.j.t.JMeterThread: Thread started: TCC orders 1-92
2026-09-10 05:12:38,309 INFO o.a.j.t.JMeterThread: Thread started: TCC orders 1-93
2026-09-10 05:12:38,309 INFO o.a.j.t.JMeterThread: Thread started: TCC orders 1-94
2026-09-10 05:12:38,309 INFO o.a.j.t.JMeterThread: Thread started: TCC orders 1-95
2026-09-10 05:12:38,310 INFO o.a.j.t.JMeterThread: Thread started: TCC orders 1-96
2026-09-10 05:12:38,312 INFO o.a.j.t.JMeterThread: Thread started: TCC orders 1-97
2026-09-10 05:12:38,317 INFO o.a.j.t.JMeterThread: Thread started: TCC orders 1-98
2026-09-10 05:12:38,317 INFO o.a.j.t.JMeterThread: Thread started: TCC orders 1-99
2026-09-10 05:12:38,318 INFO o.a.j.t.ThreadGroup: Started thread group number 1
2026-09-10 05:12:38,319 INFO o.a.j.e.StandardJMeterEngine: All thread groups have been started
2026-09-10 05:12:38,319 INFO o.a.j.t.JMeterThread: Thread started: TCC orders 1-100
2026-09-10 05:13:00,005 INFO o.a.j.r.Summariser: summary +   2397 in 00:00:22 =  110.1/s Avg:   868 Min:   110 Max:  1422 Err:     0 (0.00%) Active: 100 Started: 100 Finished: 0
2026-09-10 05:13:30,008 INFO o.a.j.r.Summariser: summary +   3480 in 00:00:30 =  116.0/s Avg:   861 Min:   832 Max:   909 Err:     0 (0.00%) Active: 100 Started: 100 Finished: 0
2026-09-10 05:13:30,008 INFO o.a.j.r.Summariser: summary =   5877 in 00:00:52 =  113.5/s Avg:   864 Min:   110 Max:  1422 Err:     0 (0.00%)
2026-09-10 05:14:00,002 INFO o.a.j.r.Summariser: summary +   3491 in 00:00:30 =  116.4/s Avg:   858 Min:   836 Max:   903 Err:     0 (0.00%) Active: 100 Started: 100 Finished: 0
2026-09-10 05:14:00,003 INFO o.a.j.r.Summariser: summary =   9368 in 00:01:22 =  114.6/s Avg:   862 Min:   110 Max:  1422 Err:     0 (0.00%)
2026-09-10 05:14:30,002 INFO o.a.j.r.Summariser: summary +   3530 in 00:00:30 =  117.7/s Avg:   849 Min:   824 Max:   875 Err:     0 (0.00%) Active: 100 Started: 100 Finished: 0
2026-09-10 05:14:30,002 INFO o.a.j.r.Summariser: summary =  12898 in 00:01:52 =  115.4/s Avg:   858 Min:   110 Max:  1422 Err:     0 (0.00%)
2026-09-10 05:14:38,265 INFO o.a.j.t.JMeterThread: Stopping because end time detected by thread: TCC orders 1-1
2026-09-10 05:14:38,265 INFO o.a.j.t.JMeterThread: Thread finished: TCC orders 1-1
2026-09-10 05:14:38,273 INFO o.a.j.t.JMeterThread: Stopping because end time detected by thread: TCC orders 1-19
2026-09-10 05:14:38,273 INFO o.a.j.t.JMeterThread: Thread finished: TCC orders 1-19
2026-09-10 05:14:38,282 INFO o.a.j.t.JMeterThread: Stopping because end time detected by thread: TCC orders 1-20
2026-09-10 05:14:38,282 INFO o.a.j.t.JMeterThread: Thread finished: TCC orders 1-20
2026-09-10 05:14:38,299 INFO o.a.j.t.JMeterThread: Stopping because end time detected by thread: TCC orders 1-56
2026-09-10 05:14:38,299 INFO o.a.j.t.JMeterThread: Thread finished: TCC orders 1-56
2026-09-10 05:14:38,307 INFO o.a.j.t.JMeterThread: Stopping because end time detected by thread: TCC orders 1-77
2026-09-10 05:14:38,307 INFO o.a.j.t.JMeterThread: Thread finished: TCC orders 1-77
2026-09-10 05:14:38,316 INFO o.a.j.t.JMeterThread: Stopping because end time detected by thread: TCC orders 1-43
2026-09-10 05:14:38,316 INFO o.a.j.t.JMeterThread: Thread finished: TCC orders 1-43
2026-09-10 05:14:38,325 INFO o.a.j.t.JMeterThread: Stopping because end time detected by thread: TCC orders 1-84
2026-09-10 05:14:38,325 INFO o.a.j.t.JMeterThread: Thread finished: TCC orders 1-84
2026-09-10 05:14:38,334 INFO o.a.j.t.JMeterThread: Stopping because end time detected by thread: TCC orders 1-83
2026-09-10 05:14:38,334 INFO o.a.j.t.JMeterThread: Thread finished: TCC orders 1-83
2026-09-10 05:14:38,342 INFO o.a.j.t.JMeterThread: Stopping because end time detected by thread: TCC orders 1-63
2026-09-10 05:14:38,343 INFO o.a.j.t.JMeterThread: Thread finished: TCC orders 1-63
2026-09-10 05:14:38,351 INFO o.a.j.t.JMeterThread: Stopping because end time detected by thread: TCC orders 1-67
2026-09-10 05:14:38,351 INFO o.a.j.t.JMeterThread: Thread finished: TCC orders 1-67
2026-09-10 05:14:38,359 INFO o.a.j.t.JMeterThread: Stopping because end time detected by thread: TCC orders 1-66
2026-09-10 05:14:38,359 INFO o.a.j.t.JMeterThread: Thread finished: TCC orders 1-66
2026-09-10 05:14:38,367 INFO o.a.j.t.JMeterThread: Stopping because end time detected by thread: TCC orders 1-37
2026-09-10 05:14:38,368 INFO o.a.j.t.JMeterThread: Thread finished: TCC orders 1-37
2026-09-10 05:14:38,376 INFO o.a.j.t.JMeterThread: Stopping because end time detected by thread: TCC orders 1-55
2026-09-10 05:14:38,376 INFO o.a.j.t.JMeterThread: Thread finished: TCC orders 1-55
2026-09-10 05:14:38,385 INFO o.a.j.t.JMeterThread: Stopping because end time detected by thread: TCC orders 1-22
2026-09-10 05:14:38,385 INFO o.a.j.t.JMeterThread: Thread finished: TCC orders 1-22
2026-09-10 05:14:38,393 INFO o.a.j.t.JMeterThread: Stopping because end time detected by thread: TCC orders 1-89
2026-09-10 05:14:38,393 INFO o.a.j.t.JMeterThread: Thread finished: TCC orders 1-89
2026-09-10 05:14:38,402 INFO o.a.j.t.JMeterThread: Stopping because end time detected by thread: TCC orders 1-68
2026-09-10 05:14:38,402 INFO o.a.j.t.JMeterThread: Thread finished: TCC orders 1-68
2026-09-10 05:14:38,410 INFO o.a.j.t.JMeterThread: Stopping because end time detected by thread: TCC orders 1-97
2026-09-10 05:14:38,410 INFO o.a.j.t.JMeterThread: Thread finished: TCC orders 1-97
2026-09-10 05:14:38,418 INFO o.a.j.t.JMeterThread: Stopping because end time detected by thread: TCC orders 1-45
2026-09-10 05:14:38,419 INFO o.a.j.t.JMeterThread: Thread finished: TCC orders 1-45
2026-09-10 05:14:38,427 INFO o.a.j.t.JMeterThread: Stopping because end time detected by thread: TCC orders 1-26
2026-09-10 05:14:38,427 INFO o.a.j.t.JMeterThread: Thread finished: TCC orders 1-26
2026-09-10 05:14:38,435 INFO o.a.j.t.JMeterThread: Stopping because end time detected by thread: TCC orders 1-99
2026-09-10 05:14:38,435 INFO o.a.j.t.JMeterThread: Thread finished: TCC orders 1-99
2026-09-10 05:14:38,443 INFO o.a.j.t.JMeterThread: Stopping because end time detected by thread: TCC orders 1-85
2026-09-10 05:14:38,443 INFO o.a.j.t.JMeterThread: Thread finished: TCC orders 1-85
2026-09-10 05:14:38,452 INFO o.a.j.t.JMeterThread: Stopping because end time detected by thread: TCC orders 1-11
2026-09-10 05:14:38,452 INFO o.a.j.t.JMeterThread: Thread finished: TCC orders 1-11
2026-09-10 05:14:38,460 INFO o.a.j.t.JMeterThread: Stopping because end time detected by thread: TCC orders 1-93
2026-09-10 05:14:38,460 INFO o.a.j.t.JMeterThread: Thread finished: TCC orders 1-93
2026-09-10 05:14:38,468 INFO o.a.j.t.JMeterThread: Stopping because end time detected by thread: TCC orders 1-48
2026-09-10 05:14:38,468 INFO o.a.j.t.JMeterThread: Thread finished: TCC orders 1-48
2026-09-10 05:14:38,476 INFO o.a.j.t.JMeterThread: Stopping because end time detected by thread: TCC orders 1-16
2026-09-10 05:14:38,477 INFO o.a.j.t.JMeterThread: Thread finished: TCC orders 1-16
2026-09-10 05:14:38,485 INFO o.a.j.t.JMeterThread: Stopping because end time detected by thread: TCC orders 1-96
2026-09-10 05:14:38,485 INFO o.a.j.t.JMeterThread: Thread finished: TCC orders 1-96
2026-09-10 05:14:38,493 INFO o.a.j.t.JMeterThread: Stopping because end time detected by thread: TCC orders 1-62
2026-09-10 05:14:38,493 INFO o.a.j.t.JMeterThread: Thread finished: TCC orders 1-62
2026-09-10 05:14:38,501 INFO o.a.j.t.JMeterThread: Stopping because end time detected by thread: TCC orders 1-18
2026-09-10 05:14:38,501 INFO o.a.j.t.JMeterThread: Thread finished: TCC orders 1-18
2026-09-10 05:14:38,510 INFO o.a.j.t.JMeterThread: Stopping because end time detected by thread: TCC orders 1-15
2026-09-10 05:14:38,510 INFO o.a.j.t.JMeterThread: Thread finished: TCC orders 1-15
2026-09-10 05:14:38,518 INFO o.a.j.t.JMeterThread: Stopping because end time detected by thread: TCC orders 1-49
2026-09-10 05:14:38,518 INFO o.a.j.t.JMeterThread: Thread finished: TCC orders 1-49
2026-09-10 05:14:38,526 INFO o.a.j.t.JMeterThread: Stopping because end time detected by thread: TCC orders 1-52
2026-09-10 05:14:38,527 INFO o.a.j.t.JMeterThread: Thread finished: TCC orders 1-52
2026-09-10 05:14:38,535 INFO o.a.j.t.JMeterThread: Stopping because end time detected by thread: TCC orders 1-100
2026-09-10 05:14:38,535 INFO o.a.j.t.JMeterThread: Thread finished: TCC orders 1-100
2026-09-10 05:14:38,544 INFO o.a.j.t.JMeterThread: Stopping because end time detected by thread: TCC orders 1-44
2026-09-10 05:14:38,544 INFO o.a.j.t.JMeterThread: Thread finished: TCC orders 1-44
2026-09-10 05:14:38,554 INFO o.a.j.t.JMeterThread: Stopping because end time detected by thread: TCC orders 1-31
2026-09-10 05:14:38,554 INFO o.a.j.t.JMeterThread: Thread finished: TCC orders 1-31
2026-09-10 05:14:38,563 INFO o.a.j.t.JMeterThread: Stopping because end time detected by thread: TCC orders 1-82
2026-09-10 05:14:38,563 INFO o.a.j.t.JMeterThread: Thread finished: TCC orders 1-82
2026-09-10 05:14:38,571 INFO o.a.j.t.JMeterThread: Stopping because end time detected by thread: TCC orders 1-98
2026-09-10 05:14:38,572 INFO o.a.j.t.JMeterThread: Thread finished: TCC orders 1-98
2026-09-10 05:14:38,580 INFO o.a.j.t.JMeterThread: Stopping because end time detected by thread: TCC orders 1-78
2026-09-10 05:14:38,580 INFO o.a.j.t.JMeterThread: Thread finished: TCC orders 1-78
2026-09-10 05:14:38,588 INFO o.a.j.t.JMeterThread: Stopping because end time detected by thread: TCC orders 1-4
2026-09-10 05:14:38,588 INFO o.a.j.t.JMeterThread: Thread finished: TCC orders 1-4
2026-09-10 05:14:38,596 INFO o.a.j.t.JMeterThread: Stopping because end time detected by thread: TCC orders 1-50
2026-09-10 05:14:38,596 INFO o.a.j.t.JMeterThread: Thread finished: TCC orders 1-50
2026-09-10 05:14:38,604 INFO o.a.j.t.JMeterThread: Stopping because end time detected by thread: TCC orders 1-86
2026-09-10 05:14:38,604 INFO o.a.j.t.JMeterThread: Thread finished: TCC orders 1-86
2026-09-10 05:14:38,612 INFO o.a.j.t.JMeterThread: Stopping because end time detected by thread: TCC orders 1-79
2026-09-10 05:14:38,612 INFO o.a.j.t.JMeterThread: Thread finished: TCC orders 1-79
2026-09-10 05:14:38,620 INFO o.a.j.t.JMeterThread: Stopping because end time detected by thread: TCC orders 1-6
2026-09-10 05:14:38,620 INFO o.a.j.t.JMeterThread: Thread finished: TCC orders 1-6
2026-09-10 05:14:38,628 INFO o.a.j.t.JMeterThread: Stopping because end time detected by thread: TCC orders 1-72
2026-09-10 05:14:38,628 INFO o.a.j.t.JMeterThread: Thread finished: TCC orders 1-72
2026-09-10 05:14:38,636 INFO o.a.j.t.JMeterThread: Stopping because end time detected by thread: TCC orders 1-14
2026-09-10 05:14:38,637 INFO o.a.j.t.JMeterThread: Thread finished: TCC orders 1-14
2026-09-10 05:14:38,645 INFO o.a.j.t.JMeterThread: Stopping because end time detected by thread: TCC orders 1-53
2026-09-10 05:14:38,645 INFO o.a.j.t.JMeterThread: Thread finished: TCC orders 1-53
2026-09-10 05:14:38,653 INFO o.a.j.t.JMeterThread: Stopping because end time detected by thread: TCC orders 1-2
2026-09-10 05:14:38,653 INFO o.a.j.t.JMeterThread: Thread finished: TCC orders 1-2
2026-09-10 05:14:38,661 INFO o.a.j.t.JMeterThread: Stopping because end time detected by thread: TCC orders 1-8
2026-09-10 05:14:38,661 INFO o.a.j.t.JMeterThread: Thread finished: TCC orders 1-8
2026-09-10 05:14:38,669 INFO o.a.j.t.JMeterThread: Stopping because end time detected by thread: TCC orders 1-36
2026-09-10 05:14:38,669 INFO o.a.j.t.JMeterThread: Thread finished: TCC orders 1-36
2026-09-10 05:14:38,677 INFO o.a.j.t.JMeterThread: Stopping because end time detected by thread: TCC orders 1-39
2026-09-10 05:14:38,677 INFO o.a.j.t.JMeterThread: Thread finished: TCC orders 1-39
2026-09-10 05:14:38,686 INFO o.a.j.t.JMeterThread: Stopping because end time detected by thread: TCC orders 1-75
2026-09-10 05:14:38,686 INFO o.a.j.t.JMeterThread: Thread finished: TCC orders 1-75
2026-09-10 05:14:38,694 INFO o.a.j.t.JMeterThread: Stopping because end time detected by thread: TCC orders 1-91
2026-09-10 05:14:38,695 INFO o.a.j.t.JMeterThread: Thread finished: TCC orders 1-91
2026-09-10 05:14:38,702 INFO o.a.j.t.JMeterThread: Stopping because end time detected by thread: TCC orders 1-87
2026-09-10 05:14:38,702 INFO o.a.j.t.JMeterThread: Thread finished: TCC orders 1-87
2026-09-10 05:14:38,711 INFO o.a.j.t.JMeterThread: Stopping because end time detected by thread: TCC orders 1-60
2026-09-10 05:14:38,711 INFO o.a.j.t.JMeterThread: Thread finished: TCC orders 1-60
2026-09-10 05:14:38,719 INFO o.a.j.t.JMeterThread: Stopping because end time detected by thread: TCC orders 1-7
2026-09-10 05:14:38,719 INFO o.a.j.t.JMeterThread: Thread finished: TCC orders 1-7
2026-09-10 05:14:38,728 INFO o.a.j.t.JMeterThread: Stopping because end time detected by thread: TCC orders 1-27
2026-09-10 05:14:38,728 INFO o.a.j.t.JMeterThread: Thread finished: TCC orders 1-27
2026-09-10 05:14:38,736 INFO o.a.j.t.JMeterThread: Stopping because end time detected by thread: TCC orders 1-59
2026-09-10 05:14:38,736 INFO o.a.j.t.JMeterThread: Thread finished: TCC orders 1-59
2026-09-10 05:14:38,744 INFO o.a.j.t.JMeterThread: Stopping because end time detected by thread: TCC orders 1-51
2026-09-10 05:14:38,744 INFO o.a.j.t.JMeterThread: Thread finished: TCC orders 1-51
2026-09-10 05:14:38,753 INFO o.a.j.t.JMeterThread: Stopping because end time detected by thread: TCC orders 1-61
2026-09-10 05:14:38,753 INFO o.a.j.t.JMeterThread: Thread finished: TCC orders 1-61
2026-09-10 05:14:38,761 INFO o.a.j.t.JMeterThread: Stopping because end time detected by thread: TCC orders 1-12
2026-09-10 05:14:38,761 INFO o.a.j.t.JMeterThread: Thread finished: TCC orders 1-12
2026-09-10 05:14:38,770 INFO o.a.j.t.JMeterThread: Stopping because end time detected by thread: TCC orders 1-54
2026-09-10 05:14:38,770 INFO o.a.j.t.JMeterThread: Thread finished: TCC orders 1-54
2026-09-10 05:14:38,778 INFO o.a.j.t.JMeterThread: Stopping because end time detected by thread: TCC orders 1-38
2026-09-10 05:14:38,778 INFO o.a.j.t.JMeterThread: Thread finished: TCC orders 1-38
2026-09-10 05:14:38,787 INFO o.a.j.t.JMeterThread: Stopping because end time detected by thread: TCC orders 1-90
2026-09-10 05:14:38,787 INFO o.a.j.t.JMeterThread: Thread finished: TCC orders 1-90
2026-09-10 05:14:38,796 INFO o.a.j.t.JMeterThread: Stopping because end time detected by thread: TCC orders 1-76
2026-09-10 05:14:38,796 INFO o.a.j.t.JMeterThread: Thread finished: TCC orders 1-76
2026-09-10 05:14:38,804 INFO o.a.j.t.JMeterThread: Stopping because end time detected by thread: TCC orders 1-35
2026-09-10 05:14:38,804 INFO o.a.j.t.JMeterThread: Thread finished: TCC orders 1-35
2026-09-10 05:14:38,813 INFO o.a.j.t.JMeterThread: Stopping because end time detected by thread: TCC orders 1-57
2026-09-10 05:14:38,813 INFO o.a.j.t.JMeterThread: Thread finished: TCC orders 1-57
2026-09-10 05:14:38,821 INFO o.a.j.t.JMeterThread: Stopping because end time detected by thread: TCC orders 1-92
2026-09-10 05:14:38,821 INFO o.a.j.t.JMeterThread: Thread finished: TCC orders 1-92
2026-09-10 05:14:38,830 INFO o.a.j.t.JMeterThread: Stopping because end time detected by thread: TCC orders 1-69
2026-09-10 05:14:38,830 INFO o.a.j.t.JMeterThread: Thread finished: TCC orders 1-69
2026-09-10 05:14:38,838 INFO o.a.j.t.JMeterThread: Stopping because end time detected by thread: TCC orders 1-95
2026-09-10 05:14:38,838 INFO o.a.j.t.JMeterThread: Thread finished: TCC orders 1-95
2026-09-10 05:14:38,846 INFO o.a.j.t.JMeterThread: Stopping because end time detected by thread: TCC orders 1-58
2026-09-10 05:14:38,847 INFO o.a.j.t.JMeterThread: Thread finished: TCC orders 1-58
2026-09-10 05:14:38,855 INFO o.a.j.t.JMeterThread: Stopping because end time detected by thread: TCC orders 1-70
2026-09-10 05:14:38,855 INFO o.a.j.t.JMeterThread: Thread finished: TCC orders 1-70
2026-09-10 05:14:38,863 INFO o.a.j.t.JMeterThread: Stopping because end time detected by thread: TCC orders 1-3
2026-09-10 05:14:38,864 INFO o.a.j.t.JMeterThread: Thread finished: TCC orders 1-3
2026-09-10 05:14:38,872 INFO o.a.j.t.JMeterThread: Stopping because end time detected by thread: TCC orders 1-46
2026-09-10 05:14:38,872 INFO o.a.j.t.JMeterThread: Thread finished: TCC orders 1-46
2026-09-10 05:14:38,881 INFO o.a.j.t.JMeterThread: Stopping because end time detected by thread: TCC orders 1-28
2026-09-10 05:14:38,881 INFO o.a.j.t.JMeterThread: Thread finished: TCC orders 1-28
2026-09-10 05:14:38,889 INFO o.a.j.t.JMeterThread: Stopping because end time detected by thread: TCC orders 1-9
2026-09-10 05:14:38,889 INFO o.a.j.t.JMeterThread: Thread finished: TCC orders 1-9
2026-09-10 05:14:38,898 INFO o.a.j.t.JMeterThread: Stopping because end time detected by thread: TCC orders 1-42
2026-09-10 05:14:38,898 INFO o.a.j.t.JMeterThread: Thread finished: TCC orders 1-42
2026-09-10 05:14:38,906 INFO o.a.j.t.JMeterThread: Stopping because end time detected by thread: TCC orders 1-81
2026-09-10 05:14:38,906 INFO o.a.j.t.JMeterThread: Thread finished: TCC orders 1-81
2026-09-10 05:14:38,914 INFO o.a.j.t.JMeterThread: Stopping because end time detected by thread: TCC orders 1-32
2026-09-10 05:14:38,915 INFO o.a.j.t.JMeterThread: Thread finished: TCC orders 1-32
2026-09-10 05:14:38,922 INFO o.a.j.t.JMeterThread: Stopping because end time detected by thread: TCC orders 1-80
2026-09-10 05:14:38,923 INFO o.a.j.t.JMeterThread: Thread finished: TCC orders 1-80
2026-09-10 05:14:38,931 INFO o.a.j.t.JMeterThread: Stopping because end time detected by thread: TCC orders 1-17
2026-09-10 05:14:38,931 INFO o.a.j.t.JMeterThread: Thread finished: TCC orders 1-17
2026-09-10 05:14:38,939 INFO o.a.j.t.JMeterThread: Stopping because end time detected by thread: TCC orders 1-94
2026-09-10 05:14:38,939 INFO o.a.j.t.JMeterThread: Thread finished: TCC orders 1-94
2026-09-10 05:14:38,948 INFO o.a.j.t.JMeterThread: Stopping because end time detected by thread: TCC orders 1-74
2026-09-10 05:14:38,948 INFO o.a.j.t.JMeterThread: Thread finished: TCC orders 1-74
2026-09-10 05:14:38,956 INFO o.a.j.t.JMeterThread: Stopping because end time detected by thread: TCC orders 1-40
2026-09-10 05:14:38,956 INFO o.a.j.t.JMeterThread: Thread finished: TCC orders 1-40
2026-09-10 05:14:38,965 INFO o.a.j.t.JMeterThread: Stopping because end time detected by thread: TCC orders 1-23
2026-09-10 05:14:38,965 INFO o.a.j.t.JMeterThread: Thread finished: TCC orders 1-23
2026-09-10 05:14:38,973 INFO o.a.j.t.JMeterThread: Stopping because end time detected by thread: TCC orders 1-41
2026-09-10 05:14:38,973 INFO o.a.j.t.JMeterThread: Thread finished: TCC orders 1-41
2026-09-10 05:14:38,982 INFO o.a.j.t.JMeterThread: Stopping because end time detected by thread: TCC orders 1-47
2026-09-10 05:14:38,982 INFO o.a.j.t.JMeterThread: Thread finished: TCC orders 1-47
2026-09-10 05:14:38,990 INFO o.a.j.t.JMeterThread: Stopping because end time detected by thread: TCC orders 1-65
2026-09-10 05:14:38,990 INFO o.a.j.t.JMeterThread: Thread finished: TCC orders 1-65
2026-09-10 05:14:38,999 INFO o.a.j.t.JMeterThread: Stopping because end time detected by thread: TCC orders 1-33
2026-09-10 05:14:38,999 INFO o.a.j.t.JMeterThread: Thread finished: TCC orders 1-33
2026-09-10 05:14:39,008 INFO o.a.j.t.JMeterThread: Stopping because end time detected by thread: TCC orders 1-21
2026-09-10 05:14:39,008 INFO o.a.j.t.JMeterThread: Thread finished: TCC orders 1-21
2026-09-10 05:14:39,017 INFO o.a.j.t.JMeterThread: Stopping because end time detected by thread: TCC orders 1-34
2026-09-10 05:14:39,017 INFO o.a.j.t.JMeterThread: Thread finished: TCC orders 1-34
2026-09-10 05:14:39,025 INFO o.a.j.t.JMeterThread: Stopping because end time detected by thread: TCC orders 1-64
2026-09-10 05:14:39,025 INFO o.a.j.t.JMeterThread: Thread finished: TCC orders 1-64
2026-09-10 05:14:39,034 INFO o.a.j.t.JMeterThread: Stopping because end time detected by thread: TCC orders 1-10
2026-09-10 05:14:39,034 INFO o.a.j.t.JMeterThread: Thread finished: TCC orders 1-10
2026-09-10 05:14:39,042 INFO o.a.j.t.JMeterThread: Stopping because end time detected by thread: TCC orders 1-71
2026-09-10 05:14:39,042 INFO o.a.j.t.JMeterThread: Thread finished: TCC orders 1-71
2026-09-10 05:14:39,051 INFO o.a.j.t.JMeterThread: Stopping because end time detected by thread: TCC orders 1-13
2026-09-10 05:14:39,051 INFO o.a.j.t.JMeterThread: Thread finished: TCC orders 1-13
2026-09-10 05:14:39,060 INFO o.a.j.t.JMeterThread: Stopping because end time detected by thread: TCC orders 1-5
2026-09-10 05:14:39,060 INFO o.a.j.t.JMeterThread: Thread finished: TCC orders 1-5
2026-09-10 05:14:39,068 INFO o.a.j.t.JMeterThread: Stopping because end time detected by thread: TCC orders 1-25
2026-09-10 05:14:39,068 INFO o.a.j.t.JMeterThread: Thread finished: TCC orders 1-25
2026-09-10 05:14:39,077 INFO o.a.j.t.JMeterThread: Stopping because end time detected by thread: TCC orders 1-88
2026-09-10 05:14:39,077 INFO o.a.j.t.JMeterThread: Thread finished: TCC orders 1-88
2026-09-10 05:14:39,086 INFO o.a.j.t.JMeterThread: Stopping because end time detected by thread: TCC orders 1-29
2026-09-10 05:14:39,086 INFO o.a.j.t.JMeterThread: Thread finished: TCC orders 1-29
2026-09-10 05:14:39,094 INFO o.a.j.t.JMeterThread: Stopping because end time detected by thread: TCC orders 1-24
2026-09-10 05:14:39,094 INFO o.a.j.t.JMeterThread: Thread finished: TCC orders 1-24
2026-09-10 05:14:39,102 INFO o.a.j.t.JMeterThread: Stopping because end time detected by thread: TCC orders 1-30
2026-09-10 05:14:39,102 INFO o.a.j.t.JMeterThread: Thread finished: TCC orders 1-30
2026-09-10 05:14:39,111 INFO o.a.j.t.JMeterThread: Stopping because end time detected by thread: TCC orders 1-73
2026-09-10 05:14:39,111 INFO o.a.j.t.JMeterThread: Thread finished: TCC orders 1-73
2026-09-10 05:14:39,111 INFO o.a.j.e.StandardJMeterEngine: Notifying test listeners of end of test
2026-09-10 05:14:39,114 INFO o.a.j.r.Summariser: summary +   1072 in 00:00:09 =  117.6/s Avg:   849 Min:   820 Max:   870 Err:     0 (0.00%) Active: 0 Started: 100 Finished: 100
2026-09-10 05:14:39,114 INFO o.a.j.r.Summariser: summary =  13970 in 00:02:01 =  115.6/s Avg:   858 Min:   110 Max:  1422 Err:     0 (0.00%)
