2026-09-10 07:46:43,750 INFO o.a.j.u.JMeterUtils: Setting Locale to en_EN
2026-09-10 07:46:43,766 INFO o.a.j.JMeter: Loading user properties from: /home/avituo/projects/tcc/tcc-container/.tools/apache-jmeter-5.6.3/bin/user.properties
2026-09-10 07:46:43,767 INFO o.a.j.JMeter: Loading system properties from: /home/avituo/projects/tcc/tcc-container/.tools/apache-jmeter-5.6.3/bin/system.properties
2026-09-10 07:46:43,767 INFO o.a.j.JMeter: Loading additional properties from: /home/avituo/projects/tcc/tcc-container/benchmark/jmeter/benchmark.properties
2026-09-10 07:46:43,767 INFO o.a.j.JMeter: Loading additional properties from: /tmp/tcc-benchmark-auth.dsfCRh/auth.properties
2026-09-10 07:46:43,767 INFO o.a.j.JMeter: Loading additional properties from: /home/avituo/projects/tcc/tcc-container/benchmark/results/laravel-13.20.0/final/order-show/c100/r3/microservices/thread-counters.properties
2026-09-10 07:46:43,768 INFO o.a.j.JMeter: Setting JMeter property: threads=100
2026-09-10 07:46:43,768 INFO o.a.j.JMeter: Setting JMeter property: duration_seconds=120
2026-09-10 07:46:43,768 INFO o.a.j.JMeter: Setting JMeter property: target_host=localhost
2026-09-10 07:46:43,768 INFO o.a.j.JMeter: Setting JMeter property: target_port=18080
2026-09-10 07:46:43,768 INFO o.a.j.JMeter: Setting JMeter property: tcc.order.id=20000000-0000-4000-8000-000000000001
2026-09-10 07:46:43,768 INFO o.a.j.JMeter: Setting JMeter property: repetition=3
2026-09-10 07:46:43,776 INFO o.a.j.JMeter: Copyright (c) 1998-2024 The Apache Software Foundation
2026-09-10 07:46:43,776 INFO o.a.j.JMeter: Version 5.6.3
2026-09-10 07:46:43,776 INFO o.a.j.JMeter: java.version=21.0.11
2026-09-10 07:46:43,776 INFO o.a.j.JMeter: java.vm.name=OpenJDK 64-Bit Server VM
2026-09-10 07:46:43,776 INFO o.a.j.JMeter: os.name=Linux
2026-09-10 07:46:43,776 INFO o.a.j.JMeter: os.arch=amd64
2026-09-10 07:46:43,776 INFO o.a.j.JMeter: os.version=7.0.11-76070011-generic
2026-09-10 07:46:43,776 INFO o.a.j.JMeter: file.encoding=UTF-8
2026-09-10 07:46:43,776 INFO o.a.j.JMeter: java.awt.headless=true
2026-09-10 07:46:43,776 INFO o.a.j.JMeter: Max memory     =1073741824
2026-09-10 07:46:43,776 INFO o.a.j.JMeter: Available Processors =16
2026-09-10 07:46:43,785 INFO o.a.j.JMeter: Default Locale=English (EN)
2026-09-10 07:46:43,786 INFO o.a.j.JMeter: JMeter  Locale=English (EN)
2026-09-10 07:46:43,786 INFO o.a.j.JMeter: JMeterHome=/home/avituo/projects/tcc/tcc-container/.tools/apache-jmeter-5.6.3
2026-09-10 07:46:43,786 INFO o.a.j.JMeter: user.dir  =/home/avituo/projects/tcc/tcc-container
2026-09-10 07:46:43,786 INFO o.a.j.JMeter: PWD       =/home/avituo/projects/tcc/tcc-container
2026-09-10 07:46:43,797 INFO o.a.j.JMeter: IP: 192.168.1.16 Name: pop-os FullName: pop-os.home
2026-09-10 07:46:43,808 INFO o.a.j.s.FileServer: Default base='/home/avituo/projects/tcc/tcc-container'
2026-09-10 07:46:43,810 INFO o.a.j.s.FileServer: Set new base='/home/avituo/projects/tcc/tcc-container/benchmark/jmeter'
2026-09-10 07:46:43,975 INFO o.a.j.s.SaveService: Testplan (JMX) version: 2.2. Testlog (JTL) version: 2.2
2026-09-10 07:46:44,000 INFO o.a.j.s.SaveService: Using SaveService properties version 5.0
2026-09-10 07:46:44,003 INFO o.a.j.s.SaveService: Using SaveService properties file encoding UTF-8
2026-09-10 07:46:44,007 INFO o.a.j.s.SaveService: Loading file: /home/avituo/projects/tcc/tcc-container/benchmark/jmeter/tcc-order-show-v1.jmx
2026-09-10 07:46:44,056 INFO o.a.j.p.h.s.HTTPSamplerBase: Parser for text/html is org.apache.jmeter.protocol.http.parser.LagartoBasedHtmlParser
2026-09-10 07:46:44,056 INFO o.a.j.p.h.s.HTTPSamplerBase: Parser for application/xhtml+xml is org.apache.jmeter.protocol.http.parser.LagartoBasedHtmlParser
2026-09-10 07:46:44,056 INFO o.a.j.p.h.s.HTTPSamplerBase: Parser for application/xml is org.apache.jmeter.protocol.http.parser.LagartoBasedHtmlParser
2026-09-10 07:46:44,056 INFO o.a.j.p.h.s.HTTPSamplerBase: Parser for text/xml is org.apache.jmeter.protocol.http.parser.LagartoBasedHtmlParser
2026-09-10 07:46:44,056 INFO o.a.j.p.h.s.HTTPSamplerBase: Parser for text/vnd.wap.wml is org.apache.jmeter.protocol.http.parser.RegexpHTMLParser
2026-09-10 07:46:44,056 INFO o.a.j.p.h.s.HTTPSamplerBase: Parser for text/css is org.apache.jmeter.protocol.http.parser.CssParser
2026-09-10 07:46:44,084 INFO o.a.j.JMeter: Creating summariser <summary>
2026-09-10 07:46:44,100 INFO o.a.j.e.StandardJMeterEngine: Running the test!
2026-09-10 07:46:44,101 INFO o.a.j.s.SampleEvent: List of sample_variables: []
2026-09-10 07:46:44,101 INFO o.a.j.s.SampleEvent: List of sample_variables: []
2026-09-10 07:46:44,105 INFO o.a.j.e.u.CompoundVariable: Note: Function class names must contain the string: '.functions.'
2026-09-10 07:46:44,106 INFO o.a.j.e.u.CompoundVariable: Note: Function class names must not contain the string: '.gui.'
2026-09-10 07:46:44,346 INFO o.a.j.JMeter: Running test (1789037204346)
2026-09-10 07:46:44,366 INFO o.a.j.e.StandardJMeterEngine: Starting ThreadGroup: 1 : TCC order-show
2026-09-10 07:46:44,367 INFO o.a.j.e.StandardJMeterEngine: Starting 100 threads for group TCC order-show.
2026-09-10 07:46:44,367 INFO o.a.j.e.StandardJMeterEngine: Thread will continue on error
2026-09-10 07:46:44,367 INFO o.a.j.t.ThreadGroup: Starting thread group... number=1 threads=100 ramp-up=0 delayedStart=false
2026-09-10 07:46:44,374 INFO o.a.j.t.JMeterThread: Thread started: TCC order-show 1-3
2026-09-10 07:46:44,374 INFO o.a.j.t.JMeterThread: Thread started: TCC order-show 1-5
2026-09-10 07:46:44,374 INFO o.a.j.t.JMeterThread: Thread started: TCC order-show 1-4
2026-09-10 07:46:44,374 INFO o.a.j.t.JMeterThread: Thread started: TCC order-show 1-1
2026-09-10 07:46:44,374 INFO o.a.j.t.JMeterThread: Thread started: TCC order-show 1-6
2026-09-10 07:46:44,374 INFO o.a.j.t.JMeterThread: Thread started: TCC order-show 1-2
2026-09-10 07:46:44,374 INFO o.a.j.t.JMeterThread: Thread started: TCC order-show 1-7
2026-09-10 07:46:44,375 INFO o.a.j.t.JMeterThread: Thread started: TCC order-show 1-8
2026-09-10 07:46:44,376 INFO o.a.j.t.JMeterThread: Thread started: TCC order-show 1-9
2026-09-10 07:46:44,376 INFO o.a.j.t.JMeterThread: Thread started: TCC order-show 1-10
2026-09-10 07:46:44,377 INFO o.a.j.t.JMeterThread: Thread started: TCC order-show 1-11
2026-09-10 07:46:44,378 INFO o.a.j.t.JMeterThread: Thread started: TCC order-show 1-12
2026-09-10 07:46:44,379 INFO o.a.j.t.JMeterThread: Thread started: TCC order-show 1-13
2026-09-10 07:46:44,380 INFO o.a.j.t.JMeterThread: Thread started: TCC order-show 1-14
2026-09-10 07:46:44,381 INFO o.a.j.t.JMeterThread: Thread started: TCC order-show 1-15
2026-09-10 07:46:44,383 INFO o.a.j.t.JMeterThread: Thread started: TCC order-show 1-16
2026-09-10 07:46:44,384 INFO o.a.j.t.JMeterThread: Thread started: TCC order-show 1-17
2026-09-10 07:46:44,384 INFO o.a.j.t.JMeterThread: Thread started: TCC order-show 1-18
2026-09-10 07:46:44,385 INFO o.a.j.t.JMeterThread: Thread started: TCC order-show 1-19
2026-09-10 07:46:44,386 INFO o.a.j.t.JMeterThread: Thread started: TCC order-show 1-20
2026-09-10 07:46:44,387 INFO o.a.j.t.JMeterThread: Thread started: TCC order-show 1-21
2026-09-10 07:46:44,387 INFO o.a.j.t.JMeterThread: Thread started: TCC order-show 1-22
2026-09-10 07:46:44,388 INFO o.a.j.t.JMeterThread: Thread started: TCC order-show 1-23
2026-09-10 07:46:44,389 INFO o.a.j.t.JMeterThread: Thread started: TCC order-show 1-24
2026-09-10 07:46:44,390 INFO o.a.j.t.JMeterThread: Thread started: TCC order-show 1-25
2026-09-10 07:46:44,390 INFO o.a.j.t.JMeterThread: Thread started: TCC order-show 1-26
2026-09-10 07:46:44,391 INFO o.a.j.t.JMeterThread: Thread started: TCC order-show 1-27
2026-09-10 07:46:44,392 INFO o.a.j.t.JMeterThread: Thread started: TCC order-show 1-28
2026-09-10 07:46:44,392 INFO o.a.j.t.JMeterThread: Thread started: TCC order-show 1-29
2026-09-10 07:46:44,393 INFO o.a.j.t.JMeterThread: Thread started: TCC order-show 1-30
2026-09-10 07:46:44,394 INFO o.a.j.t.JMeterThread: Thread started: TCC order-show 1-31
2026-09-10 07:46:44,394 INFO o.a.j.t.JMeterThread: Thread started: TCC order-show 1-32
2026-09-10 07:46:44,395 INFO o.a.j.t.JMeterThread: Thread started: TCC order-show 1-33
2026-09-10 07:46:44,395 INFO o.a.j.t.JMeterThread: Thread started: TCC order-show 1-34
2026-09-10 07:46:44,396 INFO o.a.j.t.JMeterThread: Thread started: TCC order-show 1-35
2026-09-10 07:46:44,396 INFO o.a.j.t.JMeterThread: Thread started: TCC order-show 1-36
2026-09-10 07:46:44,397 INFO o.a.j.t.JMeterThread: Thread started: TCC order-show 1-37
2026-09-10 07:46:44,397 INFO o.a.j.t.JMeterThread: Thread started: TCC order-show 1-38
2026-09-10 07:46:44,398 INFO o.a.j.t.JMeterThread: Thread started: TCC order-show 1-39
2026-09-10 07:46:44,398 INFO o.a.j.t.JMeterThread: Thread started: TCC order-show 1-40
2026-09-10 07:46:44,398 INFO o.a.j.p.h.s.HTTPHCAbstractImpl: Local host = pop-os
2026-09-10 07:46:44,399 INFO o.a.j.t.JMeterThread: Thread started: TCC order-show 1-41
2026-09-10 07:46:44,399 INFO o.a.j.t.JMeterThread: Thread started: TCC order-show 1-42
2026-09-10 07:46:44,400 INFO o.a.j.t.JMeterThread: Thread started: TCC order-show 1-44
2026-09-10 07:46:44,401 INFO o.a.j.t.JMeterThread: Thread started: TCC order-show 1-45
2026-09-10 07:46:44,400 INFO o.a.j.t.JMeterThread: Thread started: TCC order-show 1-43
2026-09-10 07:46:44,402 INFO o.a.j.t.JMeterThread: Thread started: TCC order-show 1-46
2026-09-10 07:46:44,402 INFO o.a.j.t.JMeterThread: Thread started: TCC order-show 1-47
2026-09-10 07:46:44,403 INFO o.a.j.t.JMeterThread: Thread started: TCC order-show 1-48
2026-09-10 07:46:44,404 INFO o.a.j.t.JMeterThread: Thread started: TCC order-show 1-49
2026-09-10 07:46:44,404 INFO o.a.j.t.JMeterThread: Thread started: TCC order-show 1-50
2026-09-10 07:46:44,405 INFO o.a.j.t.JMeterThread: Thread started: TCC order-show 1-51
2026-09-10 07:46:44,405 INFO o.a.j.t.JMeterThread: Thread started: TCC order-show 1-52
2026-09-10 07:46:44,406 INFO o.a.j.t.JMeterThread: Thread started: TCC order-show 1-53
2026-09-10 07:46:44,406 INFO o.a.j.t.JMeterThread: Thread started: TCC order-show 1-54
2026-09-10 07:46:44,406 INFO o.a.j.t.JMeterThread: Thread started: TCC order-show 1-55
2026-09-10 07:46:44,407 INFO o.a.j.p.h.s.HTTPHC4Impl: HTTP request retry count = 0
2026-09-10 07:46:44,407 INFO o.a.j.t.JMeterThread: Thread started: TCC order-show 1-56
2026-09-10 07:46:44,407 INFO o.a.j.t.JMeterThread: Thread started: TCC order-show 1-57
2026-09-10 07:46:44,408 INFO o.a.j.t.JMeterThread: Thread started: TCC order-show 1-58
2026-09-10 07:46:44,408 INFO o.a.j.t.JMeterThread: Thread started: TCC order-show 1-59
2026-09-10 07:46:44,409 INFO o.a.j.s.SampleResult: Note: Sample TimeStamps are START times
2026-09-10 07:46:44,409 INFO o.a.j.s.SampleResult: sampleresult.default.encoding is set to UTF-8
2026-09-10 07:46:44,409 INFO o.a.j.s.SampleResult: sampleresult.useNanoTime=true
2026-09-10 07:46:44,409 INFO o.a.j.s.SampleResult: sampleresult.nanoThreadSleep=5000
2026-09-10 07:46:44,409 INFO o.a.j.t.JMeterThread: Thread started: TCC order-show 1-60
2026-09-10 07:46:44,410 INFO o.a.j.t.JMeterThread: Thread started: TCC order-show 1-61
2026-09-10 07:46:44,411 INFO o.a.j.t.JMeterThread: Thread started: TCC order-show 1-62
2026-09-10 07:46:44,412 INFO o.a.j.t.JMeterThread: Thread started: TCC order-show 1-63
2026-09-10 07:46:44,413 INFO o.a.j.t.JMeterThread: Thread started: TCC order-show 1-64
2026-09-10 07:46:44,414 INFO o.a.j.t.JMeterThread: Thread started: TCC order-show 1-65
2026-09-10 07:46:44,415 INFO o.a.j.t.JMeterThread: Thread started: TCC order-show 1-66
2026-09-10 07:46:44,415 INFO o.a.j.t.JMeterThread: Thread started: TCC order-show 1-67
2026-09-10 07:46:44,416 INFO o.a.j.t.JMeterThread: Thread started: TCC order-show 1-68
2026-09-10 07:46:44,416 INFO o.a.j.t.JMeterThread: Thread started: TCC order-show 1-69
2026-09-10 07:46:44,417 INFO o.a.j.t.JMeterThread: Thread started: TCC order-show 1-71
2026-09-10 07:46:44,417 INFO o.a.j.t.JMeterThread: Thread started: TCC order-show 1-70
2026-09-10 07:46:44,418 INFO o.a.j.t.JMeterThread: Thread started: TCC order-show 1-72
2026-09-10 07:46:44,418 INFO o.a.j.t.JMeterThread: Thread started: TCC order-show 1-73
2026-09-10 07:46:44,419 INFO o.a.j.t.JMeterThread: Thread started: TCC order-show 1-74
2026-09-10 07:46:44,419 INFO o.a.j.t.JMeterThread: Thread started: TCC order-show 1-75
2026-09-10 07:46:44,420 INFO o.a.j.t.JMeterThread: Thread started: TCC order-show 1-76
2026-09-10 07:46:44,421 INFO o.a.j.t.JMeterThread: Thread started: TCC order-show 1-77
2026-09-10 07:46:44,421 INFO o.a.j.t.JMeterThread: Thread started: TCC order-show 1-78
2026-09-10 07:46:44,422 INFO o.a.j.t.JMeterThread: Thread started: TCC order-show 1-79
2026-09-10 07:46:44,422 INFO o.a.j.t.JMeterThread: Thread started: TCC order-show 1-80
2026-09-10 07:46:44,423 INFO o.a.j.t.JMeterThread: Thread started: TCC order-show 1-81
2026-09-10 07:46:44,423 INFO o.a.j.t.JMeterThread: Thread started: TCC order-show 1-82
2026-09-10 07:46:44,424 INFO o.a.j.t.JMeterThread: Thread started: TCC order-show 1-83
2026-09-10 07:46:44,425 INFO o.a.j.t.JMeterThread: Thread started: TCC order-show 1-84
2026-09-10 07:46:44,425 INFO o.a.j.t.JMeterThread: Thread started: TCC order-show 1-85
2026-09-10 07:46:44,426 INFO o.a.j.t.JMeterThread: Thread started: TCC order-show 1-86
2026-09-10 07:46:44,426 INFO o.a.j.t.JMeterThread: Thread started: TCC order-show 1-87
2026-09-10 07:46:44,426 INFO o.a.j.t.JMeterThread: Thread started: TCC order-show 1-88
2026-09-10 07:46:44,427 INFO o.a.j.t.JMeterThread: Thread started: TCC order-show 1-89
2026-09-10 07:46:44,427 INFO o.a.j.t.JMeterThread: Thread started: TCC order-show 1-90
2026-09-10 07:46:44,428 INFO o.a.j.t.JMeterThread: Thread started: TCC order-show 1-91
2026-09-10 07:46:44,429 INFO o.a.j.t.JMeterThread: Thread started: TCC order-show 1-92
2026-09-10 07:46:44,429 INFO o.a.j.t.JMeterThread: Thread started: TCC order-show 1-93
2026-09-10 07:46:44,430 INFO o.a.j.t.JMeterThread: Thread started: TCC order-show 1-95
2026-09-10 07:46:44,430 INFO o.a.j.t.JMeterThread: Thread started: TCC order-show 1-94
2026-09-10 07:46:44,433 INFO o.a.j.t.JMeterThread: Thread started: TCC order-show 1-96
2026-09-10 07:46:44,433 INFO o.a.j.t.JMeterThread: Thread started: TCC order-show 1-97
2026-09-10 07:46:44,434 INFO o.a.j.t.JMeterThread: Thread started: TCC order-show 1-98
2026-09-10 07:46:44,434 INFO o.a.j.t.JMeterThread: Thread started: TCC order-show 1-99
2026-09-10 07:46:44,435 INFO o.a.j.t.ThreadGroup: Started thread group number 1
2026-09-10 07:46:44,435 INFO o.a.j.e.StandardJMeterEngine: All thread groups have been started
2026-09-10 07:46:44,435 INFO o.a.j.t.JMeterThread: Thread started: TCC order-show 1-100
2026-09-10 07:47:00,003 INFO o.a.j.r.Summariser: summary +   2059 in 00:00:16 =  131.5/s Avg:   714 Min:   104 Max:  1222 Err:     0 (0.00%) Active: 100 Started: 100 Finished: 0
2026-09-10 07:47:30,005 INFO o.a.j.r.Summariser: summary +   4256 in 00:00:30 =  141.9/s Avg:   704 Min:   666 Max:   783 Err:     0 (0.00%) Active: 100 Started: 100 Finished: 0
2026-09-10 07:47:30,010 INFO o.a.j.r.Summariser: summary =   6315 in 00:00:46 =  138.3/s Avg:   707 Min:   104 Max:  1222 Err:     0 (0.00%)
2026-09-10 07:48:00,001 INFO o.a.j.r.Summariser: summary +   4300 in 00:00:30 =  143.4/s Avg:   697 Min:   678 Max:   738 Err:     0 (0.00%) Active: 100 Started: 100 Finished: 0
2026-09-10 07:48:00,001 INFO o.a.j.r.Summariser: summary =  10615 in 00:01:16 =  140.3/s Avg:   703 Min:   104 Max:  1222 Err:     0 (0.00%)
2026-09-10 07:48:30,002 INFO o.a.j.r.Summariser: summary +   4342 in 00:00:30 =  144.7/s Avg:   690 Min:   666 Max:   719 Err:     0 (0.00%) Active: 100 Started: 100 Finished: 0
2026-09-10 07:48:30,002 INFO o.a.j.r.Summariser: summary =  14957 in 00:01:46 =  141.6/s Avg:   699 Min:   104 Max:  1222 Err:     0 (0.00%)
2026-09-10 07:48:44,393 INFO o.a.j.t.JMeterThread: Stopping because end time detected by thread: TCC order-show 1-16
2026-09-10 07:48:44,393 INFO o.a.j.t.JMeterThread: Thread finished: TCC order-show 1-16
2026-09-10 07:48:44,406 INFO o.a.j.t.JMeterThread: Stopping because end time detected by thread: TCC order-show 1-19
2026-09-10 07:48:44,406 INFO o.a.j.t.JMeterThread: Thread finished: TCC order-show 1-19
2026-09-10 07:48:44,413 INFO o.a.j.t.JMeterThread: Stopping because end time detected by thread: TCC order-show 1-12
2026-09-10 07:48:44,413 INFO o.a.j.t.JMeterThread: Thread finished: TCC order-show 1-12
2026-09-10 07:48:44,420 INFO o.a.j.t.JMeterThread: Stopping because end time detected by thread: TCC order-show 1-72
2026-09-10 07:48:44,420 INFO o.a.j.t.JMeterThread: Thread finished: TCC order-show 1-72
2026-09-10 07:48:44,427 INFO o.a.j.t.JMeterThread: Stopping because end time detected by thread: TCC order-show 1-67
2026-09-10 07:48:44,427 INFO o.a.j.t.JMeterThread: Thread finished: TCC order-show 1-67
2026-09-10 07:48:44,433 INFO o.a.j.t.JMeterThread: Stopping because end time detected by thread: TCC order-show 1-45
2026-09-10 07:48:44,433 INFO o.a.j.t.JMeterThread: Thread finished: TCC order-show 1-45
2026-09-10 07:48:44,440 INFO o.a.j.t.JMeterThread: Stopping because end time detected by thread: TCC order-show 1-21
2026-09-10 07:48:44,440 INFO o.a.j.t.JMeterThread: Thread finished: TCC order-show 1-21
2026-09-10 07:48:44,446 INFO o.a.j.t.JMeterThread: Stopping because end time detected by thread: TCC order-show 1-51
2026-09-10 07:48:44,446 INFO o.a.j.t.JMeterThread: Thread finished: TCC order-show 1-51
2026-09-10 07:48:44,453 INFO o.a.j.t.JMeterThread: Stopping because end time detected by thread: TCC order-show 1-47
2026-09-10 07:48:44,453 INFO o.a.j.t.JMeterThread: Thread finished: TCC order-show 1-47
2026-09-10 07:48:44,459 INFO o.a.j.t.JMeterThread: Stopping because end time detected by thread: TCC order-show 1-84
2026-09-10 07:48:44,459 INFO o.a.j.t.JMeterThread: Thread finished: TCC order-show 1-84
2026-09-10 07:48:44,465 INFO o.a.j.t.JMeterThread: Stopping because end time detected by thread: TCC order-show 1-41
2026-09-10 07:48:44,466 INFO o.a.j.t.JMeterThread: Thread finished: TCC order-show 1-41
2026-09-10 07:48:44,472 INFO o.a.j.t.JMeterThread: Stopping because end time detected by thread: TCC order-show 1-56
2026-09-10 07:48:44,472 INFO o.a.j.t.JMeterThread: Thread finished: TCC order-show 1-56
2026-09-10 07:48:44,479 INFO o.a.j.t.JMeterThread: Stopping because end time detected by thread: TCC order-show 1-90
2026-09-10 07:48:44,479 INFO o.a.j.t.JMeterThread: Thread finished: TCC order-show 1-90
2026-09-10 07:48:44,485 INFO o.a.j.t.JMeterThread: Stopping because end time detected by thread: TCC order-show 1-61
2026-09-10 07:48:44,485 INFO o.a.j.t.JMeterThread: Thread finished: TCC order-show 1-61
2026-09-10 07:48:44,493 INFO o.a.j.t.JMeterThread: Stopping because end time detected by thread: TCC order-show 1-40
2026-09-10 07:48:44,493 INFO o.a.j.t.JMeterThread: Thread finished: TCC order-show 1-40
2026-09-10 07:48:44,499 INFO o.a.j.t.JMeterThread: Stopping because end time detected by thread: TCC order-show 1-18
2026-09-10 07:48:44,499 INFO o.a.j.t.JMeterThread: Thread finished: TCC order-show 1-18
2026-09-10 07:48:44,506 INFO o.a.j.t.JMeterThread: Stopping because end time detected by thread: TCC order-show 1-24
2026-09-10 07:48:44,506 INFO o.a.j.t.JMeterThread: Thread finished: TCC order-show 1-24
2026-09-10 07:48:44,513 INFO o.a.j.t.JMeterThread: Stopping because end time detected by thread: TCC order-show 1-37
2026-09-10 07:48:44,513 INFO o.a.j.t.JMeterThread: Thread finished: TCC order-show 1-37
2026-09-10 07:48:44,520 INFO o.a.j.t.JMeterThread: Stopping because end time detected by thread: TCC order-show 1-71
2026-09-10 07:48:44,520 INFO o.a.j.t.JMeterThread: Thread finished: TCC order-show 1-71
2026-09-10 07:48:44,527 INFO o.a.j.t.JMeterThread: Stopping because end time detected by thread: TCC order-show 1-26
2026-09-10 07:48:44,527 INFO o.a.j.t.JMeterThread: Thread finished: TCC order-show 1-26
2026-09-10 07:48:44,533 INFO o.a.j.t.JMeterThread: Stopping because end time detected by thread: TCC order-show 1-66
2026-09-10 07:48:44,534 INFO o.a.j.t.JMeterThread: Thread finished: TCC order-show 1-66
2026-09-10 07:48:44,540 INFO o.a.j.t.JMeterThread: Stopping because end time detected by thread: TCC order-show 1-42
2026-09-10 07:48:44,540 INFO o.a.j.t.JMeterThread: Thread finished: TCC order-show 1-42
2026-09-10 07:48:44,547 INFO o.a.j.t.JMeterThread: Stopping because end time detected by thread: TCC order-show 1-63
2026-09-10 07:48:44,547 INFO o.a.j.t.JMeterThread: Thread finished: TCC order-show 1-63
2026-09-10 07:48:44,554 INFO o.a.j.t.JMeterThread: Stopping because end time detected by thread: TCC order-show 1-64
2026-09-10 07:48:44,554 INFO o.a.j.t.JMeterThread: Thread finished: TCC order-show 1-64
2026-09-10 07:48:44,561 INFO o.a.j.t.JMeterThread: Stopping because end time detected by thread: TCC order-show 1-14
2026-09-10 07:48:44,561 INFO o.a.j.t.JMeterThread: Thread finished: TCC order-show 1-14
2026-09-10 07:48:44,567 INFO o.a.j.t.JMeterThread: Stopping because end time detected by thread: TCC order-show 1-32
2026-09-10 07:48:44,567 INFO o.a.j.t.JMeterThread: Thread finished: TCC order-show 1-32
2026-09-10 07:48:44,573 INFO o.a.j.t.JMeterThread: Stopping because end time detected by thread: TCC order-show 1-57
2026-09-10 07:48:44,574 INFO o.a.j.t.JMeterThread: Thread finished: TCC order-show 1-57
2026-09-10 07:48:44,580 INFO o.a.j.t.JMeterThread: Stopping because end time detected by thread: TCC order-show 1-3
2026-09-10 07:48:44,580 INFO o.a.j.t.JMeterThread: Thread finished: TCC order-show 1-3
2026-09-10 07:48:44,587 INFO o.a.j.t.JMeterThread: Stopping because end time detected by thread: TCC order-show 1-97
2026-09-10 07:48:44,587 INFO o.a.j.t.JMeterThread: Thread finished: TCC order-show 1-97
2026-09-10 07:48:44,593 INFO o.a.j.t.JMeterThread: Stopping because end time detected by thread: TCC order-show 1-76
2026-09-10 07:48:44,593 INFO o.a.j.t.JMeterThread: Thread finished: TCC order-show 1-76
2026-09-10 07:48:44,600 INFO o.a.j.t.JMeterThread: Stopping because end time detected by thread: TCC order-show 1-27
2026-09-10 07:48:44,600 INFO o.a.j.t.JMeterThread: Thread finished: TCC order-show 1-27
2026-09-10 07:48:44,606 INFO o.a.j.t.JMeterThread: Stopping because end time detected by thread: TCC order-show 1-29
2026-09-10 07:48:44,606 INFO o.a.j.t.JMeterThread: Thread finished: TCC order-show 1-29
2026-09-10 07:48:44,613 INFO o.a.j.t.JMeterThread: Stopping because end time detected by thread: TCC order-show 1-23
2026-09-10 07:48:44,613 INFO o.a.j.t.JMeterThread: Thread finished: TCC order-show 1-23
2026-09-10 07:48:44,619 INFO o.a.j.t.JMeterThread: Stopping because end time detected by thread: TCC order-show 1-39
2026-09-10 07:48:44,619 INFO o.a.j.t.JMeterThread: Thread finished: TCC order-show 1-39
2026-09-10 07:48:44,626 INFO o.a.j.t.JMeterThread: Stopping because end time detected by thread: TCC order-show 1-54
2026-09-10 07:48:44,626 INFO o.a.j.t.JMeterThread: Thread finished: TCC order-show 1-54
2026-09-10 07:48:44,632 INFO o.a.j.t.JMeterThread: Stopping because end time detected by thread: TCC order-show 1-55
2026-09-10 07:48:44,632 INFO o.a.j.t.JMeterThread: Thread finished: TCC order-show 1-55
2026-09-10 07:48:44,639 INFO o.a.j.t.JMeterThread: Stopping because end time detected by thread: TCC order-show 1-5
2026-09-10 07:48:44,639 INFO o.a.j.t.JMeterThread: Thread finished: TCC order-show 1-5
2026-09-10 07:48:44,645 INFO o.a.j.t.JMeterThread: Stopping because end time detected by thread: TCC order-show 1-62
2026-09-10 07:48:44,645 INFO o.a.j.t.JMeterThread: Thread finished: TCC order-show 1-62
2026-09-10 07:48:44,652 INFO o.a.j.t.JMeterThread: Stopping because end time detected by thread: TCC order-show 1-4
2026-09-10 07:48:44,652 INFO o.a.j.t.JMeterThread: Thread finished: TCC order-show 1-4
2026-09-10 07:48:44,658 INFO o.a.j.t.JMeterThread: Stopping because end time detected by thread: TCC order-show 1-17
2026-09-10 07:48:44,659 INFO o.a.j.t.JMeterThread: Thread finished: TCC order-show 1-17
2026-09-10 07:48:44,665 INFO o.a.j.t.JMeterThread: Stopping because end time detected by thread: TCC order-show 1-68
2026-09-10 07:48:44,665 INFO o.a.j.t.JMeterThread: Thread finished: TCC order-show 1-68
2026-09-10 07:48:44,671 INFO o.a.j.t.JMeterThread: Stopping because end time detected by thread: TCC order-show 1-48
2026-09-10 07:48:44,672 INFO o.a.j.t.JMeterThread: Thread finished: TCC order-show 1-48
2026-09-10 07:48:44,678 INFO o.a.j.t.JMeterThread: Stopping because end time detected by thread: TCC order-show 1-44
2026-09-10 07:48:44,678 INFO o.a.j.t.JMeterThread: Thread finished: TCC order-show 1-44
2026-09-10 07:48:44,684 INFO o.a.j.t.JMeterThread: Stopping because end time detected by thread: TCC order-show 1-25
2026-09-10 07:48:44,685 INFO o.a.j.t.JMeterThread: Thread finished: TCC order-show 1-25
2026-09-10 07:48:44,691 INFO o.a.j.t.JMeterThread: Stopping because end time detected by thread: TCC order-show 1-74
2026-09-10 07:48:44,692 INFO o.a.j.t.JMeterThread: Thread finished: TCC order-show 1-74
2026-09-10 07:48:44,698 INFO o.a.j.t.JMeterThread: Stopping because end time detected by thread: TCC order-show 1-20
2026-09-10 07:48:44,698 INFO o.a.j.t.JMeterThread: Thread finished: TCC order-show 1-20
2026-09-10 07:48:44,705 INFO o.a.j.t.JMeterThread: Stopping because end time detected by thread: TCC order-show 1-99
2026-09-10 07:48:44,705 INFO o.a.j.t.JMeterThread: Thread finished: TCC order-show 1-99
2026-09-10 07:48:44,711 INFO o.a.j.t.JMeterThread: Stopping because end time detected by thread: TCC order-show 1-73
2026-09-10 07:48:44,712 INFO o.a.j.t.JMeterThread: Thread finished: TCC order-show 1-73
2026-09-10 07:48:44,718 INFO o.a.j.t.JMeterThread: Stopping because end time detected by thread: TCC order-show 1-95
2026-09-10 07:48:44,719 INFO o.a.j.t.JMeterThread: Thread finished: TCC order-show 1-95
2026-09-10 07:48:44,725 INFO o.a.j.t.JMeterThread: Stopping because end time detected by thread: TCC order-show 1-75
2026-09-10 07:48:44,725 INFO o.a.j.t.JMeterThread: Thread finished: TCC order-show 1-75
2026-09-10 07:48:44,732 INFO o.a.j.t.JMeterThread: Stopping because end time detected by thread: TCC order-show 1-89
2026-09-10 07:48:44,732 INFO o.a.j.t.JMeterThread: Thread finished: TCC order-show 1-89
2026-09-10 07:48:44,739 INFO o.a.j.t.JMeterThread: Stopping because end time detected by thread: TCC order-show 1-83
2026-09-10 07:48:44,739 INFO o.a.j.t.JMeterThread: Thread finished: TCC order-show 1-83
2026-09-10 07:48:44,746 INFO o.a.j.t.JMeterThread: Stopping because end time detected by thread: TCC order-show 1-1
2026-09-10 07:48:44,747 INFO o.a.j.t.JMeterThread: Thread finished: TCC order-show 1-1
2026-09-10 07:48:44,753 INFO o.a.j.t.JMeterThread: Stopping because end time detected by thread: TCC order-show 1-86
2026-09-10 07:48:44,753 INFO o.a.j.t.JMeterThread: Thread finished: TCC order-show 1-86
2026-09-10 07:48:44,760 INFO o.a.j.t.JMeterThread: Stopping because end time detected by thread: TCC order-show 1-6
2026-09-10 07:48:44,760 INFO o.a.j.t.JMeterThread: Thread finished: TCC order-show 1-6
2026-09-10 07:48:44,767 INFO o.a.j.t.JMeterThread: Stopping because end time detected by thread: TCC order-show 1-87
2026-09-10 07:48:44,767 INFO o.a.j.t.JMeterThread: Thread finished: TCC order-show 1-87
2026-09-10 07:48:44,774 INFO o.a.j.t.JMeterThread: Stopping because end time detected by thread: TCC order-show 1-80
2026-09-10 07:48:44,774 INFO o.a.j.t.JMeterThread: Thread finished: TCC order-show 1-80
2026-09-10 07:48:44,781 INFO o.a.j.t.JMeterThread: Stopping because end time detected by thread: TCC order-show 1-70
2026-09-10 07:48:44,781 INFO o.a.j.t.JMeterThread: Thread finished: TCC order-show 1-70
2026-09-10 07:48:44,788 INFO o.a.j.t.JMeterThread: Stopping because end time detected by thread: TCC order-show 1-79
2026-09-10 07:48:44,788 INFO o.a.j.t.JMeterThread: Thread finished: TCC order-show 1-79
2026-09-10 07:48:44,795 INFO o.a.j.t.JMeterThread: Stopping because end time detected by thread: TCC order-show 1-69
2026-09-10 07:48:44,795 INFO o.a.j.t.JMeterThread: Thread finished: TCC order-show 1-69
2026-09-10 07:48:44,802 INFO o.a.j.t.JMeterThread: Stopping because end time detected by thread: TCC order-show 1-28
2026-09-10 07:48:44,802 INFO o.a.j.t.JMeterThread: Thread finished: TCC order-show 1-28
2026-09-10 07:48:44,808 INFO o.a.j.t.JMeterThread: Stopping because end time detected by thread: TCC order-show 1-85
2026-09-10 07:48:44,808 INFO o.a.j.t.JMeterThread: Thread finished: TCC order-show 1-85
2026-09-10 07:48:44,815 INFO o.a.j.t.JMeterThread: Stopping because end time detected by thread: TCC order-show 1-81
2026-09-10 07:48:44,816 INFO o.a.j.t.JMeterThread: Thread finished: TCC order-show 1-81
2026-09-10 07:48:44,822 INFO o.a.j.t.JMeterThread: Stopping because end time detected by thread: TCC order-show 1-88
2026-09-10 07:48:44,822 INFO o.a.j.t.JMeterThread: Thread finished: TCC order-show 1-88
2026-09-10 07:48:44,829 INFO o.a.j.t.JMeterThread: Stopping because end time detected by thread: TCC order-show 1-11
2026-09-10 07:48:44,829 INFO o.a.j.t.JMeterThread: Thread finished: TCC order-show 1-11
2026-09-10 07:48:44,836 INFO o.a.j.t.JMeterThread: Stopping because end time detected by thread: TCC order-show 1-43
2026-09-10 07:48:44,836 INFO o.a.j.t.JMeterThread: Thread finished: TCC order-show 1-43
2026-09-10 07:48:44,843 INFO o.a.j.t.JMeterThread: Stopping because end time detected by thread: TCC order-show 1-31
2026-09-10 07:48:44,843 INFO o.a.j.t.JMeterThread: Thread finished: TCC order-show 1-31
2026-09-10 07:48:44,849 INFO o.a.j.t.JMeterThread: Stopping because end time detected by thread: TCC order-show 1-2
2026-09-10 07:48:44,849 INFO o.a.j.t.JMeterThread: Thread finished: TCC order-show 1-2
2026-09-10 07:48:44,856 INFO o.a.j.t.JMeterThread: Stopping because end time detected by thread: TCC order-show 1-52
2026-09-10 07:48:44,856 INFO o.a.j.t.JMeterThread: Thread finished: TCC order-show 1-52
2026-09-10 07:48:44,863 INFO o.a.j.t.JMeterThread: Stopping because end time detected by thread: TCC order-show 1-7
2026-09-10 07:48:44,863 INFO o.a.j.t.JMeterThread: Thread finished: TCC order-show 1-7
2026-09-10 07:48:44,870 INFO o.a.j.t.JMeterThread: Stopping because end time detected by thread: TCC order-show 1-30
2026-09-10 07:48:44,870 INFO o.a.j.t.JMeterThread: Thread finished: TCC order-show 1-30
2026-09-10 07:48:44,877 INFO o.a.j.t.JMeterThread: Stopping because end time detected by thread: TCC order-show 1-13
2026-09-10 07:48:44,877 INFO o.a.j.t.JMeterThread: Thread finished: TCC order-show 1-13
2026-09-10 07:48:44,883 INFO o.a.j.t.JMeterThread: Stopping because end time detected by thread: TCC order-show 1-8
2026-09-10 07:48:44,884 INFO o.a.j.t.JMeterThread: Thread finished: TCC order-show 1-8
2026-09-10 07:48:44,890 INFO o.a.j.t.JMeterThread: Stopping because end time detected by thread: TCC order-show 1-50
2026-09-10 07:48:44,891 INFO o.a.j.t.JMeterThread: Thread finished: TCC order-show 1-50
2026-09-10 07:48:44,897 INFO o.a.j.t.JMeterThread: Stopping because end time detected by thread: TCC order-show 1-59
2026-09-10 07:48:44,897 INFO o.a.j.t.JMeterThread: Thread finished: TCC order-show 1-59
2026-09-10 07:48:44,904 INFO o.a.j.t.JMeterThread: Stopping because end time detected by thread: TCC order-show 1-53
2026-09-10 07:48:44,904 INFO o.a.j.t.JMeterThread: Thread finished: TCC order-show 1-53
2026-09-10 07:48:44,911 INFO o.a.j.t.JMeterThread: Stopping because end time detected by thread: TCC order-show 1-58
2026-09-10 07:48:44,911 INFO o.a.j.t.JMeterThread: Thread finished: TCC order-show 1-58
2026-09-10 07:48:44,918 INFO o.a.j.t.JMeterThread: Stopping because end time detected by thread: TCC order-show 1-22
2026-09-10 07:48:44,918 INFO o.a.j.t.JMeterThread: Thread finished: TCC order-show 1-22
2026-09-10 07:48:44,925 INFO o.a.j.t.JMeterThread: Stopping because end time detected by thread: TCC order-show 1-34
2026-09-10 07:48:44,925 INFO o.a.j.t.JMeterThread: Thread finished: TCC order-show 1-34
2026-09-10 07:48:44,931 INFO o.a.j.t.JMeterThread: Stopping because end time detected by thread: TCC order-show 1-46
2026-09-10 07:48:44,931 INFO o.a.j.t.JMeterThread: Thread finished: TCC order-show 1-46
2026-09-10 07:48:44,938 INFO o.a.j.t.JMeterThread: Stopping because end time detected by thread: TCC order-show 1-36
2026-09-10 07:48:44,939 INFO o.a.j.t.JMeterThread: Thread finished: TCC order-show 1-36
2026-09-10 07:48:44,945 INFO o.a.j.t.JMeterThread: Stopping because end time detected by thread: TCC order-show 1-94
2026-09-10 07:48:44,945 INFO o.a.j.t.JMeterThread: Thread finished: TCC order-show 1-94
2026-09-10 07:48:44,952 INFO o.a.j.t.JMeterThread: Stopping because end time detected by thread: TCC order-show 1-38
2026-09-10 07:48:44,952 INFO o.a.j.t.JMeterThread: Thread finished: TCC order-show 1-38
2026-09-10 07:48:44,959 INFO o.a.j.t.JMeterThread: Stopping because end time detected by thread: TCC order-show 1-35
2026-09-10 07:48:44,959 INFO o.a.j.t.JMeterThread: Thread finished: TCC order-show 1-35
2026-09-10 07:48:44,966 INFO o.a.j.t.JMeterThread: Stopping because end time detected by thread: TCC order-show 1-9
2026-09-10 07:48:44,966 INFO o.a.j.t.JMeterThread: Thread finished: TCC order-show 1-9
2026-09-10 07:48:44,973 INFO o.a.j.t.JMeterThread: Stopping because end time detected by thread: TCC order-show 1-65
2026-09-10 07:48:44,973 INFO o.a.j.t.JMeterThread: Thread finished: TCC order-show 1-65
2026-09-10 07:48:44,980 INFO o.a.j.t.JMeterThread: Stopping because end time detected by thread: TCC order-show 1-60
2026-09-10 07:48:44,980 INFO o.a.j.t.JMeterThread: Thread finished: TCC order-show 1-60
2026-09-10 07:48:44,986 INFO o.a.j.t.JMeterThread: Stopping because end time detected by thread: TCC order-show 1-100
2026-09-10 07:48:44,986 INFO o.a.j.t.JMeterThread: Thread finished: TCC order-show 1-100
2026-09-10 07:48:44,993 INFO o.a.j.t.JMeterThread: Stopping because end time detected by thread: TCC order-show 1-10
2026-09-10 07:48:44,993 INFO o.a.j.t.JMeterThread: Thread finished: TCC order-show 1-10
2026-09-10 07:48:45,000 INFO o.a.j.t.JMeterThread: Stopping because end time detected by thread: TCC order-show 1-15
2026-09-10 07:48:45,000 INFO o.a.j.t.JMeterThread: Thread finished: TCC order-show 1-15
2026-09-10 07:48:45,006 INFO o.a.j.t.JMeterThread: Stopping because end time detected by thread: TCC order-show 1-49
2026-09-10 07:48:45,006 INFO o.a.j.t.JMeterThread: Thread finished: TCC order-show 1-49
2026-09-10 07:48:45,013 INFO o.a.j.t.JMeterThread: Stopping because end time detected by thread: TCC order-show 1-33
2026-09-10 07:48:45,013 INFO o.a.j.t.JMeterThread: Thread finished: TCC order-show 1-33
2026-09-10 07:48:45,020 INFO o.a.j.t.JMeterThread: Stopping because end time detected by thread: TCC order-show 1-78
2026-09-10 07:48:45,020 INFO o.a.j.t.JMeterThread: Thread finished: TCC order-show 1-78
2026-09-10 07:48:45,027 INFO o.a.j.t.JMeterThread: Stopping because end time detected by thread: TCC order-show 1-98
2026-09-10 07:48:45,027 INFO o.a.j.t.JMeterThread: Thread finished: TCC order-show 1-98
2026-09-10 07:48:45,035 INFO o.a.j.t.JMeterThread: Stopping because end time detected by thread: TCC order-show 1-82
2026-09-10 07:48:45,035 INFO o.a.j.t.JMeterThread: Thread finished: TCC order-show 1-82
2026-09-10 07:48:45,041 INFO o.a.j.t.JMeterThread: Stopping because end time detected by thread: TCC order-show 1-93
2026-09-10 07:48:45,042 INFO o.a.j.t.JMeterThread: Thread finished: TCC order-show 1-93
2026-09-10 07:48:45,048 INFO o.a.j.t.JMeterThread: Stopping because end time detected by thread: TCC order-show 1-91
2026-09-10 07:48:45,048 INFO o.a.j.t.JMeterThread: Thread finished: TCC order-show 1-91
2026-09-10 07:48:45,055 INFO o.a.j.t.JMeterThread: Stopping because end time detected by thread: TCC order-show 1-77
2026-09-10 07:48:45,055 INFO o.a.j.t.JMeterThread: Thread finished: TCC order-show 1-77
2026-09-10 07:48:45,063 INFO o.a.j.t.JMeterThread: Stopping because end time detected by thread: TCC order-show 1-96
2026-09-10 07:48:45,063 INFO o.a.j.t.JMeterThread: Thread finished: TCC order-show 1-96
2026-09-10 07:48:45,070 INFO o.a.j.t.JMeterThread: Stopping because end time detected by thread: TCC order-show 1-92
2026-09-10 07:48:45,070 INFO o.a.j.t.JMeterThread: Thread finished: TCC order-show 1-92
2026-09-10 07:48:45,071 INFO o.a.j.e.StandardJMeterEngine: Notifying test listeners of end of test
2026-09-10 07:48:45,074 INFO o.a.j.r.Summariser: summary +   2177 in 00:00:15 =  144.4/s Avg:   692 Min:   670 Max:   718 Err:     0 (0.00%) Active: 0 Started: 100 Finished: 100
2026-09-10 07:48:45,074 INFO o.a.j.r.Summariser: summary =  17134 in 00:02:01 =  141.9/s Avg:   698 Min:   104 Max:  1222 Err:     0 (0.00%)
