2026-09-10 07:46:02,904 INFO o.a.j.u.JMeterUtils: Setting Locale to en_EN
2026-09-10 07:46:02,923 INFO o.a.j.JMeter: Loading user properties from: /home/avituo/projects/tcc/tcc-container/.tools/apache-jmeter-5.6.3/bin/user.properties
2026-09-10 07:46:02,924 INFO o.a.j.JMeter: Loading system properties from: /home/avituo/projects/tcc/tcc-container/.tools/apache-jmeter-5.6.3/bin/system.properties
2026-09-10 07:46:02,924 INFO o.a.j.JMeter: Loading additional properties from: /home/avituo/projects/tcc/tcc-container/benchmark/jmeter/benchmark.properties
2026-09-10 07:46:02,924 INFO o.a.j.JMeter: Loading additional properties from: /tmp/tcc-benchmark-auth.dsfCRh/auth.properties
2026-09-10 07:46:02,924 INFO o.a.j.JMeter: Setting JMeter property: threads=100
2026-09-10 07:46:02,924 INFO o.a.j.JMeter: Setting JMeter property: duration_seconds=30
2026-09-10 07:46:02,924 INFO o.a.j.JMeter: Setting JMeter property: target_host=localhost
2026-09-10 07:46:02,924 INFO o.a.j.JMeter: Setting JMeter property: target_port=18080
2026-09-10 07:46:02,925 INFO o.a.j.JMeter: Setting JMeter property: tcc.order.id=20000000-0000-4000-8000-000000000001
2026-09-10 07:46:02,925 INFO o.a.j.JMeter: Setting JMeter property: repetition=3
2026-09-10 07:46:02,931 INFO o.a.j.JMeter: Copyright (c) 1998-2024 The Apache Software Foundation
2026-09-10 07:46:02,931 INFO o.a.j.JMeter: Version 5.6.3
2026-09-10 07:46:02,931 INFO o.a.j.JMeter: java.version=21.0.11
2026-09-10 07:46:02,931 INFO o.a.j.JMeter: java.vm.name=OpenJDK 64-Bit Server VM
2026-09-10 07:46:02,931 INFO o.a.j.JMeter: os.name=Linux
2026-09-10 07:46:02,931 INFO o.a.j.JMeter: os.arch=amd64
2026-09-10 07:46:02,932 INFO o.a.j.JMeter: os.version=7.0.11-76070011-generic
2026-09-10 07:46:02,932 INFO o.a.j.JMeter: file.encoding=UTF-8
2026-09-10 07:46:02,932 INFO o.a.j.JMeter: java.awt.headless=true
2026-09-10 07:46:02,932 INFO o.a.j.JMeter: Max memory     =1073741824
2026-09-10 07:46:02,932 INFO o.a.j.JMeter: Available Processors =16
2026-09-10 07:46:02,941 INFO o.a.j.JMeter: Default Locale=English (EN)
2026-09-10 07:46:02,941 INFO o.a.j.JMeter: JMeter  Locale=English (EN)
2026-09-10 07:46:02,941 INFO o.a.j.JMeter: JMeterHome=/home/avituo/projects/tcc/tcc-container/.tools/apache-jmeter-5.6.3
2026-09-10 07:46:02,941 INFO o.a.j.JMeter: user.dir  =/home/avituo/projects/tcc/tcc-container
2026-09-10 07:46:02,941 INFO o.a.j.JMeter: PWD       =/home/avituo/projects/tcc/tcc-container
2026-09-10 07:46:02,952 INFO o.a.j.JMeter: IP: 192.168.1.16 Name: pop-os FullName: pop-os.home
2026-09-10 07:46:02,965 INFO o.a.j.s.FileServer: Default base='/home/avituo/projects/tcc/tcc-container'
2026-09-10 07:46:02,966 INFO o.a.j.s.FileServer: Set new base='/home/avituo/projects/tcc/tcc-container/benchmark/jmeter'
2026-09-10 07:46:03,146 INFO o.a.j.s.SaveService: Testplan (JMX) version: 2.2. Testlog (JTL) version: 2.2
2026-09-10 07:46:03,172 INFO o.a.j.s.SaveService: Using SaveService properties version 5.0
2026-09-10 07:46:03,176 INFO o.a.j.s.SaveService: Using SaveService properties file encoding UTF-8
2026-09-10 07:46:03,179 INFO o.a.j.s.SaveService: Loading file: /home/avituo/projects/tcc/tcc-container/benchmark/jmeter/tcc-order-show-v1.jmx
2026-09-10 07:46:03,228 INFO o.a.j.p.h.s.HTTPSamplerBase: Parser for text/html is org.apache.jmeter.protocol.http.parser.LagartoBasedHtmlParser
2026-09-10 07:46:03,229 INFO o.a.j.p.h.s.HTTPSamplerBase: Parser for application/xhtml+xml is org.apache.jmeter.protocol.http.parser.LagartoBasedHtmlParser
2026-09-10 07:46:03,229 INFO o.a.j.p.h.s.HTTPSamplerBase: Parser for application/xml is org.apache.jmeter.protocol.http.parser.LagartoBasedHtmlParser
2026-09-10 07:46:03,229 INFO o.a.j.p.h.s.HTTPSamplerBase: Parser for text/xml is org.apache.jmeter.protocol.http.parser.LagartoBasedHtmlParser
2026-09-10 07:46:03,229 INFO o.a.j.p.h.s.HTTPSamplerBase: Parser for text/vnd.wap.wml is org.apache.jmeter.protocol.http.parser.RegexpHTMLParser
2026-09-10 07:46:03,229 INFO o.a.j.p.h.s.HTTPSamplerBase: Parser for text/css is org.apache.jmeter.protocol.http.parser.CssParser
2026-09-10 07:46:03,259 INFO o.a.j.JMeter: Creating summariser <summary>
2026-09-10 07:46:03,279 INFO o.a.j.e.StandardJMeterEngine: Running the test!
2026-09-10 07:46:03,280 INFO o.a.j.s.SampleEvent: List of sample_variables: []
2026-09-10 07:46:03,280 INFO o.a.j.s.SampleEvent: List of sample_variables: []
2026-09-10 07:46:03,284 INFO o.a.j.e.u.CompoundVariable: Note: Function class names must contain the string: '.functions.'
2026-09-10 07:46:03,285 INFO o.a.j.e.u.CompoundVariable: Note: Function class names must not contain the string: '.gui.'
2026-09-10 07:46:03,527 INFO o.a.j.JMeter: Running test (1789037163527)
2026-09-10 07:46:03,550 INFO o.a.j.e.StandardJMeterEngine: Starting ThreadGroup: 1 : TCC order-show
2026-09-10 07:46:03,550 INFO o.a.j.e.StandardJMeterEngine: Starting 100 threads for group TCC order-show.
2026-09-10 07:46:03,550 INFO o.a.j.e.StandardJMeterEngine: Thread will continue on error
2026-09-10 07:46:03,550 INFO o.a.j.t.ThreadGroup: Starting thread group... number=1 threads=100 ramp-up=0 delayedStart=false
2026-09-10 07:46:03,556 INFO o.a.j.t.JMeterThread: Thread started: TCC order-show 1-4
2026-09-10 07:46:03,556 INFO o.a.j.t.JMeterThread: Thread started: TCC order-show 1-1
2026-09-10 07:46:03,556 INFO o.a.j.t.JMeterThread: Thread started: TCC order-show 1-2
2026-09-10 07:46:03,556 INFO o.a.j.t.JMeterThread: Thread started: TCC order-show 1-3
2026-09-10 07:46:03,557 INFO o.a.j.t.JMeterThread: Thread started: TCC order-show 1-5
2026-09-10 07:46:03,558 INFO o.a.j.t.JMeterThread: Thread started: TCC order-show 1-6
2026-09-10 07:46:03,558 INFO o.a.j.t.JMeterThread: Thread started: TCC order-show 1-7
2026-09-10 07:46:03,559 INFO o.a.j.t.JMeterThread: Thread started: TCC order-show 1-8
2026-09-10 07:46:03,559 INFO o.a.j.t.JMeterThread: Thread started: TCC order-show 1-9
2026-09-10 07:46:03,560 INFO o.a.j.t.JMeterThread: Thread started: TCC order-show 1-10
2026-09-10 07:46:03,561 INFO o.a.j.t.JMeterThread: Thread started: TCC order-show 1-11
2026-09-10 07:46:03,562 INFO o.a.j.t.JMeterThread: Thread started: TCC order-show 1-12
2026-09-10 07:46:03,563 INFO o.a.j.t.JMeterThread: Thread started: TCC order-show 1-13
2026-09-10 07:46:03,564 INFO o.a.j.t.JMeterThread: Thread started: TCC order-show 1-14
2026-09-10 07:46:03,564 INFO o.a.j.t.JMeterThread: Thread started: TCC order-show 1-15
2026-09-10 07:46:03,566 INFO o.a.j.t.JMeterThread: Thread started: TCC order-show 1-16
2026-09-10 07:46:03,566 INFO o.a.j.t.JMeterThread: Thread started: TCC order-show 1-17
2026-09-10 07:46:03,567 INFO o.a.j.t.JMeterThread: Thread started: TCC order-show 1-18
2026-09-10 07:46:03,567 INFO o.a.j.t.JMeterThread: Thread started: TCC order-show 1-19
2026-09-10 07:46:03,568 INFO o.a.j.t.JMeterThread: Thread started: TCC order-show 1-20
2026-09-10 07:46:03,569 INFO o.a.j.t.JMeterThread: Thread started: TCC order-show 1-21
2026-09-10 07:46:03,569 INFO o.a.j.t.JMeterThread: Thread started: TCC order-show 1-22
2026-09-10 07:46:03,570 INFO o.a.j.t.JMeterThread: Thread started: TCC order-show 1-23
2026-09-10 07:46:03,571 INFO o.a.j.t.JMeterThread: Thread started: TCC order-show 1-24
2026-09-10 07:46:03,571 INFO o.a.j.t.JMeterThread: Thread started: TCC order-show 1-25
2026-09-10 07:46:03,572 INFO o.a.j.t.JMeterThread: Thread started: TCC order-show 1-26
2026-09-10 07:46:03,572 INFO o.a.j.t.JMeterThread: Thread started: TCC order-show 1-27
2026-09-10 07:46:03,572 INFO o.a.j.t.JMeterThread: Thread started: TCC order-show 1-28
2026-09-10 07:46:03,573 INFO o.a.j.t.JMeterThread: Thread started: TCC order-show 1-29
2026-09-10 07:46:03,574 INFO o.a.j.t.JMeterThread: Thread started: TCC order-show 1-30
2026-09-10 07:46:03,574 INFO o.a.j.t.JMeterThread: Thread started: TCC order-show 1-31
2026-09-10 07:46:03,575 INFO o.a.j.t.JMeterThread: Thread started: TCC order-show 1-33
2026-09-10 07:46:03,575 INFO o.a.j.t.JMeterThread: Thread started: TCC order-show 1-32
2026-09-10 07:46:03,576 INFO o.a.j.t.JMeterThread: Thread started: TCC order-show 1-34
2026-09-10 07:46:03,577 INFO o.a.j.t.JMeterThread: Thread started: TCC order-show 1-35
2026-09-10 07:46:03,577 INFO o.a.j.t.JMeterThread: Thread started: TCC order-show 1-36
2026-09-10 07:46:03,578 INFO o.a.j.t.JMeterThread: Thread started: TCC order-show 1-37
2026-09-10 07:46:03,578 INFO o.a.j.t.JMeterThread: Thread started: TCC order-show 1-38
2026-09-10 07:46:03,578 INFO o.a.j.p.h.s.HTTPHCAbstractImpl: Local host = pop-os
2026-09-10 07:46:03,579 INFO o.a.j.t.JMeterThread: Thread started: TCC order-show 1-39
2026-09-10 07:46:03,579 INFO o.a.j.t.JMeterThread: Thread started: TCC order-show 1-40
2026-09-10 07:46:03,579 INFO o.a.j.t.JMeterThread: Thread started: TCC order-show 1-41
2026-09-10 07:46:03,580 INFO o.a.j.t.JMeterThread: Thread started: TCC order-show 1-42
2026-09-10 07:46:03,581 INFO o.a.j.t.JMeterThread: Thread started: TCC order-show 1-43
2026-09-10 07:46:03,581 INFO o.a.j.t.JMeterThread: Thread started: TCC order-show 1-44
2026-09-10 07:46:03,581 INFO o.a.j.t.JMeterThread: Thread started: TCC order-show 1-45
2026-09-10 07:46:03,582 INFO o.a.j.t.JMeterThread: Thread started: TCC order-show 1-46
2026-09-10 07:46:03,582 INFO o.a.j.t.JMeterThread: Thread started: TCC order-show 1-47
2026-09-10 07:46:03,583 INFO o.a.j.t.JMeterThread: Thread started: TCC order-show 1-48
2026-09-10 07:46:03,583 INFO o.a.j.t.JMeterThread: Thread started: TCC order-show 1-49
2026-09-10 07:46:03,583 INFO o.a.j.t.JMeterThread: Thread started: TCC order-show 1-50
2026-09-10 07:46:03,584 INFO o.a.j.t.JMeterThread: Thread started: TCC order-show 1-51
2026-09-10 07:46:03,584 INFO o.a.j.t.JMeterThread: Thread started: TCC order-show 1-52
2026-09-10 07:46:03,585 INFO o.a.j.t.JMeterThread: Thread started: TCC order-show 1-53
2026-09-10 07:46:03,585 INFO o.a.j.t.JMeterThread: Thread started: TCC order-show 1-54
2026-09-10 07:46:03,585 INFO o.a.j.t.JMeterThread: Thread started: TCC order-show 1-55
2026-09-10 07:46:03,586 INFO o.a.j.t.JMeterThread: Thread started: TCC order-show 1-56
2026-09-10 07:46:03,586 INFO o.a.j.t.JMeterThread: Thread started: TCC order-show 1-57
2026-09-10 07:46:03,586 INFO o.a.j.t.JMeterThread: Thread started: TCC order-show 1-58
2026-09-10 07:46:03,587 INFO o.a.j.t.JMeterThread: Thread started: TCC order-show 1-59
2026-09-10 07:46:03,587 INFO o.a.j.t.JMeterThread: Thread started: TCC order-show 1-60
2026-09-10 07:46:03,588 INFO o.a.j.p.h.s.HTTPHC4Impl: HTTP request retry count = 0
2026-09-10 07:46:03,588 INFO o.a.j.t.JMeterThread: Thread started: TCC order-show 1-61
2026-09-10 07:46:03,589 INFO o.a.j.t.JMeterThread: Thread started: TCC order-show 1-62
2026-09-10 07:46:03,590 INFO o.a.j.s.SampleResult: Note: Sample TimeStamps are START times
2026-09-10 07:46:03,590 INFO o.a.j.s.SampleResult: sampleresult.default.encoding is set to UTF-8
2026-09-10 07:46:03,590 INFO o.a.j.s.SampleResult: sampleresult.useNanoTime=true
2026-09-10 07:46:03,590 INFO o.a.j.t.JMeterThread: Thread started: TCC order-show 1-63
2026-09-10 07:46:03,590 INFO o.a.j.s.SampleResult: sampleresult.nanoThreadSleep=5000
2026-09-10 07:46:03,592 INFO o.a.j.t.JMeterThread: Thread started: TCC order-show 1-64
2026-09-10 07:46:03,592 INFO o.a.j.t.JMeterThread: Thread started: TCC order-show 1-65
2026-09-10 07:46:03,593 INFO o.a.j.t.JMeterThread: Thread started: TCC order-show 1-66
2026-09-10 07:46:03,593 INFO o.a.j.t.JMeterThread: Thread started: TCC order-show 1-67
2026-09-10 07:46:03,594 INFO o.a.j.t.JMeterThread: Thread started: TCC order-show 1-68
2026-09-10 07:46:03,594 INFO o.a.j.t.JMeterThread: Thread started: TCC order-show 1-69
2026-09-10 07:46:03,595 INFO o.a.j.t.JMeterThread: Thread started: TCC order-show 1-70
2026-09-10 07:46:03,595 INFO o.a.j.t.JMeterThread: Thread started: TCC order-show 1-71
2026-09-10 07:46:03,596 INFO o.a.j.t.JMeterThread: Thread started: TCC order-show 1-72
2026-09-10 07:46:03,597 INFO o.a.j.t.JMeterThread: Thread started: TCC order-show 1-73
2026-09-10 07:46:03,597 INFO o.a.j.t.JMeterThread: Thread started: TCC order-show 1-74
2026-09-10 07:46:03,598 INFO o.a.j.t.JMeterThread: Thread started: TCC order-show 1-75
2026-09-10 07:46:03,599 INFO o.a.j.t.JMeterThread: Thread started: TCC order-show 1-76
2026-09-10 07:46:03,599 INFO o.a.j.t.JMeterThread: Thread started: TCC order-show 1-77
2026-09-10 07:46:03,600 INFO o.a.j.t.JMeterThread: Thread started: TCC order-show 1-78
2026-09-10 07:46:03,601 INFO o.a.j.t.JMeterThread: Thread started: TCC order-show 1-79
2026-09-10 07:46:03,602 INFO o.a.j.t.JMeterThread: Thread started: TCC order-show 1-80
2026-09-10 07:46:03,602 INFO o.a.j.t.JMeterThread: Thread started: TCC order-show 1-81
2026-09-10 07:46:03,603 INFO o.a.j.t.JMeterThread: Thread started: TCC order-show 1-82
2026-09-10 07:46:03,603 INFO o.a.j.t.JMeterThread: Thread started: TCC order-show 1-83
2026-09-10 07:46:03,604 INFO o.a.j.t.JMeterThread: Thread started: TCC order-show 1-84
2026-09-10 07:46:03,605 INFO o.a.j.t.JMeterThread: Thread started: TCC order-show 1-85
2026-09-10 07:46:03,605 INFO o.a.j.t.JMeterThread: Thread started: TCC order-show 1-86
2026-09-10 07:46:03,605 INFO o.a.j.t.JMeterThread: Thread started: TCC order-show 1-87
2026-09-10 07:46:03,607 INFO o.a.j.t.JMeterThread: Thread started: TCC order-show 1-89
2026-09-10 07:46:03,607 INFO o.a.j.t.JMeterThread: Thread started: TCC order-show 1-88
2026-09-10 07:46:03,607 INFO o.a.j.t.JMeterThread: Thread started: TCC order-show 1-90
2026-09-10 07:46:03,608 INFO o.a.j.t.JMeterThread: Thread started: TCC order-show 1-91
2026-09-10 07:46:03,608 INFO o.a.j.t.JMeterThread: Thread started: TCC order-show 1-92
2026-09-10 07:46:03,609 INFO o.a.j.t.JMeterThread: Thread started: TCC order-show 1-93
2026-09-10 07:46:03,610 INFO o.a.j.t.JMeterThread: Thread started: TCC order-show 1-94
2026-09-10 07:46:03,610 INFO o.a.j.t.JMeterThread: Thread started: TCC order-show 1-95
2026-09-10 07:46:03,612 INFO o.a.j.t.JMeterThread: Thread started: TCC order-show 1-96
2026-09-10 07:46:03,614 INFO o.a.j.t.JMeterThread: Thread started: TCC order-show 1-98
2026-09-10 07:46:03,615 INFO o.a.j.t.ThreadGroup: Started thread group number 1
2026-09-10 07:46:03,613 INFO o.a.j.t.JMeterThread: Thread started: TCC order-show 1-97
2026-09-10 07:46:03,615 INFO o.a.j.e.StandardJMeterEngine: All thread groups have been started
2026-09-10 07:46:03,615 INFO o.a.j.t.JMeterThread: Thread started: TCC order-show 1-100
2026-09-10 07:46:03,615 INFO o.a.j.t.JMeterThread: Thread started: TCC order-show 1-99
2026-09-10 07:46:04,944 INFO o.a.j.r.Summariser: summary +      1 in 00:00:01 =    0.7/s Avg:   571 Min:   571 Max:   571 Err:     0 (0.00%) Active: 100 Started: 100 Finished: 0
2026-09-10 07:46:30,000 INFO o.a.j.r.Summariser: summary +   3371 in 00:00:25 =  134.5/s Avg:   753 Min:   156 Max:  1396 Err:     0 (0.00%) Active: 100 Started: 100 Finished: 0
2026-09-10 07:46:30,005 INFO o.a.j.r.Summariser: summary =   3372 in 00:00:26 =  127.4/s Avg:   753 Min:   156 Max:  1396 Err:     0 (0.00%)
2026-09-10 07:46:33,558 INFO o.a.j.t.JMeterThread: Stopping because end time detected by thread: TCC order-show 1-2
2026-09-10 07:46:33,559 INFO o.a.j.t.JMeterThread: Thread finished: TCC order-show 1-2
2026-09-10 07:46:33,580 INFO o.a.j.t.JMeterThread: Stopping because end time detected by thread: TCC order-show 1-16
2026-09-10 07:46:33,580 INFO o.a.j.t.JMeterThread: Thread finished: TCC order-show 1-16
2026-09-10 07:46:33,594 INFO o.a.j.t.JMeterThread: Stopping because end time detected by thread: TCC order-show 1-23
2026-09-10 07:46:33,594 INFO o.a.j.t.JMeterThread: Thread finished: TCC order-show 1-23
2026-09-10 07:46:33,601 INFO o.a.j.t.JMeterThread: Stopping because end time detected by thread: TCC order-show 1-22
2026-09-10 07:46:33,601 INFO o.a.j.t.JMeterThread: Thread finished: TCC order-show 1-22
2026-09-10 07:46:33,608 INFO o.a.j.t.JMeterThread: Stopping because end time detected by thread: TCC order-show 1-51
2026-09-10 07:46:33,608 INFO o.a.j.t.JMeterThread: Thread finished: TCC order-show 1-51
2026-09-10 07:46:33,615 INFO o.a.j.t.JMeterThread: Stopping because end time detected by thread: TCC order-show 1-17
2026-09-10 07:46:33,615 INFO o.a.j.t.JMeterThread: Thread finished: TCC order-show 1-17
2026-09-10 07:46:33,623 INFO o.a.j.t.JMeterThread: Stopping because end time detected by thread: TCC order-show 1-13
2026-09-10 07:46:33,623 INFO o.a.j.t.JMeterThread: Thread finished: TCC order-show 1-13
2026-09-10 07:46:33,630 INFO o.a.j.t.JMeterThread: Stopping because end time detected by thread: TCC order-show 1-80
2026-09-10 07:46:33,631 INFO o.a.j.t.JMeterThread: Thread finished: TCC order-show 1-80
2026-09-10 07:46:33,638 INFO o.a.j.t.JMeterThread: Stopping because end time detected by thread: TCC order-show 1-71
2026-09-10 07:46:33,639 INFO o.a.j.t.JMeterThread: Thread finished: TCC order-show 1-71
2026-09-10 07:46:33,646 INFO o.a.j.t.JMeterThread: Stopping because end time detected by thread: TCC order-show 1-39
2026-09-10 07:46:33,646 INFO o.a.j.t.JMeterThread: Thread finished: TCC order-show 1-39
2026-09-10 07:46:33,653 INFO o.a.j.t.JMeterThread: Stopping because end time detected by thread: TCC order-show 1-91
2026-09-10 07:46:33,654 INFO o.a.j.t.JMeterThread: Thread finished: TCC order-show 1-91
2026-09-10 07:46:33,662 INFO o.a.j.t.JMeterThread: Stopping because end time detected by thread: TCC order-show 1-99
2026-09-10 07:46:33,663 INFO o.a.j.t.JMeterThread: Thread finished: TCC order-show 1-99
2026-09-10 07:46:33,670 INFO o.a.j.t.JMeterThread: Stopping because end time detected by thread: TCC order-show 1-31
2026-09-10 07:46:33,670 INFO o.a.j.t.JMeterThread: Thread finished: TCC order-show 1-31
2026-09-10 07:46:33,678 INFO o.a.j.t.JMeterThread: Stopping because end time detected by thread: TCC order-show 1-96
2026-09-10 07:46:33,678 INFO o.a.j.t.JMeterThread: Thread finished: TCC order-show 1-96
2026-09-10 07:46:33,686 INFO o.a.j.t.JMeterThread: Stopping because end time detected by thread: TCC order-show 1-83
2026-09-10 07:46:33,686 INFO o.a.j.t.JMeterThread: Thread finished: TCC order-show 1-83
2026-09-10 07:46:33,694 INFO o.a.j.t.JMeterThread: Stopping because end time detected by thread: TCC order-show 1-88
2026-09-10 07:46:33,694 INFO o.a.j.t.JMeterThread: Thread finished: TCC order-show 1-88
2026-09-10 07:46:33,701 INFO o.a.j.t.JMeterThread: Stopping because end time detected by thread: TCC order-show 1-72
2026-09-10 07:46:33,701 INFO o.a.j.t.JMeterThread: Thread finished: TCC order-show 1-72
2026-09-10 07:46:33,709 INFO o.a.j.t.JMeterThread: Stopping because end time detected by thread: TCC order-show 1-78
2026-09-10 07:46:33,709 INFO o.a.j.t.JMeterThread: Thread finished: TCC order-show 1-78
2026-09-10 07:46:33,716 INFO o.a.j.t.JMeterThread: Stopping because end time detected by thread: TCC order-show 1-67
2026-09-10 07:46:33,716 INFO o.a.j.t.JMeterThread: Thread finished: TCC order-show 1-67
2026-09-10 07:46:33,723 INFO o.a.j.t.JMeterThread: Stopping because end time detected by thread: TCC order-show 1-29
2026-09-10 07:46:33,723 INFO o.a.j.t.JMeterThread: Thread finished: TCC order-show 1-29
2026-09-10 07:46:33,730 INFO o.a.j.t.JMeterThread: Stopping because end time detected by thread: TCC order-show 1-47
2026-09-10 07:46:33,730 INFO o.a.j.t.JMeterThread: Thread finished: TCC order-show 1-47
2026-09-10 07:46:33,737 INFO o.a.j.t.JMeterThread: Stopping because end time detected by thread: TCC order-show 1-40
2026-09-10 07:46:33,738 INFO o.a.j.t.JMeterThread: Thread finished: TCC order-show 1-40
2026-09-10 07:46:33,744 INFO o.a.j.t.JMeterThread: Stopping because end time detected by thread: TCC order-show 1-84
2026-09-10 07:46:33,745 INFO o.a.j.t.JMeterThread: Thread finished: TCC order-show 1-84
2026-09-10 07:46:33,752 INFO o.a.j.t.JMeterThread: Stopping because end time detected by thread: TCC order-show 1-100
2026-09-10 07:46:33,752 INFO o.a.j.t.JMeterThread: Thread finished: TCC order-show 1-100
2026-09-10 07:46:33,759 INFO o.a.j.t.JMeterThread: Stopping because end time detected by thread: TCC order-show 1-79
2026-09-10 07:46:33,759 INFO o.a.j.t.JMeterThread: Thread finished: TCC order-show 1-79
2026-09-10 07:46:33,766 INFO o.a.j.t.JMeterThread: Stopping because end time detected by thread: TCC order-show 1-55
2026-09-10 07:46:33,766 INFO o.a.j.t.JMeterThread: Thread finished: TCC order-show 1-55
2026-09-10 07:46:33,772 INFO o.a.j.t.JMeterThread: Stopping because end time detected by thread: TCC order-show 1-86
2026-09-10 07:46:33,773 INFO o.a.j.t.JMeterThread: Thread finished: TCC order-show 1-86
2026-09-10 07:46:33,779 INFO o.a.j.t.JMeterThread: Stopping because end time detected by thread: TCC order-show 1-30
2026-09-10 07:46:33,779 INFO o.a.j.t.JMeterThread: Thread finished: TCC order-show 1-30
2026-09-10 07:46:33,786 INFO o.a.j.t.JMeterThread: Stopping because end time detected by thread: TCC order-show 1-58
2026-09-10 07:46:33,786 INFO o.a.j.t.JMeterThread: Thread finished: TCC order-show 1-58
2026-09-10 07:46:33,792 INFO o.a.j.t.JMeterThread: Stopping because end time detected by thread: TCC order-show 1-60
2026-09-10 07:46:33,792 INFO o.a.j.t.JMeterThread: Thread finished: TCC order-show 1-60
2026-09-10 07:46:33,799 INFO o.a.j.t.JMeterThread: Stopping because end time detected by thread: TCC order-show 1-44
2026-09-10 07:46:33,800 INFO o.a.j.t.JMeterThread: Thread finished: TCC order-show 1-44
2026-09-10 07:46:33,806 INFO o.a.j.t.JMeterThread: Stopping because end time detected by thread: TCC order-show 1-5
2026-09-10 07:46:33,806 INFO o.a.j.t.JMeterThread: Thread finished: TCC order-show 1-5
2026-09-10 07:46:33,813 INFO o.a.j.t.JMeterThread: Stopping because end time detected by thread: TCC order-show 1-25
2026-09-10 07:46:33,813 INFO o.a.j.t.JMeterThread: Thread finished: TCC order-show 1-25
2026-09-10 07:46:33,820 INFO o.a.j.t.JMeterThread: Stopping because end time detected by thread: TCC order-show 1-62
2026-09-10 07:46:33,820 INFO o.a.j.t.JMeterThread: Thread finished: TCC order-show 1-62
2026-09-10 07:46:33,827 INFO o.a.j.t.JMeterThread: Stopping because end time detected by thread: TCC order-show 1-27
2026-09-10 07:46:33,827 INFO o.a.j.t.JMeterThread: Thread finished: TCC order-show 1-27
2026-09-10 07:46:33,833 INFO o.a.j.t.JMeterThread: Stopping because end time detected by thread: TCC order-show 1-38
2026-09-10 07:46:33,833 INFO o.a.j.t.JMeterThread: Thread finished: TCC order-show 1-38
2026-09-10 07:46:33,840 INFO o.a.j.t.JMeterThread: Stopping because end time detected by thread: TCC order-show 1-82
2026-09-10 07:46:33,840 INFO o.a.j.t.JMeterThread: Thread finished: TCC order-show 1-82
2026-09-10 07:46:33,847 INFO o.a.j.t.JMeterThread: Stopping because end time detected by thread: TCC order-show 1-53
2026-09-10 07:46:33,847 INFO o.a.j.t.JMeterThread: Thread finished: TCC order-show 1-53
2026-09-10 07:46:33,854 INFO o.a.j.t.JMeterThread: Stopping because end time detected by thread: TCC order-show 1-48
2026-09-10 07:46:33,854 INFO o.a.j.t.JMeterThread: Thread finished: TCC order-show 1-48
2026-09-10 07:46:33,860 INFO o.a.j.t.JMeterThread: Stopping because end time detected by thread: TCC order-show 1-68
2026-09-10 07:46:33,860 INFO o.a.j.t.JMeterThread: Thread finished: TCC order-show 1-68
2026-09-10 07:46:33,867 INFO o.a.j.t.JMeterThread: Stopping because end time detected by thread: TCC order-show 1-70
2026-09-10 07:46:33,867 INFO o.a.j.t.JMeterThread: Thread finished: TCC order-show 1-70
2026-09-10 07:46:33,874 INFO o.a.j.t.JMeterThread: Stopping because end time detected by thread: TCC order-show 1-54
2026-09-10 07:46:33,874 INFO o.a.j.t.JMeterThread: Thread finished: TCC order-show 1-54
2026-09-10 07:46:33,881 INFO o.a.j.t.JMeterThread: Stopping because end time detected by thread: TCC order-show 1-76
2026-09-10 07:46:33,881 INFO o.a.j.t.JMeterThread: Thread finished: TCC order-show 1-76
2026-09-10 07:46:33,888 INFO o.a.j.t.JMeterThread: Stopping because end time detected by thread: TCC order-show 1-63
2026-09-10 07:46:33,888 INFO o.a.j.t.JMeterThread: Thread finished: TCC order-show 1-63
2026-09-10 07:46:33,895 INFO o.a.j.t.JMeterThread: Stopping because end time detected by thread: TCC order-show 1-35
2026-09-10 07:46:33,895 INFO o.a.j.t.JMeterThread: Thread finished: TCC order-show 1-35
2026-09-10 07:46:33,902 INFO o.a.j.t.JMeterThread: Stopping because end time detected by thread: TCC order-show 1-56
2026-09-10 07:46:33,902 INFO o.a.j.t.JMeterThread: Thread finished: TCC order-show 1-56
2026-09-10 07:46:33,908 INFO o.a.j.t.JMeterThread: Stopping because end time detected by thread: TCC order-show 1-28
2026-09-10 07:46:33,909 INFO o.a.j.t.JMeterThread: Thread finished: TCC order-show 1-28
2026-09-10 07:46:33,915 INFO o.a.j.t.JMeterThread: Stopping because end time detected by thread: TCC order-show 1-90
2026-09-10 07:46:33,916 INFO o.a.j.t.JMeterThread: Thread finished: TCC order-show 1-90
2026-09-10 07:46:33,922 INFO o.a.j.t.JMeterThread: Stopping because end time detected by thread: TCC order-show 1-20
2026-09-10 07:46:33,923 INFO o.a.j.t.JMeterThread: Thread finished: TCC order-show 1-20
2026-09-10 07:46:33,929 INFO o.a.j.t.JMeterThread: Stopping because end time detected by thread: TCC order-show 1-19
2026-09-10 07:46:33,930 INFO o.a.j.t.JMeterThread: Thread finished: TCC order-show 1-19
2026-09-10 07:46:33,936 INFO o.a.j.t.JMeterThread: Stopping because end time detected by thread: TCC order-show 1-50
2026-09-10 07:46:33,937 INFO o.a.j.t.JMeterThread: Thread finished: TCC order-show 1-50
2026-09-10 07:46:33,943 INFO o.a.j.t.JMeterThread: Stopping because end time detected by thread: TCC order-show 1-49
2026-09-10 07:46:33,944 INFO o.a.j.t.JMeterThread: Thread finished: TCC order-show 1-49
2026-09-10 07:46:33,950 INFO o.a.j.t.JMeterThread: Stopping because end time detected by thread: TCC order-show 1-52
2026-09-10 07:46:33,950 INFO o.a.j.t.JMeterThread: Thread finished: TCC order-show 1-52
2026-09-10 07:46:33,958 INFO o.a.j.t.JMeterThread: Stopping because end time detected by thread: TCC order-show 1-59
2026-09-10 07:46:33,958 INFO o.a.j.t.JMeterThread: Thread finished: TCC order-show 1-59
2026-09-10 07:46:33,966 INFO o.a.j.t.JMeterThread: Stopping because end time detected by thread: TCC order-show 1-10
2026-09-10 07:46:33,966 INFO o.a.j.t.JMeterThread: Thread finished: TCC order-show 1-10
2026-09-10 07:46:33,973 INFO o.a.j.t.JMeterThread: Stopping because end time detected by thread: TCC order-show 1-42
2026-09-10 07:46:33,973 INFO o.a.j.t.JMeterThread: Thread finished: TCC order-show 1-42
2026-09-10 07:46:33,980 INFO o.a.j.t.JMeterThread: Stopping because end time detected by thread: TCC order-show 1-4
2026-09-10 07:46:33,980 INFO o.a.j.t.JMeterThread: Thread finished: TCC order-show 1-4
2026-09-10 07:46:33,986 INFO o.a.j.t.JMeterThread: Stopping because end time detected by thread: TCC order-show 1-3
2026-09-10 07:46:33,987 INFO o.a.j.t.JMeterThread: Thread finished: TCC order-show 1-3
2026-09-10 07:46:33,994 INFO o.a.j.t.JMeterThread: Stopping because end time detected by thread: TCC order-show 1-12
2026-09-10 07:46:33,994 INFO o.a.j.t.JMeterThread: Thread finished: TCC order-show 1-12
2026-09-10 07:46:34,001 INFO o.a.j.t.JMeterThread: Stopping because end time detected by thread: TCC order-show 1-94
2026-09-10 07:46:34,002 INFO o.a.j.t.JMeterThread: Thread finished: TCC order-show 1-94
2026-09-10 07:46:34,009 INFO o.a.j.t.JMeterThread: Stopping because end time detected by thread: TCC order-show 1-41
2026-09-10 07:46:34,009 INFO o.a.j.t.JMeterThread: Thread finished: TCC order-show 1-41
2026-09-10 07:46:34,016 INFO o.a.j.t.JMeterThread: Stopping because end time detected by thread: TCC order-show 1-92
2026-09-10 07:46:34,016 INFO o.a.j.t.JMeterThread: Thread finished: TCC order-show 1-92
2026-09-10 07:46:34,023 INFO o.a.j.t.JMeterThread: Stopping because end time detected by thread: TCC order-show 1-11
2026-09-10 07:46:34,023 INFO o.a.j.t.JMeterThread: Thread finished: TCC order-show 1-11
2026-09-10 07:46:34,031 INFO o.a.j.t.JMeterThread: Stopping because end time detected by thread: TCC order-show 1-81
2026-09-10 07:46:34,031 INFO o.a.j.t.JMeterThread: Thread finished: TCC order-show 1-81
2026-09-10 07:46:34,038 INFO o.a.j.t.JMeterThread: Stopping because end time detected by thread: TCC order-show 1-32
2026-09-10 07:46:34,038 INFO o.a.j.t.JMeterThread: Thread finished: TCC order-show 1-32
2026-09-10 07:46:34,046 INFO o.a.j.t.JMeterThread: Stopping because end time detected by thread: TCC order-show 1-75
2026-09-10 07:46:34,046 INFO o.a.j.t.JMeterThread: Thread finished: TCC order-show 1-75
2026-09-10 07:46:34,054 INFO o.a.j.t.JMeterThread: Stopping because end time detected by thread: TCC order-show 1-77
2026-09-10 07:46:34,054 INFO o.a.j.t.JMeterThread: Thread finished: TCC order-show 1-77
2026-09-10 07:46:34,061 INFO o.a.j.t.JMeterThread: Stopping because end time detected by thread: TCC order-show 1-93
2026-09-10 07:46:34,061 INFO o.a.j.t.JMeterThread: Thread finished: TCC order-show 1-93
2026-09-10 07:46:34,068 INFO o.a.j.t.JMeterThread: Stopping because end time detected by thread: TCC order-show 1-36
2026-09-10 07:46:34,068 INFO o.a.j.t.JMeterThread: Thread finished: TCC order-show 1-36
2026-09-10 07:46:34,075 INFO o.a.j.t.JMeterThread: Stopping because end time detected by thread: TCC order-show 1-98
2026-09-10 07:46:34,075 INFO o.a.j.t.JMeterThread: Thread finished: TCC order-show 1-98
2026-09-10 07:46:34,082 INFO o.a.j.t.JMeterThread: Stopping because end time detected by thread: TCC order-show 1-61
2026-09-10 07:46:34,082 INFO o.a.j.t.JMeterThread: Thread finished: TCC order-show 1-61
2026-09-10 07:46:34,089 INFO o.a.j.t.JMeterThread: Stopping because end time detected by thread: TCC order-show 1-69
2026-09-10 07:46:34,089 INFO o.a.j.t.JMeterThread: Thread finished: TCC order-show 1-69
2026-09-10 07:46:34,096 INFO o.a.j.t.JMeterThread: Stopping because end time detected by thread: TCC order-show 1-26
2026-09-10 07:46:34,096 INFO o.a.j.t.JMeterThread: Thread finished: TCC order-show 1-26
2026-09-10 07:46:34,103 INFO o.a.j.t.JMeterThread: Stopping because end time detected by thread: TCC order-show 1-18
2026-09-10 07:46:34,103 INFO o.a.j.t.JMeterThread: Thread finished: TCC order-show 1-18
2026-09-10 07:46:34,110 INFO o.a.j.t.JMeterThread: Stopping because end time detected by thread: TCC order-show 1-89
2026-09-10 07:46:34,110 INFO o.a.j.t.JMeterThread: Thread finished: TCC order-show 1-89
2026-09-10 07:46:34,117 INFO o.a.j.t.JMeterThread: Stopping because end time detected by thread: TCC order-show 1-97
2026-09-10 07:46:34,117 INFO o.a.j.t.JMeterThread: Thread finished: TCC order-show 1-97
2026-09-10 07:46:34,124 INFO o.a.j.t.JMeterThread: Stopping because end time detected by thread: TCC order-show 1-45
2026-09-10 07:46:34,125 INFO o.a.j.t.JMeterThread: Thread finished: TCC order-show 1-45
2026-09-10 07:46:34,132 INFO o.a.j.t.JMeterThread: Stopping because end time detected by thread: TCC order-show 1-66
2026-09-10 07:46:34,132 INFO o.a.j.t.JMeterThread: Thread finished: TCC order-show 1-66
2026-09-10 07:46:34,139 INFO o.a.j.t.JMeterThread: Stopping because end time detected by thread: TCC order-show 1-95
2026-09-10 07:46:34,139 INFO o.a.j.t.JMeterThread: Thread finished: TCC order-show 1-95
2026-09-10 07:46:34,146 INFO o.a.j.t.JMeterThread: Stopping because end time detected by thread: TCC order-show 1-14
2026-09-10 07:46:34,146 INFO o.a.j.t.JMeterThread: Thread finished: TCC order-show 1-14
2026-09-10 07:46:34,153 INFO o.a.j.t.JMeterThread: Stopping because end time detected by thread: TCC order-show 1-33
2026-09-10 07:46:34,153 INFO o.a.j.t.JMeterThread: Thread finished: TCC order-show 1-33
2026-09-10 07:46:34,160 INFO o.a.j.t.JMeterThread: Stopping because end time detected by thread: TCC order-show 1-65
2026-09-10 07:46:34,160 INFO o.a.j.t.JMeterThread: Thread finished: TCC order-show 1-65
2026-09-10 07:46:34,167 INFO o.a.j.t.JMeterThread: Stopping because end time detected by thread: TCC order-show 1-6
2026-09-10 07:46:34,167 INFO o.a.j.t.JMeterThread: Thread finished: TCC order-show 1-6
2026-09-10 07:46:34,174 INFO o.a.j.t.JMeterThread: Stopping because end time detected by thread: TCC order-show 1-7
2026-09-10 07:46:34,174 INFO o.a.j.t.JMeterThread: Thread finished: TCC order-show 1-7
2026-09-10 07:46:34,181 INFO o.a.j.t.JMeterThread: Stopping because end time detected by thread: TCC order-show 1-85
2026-09-10 07:46:34,181 INFO o.a.j.t.JMeterThread: Thread finished: TCC order-show 1-85
2026-09-10 07:46:34,188 INFO o.a.j.t.JMeterThread: Stopping because end time detected by thread: TCC order-show 1-64
2026-09-10 07:46:34,188 INFO o.a.j.t.JMeterThread: Thread finished: TCC order-show 1-64
2026-09-10 07:46:34,195 INFO o.a.j.t.JMeterThread: Stopping because end time detected by thread: TCC order-show 1-21
2026-09-10 07:46:34,195 INFO o.a.j.t.JMeterThread: Thread finished: TCC order-show 1-21
2026-09-10 07:46:34,203 INFO o.a.j.t.JMeterThread: Stopping because end time detected by thread: TCC order-show 1-15
2026-09-10 07:46:34,203 INFO o.a.j.t.JMeterThread: Thread finished: TCC order-show 1-15
2026-09-10 07:46:34,210 INFO o.a.j.t.JMeterThread: Stopping because end time detected by thread: TCC order-show 1-43
2026-09-10 07:46:34,210 INFO o.a.j.t.JMeterThread: Thread finished: TCC order-show 1-43
2026-09-10 07:46:34,217 INFO o.a.j.t.JMeterThread: Stopping because end time detected by thread: TCC order-show 1-1
2026-09-10 07:46:34,217 INFO o.a.j.t.JMeterThread: Thread finished: TCC order-show 1-1
2026-09-10 07:46:34,226 INFO o.a.j.t.JMeterThread: Stopping because end time detected by thread: TCC order-show 1-9
2026-09-10 07:46:34,226 INFO o.a.j.t.JMeterThread: Thread finished: TCC order-show 1-9
2026-09-10 07:46:34,235 INFO o.a.j.t.JMeterThread: Stopping because end time detected by thread: TCC order-show 1-46
2026-09-10 07:46:34,235 INFO o.a.j.t.JMeterThread: Thread finished: TCC order-show 1-46
2026-09-10 07:46:34,243 INFO o.a.j.t.JMeterThread: Stopping because end time detected by thread: TCC order-show 1-57
2026-09-10 07:46:34,243 INFO o.a.j.t.JMeterThread: Thread finished: TCC order-show 1-57
2026-09-10 07:46:34,251 INFO o.a.j.t.JMeterThread: Stopping because end time detected by thread: TCC order-show 1-8
2026-09-10 07:46:34,251 INFO o.a.j.t.JMeterThread: Thread finished: TCC order-show 1-8
2026-09-10 07:46:34,258 INFO o.a.j.t.JMeterThread: Stopping because end time detected by thread: TCC order-show 1-37
2026-09-10 07:46:34,258 INFO o.a.j.t.JMeterThread: Thread finished: TCC order-show 1-37
2026-09-10 07:46:34,265 INFO o.a.j.t.JMeterThread: Stopping because end time detected by thread: TCC order-show 1-34
2026-09-10 07:46:34,265 INFO o.a.j.t.JMeterThread: Thread finished: TCC order-show 1-34
2026-09-10 07:46:34,272 INFO o.a.j.t.JMeterThread: Stopping because end time detected by thread: TCC order-show 1-24
2026-09-10 07:46:34,272 INFO o.a.j.t.JMeterThread: Thread finished: TCC order-show 1-24
2026-09-10 07:46:34,279 INFO o.a.j.t.JMeterThread: Stopping because end time detected by thread: TCC order-show 1-87
2026-09-10 07:46:34,279 INFO o.a.j.t.JMeterThread: Thread finished: TCC order-show 1-87
2026-09-10 07:46:34,286 INFO o.a.j.t.JMeterThread: Stopping because end time detected by thread: TCC order-show 1-73
2026-09-10 07:46:34,286 INFO o.a.j.t.JMeterThread: Thread finished: TCC order-show 1-73
2026-09-10 07:46:34,294 INFO o.a.j.t.JMeterThread: Stopping because end time detected by thread: TCC order-show 1-74
2026-09-10 07:46:34,294 INFO o.a.j.t.JMeterThread: Thread finished: TCC order-show 1-74
2026-09-10 07:46:34,294 INFO o.a.j.e.StandardJMeterEngine: Notifying test listeners of end of test
2026-09-10 07:46:34,298 INFO o.a.j.r.Summariser: summary +    599 in 00:00:04 =  139.4/s Avg:   713 Min:   697 Max:   739 Err:     0 (0.00%) Active: 0 Started: 100 Finished: 100
2026-09-10 07:46:34,298 INFO o.a.j.r.Summariser: summary =   3971 in 00:00:31 =  129.1/s Avg:   747 Min:   156 Max:  1396 Err:     0 (0.00%)
