2026-09-10 03:31:57,393 INFO o.a.j.u.JMeterUtils: Setting Locale to en_EN
2026-09-10 03:31:57,410 INFO o.a.j.JMeter: Loading user properties from: /home/avituo/projects/tcc/tcc-container/.tools/apache-jmeter-5.6.3/bin/user.properties
2026-09-10 03:31:57,411 INFO o.a.j.JMeter: Loading system properties from: /home/avituo/projects/tcc/tcc-container/.tools/apache-jmeter-5.6.3/bin/system.properties
2026-09-10 03:31:57,411 INFO o.a.j.JMeter: Loading additional properties from: /home/avituo/projects/tcc/tcc-container/benchmark/jmeter/benchmark.properties
2026-09-10 03:31:57,411 INFO o.a.j.JMeter: Loading additional properties from: /tmp/tcc-benchmark-auth.RRK5YD/auth.properties
2026-09-10 03:31:57,411 INFO o.a.j.JMeter: Loading additional properties from: /home/avituo/projects/tcc/tcc-container/benchmark/results/laravel-13.20.0/final/orders/c10/r3/monolith/thread-counters.properties
2026-09-10 03:31:57,411 INFO o.a.j.JMeter: Setting JMeter property: threads=10
2026-09-10 03:31:57,411 INFO o.a.j.JMeter: Setting JMeter property: duration_seconds=120
2026-09-10 03:31:57,411 INFO o.a.j.JMeter: Setting JMeter property: target_host=localhost
2026-09-10 03:31:57,411 INFO o.a.j.JMeter: Setting JMeter property: target_port=18000
2026-09-10 03:31:57,411 INFO o.a.j.JMeter: Setting JMeter property: tcc.order.id=1
2026-09-10 03:31:57,411 INFO o.a.j.JMeter: Setting JMeter property: repetition=3
2026-09-10 03:31:57,419 INFO o.a.j.JMeter: Copyright (c) 1998-2024 The Apache Software Foundation
2026-09-10 03:31:57,419 INFO o.a.j.JMeter: Version 5.6.3
2026-09-10 03:31:57,419 INFO o.a.j.JMeter: java.version=21.0.11
2026-09-10 03:31:57,419 INFO o.a.j.JMeter: java.vm.name=OpenJDK 64-Bit Server VM
2026-09-10 03:31:57,419 INFO o.a.j.JMeter: os.name=Linux
2026-09-10 03:31:57,419 INFO o.a.j.JMeter: os.arch=amd64
2026-09-10 03:31:57,419 INFO o.a.j.JMeter: os.version=7.0.11-76070011-generic
2026-09-10 03:31:57,419 INFO o.a.j.JMeter: file.encoding=UTF-8
2026-09-10 03:31:57,419 INFO o.a.j.JMeter: java.awt.headless=true
2026-09-10 03:31:57,419 INFO o.a.j.JMeter: Max memory     =1073741824
2026-09-10 03:31:57,419 INFO o.a.j.JMeter: Available Processors =16
2026-09-10 03:31:57,428 INFO o.a.j.JMeter: Default Locale=English (EN)
2026-09-10 03:31:57,428 INFO o.a.j.JMeter: JMeter  Locale=English (EN)
2026-09-10 03:31:57,428 INFO o.a.j.JMeter: JMeterHome=/home/avituo/projects/tcc/tcc-container/.tools/apache-jmeter-5.6.3
2026-09-10 03:31:57,428 INFO o.a.j.JMeter: user.dir  =/home/avituo/projects/tcc/tcc-container
2026-09-10 03:31:57,428 INFO o.a.j.JMeter: PWD       =/home/avituo/projects/tcc/tcc-container
2026-09-10 03:31:57,442 INFO o.a.j.JMeter: IP: 192.168.1.16 Name: pop-os FullName: pop-os.home
2026-09-10 03:31:57,454 INFO o.a.j.s.FileServer: Default base='/home/avituo/projects/tcc/tcc-container'
2026-09-10 03:31:57,456 INFO o.a.j.s.FileServer: Set new base='/home/avituo/projects/tcc/tcc-container/benchmark/jmeter'
2026-09-10 03:31:57,635 INFO o.a.j.s.SaveService: Testplan (JMX) version: 2.2. Testlog (JTL) version: 2.2
2026-09-10 03:31:57,660 INFO o.a.j.s.SaveService: Using SaveService properties version 5.0
2026-09-10 03:31:57,664 INFO o.a.j.s.SaveService: Using SaveService properties file encoding UTF-8
2026-09-10 03:31:57,667 INFO o.a.j.s.SaveService: Loading file: /home/avituo/projects/tcc/tcc-container/benchmark/jmeter/tcc-orders-v1.jmx
2026-09-10 03:31:57,719 INFO o.a.j.p.h.s.HTTPSamplerBase: Parser for text/html is org.apache.jmeter.protocol.http.parser.LagartoBasedHtmlParser
2026-09-10 03:31:57,719 INFO o.a.j.p.h.s.HTTPSamplerBase: Parser for application/xhtml+xml is org.apache.jmeter.protocol.http.parser.LagartoBasedHtmlParser
2026-09-10 03:31:57,720 INFO o.a.j.p.h.s.HTTPSamplerBase: Parser for application/xml is org.apache.jmeter.protocol.http.parser.LagartoBasedHtmlParser
2026-09-10 03:31:57,720 INFO o.a.j.p.h.s.HTTPSamplerBase: Parser for text/xml is org.apache.jmeter.protocol.http.parser.LagartoBasedHtmlParser
2026-09-10 03:31:57,720 INFO o.a.j.p.h.s.HTTPSamplerBase: Parser for text/vnd.wap.wml is org.apache.jmeter.protocol.http.parser.RegexpHTMLParser
2026-09-10 03:31:57,720 INFO o.a.j.p.h.s.HTTPSamplerBase: Parser for text/css is org.apache.jmeter.protocol.http.parser.CssParser
2026-09-10 03:31:57,751 INFO o.a.j.JMeter: Creating summariser <summary>
2026-09-10 03:31:57,769 INFO o.a.j.e.StandardJMeterEngine: Running the test!
2026-09-10 03:31:57,770 INFO o.a.j.s.SampleEvent: List of sample_variables: []
2026-09-10 03:31:57,770 INFO o.a.j.s.SampleEvent: List of sample_variables: []
2026-09-10 03:31:57,774 INFO o.a.j.e.u.CompoundVariable: Note: Function class names must contain the string: '.functions.'
2026-09-10 03:31:57,774 INFO o.a.j.e.u.CompoundVariable: Note: Function class names must not contain the string: '.gui.'
2026-09-10 03:31:58,017 INFO o.a.j.JMeter: Running test (1789021918017)
2026-09-10 03:31:58,038 INFO o.a.j.e.StandardJMeterEngine: Starting ThreadGroup: 1 : TCC orders
2026-09-10 03:31:58,039 INFO o.a.j.e.StandardJMeterEngine: Starting 10 threads for group TCC orders.
2026-09-10 03:31:58,039 INFO o.a.j.e.StandardJMeterEngine: Thread will continue on error
2026-09-10 03:31:58,039 INFO o.a.j.t.ThreadGroup: Starting thread group... number=1 threads=10 ramp-up=0 delayedStart=false
2026-09-10 03:31:58,046 INFO o.a.j.t.JMeterThread: Thread started: TCC orders 1-1
2026-09-10 03:31:58,046 INFO o.a.j.t.JMeterThread: Thread started: TCC orders 1-4
2026-09-10 03:31:58,046 INFO o.a.j.t.JMeterThread: Thread started: TCC orders 1-2
2026-09-10 03:31:58,046 INFO o.a.j.t.JMeterThread: Thread started: TCC orders 1-3
2026-09-10 03:31:58,046 INFO o.a.j.t.JMeterThread: Thread started: TCC orders 1-5
2026-09-10 03:31:58,047 INFO o.a.j.t.JMeterThread: Thread started: TCC orders 1-6
2026-09-10 03:31:58,048 INFO o.a.j.t.JMeterThread: Thread started: TCC orders 1-7
2026-09-10 03:31:58,049 INFO o.a.j.t.JMeterThread: Thread started: TCC orders 1-8
2026-09-10 03:31:58,049 INFO o.a.j.t.JMeterThread: Thread started: TCC orders 1-9
2026-09-10 03:31:58,050 INFO o.a.j.t.ThreadGroup: Started thread group number 1
2026-09-10 03:31:58,050 INFO o.a.j.e.StandardJMeterEngine: All thread groups have been started
2026-09-10 03:31:58,050 INFO o.a.j.t.JMeterThread: Thread started: TCC orders 1-10
2026-09-10 03:31:58,062 INFO o.a.j.p.h.s.HTTPHCAbstractImpl: Local host = pop-os
2026-09-10 03:31:58,068 INFO o.a.j.p.h.s.HTTPHC4Impl: HTTP request retry count = 0
2026-09-10 03:31:58,069 INFO o.a.j.s.SampleResult: Note: Sample TimeStamps are START times
2026-09-10 03:31:58,069 INFO o.a.j.s.SampleResult: sampleresult.default.encoding is set to UTF-8
2026-09-10 03:31:58,069 INFO o.a.j.s.SampleResult: sampleresult.useNanoTime=true
2026-09-10 03:31:58,069 INFO o.a.j.s.SampleResult: sampleresult.nanoThreadSleep=5000
2026-09-10 03:32:00,016 INFO o.a.j.r.Summariser: summary +     47 in 00:00:02 =   23.5/s Avg:   228 Min:    39 Max:   392 Err:     0 (0.00%) Active: 10 Started: 10 Finished: 0
2026-09-10 03:32:30,017 INFO o.a.j.r.Summariser: summary +   1184 in 00:00:30 =   39.5/s Avg:   252 Min:   232 Max:   296 Err:     0 (0.00%) Active: 10 Started: 10 Finished: 0
2026-09-10 03:32:30,017 INFO o.a.j.r.Summariser: summary =   1231 in 00:00:32 =   38.5/s Avg:   251 Min:    39 Max:   392 Err:     0 (0.00%)
2026-09-10 03:33:00,029 INFO o.a.j.r.Summariser: summary +   1207 in 00:00:30 =   40.2/s Avg:   247 Min:   233 Max:   262 Err:     0 (0.00%) Active: 10 Started: 10 Finished: 0
2026-09-10 03:33:00,030 INFO o.a.j.r.Summariser: summary =   2438 in 00:01:02 =   39.3/s Avg:   249 Min:    39 Max:   392 Err:     0 (0.00%)
2026-09-10 03:33:30,018 INFO o.a.j.r.Summariser: summary +   1205 in 00:00:30 =   40.2/s Avg:   248 Min:   235 Max:   307 Err:     0 (0.00%) Active: 10 Started: 10 Finished: 0
2026-09-10 03:33:30,019 INFO o.a.j.r.Summariser: summary =   3643 in 00:01:32 =   39.6/s Avg:   249 Min:    39 Max:   392 Err:     0 (0.00%)
2026-09-10 03:33:58,056 INFO o.a.j.t.JMeterThread: Stopping because end time detected by thread: TCC orders 1-10
2026-09-10 03:33:58,056 INFO o.a.j.t.JMeterThread: Thread finished: TCC orders 1-10
2026-09-10 03:33:58,081 INFO o.a.j.t.JMeterThread: Stopping because end time detected by thread: TCC orders 1-6
2026-09-10 03:33:58,081 INFO o.a.j.t.JMeterThread: Thread finished: TCC orders 1-6
2026-09-10 03:33:58,106 INFO o.a.j.t.JMeterThread: Stopping because end time detected by thread: TCC orders 1-2
2026-09-10 03:33:58,106 INFO o.a.j.t.JMeterThread: Thread finished: TCC orders 1-2
2026-09-10 03:33:58,130 INFO o.a.j.t.JMeterThread: Stopping because end time detected by thread: TCC orders 1-3
2026-09-10 03:33:58,131 INFO o.a.j.t.JMeterThread: Thread finished: TCC orders 1-3
2026-09-10 03:33:58,155 INFO o.a.j.t.JMeterThread: Stopping because end time detected by thread: TCC orders 1-1
2026-09-10 03:33:58,155 INFO o.a.j.t.JMeterThread: Thread finished: TCC orders 1-1
2026-09-10 03:33:58,179 INFO o.a.j.t.JMeterThread: Stopping because end time detected by thread: TCC orders 1-4
2026-09-10 03:33:58,179 INFO o.a.j.t.JMeterThread: Thread finished: TCC orders 1-4
2026-09-10 03:33:58,203 INFO o.a.j.t.JMeterThread: Stopping because end time detected by thread: TCC orders 1-8
2026-09-10 03:33:58,203 INFO o.a.j.t.JMeterThread: Thread finished: TCC orders 1-8
2026-09-10 03:33:58,228 INFO o.a.j.t.JMeterThread: Stopping because end time detected by thread: TCC orders 1-9
2026-09-10 03:33:58,228 INFO o.a.j.t.JMeterThread: Thread finished: TCC orders 1-9
2026-09-10 03:33:58,254 INFO o.a.j.t.JMeterThread: Stopping because end time detected by thread: TCC orders 1-7
2026-09-10 03:33:58,254 INFO o.a.j.t.JMeterThread: Thread finished: TCC orders 1-7
2026-09-10 03:33:58,278 INFO o.a.j.t.JMeterThread: Stopping because end time detected by thread: TCC orders 1-5
2026-09-10 03:33:58,279 INFO o.a.j.t.JMeterThread: Thread finished: TCC orders 1-5
2026-09-10 03:33:58,279 INFO o.a.j.e.StandardJMeterEngine: Notifying test listeners of end of test
2026-09-10 03:33:58,282 INFO o.a.j.r.Summariser: summary +   1133 in 00:00:28 =   40.1/s Avg:   248 Min:   232 Max:   287 Err:     0 (0.00%) Active: 0 Started: 10 Finished: 10
2026-09-10 03:33:58,282 INFO o.a.j.r.Summariser: summary =   4776 in 00:02:00 =   39.7/s Avg:   249 Min:    39 Max:   392 Err:     0 (0.00%)
