2026-09-10 03:31:22,267 INFO o.a.j.u.JMeterUtils: Setting Locale to en_EN
2026-09-10 03:31:22,283 INFO o.a.j.JMeter: Loading user properties from: /home/avituo/projects/tcc/tcc-container/.tools/apache-jmeter-5.6.3/bin/user.properties
2026-09-10 03:31:22,283 INFO o.a.j.JMeter: Loading system properties from: /home/avituo/projects/tcc/tcc-container/.tools/apache-jmeter-5.6.3/bin/system.properties
2026-09-10 03:31:22,283 INFO o.a.j.JMeter: Loading additional properties from: /home/avituo/projects/tcc/tcc-container/benchmark/jmeter/benchmark.properties
2026-09-10 03:31:22,284 INFO o.a.j.JMeter: Loading additional properties from: /tmp/tcc-benchmark-auth.RRK5YD/auth.properties
2026-09-10 03:31:22,284 INFO o.a.j.JMeter: Setting JMeter property: threads=10
2026-09-10 03:31:22,284 INFO o.a.j.JMeter: Setting JMeter property: duration_seconds=30
2026-09-10 03:31:22,284 INFO o.a.j.JMeter: Setting JMeter property: target_host=localhost
2026-09-10 03:31:22,284 INFO o.a.j.JMeter: Setting JMeter property: target_port=18000
2026-09-10 03:31:22,284 INFO o.a.j.JMeter: Setting JMeter property: tcc.order.id=1
2026-09-10 03:31:22,284 INFO o.a.j.JMeter: Setting JMeter property: repetition=3
2026-09-10 03:31:22,290 INFO o.a.j.JMeter: Copyright (c) 1998-2024 The Apache Software Foundation
2026-09-10 03:31:22,290 INFO o.a.j.JMeter: Version 5.6.3
2026-09-10 03:31:22,290 INFO o.a.j.JMeter: java.version=21.0.11
2026-09-10 03:31:22,290 INFO o.a.j.JMeter: java.vm.name=OpenJDK 64-Bit Server VM
2026-09-10 03:31:22,290 INFO o.a.j.JMeter: os.name=Linux
2026-09-10 03:31:22,290 INFO o.a.j.JMeter: os.arch=amd64
2026-09-10 03:31:22,290 INFO o.a.j.JMeter: os.version=7.0.11-76070011-generic
2026-09-10 03:31:22,290 INFO o.a.j.JMeter: file.encoding=UTF-8
2026-09-10 03:31:22,291 INFO o.a.j.JMeter: java.awt.headless=true
2026-09-10 03:31:22,291 INFO o.a.j.JMeter: Max memory     =1073741824
2026-09-10 03:31:22,291 INFO o.a.j.JMeter: Available Processors =16
2026-09-10 03:31:22,299 INFO o.a.j.JMeter: Default Locale=English (EN)
2026-09-10 03:31:22,300 INFO o.a.j.JMeter: JMeter  Locale=English (EN)
2026-09-10 03:31:22,300 INFO o.a.j.JMeter: JMeterHome=/home/avituo/projects/tcc/tcc-container/.tools/apache-jmeter-5.6.3
2026-09-10 03:31:22,300 INFO o.a.j.JMeter: user.dir  =/home/avituo/projects/tcc/tcc-container
2026-09-10 03:31:22,300 INFO o.a.j.JMeter: PWD       =/home/avituo/projects/tcc/tcc-container
2026-09-10 03:31:22,311 INFO o.a.j.JMeter: IP: 192.168.1.16 Name: pop-os FullName: pop-os.home
2026-09-10 03:31:22,322 INFO o.a.j.s.FileServer: Default base='/home/avituo/projects/tcc/tcc-container'
2026-09-10 03:31:22,324 INFO o.a.j.s.FileServer: Set new base='/home/avituo/projects/tcc/tcc-container/benchmark/jmeter'
2026-09-10 03:31:22,492 INFO o.a.j.s.SaveService: Testplan (JMX) version: 2.2. Testlog (JTL) version: 2.2
2026-09-10 03:31:22,516 INFO o.a.j.s.SaveService: Using SaveService properties version 5.0
2026-09-10 03:31:22,519 INFO o.a.j.s.SaveService: Using SaveService properties file encoding UTF-8
2026-09-10 03:31:22,523 INFO o.a.j.s.SaveService: Loading file: /home/avituo/projects/tcc/tcc-container/benchmark/jmeter/tcc-orders-v1.jmx
2026-09-10 03:31:22,572 INFO o.a.j.p.h.s.HTTPSamplerBase: Parser for text/html is org.apache.jmeter.protocol.http.parser.LagartoBasedHtmlParser
2026-09-10 03:31:22,572 INFO o.a.j.p.h.s.HTTPSamplerBase: Parser for application/xhtml+xml is org.apache.jmeter.protocol.http.parser.LagartoBasedHtmlParser
2026-09-10 03:31:22,572 INFO o.a.j.p.h.s.HTTPSamplerBase: Parser for application/xml is org.apache.jmeter.protocol.http.parser.LagartoBasedHtmlParser
2026-09-10 03:31:22,572 INFO o.a.j.p.h.s.HTTPSamplerBase: Parser for text/xml is org.apache.jmeter.protocol.http.parser.LagartoBasedHtmlParser
2026-09-10 03:31:22,572 INFO o.a.j.p.h.s.HTTPSamplerBase: Parser for text/vnd.wap.wml is org.apache.jmeter.protocol.http.parser.RegexpHTMLParser
2026-09-10 03:31:22,572 INFO o.a.j.p.h.s.HTTPSamplerBase: Parser for text/css is org.apache.jmeter.protocol.http.parser.CssParser
2026-09-10 03:31:22,600 INFO o.a.j.JMeter: Creating summariser <summary>
2026-09-10 03:31:22,617 INFO o.a.j.e.StandardJMeterEngine: Running the test!
2026-09-10 03:31:22,618 INFO o.a.j.s.SampleEvent: List of sample_variables: []
2026-09-10 03:31:22,618 INFO o.a.j.s.SampleEvent: List of sample_variables: []
2026-09-10 03:31:22,623 INFO o.a.j.e.u.CompoundVariable: Note: Function class names must contain the string: '.functions.'
2026-09-10 03:31:22,623 INFO o.a.j.e.u.CompoundVariable: Note: Function class names must not contain the string: '.gui.'
2026-09-10 03:31:22,865 INFO o.a.j.JMeter: Running test (1789021882865)
2026-09-10 03:31:22,884 INFO o.a.j.e.StandardJMeterEngine: Starting ThreadGroup: 1 : TCC orders
2026-09-10 03:31:22,884 INFO o.a.j.e.StandardJMeterEngine: Starting 10 threads for group TCC orders.
2026-09-10 03:31:22,885 INFO o.a.j.e.StandardJMeterEngine: Thread will continue on error
2026-09-10 03:31:22,885 INFO o.a.j.t.ThreadGroup: Starting thread group... number=1 threads=10 ramp-up=0 delayedStart=false
2026-09-10 03:31:22,892 INFO o.a.j.t.JMeterThread: Thread started: TCC orders 1-5
2026-09-10 03:31:22,892 INFO o.a.j.t.JMeterThread: Thread started: TCC orders 1-2
2026-09-10 03:31:22,892 INFO o.a.j.t.JMeterThread: Thread started: TCC orders 1-1
2026-09-10 03:31:22,892 INFO o.a.j.t.JMeterThread: Thread started: TCC orders 1-4
2026-09-10 03:31:22,892 INFO o.a.j.t.JMeterThread: Thread started: TCC orders 1-3
2026-09-10 03:31:22,892 INFO o.a.j.t.JMeterThread: Thread started: TCC orders 1-6
2026-09-10 03:31:22,893 INFO o.a.j.t.JMeterThread: Thread started: TCC orders 1-7
2026-09-10 03:31:22,894 INFO o.a.j.t.JMeterThread: Thread started: TCC orders 1-8
2026-09-10 03:31:22,894 INFO o.a.j.t.JMeterThread: Thread started: TCC orders 1-9
2026-09-10 03:31:22,894 INFO o.a.j.t.ThreadGroup: Started thread group number 1
2026-09-10 03:31:22,895 INFO o.a.j.e.StandardJMeterEngine: All thread groups have been started
2026-09-10 03:31:22,895 INFO o.a.j.t.JMeterThread: Thread started: TCC orders 1-10
2026-09-10 03:31:22,909 INFO o.a.j.p.h.s.HTTPHCAbstractImpl: Local host = pop-os
2026-09-10 03:31:22,914 INFO o.a.j.p.h.s.HTTPHC4Impl: HTTP request retry count = 0
2026-09-10 03:31:22,916 INFO o.a.j.s.SampleResult: Note: Sample TimeStamps are START times
2026-09-10 03:31:22,916 INFO o.a.j.s.SampleResult: sampleresult.default.encoding is set to UTF-8
2026-09-10 03:31:22,916 INFO o.a.j.s.SampleResult: sampleresult.useNanoTime=true
2026-09-10 03:31:22,916 INFO o.a.j.s.SampleResult: sampleresult.nanoThreadSleep=5000
2026-09-10 03:31:30,011 INFO o.a.j.r.Summariser: summary +    255 in 00:00:07 =   35.7/s Avg:   242 Min:    28 Max:   379 Err:     0 (0.00%) Active: 10 Started: 10 Finished: 0
2026-09-10 03:31:52,904 INFO o.a.j.t.JMeterThread: Stopping because end time detected by thread: TCC orders 1-10
2026-09-10 03:31:52,904 INFO o.a.j.t.JMeterThread: Thread finished: TCC orders 1-10
2026-09-10 03:31:52,930 INFO o.a.j.t.JMeterThread: Stopping because end time detected by thread: TCC orders 1-5
2026-09-10 03:31:52,930 INFO o.a.j.t.JMeterThread: Thread finished: TCC orders 1-5
2026-09-10 03:31:52,956 INFO o.a.j.t.JMeterThread: Stopping because end time detected by thread: TCC orders 1-9
2026-09-10 03:31:52,956 INFO o.a.j.t.JMeterThread: Thread finished: TCC orders 1-9
2026-09-10 03:31:52,981 INFO o.a.j.t.JMeterThread: Stopping because end time detected by thread: TCC orders 1-4
2026-09-10 03:31:52,982 INFO o.a.j.t.JMeterThread: Thread finished: TCC orders 1-4
2026-09-10 03:31:53,044 INFO o.a.j.t.JMeterThread: Stopping because end time detected by thread: TCC orders 1-1
2026-09-10 03:31:53,044 INFO o.a.j.t.JMeterThread: Thread finished: TCC orders 1-1
2026-09-10 03:31:53,070 INFO o.a.j.t.JMeterThread: Stopping because end time detected by thread: TCC orders 1-2
2026-09-10 03:31:53,070 INFO o.a.j.t.JMeterThread: Thread finished: TCC orders 1-2
2026-09-10 03:31:53,095 INFO o.a.j.t.JMeterThread: Stopping because end time detected by thread: TCC orders 1-3
2026-09-10 03:31:53,096 INFO o.a.j.t.JMeterThread: Thread finished: TCC orders 1-3
2026-09-10 03:31:53,119 INFO o.a.j.t.JMeterThread: Stopping because end time detected by thread: TCC orders 1-7
2026-09-10 03:31:53,119 INFO o.a.j.t.JMeterThread: Thread finished: TCC orders 1-7
2026-09-10 03:31:53,143 INFO o.a.j.t.JMeterThread: Stopping because end time detected by thread: TCC orders 1-8
2026-09-10 03:31:53,143 INFO o.a.j.t.JMeterThread: Thread finished: TCC orders 1-8
2026-09-10 03:31:53,166 INFO o.a.j.t.JMeterThread: Stopping because end time detected by thread: TCC orders 1-6
2026-09-10 03:31:53,166 INFO o.a.j.t.JMeterThread: Thread finished: TCC orders 1-6
2026-09-10 03:31:53,167 INFO o.a.j.e.StandardJMeterEngine: Notifying test listeners of end of test
2026-09-10 03:31:53,170 INFO o.a.j.r.Summariser: summary +    906 in 00:00:23 =   39.1/s Avg:   254 Min:   242 Max:   290 Err:     0 (0.00%) Active: 0 Started: 10 Finished: 10
2026-09-10 03:31:53,170 INFO o.a.j.r.Summariser: summary =   1161 in 00:00:30 =   38.3/s Avg:   251 Min:    28 Max:   379 Err:     0 (0.00%)
