2026-09-10 00:57:28,642 INFO o.a.j.u.JMeterUtils: Setting Locale to en_EN
2026-09-10 00:57:28,661 INFO o.a.j.JMeter: Loading user properties from: /home/avituo/projects/tcc/tcc-container/.tools/apache-jmeter-5.6.3/bin/user.properties
2026-09-10 00:57:28,662 INFO o.a.j.JMeter: Loading system properties from: /home/avituo/projects/tcc/tcc-container/.tools/apache-jmeter-5.6.3/bin/system.properties
2026-09-10 00:57:28,662 INFO o.a.j.JMeter: Loading additional properties from: /home/avituo/projects/tcc/tcc-container/benchmark/jmeter/benchmark.properties
2026-09-10 00:57:28,662 INFO o.a.j.JMeter: Loading additional properties from: /tmp/tcc-benchmark-auth.HDRNAT/auth.properties
2026-09-10 00:57:28,662 INFO o.a.j.JMeter: Loading additional properties from: /home/avituo/projects/tcc/tcc-container/benchmark/results/laravel-13.20.0/final/products/c10/r1/microservices/thread-counters.properties
2026-09-10 00:57:28,662 INFO o.a.j.JMeter: Setting JMeter property: threads=10
2026-09-10 00:57:28,662 INFO o.a.j.JMeter: Setting JMeter property: duration_seconds=120
2026-09-10 00:57:28,662 INFO o.a.j.JMeter: Setting JMeter property: target_host=localhost
2026-09-10 00:57:28,662 INFO o.a.j.JMeter: Setting JMeter property: target_port=18080
2026-09-10 00:57:28,663 INFO o.a.j.JMeter: Setting JMeter property: tcc.order.id=20000000-0000-4000-8000-000000000001
2026-09-10 00:57:28,663 INFO o.a.j.JMeter: Setting JMeter property: repetition=1
2026-09-10 00:57:28,669 INFO o.a.j.JMeter: Copyright (c) 1998-2024 The Apache Software Foundation
2026-09-10 00:57:28,669 INFO o.a.j.JMeter: Version 5.6.3
2026-09-10 00:57:28,669 INFO o.a.j.JMeter: java.version=21.0.11
2026-09-10 00:57:28,669 INFO o.a.j.JMeter: java.vm.name=OpenJDK 64-Bit Server VM
2026-09-10 00:57:28,669 INFO o.a.j.JMeter: os.name=Linux
2026-09-10 00:57:28,669 INFO o.a.j.JMeter: os.arch=amd64
2026-09-10 00:57:28,669 INFO o.a.j.JMeter: os.version=7.0.11-76070011-generic
2026-09-10 00:57:28,669 INFO o.a.j.JMeter: file.encoding=UTF-8
2026-09-10 00:57:28,669 INFO o.a.j.JMeter: java.awt.headless=true
2026-09-10 00:57:28,670 INFO o.a.j.JMeter: Max memory     =1073741824
2026-09-10 00:57:28,670 INFO o.a.j.JMeter: Available Processors =16
2026-09-10 00:57:28,678 INFO o.a.j.JMeter: Default Locale=English (EN)
2026-09-10 00:57:28,678 INFO o.a.j.JMeter: JMeter  Locale=English (EN)
2026-09-10 00:57:28,678 INFO o.a.j.JMeter: JMeterHome=/home/avituo/projects/tcc/tcc-container/.tools/apache-jmeter-5.6.3
2026-09-10 00:57:28,678 INFO o.a.j.JMeter: user.dir  =/home/avituo/projects/tcc/tcc-container
2026-09-10 00:57:28,679 INFO o.a.j.JMeter: PWD       =/home/avituo/projects/tcc/tcc-container
2026-09-10 00:57:28,690 INFO o.a.j.JMeter: IP: 192.168.1.16 Name: pop-os FullName: pop-os.home
2026-09-10 00:57:28,702 INFO o.a.j.s.FileServer: Default base='/home/avituo/projects/tcc/tcc-container'
2026-09-10 00:57:28,704 INFO o.a.j.s.FileServer: Set new base='/home/avituo/projects/tcc/tcc-container/benchmark/jmeter'
2026-09-10 00:57:28,885 INFO o.a.j.s.SaveService: Testplan (JMX) version: 2.2. Testlog (JTL) version: 2.2
2026-09-10 00:57:28,912 INFO o.a.j.s.SaveService: Using SaveService properties version 5.0
2026-09-10 00:57:28,915 INFO o.a.j.s.SaveService: Using SaveService properties file encoding UTF-8
2026-09-10 00:57:28,919 INFO o.a.j.s.SaveService: Loading file: /home/avituo/projects/tcc/tcc-container/benchmark/jmeter/tcc-products-v1.jmx
2026-09-10 00:57:28,972 INFO o.a.j.p.h.s.HTTPSamplerBase: Parser for text/html is org.apache.jmeter.protocol.http.parser.LagartoBasedHtmlParser
2026-09-10 00:57:28,972 INFO o.a.j.p.h.s.HTTPSamplerBase: Parser for application/xhtml+xml is org.apache.jmeter.protocol.http.parser.LagartoBasedHtmlParser
2026-09-10 00:57:28,972 INFO o.a.j.p.h.s.HTTPSamplerBase: Parser for application/xml is org.apache.jmeter.protocol.http.parser.LagartoBasedHtmlParser
2026-09-10 00:57:28,972 INFO o.a.j.p.h.s.HTTPSamplerBase: Parser for text/xml is org.apache.jmeter.protocol.http.parser.LagartoBasedHtmlParser
2026-09-10 00:57:28,972 INFO o.a.j.p.h.s.HTTPSamplerBase: Parser for text/vnd.wap.wml is org.apache.jmeter.protocol.http.parser.RegexpHTMLParser
2026-09-10 00:57:28,972 INFO o.a.j.p.h.s.HTTPSamplerBase: Parser for text/css is org.apache.jmeter.protocol.http.parser.CssParser
2026-09-10 00:57:28,999 INFO o.a.j.JMeter: Creating summariser <summary>
2026-09-10 00:57:29,017 INFO o.a.j.e.StandardJMeterEngine: Running the test!
2026-09-10 00:57:29,018 INFO o.a.j.s.SampleEvent: List of sample_variables: []
2026-09-10 00:57:29,018 INFO o.a.j.s.SampleEvent: List of sample_variables: []
2026-09-10 00:57:29,024 INFO o.a.j.e.u.CompoundVariable: Note: Function class names must contain the string: '.functions.'
2026-09-10 00:57:29,024 INFO o.a.j.e.u.CompoundVariable: Note: Function class names must not contain the string: '.gui.'
2026-09-10 00:57:29,267 INFO o.a.j.JMeter: Running test (1789012649267)
2026-09-10 00:57:29,287 INFO o.a.j.e.StandardJMeterEngine: Starting ThreadGroup: 1 : TCC products
2026-09-10 00:57:29,288 INFO o.a.j.e.StandardJMeterEngine: Starting 10 threads for group TCC products.
2026-09-10 00:57:29,288 INFO o.a.j.e.StandardJMeterEngine: Thread will continue on error
2026-09-10 00:57:29,288 INFO o.a.j.t.ThreadGroup: Starting thread group... number=1 threads=10 ramp-up=0 delayedStart=false
2026-09-10 00:57:29,294 INFO o.a.j.t.JMeterThread: Thread started: TCC products 1-2
2026-09-10 00:57:29,294 INFO o.a.j.t.JMeterThread: Thread started: TCC products 1-1
2026-09-10 00:57:29,294 INFO o.a.j.t.JMeterThread: Thread started: TCC products 1-4
2026-09-10 00:57:29,294 INFO o.a.j.t.JMeterThread: Thread started: TCC products 1-3
2026-09-10 00:57:29,294 INFO o.a.j.t.JMeterThread: Thread started: TCC products 1-5
2026-09-10 00:57:29,295 INFO o.a.j.t.JMeterThread: Thread started: TCC products 1-6
2026-09-10 00:57:29,296 INFO o.a.j.t.JMeterThread: Thread started: TCC products 1-7
2026-09-10 00:57:29,296 INFO o.a.j.t.JMeterThread: Thread started: TCC products 1-8
2026-09-10 00:57:29,297 INFO o.a.j.t.JMeterThread: Thread started: TCC products 1-9
2026-09-10 00:57:29,297 INFO o.a.j.t.ThreadGroup: Started thread group number 1
2026-09-10 00:57:29,297 INFO o.a.j.e.StandardJMeterEngine: All thread groups have been started
2026-09-10 00:57:29,297 INFO o.a.j.t.JMeterThread: Thread started: TCC products 1-10
2026-09-10 00:57:29,311 INFO o.a.j.p.h.s.HTTPHCAbstractImpl: Local host = pop-os
2026-09-10 00:57:29,318 INFO o.a.j.p.h.s.HTTPHC4Impl: HTTP request retry count = 0
2026-09-10 00:57:29,319 INFO o.a.j.s.SampleResult: Note: Sample TimeStamps are START times
2026-09-10 00:57:29,319 INFO o.a.j.s.SampleResult: sampleresult.default.encoding is set to UTF-8
2026-09-10 00:57:29,319 INFO o.a.j.s.SampleResult: sampleresult.useNanoTime=true
2026-09-10 00:57:29,319 INFO o.a.j.s.SampleResult: sampleresult.nanoThreadSleep=5000
2026-09-10 00:57:30,311 INFO o.a.j.r.Summariser: summary +      1 in 00:00:01 =    1.0/s Avg:   179 Min:   179 Max:   179 Err:     0 (0.00%) Active: 10 Started: 10 Finished: 0
2026-09-10 00:58:00,008 INFO o.a.j.r.Summariser: summary +   3737 in 00:00:30 =  125.8/s Avg:    78 Min:    16 Max:   165 Err:     0 (0.00%) Active: 10 Started: 10 Finished: 0
2026-09-10 00:58:00,008 INFO o.a.j.r.Summariser: summary =   3738 in 00:00:31 =  121.6/s Avg:    78 Min:    16 Max:   179 Err:     0 (0.00%)
2026-09-10 00:58:30,007 INFO o.a.j.r.Summariser: summary +   3874 in 00:00:30 =  129.1/s Avg:    76 Min:    69 Max:   109 Err:     0 (0.00%) Active: 10 Started: 10 Finished: 0
2026-09-10 00:58:30,007 INFO o.a.j.r.Summariser: summary =   7612 in 00:01:01 =  125.3/s Avg:    77 Min:    16 Max:   179 Err:     0 (0.00%)
2026-09-10 00:59:00,004 INFO o.a.j.r.Summariser: summary +   3818 in 00:00:30 =  127.3/s Avg:    78 Min:    71 Max:   130 Err:     0 (0.00%) Active: 10 Started: 10 Finished: 0
2026-09-10 00:59:00,004 INFO o.a.j.r.Summariser: summary =  11430 in 00:01:31 =  126.0/s Avg:    77 Min:    16 Max:   179 Err:     0 (0.00%)
2026-09-10 00:59:29,296 INFO o.a.j.t.JMeterThread: Stopping because end time detected by thread: TCC products 1-7
2026-09-10 00:59:29,297 INFO o.a.j.t.JMeterThread: Thread finished: TCC products 1-7
2026-09-10 00:59:29,305 INFO o.a.j.t.JMeterThread: Stopping because end time detected by thread: TCC products 1-4
2026-09-10 00:59:29,305 INFO o.a.j.t.JMeterThread: Thread finished: TCC products 1-4
2026-09-10 00:59:29,312 INFO o.a.j.t.JMeterThread: Stopping because end time detected by thread: TCC products 1-2
2026-09-10 00:59:29,312 INFO o.a.j.t.JMeterThread: Thread finished: TCC products 1-2
2026-09-10 00:59:29,320 INFO o.a.j.t.JMeterThread: Stopping because end time detected by thread: TCC products 1-5
2026-09-10 00:59:29,320 INFO o.a.j.t.JMeterThread: Thread finished: TCC products 1-5
2026-09-10 00:59:29,327 INFO o.a.j.t.JMeterThread: Stopping because end time detected by thread: TCC products 1-10
2026-09-10 00:59:29,327 INFO o.a.j.t.JMeterThread: Thread finished: TCC products 1-10
2026-09-10 00:59:29,335 INFO o.a.j.t.JMeterThread: Stopping because end time detected by thread: TCC products 1-9
2026-09-10 00:59:29,335 INFO o.a.j.t.JMeterThread: Thread finished: TCC products 1-9
2026-09-10 00:59:29,343 INFO o.a.j.t.JMeterThread: Stopping because end time detected by thread: TCC products 1-1
2026-09-10 00:59:29,343 INFO o.a.j.t.JMeterThread: Thread finished: TCC products 1-1
2026-09-10 00:59:29,352 INFO o.a.j.t.JMeterThread: Stopping because end time detected by thread: TCC products 1-6
2026-09-10 00:59:29,352 INFO o.a.j.t.JMeterThread: Thread finished: TCC products 1-6
2026-09-10 00:59:29,359 INFO o.a.j.t.JMeterThread: Stopping because end time detected by thread: TCC products 1-3
2026-09-10 00:59:29,359 INFO o.a.j.t.JMeterThread: Thread finished: TCC products 1-3
2026-09-10 00:59:29,367 INFO o.a.j.t.JMeterThread: Stopping because end time detected by thread: TCC products 1-8
2026-09-10 00:59:29,367 INFO o.a.j.t.JMeterThread: Thread finished: TCC products 1-8
2026-09-10 00:59:29,367 INFO o.a.j.e.StandardJMeterEngine: Notifying test listeners of end of test
2026-09-10 00:59:29,370 INFO o.a.j.r.Summariser: summary +   3843 in 00:00:29 =  130.9/s Avg:    76 Min:    70 Max:    87 Err:     0 (0.00%) Active: 0 Started: 10 Finished: 10
2026-09-10 00:59:29,370 INFO o.a.j.r.Summariser: summary =  15273 in 00:02:00 =  127.2/s Avg:    77 Min:    16 Max:   179 Err:     0 (0.00%)
