2026-09-10 07:28:34,982 INFO o.a.j.u.JMeterUtils: Setting Locale to en_EN
2026-09-10 07:28:35,000 INFO o.a.j.JMeter: Loading user properties from: /home/avituo/projects/tcc/tcc-container/.tools/apache-jmeter-5.6.3/bin/user.properties
2026-09-10 07:28:35,000 INFO o.a.j.JMeter: Loading system properties from: /home/avituo/projects/tcc/tcc-container/.tools/apache-jmeter-5.6.3/bin/system.properties
2026-09-10 07:28:35,001 INFO o.a.j.JMeter: Loading additional properties from: /home/avituo/projects/tcc/tcc-container/benchmark/jmeter/benchmark.properties
2026-09-10 07:28:35,001 INFO o.a.j.JMeter: Loading additional properties from: /tmp/tcc-benchmark-auth.SJtpc1/auth.properties
2026-09-10 07:28:35,001 INFO o.a.j.JMeter: Loading additional properties from: /home/avituo/projects/tcc/tcc-container/benchmark/results/laravel-13.20.0/final/order-show/c100/r1/monolith/thread-counters.properties
2026-09-10 07:28:35,001 INFO o.a.j.JMeter: Setting JMeter property: threads=100
2026-09-10 07:28:35,001 INFO o.a.j.JMeter: Setting JMeter property: duration_seconds=120
2026-09-10 07:28:35,001 INFO o.a.j.JMeter: Setting JMeter property: target_host=localhost
2026-09-10 07:28:35,001 INFO o.a.j.JMeter: Setting JMeter property: target_port=18000
2026-09-10 07:28:35,001 INFO o.a.j.JMeter: Setting JMeter property: tcc.order.id=1
2026-09-10 07:28:35,002 INFO o.a.j.JMeter: Setting JMeter property: repetition=1
2026-09-10 07:28:35,011 INFO o.a.j.JMeter: Copyright (c) 1998-2024 The Apache Software Foundation
2026-09-10 07:28:35,011 INFO o.a.j.JMeter: Version 5.6.3
2026-09-10 07:28:35,011 INFO o.a.j.JMeter: java.version=21.0.11
2026-09-10 07:28:35,011 INFO o.a.j.JMeter: java.vm.name=OpenJDK 64-Bit Server VM
2026-09-10 07:28:35,011 INFO o.a.j.JMeter: os.name=Linux
2026-09-10 07:28:35,011 INFO o.a.j.JMeter: os.arch=amd64
2026-09-10 07:28:35,011 INFO o.a.j.JMeter: os.version=7.0.11-76070011-generic
2026-09-10 07:28:35,011 INFO o.a.j.JMeter: file.encoding=UTF-8
2026-09-10 07:28:35,011 INFO o.a.j.JMeter: java.awt.headless=true
2026-09-10 07:28:35,011 INFO o.a.j.JMeter: Max memory     =1073741824
2026-09-10 07:28:35,011 INFO o.a.j.JMeter: Available Processors =16
2026-09-10 07:28:35,019 INFO o.a.j.JMeter: Default Locale=English (EN)
2026-09-10 07:28:35,019 INFO o.a.j.JMeter: JMeter  Locale=English (EN)
2026-09-10 07:28:35,019 INFO o.a.j.JMeter: JMeterHome=/home/avituo/projects/tcc/tcc-container/.tools/apache-jmeter-5.6.3
2026-09-10 07:28:35,019 INFO o.a.j.JMeter: user.dir  =/home/avituo/projects/tcc/tcc-container
2026-09-10 07:28:35,019 INFO o.a.j.JMeter: PWD       =/home/avituo/projects/tcc/tcc-container
2026-09-10 07:28:35,027 INFO o.a.j.JMeter: IP: 192.168.1.16 Name: pop-os FullName: pop-os.home
2026-09-10 07:28:35,039 INFO o.a.j.s.FileServer: Default base='/home/avituo/projects/tcc/tcc-container'
2026-09-10 07:28:35,041 INFO o.a.j.s.FileServer: Set new base='/home/avituo/projects/tcc/tcc-container/benchmark/jmeter'
2026-09-10 07:28:35,206 INFO o.a.j.s.SaveService: Testplan (JMX) version: 2.2. Testlog (JTL) version: 2.2
2026-09-10 07:28:35,232 INFO o.a.j.s.SaveService: Using SaveService properties version 5.0
2026-09-10 07:28:35,235 INFO o.a.j.s.SaveService: Using SaveService properties file encoding UTF-8
2026-09-10 07:28:35,239 INFO o.a.j.s.SaveService: Loading file: /home/avituo/projects/tcc/tcc-container/benchmark/jmeter/tcc-order-show-v1.jmx
2026-09-10 07:28:35,290 INFO o.a.j.p.h.s.HTTPSamplerBase: Parser for text/html is org.apache.jmeter.protocol.http.parser.LagartoBasedHtmlParser
2026-09-10 07:28:35,290 INFO o.a.j.p.h.s.HTTPSamplerBase: Parser for application/xhtml+xml is org.apache.jmeter.protocol.http.parser.LagartoBasedHtmlParser
2026-09-10 07:28:35,290 INFO o.a.j.p.h.s.HTTPSamplerBase: Parser for application/xml is org.apache.jmeter.protocol.http.parser.LagartoBasedHtmlParser
2026-09-10 07:28:35,290 INFO o.a.j.p.h.s.HTTPSamplerBase: Parser for text/xml is org.apache.jmeter.protocol.http.parser.LagartoBasedHtmlParser
2026-09-10 07:28:35,290 INFO o.a.j.p.h.s.HTTPSamplerBase: Parser for text/vnd.wap.wml is org.apache.jmeter.protocol.http.parser.RegexpHTMLParser
2026-09-10 07:28:35,290 INFO o.a.j.p.h.s.HTTPSamplerBase: Parser for text/css is org.apache.jmeter.protocol.http.parser.CssParser
2026-09-10 07:28:35,318 INFO o.a.j.JMeter: Creating summariser <summary>
2026-09-10 07:28:35,341 INFO o.a.j.e.StandardJMeterEngine: Running the test!
2026-09-10 07:28:35,341 INFO o.a.j.s.SampleEvent: List of sample_variables: []
2026-09-10 07:28:35,341 INFO o.a.j.s.SampleEvent: List of sample_variables: []
2026-09-10 07:28:35,348 INFO o.a.j.e.u.CompoundVariable: Note: Function class names must contain the string: '.functions.'
2026-09-10 07:28:35,349 INFO o.a.j.e.u.CompoundVariable: Note: Function class names must not contain the string: '.gui.'
2026-09-10 07:28:35,598 INFO o.a.j.JMeter: Running test (1789036115598)
2026-09-10 07:28:35,618 INFO o.a.j.e.StandardJMeterEngine: Starting ThreadGroup: 1 : TCC order-show
2026-09-10 07:28:35,619 INFO o.a.j.e.StandardJMeterEngine: Starting 100 threads for group TCC order-show.
2026-09-10 07:28:35,619 INFO o.a.j.e.StandardJMeterEngine: Thread will continue on error
2026-09-10 07:28:35,619 INFO o.a.j.t.ThreadGroup: Starting thread group... number=1 threads=100 ramp-up=0 delayedStart=false
2026-09-10 07:28:35,626 INFO o.a.j.t.JMeterThread: Thread started: TCC order-show 1-5
2026-09-10 07:28:35,626 INFO o.a.j.t.JMeterThread: Thread started: TCC order-show 1-4
2026-09-10 07:28:35,626 INFO o.a.j.t.JMeterThread: Thread started: TCC order-show 1-3
2026-09-10 07:28:35,626 INFO o.a.j.t.JMeterThread: Thread started: TCC order-show 1-1
2026-09-10 07:28:35,626 INFO o.a.j.t.JMeterThread: Thread started: TCC order-show 1-2
2026-09-10 07:28:35,627 INFO o.a.j.t.JMeterThread: Thread started: TCC order-show 1-6
2026-09-10 07:28:35,628 INFO o.a.j.t.JMeterThread: Thread started: TCC order-show 1-7
2026-09-10 07:28:35,628 INFO o.a.j.t.JMeterThread: Thread started: TCC order-show 1-8
2026-09-10 07:28:35,629 INFO o.a.j.t.JMeterThread: Thread started: TCC order-show 1-9
2026-09-10 07:28:35,630 INFO o.a.j.t.JMeterThread: Thread started: TCC order-show 1-10
2026-09-10 07:28:35,631 INFO o.a.j.t.JMeterThread: Thread started: TCC order-show 1-11
2026-09-10 07:28:35,631 INFO o.a.j.t.JMeterThread: Thread started: TCC order-show 1-12
2026-09-10 07:28:35,633 INFO o.a.j.t.JMeterThread: Thread started: TCC order-show 1-13
2026-09-10 07:28:35,634 INFO o.a.j.t.JMeterThread: Thread started: TCC order-show 1-14
2026-09-10 07:28:35,634 INFO o.a.j.t.JMeterThread: Thread started: TCC order-show 1-15
2026-09-10 07:28:35,635 INFO o.a.j.t.JMeterThread: Thread started: TCC order-show 1-16
2026-09-10 07:28:35,636 INFO o.a.j.t.JMeterThread: Thread started: TCC order-show 1-17
2026-09-10 07:28:35,637 INFO o.a.j.t.JMeterThread: Thread started: TCC order-show 1-18
2026-09-10 07:28:35,638 INFO o.a.j.t.JMeterThread: Thread started: TCC order-show 1-19
2026-09-10 07:28:35,638 INFO o.a.j.t.JMeterThread: Thread started: TCC order-show 1-20
2026-09-10 07:28:35,639 INFO o.a.j.t.JMeterThread: Thread started: TCC order-show 1-21
2026-09-10 07:28:35,640 INFO o.a.j.t.JMeterThread: Thread started: TCC order-show 1-22
2026-09-10 07:28:35,641 INFO o.a.j.t.JMeterThread: Thread started: TCC order-show 1-23
2026-09-10 07:28:35,641 INFO o.a.j.t.JMeterThread: Thread started: TCC order-show 1-24
2026-09-10 07:28:35,642 INFO o.a.j.t.JMeterThread: Thread started: TCC order-show 1-25
2026-09-10 07:28:35,642 INFO o.a.j.t.JMeterThread: Thread started: TCC order-show 1-27
2026-09-10 07:28:35,642 INFO o.a.j.t.JMeterThread: Thread started: TCC order-show 1-26
2026-09-10 07:28:35,643 INFO o.a.j.t.JMeterThread: Thread started: TCC order-show 1-28
2026-09-10 07:28:35,644 INFO o.a.j.t.JMeterThread: Thread started: TCC order-show 1-29
2026-09-10 07:28:35,645 INFO o.a.j.t.JMeterThread: Thread started: TCC order-show 1-30
2026-09-10 07:28:35,645 INFO o.a.j.t.JMeterThread: Thread started: TCC order-show 1-31
2026-09-10 07:28:35,646 INFO o.a.j.t.JMeterThread: Thread started: TCC order-show 1-32
2026-09-10 07:28:35,647 INFO o.a.j.t.JMeterThread: Thread started: TCC order-show 1-33
2026-09-10 07:28:35,647 INFO o.a.j.t.JMeterThread: Thread started: TCC order-show 1-34
2026-09-10 07:28:35,648 INFO o.a.j.p.h.s.HTTPHCAbstractImpl: Local host = pop-os
2026-09-10 07:28:35,648 INFO o.a.j.t.JMeterThread: Thread started: TCC order-show 1-35
2026-09-10 07:28:35,648 INFO o.a.j.t.JMeterThread: Thread started: TCC order-show 1-36
2026-09-10 07:28:35,649 INFO o.a.j.t.JMeterThread: Thread started: TCC order-show 1-37
2026-09-10 07:28:35,649 INFO o.a.j.t.JMeterThread: Thread started: TCC order-show 1-38
2026-09-10 07:28:35,650 INFO o.a.j.t.JMeterThread: Thread started: TCC order-show 1-39
2026-09-10 07:28:35,650 INFO o.a.j.t.JMeterThread: Thread started: TCC order-show 1-40
2026-09-10 07:28:35,650 INFO o.a.j.t.JMeterThread: Thread started: TCC order-show 1-41
2026-09-10 07:28:35,651 INFO o.a.j.t.JMeterThread: Thread started: TCC order-show 1-42
2026-09-10 07:28:35,651 INFO o.a.j.t.JMeterThread: Thread started: TCC order-show 1-43
2026-09-10 07:28:35,652 INFO o.a.j.t.JMeterThread: Thread started: TCC order-show 1-44
2026-09-10 07:28:35,653 INFO o.a.j.t.JMeterThread: Thread started: TCC order-show 1-45
2026-09-10 07:28:35,653 INFO o.a.j.t.JMeterThread: Thread started: TCC order-show 1-46
2026-09-10 07:28:35,654 INFO o.a.j.t.JMeterThread: Thread started: TCC order-show 1-47
2026-09-10 07:28:35,654 INFO o.a.j.t.JMeterThread: Thread started: TCC order-show 1-48
2026-09-10 07:28:35,654 INFO o.a.j.t.JMeterThread: Thread started: TCC order-show 1-49
2026-09-10 07:28:35,655 INFO o.a.j.t.JMeterThread: Thread started: TCC order-show 1-50
2026-09-10 07:28:35,655 INFO o.a.j.t.JMeterThread: Thread started: TCC order-show 1-51
2026-09-10 07:28:35,656 INFO o.a.j.t.JMeterThread: Thread started: TCC order-show 1-52
2026-09-10 07:28:35,656 INFO o.a.j.t.JMeterThread: Thread started: TCC order-show 1-53
2026-09-10 07:28:35,657 INFO o.a.j.t.JMeterThread: Thread started: TCC order-show 1-54
2026-09-10 07:28:35,657 INFO o.a.j.p.h.s.HTTPHC4Impl: HTTP request retry count = 0
2026-09-10 07:28:35,657 INFO o.a.j.t.JMeterThread: Thread started: TCC order-show 1-55
2026-09-10 07:28:35,658 INFO o.a.j.t.JMeterThread: Thread started: TCC order-show 1-56
2026-09-10 07:28:35,658 INFO o.a.j.t.JMeterThread: Thread started: TCC order-show 1-57
2026-09-10 07:28:35,658 INFO o.a.j.s.SampleResult: Note: Sample TimeStamps are START times
2026-09-10 07:28:35,658 INFO o.a.j.t.JMeterThread: Thread started: TCC order-show 1-58
2026-09-10 07:28:35,659 INFO o.a.j.s.SampleResult: sampleresult.default.encoding is set to UTF-8
2026-09-10 07:28:35,659 INFO o.a.j.s.SampleResult: sampleresult.useNanoTime=true
2026-09-10 07:28:35,659 INFO o.a.j.s.SampleResult: sampleresult.nanoThreadSleep=5000
2026-09-10 07:28:35,659 INFO o.a.j.t.JMeterThread: Thread started: TCC order-show 1-59
2026-09-10 07:28:35,659 INFO o.a.j.t.JMeterThread: Thread started: TCC order-show 1-60
2026-09-10 07:28:35,660 INFO o.a.j.t.JMeterThread: Thread started: TCC order-show 1-61
2026-09-10 07:28:35,661 INFO o.a.j.t.JMeterThread: Thread started: TCC order-show 1-62
2026-09-10 07:28:35,661 INFO o.a.j.t.JMeterThread: Thread started: TCC order-show 1-63
2026-09-10 07:28:35,662 INFO o.a.j.t.JMeterThread: Thread started: TCC order-show 1-64
2026-09-10 07:28:35,662 INFO o.a.j.t.JMeterThread: Thread started: TCC order-show 1-65
2026-09-10 07:28:35,663 INFO o.a.j.t.JMeterThread: Thread started: TCC order-show 1-66
2026-09-10 07:28:35,663 INFO o.a.j.t.JMeterThread: Thread started: TCC order-show 1-67
2026-09-10 07:28:35,663 INFO o.a.j.t.JMeterThread: Thread started: TCC order-show 1-68
2026-09-10 07:28:35,664 INFO o.a.j.t.JMeterThread: Thread started: TCC order-show 1-69
2026-09-10 07:28:35,664 INFO o.a.j.t.JMeterThread: Thread started: TCC order-show 1-71
2026-09-10 07:28:35,665 INFO o.a.j.t.JMeterThread: Thread started: TCC order-show 1-74
2026-09-10 07:28:35,665 INFO o.a.j.t.JMeterThread: Thread started: TCC order-show 1-72
2026-09-10 07:28:35,665 INFO o.a.j.t.JMeterThread: Thread started: TCC order-show 1-70
2026-09-10 07:28:35,665 INFO o.a.j.t.JMeterThread: Thread started: TCC order-show 1-73
2026-09-10 07:28:35,666 INFO o.a.j.t.JMeterThread: Thread started: TCC order-show 1-75
2026-09-10 07:28:35,666 INFO o.a.j.t.JMeterThread: Thread started: TCC order-show 1-76
2026-09-10 07:28:35,667 INFO o.a.j.t.JMeterThread: Thread started: TCC order-show 1-77
2026-09-10 07:28:35,667 INFO o.a.j.t.JMeterThread: Thread started: TCC order-show 1-78
2026-09-10 07:28:35,667 INFO o.a.j.t.JMeterThread: Thread started: TCC order-show 1-79
2026-09-10 07:28:35,668 INFO o.a.j.t.JMeterThread: Thread started: TCC order-show 1-80
2026-09-10 07:28:35,668 INFO o.a.j.t.JMeterThread: Thread started: TCC order-show 1-81
2026-09-10 07:28:35,669 INFO o.a.j.t.JMeterThread: Thread started: TCC order-show 1-82
2026-09-10 07:28:35,669 INFO o.a.j.t.JMeterThread: Thread started: TCC order-show 1-83
2026-09-10 07:28:35,670 INFO o.a.j.t.JMeterThread: Thread started: TCC order-show 1-84
2026-09-10 07:28:35,670 INFO o.a.j.t.JMeterThread: Thread started: TCC order-show 1-85
2026-09-10 07:28:35,671 INFO o.a.j.t.JMeterThread: Thread started: TCC order-show 1-86
2026-09-10 07:28:35,671 INFO o.a.j.t.JMeterThread: Thread started: TCC order-show 1-87
2026-09-10 07:28:35,672 INFO o.a.j.t.JMeterThread: Thread started: TCC order-show 1-88
2026-09-10 07:28:35,672 INFO o.a.j.t.JMeterThread: Thread started: TCC order-show 1-89
2026-09-10 07:28:35,672 INFO o.a.j.t.JMeterThread: Thread started: TCC order-show 1-90
2026-09-10 07:28:35,673 INFO o.a.j.t.JMeterThread: Thread started: TCC order-show 1-91
2026-09-10 07:28:35,673 INFO o.a.j.t.JMeterThread: Thread started: TCC order-show 1-92
2026-09-10 07:28:35,674 INFO o.a.j.t.JMeterThread: Thread started: TCC order-show 1-94
2026-09-10 07:28:35,674 INFO o.a.j.t.JMeterThread: Thread started: TCC order-show 1-93
2026-09-10 07:28:35,675 INFO o.a.j.t.JMeterThread: Thread started: TCC order-show 1-95
2026-09-10 07:28:35,675 INFO o.a.j.t.JMeterThread: Thread started: TCC order-show 1-96
2026-09-10 07:28:35,675 INFO o.a.j.t.JMeterThread: Thread started: TCC order-show 1-97
2026-09-10 07:28:35,676 INFO o.a.j.t.JMeterThread: Thread started: TCC order-show 1-98
2026-09-10 07:28:35,676 INFO o.a.j.t.JMeterThread: Thread started: TCC order-show 1-99
2026-09-10 07:28:35,676 INFO o.a.j.t.ThreadGroup: Started thread group number 1
2026-09-10 07:28:35,677 INFO o.a.j.e.StandardJMeterEngine: All thread groups have been started
2026-09-10 07:28:35,677 INFO o.a.j.t.JMeterThread: Thread started: TCC order-show 1-100
2026-09-10 07:29:00,104 INFO o.a.j.r.Summariser: summary +   2186 in 00:00:25 =   89.2/s Avg:  1073 Min:    77 Max:  1474 Err:     0 (0.00%) Active: 100 Started: 100 Finished: 0
2026-09-10 07:29:30,017 INFO o.a.j.r.Summariser: summary +   2738 in 00:00:30 =   91.5/s Avg:  1095 Min:  1044 Max:  1186 Err:     0 (0.00%) Active: 100 Started: 100 Finished: 0
2026-09-10 07:29:30,017 INFO o.a.j.r.Summariser: summary =   4924 in 00:00:54 =   90.5/s Avg:  1085 Min:    77 Max:  1474 Err:     0 (0.00%)
2026-09-10 07:30:00,017 INFO o.a.j.r.Summariser: summary +   2765 in 00:00:30 =   92.2/s Avg:  1084 Min:  1016 Max:  1198 Err:     0 (0.00%) Active: 100 Started: 100 Finished: 0
2026-09-10 07:30:00,017 INFO o.a.j.r.Summariser: summary =   7689 in 00:01:24 =   91.1/s Avg:  1085 Min:    77 Max:  1474 Err:     0 (0.00%)
2026-09-10 07:30:30,017 INFO o.a.j.r.Summariser: summary +   2779 in 00:00:30 =   92.6/s Avg:  1080 Min:  1033 Max:  1125 Err:     0 (0.00%) Active: 100 Started: 100 Finished: 0
2026-09-10 07:30:30,017 INFO o.a.j.r.Summariser: summary =  10468 in 00:01:54 =   91.5/s Avg:  1083 Min:    77 Max:  1474 Err:     0 (0.00%)
2026-09-10 07:30:35,658 INFO o.a.j.t.JMeterThread: Stopping because end time detected by thread: TCC order-show 1-21
2026-09-10 07:30:35,658 INFO o.a.j.t.JMeterThread: Thread finished: TCC order-show 1-21
2026-09-10 07:30:35,680 INFO o.a.j.t.JMeterThread: Stopping because end time detected by thread: TCC order-show 1-70
2026-09-10 07:30:35,680 INFO o.a.j.t.JMeterThread: Thread finished: TCC order-show 1-70
2026-09-10 07:30:35,691 INFO o.a.j.t.JMeterThread: Stopping because end time detected by thread: TCC order-show 1-6
2026-09-10 07:30:35,692 INFO o.a.j.t.JMeterThread: Thread finished: TCC order-show 1-6
2026-09-10 07:30:35,703 INFO o.a.j.t.JMeterThread: Stopping because end time detected by thread: TCC order-show 1-28
2026-09-10 07:30:35,703 INFO o.a.j.t.JMeterThread: Thread finished: TCC order-show 1-28
2026-09-10 07:30:35,714 INFO o.a.j.t.JMeterThread: Stopping because end time detected by thread: TCC order-show 1-12
2026-09-10 07:30:35,714 INFO o.a.j.t.JMeterThread: Thread finished: TCC order-show 1-12
2026-09-10 07:30:35,725 INFO o.a.j.t.JMeterThread: Stopping because end time detected by thread: TCC order-show 1-73
2026-09-10 07:30:35,725 INFO o.a.j.t.JMeterThread: Thread finished: TCC order-show 1-73
2026-09-10 07:30:35,736 INFO o.a.j.t.JMeterThread: Stopping because end time detected by thread: TCC order-show 1-93
2026-09-10 07:30:35,736 INFO o.a.j.t.JMeterThread: Thread finished: TCC order-show 1-93
2026-09-10 07:30:35,747 INFO o.a.j.t.JMeterThread: Stopping because end time detected by thread: TCC order-show 1-11
2026-09-10 07:30:35,747 INFO o.a.j.t.JMeterThread: Thread finished: TCC order-show 1-11
2026-09-10 07:30:35,758 INFO o.a.j.t.JMeterThread: Stopping because end time detected by thread: TCC order-show 1-5
2026-09-10 07:30:35,758 INFO o.a.j.t.JMeterThread: Thread finished: TCC order-show 1-5
2026-09-10 07:30:35,769 INFO o.a.j.t.JMeterThread: Stopping because end time detected by thread: TCC order-show 1-17
2026-09-10 07:30:35,769 INFO o.a.j.t.JMeterThread: Thread finished: TCC order-show 1-17
2026-09-10 07:30:35,780 INFO o.a.j.t.JMeterThread: Stopping because end time detected by thread: TCC order-show 1-67
2026-09-10 07:30:35,781 INFO o.a.j.t.JMeterThread: Thread finished: TCC order-show 1-67
2026-09-10 07:30:35,791 INFO o.a.j.t.JMeterThread: Stopping because end time detected by thread: TCC order-show 1-50
2026-09-10 07:30:35,791 INFO o.a.j.t.JMeterThread: Thread finished: TCC order-show 1-50
2026-09-10 07:30:35,801 INFO o.a.j.t.JMeterThread: Stopping because end time detected by thread: TCC order-show 1-41
2026-09-10 07:30:35,801 INFO o.a.j.t.JMeterThread: Thread finished: TCC order-show 1-41
2026-09-10 07:30:35,812 INFO o.a.j.t.JMeterThread: Stopping because end time detected by thread: TCC order-show 1-37
2026-09-10 07:30:35,812 INFO o.a.j.t.JMeterThread: Thread finished: TCC order-show 1-37
2026-09-10 07:30:35,823 INFO o.a.j.t.JMeterThread: Stopping because end time detected by thread: TCC order-show 1-89
2026-09-10 07:30:35,823 INFO o.a.j.t.JMeterThread: Thread finished: TCC order-show 1-89
2026-09-10 07:30:35,833 INFO o.a.j.t.JMeterThread: Stopping because end time detected by thread: TCC order-show 1-48
2026-09-10 07:30:35,833 INFO o.a.j.t.JMeterThread: Thread finished: TCC order-show 1-48
2026-09-10 07:30:35,844 INFO o.a.j.t.JMeterThread: Stopping because end time detected by thread: TCC order-show 1-81
2026-09-10 07:30:35,844 INFO o.a.j.t.JMeterThread: Thread finished: TCC order-show 1-81
2026-09-10 07:30:35,854 INFO o.a.j.t.JMeterThread: Stopping because end time detected by thread: TCC order-show 1-57
2026-09-10 07:30:35,855 INFO o.a.j.t.JMeterThread: Thread finished: TCC order-show 1-57
2026-09-10 07:30:35,865 INFO o.a.j.t.JMeterThread: Stopping because end time detected by thread: TCC order-show 1-8
2026-09-10 07:30:35,865 INFO o.a.j.t.JMeterThread: Thread finished: TCC order-show 1-8
2026-09-10 07:30:35,876 INFO o.a.j.t.JMeterThread: Stopping because end time detected by thread: TCC order-show 1-85
2026-09-10 07:30:35,876 INFO o.a.j.t.JMeterThread: Thread finished: TCC order-show 1-85
2026-09-10 07:30:35,886 INFO o.a.j.t.JMeterThread: Stopping because end time detected by thread: TCC order-show 1-82
2026-09-10 07:30:35,886 INFO o.a.j.t.JMeterThread: Thread finished: TCC order-show 1-82
2026-09-10 07:30:35,897 INFO o.a.j.t.JMeterThread: Stopping because end time detected by thread: TCC order-show 1-20
2026-09-10 07:30:35,897 INFO o.a.j.t.JMeterThread: Thread finished: TCC order-show 1-20
2026-09-10 07:30:35,908 INFO o.a.j.t.JMeterThread: Stopping because end time detected by thread: TCC order-show 1-33
2026-09-10 07:30:35,908 INFO o.a.j.t.JMeterThread: Thread finished: TCC order-show 1-33
2026-09-10 07:30:35,918 INFO o.a.j.t.JMeterThread: Stopping because end time detected by thread: TCC order-show 1-32
2026-09-10 07:30:35,918 INFO o.a.j.t.JMeterThread: Thread finished: TCC order-show 1-32
2026-09-10 07:30:35,929 INFO o.a.j.t.JMeterThread: Stopping because end time detected by thread: TCC order-show 1-53
2026-09-10 07:30:35,929 INFO o.a.j.t.JMeterThread: Thread finished: TCC order-show 1-53
2026-09-10 07:30:35,939 INFO o.a.j.t.JMeterThread: Stopping because end time detected by thread: TCC order-show 1-86
2026-09-10 07:30:35,939 INFO o.a.j.t.JMeterThread: Thread finished: TCC order-show 1-86
2026-09-10 07:30:35,949 INFO o.a.j.t.JMeterThread: Stopping because end time detected by thread: TCC order-show 1-92
2026-09-10 07:30:35,950 INFO o.a.j.t.JMeterThread: Thread finished: TCC order-show 1-92
2026-09-10 07:30:35,960 INFO o.a.j.t.JMeterThread: Stopping because end time detected by thread: TCC order-show 1-24
2026-09-10 07:30:35,960 INFO o.a.j.t.JMeterThread: Thread finished: TCC order-show 1-24
2026-09-10 07:30:35,970 INFO o.a.j.t.JMeterThread: Stopping because end time detected by thread: TCC order-show 1-69
2026-09-10 07:30:35,970 INFO o.a.j.t.JMeterThread: Thread finished: TCC order-show 1-69
2026-09-10 07:30:35,981 INFO o.a.j.t.JMeterThread: Stopping because end time detected by thread: TCC order-show 1-43
2026-09-10 07:30:35,981 INFO o.a.j.t.JMeterThread: Thread finished: TCC order-show 1-43
2026-09-10 07:30:35,991 INFO o.a.j.t.JMeterThread: Stopping because end time detected by thread: TCC order-show 1-47
2026-09-10 07:30:35,991 INFO o.a.j.t.JMeterThread: Thread finished: TCC order-show 1-47
2026-09-10 07:30:36,009 INFO o.a.j.t.JMeterThread: Stopping because end time detected by thread: TCC order-show 1-87
2026-09-10 07:30:36,009 INFO o.a.j.t.JMeterThread: Thread finished: TCC order-show 1-87
2026-09-10 07:30:36,020 INFO o.a.j.t.JMeterThread: Stopping because end time detected by thread: TCC order-show 1-64
2026-09-10 07:30:36,020 INFO o.a.j.t.JMeterThread: Thread finished: TCC order-show 1-64
2026-09-10 07:30:36,031 INFO o.a.j.t.JMeterThread: Stopping because end time detected by thread: TCC order-show 1-38
2026-09-10 07:30:36,031 INFO o.a.j.t.JMeterThread: Thread finished: TCC order-show 1-38
2026-09-10 07:30:36,044 INFO o.a.j.t.JMeterThread: Stopping because end time detected by thread: TCC order-show 1-97
2026-09-10 07:30:36,044 INFO o.a.j.t.JMeterThread: Thread finished: TCC order-show 1-97
2026-09-10 07:30:36,055 INFO o.a.j.t.JMeterThread: Stopping because end time detected by thread: TCC order-show 1-45
2026-09-10 07:30:36,055 INFO o.a.j.t.JMeterThread: Thread finished: TCC order-show 1-45
2026-09-10 07:30:36,067 INFO o.a.j.t.JMeterThread: Stopping because end time detected by thread: TCC order-show 1-25
2026-09-10 07:30:36,067 INFO o.a.j.t.JMeterThread: Thread finished: TCC order-show 1-25
2026-09-10 07:30:36,079 INFO o.a.j.t.JMeterThread: Stopping because end time detected by thread: TCC order-show 1-83
2026-09-10 07:30:36,079 INFO o.a.j.t.JMeterThread: Thread finished: TCC order-show 1-83
2026-09-10 07:30:36,090 INFO o.a.j.t.JMeterThread: Stopping because end time detected by thread: TCC order-show 1-34
2026-09-10 07:30:36,091 INFO o.a.j.t.JMeterThread: Thread finished: TCC order-show 1-34
2026-09-10 07:30:36,101 INFO o.a.j.t.JMeterThread: Stopping because end time detected by thread: TCC order-show 1-58
2026-09-10 07:30:36,101 INFO o.a.j.t.JMeterThread: Thread finished: TCC order-show 1-58
2026-09-10 07:30:36,111 INFO o.a.j.t.JMeterThread: Stopping because end time detected by thread: TCC order-show 1-75
2026-09-10 07:30:36,112 INFO o.a.j.t.JMeterThread: Thread finished: TCC order-show 1-75
2026-09-10 07:30:36,122 INFO o.a.j.t.JMeterThread: Stopping because end time detected by thread: TCC order-show 1-16
2026-09-10 07:30:36,122 INFO o.a.j.t.JMeterThread: Thread finished: TCC order-show 1-16
2026-09-10 07:30:36,133 INFO o.a.j.t.JMeterThread: Stopping because end time detected by thread: TCC order-show 1-65
2026-09-10 07:30:36,133 INFO o.a.j.t.JMeterThread: Thread finished: TCC order-show 1-65
2026-09-10 07:30:36,143 INFO o.a.j.t.JMeterThread: Stopping because end time detected by thread: TCC order-show 1-62
2026-09-10 07:30:36,144 INFO o.a.j.t.JMeterThread: Thread finished: TCC order-show 1-62
2026-09-10 07:30:36,154 INFO o.a.j.t.JMeterThread: Stopping because end time detected by thread: TCC order-show 1-13
2026-09-10 07:30:36,154 INFO o.a.j.t.JMeterThread: Thread finished: TCC order-show 1-13
2026-09-10 07:30:36,165 INFO o.a.j.t.JMeterThread: Stopping because end time detected by thread: TCC order-show 1-49
2026-09-10 07:30:36,165 INFO o.a.j.t.JMeterThread: Thread finished: TCC order-show 1-49
2026-09-10 07:30:36,175 INFO o.a.j.t.JMeterThread: Stopping because end time detected by thread: TCC order-show 1-68
2026-09-10 07:30:36,175 INFO o.a.j.t.JMeterThread: Thread finished: TCC order-show 1-68
2026-09-10 07:30:36,186 INFO o.a.j.t.JMeterThread: Stopping because end time detected by thread: TCC order-show 1-51
2026-09-10 07:30:36,186 INFO o.a.j.t.JMeterThread: Thread finished: TCC order-show 1-51
2026-09-10 07:30:36,196 INFO o.a.j.t.JMeterThread: Stopping because end time detected by thread: TCC order-show 1-84
2026-09-10 07:30:36,196 INFO o.a.j.t.JMeterThread: Thread finished: TCC order-show 1-84
2026-09-10 07:30:36,206 INFO o.a.j.t.JMeterThread: Stopping because end time detected by thread: TCC order-show 1-22
2026-09-10 07:30:36,206 INFO o.a.j.t.JMeterThread: Thread finished: TCC order-show 1-22
2026-09-10 07:30:36,217 INFO o.a.j.t.JMeterThread: Stopping because end time detected by thread: TCC order-show 1-88
2026-09-10 07:30:36,217 INFO o.a.j.t.JMeterThread: Thread finished: TCC order-show 1-88
2026-09-10 07:30:36,227 INFO o.a.j.t.JMeterThread: Stopping because end time detected by thread: TCC order-show 1-100
2026-09-10 07:30:36,227 INFO o.a.j.t.JMeterThread: Thread finished: TCC order-show 1-100
2026-09-10 07:30:36,238 INFO o.a.j.t.JMeterThread: Stopping because end time detected by thread: TCC order-show 1-66
2026-09-10 07:30:36,238 INFO o.a.j.t.JMeterThread: Thread finished: TCC order-show 1-66
2026-09-10 07:30:36,248 INFO o.a.j.t.JMeterThread: Stopping because end time detected by thread: TCC order-show 1-80
2026-09-10 07:30:36,248 INFO o.a.j.t.JMeterThread: Thread finished: TCC order-show 1-80
2026-09-10 07:30:36,258 INFO o.a.j.t.JMeterThread: Stopping because end time detected by thread: TCC order-show 1-23
2026-09-10 07:30:36,259 INFO o.a.j.t.JMeterThread: Thread finished: TCC order-show 1-23
2026-09-10 07:30:36,269 INFO o.a.j.t.JMeterThread: Stopping because end time detected by thread: TCC order-show 1-52
2026-09-10 07:30:36,269 INFO o.a.j.t.JMeterThread: Thread finished: TCC order-show 1-52
2026-09-10 07:30:36,280 INFO o.a.j.t.JMeterThread: Stopping because end time detected by thread: TCC order-show 1-10
2026-09-10 07:30:36,280 INFO o.a.j.t.JMeterThread: Thread finished: TCC order-show 1-10
2026-09-10 07:30:36,291 INFO o.a.j.t.JMeterThread: Stopping because end time detected by thread: TCC order-show 1-72
2026-09-10 07:30:36,291 INFO o.a.j.t.JMeterThread: Thread finished: TCC order-show 1-72
2026-09-10 07:30:36,301 INFO o.a.j.t.JMeterThread: Stopping because end time detected by thread: TCC order-show 1-79
2026-09-10 07:30:36,301 INFO o.a.j.t.JMeterThread: Thread finished: TCC order-show 1-79
2026-09-10 07:30:36,311 INFO o.a.j.t.JMeterThread: Stopping because end time detected by thread: TCC order-show 1-31
2026-09-10 07:30:36,311 INFO o.a.j.t.JMeterThread: Thread finished: TCC order-show 1-31
2026-09-10 07:30:36,321 INFO o.a.j.t.JMeterThread: Stopping because end time detected by thread: TCC order-show 1-44
2026-09-10 07:30:36,321 INFO o.a.j.t.JMeterThread: Thread finished: TCC order-show 1-44
2026-09-10 07:30:36,331 INFO o.a.j.t.JMeterThread: Stopping because end time detected by thread: TCC order-show 1-2
2026-09-10 07:30:36,332 INFO o.a.j.t.JMeterThread: Thread finished: TCC order-show 1-2
2026-09-10 07:30:36,342 INFO o.a.j.t.JMeterThread: Stopping because end time detected by thread: TCC order-show 1-96
2026-09-10 07:30:36,342 INFO o.a.j.t.JMeterThread: Thread finished: TCC order-show 1-96
2026-09-10 07:30:36,353 INFO o.a.j.t.JMeterThread: Stopping because end time detected by thread: TCC order-show 1-42
2026-09-10 07:30:36,353 INFO o.a.j.t.JMeterThread: Thread finished: TCC order-show 1-42
2026-09-10 07:30:36,363 INFO o.a.j.t.JMeterThread: Stopping because end time detected by thread: TCC order-show 1-54
2026-09-10 07:30:36,363 INFO o.a.j.t.JMeterThread: Thread finished: TCC order-show 1-54
2026-09-10 07:30:36,374 INFO o.a.j.t.JMeterThread: Stopping because end time detected by thread: TCC order-show 1-14
2026-09-10 07:30:36,374 INFO o.a.j.t.JMeterThread: Thread finished: TCC order-show 1-14
2026-09-10 07:30:36,384 INFO o.a.j.t.JMeterThread: Stopping because end time detected by thread: TCC order-show 1-90
2026-09-10 07:30:36,385 INFO o.a.j.t.JMeterThread: Thread finished: TCC order-show 1-90
2026-09-10 07:30:36,395 INFO o.a.j.t.JMeterThread: Stopping because end time detected by thread: TCC order-show 1-19
2026-09-10 07:30:36,395 INFO o.a.j.t.JMeterThread: Thread finished: TCC order-show 1-19
2026-09-10 07:30:36,405 INFO o.a.j.t.JMeterThread: Stopping because end time detected by thread: TCC order-show 1-78
2026-09-10 07:30:36,406 INFO o.a.j.t.JMeterThread: Thread finished: TCC order-show 1-78
2026-09-10 07:30:36,416 INFO o.a.j.t.JMeterThread: Stopping because end time detected by thread: TCC order-show 1-4
2026-09-10 07:30:36,416 INFO o.a.j.t.JMeterThread: Thread finished: TCC order-show 1-4
2026-09-10 07:30:36,427 INFO o.a.j.t.JMeterThread: Stopping because end time detected by thread: TCC order-show 1-55
2026-09-10 07:30:36,427 INFO o.a.j.t.JMeterThread: Thread finished: TCC order-show 1-55
2026-09-10 07:30:36,437 INFO o.a.j.t.JMeterThread: Stopping because end time detected by thread: TCC order-show 1-29
2026-09-10 07:30:36,437 INFO o.a.j.t.JMeterThread: Thread finished: TCC order-show 1-29
2026-09-10 07:30:36,447 INFO o.a.j.t.JMeterThread: Stopping because end time detected by thread: TCC order-show 1-18
2026-09-10 07:30:36,447 INFO o.a.j.t.JMeterThread: Thread finished: TCC order-show 1-18
2026-09-10 07:30:36,458 INFO o.a.j.t.JMeterThread: Stopping because end time detected by thread: TCC order-show 1-3
2026-09-10 07:30:36,458 INFO o.a.j.t.JMeterThread: Thread finished: TCC order-show 1-3
2026-09-10 07:30:36,468 INFO o.a.j.t.JMeterThread: Stopping because end time detected by thread: TCC order-show 1-7
2026-09-10 07:30:36,468 INFO o.a.j.t.JMeterThread: Thread finished: TCC order-show 1-7
2026-09-10 07:30:36,479 INFO o.a.j.t.JMeterThread: Stopping because end time detected by thread: TCC order-show 1-46
2026-09-10 07:30:36,479 INFO o.a.j.t.JMeterThread: Thread finished: TCC order-show 1-46
2026-09-10 07:30:36,489 INFO o.a.j.t.JMeterThread: Stopping because end time detected by thread: TCC order-show 1-56
2026-09-10 07:30:36,490 INFO o.a.j.t.JMeterThread: Thread finished: TCC order-show 1-56
2026-09-10 07:30:36,500 INFO o.a.j.t.JMeterThread: Stopping because end time detected by thread: TCC order-show 1-1
2026-09-10 07:30:36,500 INFO o.a.j.t.JMeterThread: Thread finished: TCC order-show 1-1
2026-09-10 07:30:36,511 INFO o.a.j.t.JMeterThread: Stopping because end time detected by thread: TCC order-show 1-98
2026-09-10 07:30:36,512 INFO o.a.j.t.JMeterThread: Thread finished: TCC order-show 1-98
2026-09-10 07:30:36,522 INFO o.a.j.t.JMeterThread: Stopping because end time detected by thread: TCC order-show 1-15
2026-09-10 07:30:36,522 INFO o.a.j.t.JMeterThread: Thread finished: TCC order-show 1-15
2026-09-10 07:30:36,533 INFO o.a.j.t.JMeterThread: Stopping because end time detected by thread: TCC order-show 1-39
2026-09-10 07:30:36,533 INFO o.a.j.t.JMeterThread: Thread finished: TCC order-show 1-39
2026-09-10 07:30:36,543 INFO o.a.j.t.JMeterThread: Stopping because end time detected by thread: TCC order-show 1-60
2026-09-10 07:30:36,544 INFO o.a.j.t.JMeterThread: Thread finished: TCC order-show 1-60
2026-09-10 07:30:36,555 INFO o.a.j.t.JMeterThread: Stopping because end time detected by thread: TCC order-show 1-76
2026-09-10 07:30:36,555 INFO o.a.j.t.JMeterThread: Thread finished: TCC order-show 1-76
2026-09-10 07:30:36,566 INFO o.a.j.t.JMeterThread: Stopping because end time detected by thread: TCC order-show 1-77
2026-09-10 07:30:36,567 INFO o.a.j.t.JMeterThread: Thread finished: TCC order-show 1-77
2026-09-10 07:30:36,577 INFO o.a.j.t.JMeterThread: Stopping because end time detected by thread: TCC order-show 1-26
2026-09-10 07:30:36,577 INFO o.a.j.t.JMeterThread: Thread finished: TCC order-show 1-26
2026-09-10 07:30:36,588 INFO o.a.j.t.JMeterThread: Stopping because end time detected by thread: TCC order-show 1-71
2026-09-10 07:30:36,588 INFO o.a.j.t.JMeterThread: Thread finished: TCC order-show 1-71
2026-09-10 07:30:36,599 INFO o.a.j.t.JMeterThread: Stopping because end time detected by thread: TCC order-show 1-63
2026-09-10 07:30:36,599 INFO o.a.j.t.JMeterThread: Thread finished: TCC order-show 1-63
2026-09-10 07:30:36,609 INFO o.a.j.t.JMeterThread: Stopping because end time detected by thread: TCC order-show 1-30
2026-09-10 07:30:36,609 INFO o.a.j.t.JMeterThread: Thread finished: TCC order-show 1-30
2026-09-10 07:30:36,620 INFO o.a.j.t.JMeterThread: Stopping because end time detected by thread: TCC order-show 1-95
2026-09-10 07:30:36,620 INFO o.a.j.t.JMeterThread: Thread finished: TCC order-show 1-95
2026-09-10 07:30:36,630 INFO o.a.j.t.JMeterThread: Stopping because end time detected by thread: TCC order-show 1-9
2026-09-10 07:30:36,631 INFO o.a.j.t.JMeterThread: Thread finished: TCC order-show 1-9
2026-09-10 07:30:36,641 INFO o.a.j.t.JMeterThread: Stopping because end time detected by thread: TCC order-show 1-36
2026-09-10 07:30:36,641 INFO o.a.j.t.JMeterThread: Thread finished: TCC order-show 1-36
2026-09-10 07:30:36,651 INFO o.a.j.t.JMeterThread: Stopping because end time detected by thread: TCC order-show 1-91
2026-09-10 07:30:36,651 INFO o.a.j.t.JMeterThread: Thread finished: TCC order-show 1-91
2026-09-10 07:30:36,662 INFO o.a.j.t.JMeterThread: Stopping because end time detected by thread: TCC order-show 1-35
2026-09-10 07:30:36,662 INFO o.a.j.t.JMeterThread: Thread finished: TCC order-show 1-35
2026-09-10 07:30:36,672 INFO o.a.j.t.JMeterThread: Stopping because end time detected by thread: TCC order-show 1-59
2026-09-10 07:30:36,672 INFO o.a.j.t.JMeterThread: Thread finished: TCC order-show 1-59
2026-09-10 07:30:36,683 INFO o.a.j.t.JMeterThread: Stopping because end time detected by thread: TCC order-show 1-27
2026-09-10 07:30:36,683 INFO o.a.j.t.JMeterThread: Thread finished: TCC order-show 1-27
2026-09-10 07:30:36,694 INFO o.a.j.t.JMeterThread: Stopping because end time detected by thread: TCC order-show 1-74
2026-09-10 07:30:36,694 INFO o.a.j.t.JMeterThread: Thread finished: TCC order-show 1-74
2026-09-10 07:30:36,705 INFO o.a.j.t.JMeterThread: Stopping because end time detected by thread: TCC order-show 1-40
2026-09-10 07:30:36,705 INFO o.a.j.t.JMeterThread: Thread finished: TCC order-show 1-40
2026-09-10 07:30:36,715 INFO o.a.j.t.JMeterThread: Stopping because end time detected by thread: TCC order-show 1-61
2026-09-10 07:30:36,715 INFO o.a.j.t.JMeterThread: Thread finished: TCC order-show 1-61
2026-09-10 07:30:36,726 INFO o.a.j.t.JMeterThread: Stopping because end time detected by thread: TCC order-show 1-94
2026-09-10 07:30:36,726 INFO o.a.j.t.JMeterThread: Thread finished: TCC order-show 1-94
2026-09-10 07:30:36,736 INFO o.a.j.t.JMeterThread: Stopping because end time detected by thread: TCC order-show 1-99
2026-09-10 07:30:36,736 INFO o.a.j.t.JMeterThread: Thread finished: TCC order-show 1-99
2026-09-10 07:30:36,737 INFO o.a.j.e.StandardJMeterEngine: Notifying test listeners of end of test
2026-09-10 07:30:36,740 INFO o.a.j.r.Summariser: summary +    624 in 00:00:07 =   92.8/s Avg:  1076 Min:  1045 Max:  1119 Err:     0 (0.00%) Active: 0 Started: 100 Finished: 100
2026-09-10 07:30:36,740 INFO o.a.j.r.Summariser: summary =  11092 in 00:02:01 =   91.6/s Avg:  1083 Min:    77 Max:  1474 Err:     0 (0.00%)
