2026-09-10 03:52:48,709 INFO o.a.j.u.JMeterUtils: Setting Locale to en_EN
2026-09-10 03:52:48,724 INFO o.a.j.JMeter: Loading user properties from: /home/avituo/projects/tcc/tcc-container/.tools/apache-jmeter-5.6.3/bin/user.properties
2026-09-10 03:52:48,725 INFO o.a.j.JMeter: Loading system properties from: /home/avituo/projects/tcc/tcc-container/.tools/apache-jmeter-5.6.3/bin/system.properties
2026-09-10 03:52:48,725 INFO o.a.j.JMeter: Loading additional properties from: /home/avituo/projects/tcc/tcc-container/benchmark/jmeter/benchmark.properties
2026-09-10 03:52:48,725 INFO o.a.j.JMeter: Loading additional properties from: /tmp/tcc-benchmark-auth.L7IRLn/auth.properties
2026-09-10 03:52:48,725 INFO o.a.j.JMeter: Setting JMeter property: threads=25
2026-09-10 03:52:48,725 INFO o.a.j.JMeter: Setting JMeter property: duration_seconds=30
2026-09-10 03:52:48,725 INFO o.a.j.JMeter: Setting JMeter property: target_host=localhost
2026-09-10 03:52:48,725 INFO o.a.j.JMeter: Setting JMeter property: target_port=18000
2026-09-10 03:52:48,725 INFO o.a.j.JMeter: Setting JMeter property: tcc.order.id=1
2026-09-10 03:52:48,725 INFO o.a.j.JMeter: Setting JMeter property: repetition=1
2026-09-10 03:52:48,731 INFO o.a.j.JMeter: Copyright (c) 1998-2024 The Apache Software Foundation
2026-09-10 03:52:48,731 INFO o.a.j.JMeter: Version 5.6.3
2026-09-10 03:52:48,731 INFO o.a.j.JMeter: java.version=21.0.11
2026-09-10 03:52:48,731 INFO o.a.j.JMeter: java.vm.name=OpenJDK 64-Bit Server VM
2026-09-10 03:52:48,731 INFO o.a.j.JMeter: os.name=Linux
2026-09-10 03:52:48,731 INFO o.a.j.JMeter: os.arch=amd64
2026-09-10 03:52:48,731 INFO o.a.j.JMeter: os.version=7.0.11-76070011-generic
2026-09-10 03:52:48,731 INFO o.a.j.JMeter: file.encoding=UTF-8
2026-09-10 03:52:48,731 INFO o.a.j.JMeter: java.awt.headless=true
2026-09-10 03:52:48,731 INFO o.a.j.JMeter: Max memory     =1073741824
2026-09-10 03:52:48,731 INFO o.a.j.JMeter: Available Processors =16
2026-09-10 03:52:48,739 INFO o.a.j.JMeter: Default Locale=English (EN)
2026-09-10 03:52:48,740 INFO o.a.j.JMeter: JMeter  Locale=English (EN)
2026-09-10 03:52:48,740 INFO o.a.j.JMeter: JMeterHome=/home/avituo/projects/tcc/tcc-container/.tools/apache-jmeter-5.6.3
2026-09-10 03:52:48,740 INFO o.a.j.JMeter: user.dir  =/home/avituo/projects/tcc/tcc-container
2026-09-10 03:52:48,740 INFO o.a.j.JMeter: PWD       =/home/avituo/projects/tcc/tcc-container
2026-09-10 03:52:48,751 INFO o.a.j.JMeter: IP: 192.168.1.16 Name: pop-os FullName: pop-os.home
2026-09-10 03:52:48,763 INFO o.a.j.s.FileServer: Default base='/home/avituo/projects/tcc/tcc-container'
2026-09-10 03:52:48,765 INFO o.a.j.s.FileServer: Set new base='/home/avituo/projects/tcc/tcc-container/benchmark/jmeter'
2026-09-10 03:52:48,971 INFO o.a.j.s.SaveService: Testplan (JMX) version: 2.2. Testlog (JTL) version: 2.2
2026-09-10 03:52:48,996 INFO o.a.j.s.SaveService: Using SaveService properties version 5.0
2026-09-10 03:52:49,000 INFO o.a.j.s.SaveService: Using SaveService properties file encoding UTF-8
2026-09-10 03:52:49,004 INFO o.a.j.s.SaveService: Loading file: /home/avituo/projects/tcc/tcc-container/benchmark/jmeter/tcc-orders-v1.jmx
2026-09-10 03:52:49,055 INFO o.a.j.p.h.s.HTTPSamplerBase: Parser for text/html is org.apache.jmeter.protocol.http.parser.LagartoBasedHtmlParser
2026-09-10 03:52:49,056 INFO o.a.j.p.h.s.HTTPSamplerBase: Parser for application/xhtml+xml is org.apache.jmeter.protocol.http.parser.LagartoBasedHtmlParser
2026-09-10 03:52:49,056 INFO o.a.j.p.h.s.HTTPSamplerBase: Parser for application/xml is org.apache.jmeter.protocol.http.parser.LagartoBasedHtmlParser
2026-09-10 03:52:49,056 INFO o.a.j.p.h.s.HTTPSamplerBase: Parser for text/xml is org.apache.jmeter.protocol.http.parser.LagartoBasedHtmlParser
2026-09-10 03:52:49,056 INFO o.a.j.p.h.s.HTTPSamplerBase: Parser for text/vnd.wap.wml is org.apache.jmeter.protocol.http.parser.RegexpHTMLParser
2026-09-10 03:52:49,056 INFO o.a.j.p.h.s.HTTPSamplerBase: Parser for text/css is org.apache.jmeter.protocol.http.parser.CssParser
2026-09-10 03:52:49,086 INFO o.a.j.JMeter: Creating summariser <summary>
2026-09-10 03:52:49,104 INFO o.a.j.e.StandardJMeterEngine: Running the test!
2026-09-10 03:52:49,105 INFO o.a.j.s.SampleEvent: List of sample_variables: []
2026-09-10 03:52:49,106 INFO o.a.j.s.SampleEvent: List of sample_variables: []
2026-09-10 03:52:49,111 INFO o.a.j.e.u.CompoundVariable: Note: Function class names must contain the string: '.functions.'
2026-09-10 03:52:49,111 INFO o.a.j.e.u.CompoundVariable: Note: Function class names must not contain the string: '.gui.'
2026-09-10 03:52:49,360 INFO o.a.j.JMeter: Running test (1789023169360)
2026-09-10 03:52:49,380 INFO o.a.j.e.StandardJMeterEngine: Starting ThreadGroup: 1 : TCC orders
2026-09-10 03:52:49,381 INFO o.a.j.e.StandardJMeterEngine: Starting 25 threads for group TCC orders.
2026-09-10 03:52:49,381 INFO o.a.j.e.StandardJMeterEngine: Thread will continue on error
2026-09-10 03:52:49,381 INFO o.a.j.t.ThreadGroup: Starting thread group... number=1 threads=25 ramp-up=0 delayedStart=false
2026-09-10 03:52:49,388 INFO o.a.j.t.JMeterThread: Thread started: TCC orders 1-2
2026-09-10 03:52:49,388 INFO o.a.j.t.JMeterThread: Thread started: TCC orders 1-1
2026-09-10 03:52:49,388 INFO o.a.j.t.JMeterThread: Thread started: TCC orders 1-5
2026-09-10 03:52:49,388 INFO o.a.j.t.JMeterThread: Thread started: TCC orders 1-4
2026-09-10 03:52:49,388 INFO o.a.j.t.JMeterThread: Thread started: TCC orders 1-3
2026-09-10 03:52:49,389 INFO o.a.j.t.JMeterThread: Thread started: TCC orders 1-6
2026-09-10 03:52:49,390 INFO o.a.j.t.JMeterThread: Thread started: TCC orders 1-7
2026-09-10 03:52:49,390 INFO o.a.j.t.JMeterThread: Thread started: TCC orders 1-8
2026-09-10 03:52:49,391 INFO o.a.j.t.JMeterThread: Thread started: TCC orders 1-9
2026-09-10 03:52:49,391 INFO o.a.j.t.JMeterThread: Thread started: TCC orders 1-10
2026-09-10 03:52:49,392 INFO o.a.j.t.JMeterThread: Thread started: TCC orders 1-11
2026-09-10 03:52:49,394 INFO o.a.j.t.JMeterThread: Thread started: TCC orders 1-12
2026-09-10 03:52:49,395 INFO o.a.j.t.JMeterThread: Thread started: TCC orders 1-13
2026-09-10 03:52:49,395 INFO o.a.j.t.JMeterThread: Thread started: TCC orders 1-14
2026-09-10 03:52:49,396 INFO o.a.j.t.JMeterThread: Thread started: TCC orders 1-15
2026-09-10 03:52:49,397 INFO o.a.j.t.JMeterThread: Thread started: TCC orders 1-16
2026-09-10 03:52:49,398 INFO o.a.j.t.JMeterThread: Thread started: TCC orders 1-17
2026-09-10 03:52:49,398 INFO o.a.j.t.JMeterThread: Thread started: TCC orders 1-18
2026-09-10 03:52:49,400 INFO o.a.j.t.JMeterThread: Thread started: TCC orders 1-19
2026-09-10 03:52:49,400 INFO o.a.j.t.JMeterThread: Thread started: TCC orders 1-20
2026-09-10 03:52:49,401 INFO o.a.j.t.JMeterThread: Thread started: TCC orders 1-21
2026-09-10 03:52:49,402 INFO o.a.j.t.JMeterThread: Thread started: TCC orders 1-22
2026-09-10 03:52:49,402 INFO o.a.j.t.JMeterThread: Thread started: TCC orders 1-23
2026-09-10 03:52:49,403 INFO o.a.j.t.JMeterThread: Thread started: TCC orders 1-24
2026-09-10 03:52:49,404 INFO o.a.j.t.ThreadGroup: Started thread group number 1
2026-09-10 03:52:49,404 INFO o.a.j.e.StandardJMeterEngine: All thread groups have been started
2026-09-10 03:52:49,404 INFO o.a.j.t.JMeterThread: Thread started: TCC orders 1-25
2026-09-10 03:52:49,410 INFO o.a.j.p.h.s.HTTPHCAbstractImpl: Local host = pop-os
2026-09-10 03:52:49,416 INFO o.a.j.p.h.s.HTTPHC4Impl: HTTP request retry count = 0
2026-09-10 03:52:49,417 INFO o.a.j.s.SampleResult: Note: Sample TimeStamps are START times
2026-09-10 03:52:49,417 INFO o.a.j.s.SampleResult: sampleresult.default.encoding is set to UTF-8
2026-09-10 03:52:49,417 INFO o.a.j.s.SampleResult: sampleresult.useNanoTime=true
2026-09-10 03:52:49,417 INFO o.a.j.s.SampleResult: sampleresult.nanoThreadSleep=5000
2026-09-10 03:53:00,016 INFO o.a.j.r.Summariser: summary +    404 in 00:00:11 =   37.9/s Avg:   602 Min:    38 Max:   887 Err:     0 (0.00%) Active: 25 Started: 25 Finished: 0
2026-09-10 03:53:19,411 INFO o.a.j.t.JMeterThread: Stopping because end time detected by thread: TCC orders 1-16
2026-09-10 03:53:19,411 INFO o.a.j.t.JMeterThread: Thread finished: TCC orders 1-16
2026-09-10 03:53:19,435 INFO o.a.j.t.JMeterThread: Stopping because end time detected by thread: TCC orders 1-24
2026-09-10 03:53:19,436 INFO o.a.j.t.JMeterThread: Thread finished: TCC orders 1-24
2026-09-10 03:53:19,460 INFO o.a.j.t.JMeterThread: Stopping because end time detected by thread: TCC orders 1-23
2026-09-10 03:53:19,461 INFO o.a.j.t.JMeterThread: Thread finished: TCC orders 1-23
2026-09-10 03:53:19,486 INFO o.a.j.t.JMeterThread: Stopping because end time detected by thread: TCC orders 1-14
2026-09-10 03:53:19,486 INFO o.a.j.t.JMeterThread: Thread finished: TCC orders 1-14
2026-09-10 03:53:19,511 INFO o.a.j.t.JMeterThread: Stopping because end time detected by thread: TCC orders 1-8
2026-09-10 03:53:19,511 INFO o.a.j.t.JMeterThread: Thread finished: TCC orders 1-8
2026-09-10 03:53:19,536 INFO o.a.j.t.JMeterThread: Stopping because end time detected by thread: TCC orders 1-22
2026-09-10 03:53:19,537 INFO o.a.j.t.JMeterThread: Thread finished: TCC orders 1-22
2026-09-10 03:53:19,561 INFO o.a.j.t.JMeterThread: Stopping because end time detected by thread: TCC orders 1-6
2026-09-10 03:53:19,562 INFO o.a.j.t.JMeterThread: Thread finished: TCC orders 1-6
2026-09-10 03:53:19,586 INFO o.a.j.t.JMeterThread: Stopping because end time detected by thread: TCC orders 1-7
2026-09-10 03:53:19,587 INFO o.a.j.t.JMeterThread: Thread finished: TCC orders 1-7
2026-09-10 03:53:19,610 INFO o.a.j.t.JMeterThread: Stopping because end time detected by thread: TCC orders 1-17
2026-09-10 03:53:19,610 INFO o.a.j.t.JMeterThread: Thread finished: TCC orders 1-17
2026-09-10 03:53:19,636 INFO o.a.j.t.JMeterThread: Stopping because end time detected by thread: TCC orders 1-19
2026-09-10 03:53:19,636 INFO o.a.j.t.JMeterThread: Thread finished: TCC orders 1-19
2026-09-10 03:53:19,662 INFO o.a.j.t.JMeterThread: Stopping because end time detected by thread: TCC orders 1-2
2026-09-10 03:53:19,662 INFO o.a.j.t.JMeterThread: Thread finished: TCC orders 1-2
2026-09-10 03:53:19,687 INFO o.a.j.t.JMeterThread: Stopping because end time detected by thread: TCC orders 1-9
2026-09-10 03:53:19,687 INFO o.a.j.t.JMeterThread: Thread finished: TCC orders 1-9
2026-09-10 03:53:19,713 INFO o.a.j.t.JMeterThread: Stopping because end time detected by thread: TCC orders 1-11
2026-09-10 03:53:19,713 INFO o.a.j.t.JMeterThread: Thread finished: TCC orders 1-11
2026-09-10 03:53:19,738 INFO o.a.j.t.JMeterThread: Stopping because end time detected by thread: TCC orders 1-21
2026-09-10 03:53:19,739 INFO o.a.j.t.JMeterThread: Thread finished: TCC orders 1-21
2026-09-10 03:53:19,763 INFO o.a.j.t.JMeterThread: Stopping because end time detected by thread: TCC orders 1-10
2026-09-10 03:53:19,764 INFO o.a.j.t.JMeterThread: Thread finished: TCC orders 1-10
2026-09-10 03:53:19,789 INFO o.a.j.t.JMeterThread: Stopping because end time detected by thread: TCC orders 1-1
2026-09-10 03:53:19,789 INFO o.a.j.t.JMeterThread: Thread finished: TCC orders 1-1
2026-09-10 03:53:19,814 INFO o.a.j.t.JMeterThread: Stopping because end time detected by thread: TCC orders 1-4
2026-09-10 03:53:19,814 INFO o.a.j.t.JMeterThread: Thread finished: TCC orders 1-4
2026-09-10 03:53:19,839 INFO o.a.j.t.JMeterThread: Stopping because end time detected by thread: TCC orders 1-12
2026-09-10 03:53:19,839 INFO o.a.j.t.JMeterThread: Thread finished: TCC orders 1-12
2026-09-10 03:53:19,865 INFO o.a.j.t.JMeterThread: Stopping because end time detected by thread: TCC orders 1-25
2026-09-10 03:53:19,865 INFO o.a.j.t.JMeterThread: Thread finished: TCC orders 1-25
2026-09-10 03:53:19,889 INFO o.a.j.t.JMeterThread: Stopping because end time detected by thread: TCC orders 1-20
2026-09-10 03:53:19,889 INFO o.a.j.t.JMeterThread: Thread finished: TCC orders 1-20
2026-09-10 03:53:19,914 INFO o.a.j.t.JMeterThread: Stopping because end time detected by thread: TCC orders 1-3
2026-09-10 03:53:19,915 INFO o.a.j.t.JMeterThread: Thread finished: TCC orders 1-3
2026-09-10 03:53:19,939 INFO o.a.j.t.JMeterThread: Stopping because end time detected by thread: TCC orders 1-13
2026-09-10 03:53:19,939 INFO o.a.j.t.JMeterThread: Thread finished: TCC orders 1-13
2026-09-10 03:53:19,964 INFO o.a.j.t.JMeterThread: Stopping because end time detected by thread: TCC orders 1-18
2026-09-10 03:53:19,964 INFO o.a.j.t.JMeterThread: Thread finished: TCC orders 1-18
2026-09-10 03:53:19,988 INFO o.a.j.t.JMeterThread: Stopping because end time detected by thread: TCC orders 1-5
2026-09-10 03:53:19,988 INFO o.a.j.t.JMeterThread: Thread finished: TCC orders 1-5
2026-09-10 03:53:20,021 INFO o.a.j.t.JMeterThread: Stopping because end time detected by thread: TCC orders 1-15
2026-09-10 03:53:20,021 INFO o.a.j.t.JMeterThread: Thread finished: TCC orders 1-15
2026-09-10 03:53:20,021 INFO o.a.j.e.StandardJMeterEngine: Notifying test listeners of end of test
2026-09-10 03:53:20,024 INFO o.a.j.r.Summariser: summary +    800 in 00:00:20 =   40.0/s Avg:   623 Min:   605 Max:   642 Err:     0 (0.00%) Active: 0 Started: 25 Finished: 25
2026-09-10 03:53:20,024 INFO o.a.j.r.Summariser: summary =   1204 in 00:00:31 =   39.3/s Avg:   616 Min:    38 Max:   887 Err:     0 (0.00%)
