2026-09-10 02:52:00,719 INFO o.a.j.u.JMeterUtils: Setting Locale to en_EN
2026-09-10 02:52:00,736 INFO o.a.j.JMeter: Loading user properties from: /home/avituo/projects/tcc/tcc-container/.tools/apache-jmeter-5.6.3/bin/user.properties
2026-09-10 02:52:00,736 INFO o.a.j.JMeter: Loading system properties from: /home/avituo/projects/tcc/tcc-container/.tools/apache-jmeter-5.6.3/bin/system.properties
2026-09-10 02:52:00,736 INFO o.a.j.JMeter: Loading additional properties from: /home/avituo/projects/tcc/tcc-container/benchmark/jmeter/benchmark.properties
2026-09-10 02:52:00,736 INFO o.a.j.JMeter: Loading additional properties from: /tmp/tcc-benchmark-auth.I7Iq7d/auth.properties
2026-09-10 02:52:00,737 INFO o.a.j.JMeter: Setting JMeter property: threads=100
2026-09-10 02:52:00,737 INFO o.a.j.JMeter: Setting JMeter property: duration_seconds=30
2026-09-10 02:52:00,737 INFO o.a.j.JMeter: Setting JMeter property: target_host=localhost
2026-09-10 02:52:00,737 INFO o.a.j.JMeter: Setting JMeter property: target_port=18000
2026-09-10 02:52:00,737 INFO o.a.j.JMeter: Setting JMeter property: tcc.order.id=1
2026-09-10 02:52:00,737 INFO o.a.j.JMeter: Setting JMeter property: repetition=2
2026-09-10 02:52:00,743 INFO o.a.j.JMeter: Copyright (c) 1998-2024 The Apache Software Foundation
2026-09-10 02:52:00,743 INFO o.a.j.JMeter: Version 5.6.3
2026-09-10 02:52:00,744 INFO o.a.j.JMeter: java.version=21.0.11
2026-09-10 02:52:00,744 INFO o.a.j.JMeter: java.vm.name=OpenJDK 64-Bit Server VM
2026-09-10 02:52:00,744 INFO o.a.j.JMeter: os.name=Linux
2026-09-10 02:52:00,744 INFO o.a.j.JMeter: os.arch=amd64
2026-09-10 02:52:00,744 INFO o.a.j.JMeter: os.version=7.0.11-76070011-generic
2026-09-10 02:52:00,744 INFO o.a.j.JMeter: file.encoding=UTF-8
2026-09-10 02:52:00,744 INFO o.a.j.JMeter: java.awt.headless=true
2026-09-10 02:52:00,744 INFO o.a.j.JMeter: Max memory     =1073741824
2026-09-10 02:52:00,744 INFO o.a.j.JMeter: Available Processors =16
2026-09-10 02:52:00,752 INFO o.a.j.JMeter: Default Locale=English (EN)
2026-09-10 02:52:00,752 INFO o.a.j.JMeter: JMeter  Locale=English (EN)
2026-09-10 02:52:00,753 INFO o.a.j.JMeter: JMeterHome=/home/avituo/projects/tcc/tcc-container/.tools/apache-jmeter-5.6.3
2026-09-10 02:52:00,753 INFO o.a.j.JMeter: user.dir  =/home/avituo/projects/tcc/tcc-container
2026-09-10 02:52:00,753 INFO o.a.j.JMeter: PWD       =/home/avituo/projects/tcc/tcc-container
2026-09-10 02:52:00,761 INFO o.a.j.JMeter: IP: 192.168.1.16 Name: pop-os FullName: pop-os.home
2026-09-10 02:52:00,773 INFO o.a.j.s.FileServer: Default base='/home/avituo/projects/tcc/tcc-container'
2026-09-10 02:52:00,775 INFO o.a.j.s.FileServer: Set new base='/home/avituo/projects/tcc/tcc-container/benchmark/jmeter'
2026-09-10 02:52:00,949 INFO o.a.j.s.SaveService: Testplan (JMX) version: 2.2. Testlog (JTL) version: 2.2
2026-09-10 02:52:00,975 INFO o.a.j.s.SaveService: Using SaveService properties version 5.0
2026-09-10 02:52:00,978 INFO o.a.j.s.SaveService: Using SaveService properties file encoding UTF-8
2026-09-10 02:52:00,982 INFO o.a.j.s.SaveService: Loading file: /home/avituo/projects/tcc/tcc-container/benchmark/jmeter/tcc-products-v1.jmx
2026-09-10 02:52:01,031 INFO o.a.j.p.h.s.HTTPSamplerBase: Parser for text/html is org.apache.jmeter.protocol.http.parser.LagartoBasedHtmlParser
2026-09-10 02:52:01,031 INFO o.a.j.p.h.s.HTTPSamplerBase: Parser for application/xhtml+xml is org.apache.jmeter.protocol.http.parser.LagartoBasedHtmlParser
2026-09-10 02:52:01,031 INFO o.a.j.p.h.s.HTTPSamplerBase: Parser for application/xml is org.apache.jmeter.protocol.http.parser.LagartoBasedHtmlParser
2026-09-10 02:52:01,031 INFO o.a.j.p.h.s.HTTPSamplerBase: Parser for text/xml is org.apache.jmeter.protocol.http.parser.LagartoBasedHtmlParser
2026-09-10 02:52:01,031 INFO o.a.j.p.h.s.HTTPSamplerBase: Parser for text/vnd.wap.wml is org.apache.jmeter.protocol.http.parser.RegexpHTMLParser
2026-09-10 02:52:01,032 INFO o.a.j.p.h.s.HTTPSamplerBase: Parser for text/css is org.apache.jmeter.protocol.http.parser.CssParser
2026-09-10 02:52:01,058 INFO o.a.j.JMeter: Creating summariser <summary>
2026-09-10 02:52:01,080 INFO o.a.j.e.StandardJMeterEngine: Running the test!
2026-09-10 02:52:01,081 INFO o.a.j.s.SampleEvent: List of sample_variables: []
2026-09-10 02:52:01,081 INFO o.a.j.s.SampleEvent: List of sample_variables: []
2026-09-10 02:52:01,085 INFO o.a.j.e.u.CompoundVariable: Note: Function class names must contain the string: '.functions.'
2026-09-10 02:52:01,085 INFO o.a.j.e.u.CompoundVariable: Note: Function class names must not contain the string: '.gui.'
2026-09-10 02:52:01,320 INFO o.a.j.JMeter: Running test (1789019521320)
2026-09-10 02:52:01,341 INFO o.a.j.e.StandardJMeterEngine: Starting ThreadGroup: 1 : TCC products
2026-09-10 02:52:01,342 INFO o.a.j.e.StandardJMeterEngine: Starting 100 threads for group TCC products.
2026-09-10 02:52:01,342 INFO o.a.j.e.StandardJMeterEngine: Thread will continue on error
2026-09-10 02:52:01,342 INFO o.a.j.t.ThreadGroup: Starting thread group... number=1 threads=100 ramp-up=0 delayedStart=false
2026-09-10 02:52:01,349 INFO o.a.j.t.JMeterThread: Thread started: TCC products 1-2
2026-09-10 02:52:01,349 INFO o.a.j.t.JMeterThread: Thread started: TCC products 1-3
2026-09-10 02:52:01,349 INFO o.a.j.t.JMeterThread: Thread started: TCC products 1-5
2026-09-10 02:52:01,349 INFO o.a.j.t.JMeterThread: Thread started: TCC products 1-4
2026-09-10 02:52:01,349 INFO o.a.j.t.JMeterThread: Thread started: TCC products 1-1
2026-09-10 02:52:01,350 INFO o.a.j.t.JMeterThread: Thread started: TCC products 1-6
2026-09-10 02:52:01,350 INFO o.a.j.t.JMeterThread: Thread started: TCC products 1-7
2026-09-10 02:52:01,351 INFO o.a.j.t.JMeterThread: Thread started: TCC products 1-8
2026-09-10 02:52:01,352 INFO o.a.j.t.JMeterThread: Thread started: TCC products 1-9
2026-09-10 02:52:01,352 INFO o.a.j.t.JMeterThread: Thread started: TCC products 1-10
2026-09-10 02:52:01,353 INFO o.a.j.t.JMeterThread: Thread started: TCC products 1-11
2026-09-10 02:52:01,354 INFO o.a.j.t.JMeterThread: Thread started: TCC products 1-12
2026-09-10 02:52:01,355 INFO o.a.j.t.JMeterThread: Thread started: TCC products 1-14
2026-09-10 02:52:01,356 INFO o.a.j.t.JMeterThread: Thread started: TCC products 1-13
2026-09-10 02:52:01,356 INFO o.a.j.t.JMeterThread: Thread started: TCC products 1-15
2026-09-10 02:52:01,358 INFO o.a.j.t.JMeterThread: Thread started: TCC products 1-16
2026-09-10 02:52:01,359 INFO o.a.j.t.JMeterThread: Thread started: TCC products 1-17
2026-09-10 02:52:01,359 INFO o.a.j.t.JMeterThread: Thread started: TCC products 1-18
2026-09-10 02:52:01,361 INFO o.a.j.t.JMeterThread: Thread started: TCC products 1-19
2026-09-10 02:52:01,362 INFO o.a.j.t.JMeterThread: Thread started: TCC products 1-20
2026-09-10 02:52:01,362 INFO o.a.j.t.JMeterThread: Thread started: TCC products 1-21
2026-09-10 02:52:01,363 INFO o.a.j.t.JMeterThread: Thread started: TCC products 1-22
2026-09-10 02:52:01,364 INFO o.a.j.t.JMeterThread: Thread started: TCC products 1-23
2026-09-10 02:52:01,364 INFO o.a.j.t.JMeterThread: Thread started: TCC products 1-24
2026-09-10 02:52:01,365 INFO o.a.j.t.JMeterThread: Thread started: TCC products 1-25
2026-09-10 02:52:01,365 INFO o.a.j.t.JMeterThread: Thread started: TCC products 1-26
2026-09-10 02:52:01,366 INFO o.a.j.t.JMeterThread: Thread started: TCC products 1-27
2026-09-10 02:52:01,367 INFO o.a.j.t.JMeterThread: Thread started: TCC products 1-28
2026-09-10 02:52:01,367 INFO o.a.j.t.JMeterThread: Thread started: TCC products 1-29
2026-09-10 02:52:01,368 INFO o.a.j.t.JMeterThread: Thread started: TCC products 1-30
2026-09-10 02:52:01,369 INFO o.a.j.t.JMeterThread: Thread started: TCC products 1-31
2026-09-10 02:52:01,369 INFO o.a.j.t.JMeterThread: Thread started: TCC products 1-32
2026-09-10 02:52:01,370 INFO o.a.j.t.JMeterThread: Thread started: TCC products 1-33
2026-09-10 02:52:01,370 INFO o.a.j.p.h.s.HTTPHCAbstractImpl: Local host = pop-os
2026-09-10 02:52:01,370 INFO o.a.j.t.JMeterThread: Thread started: TCC products 1-34
2026-09-10 02:52:01,370 INFO o.a.j.t.JMeterThread: Thread started: TCC products 1-35
2026-09-10 02:52:01,371 INFO o.a.j.t.JMeterThread: Thread started: TCC products 1-36
2026-09-10 02:52:01,372 INFO o.a.j.t.JMeterThread: Thread started: TCC products 1-37
2026-09-10 02:52:01,372 INFO o.a.j.t.JMeterThread: Thread started: TCC products 1-38
2026-09-10 02:52:01,373 INFO o.a.j.t.JMeterThread: Thread started: TCC products 1-39
2026-09-10 02:52:01,373 INFO o.a.j.t.JMeterThread: Thread started: TCC products 1-40
2026-09-10 02:52:01,374 INFO o.a.j.t.JMeterThread: Thread started: TCC products 1-41
2026-09-10 02:52:01,375 INFO o.a.j.t.JMeterThread: Thread started: TCC products 1-42
2026-09-10 02:52:01,375 INFO o.a.j.t.JMeterThread: Thread started: TCC products 1-44
2026-09-10 02:52:01,376 INFO o.a.j.t.JMeterThread: Thread started: TCC products 1-45
2026-09-10 02:52:01,376 INFO o.a.j.t.JMeterThread: Thread started: TCC products 1-43
2026-09-10 02:52:01,376 INFO o.a.j.t.JMeterThread: Thread started: TCC products 1-46
2026-09-10 02:52:01,377 INFO o.a.j.t.JMeterThread: Thread started: TCC products 1-47
2026-09-10 02:52:01,378 INFO o.a.j.t.JMeterThread: Thread started: TCC products 1-48
2026-09-10 02:52:01,378 INFO o.a.j.t.JMeterThread: Thread started: TCC products 1-49
2026-09-10 02:52:01,379 INFO o.a.j.t.JMeterThread: Thread started: TCC products 1-50
2026-09-10 02:52:01,379 INFO o.a.j.t.JMeterThread: Thread started: TCC products 1-51
2026-09-10 02:52:01,379 INFO o.a.j.p.h.s.HTTPHC4Impl: HTTP request retry count = 0
2026-09-10 02:52:01,380 INFO o.a.j.t.JMeterThread: Thread started: TCC products 1-52
2026-09-10 02:52:01,380 INFO o.a.j.t.JMeterThread: Thread started: TCC products 1-53
2026-09-10 02:52:01,381 INFO o.a.j.t.JMeterThread: Thread started: TCC products 1-54
2026-09-10 02:52:01,381 INFO o.a.j.s.SampleResult: Note: Sample TimeStamps are START times
2026-09-10 02:52:01,381 INFO o.a.j.s.SampleResult: sampleresult.default.encoding is set to UTF-8
2026-09-10 02:52:01,381 INFO o.a.j.s.SampleResult: sampleresult.useNanoTime=true
2026-09-10 02:52:01,381 INFO o.a.j.s.SampleResult: sampleresult.nanoThreadSleep=5000
2026-09-10 02:52:01,381 INFO o.a.j.t.JMeterThread: Thread started: TCC products 1-55
2026-09-10 02:52:01,381 INFO o.a.j.t.JMeterThread: Thread started: TCC products 1-56
2026-09-10 02:52:01,382 INFO o.a.j.t.JMeterThread: Thread started: TCC products 1-57
2026-09-10 02:52:01,382 INFO o.a.j.t.JMeterThread: Thread started: TCC products 1-58
2026-09-10 02:52:01,383 INFO o.a.j.t.JMeterThread: Thread started: TCC products 1-59
2026-09-10 02:52:01,383 INFO o.a.j.t.JMeterThread: Thread started: TCC products 1-60
2026-09-10 02:52:01,384 INFO o.a.j.t.JMeterThread: Thread started: TCC products 1-61
2026-09-10 02:52:01,385 INFO o.a.j.t.JMeterThread: Thread started: TCC products 1-62
2026-09-10 02:52:01,386 INFO o.a.j.t.JMeterThread: Thread started: TCC products 1-63
2026-09-10 02:52:01,387 INFO o.a.j.t.JMeterThread: Thread started: TCC products 1-64
2026-09-10 02:52:01,387 INFO o.a.j.t.JMeterThread: Thread started: TCC products 1-65
2026-09-10 02:52:01,388 INFO o.a.j.t.JMeterThread: Thread started: TCC products 1-66
2026-09-10 02:52:01,388 INFO o.a.j.t.JMeterThread: Thread started: TCC products 1-67
2026-09-10 02:52:01,389 INFO o.a.j.t.JMeterThread: Thread started: TCC products 1-68
2026-09-10 02:52:01,390 INFO o.a.j.t.JMeterThread: Thread started: TCC products 1-69
2026-09-10 02:52:01,390 INFO o.a.j.t.JMeterThread: Thread started: TCC products 1-70
2026-09-10 02:52:01,392 INFO o.a.j.t.JMeterThread: Thread started: TCC products 1-72
2026-09-10 02:52:01,391 INFO o.a.j.t.JMeterThread: Thread started: TCC products 1-71
2026-09-10 02:52:01,392 INFO o.a.j.t.JMeterThread: Thread started: TCC products 1-73
2026-09-10 02:52:01,393 INFO o.a.j.t.JMeterThread: Thread started: TCC products 1-74
2026-09-10 02:52:01,395 INFO o.a.j.t.JMeterThread: Thread started: TCC products 1-75
2026-09-10 02:52:01,395 INFO o.a.j.t.JMeterThread: Thread started: TCC products 1-76
2026-09-10 02:52:01,397 INFO o.a.j.t.JMeterThread: Thread started: TCC products 1-77
2026-09-10 02:52:01,398 INFO o.a.j.t.JMeterThread: Thread started: TCC products 1-78
2026-09-10 02:52:01,400 INFO o.a.j.t.JMeterThread: Thread started: TCC products 1-79
2026-09-10 02:52:01,400 INFO o.a.j.t.JMeterThread: Thread started: TCC products 1-80
2026-09-10 02:52:01,401 INFO o.a.j.t.JMeterThread: Thread started: TCC products 1-81
2026-09-10 02:52:01,404 INFO o.a.j.t.JMeterThread: Thread started: TCC products 1-82
2026-09-10 02:52:01,404 INFO o.a.j.t.JMeterThread: Thread started: TCC products 1-83
2026-09-10 02:52:01,405 INFO o.a.j.t.JMeterThread: Thread started: TCC products 1-84
2026-09-10 02:52:01,406 INFO o.a.j.t.JMeterThread: Thread started: TCC products 1-85
2026-09-10 02:52:01,407 INFO o.a.j.t.JMeterThread: Thread started: TCC products 1-86
2026-09-10 02:52:01,407 INFO o.a.j.t.JMeterThread: Thread started: TCC products 1-87
2026-09-10 02:52:01,408 INFO o.a.j.t.JMeterThread: Thread started: TCC products 1-88
2026-09-10 02:52:01,408 INFO o.a.j.t.JMeterThread: Thread started: TCC products 1-89
2026-09-10 02:52:01,408 INFO o.a.j.t.JMeterThread: Thread started: TCC products 1-90
2026-09-10 02:52:01,409 INFO o.a.j.t.JMeterThread: Thread started: TCC products 1-91
2026-09-10 02:52:01,409 INFO o.a.j.t.JMeterThread: Thread started: TCC products 1-92
2026-09-10 02:52:01,410 INFO o.a.j.t.JMeterThread: Thread started: TCC products 1-93
2026-09-10 02:52:01,410 INFO o.a.j.t.JMeterThread: Thread started: TCC products 1-94
2026-09-10 02:52:01,410 INFO o.a.j.t.JMeterThread: Thread started: TCC products 1-95
2026-09-10 02:52:01,411 INFO o.a.j.t.JMeterThread: Thread started: TCC products 1-96
2026-09-10 02:52:01,411 INFO o.a.j.t.JMeterThread: Thread started: TCC products 1-97
2026-09-10 02:52:01,411 INFO o.a.j.t.JMeterThread: Thread started: TCC products 1-98
2026-09-10 02:52:01,412 INFO o.a.j.t.JMeterThread: Thread started: TCC products 1-99
2026-09-10 02:52:01,412 INFO o.a.j.t.ThreadGroup: Started thread group number 1
2026-09-10 02:52:01,412 INFO o.a.j.e.StandardJMeterEngine: All thread groups have been started
2026-09-10 02:52:01,412 INFO o.a.j.t.JMeterThread: Thread started: TCC products 1-100
2026-09-10 02:52:02,513 INFO o.a.j.r.Summariser: summary +      1 in 00:00:01 =    0.8/s Avg:   150 Min:   150 Max:   150 Err:     0 (0.00%) Active: 100 Started: 100 Finished: 0
2026-09-10 02:52:30,001 INFO o.a.j.r.Summariser: summary +   2533 in 00:00:27 =   92.1/s Avg:  1092 Min:    83 Max:  1523 Err:     0 (0.00%) Active: 100 Started: 100 Finished: 0
2026-09-10 02:52:30,001 INFO o.a.j.r.Summariser: summary =   2534 in 00:00:29 =   88.4/s Avg:  1092 Min:    83 Max:  1523 Err:     0 (0.00%)
2026-09-10 02:52:31,383 INFO o.a.j.t.JMeterThread: Stopping because end time detected by thread: TCC products 1-4
2026-09-10 02:52:31,383 INFO o.a.j.t.JMeterThread: Thread finished: TCC products 1-4
2026-09-10 02:52:31,394 INFO o.a.j.t.JMeterThread: Stopping because end time detected by thread: TCC products 1-27
2026-09-10 02:52:31,394 INFO o.a.j.t.JMeterThread: Thread finished: TCC products 1-27
2026-09-10 02:52:31,406 INFO o.a.j.t.JMeterThread: Stopping because end time detected by thread: TCC products 1-51
2026-09-10 02:52:31,406 INFO o.a.j.t.JMeterThread: Thread finished: TCC products 1-51
2026-09-10 02:52:31,417 INFO o.a.j.t.JMeterThread: Stopping because end time detected by thread: TCC products 1-82
2026-09-10 02:52:31,417 INFO o.a.j.t.JMeterThread: Thread finished: TCC products 1-82
2026-09-10 02:52:31,428 INFO o.a.j.t.JMeterThread: Stopping because end time detected by thread: TCC products 1-98
2026-09-10 02:52:31,428 INFO o.a.j.t.JMeterThread: Thread finished: TCC products 1-98
2026-09-10 02:52:31,439 INFO o.a.j.t.JMeterThread: Stopping because end time detected by thread: TCC products 1-8
2026-09-10 02:52:31,439 INFO o.a.j.t.JMeterThread: Thread finished: TCC products 1-8
2026-09-10 02:52:31,450 INFO o.a.j.t.JMeterThread: Stopping because end time detected by thread: TCC products 1-92
2026-09-10 02:52:31,450 INFO o.a.j.t.JMeterThread: Thread finished: TCC products 1-92
2026-09-10 02:52:31,461 INFO o.a.j.t.JMeterThread: Stopping because end time detected by thread: TCC products 1-76
2026-09-10 02:52:31,461 INFO o.a.j.t.JMeterThread: Thread finished: TCC products 1-76
2026-09-10 02:52:31,471 INFO o.a.j.t.JMeterThread: Stopping because end time detected by thread: TCC products 1-79
2026-09-10 02:52:31,472 INFO o.a.j.t.JMeterThread: Thread finished: TCC products 1-79
2026-09-10 02:52:31,482 INFO o.a.j.t.JMeterThread: Stopping because end time detected by thread: TCC products 1-77
2026-09-10 02:52:31,482 INFO o.a.j.t.JMeterThread: Thread finished: TCC products 1-77
2026-09-10 02:52:31,493 INFO o.a.j.t.JMeterThread: Stopping because end time detected by thread: TCC products 1-89
2026-09-10 02:52:31,493 INFO o.a.j.t.JMeterThread: Thread finished: TCC products 1-89
2026-09-10 02:52:31,504 INFO o.a.j.t.JMeterThread: Stopping because end time detected by thread: TCC products 1-95
2026-09-10 02:52:31,504 INFO o.a.j.t.JMeterThread: Thread finished: TCC products 1-95
2026-09-10 02:52:31,515 INFO o.a.j.t.JMeterThread: Stopping because end time detected by thread: TCC products 1-61
2026-09-10 02:52:31,516 INFO o.a.j.t.JMeterThread: Thread finished: TCC products 1-61
2026-09-10 02:52:31,526 INFO o.a.j.t.JMeterThread: Stopping because end time detected by thread: TCC products 1-3
2026-09-10 02:52:31,526 INFO o.a.j.t.JMeterThread: Thread finished: TCC products 1-3
2026-09-10 02:52:31,538 INFO o.a.j.t.JMeterThread: Stopping because end time detected by thread: TCC products 1-45
2026-09-10 02:52:31,538 INFO o.a.j.t.JMeterThread: Thread finished: TCC products 1-45
2026-09-10 02:52:31,550 INFO o.a.j.t.JMeterThread: Stopping because end time detected by thread: TCC products 1-22
2026-09-10 02:52:31,550 INFO o.a.j.t.JMeterThread: Thread finished: TCC products 1-22
2026-09-10 02:52:31,562 INFO o.a.j.t.JMeterThread: Stopping because end time detected by thread: TCC products 1-94
2026-09-10 02:52:31,562 INFO o.a.j.t.JMeterThread: Thread finished: TCC products 1-94
2026-09-10 02:52:31,574 INFO o.a.j.t.JMeterThread: Stopping because end time detected by thread: TCC products 1-7
2026-09-10 02:52:31,574 INFO o.a.j.t.JMeterThread: Thread finished: TCC products 1-7
2026-09-10 02:52:31,585 INFO o.a.j.t.JMeterThread: Stopping because end time detected by thread: TCC products 1-24
2026-09-10 02:52:31,586 INFO o.a.j.t.JMeterThread: Thread finished: TCC products 1-24
2026-09-10 02:52:31,597 INFO o.a.j.t.JMeterThread: Stopping because end time detected by thread: TCC products 1-54
2026-09-10 02:52:31,598 INFO o.a.j.t.JMeterThread: Thread finished: TCC products 1-54
2026-09-10 02:52:31,609 INFO o.a.j.t.JMeterThread: Stopping because end time detected by thread: TCC products 1-12
2026-09-10 02:52:31,609 INFO o.a.j.t.JMeterThread: Thread finished: TCC products 1-12
2026-09-10 02:52:31,620 INFO o.a.j.t.JMeterThread: Stopping because end time detected by thread: TCC products 1-18
2026-09-10 02:52:31,620 INFO o.a.j.t.JMeterThread: Thread finished: TCC products 1-18
2026-09-10 02:52:31,631 INFO o.a.j.t.JMeterThread: Stopping because end time detected by thread: TCC products 1-84
2026-09-10 02:52:31,631 INFO o.a.j.t.JMeterThread: Thread finished: TCC products 1-84
2026-09-10 02:52:31,641 INFO o.a.j.t.JMeterThread: Stopping because end time detected by thread: TCC products 1-33
2026-09-10 02:52:31,641 INFO o.a.j.t.JMeterThread: Thread finished: TCC products 1-33
2026-09-10 02:52:31,651 INFO o.a.j.t.JMeterThread: Stopping because end time detected by thread: TCC products 1-74
2026-09-10 02:52:31,651 INFO o.a.j.t.JMeterThread: Thread finished: TCC products 1-74
2026-09-10 02:52:31,662 INFO o.a.j.t.JMeterThread: Stopping because end time detected by thread: TCC products 1-64
2026-09-10 02:52:31,662 INFO o.a.j.t.JMeterThread: Thread finished: TCC products 1-64
2026-09-10 02:52:31,673 INFO o.a.j.t.JMeterThread: Stopping because end time detected by thread: TCC products 1-86
2026-09-10 02:52:31,674 INFO o.a.j.t.JMeterThread: Thread finished: TCC products 1-86
2026-09-10 02:52:31,684 INFO o.a.j.t.JMeterThread: Stopping because end time detected by thread: TCC products 1-26
2026-09-10 02:52:31,684 INFO o.a.j.t.JMeterThread: Thread finished: TCC products 1-26
2026-09-10 02:52:31,695 INFO o.a.j.t.JMeterThread: Stopping because end time detected by thread: TCC products 1-42
2026-09-10 02:52:31,695 INFO o.a.j.t.JMeterThread: Thread finished: TCC products 1-42
2026-09-10 02:52:31,706 INFO o.a.j.t.JMeterThread: Stopping because end time detected by thread: TCC products 1-96
2026-09-10 02:52:31,706 INFO o.a.j.t.JMeterThread: Thread finished: TCC products 1-96
2026-09-10 02:52:31,718 INFO o.a.j.t.JMeterThread: Stopping because end time detected by thread: TCC products 1-93
2026-09-10 02:52:31,718 INFO o.a.j.t.JMeterThread: Thread finished: TCC products 1-93
2026-09-10 02:52:31,729 INFO o.a.j.t.JMeterThread: Stopping because end time detected by thread: TCC products 1-71
2026-09-10 02:52:31,729 INFO o.a.j.t.JMeterThread: Thread finished: TCC products 1-71
2026-09-10 02:52:31,741 INFO o.a.j.t.JMeterThread: Stopping because end time detected by thread: TCC products 1-32
2026-09-10 02:52:31,741 INFO o.a.j.t.JMeterThread: Thread finished: TCC products 1-32
2026-09-10 02:52:31,753 INFO o.a.j.t.JMeterThread: Stopping because end time detected by thread: TCC products 1-30
2026-09-10 02:52:31,753 INFO o.a.j.t.JMeterThread: Thread finished: TCC products 1-30
2026-09-10 02:52:31,764 INFO o.a.j.t.JMeterThread: Stopping because end time detected by thread: TCC products 1-10
2026-09-10 02:52:31,764 INFO o.a.j.t.JMeterThread: Thread finished: TCC products 1-10
2026-09-10 02:52:31,776 INFO o.a.j.t.JMeterThread: Stopping because end time detected by thread: TCC products 1-40
2026-09-10 02:52:31,776 INFO o.a.j.t.JMeterThread: Thread finished: TCC products 1-40
2026-09-10 02:52:31,787 INFO o.a.j.t.JMeterThread: Stopping because end time detected by thread: TCC products 1-16
2026-09-10 02:52:31,788 INFO o.a.j.t.JMeterThread: Thread finished: TCC products 1-16
2026-09-10 02:52:31,798 INFO o.a.j.t.JMeterThread: Stopping because end time detected by thread: TCC products 1-20
2026-09-10 02:52:31,798 INFO o.a.j.t.JMeterThread: Thread finished: TCC products 1-20
2026-09-10 02:52:31,809 INFO o.a.j.t.JMeterThread: Stopping because end time detected by thread: TCC products 1-38
2026-09-10 02:52:31,809 INFO o.a.j.t.JMeterThread: Thread finished: TCC products 1-38
2026-09-10 02:52:31,820 INFO o.a.j.t.JMeterThread: Stopping because end time detected by thread: TCC products 1-25
2026-09-10 02:52:31,820 INFO o.a.j.t.JMeterThread: Thread finished: TCC products 1-25
2026-09-10 02:52:31,831 INFO o.a.j.t.JMeterThread: Stopping because end time detected by thread: TCC products 1-97
2026-09-10 02:52:31,831 INFO o.a.j.t.JMeterThread: Thread finished: TCC products 1-97
2026-09-10 02:52:31,842 INFO o.a.j.t.JMeterThread: Stopping because end time detected by thread: TCC products 1-11
2026-09-10 02:52:31,842 INFO o.a.j.t.JMeterThread: Thread finished: TCC products 1-11
2026-09-10 02:52:31,852 INFO o.a.j.t.JMeterThread: Stopping because end time detected by thread: TCC products 1-59
2026-09-10 02:52:31,852 INFO o.a.j.t.JMeterThread: Thread finished: TCC products 1-59
2026-09-10 02:52:31,863 INFO o.a.j.t.JMeterThread: Stopping because end time detected by thread: TCC products 1-87
2026-09-10 02:52:31,863 INFO o.a.j.t.JMeterThread: Thread finished: TCC products 1-87
2026-09-10 02:52:31,873 INFO o.a.j.t.JMeterThread: Stopping because end time detected by thread: TCC products 1-35
2026-09-10 02:52:31,873 INFO o.a.j.t.JMeterThread: Thread finished: TCC products 1-35
2026-09-10 02:52:31,884 INFO o.a.j.t.JMeterThread: Stopping because end time detected by thread: TCC products 1-14
2026-09-10 02:52:31,884 INFO o.a.j.t.JMeterThread: Thread finished: TCC products 1-14
2026-09-10 02:52:31,895 INFO o.a.j.t.JMeterThread: Stopping because end time detected by thread: TCC products 1-78
2026-09-10 02:52:31,895 INFO o.a.j.t.JMeterThread: Thread finished: TCC products 1-78
2026-09-10 02:52:31,906 INFO o.a.j.t.JMeterThread: Stopping because end time detected by thread: TCC products 1-34
2026-09-10 02:52:31,906 INFO o.a.j.t.JMeterThread: Thread finished: TCC products 1-34
2026-09-10 02:52:31,917 INFO o.a.j.t.JMeterThread: Stopping because end time detected by thread: TCC products 1-28
2026-09-10 02:52:31,917 INFO o.a.j.t.JMeterThread: Thread finished: TCC products 1-28
2026-09-10 02:52:31,927 INFO o.a.j.t.JMeterThread: Stopping because end time detected by thread: TCC products 1-75
2026-09-10 02:52:31,927 INFO o.a.j.t.JMeterThread: Thread finished: TCC products 1-75
2026-09-10 02:52:31,938 INFO o.a.j.t.JMeterThread: Stopping because end time detected by thread: TCC products 1-5
2026-09-10 02:52:31,938 INFO o.a.j.t.JMeterThread: Thread finished: TCC products 1-5
2026-09-10 02:52:31,949 INFO o.a.j.t.JMeterThread: Stopping because end time detected by thread: TCC products 1-31
2026-09-10 02:52:31,949 INFO o.a.j.t.JMeterThread: Thread finished: TCC products 1-31
2026-09-10 02:52:31,960 INFO o.a.j.t.JMeterThread: Stopping because end time detected by thread: TCC products 1-100
2026-09-10 02:52:31,960 INFO o.a.j.t.JMeterThread: Thread finished: TCC products 1-100
2026-09-10 02:52:31,971 INFO o.a.j.t.JMeterThread: Stopping because end time detected by thread: TCC products 1-39
2026-09-10 02:52:31,971 INFO o.a.j.t.JMeterThread: Thread finished: TCC products 1-39
2026-09-10 02:52:31,982 INFO o.a.j.t.JMeterThread: Stopping because end time detected by thread: TCC products 1-6
2026-09-10 02:52:31,982 INFO o.a.j.t.JMeterThread: Thread finished: TCC products 1-6
2026-09-10 02:52:31,994 INFO o.a.j.t.JMeterThread: Stopping because end time detected by thread: TCC products 1-46
2026-09-10 02:52:31,994 INFO o.a.j.t.JMeterThread: Thread finished: TCC products 1-46
2026-09-10 02:52:32,011 INFO o.a.j.t.JMeterThread: Stopping because end time detected by thread: TCC products 1-52
2026-09-10 02:52:32,011 INFO o.a.j.t.JMeterThread: Thread finished: TCC products 1-52
2026-09-10 02:52:32,023 INFO o.a.j.t.JMeterThread: Stopping because end time detected by thread: TCC products 1-80
2026-09-10 02:52:32,024 INFO o.a.j.t.JMeterThread: Thread finished: TCC products 1-80
2026-09-10 02:52:32,036 INFO o.a.j.t.JMeterThread: Stopping because end time detected by thread: TCC products 1-57
2026-09-10 02:52:32,036 INFO o.a.j.t.JMeterThread: Thread finished: TCC products 1-57
2026-09-10 02:52:32,047 INFO o.a.j.t.JMeterThread: Stopping because end time detected by thread: TCC products 1-44
2026-09-10 02:52:32,047 INFO o.a.j.t.JMeterThread: Thread finished: TCC products 1-44
2026-09-10 02:52:32,059 INFO o.a.j.t.JMeterThread: Stopping because end time detected by thread: TCC products 1-29
2026-09-10 02:52:32,059 INFO o.a.j.t.JMeterThread: Thread finished: TCC products 1-29
2026-09-10 02:52:32,070 INFO o.a.j.t.JMeterThread: Stopping because end time detected by thread: TCC products 1-9
2026-09-10 02:52:32,070 INFO o.a.j.t.JMeterThread: Thread finished: TCC products 1-9
2026-09-10 02:52:32,081 INFO o.a.j.t.JMeterThread: Stopping because end time detected by thread: TCC products 1-70
2026-09-10 02:52:32,081 INFO o.a.j.t.JMeterThread: Thread finished: TCC products 1-70
2026-09-10 02:52:32,091 INFO o.a.j.t.JMeterThread: Stopping because end time detected by thread: TCC products 1-1
2026-09-10 02:52:32,092 INFO o.a.j.t.JMeterThread: Thread finished: TCC products 1-1
2026-09-10 02:52:32,102 INFO o.a.j.t.JMeterThread: Stopping because end time detected by thread: TCC products 1-48
2026-09-10 02:52:32,102 INFO o.a.j.t.JMeterThread: Thread finished: TCC products 1-48
2026-09-10 02:52:32,113 INFO o.a.j.t.JMeterThread: Stopping because end time detected by thread: TCC products 1-72
2026-09-10 02:52:32,113 INFO o.a.j.t.JMeterThread: Thread finished: TCC products 1-72
2026-09-10 02:52:32,124 INFO o.a.j.t.JMeterThread: Stopping because end time detected by thread: TCC products 1-73
2026-09-10 02:52:32,124 INFO o.a.j.t.JMeterThread: Thread finished: TCC products 1-73
2026-09-10 02:52:32,135 INFO o.a.j.t.JMeterThread: Stopping because end time detected by thread: TCC products 1-91
2026-09-10 02:52:32,135 INFO o.a.j.t.JMeterThread: Thread finished: TCC products 1-91
2026-09-10 02:52:32,145 INFO o.a.j.t.JMeterThread: Stopping because end time detected by thread: TCC products 1-90
2026-09-10 02:52:32,145 INFO o.a.j.t.JMeterThread: Thread finished: TCC products 1-90
2026-09-10 02:52:32,156 INFO o.a.j.t.JMeterThread: Stopping because end time detected by thread: TCC products 1-69
2026-09-10 02:52:32,156 INFO o.a.j.t.JMeterThread: Thread finished: TCC products 1-69
2026-09-10 02:52:32,167 INFO o.a.j.t.JMeterThread: Stopping because end time detected by thread: TCC products 1-55
2026-09-10 02:52:32,167 INFO o.a.j.t.JMeterThread: Thread finished: TCC products 1-55
2026-09-10 02:52:32,177 INFO o.a.j.t.JMeterThread: Stopping because end time detected by thread: TCC products 1-63
2026-09-10 02:52:32,177 INFO o.a.j.t.JMeterThread: Thread finished: TCC products 1-63
2026-09-10 02:52:32,188 INFO o.a.j.t.JMeterThread: Stopping because end time detected by thread: TCC products 1-21
2026-09-10 02:52:32,188 INFO o.a.j.t.JMeterThread: Thread finished: TCC products 1-21
2026-09-10 02:52:32,199 INFO o.a.j.t.JMeterThread: Stopping because end time detected by thread: TCC products 1-67
2026-09-10 02:52:32,199 INFO o.a.j.t.JMeterThread: Thread finished: TCC products 1-67
2026-09-10 02:52:32,210 INFO o.a.j.t.JMeterThread: Stopping because end time detected by thread: TCC products 1-17
2026-09-10 02:52:32,210 INFO o.a.j.t.JMeterThread: Thread finished: TCC products 1-17
2026-09-10 02:52:32,220 INFO o.a.j.t.JMeterThread: Stopping because end time detected by thread: TCC products 1-43
2026-09-10 02:52:32,220 INFO o.a.j.t.JMeterThread: Thread finished: TCC products 1-43
2026-09-10 02:52:32,231 INFO o.a.j.t.JMeterThread: Stopping because end time detected by thread: TCC products 1-2
2026-09-10 02:52:32,231 INFO o.a.j.t.JMeterThread: Thread finished: TCC products 1-2
2026-09-10 02:52:32,242 INFO o.a.j.t.JMeterThread: Stopping because end time detected by thread: TCC products 1-41
2026-09-10 02:52:32,242 INFO o.a.j.t.JMeterThread: Thread finished: TCC products 1-41
2026-09-10 02:52:32,253 INFO o.a.j.t.JMeterThread: Stopping because end time detected by thread: TCC products 1-85
2026-09-10 02:52:32,253 INFO o.a.j.t.JMeterThread: Thread finished: TCC products 1-85
2026-09-10 02:52:32,264 INFO o.a.j.t.JMeterThread: Stopping because end time detected by thread: TCC products 1-62
2026-09-10 02:52:32,264 INFO o.a.j.t.JMeterThread: Thread finished: TCC products 1-62
2026-09-10 02:52:32,275 INFO o.a.j.t.JMeterThread: Stopping because end time detected by thread: TCC products 1-56
2026-09-10 02:52:32,275 INFO o.a.j.t.JMeterThread: Thread finished: TCC products 1-56
2026-09-10 02:52:32,285 INFO o.a.j.t.JMeterThread: Stopping because end time detected by thread: TCC products 1-23
2026-09-10 02:52:32,285 INFO o.a.j.t.JMeterThread: Thread finished: TCC products 1-23
2026-09-10 02:52:32,296 INFO o.a.j.t.JMeterThread: Stopping because end time detected by thread: TCC products 1-60
2026-09-10 02:52:32,296 INFO o.a.j.t.JMeterThread: Thread finished: TCC products 1-60
2026-09-10 02:52:32,307 INFO o.a.j.t.JMeterThread: Stopping because end time detected by thread: TCC products 1-81
2026-09-10 02:52:32,307 INFO o.a.j.t.JMeterThread: Thread finished: TCC products 1-81
2026-09-10 02:52:32,317 INFO o.a.j.t.JMeterThread: Stopping because end time detected by thread: TCC products 1-37
2026-09-10 02:52:32,318 INFO o.a.j.t.JMeterThread: Thread finished: TCC products 1-37
2026-09-10 02:52:32,328 INFO o.a.j.t.JMeterThread: Stopping because end time detected by thread: TCC products 1-68
2026-09-10 02:52:32,328 INFO o.a.j.t.JMeterThread: Thread finished: TCC products 1-68
2026-09-10 02:52:32,340 INFO o.a.j.t.JMeterThread: Stopping because end time detected by thread: TCC products 1-65
2026-09-10 02:52:32,340 INFO o.a.j.t.JMeterThread: Thread finished: TCC products 1-65
2026-09-10 02:52:32,351 INFO o.a.j.t.JMeterThread: Stopping because end time detected by thread: TCC products 1-49
2026-09-10 02:52:32,351 INFO o.a.j.t.JMeterThread: Thread finished: TCC products 1-49
2026-09-10 02:52:32,363 INFO o.a.j.t.JMeterThread: Stopping because end time detected by thread: TCC products 1-88
2026-09-10 02:52:32,363 INFO o.a.j.t.JMeterThread: Thread finished: TCC products 1-88
2026-09-10 02:52:32,373 INFO o.a.j.t.JMeterThread: Stopping because end time detected by thread: TCC products 1-15
2026-09-10 02:52:32,374 INFO o.a.j.t.JMeterThread: Thread finished: TCC products 1-15
2026-09-10 02:52:32,384 INFO o.a.j.t.JMeterThread: Stopping because end time detected by thread: TCC products 1-66
2026-09-10 02:52:32,384 INFO o.a.j.t.JMeterThread: Thread finished: TCC products 1-66
2026-09-10 02:52:32,395 INFO o.a.j.t.JMeterThread: Stopping because end time detected by thread: TCC products 1-83
2026-09-10 02:52:32,395 INFO o.a.j.t.JMeterThread: Thread finished: TCC products 1-83
2026-09-10 02:52:32,406 INFO o.a.j.t.JMeterThread: Stopping because end time detected by thread: TCC products 1-19
2026-09-10 02:52:32,406 INFO o.a.j.t.JMeterThread: Thread finished: TCC products 1-19
2026-09-10 02:52:32,416 INFO o.a.j.t.JMeterThread: Stopping because end time detected by thread: TCC products 1-36
2026-09-10 02:52:32,416 INFO o.a.j.t.JMeterThread: Thread finished: TCC products 1-36
2026-09-10 02:52:32,427 INFO o.a.j.t.JMeterThread: Stopping because end time detected by thread: TCC products 1-99
2026-09-10 02:52:32,427 INFO o.a.j.t.JMeterThread: Thread finished: TCC products 1-99
2026-09-10 02:52:32,437 INFO o.a.j.t.JMeterThread: Stopping because end time detected by thread: TCC products 1-13
2026-09-10 02:52:32,437 INFO o.a.j.t.JMeterThread: Thread finished: TCC products 1-13
2026-09-10 02:52:32,448 INFO o.a.j.t.JMeterThread: Stopping because end time detected by thread: TCC products 1-47
2026-09-10 02:52:32,448 INFO o.a.j.t.JMeterThread: Thread finished: TCC products 1-47
2026-09-10 02:52:32,458 INFO o.a.j.t.JMeterThread: Stopping because end time detected by thread: TCC products 1-58
2026-09-10 02:52:32,458 INFO o.a.j.t.JMeterThread: Thread finished: TCC products 1-58
2026-09-10 02:52:32,468 INFO o.a.j.t.JMeterThread: Stopping because end time detected by thread: TCC products 1-50
2026-09-10 02:52:32,468 INFO o.a.j.t.JMeterThread: Thread finished: TCC products 1-50
2026-09-10 02:52:32,479 INFO o.a.j.t.JMeterThread: Stopping because end time detected by thread: TCC products 1-53
2026-09-10 02:52:32,479 INFO o.a.j.t.JMeterThread: Thread finished: TCC products 1-53
2026-09-10 02:52:32,479 INFO o.a.j.e.StandardJMeterEngine: Notifying test listeners of end of test
2026-09-10 02:52:32,482 INFO o.a.j.r.Summariser: summary +    223 in 00:00:02 =   89.9/s Avg:  1111 Min:  1103 Max:  1124 Err:     0 (0.00%) Active: 0 Started: 100 Finished: 100
2026-09-10 02:52:32,482 INFO o.a.j.r.Summariser: summary =   2757 in 00:00:31 =   88.5/s Avg:  1093 Min:    83 Max:  1523 Err:     0 (0.00%)
