2026-09-10 04:43:42,999 INFO o.a.j.u.JMeterUtils: Setting Locale to en_EN
2026-09-10 04:43:43,015 INFO o.a.j.JMeter: Loading user properties from: /home/avituo/projects/tcc/tcc-container/.tools/apache-jmeter-5.6.3/bin/user.properties
2026-09-10 04:43:43,016 INFO o.a.j.JMeter: Loading system properties from: /home/avituo/projects/tcc/tcc-container/.tools/apache-jmeter-5.6.3/bin/system.properties
2026-09-10 04:43:43,016 INFO o.a.j.JMeter: Loading additional properties from: /home/avituo/projects/tcc/tcc-container/benchmark/jmeter/benchmark.properties
2026-09-10 04:43:43,016 INFO o.a.j.JMeter: Loading additional properties from: /tmp/tcc-benchmark-auth.fg6pCk/auth.properties
2026-09-10 04:43:43,016 INFO o.a.j.JMeter: Loading additional properties from: /home/avituo/projects/tcc/tcc-container/benchmark/results/laravel-13.20.0/final/orders/c50/r3/monolith/thread-counters.properties
2026-09-10 04:43:43,016 INFO o.a.j.JMeter: Setting JMeter property: threads=50
2026-09-10 04:43:43,016 INFO o.a.j.JMeter: Setting JMeter property: duration_seconds=120
2026-09-10 04:43:43,016 INFO o.a.j.JMeter: Setting JMeter property: target_host=localhost
2026-09-10 04:43:43,016 INFO o.a.j.JMeter: Setting JMeter property: target_port=18000
2026-09-10 04:43:43,016 INFO o.a.j.JMeter: Setting JMeter property: tcc.order.id=1
2026-09-10 04:43:43,016 INFO o.a.j.JMeter: Setting JMeter property: repetition=3
2026-09-10 04:43:43,024 INFO o.a.j.JMeter: Copyright (c) 1998-2024 The Apache Software Foundation
2026-09-10 04:43:43,024 INFO o.a.j.JMeter: Version 5.6.3
2026-09-10 04:43:43,024 INFO o.a.j.JMeter: java.version=21.0.11
2026-09-10 04:43:43,024 INFO o.a.j.JMeter: java.vm.name=OpenJDK 64-Bit Server VM
2026-09-10 04:43:43,025 INFO o.a.j.JMeter: os.name=Linux
2026-09-10 04:43:43,025 INFO o.a.j.JMeter: os.arch=amd64
2026-09-10 04:43:43,025 INFO o.a.j.JMeter: os.version=7.0.11-76070011-generic
2026-09-10 04:43:43,025 INFO o.a.j.JMeter: file.encoding=UTF-8
2026-09-10 04:43:43,025 INFO o.a.j.JMeter: java.awt.headless=true
2026-09-10 04:43:43,025 INFO o.a.j.JMeter: Max memory     =1073741824
2026-09-10 04:43:43,025 INFO o.a.j.JMeter: Available Processors =16
2026-09-10 04:43:43,033 INFO o.a.j.JMeter: Default Locale=English (EN)
2026-09-10 04:43:43,034 INFO o.a.j.JMeter: JMeter  Locale=English (EN)
2026-09-10 04:43:43,034 INFO o.a.j.JMeter: JMeterHome=/home/avituo/projects/tcc/tcc-container/.tools/apache-jmeter-5.6.3
2026-09-10 04:43:43,034 INFO o.a.j.JMeter: user.dir  =/home/avituo/projects/tcc/tcc-container
2026-09-10 04:43:43,034 INFO o.a.j.JMeter: PWD       =/home/avituo/projects/tcc/tcc-container
2026-09-10 04:43:43,042 INFO o.a.j.JMeter: IP: 192.168.1.16 Name: pop-os FullName: pop-os.home
2026-09-10 04:43:43,054 INFO o.a.j.s.FileServer: Default base='/home/avituo/projects/tcc/tcc-container'
2026-09-10 04:43:43,056 INFO o.a.j.s.FileServer: Set new base='/home/avituo/projects/tcc/tcc-container/benchmark/jmeter'
2026-09-10 04:43:43,248 INFO o.a.j.s.SaveService: Testplan (JMX) version: 2.2. Testlog (JTL) version: 2.2
2026-09-10 04:43:43,274 INFO o.a.j.s.SaveService: Using SaveService properties version 5.0
2026-09-10 04:43:43,277 INFO o.a.j.s.SaveService: Using SaveService properties file encoding UTF-8
2026-09-10 04:43:43,281 INFO o.a.j.s.SaveService: Loading file: /home/avituo/projects/tcc/tcc-container/benchmark/jmeter/tcc-orders-v1.jmx
2026-09-10 04:43:43,331 INFO o.a.j.p.h.s.HTTPSamplerBase: Parser for text/html is org.apache.jmeter.protocol.http.parser.LagartoBasedHtmlParser
2026-09-10 04:43:43,331 INFO o.a.j.p.h.s.HTTPSamplerBase: Parser for application/xhtml+xml is org.apache.jmeter.protocol.http.parser.LagartoBasedHtmlParser
2026-09-10 04:43:43,331 INFO o.a.j.p.h.s.HTTPSamplerBase: Parser for application/xml is org.apache.jmeter.protocol.http.parser.LagartoBasedHtmlParser
2026-09-10 04:43:43,331 INFO o.a.j.p.h.s.HTTPSamplerBase: Parser for text/xml is org.apache.jmeter.protocol.http.parser.LagartoBasedHtmlParser
2026-09-10 04:43:43,331 INFO o.a.j.p.h.s.HTTPSamplerBase: Parser for text/vnd.wap.wml is org.apache.jmeter.protocol.http.parser.RegexpHTMLParser
2026-09-10 04:43:43,331 INFO o.a.j.p.h.s.HTTPSamplerBase: Parser for text/css is org.apache.jmeter.protocol.http.parser.CssParser
2026-09-10 04:43:43,361 INFO o.a.j.JMeter: Creating summariser <summary>
2026-09-10 04:43:43,379 INFO o.a.j.e.StandardJMeterEngine: Running the test!
2026-09-10 04:43:43,380 INFO o.a.j.s.SampleEvent: List of sample_variables: []
2026-09-10 04:43:43,380 INFO o.a.j.s.SampleEvent: List of sample_variables: []
2026-09-10 04:43:43,385 INFO o.a.j.e.u.CompoundVariable: Note: Function class names must contain the string: '.functions.'
2026-09-10 04:43:43,385 INFO o.a.j.e.u.CompoundVariable: Note: Function class names must not contain the string: '.gui.'
2026-09-10 04:43:43,615 INFO o.a.j.JMeter: Running test (1789026223615)
2026-09-10 04:43:43,634 INFO o.a.j.e.StandardJMeterEngine: Starting ThreadGroup: 1 : TCC orders
2026-09-10 04:43:43,635 INFO o.a.j.e.StandardJMeterEngine: Starting 50 threads for group TCC orders.
2026-09-10 04:43:43,635 INFO o.a.j.e.StandardJMeterEngine: Thread will continue on error
2026-09-10 04:43:43,635 INFO o.a.j.t.ThreadGroup: Starting thread group... number=1 threads=50 ramp-up=0 delayedStart=false
2026-09-10 04:43:43,642 INFO o.a.j.t.JMeterThread: Thread started: TCC orders 1-1
2026-09-10 04:43:43,642 INFO o.a.j.t.JMeterThread: Thread started: TCC orders 1-3
2026-09-10 04:43:43,642 INFO o.a.j.t.JMeterThread: Thread started: TCC orders 1-5
2026-09-10 04:43:43,643 INFO o.a.j.t.JMeterThread: Thread started: TCC orders 1-6
2026-09-10 04:43:43,643 INFO o.a.j.t.JMeterThread: Thread started: TCC orders 1-2
2026-09-10 04:43:43,642 INFO o.a.j.t.JMeterThread: Thread started: TCC orders 1-4
2026-09-10 04:43:43,643 INFO o.a.j.t.JMeterThread: Thread started: TCC orders 1-7
2026-09-10 04:43:43,644 INFO o.a.j.t.JMeterThread: Thread started: TCC orders 1-8
2026-09-10 04:43:43,645 INFO o.a.j.t.JMeterThread: Thread started: TCC orders 1-9
2026-09-10 04:43:43,645 INFO o.a.j.t.JMeterThread: Thread started: TCC orders 1-10
2026-09-10 04:43:43,646 INFO o.a.j.t.JMeterThread: Thread started: TCC orders 1-11
2026-09-10 04:43:43,647 INFO o.a.j.t.JMeterThread: Thread started: TCC orders 1-12
2026-09-10 04:43:43,648 INFO o.a.j.t.JMeterThread: Thread started: TCC orders 1-13
2026-09-10 04:43:43,649 INFO o.a.j.t.JMeterThread: Thread started: TCC orders 1-14
2026-09-10 04:43:43,650 INFO o.a.j.t.JMeterThread: Thread started: TCC orders 1-15
2026-09-10 04:43:43,651 INFO o.a.j.t.JMeterThread: Thread started: TCC orders 1-16
2026-09-10 04:43:43,652 INFO o.a.j.t.JMeterThread: Thread started: TCC orders 1-17
2026-09-10 04:43:43,652 INFO o.a.j.t.JMeterThread: Thread started: TCC orders 1-18
2026-09-10 04:43:43,653 INFO o.a.j.t.JMeterThread: Thread started: TCC orders 1-19
2026-09-10 04:43:43,654 INFO o.a.j.t.JMeterThread: Thread started: TCC orders 1-20
2026-09-10 04:43:43,655 INFO o.a.j.t.JMeterThread: Thread started: TCC orders 1-21
2026-09-10 04:43:43,655 INFO o.a.j.t.JMeterThread: Thread started: TCC orders 1-22
2026-09-10 04:43:43,656 INFO o.a.j.t.JMeterThread: Thread started: TCC orders 1-23
2026-09-10 04:43:43,657 INFO o.a.j.t.JMeterThread: Thread started: TCC orders 1-24
2026-09-10 04:43:43,657 INFO o.a.j.t.JMeterThread: Thread started: TCC orders 1-25
2026-09-10 04:43:43,658 INFO o.a.j.t.JMeterThread: Thread started: TCC orders 1-26
2026-09-10 04:43:43,658 INFO o.a.j.t.JMeterThread: Thread started: TCC orders 1-27
2026-09-10 04:43:43,658 INFO o.a.j.t.JMeterThread: Thread started: TCC orders 1-28
2026-09-10 04:43:43,659 INFO o.a.j.t.JMeterThread: Thread started: TCC orders 1-29
2026-09-10 04:43:43,659 INFO o.a.j.t.JMeterThread: Thread started: TCC orders 1-30
2026-09-10 04:43:43,660 INFO o.a.j.t.JMeterThread: Thread started: TCC orders 1-31
2026-09-10 04:43:43,660 INFO o.a.j.t.JMeterThread: Thread started: TCC orders 1-32
2026-09-10 04:43:43,660 INFO o.a.j.t.JMeterThread: Thread started: TCC orders 1-33
2026-09-10 04:43:43,661 INFO o.a.j.t.JMeterThread: Thread started: TCC orders 1-34
2026-09-10 04:43:43,661 INFO o.a.j.t.JMeterThread: Thread started: TCC orders 1-35
2026-09-10 04:43:43,661 INFO o.a.j.t.JMeterThread: Thread started: TCC orders 1-36
2026-09-10 04:43:43,662 INFO o.a.j.t.JMeterThread: Thread started: TCC orders 1-37
2026-09-10 04:43:43,662 INFO o.a.j.t.JMeterThread: Thread started: TCC orders 1-38
2026-09-10 04:43:43,662 INFO o.a.j.t.JMeterThread: Thread started: TCC orders 1-39
2026-09-10 04:43:43,663 INFO o.a.j.t.JMeterThread: Thread started: TCC orders 1-40
2026-09-10 04:43:43,663 INFO o.a.j.t.JMeterThread: Thread started: TCC orders 1-41
2026-09-10 04:43:43,664 INFO o.a.j.t.JMeterThread: Thread started: TCC orders 1-42
2026-09-10 04:43:43,664 INFO o.a.j.t.JMeterThread: Thread started: TCC orders 1-43
2026-09-10 04:43:43,665 INFO o.a.j.t.JMeterThread: Thread started: TCC orders 1-44
2026-09-10 04:43:43,665 INFO o.a.j.t.JMeterThread: Thread started: TCC orders 1-45
2026-09-10 04:43:43,665 INFO o.a.j.t.JMeterThread: Thread started: TCC orders 1-46
2026-09-10 04:43:43,666 INFO o.a.j.t.JMeterThread: Thread started: TCC orders 1-47
2026-09-10 04:43:43,666 INFO o.a.j.t.JMeterThread: Thread started: TCC orders 1-48
2026-09-10 04:43:43,666 INFO o.a.j.t.JMeterThread: Thread started: TCC orders 1-49
2026-09-10 04:43:43,667 INFO o.a.j.t.ThreadGroup: Started thread group number 1
2026-09-10 04:43:43,667 INFO o.a.j.e.StandardJMeterEngine: All thread groups have been started
2026-09-10 04:43:43,667 INFO o.a.j.t.JMeterThread: Thread started: TCC orders 1-50
2026-09-10 04:43:43,669 INFO o.a.j.p.h.s.HTTPHCAbstractImpl: Local host = pop-os
2026-09-10 04:43:43,675 INFO o.a.j.p.h.s.HTTPHC4Impl: HTTP request retry count = 0
2026-09-10 04:43:43,676 INFO o.a.j.s.SampleResult: Note: Sample TimeStamps are START times
2026-09-10 04:43:43,676 INFO o.a.j.s.SampleResult: sampleresult.default.encoding is set to UTF-8
2026-09-10 04:43:43,676 INFO o.a.j.s.SampleResult: sampleresult.useNanoTime=true
2026-09-10 04:43:43,676 INFO o.a.j.s.SampleResult: sampleresult.nanoThreadSleep=5000
2026-09-10 04:44:00,021 INFO o.a.j.r.Summariser: summary +    633 in 00:00:16 =   38.6/s Avg:  1214 Min:    83 Max:  1590 Err:     0 (0.00%) Active: 50 Started: 50 Finished: 0
2026-09-10 04:44:30,031 INFO o.a.j.r.Summariser: summary +   1195 in 00:00:30 =   39.8/s Avg:  1255 Min:  1207 Max:  1302 Err:     0 (0.00%) Active: 50 Started: 50 Finished: 0
2026-09-10 04:44:30,031 INFO o.a.j.r.Summariser: summary =   1828 in 00:00:46 =   39.4/s Avg:  1241 Min:    83 Max:  1590 Err:     0 (0.00%)
2026-09-10 04:45:00,017 INFO o.a.j.r.Summariser: summary +   1193 in 00:00:30 =   39.8/s Avg:  1256 Min:  1226 Max:  1293 Err:     0 (0.00%) Active: 50 Started: 50 Finished: 0
2026-09-10 04:45:00,018 INFO o.a.j.r.Summariser: summary =   3021 in 00:01:16 =   39.5/s Avg:  1247 Min:    83 Max:  1590 Err:     0 (0.00%)
2026-09-10 04:45:30,009 INFO o.a.j.r.Summariser: summary +   1192 in 00:00:30 =   39.7/s Avg:  1257 Min:  1219 Max:  1344 Err:     0 (0.00%) Active: 50 Started: 50 Finished: 0
2026-09-10 04:45:30,009 INFO o.a.j.r.Summariser: summary =   4213 in 00:01:46 =   39.6/s Avg:  1249 Min:    83 Max:  1590 Err:     0 (0.00%)
2026-09-10 04:45:43,656 INFO o.a.j.t.JMeterThread: Stopping because end time detected by thread: TCC orders 1-24
2026-09-10 04:45:43,656 INFO o.a.j.t.JMeterThread: Thread finished: TCC orders 1-24
2026-09-10 04:45:43,681 INFO o.a.j.t.JMeterThread: Stopping because end time detected by thread: TCC orders 1-13
2026-09-10 04:45:43,681 INFO o.a.j.t.JMeterThread: Thread finished: TCC orders 1-13
2026-09-10 04:45:43,706 INFO o.a.j.t.JMeterThread: Stopping because end time detected by thread: TCC orders 1-14
2026-09-10 04:45:43,706 INFO o.a.j.t.JMeterThread: Thread finished: TCC orders 1-14
2026-09-10 04:45:43,731 INFO o.a.j.t.JMeterThread: Stopping because end time detected by thread: TCC orders 1-7
2026-09-10 04:45:43,731 INFO o.a.j.t.JMeterThread: Thread finished: TCC orders 1-7
2026-09-10 04:45:43,755 INFO o.a.j.t.JMeterThread: Stopping because end time detected by thread: TCC orders 1-34
2026-09-10 04:45:43,755 INFO o.a.j.t.JMeterThread: Thread finished: TCC orders 1-34
2026-09-10 04:45:43,780 INFO o.a.j.t.JMeterThread: Stopping because end time detected by thread: TCC orders 1-28
2026-09-10 04:45:43,780 INFO o.a.j.t.JMeterThread: Thread finished: TCC orders 1-28
2026-09-10 04:45:43,805 INFO o.a.j.t.JMeterThread: Stopping because end time detected by thread: TCC orders 1-42
2026-09-10 04:45:43,805 INFO o.a.j.t.JMeterThread: Thread finished: TCC orders 1-42
2026-09-10 04:45:43,830 INFO o.a.j.t.JMeterThread: Stopping because end time detected by thread: TCC orders 1-31
2026-09-10 04:45:43,830 INFO o.a.j.t.JMeterThread: Thread finished: TCC orders 1-31
2026-09-10 04:45:43,854 INFO o.a.j.t.JMeterThread: Stopping because end time detected by thread: TCC orders 1-8
2026-09-10 04:45:43,855 INFO o.a.j.t.JMeterThread: Thread finished: TCC orders 1-8
2026-09-10 04:45:43,879 INFO o.a.j.t.JMeterThread: Stopping because end time detected by thread: TCC orders 1-50
2026-09-10 04:45:43,879 INFO o.a.j.t.JMeterThread: Thread finished: TCC orders 1-50
2026-09-10 04:45:43,904 INFO o.a.j.t.JMeterThread: Stopping because end time detected by thread: TCC orders 1-29
2026-09-10 04:45:43,904 INFO o.a.j.t.JMeterThread: Thread finished: TCC orders 1-29
2026-09-10 04:45:43,929 INFO o.a.j.t.JMeterThread: Stopping because end time detected by thread: TCC orders 1-17
2026-09-10 04:45:43,929 INFO o.a.j.t.JMeterThread: Thread finished: TCC orders 1-17
2026-09-10 04:45:43,955 INFO o.a.j.t.JMeterThread: Stopping because end time detected by thread: TCC orders 1-39
2026-09-10 04:45:43,955 INFO o.a.j.t.JMeterThread: Thread finished: TCC orders 1-39
2026-09-10 04:45:43,979 INFO o.a.j.t.JMeterThread: Stopping because end time detected by thread: TCC orders 1-1
2026-09-10 04:45:43,979 INFO o.a.j.t.JMeterThread: Thread finished: TCC orders 1-1
2026-09-10 04:45:44,012 INFO o.a.j.t.JMeterThread: Stopping because end time detected by thread: TCC orders 1-11
2026-09-10 04:45:44,012 INFO o.a.j.t.JMeterThread: Thread finished: TCC orders 1-11
2026-09-10 04:45:44,036 INFO o.a.j.t.JMeterThread: Stopping because end time detected by thread: TCC orders 1-4
2026-09-10 04:45:44,037 INFO o.a.j.t.JMeterThread: Thread finished: TCC orders 1-4
2026-09-10 04:45:44,063 INFO o.a.j.t.JMeterThread: Stopping because end time detected by thread: TCC orders 1-12
2026-09-10 04:45:44,063 INFO o.a.j.t.JMeterThread: Thread finished: TCC orders 1-12
2026-09-10 04:45:44,088 INFO o.a.j.t.JMeterThread: Stopping because end time detected by thread: TCC orders 1-35
2026-09-10 04:45:44,089 INFO o.a.j.t.JMeterThread: Thread finished: TCC orders 1-35
2026-09-10 04:45:44,114 INFO o.a.j.t.JMeterThread: Stopping because end time detected by thread: TCC orders 1-45
2026-09-10 04:45:44,114 INFO o.a.j.t.JMeterThread: Thread finished: TCC orders 1-45
2026-09-10 04:45:44,139 INFO o.a.j.t.JMeterThread: Stopping because end time detected by thread: TCC orders 1-26
2026-09-10 04:45:44,139 INFO o.a.j.t.JMeterThread: Thread finished: TCC orders 1-26
2026-09-10 04:45:44,164 INFO o.a.j.t.JMeterThread: Stopping because end time detected by thread: TCC orders 1-18
2026-09-10 04:45:44,164 INFO o.a.j.t.JMeterThread: Thread finished: TCC orders 1-18
2026-09-10 04:45:44,189 INFO o.a.j.t.JMeterThread: Stopping because end time detected by thread: TCC orders 1-19
2026-09-10 04:45:44,189 INFO o.a.j.t.JMeterThread: Thread finished: TCC orders 1-19
2026-09-10 04:45:44,214 INFO o.a.j.t.JMeterThread: Stopping because end time detected by thread: TCC orders 1-41
2026-09-10 04:45:44,214 INFO o.a.j.t.JMeterThread: Thread finished: TCC orders 1-41
2026-09-10 04:45:44,239 INFO o.a.j.t.JMeterThread: Stopping because end time detected by thread: TCC orders 1-32
2026-09-10 04:45:44,239 INFO o.a.j.t.JMeterThread: Thread finished: TCC orders 1-32
2026-09-10 04:45:44,264 INFO o.a.j.t.JMeterThread: Stopping because end time detected by thread: TCC orders 1-16
2026-09-10 04:45:44,264 INFO o.a.j.t.JMeterThread: Thread finished: TCC orders 1-16
2026-09-10 04:45:44,289 INFO o.a.j.t.JMeterThread: Stopping because end time detected by thread: TCC orders 1-3
2026-09-10 04:45:44,289 INFO o.a.j.t.JMeterThread: Thread finished: TCC orders 1-3
2026-09-10 04:45:44,313 INFO o.a.j.t.JMeterThread: Stopping because end time detected by thread: TCC orders 1-23
2026-09-10 04:45:44,313 INFO o.a.j.t.JMeterThread: Thread finished: TCC orders 1-23
2026-09-10 04:45:44,339 INFO o.a.j.t.JMeterThread: Stopping because end time detected by thread: TCC orders 1-43
2026-09-10 04:45:44,339 INFO o.a.j.t.JMeterThread: Thread finished: TCC orders 1-43
2026-09-10 04:45:44,364 INFO o.a.j.t.JMeterThread: Stopping because end time detected by thread: TCC orders 1-5
2026-09-10 04:45:44,364 INFO o.a.j.t.JMeterThread: Thread finished: TCC orders 1-5
2026-09-10 04:45:44,389 INFO o.a.j.t.JMeterThread: Stopping because end time detected by thread: TCC orders 1-10
2026-09-10 04:45:44,389 INFO o.a.j.t.JMeterThread: Thread finished: TCC orders 1-10
2026-09-10 04:45:44,413 INFO o.a.j.t.JMeterThread: Stopping because end time detected by thread: TCC orders 1-49
2026-09-10 04:45:44,414 INFO o.a.j.t.JMeterThread: Thread finished: TCC orders 1-49
2026-09-10 04:45:44,439 INFO o.a.j.t.JMeterThread: Stopping because end time detected by thread: TCC orders 1-44
2026-09-10 04:45:44,439 INFO o.a.j.t.JMeterThread: Thread finished: TCC orders 1-44
2026-09-10 04:45:44,463 INFO o.a.j.t.JMeterThread: Stopping because end time detected by thread: TCC orders 1-2
2026-09-10 04:45:44,463 INFO o.a.j.t.JMeterThread: Thread finished: TCC orders 1-2
2026-09-10 04:45:44,488 INFO o.a.j.t.JMeterThread: Stopping because end time detected by thread: TCC orders 1-27
2026-09-10 04:45:44,488 INFO o.a.j.t.JMeterThread: Thread finished: TCC orders 1-27
2026-09-10 04:45:44,513 INFO o.a.j.t.JMeterThread: Stopping because end time detected by thread: TCC orders 1-20
2026-09-10 04:45:44,513 INFO o.a.j.t.JMeterThread: Thread finished: TCC orders 1-20
2026-09-10 04:45:44,539 INFO o.a.j.t.JMeterThread: Stopping because end time detected by thread: TCC orders 1-30
2026-09-10 04:45:44,539 INFO o.a.j.t.JMeterThread: Thread finished: TCC orders 1-30
2026-09-10 04:45:44,565 INFO o.a.j.t.JMeterThread: Stopping because end time detected by thread: TCC orders 1-37
2026-09-10 04:45:44,565 INFO o.a.j.t.JMeterThread: Thread finished: TCC orders 1-37
2026-09-10 04:45:44,591 INFO o.a.j.t.JMeterThread: Stopping because end time detected by thread: TCC orders 1-21
2026-09-10 04:45:44,592 INFO o.a.j.t.JMeterThread: Thread finished: TCC orders 1-21
2026-09-10 04:45:44,616 INFO o.a.j.t.JMeterThread: Stopping because end time detected by thread: TCC orders 1-9
2026-09-10 04:45:44,617 INFO o.a.j.t.JMeterThread: Thread finished: TCC orders 1-9
2026-09-10 04:45:44,641 INFO o.a.j.t.JMeterThread: Stopping because end time detected by thread: TCC orders 1-48
2026-09-10 04:45:44,642 INFO o.a.j.t.JMeterThread: Thread finished: TCC orders 1-48
2026-09-10 04:45:44,666 INFO o.a.j.t.JMeterThread: Stopping because end time detected by thread: TCC orders 1-47
2026-09-10 04:45:44,667 INFO o.a.j.t.JMeterThread: Thread finished: TCC orders 1-47
2026-09-10 04:45:44,692 INFO o.a.j.t.JMeterThread: Stopping because end time detected by thread: TCC orders 1-33
2026-09-10 04:45:44,692 INFO o.a.j.t.JMeterThread: Thread finished: TCC orders 1-33
2026-09-10 04:45:44,716 INFO o.a.j.t.JMeterThread: Stopping because end time detected by thread: TCC orders 1-6
2026-09-10 04:45:44,716 INFO o.a.j.t.JMeterThread: Thread finished: TCC orders 1-6
2026-09-10 04:45:44,741 INFO o.a.j.t.JMeterThread: Stopping because end time detected by thread: TCC orders 1-38
2026-09-10 04:45:44,741 INFO o.a.j.t.JMeterThread: Thread finished: TCC orders 1-38
2026-09-10 04:45:44,766 INFO o.a.j.t.JMeterThread: Stopping because end time detected by thread: TCC orders 1-36
2026-09-10 04:45:44,766 INFO o.a.j.t.JMeterThread: Thread finished: TCC orders 1-36
2026-09-10 04:45:44,791 INFO o.a.j.t.JMeterThread: Stopping because end time detected by thread: TCC orders 1-15
2026-09-10 04:45:44,792 INFO o.a.j.t.JMeterThread: Thread finished: TCC orders 1-15
2026-09-10 04:45:44,816 INFO o.a.j.t.JMeterThread: Stopping because end time detected by thread: TCC orders 1-46
2026-09-10 04:45:44,816 INFO o.a.j.t.JMeterThread: Thread finished: TCC orders 1-46
2026-09-10 04:45:44,842 INFO o.a.j.t.JMeterThread: Stopping because end time detected by thread: TCC orders 1-22
2026-09-10 04:45:44,842 INFO o.a.j.t.JMeterThread: Thread finished: TCC orders 1-22
2026-09-10 04:45:44,866 INFO o.a.j.t.JMeterThread: Stopping because end time detected by thread: TCC orders 1-25
2026-09-10 04:45:44,866 INFO o.a.j.t.JMeterThread: Thread finished: TCC orders 1-25
2026-09-10 04:45:44,892 INFO o.a.j.t.JMeterThread: Stopping because end time detected by thread: TCC orders 1-40
2026-09-10 04:45:44,892 INFO o.a.j.t.JMeterThread: Thread finished: TCC orders 1-40
2026-09-10 04:45:44,893 INFO o.a.j.e.StandardJMeterEngine: Notifying test listeners of end of test
2026-09-10 04:45:44,896 INFO o.a.j.r.Summariser: summary +    589 in 00:00:15 =   39.6/s Avg:  1263 Min:  1233 Max:  1279 Err:     0 (0.00%) Active: 0 Started: 50 Finished: 50
2026-09-10 04:45:44,896 INFO o.a.j.r.Summariser: summary =   4802 in 00:02:01 =   39.6/s Avg:  1251 Min:    83 Max:  1590 Err:     0 (0.00%)
