2026-09-10 04:43:06,829 INFO o.a.j.u.JMeterUtils: Setting Locale to en_EN
2026-09-10 04:43:06,849 INFO o.a.j.JMeter: Loading user properties from: /home/avituo/projects/tcc/tcc-container/.tools/apache-jmeter-5.6.3/bin/user.properties
2026-09-10 04:43:06,849 INFO o.a.j.JMeter: Loading system properties from: /home/avituo/projects/tcc/tcc-container/.tools/apache-jmeter-5.6.3/bin/system.properties
2026-09-10 04:43:06,850 INFO o.a.j.JMeter: Loading additional properties from: /home/avituo/projects/tcc/tcc-container/benchmark/jmeter/benchmark.properties
2026-09-10 04:43:06,850 INFO o.a.j.JMeter: Loading additional properties from: /tmp/tcc-benchmark-auth.fg6pCk/auth.properties
2026-09-10 04:43:06,850 INFO o.a.j.JMeter: Setting JMeter property: threads=50
2026-09-10 04:43:06,850 INFO o.a.j.JMeter: Setting JMeter property: duration_seconds=30
2026-09-10 04:43:06,850 INFO o.a.j.JMeter: Setting JMeter property: target_host=localhost
2026-09-10 04:43:06,850 INFO o.a.j.JMeter: Setting JMeter property: target_port=18000
2026-09-10 04:43:06,850 INFO o.a.j.JMeter: Setting JMeter property: tcc.order.id=1
2026-09-10 04:43:06,850 INFO o.a.j.JMeter: Setting JMeter property: repetition=3
2026-09-10 04:43:06,856 INFO o.a.j.JMeter: Copyright (c) 1998-2024 The Apache Software Foundation
2026-09-10 04:43:06,856 INFO o.a.j.JMeter: Version 5.6.3
2026-09-10 04:43:06,856 INFO o.a.j.JMeter: java.version=21.0.11
2026-09-10 04:43:06,856 INFO o.a.j.JMeter: java.vm.name=OpenJDK 64-Bit Server VM
2026-09-10 04:43:06,856 INFO o.a.j.JMeter: os.name=Linux
2026-09-10 04:43:06,856 INFO o.a.j.JMeter: os.arch=amd64
2026-09-10 04:43:06,856 INFO o.a.j.JMeter: os.version=7.0.11-76070011-generic
2026-09-10 04:43:06,856 INFO o.a.j.JMeter: file.encoding=UTF-8
2026-09-10 04:43:06,856 INFO o.a.j.JMeter: java.awt.headless=true
2026-09-10 04:43:06,857 INFO o.a.j.JMeter: Max memory     =1073741824
2026-09-10 04:43:06,857 INFO o.a.j.JMeter: Available Processors =16
2026-09-10 04:43:06,864 INFO o.a.j.JMeter: Default Locale=English (EN)
2026-09-10 04:43:06,865 INFO o.a.j.JMeter: JMeter  Locale=English (EN)
2026-09-10 04:43:06,865 INFO o.a.j.JMeter: JMeterHome=/home/avituo/projects/tcc/tcc-container/.tools/apache-jmeter-5.6.3
2026-09-10 04:43:06,865 INFO o.a.j.JMeter: user.dir  =/home/avituo/projects/tcc/tcc-container
2026-09-10 04:43:06,865 INFO o.a.j.JMeter: PWD       =/home/avituo/projects/tcc/tcc-container
2026-09-10 04:43:06,876 INFO o.a.j.JMeter: IP: 192.168.1.16 Name: pop-os FullName: pop-os.home
2026-09-10 04:43:06,889 INFO o.a.j.s.FileServer: Default base='/home/avituo/projects/tcc/tcc-container'
2026-09-10 04:43:06,891 INFO o.a.j.s.FileServer: Set new base='/home/avituo/projects/tcc/tcc-container/benchmark/jmeter'
2026-09-10 04:43:07,075 INFO o.a.j.s.SaveService: Testplan (JMX) version: 2.2. Testlog (JTL) version: 2.2
2026-09-10 04:43:07,099 INFO o.a.j.s.SaveService: Using SaveService properties version 5.0
2026-09-10 04:43:07,102 INFO o.a.j.s.SaveService: Using SaveService properties file encoding UTF-8
2026-09-10 04:43:07,105 INFO o.a.j.s.SaveService: Loading file: /home/avituo/projects/tcc/tcc-container/benchmark/jmeter/tcc-orders-v1.jmx
2026-09-10 04:43:07,155 INFO o.a.j.p.h.s.HTTPSamplerBase: Parser for text/html is org.apache.jmeter.protocol.http.parser.LagartoBasedHtmlParser
2026-09-10 04:43:07,155 INFO o.a.j.p.h.s.HTTPSamplerBase: Parser for application/xhtml+xml is org.apache.jmeter.protocol.http.parser.LagartoBasedHtmlParser
2026-09-10 04:43:07,155 INFO o.a.j.p.h.s.HTTPSamplerBase: Parser for application/xml is org.apache.jmeter.protocol.http.parser.LagartoBasedHtmlParser
2026-09-10 04:43:07,155 INFO o.a.j.p.h.s.HTTPSamplerBase: Parser for text/xml is org.apache.jmeter.protocol.http.parser.LagartoBasedHtmlParser
2026-09-10 04:43:07,156 INFO o.a.j.p.h.s.HTTPSamplerBase: Parser for text/vnd.wap.wml is org.apache.jmeter.protocol.http.parser.RegexpHTMLParser
2026-09-10 04:43:07,156 INFO o.a.j.p.h.s.HTTPSamplerBase: Parser for text/css is org.apache.jmeter.protocol.http.parser.CssParser
2026-09-10 04:43:07,185 INFO o.a.j.JMeter: Creating summariser <summary>
2026-09-10 04:43:07,204 INFO o.a.j.e.StandardJMeterEngine: Running the test!
2026-09-10 04:43:07,206 INFO o.a.j.s.SampleEvent: List of sample_variables: []
2026-09-10 04:43:07,206 INFO o.a.j.s.SampleEvent: List of sample_variables: []
2026-09-10 04:43:07,210 INFO o.a.j.e.u.CompoundVariable: Note: Function class names must contain the string: '.functions.'
2026-09-10 04:43:07,210 INFO o.a.j.e.u.CompoundVariable: Note: Function class names must not contain the string: '.gui.'
2026-09-10 04:43:07,449 INFO o.a.j.JMeter: Running test (1789026187449)
2026-09-10 04:43:07,469 INFO o.a.j.e.StandardJMeterEngine: Starting ThreadGroup: 1 : TCC orders
2026-09-10 04:43:07,469 INFO o.a.j.e.StandardJMeterEngine: Starting 50 threads for group TCC orders.
2026-09-10 04:43:07,469 INFO o.a.j.e.StandardJMeterEngine: Thread will continue on error
2026-09-10 04:43:07,469 INFO o.a.j.t.ThreadGroup: Starting thread group... number=1 threads=50 ramp-up=0 delayedStart=false
2026-09-10 04:43:07,476 INFO o.a.j.t.JMeterThread: Thread started: TCC orders 1-1
2026-09-10 04:43:07,476 INFO o.a.j.t.JMeterThread: Thread started: TCC orders 1-2
2026-09-10 04:43:07,476 INFO o.a.j.t.JMeterThread: Thread started: TCC orders 1-4
2026-09-10 04:43:07,476 INFO o.a.j.t.JMeterThread: Thread started: TCC orders 1-3
2026-09-10 04:43:07,476 INFO o.a.j.t.JMeterThread: Thread started: TCC orders 1-5
2026-09-10 04:43:07,477 INFO o.a.j.t.JMeterThread: Thread started: TCC orders 1-6
2026-09-10 04:43:07,478 INFO o.a.j.t.JMeterThread: Thread started: TCC orders 1-7
2026-09-10 04:43:07,478 INFO o.a.j.t.JMeterThread: Thread started: TCC orders 1-8
2026-09-10 04:43:07,479 INFO o.a.j.t.JMeterThread: Thread started: TCC orders 1-9
2026-09-10 04:43:07,479 INFO o.a.j.t.JMeterThread: Thread started: TCC orders 1-10
2026-09-10 04:43:07,481 INFO o.a.j.t.JMeterThread: Thread started: TCC orders 1-12
2026-09-10 04:43:07,480 INFO o.a.j.t.JMeterThread: Thread started: TCC orders 1-11
2026-09-10 04:43:07,482 INFO o.a.j.t.JMeterThread: Thread started: TCC orders 1-13
2026-09-10 04:43:07,483 INFO o.a.j.t.JMeterThread: Thread started: TCC orders 1-14
2026-09-10 04:43:07,484 INFO o.a.j.t.JMeterThread: Thread started: TCC orders 1-15
2026-09-10 04:43:07,485 INFO o.a.j.t.JMeterThread: Thread started: TCC orders 1-16
2026-09-10 04:43:07,486 INFO o.a.j.t.JMeterThread: Thread started: TCC orders 1-17
2026-09-10 04:43:07,486 INFO o.a.j.t.JMeterThread: Thread started: TCC orders 1-18
2026-09-10 04:43:07,487 INFO o.a.j.t.JMeterThread: Thread started: TCC orders 1-19
2026-09-10 04:43:07,488 INFO o.a.j.t.JMeterThread: Thread started: TCC orders 1-20
2026-09-10 04:43:07,488 INFO o.a.j.t.JMeterThread: Thread started: TCC orders 1-21
2026-09-10 04:43:07,489 INFO o.a.j.t.JMeterThread: Thread started: TCC orders 1-22
2026-09-10 04:43:07,490 INFO o.a.j.t.JMeterThread: Thread started: TCC orders 1-23
2026-09-10 04:43:07,490 INFO o.a.j.t.JMeterThread: Thread started: TCC orders 1-24
2026-09-10 04:43:07,491 INFO o.a.j.t.JMeterThread: Thread started: TCC orders 1-25
2026-09-10 04:43:07,492 INFO o.a.j.t.JMeterThread: Thread started: TCC orders 1-26
2026-09-10 04:43:07,492 INFO o.a.j.t.JMeterThread: Thread started: TCC orders 1-27
2026-09-10 04:43:07,493 INFO o.a.j.t.JMeterThread: Thread started: TCC orders 1-28
2026-09-10 04:43:07,494 INFO o.a.j.t.JMeterThread: Thread started: TCC orders 1-29
2026-09-10 04:43:07,495 INFO o.a.j.t.JMeterThread: Thread started: TCC orders 1-30
2026-09-10 04:43:07,496 INFO o.a.j.t.JMeterThread: Thread started: TCC orders 1-32
2026-09-10 04:43:07,496 INFO o.a.j.t.JMeterThread: Thread started: TCC orders 1-31
2026-09-10 04:43:07,497 INFO o.a.j.t.JMeterThread: Thread started: TCC orders 1-33
2026-09-10 04:43:07,497 INFO o.a.j.t.JMeterThread: Thread started: TCC orders 1-34
2026-09-10 04:43:07,498 INFO o.a.j.t.JMeterThread: Thread started: TCC orders 1-35
2026-09-10 04:43:07,500 INFO o.a.j.t.JMeterThread: Thread started: TCC orders 1-36
2026-09-10 04:43:07,500 INFO o.a.j.t.JMeterThread: Thread started: TCC orders 1-37
2026-09-10 04:43:07,500 INFO o.a.j.t.JMeterThread: Thread started: TCC orders 1-38
2026-09-10 04:43:07,501 INFO o.a.j.t.JMeterThread: Thread started: TCC orders 1-39
2026-09-10 04:43:07,501 INFO o.a.j.t.JMeterThread: Thread started: TCC orders 1-40
2026-09-10 04:43:07,502 INFO o.a.j.t.JMeterThread: Thread started: TCC orders 1-41
2026-09-10 04:43:07,502 INFO o.a.j.t.JMeterThread: Thread started: TCC orders 1-42
2026-09-10 04:43:07,503 INFO o.a.j.p.h.s.HTTPHCAbstractImpl: Local host = pop-os
2026-09-10 04:43:07,503 INFO o.a.j.t.JMeterThread: Thread started: TCC orders 1-43
2026-09-10 04:43:07,503 INFO o.a.j.t.JMeterThread: Thread started: TCC orders 1-44
2026-09-10 04:43:07,504 INFO o.a.j.t.JMeterThread: Thread started: TCC orders 1-45
2026-09-10 04:43:07,504 INFO o.a.j.t.JMeterThread: Thread started: TCC orders 1-46
2026-09-10 04:43:07,505 INFO o.a.j.t.JMeterThread: Thread started: TCC orders 1-47
2026-09-10 04:43:07,505 INFO o.a.j.t.JMeterThread: Thread started: TCC orders 1-48
2026-09-10 04:43:07,506 INFO o.a.j.t.JMeterThread: Thread started: TCC orders 1-49
2026-09-10 04:43:07,506 INFO o.a.j.t.ThreadGroup: Started thread group number 1
2026-09-10 04:43:07,506 INFO o.a.j.e.StandardJMeterEngine: All thread groups have been started
2026-09-10 04:43:07,506 INFO o.a.j.t.JMeterThread: Thread started: TCC orders 1-50
2026-09-10 04:43:07,510 INFO o.a.j.p.h.s.HTTPHC4Impl: HTTP request retry count = 0
2026-09-10 04:43:07,511 INFO o.a.j.s.SampleResult: Note: Sample TimeStamps are START times
2026-09-10 04:43:07,511 INFO o.a.j.s.SampleResult: sampleresult.default.encoding is set to UTF-8
2026-09-10 04:43:07,511 INFO o.a.j.s.SampleResult: sampleresult.useNanoTime=true
2026-09-10 04:43:07,511 INFO o.a.j.s.SampleResult: sampleresult.nanoThreadSleep=5000
2026-09-10 04:43:30,032 INFO o.a.j.r.Summariser: summary +    881 in 00:00:23 =   39.0/s Avg:  1224 Min:   106 Max:  1592 Err:     0 (0.00%) Active: 50 Started: 50 Finished: 0
2026-09-10 04:43:37,504 INFO o.a.j.t.JMeterThread: Stopping because end time detected by thread: TCC orders 1-18
2026-09-10 04:43:37,504 INFO o.a.j.t.JMeterThread: Thread finished: TCC orders 1-18
2026-09-10 04:43:37,529 INFO o.a.j.t.JMeterThread: Stopping because end time detected by thread: TCC orders 1-26
2026-09-10 04:43:37,529 INFO o.a.j.t.JMeterThread: Thread finished: TCC orders 1-26
2026-09-10 04:43:37,553 INFO o.a.j.t.JMeterThread: Stopping because end time detected by thread: TCC orders 1-32
2026-09-10 04:43:37,554 INFO o.a.j.t.JMeterThread: Thread finished: TCC orders 1-32
2026-09-10 04:43:37,579 INFO o.a.j.t.JMeterThread: Stopping because end time detected by thread: TCC orders 1-27
2026-09-10 04:43:37,580 INFO o.a.j.t.JMeterThread: Thread finished: TCC orders 1-27
2026-09-10 04:43:37,603 INFO o.a.j.t.JMeterThread: Stopping because end time detected by thread: TCC orders 1-50
2026-09-10 04:43:37,603 INFO o.a.j.t.JMeterThread: Thread finished: TCC orders 1-50
2026-09-10 04:43:37,628 INFO o.a.j.t.JMeterThread: Stopping because end time detected by thread: TCC orders 1-45
2026-09-10 04:43:37,629 INFO o.a.j.t.JMeterThread: Thread finished: TCC orders 1-45
2026-09-10 04:43:37,652 INFO o.a.j.t.JMeterThread: Stopping because end time detected by thread: TCC orders 1-19
2026-09-10 04:43:37,652 INFO o.a.j.t.JMeterThread: Thread finished: TCC orders 1-19
2026-09-10 04:43:37,677 INFO o.a.j.t.JMeterThread: Stopping because end time detected by thread: TCC orders 1-34
2026-09-10 04:43:37,677 INFO o.a.j.t.JMeterThread: Thread finished: TCC orders 1-34
2026-09-10 04:43:37,700 INFO o.a.j.t.JMeterThread: Stopping because end time detected by thread: TCC orders 1-13
2026-09-10 04:43:37,701 INFO o.a.j.t.JMeterThread: Thread finished: TCC orders 1-13
2026-09-10 04:43:37,726 INFO o.a.j.t.JMeterThread: Stopping because end time detected by thread: TCC orders 1-9
2026-09-10 04:43:37,726 INFO o.a.j.t.JMeterThread: Thread finished: TCC orders 1-9
2026-09-10 04:43:37,750 INFO o.a.j.t.JMeterThread: Stopping because end time detected by thread: TCC orders 1-20
2026-09-10 04:43:37,750 INFO o.a.j.t.JMeterThread: Thread finished: TCC orders 1-20
2026-09-10 04:43:37,775 INFO o.a.j.t.JMeterThread: Stopping because end time detected by thread: TCC orders 1-7
2026-09-10 04:43:37,775 INFO o.a.j.t.JMeterThread: Thread finished: TCC orders 1-7
2026-09-10 04:43:37,800 INFO o.a.j.t.JMeterThread: Stopping because end time detected by thread: TCC orders 1-2
2026-09-10 04:43:37,801 INFO o.a.j.t.JMeterThread: Thread finished: TCC orders 1-2
2026-09-10 04:43:37,825 INFO o.a.j.t.JMeterThread: Stopping because end time detected by thread: TCC orders 1-3
2026-09-10 04:43:37,825 INFO o.a.j.t.JMeterThread: Thread finished: TCC orders 1-3
2026-09-10 04:43:37,851 INFO o.a.j.t.JMeterThread: Stopping because end time detected by thread: TCC orders 1-31
2026-09-10 04:43:37,851 INFO o.a.j.t.JMeterThread: Thread finished: TCC orders 1-31
2026-09-10 04:43:37,876 INFO o.a.j.t.JMeterThread: Stopping because end time detected by thread: TCC orders 1-30
2026-09-10 04:43:37,876 INFO o.a.j.t.JMeterThread: Thread finished: TCC orders 1-30
2026-09-10 04:43:37,901 INFO o.a.j.t.JMeterThread: Stopping because end time detected by thread: TCC orders 1-47
2026-09-10 04:43:37,901 INFO o.a.j.t.JMeterThread: Thread finished: TCC orders 1-47
2026-09-10 04:43:37,925 INFO o.a.j.t.JMeterThread: Stopping because end time detected by thread: TCC orders 1-21
2026-09-10 04:43:37,925 INFO o.a.j.t.JMeterThread: Thread finished: TCC orders 1-21
2026-09-10 04:43:37,950 INFO o.a.j.t.JMeterThread: Stopping because end time detected by thread: TCC orders 1-8
2026-09-10 04:43:37,950 INFO o.a.j.t.JMeterThread: Thread finished: TCC orders 1-8
2026-09-10 04:43:37,975 INFO o.a.j.t.JMeterThread: Stopping because end time detected by thread: TCC orders 1-23
2026-09-10 04:43:37,975 INFO o.a.j.t.JMeterThread: Thread finished: TCC orders 1-23
2026-09-10 04:43:38,000 INFO o.a.j.t.JMeterThread: Stopping because end time detected by thread: TCC orders 1-42
2026-09-10 04:43:38,000 INFO o.a.j.t.JMeterThread: Thread finished: TCC orders 1-42
2026-09-10 04:43:38,032 INFO o.a.j.t.JMeterThread: Stopping because end time detected by thread: TCC orders 1-25
2026-09-10 04:43:38,033 INFO o.a.j.t.JMeterThread: Thread finished: TCC orders 1-25
2026-09-10 04:43:38,058 INFO o.a.j.t.JMeterThread: Stopping because end time detected by thread: TCC orders 1-40
2026-09-10 04:43:38,058 INFO o.a.j.t.JMeterThread: Thread finished: TCC orders 1-40
2026-09-10 04:43:38,084 INFO o.a.j.t.JMeterThread: Stopping because end time detected by thread: TCC orders 1-48
2026-09-10 04:43:38,084 INFO o.a.j.t.JMeterThread: Thread finished: TCC orders 1-48
2026-09-10 04:43:38,108 INFO o.a.j.t.JMeterThread: Stopping because end time detected by thread: TCC orders 1-5
2026-09-10 04:43:38,108 INFO o.a.j.t.JMeterThread: Thread finished: TCC orders 1-5
2026-09-10 04:43:38,132 INFO o.a.j.t.JMeterThread: Stopping because end time detected by thread: TCC orders 1-36
2026-09-10 04:43:38,132 INFO o.a.j.t.JMeterThread: Thread finished: TCC orders 1-36
2026-09-10 04:43:38,155 INFO o.a.j.t.JMeterThread: Stopping because end time detected by thread: TCC orders 1-29
2026-09-10 04:43:38,156 INFO o.a.j.t.JMeterThread: Thread finished: TCC orders 1-29
2026-09-10 04:43:38,179 INFO o.a.j.t.JMeterThread: Stopping because end time detected by thread: TCC orders 1-46
2026-09-10 04:43:38,179 INFO o.a.j.t.JMeterThread: Thread finished: TCC orders 1-46
2026-09-10 04:43:38,204 INFO o.a.j.t.JMeterThread: Stopping because end time detected by thread: TCC orders 1-28
2026-09-10 04:43:38,204 INFO o.a.j.t.JMeterThread: Thread finished: TCC orders 1-28
2026-09-10 04:43:38,227 INFO o.a.j.t.JMeterThread: Stopping because end time detected by thread: TCC orders 1-37
2026-09-10 04:43:38,227 INFO o.a.j.t.JMeterThread: Thread finished: TCC orders 1-37
2026-09-10 04:43:38,252 INFO o.a.j.t.JMeterThread: Stopping because end time detected by thread: TCC orders 1-16
2026-09-10 04:43:38,252 INFO o.a.j.t.JMeterThread: Thread finished: TCC orders 1-16
2026-09-10 04:43:38,277 INFO o.a.j.t.JMeterThread: Stopping because end time detected by thread: TCC orders 1-14
2026-09-10 04:43:38,277 INFO o.a.j.t.JMeterThread: Thread finished: TCC orders 1-14
2026-09-10 04:43:38,301 INFO o.a.j.t.JMeterThread: Stopping because end time detected by thread: TCC orders 1-39
2026-09-10 04:43:38,301 INFO o.a.j.t.JMeterThread: Thread finished: TCC orders 1-39
2026-09-10 04:43:38,324 INFO o.a.j.t.JMeterThread: Stopping because end time detected by thread: TCC orders 1-43
2026-09-10 04:43:38,325 INFO o.a.j.t.JMeterThread: Thread finished: TCC orders 1-43
2026-09-10 04:43:38,349 INFO o.a.j.t.JMeterThread: Stopping because end time detected by thread: TCC orders 1-15
2026-09-10 04:43:38,349 INFO o.a.j.t.JMeterThread: Thread finished: TCC orders 1-15
2026-09-10 04:43:38,372 INFO o.a.j.t.JMeterThread: Stopping because end time detected by thread: TCC orders 1-6
2026-09-10 04:43:38,372 INFO o.a.j.t.JMeterThread: Thread finished: TCC orders 1-6
2026-09-10 04:43:38,397 INFO o.a.j.t.JMeterThread: Stopping because end time detected by thread: TCC orders 1-12
2026-09-10 04:43:38,397 INFO o.a.j.t.JMeterThread: Thread finished: TCC orders 1-12
2026-09-10 04:43:38,421 INFO o.a.j.t.JMeterThread: Stopping because end time detected by thread: TCC orders 1-17
2026-09-10 04:43:38,421 INFO o.a.j.t.JMeterThread: Thread finished: TCC orders 1-17
2026-09-10 04:43:38,445 INFO o.a.j.t.JMeterThread: Stopping because end time detected by thread: TCC orders 1-24
2026-09-10 04:43:38,445 INFO o.a.j.t.JMeterThread: Thread finished: TCC orders 1-24
2026-09-10 04:43:38,468 INFO o.a.j.t.JMeterThread: Stopping because end time detected by thread: TCC orders 1-41
2026-09-10 04:43:38,468 INFO o.a.j.t.JMeterThread: Thread finished: TCC orders 1-41
2026-09-10 04:43:38,492 INFO o.a.j.t.JMeterThread: Stopping because end time detected by thread: TCC orders 1-38
2026-09-10 04:43:38,492 INFO o.a.j.t.JMeterThread: Thread finished: TCC orders 1-38
2026-09-10 04:43:38,516 INFO o.a.j.t.JMeterThread: Stopping because end time detected by thread: TCC orders 1-44
2026-09-10 04:43:38,516 INFO o.a.j.t.JMeterThread: Thread finished: TCC orders 1-44
2026-09-10 04:43:38,540 INFO o.a.j.t.JMeterThread: Stopping because end time detected by thread: TCC orders 1-35
2026-09-10 04:43:38,541 INFO o.a.j.t.JMeterThread: Thread finished: TCC orders 1-35
2026-09-10 04:43:38,564 INFO o.a.j.t.JMeterThread: Stopping because end time detected by thread: TCC orders 1-4
2026-09-10 04:43:38,564 INFO o.a.j.t.JMeterThread: Thread finished: TCC orders 1-4
2026-09-10 04:43:38,589 INFO o.a.j.t.JMeterThread: Stopping because end time detected by thread: TCC orders 1-1
2026-09-10 04:43:38,590 INFO o.a.j.t.JMeterThread: Thread finished: TCC orders 1-1
2026-09-10 04:43:38,613 INFO o.a.j.t.JMeterThread: Stopping because end time detected by thread: TCC orders 1-10
2026-09-10 04:43:38,614 INFO o.a.j.t.JMeterThread: Thread finished: TCC orders 1-10
2026-09-10 04:43:38,638 INFO o.a.j.t.JMeterThread: Stopping because end time detected by thread: TCC orders 1-22
2026-09-10 04:43:38,638 INFO o.a.j.t.JMeterThread: Thread finished: TCC orders 1-22
2026-09-10 04:43:38,662 INFO o.a.j.t.JMeterThread: Stopping because end time detected by thread: TCC orders 1-49
2026-09-10 04:43:38,662 INFO o.a.j.t.JMeterThread: Thread finished: TCC orders 1-49
2026-09-10 04:43:38,686 INFO o.a.j.t.JMeterThread: Stopping because end time detected by thread: TCC orders 1-11
2026-09-10 04:43:38,686 INFO o.a.j.t.JMeterThread: Thread finished: TCC orders 1-11
2026-09-10 04:43:38,710 INFO o.a.j.t.JMeterThread: Stopping because end time detected by thread: TCC orders 1-33
2026-09-10 04:43:38,710 INFO o.a.j.t.JMeterThread: Thread finished: TCC orders 1-33
2026-09-10 04:43:38,710 INFO o.a.j.e.StandardJMeterEngine: Notifying test listeners of end of test
2026-09-10 04:43:38,714 INFO o.a.j.r.Summariser: summary +    350 in 00:00:09 =   40.3/s Avg:  1239 Min:  1211 Max:  1271 Err:     0 (0.00%) Active: 0 Started: 50 Finished: 50
2026-09-10 04:43:38,714 INFO o.a.j.r.Summariser: summary =   1231 in 00:00:31 =   39.4/s Avg:  1228 Min:   106 Max:  1592 Err:     0 (0.00%)
