2026-09-10 01:47:46,138 INFO o.a.j.u.JMeterUtils: Setting Locale to en_EN
2026-09-10 01:47:46,154 INFO o.a.j.JMeter: Loading user properties from: /home/avituo/projects/tcc/tcc-container/.tools/apache-jmeter-5.6.3/bin/user.properties
2026-09-10 01:47:46,155 INFO o.a.j.JMeter: Loading system properties from: /home/avituo/projects/tcc/tcc-container/.tools/apache-jmeter-5.6.3/bin/system.properties
2026-09-10 01:47:46,155 INFO o.a.j.JMeter: Loading additional properties from: /home/avituo/projects/tcc/tcc-container/benchmark/jmeter/benchmark.properties
2026-09-10 01:47:46,155 INFO o.a.j.JMeter: Loading additional properties from: /tmp/tcc-benchmark-auth.zadiNl/auth.properties
2026-09-10 01:47:46,155 INFO o.a.j.JMeter: Loading additional properties from: /home/avituo/projects/tcc/tcc-container/benchmark/results/laravel-13.20.0/final/products/c25/r3/microservices/thread-counters.properties
2026-09-10 01:47:46,155 INFO o.a.j.JMeter: Setting JMeter property: threads=25
2026-09-10 01:47:46,155 INFO o.a.j.JMeter: Setting JMeter property: duration_seconds=120
2026-09-10 01:47:46,155 INFO o.a.j.JMeter: Setting JMeter property: target_host=localhost
2026-09-10 01:47:46,155 INFO o.a.j.JMeter: Setting JMeter property: target_port=18080
2026-09-10 01:47:46,155 INFO o.a.j.JMeter: Setting JMeter property: tcc.order.id=20000000-0000-4000-8000-000000000001
2026-09-10 01:47:46,155 INFO o.a.j.JMeter: Setting JMeter property: repetition=3
2026-09-10 01:47:46,163 INFO o.a.j.JMeter: Copyright (c) 1998-2024 The Apache Software Foundation
2026-09-10 01:47:46,163 INFO o.a.j.JMeter: Version 5.6.3
2026-09-10 01:47:46,163 INFO o.a.j.JMeter: java.version=21.0.11
2026-09-10 01:47:46,163 INFO o.a.j.JMeter: java.vm.name=OpenJDK 64-Bit Server VM
2026-09-10 01:47:46,163 INFO o.a.j.JMeter: os.name=Linux
2026-09-10 01:47:46,163 INFO o.a.j.JMeter: os.arch=amd64
2026-09-10 01:47:46,163 INFO o.a.j.JMeter: os.version=7.0.11-76070011-generic
2026-09-10 01:47:46,163 INFO o.a.j.JMeter: file.encoding=UTF-8
2026-09-10 01:47:46,163 INFO o.a.j.JMeter: java.awt.headless=true
2026-09-10 01:47:46,163 INFO o.a.j.JMeter: Max memory     =1073741824
2026-09-10 01:47:46,163 INFO o.a.j.JMeter: Available Processors =16
2026-09-10 01:47:46,171 INFO o.a.j.JMeter: Default Locale=English (EN)
2026-09-10 01:47:46,172 INFO o.a.j.JMeter: JMeter  Locale=English (EN)
2026-09-10 01:47:46,172 INFO o.a.j.JMeter: JMeterHome=/home/avituo/projects/tcc/tcc-container/.tools/apache-jmeter-5.6.3
2026-09-10 01:47:46,172 INFO o.a.j.JMeter: user.dir  =/home/avituo/projects/tcc/tcc-container
2026-09-10 01:47:46,172 INFO o.a.j.JMeter: PWD       =/home/avituo/projects/tcc/tcc-container
2026-09-10 01:47:46,183 INFO o.a.j.JMeter: IP: 192.168.1.16 Name: pop-os FullName: pop-os.home
2026-09-10 01:47:46,195 INFO o.a.j.s.FileServer: Default base='/home/avituo/projects/tcc/tcc-container'
2026-09-10 01:47:46,197 INFO o.a.j.s.FileServer: Set new base='/home/avituo/projects/tcc/tcc-container/benchmark/jmeter'
2026-09-10 01:47:46,384 INFO o.a.j.s.SaveService: Testplan (JMX) version: 2.2. Testlog (JTL) version: 2.2
2026-09-10 01:47:46,410 INFO o.a.j.s.SaveService: Using SaveService properties version 5.0
2026-09-10 01:47:46,413 INFO o.a.j.s.SaveService: Using SaveService properties file encoding UTF-8
2026-09-10 01:47:46,417 INFO o.a.j.s.SaveService: Loading file: /home/avituo/projects/tcc/tcc-container/benchmark/jmeter/tcc-products-v1.jmx
2026-09-10 01:47:46,468 INFO o.a.j.p.h.s.HTTPSamplerBase: Parser for text/html is org.apache.jmeter.protocol.http.parser.LagartoBasedHtmlParser
2026-09-10 01:47:46,468 INFO o.a.j.p.h.s.HTTPSamplerBase: Parser for application/xhtml+xml is org.apache.jmeter.protocol.http.parser.LagartoBasedHtmlParser
2026-09-10 01:47:46,468 INFO o.a.j.p.h.s.HTTPSamplerBase: Parser for application/xml is org.apache.jmeter.protocol.http.parser.LagartoBasedHtmlParser
2026-09-10 01:47:46,468 INFO o.a.j.p.h.s.HTTPSamplerBase: Parser for text/xml is org.apache.jmeter.protocol.http.parser.LagartoBasedHtmlParser
2026-09-10 01:47:46,468 INFO o.a.j.p.h.s.HTTPSamplerBase: Parser for text/vnd.wap.wml is org.apache.jmeter.protocol.http.parser.RegexpHTMLParser
2026-09-10 01:47:46,468 INFO o.a.j.p.h.s.HTTPSamplerBase: Parser for text/css is org.apache.jmeter.protocol.http.parser.CssParser
2026-09-10 01:47:46,498 INFO o.a.j.JMeter: Creating summariser <summary>
2026-09-10 01:47:46,518 INFO o.a.j.e.StandardJMeterEngine: Running the test!
2026-09-10 01:47:46,519 INFO o.a.j.s.SampleEvent: List of sample_variables: []
2026-09-10 01:47:46,519 INFO o.a.j.s.SampleEvent: List of sample_variables: []
2026-09-10 01:47:46,523 INFO o.a.j.e.u.CompoundVariable: Note: Function class names must contain the string: '.functions.'
2026-09-10 01:47:46,523 INFO o.a.j.e.u.CompoundVariable: Note: Function class names must not contain the string: '.gui.'
2026-09-10 01:47:46,769 INFO o.a.j.JMeter: Running test (1789015666768)
2026-09-10 01:47:46,789 INFO o.a.j.e.StandardJMeterEngine: Starting ThreadGroup: 1 : TCC products
2026-09-10 01:47:46,789 INFO o.a.j.e.StandardJMeterEngine: Starting 25 threads for group TCC products.
2026-09-10 01:47:46,789 INFO o.a.j.e.StandardJMeterEngine: Thread will continue on error
2026-09-10 01:47:46,790 INFO o.a.j.t.ThreadGroup: Starting thread group... number=1 threads=25 ramp-up=0 delayedStart=false
2026-09-10 01:47:46,796 INFO o.a.j.t.JMeterThread: Thread started: TCC products 1-1
2026-09-10 01:47:46,796 INFO o.a.j.t.JMeterThread: Thread started: TCC products 1-5
2026-09-10 01:47:46,796 INFO o.a.j.t.JMeterThread: Thread started: TCC products 1-2
2026-09-10 01:47:46,796 INFO o.a.j.t.JMeterThread: Thread started: TCC products 1-3
2026-09-10 01:47:46,797 INFO o.a.j.t.JMeterThread: Thread started: TCC products 1-4
2026-09-10 01:47:46,797 INFO o.a.j.t.JMeterThread: Thread started: TCC products 1-6
2026-09-10 01:47:46,798 INFO o.a.j.t.JMeterThread: Thread started: TCC products 1-7
2026-09-10 01:47:46,799 INFO o.a.j.t.JMeterThread: Thread started: TCC products 1-8
2026-09-10 01:47:46,799 INFO o.a.j.t.JMeterThread: Thread started: TCC products 1-9
2026-09-10 01:47:46,800 INFO o.a.j.t.JMeterThread: Thread started: TCC products 1-10
2026-09-10 01:47:46,801 INFO o.a.j.t.JMeterThread: Thread started: TCC products 1-11
2026-09-10 01:47:46,801 INFO o.a.j.t.JMeterThread: Thread started: TCC products 1-12
2026-09-10 01:47:46,802 INFO o.a.j.t.JMeterThread: Thread started: TCC products 1-13
2026-09-10 01:47:46,803 INFO o.a.j.t.JMeterThread: Thread started: TCC products 1-14
2026-09-10 01:47:46,804 INFO o.a.j.t.JMeterThread: Thread started: TCC products 1-15
2026-09-10 01:47:46,805 INFO o.a.j.t.JMeterThread: Thread started: TCC products 1-16
2026-09-10 01:47:46,805 INFO o.a.j.t.JMeterThread: Thread started: TCC products 1-17
2026-09-10 01:47:46,807 INFO o.a.j.t.JMeterThread: Thread started: TCC products 1-18
2026-09-10 01:47:46,807 INFO o.a.j.t.JMeterThread: Thread started: TCC products 1-19
2026-09-10 01:47:46,808 INFO o.a.j.t.JMeterThread: Thread started: TCC products 1-20
2026-09-10 01:47:46,809 INFO o.a.j.t.JMeterThread: Thread started: TCC products 1-21
2026-09-10 01:47:46,809 INFO o.a.j.t.JMeterThread: Thread started: TCC products 1-22
2026-09-10 01:47:46,810 INFO o.a.j.t.JMeterThread: Thread started: TCC products 1-23
2026-09-10 01:47:46,811 INFO o.a.j.t.ThreadGroup: Started thread group number 1
2026-09-10 01:47:46,811 INFO o.a.j.e.StandardJMeterEngine: All thread groups have been started
2026-09-10 01:47:46,811 INFO o.a.j.t.JMeterThread: Thread started: TCC products 1-25
2026-09-10 01:47:46,811 INFO o.a.j.t.JMeterThread: Thread started: TCC products 1-24
2026-09-10 01:47:46,818 INFO o.a.j.p.h.s.HTTPHCAbstractImpl: Local host = pop-os
2026-09-10 01:47:46,823 INFO o.a.j.p.h.s.HTTPHC4Impl: HTTP request retry count = 0
2026-09-10 01:47:46,825 INFO o.a.j.s.SampleResult: Note: Sample TimeStamps are START times
2026-09-10 01:47:46,825 INFO o.a.j.s.SampleResult: sampleresult.default.encoding is set to UTF-8
2026-09-10 01:47:46,825 INFO o.a.j.s.SampleResult: sampleresult.useNanoTime=true
2026-09-10 01:47:46,825 INFO o.a.j.s.SampleResult: sampleresult.nanoThreadSleep=5000
2026-09-10 01:48:00,008 INFO o.a.j.r.Summariser: summary +   1556 in 00:00:13 =  117.5/s Avg:   196 Min:    22 Max:   390 Err:     0 (0.00%) Active: 25 Started: 25 Finished: 0
2026-09-10 01:48:30,007 INFO o.a.j.r.Summariser: summary +   3900 in 00:00:30 =  130.0/s Avg:   191 Min:   179 Max:   276 Err:     0 (0.00%) Active: 25 Started: 25 Finished: 0
2026-09-10 01:48:30,007 INFO o.a.j.r.Summariser: summary =   5456 in 00:00:43 =  126.2/s Avg:   193 Min:    22 Max:   390 Err:     0 (0.00%)
2026-09-10 01:49:00,006 INFO o.a.j.r.Summariser: summary +   3934 in 00:00:30 =  131.1/s Avg:   190 Min:   180 Max:   223 Err:     0 (0.00%) Active: 25 Started: 25 Finished: 0
2026-09-10 01:49:00,007 INFO o.a.j.r.Summariser: summary =   9390 in 00:01:13 =  128.2/s Avg:   191 Min:    22 Max:   390 Err:     0 (0.00%)
2026-09-10 01:49:30,007 INFO o.a.j.r.Summariser: summary +   3943 in 00:00:30 =  131.4/s Avg:   189 Min:   179 Max:   259 Err:     0 (0.00%) Active: 25 Started: 25 Finished: 0
2026-09-10 01:49:30,007 INFO o.a.j.r.Summariser: summary =  13333 in 00:01:43 =  129.1/s Avg:   191 Min:    22 Max:   390 Err:     0 (0.00%)
2026-09-10 01:49:46,802 INFO o.a.j.t.JMeterThread: Stopping because end time detected by thread: TCC products 1-14
2026-09-10 01:49:46,802 INFO o.a.j.t.JMeterThread: Thread finished: TCC products 1-14
2026-09-10 01:49:46,809 INFO o.a.j.t.JMeterThread: Stopping because end time detected by thread: TCC products 1-15
2026-09-10 01:49:46,809 INFO o.a.j.t.JMeterThread: Thread finished: TCC products 1-15
2026-09-10 01:49:46,817 INFO o.a.j.t.JMeterThread: Stopping because end time detected by thread: TCC products 1-1
2026-09-10 01:49:46,817 INFO o.a.j.t.JMeterThread: Thread finished: TCC products 1-1
2026-09-10 01:49:46,824 INFO o.a.j.t.JMeterThread: Stopping because end time detected by thread: TCC products 1-19
2026-09-10 01:49:46,824 INFO o.a.j.t.JMeterThread: Thread finished: TCC products 1-19
2026-09-10 01:49:46,832 INFO o.a.j.t.JMeterThread: Stopping because end time detected by thread: TCC products 1-25
2026-09-10 01:49:46,832 INFO o.a.j.t.JMeterThread: Thread finished: TCC products 1-25
2026-09-10 01:49:46,840 INFO o.a.j.t.JMeterThread: Stopping because end time detected by thread: TCC products 1-5
2026-09-10 01:49:46,840 INFO o.a.j.t.JMeterThread: Thread finished: TCC products 1-5
2026-09-10 01:49:46,847 INFO o.a.j.t.JMeterThread: Stopping because end time detected by thread: TCC products 1-22
2026-09-10 01:49:46,848 INFO o.a.j.t.JMeterThread: Thread finished: TCC products 1-22
2026-09-10 01:49:46,855 INFO o.a.j.t.JMeterThread: Stopping because end time detected by thread: TCC products 1-21
2026-09-10 01:49:46,855 INFO o.a.j.t.JMeterThread: Thread finished: TCC products 1-21
2026-09-10 01:49:46,862 INFO o.a.j.t.JMeterThread: Stopping because end time detected by thread: TCC products 1-3
2026-09-10 01:49:46,862 INFO o.a.j.t.JMeterThread: Thread finished: TCC products 1-3
2026-09-10 01:49:46,869 INFO o.a.j.t.JMeterThread: Stopping because end time detected by thread: TCC products 1-20
2026-09-10 01:49:46,869 INFO o.a.j.t.JMeterThread: Thread finished: TCC products 1-20
2026-09-10 01:49:46,877 INFO o.a.j.t.JMeterThread: Stopping because end time detected by thread: TCC products 1-16
2026-09-10 01:49:46,877 INFO o.a.j.t.JMeterThread: Thread finished: TCC products 1-16
2026-09-10 01:49:46,885 INFO o.a.j.t.JMeterThread: Stopping because end time detected by thread: TCC products 1-11
2026-09-10 01:49:46,885 INFO o.a.j.t.JMeterThread: Thread finished: TCC products 1-11
2026-09-10 01:49:46,893 INFO o.a.j.t.JMeterThread: Stopping because end time detected by thread: TCC products 1-8
2026-09-10 01:49:46,893 INFO o.a.j.t.JMeterThread: Thread finished: TCC products 1-8
2026-09-10 01:49:46,900 INFO o.a.j.t.JMeterThread: Stopping because end time detected by thread: TCC products 1-4
2026-09-10 01:49:46,900 INFO o.a.j.t.JMeterThread: Thread finished: TCC products 1-4
2026-09-10 01:49:46,907 INFO o.a.j.t.JMeterThread: Stopping because end time detected by thread: TCC products 1-7
2026-09-10 01:49:46,907 INFO o.a.j.t.JMeterThread: Thread finished: TCC products 1-7
2026-09-10 01:49:46,915 INFO o.a.j.t.JMeterThread: Stopping because end time detected by thread: TCC products 1-10
2026-09-10 01:49:46,916 INFO o.a.j.t.JMeterThread: Thread finished: TCC products 1-10
2026-09-10 01:49:46,923 INFO o.a.j.t.JMeterThread: Stopping because end time detected by thread: TCC products 1-17
2026-09-10 01:49:46,923 INFO o.a.j.t.JMeterThread: Thread finished: TCC products 1-17
2026-09-10 01:49:46,931 INFO o.a.j.t.JMeterThread: Stopping because end time detected by thread: TCC products 1-9
2026-09-10 01:49:46,932 INFO o.a.j.t.JMeterThread: Thread finished: TCC products 1-9
2026-09-10 01:49:46,938 INFO o.a.j.t.JMeterThread: Stopping because end time detected by thread: TCC products 1-2
2026-09-10 01:49:46,939 INFO o.a.j.t.JMeterThread: Thread finished: TCC products 1-2
2026-09-10 01:49:46,946 INFO o.a.j.t.JMeterThread: Stopping because end time detected by thread: TCC products 1-13
2026-09-10 01:49:46,946 INFO o.a.j.t.JMeterThread: Thread finished: TCC products 1-13
2026-09-10 01:49:46,954 INFO o.a.j.t.JMeterThread: Stopping because end time detected by thread: TCC products 1-18
2026-09-10 01:49:46,954 INFO o.a.j.t.JMeterThread: Thread finished: TCC products 1-18
2026-09-10 01:49:46,961 INFO o.a.j.t.JMeterThread: Stopping because end time detected by thread: TCC products 1-23
2026-09-10 01:49:46,961 INFO o.a.j.t.JMeterThread: Thread finished: TCC products 1-23
2026-09-10 01:49:46,968 INFO o.a.j.t.JMeterThread: Stopping because end time detected by thread: TCC products 1-6
2026-09-10 01:49:46,968 INFO o.a.j.t.JMeterThread: Thread finished: TCC products 1-6
2026-09-10 01:49:46,976 INFO o.a.j.t.JMeterThread: Stopping because end time detected by thread: TCC products 1-24
2026-09-10 01:49:46,976 INFO o.a.j.t.JMeterThread: Thread finished: TCC products 1-24
2026-09-10 01:49:46,983 INFO o.a.j.t.JMeterThread: Stopping because end time detected by thread: TCC products 1-12
2026-09-10 01:49:46,984 INFO o.a.j.t.JMeterThread: Thread finished: TCC products 1-12
2026-09-10 01:49:46,984 INFO o.a.j.e.StandardJMeterEngine: Notifying test listeners of end of test
2026-09-10 01:49:46,987 INFO o.a.j.r.Summariser: summary +   2214 in 00:00:17 =  130.4/s Avg:   191 Min:   181 Max:   203 Err:     0 (0.00%) Active: 0 Started: 25 Finished: 25
2026-09-10 01:49:46,987 INFO o.a.j.r.Summariser: summary =  15547 in 00:02:00 =  129.3/s Avg:   191 Min:    22 Max:   390 Err:     0 (0.00%)
