2026-09-10 10:07:06,209 INFO o.a.j.u.JMeterUtils: Setting Locale to en_EN
2026-09-10 10:07:06,225 INFO o.a.j.JMeter: Loading user properties from: /home/avituo/projects/tcc/tcc-container/.tools/apache-jmeter-5.6.3/bin/user.properties
2026-09-10 10:07:06,225 INFO o.a.j.JMeter: Loading system properties from: /home/avituo/projects/tcc/tcc-container/.tools/apache-jmeter-5.6.3/bin/system.properties
2026-09-10 10:07:06,225 INFO o.a.j.JMeter: Loading additional properties from: /home/avituo/projects/tcc/tcc-container/benchmark/jmeter/benchmark.properties
2026-09-10 10:07:06,225 INFO o.a.j.JMeter: Loading additional properties from: /tmp/tcc-benchmark-auth.i2OvPh/auth.properties
2026-09-10 10:07:06,226 INFO o.a.j.JMeter: Setting JMeter property: threads=100
2026-09-10 10:07:06,226 INFO o.a.j.JMeter: Setting JMeter property: duration_seconds=30
2026-09-10 10:07:06,226 INFO o.a.j.JMeter: Setting JMeter property: target_host=localhost
2026-09-10 10:07:06,226 INFO o.a.j.JMeter: Setting JMeter property: target_port=18000
2026-09-10 10:07:06,226 INFO o.a.j.JMeter: Setting JMeter property: tcc.order.id=1
2026-09-10 10:07:06,226 INFO o.a.j.JMeter: Setting JMeter property: repetition=3
2026-09-10 10:07:06,232 INFO o.a.j.JMeter: Copyright (c) 1998-2024 The Apache Software Foundation
2026-09-10 10:07:06,232 INFO o.a.j.JMeter: Version 5.6.3
2026-09-10 10:07:06,232 INFO o.a.j.JMeter: java.version=21.0.11
2026-09-10 10:07:06,232 INFO o.a.j.JMeter: java.vm.name=OpenJDK 64-Bit Server VM
2026-09-10 10:07:06,232 INFO o.a.j.JMeter: os.name=Linux
2026-09-10 10:07:06,232 INFO o.a.j.JMeter: os.arch=amd64
2026-09-10 10:07:06,232 INFO o.a.j.JMeter: os.version=7.0.11-76070011-generic
2026-09-10 10:07:06,232 INFO o.a.j.JMeter: file.encoding=UTF-8
2026-09-10 10:07:06,232 INFO o.a.j.JMeter: java.awt.headless=true
2026-09-10 10:07:06,232 INFO o.a.j.JMeter: Max memory     =1073741824
2026-09-10 10:07:06,232 INFO o.a.j.JMeter: Available Processors =16
2026-09-10 10:07:06,240 INFO o.a.j.JMeter: Default Locale=English (EN)
2026-09-10 10:07:06,240 INFO o.a.j.JMeter: JMeter  Locale=English (EN)
2026-09-10 10:07:06,240 INFO o.a.j.JMeter: JMeterHome=/home/avituo/projects/tcc/tcc-container/.tools/apache-jmeter-5.6.3
2026-09-10 10:07:06,240 INFO o.a.j.JMeter: user.dir  =/home/avituo/projects/tcc/tcc-container
2026-09-10 10:07:06,240 INFO o.a.j.JMeter: PWD       =/home/avituo/projects/tcc/tcc-container
2026-09-10 10:07:06,252 INFO o.a.j.JMeter: IP: 192.168.1.16 Name: pop-os FullName: pop-os.home
2026-09-10 10:07:06,263 INFO o.a.j.s.FileServer: Default base='/home/avituo/projects/tcc/tcc-container'
2026-09-10 10:07:06,265 INFO o.a.j.s.FileServer: Set new base='/home/avituo/projects/tcc/tcc-container/benchmark/jmeter'
2026-09-10 10:07:06,447 INFO o.a.j.s.SaveService: Testplan (JMX) version: 2.2. Testlog (JTL) version: 2.2
2026-09-10 10:07:06,471 INFO o.a.j.s.SaveService: Using SaveService properties version 5.0
2026-09-10 10:07:06,474 INFO o.a.j.s.SaveService: Using SaveService properties file encoding UTF-8
2026-09-10 10:07:06,478 INFO o.a.j.s.SaveService: Loading file: /home/avituo/projects/tcc/tcc-container/benchmark/jmeter/tcc-order-create-v1.jmx
2026-09-10 10:07:06,529 INFO o.a.j.p.h.s.HTTPSamplerBase: Parser for text/html is org.apache.jmeter.protocol.http.parser.LagartoBasedHtmlParser
2026-09-10 10:07:06,529 INFO o.a.j.p.h.s.HTTPSamplerBase: Parser for application/xhtml+xml is org.apache.jmeter.protocol.http.parser.LagartoBasedHtmlParser
2026-09-10 10:07:06,529 INFO o.a.j.p.h.s.HTTPSamplerBase: Parser for application/xml is org.apache.jmeter.protocol.http.parser.LagartoBasedHtmlParser
2026-09-10 10:07:06,529 INFO o.a.j.p.h.s.HTTPSamplerBase: Parser for text/xml is org.apache.jmeter.protocol.http.parser.LagartoBasedHtmlParser
2026-09-10 10:07:06,529 INFO o.a.j.p.h.s.HTTPSamplerBase: Parser for text/vnd.wap.wml is org.apache.jmeter.protocol.http.parser.RegexpHTMLParser
2026-09-10 10:07:06,530 INFO o.a.j.p.h.s.HTTPSamplerBase: Parser for text/css is org.apache.jmeter.protocol.http.parser.CssParser
2026-09-10 10:07:06,563 INFO o.a.j.JMeter: Creating summariser <summary>
2026-09-10 10:07:06,581 INFO o.a.j.e.StandardJMeterEngine: Running the test!
2026-09-10 10:07:06,581 INFO o.a.j.s.SampleEvent: List of sample_variables: []
2026-09-10 10:07:06,582 INFO o.a.j.s.SampleEvent: List of sample_variables: []
2026-09-10 10:07:06,587 INFO o.a.j.e.u.CompoundVariable: Note: Function class names must contain the string: '.functions.'
2026-09-10 10:07:06,587 INFO o.a.j.e.u.CompoundVariable: Note: Function class names must not contain the string: '.gui.'
2026-09-10 10:07:06,823 INFO o.a.j.JMeter: Running test (1789045626823)
2026-09-10 10:07:06,842 INFO o.a.j.e.StandardJMeterEngine: Starting ThreadGroup: 1 : TCC order-create
2026-09-10 10:07:06,843 INFO o.a.j.e.StandardJMeterEngine: Starting 100 threads for group TCC order-create.
2026-09-10 10:07:06,843 INFO o.a.j.e.StandardJMeterEngine: Thread will continue on error
2026-09-10 10:07:06,843 INFO o.a.j.t.ThreadGroup: Starting thread group... number=1 threads=100 ramp-up=0 delayedStart=false
2026-09-10 10:07:06,849 INFO o.a.j.t.JMeterThread: Thread started: TCC order-create 1-1
2026-09-10 10:07:06,849 INFO o.a.j.t.JMeterThread: Thread started: TCC order-create 1-4
2026-09-10 10:07:06,849 INFO o.a.j.t.JMeterThread: Thread started: TCC order-create 1-3
2026-09-10 10:07:06,849 INFO o.a.j.t.JMeterThread: Thread started: TCC order-create 1-2
2026-09-10 10:07:06,850 INFO o.a.j.t.JMeterThread: Thread started: TCC order-create 1-5
2026-09-10 10:07:06,851 INFO o.a.j.t.JMeterThread: Thread started: TCC order-create 1-6
2026-09-10 10:07:06,851 INFO o.a.j.t.JMeterThread: Thread started: TCC order-create 1-7
2026-09-10 10:07:06,852 INFO o.a.j.t.JMeterThread: Thread started: TCC order-create 1-8
2026-09-10 10:07:06,853 INFO o.a.j.t.JMeterThread: Thread started: TCC order-create 1-9
2026-09-10 10:07:06,853 INFO o.a.j.t.JMeterThread: Thread started: TCC order-create 1-10
2026-09-10 10:07:06,854 INFO o.a.j.t.JMeterThread: Thread started: TCC order-create 1-11
2026-09-10 10:07:06,855 INFO o.a.j.t.JMeterThread: Thread started: TCC order-create 1-12
2026-09-10 10:07:06,856 INFO o.a.j.t.JMeterThread: Thread started: TCC order-create 1-13
2026-09-10 10:07:06,856 INFO o.a.j.t.JMeterThread: Thread started: TCC order-create 1-14
2026-09-10 10:07:06,857 INFO o.a.j.t.JMeterThread: Thread started: TCC order-create 1-15
2026-09-10 10:07:06,858 INFO o.a.j.t.JMeterThread: Thread started: TCC order-create 1-16
2026-09-10 10:07:06,859 INFO o.a.j.t.JMeterThread: Thread started: TCC order-create 1-17
2026-09-10 10:07:06,860 INFO o.a.j.t.JMeterThread: Thread started: TCC order-create 1-18
2026-09-10 10:07:06,861 INFO o.a.j.t.JMeterThread: Thread started: TCC order-create 1-19
2026-09-10 10:07:06,861 INFO o.a.j.t.JMeterThread: Thread started: TCC order-create 1-20
2026-09-10 10:07:06,862 INFO o.a.j.t.JMeterThread: Thread started: TCC order-create 1-21
2026-09-10 10:07:06,862 INFO o.a.j.t.JMeterThread: Thread started: TCC order-create 1-22
2026-09-10 10:07:06,863 INFO o.a.j.t.JMeterThread: Thread started: TCC order-create 1-23
2026-09-10 10:07:06,864 INFO o.a.j.t.JMeterThread: Thread started: TCC order-create 1-24
2026-09-10 10:07:06,864 INFO o.a.j.t.JMeterThread: Thread started: TCC order-create 1-25
2026-09-10 10:07:06,865 INFO o.a.j.t.JMeterThread: Thread started: TCC order-create 1-26
2026-09-10 10:07:06,865 INFO o.a.j.t.JMeterThread: Thread started: TCC order-create 1-27
2026-09-10 10:07:06,866 INFO o.a.j.t.JMeterThread: Thread started: TCC order-create 1-28
2026-09-10 10:07:06,866 INFO o.a.j.t.JMeterThread: Thread started: TCC order-create 1-29
2026-09-10 10:07:06,866 INFO o.a.j.t.JMeterThread: Thread started: TCC order-create 1-30
2026-09-10 10:07:06,867 INFO o.a.j.t.JMeterThread: Thread started: TCC order-create 1-31
2026-09-10 10:07:06,868 INFO o.a.j.t.JMeterThread: Thread started: TCC order-create 1-32
2026-09-10 10:07:06,868 INFO o.a.j.t.JMeterThread: Thread started: TCC order-create 1-33
2026-09-10 10:07:06,869 INFO o.a.j.t.JMeterThread: Thread started: TCC order-create 1-34
2026-09-10 10:07:06,869 INFO o.a.j.t.JMeterThread: Thread started: TCC order-create 1-35
2026-09-10 10:07:06,871 INFO o.a.j.t.JMeterThread: Thread started: TCC order-create 1-36
2026-09-10 10:07:06,872 INFO o.a.j.t.JMeterThread: Thread started: TCC order-create 1-37
2026-09-10 10:07:06,874 INFO o.a.j.t.JMeterThread: Thread started: TCC order-create 1-38
2026-09-10 10:07:06,874 INFO o.a.j.t.JMeterThread: Thread started: TCC order-create 1-39
2026-09-10 10:07:06,876 INFO o.a.j.t.JMeterThread: Thread started: TCC order-create 1-40
2026-09-10 10:07:06,878 INFO o.a.j.t.JMeterThread: Thread started: TCC order-create 1-41
2026-09-10 10:07:06,878 INFO o.a.j.t.JMeterThread: Thread started: TCC order-create 1-42
2026-09-10 10:07:06,879 INFO o.a.j.t.JMeterThread: Thread started: TCC order-create 1-43
2026-09-10 10:07:06,880 INFO o.a.j.t.JMeterThread: Thread started: TCC order-create 1-44
2026-09-10 10:07:06,884 INFO o.a.j.t.JMeterThread: Thread started: TCC order-create 1-45
2026-09-10 10:07:06,885 INFO o.a.j.t.JMeterThread: Thread started: TCC order-create 1-46
2026-09-10 10:07:06,886 INFO o.a.j.t.JMeterThread: Thread started: TCC order-create 1-47
2026-09-10 10:07:06,887 INFO o.a.j.t.JMeterThread: Thread started: TCC order-create 1-48
2026-09-10 10:07:06,888 INFO o.a.j.t.JMeterThread: Thread started: TCC order-create 1-49
2026-09-10 10:07:06,889 INFO o.a.j.t.JMeterThread: Thread started: TCC order-create 1-50
2026-09-10 10:07:06,889 INFO o.a.j.t.JMeterThread: Thread started: TCC order-create 1-51
2026-09-10 10:07:06,890 INFO o.a.j.t.JMeterThread: Thread started: TCC order-create 1-52
2026-09-10 10:07:06,891 INFO o.a.j.t.JMeterThread: Thread started: TCC order-create 1-53
2026-09-10 10:07:06,892 INFO o.a.j.t.JMeterThread: Thread started: TCC order-create 1-54
2026-09-10 10:07:06,892 INFO o.a.j.t.JMeterThread: Thread started: TCC order-create 1-55
2026-09-10 10:07:06,893 INFO o.a.j.t.JMeterThread: Thread started: TCC order-create 1-56
2026-09-10 10:07:06,895 INFO o.a.j.t.JMeterThread: Thread started: TCC order-create 1-57
2026-09-10 10:07:06,895 INFO o.a.j.t.JMeterThread: Thread started: TCC order-create 1-58
2026-09-10 10:07:06,896 INFO o.a.j.t.JMeterThread: Thread started: TCC order-create 1-59
2026-09-10 10:07:06,896 INFO o.a.j.t.JMeterThread: Thread started: TCC order-create 1-60
2026-09-10 10:07:06,897 INFO o.a.j.t.JMeterThread: Thread started: TCC order-create 1-61
2026-09-10 10:07:06,898 INFO o.a.j.t.JMeterThread: Thread started: TCC order-create 1-62
2026-09-10 10:07:06,899 INFO o.a.j.t.JMeterThread: Thread started: TCC order-create 1-63
2026-09-10 10:07:06,900 INFO o.a.j.t.JMeterThread: Thread started: TCC order-create 1-64
2026-09-10 10:07:06,901 INFO o.a.j.t.JMeterThread: Thread started: TCC order-create 1-65
2026-09-10 10:07:06,901 INFO o.a.j.t.JMeterThread: Thread started: TCC order-create 1-66
2026-09-10 10:07:06,902 INFO o.a.j.t.JMeterThread: Thread started: TCC order-create 1-67
2026-09-10 10:07:06,903 INFO o.a.j.t.JMeterThread: Thread started: TCC order-create 1-68
2026-09-10 10:07:06,903 INFO o.a.j.t.JMeterThread: Thread started: TCC order-create 1-69
2026-09-10 10:07:06,904 INFO o.a.j.t.JMeterThread: Thread started: TCC order-create 1-70
2026-09-10 10:07:06,906 INFO o.a.j.t.JMeterThread: Thread started: TCC order-create 1-72
2026-09-10 10:07:06,905 INFO o.a.j.t.JMeterThread: Thread started: TCC order-create 1-71
2026-09-10 10:07:06,907 INFO o.a.j.t.JMeterThread: Thread started: TCC order-create 1-73
2026-09-10 10:07:06,908 INFO o.a.j.t.JMeterThread: Thread started: TCC order-create 1-74
2026-09-10 10:07:06,909 INFO o.a.j.t.JMeterThread: Thread started: TCC order-create 1-75
2026-09-10 10:07:06,909 INFO o.a.j.t.JMeterThread: Thread started: TCC order-create 1-76
2026-09-10 10:07:06,910 INFO o.a.j.t.JMeterThread: Thread started: TCC order-create 1-77
2026-09-10 10:07:06,911 INFO o.a.j.t.JMeterThread: Thread started: TCC order-create 1-78
2026-09-10 10:07:06,911 INFO o.a.j.t.JMeterThread: Thread started: TCC order-create 1-79
2026-09-10 10:07:06,912 INFO o.a.j.t.JMeterThread: Thread started: TCC order-create 1-80
2026-09-10 10:07:06,913 INFO o.a.j.t.JMeterThread: Thread started: TCC order-create 1-81
2026-09-10 10:07:06,913 INFO o.a.j.t.JMeterThread: Thread started: TCC order-create 1-82
2026-09-10 10:07:06,914 INFO o.a.j.t.JMeterThread: Thread started: TCC order-create 1-83
2026-09-10 10:07:06,915 INFO o.a.j.t.JMeterThread: Thread started: TCC order-create 1-84
2026-09-10 10:07:06,915 INFO o.a.j.t.JMeterThread: Thread started: TCC order-create 1-85
2026-09-10 10:07:06,916 INFO o.a.j.t.JMeterThread: Thread started: TCC order-create 1-86
2026-09-10 10:07:06,916 INFO o.a.j.t.JMeterThread: Thread started: TCC order-create 1-87
2026-09-10 10:07:06,917 INFO o.a.j.t.JMeterThread: Thread started: TCC order-create 1-88
2026-09-10 10:07:06,918 INFO o.a.j.t.JMeterThread: Thread started: TCC order-create 1-89
2026-09-10 10:07:06,918 INFO o.a.j.t.JMeterThread: Thread started: TCC order-create 1-90
2026-09-10 10:07:06,919 INFO o.a.j.t.JMeterThread: Thread started: TCC order-create 1-91
2026-09-10 10:07:06,920 INFO o.a.j.t.JMeterThread: Thread started: TCC order-create 1-92
2026-09-10 10:07:06,920 INFO o.a.j.t.JMeterThread: Thread started: TCC order-create 1-93
2026-09-10 10:07:06,921 INFO o.a.j.t.JMeterThread: Thread started: TCC order-create 1-94
2026-09-10 10:07:06,922 INFO o.a.j.t.JMeterThread: Thread started: TCC order-create 1-96
2026-09-10 10:07:06,921 INFO o.a.j.t.JMeterThread: Thread started: TCC order-create 1-95
2026-09-10 10:07:06,923 INFO o.a.j.t.JMeterThread: Thread started: TCC order-create 1-97
2026-09-10 10:07:06,923 INFO o.a.j.t.JMeterThread: Thread started: TCC order-create 1-98
2026-09-10 10:07:06,924 INFO o.a.j.t.JMeterThread: Thread started: TCC order-create 1-99
2026-09-10 10:07:06,924 INFO o.a.j.t.ThreadGroup: Started thread group number 1
2026-09-10 10:07:06,925 INFO o.a.j.e.StandardJMeterEngine: All thread groups have been started
2026-09-10 10:07:06,925 INFO o.a.j.t.JMeterThread: Thread started: TCC order-create 1-100
2026-09-10 10:07:07,730 INFO o.a.j.p.h.s.HTTPHCAbstractImpl: Local host = pop-os
2026-09-10 10:07:07,741 INFO o.a.j.p.h.s.HTTPHC4Impl: HTTP request retry count = 0
2026-09-10 10:07:07,743 INFO o.a.j.s.SampleResult: Note: Sample TimeStamps are START times
2026-09-10 10:07:07,743 INFO o.a.j.s.SampleResult: sampleresult.default.encoding is set to UTF-8
2026-09-10 10:07:07,743 INFO o.a.j.s.SampleResult: sampleresult.useNanoTime=true
2026-09-10 10:07:07,743 INFO o.a.j.s.SampleResult: sampleresult.nanoThreadSleep=5000
2026-09-10 10:07:30,012 INFO o.a.j.r.Summariser: summary +    822 in 00:00:23 =   35.4/s Avg:  2535 Min:   120 Max:  2790 Err:     0 (0.00%) Active: 100 Started: 100 Finished: 0
2026-09-10 10:07:36,935 INFO o.a.j.t.JMeterThread: Stopping because end time detected by thread: TCC order-create 1-51
2026-09-10 10:07:36,935 INFO o.a.j.t.JMeterThread: Thread finished: TCC order-create 1-51
2026-09-10 10:07:36,960 INFO o.a.j.t.JMeterThread: Stopping because end time detected by thread: TCC order-create 1-13
2026-09-10 10:07:36,960 INFO o.a.j.t.JMeterThread: Thread finished: TCC order-create 1-13
2026-09-10 10:07:36,984 INFO o.a.j.t.JMeterThread: Stopping because end time detected by thread: TCC order-create 1-69
2026-09-10 10:07:36,985 INFO o.a.j.t.JMeterThread: Thread finished: TCC order-create 1-69
2026-09-10 10:07:37,051 INFO o.a.j.t.JMeterThread: Stopping because end time detected by thread: TCC order-create 1-1
2026-09-10 10:07:37,051 INFO o.a.j.t.JMeterThread: Thread finished: TCC order-create 1-1
2026-09-10 10:07:37,075 INFO o.a.j.t.JMeterThread: Stopping because end time detected by thread: TCC order-create 1-3
2026-09-10 10:07:37,075 INFO o.a.j.t.JMeterThread: Thread finished: TCC order-create 1-3
2026-09-10 10:07:37,099 INFO o.a.j.t.JMeterThread: Stopping because end time detected by thread: TCC order-create 1-55
2026-09-10 10:07:37,100 INFO o.a.j.t.JMeterThread: Thread finished: TCC order-create 1-55
2026-09-10 10:07:37,124 INFO o.a.j.t.JMeterThread: Stopping because end time detected by thread: TCC order-create 1-22
2026-09-10 10:07:37,124 INFO o.a.j.t.JMeterThread: Thread finished: TCC order-create 1-22
2026-09-10 10:07:37,149 INFO o.a.j.t.JMeterThread: Stopping because end time detected by thread: TCC order-create 1-34
2026-09-10 10:07:37,149 INFO o.a.j.t.JMeterThread: Thread finished: TCC order-create 1-34
2026-09-10 10:07:37,175 INFO o.a.j.t.JMeterThread: Stopping because end time detected by thread: TCC order-create 1-30
2026-09-10 10:07:37,176 INFO o.a.j.t.JMeterThread: Thread finished: TCC order-create 1-30
2026-09-10 10:07:37,201 INFO o.a.j.t.JMeterThread: Stopping because end time detected by thread: TCC order-create 1-68
2026-09-10 10:07:37,201 INFO o.a.j.t.JMeterThread: Thread finished: TCC order-create 1-68
2026-09-10 10:07:37,227 INFO o.a.j.t.JMeterThread: Stopping because end time detected by thread: TCC order-create 1-48
2026-09-10 10:07:37,227 INFO o.a.j.t.JMeterThread: Thread finished: TCC order-create 1-48
2026-09-10 10:07:37,253 INFO o.a.j.t.JMeterThread: Stopping because end time detected by thread: TCC order-create 1-19
2026-09-10 10:07:37,253 INFO o.a.j.t.JMeterThread: Thread finished: TCC order-create 1-19
2026-09-10 10:07:37,278 INFO o.a.j.t.JMeterThread: Stopping because end time detected by thread: TCC order-create 1-42
2026-09-10 10:07:37,278 INFO o.a.j.t.JMeterThread: Thread finished: TCC order-create 1-42
2026-09-10 10:07:37,302 INFO o.a.j.t.JMeterThread: Stopping because end time detected by thread: TCC order-create 1-60
2026-09-10 10:07:37,302 INFO o.a.j.t.JMeterThread: Thread finished: TCC order-create 1-60
2026-09-10 10:07:37,329 INFO o.a.j.t.JMeterThread: Stopping because end time detected by thread: TCC order-create 1-11
2026-09-10 10:07:37,329 INFO o.a.j.t.JMeterThread: Thread finished: TCC order-create 1-11
2026-09-10 10:07:37,356 INFO o.a.j.t.JMeterThread: Stopping because end time detected by thread: TCC order-create 1-64
2026-09-10 10:07:37,356 INFO o.a.j.t.JMeterThread: Thread finished: TCC order-create 1-64
2026-09-10 10:07:37,380 INFO o.a.j.t.JMeterThread: Stopping because end time detected by thread: TCC order-create 1-95
2026-09-10 10:07:37,381 INFO o.a.j.t.JMeterThread: Thread finished: TCC order-create 1-95
2026-09-10 10:07:37,404 INFO o.a.j.t.JMeterThread: Stopping because end time detected by thread: TCC order-create 1-7
2026-09-10 10:07:37,404 INFO o.a.j.t.JMeterThread: Thread finished: TCC order-create 1-7
2026-09-10 10:07:37,432 INFO o.a.j.t.JMeterThread: Stopping because end time detected by thread: TCC order-create 1-38
2026-09-10 10:07:37,433 INFO o.a.j.t.JMeterThread: Thread finished: TCC order-create 1-38
2026-09-10 10:07:37,456 INFO o.a.j.t.JMeterThread: Stopping because end time detected by thread: TCC order-create 1-23
2026-09-10 10:07:37,456 INFO o.a.j.t.JMeterThread: Thread finished: TCC order-create 1-23
2026-09-10 10:07:37,484 INFO o.a.j.t.JMeterThread: Stopping because end time detected by thread: TCC order-create 1-21
2026-09-10 10:07:37,484 INFO o.a.j.t.JMeterThread: Thread finished: TCC order-create 1-21
2026-09-10 10:07:37,511 INFO o.a.j.t.JMeterThread: Stopping because end time detected by thread: TCC order-create 1-81
2026-09-10 10:07:37,511 INFO o.a.j.t.JMeterThread: Thread finished: TCC order-create 1-81
2026-09-10 10:07:37,539 INFO o.a.j.t.JMeterThread: Stopping because end time detected by thread: TCC order-create 1-73
2026-09-10 10:07:37,539 INFO o.a.j.t.JMeterThread: Thread finished: TCC order-create 1-73
2026-09-10 10:07:37,566 INFO o.a.j.t.JMeterThread: Stopping because end time detected by thread: TCC order-create 1-54
2026-09-10 10:07:37,567 INFO o.a.j.t.JMeterThread: Thread finished: TCC order-create 1-54
2026-09-10 10:07:37,592 INFO o.a.j.t.JMeterThread: Stopping because end time detected by thread: TCC order-create 1-87
2026-09-10 10:07:37,592 INFO o.a.j.t.JMeterThread: Thread finished: TCC order-create 1-87
2026-09-10 10:07:37,615 INFO o.a.j.t.JMeterThread: Stopping because end time detected by thread: TCC order-create 1-4
2026-09-10 10:07:37,615 INFO o.a.j.t.JMeterThread: Thread finished: TCC order-create 1-4
2026-09-10 10:07:37,641 INFO o.a.j.t.JMeterThread: Stopping because end time detected by thread: TCC order-create 1-40
2026-09-10 10:07:37,642 INFO o.a.j.t.JMeterThread: Thread finished: TCC order-create 1-40
2026-09-10 10:07:37,666 INFO o.a.j.t.JMeterThread: Stopping because end time detected by thread: TCC order-create 1-56
2026-09-10 10:07:37,666 INFO o.a.j.t.JMeterThread: Thread finished: TCC order-create 1-56
2026-09-10 10:07:37,692 INFO o.a.j.t.JMeterThread: Stopping because end time detected by thread: TCC order-create 1-53
2026-09-10 10:07:37,692 INFO o.a.j.t.JMeterThread: Thread finished: TCC order-create 1-53
2026-09-10 10:07:37,718 INFO o.a.j.t.JMeterThread: Stopping because end time detected by thread: TCC order-create 1-41
2026-09-10 10:07:37,718 INFO o.a.j.t.JMeterThread: Thread finished: TCC order-create 1-41
2026-09-10 10:07:37,744 INFO o.a.j.t.JMeterThread: Stopping because end time detected by thread: TCC order-create 1-44
2026-09-10 10:07:37,745 INFO o.a.j.t.JMeterThread: Thread finished: TCC order-create 1-44
2026-09-10 10:07:37,770 INFO o.a.j.t.JMeterThread: Stopping because end time detected by thread: TCC order-create 1-80
2026-09-10 10:07:37,770 INFO o.a.j.t.JMeterThread: Thread finished: TCC order-create 1-80
2026-09-10 10:07:37,796 INFO o.a.j.t.JMeterThread: Stopping because end time detected by thread: TCC order-create 1-99
2026-09-10 10:07:37,796 INFO o.a.j.t.JMeterThread: Thread finished: TCC order-create 1-99
2026-09-10 10:07:37,821 INFO o.a.j.t.JMeterThread: Stopping because end time detected by thread: TCC order-create 1-59
2026-09-10 10:07:37,821 INFO o.a.j.t.JMeterThread: Thread finished: TCC order-create 1-59
2026-09-10 10:07:37,848 INFO o.a.j.t.JMeterThread: Stopping because end time detected by thread: TCC order-create 1-25
2026-09-10 10:07:37,848 INFO o.a.j.t.JMeterThread: Thread finished: TCC order-create 1-25
2026-09-10 10:07:37,873 INFO o.a.j.t.JMeterThread: Stopping because end time detected by thread: TCC order-create 1-62
2026-09-10 10:07:37,873 INFO o.a.j.t.JMeterThread: Thread finished: TCC order-create 1-62
2026-09-10 10:07:37,897 INFO o.a.j.t.JMeterThread: Stopping because end time detected by thread: TCC order-create 1-39
2026-09-10 10:07:37,898 INFO o.a.j.t.JMeterThread: Thread finished: TCC order-create 1-39
2026-09-10 10:07:37,923 INFO o.a.j.t.JMeterThread: Stopping because end time detected by thread: TCC order-create 1-86
2026-09-10 10:07:37,924 INFO o.a.j.t.JMeterThread: Thread finished: TCC order-create 1-86
2026-09-10 10:07:37,948 INFO o.a.j.t.JMeterThread: Stopping because end time detected by thread: TCC order-create 1-10
2026-09-10 10:07:37,948 INFO o.a.j.t.JMeterThread: Thread finished: TCC order-create 1-10
2026-09-10 10:07:37,972 INFO o.a.j.t.JMeterThread: Stopping because end time detected by thread: TCC order-create 1-36
2026-09-10 10:07:37,972 INFO o.a.j.t.JMeterThread: Thread finished: TCC order-create 1-36
2026-09-10 10:07:37,997 INFO o.a.j.t.JMeterThread: Stopping because end time detected by thread: TCC order-create 1-61
2026-09-10 10:07:37,997 INFO o.a.j.t.JMeterThread: Thread finished: TCC order-create 1-61
2026-09-10 10:07:38,032 INFO o.a.j.t.JMeterThread: Stopping because end time detected by thread: TCC order-create 1-20
2026-09-10 10:07:38,033 INFO o.a.j.t.JMeterThread: Thread finished: TCC order-create 1-20
2026-09-10 10:07:38,057 INFO o.a.j.t.JMeterThread: Stopping because end time detected by thread: TCC order-create 1-31
2026-09-10 10:07:38,057 INFO o.a.j.t.JMeterThread: Thread finished: TCC order-create 1-31
2026-09-10 10:07:38,081 INFO o.a.j.t.JMeterThread: Stopping because end time detected by thread: TCC order-create 1-92
2026-09-10 10:07:38,081 INFO o.a.j.t.JMeterThread: Thread finished: TCC order-create 1-92
2026-09-10 10:07:38,105 INFO o.a.j.t.JMeterThread: Stopping because end time detected by thread: TCC order-create 1-15
2026-09-10 10:07:38,106 INFO o.a.j.t.JMeterThread: Thread finished: TCC order-create 1-15
2026-09-10 10:07:38,132 INFO o.a.j.t.JMeterThread: Stopping because end time detected by thread: TCC order-create 1-26
2026-09-10 10:07:38,132 INFO o.a.j.t.JMeterThread: Thread finished: TCC order-create 1-26
2026-09-10 10:07:38,156 INFO o.a.j.t.JMeterThread: Stopping because end time detected by thread: TCC order-create 1-93
2026-09-10 10:07:38,157 INFO o.a.j.t.JMeterThread: Thread finished: TCC order-create 1-93
2026-09-10 10:07:38,180 INFO o.a.j.t.JMeterThread: Stopping because end time detected by thread: TCC order-create 1-100
2026-09-10 10:07:38,181 INFO o.a.j.t.JMeterThread: Thread finished: TCC order-create 1-100
2026-09-10 10:07:38,205 INFO o.a.j.t.JMeterThread: Stopping because end time detected by thread: TCC order-create 1-29
2026-09-10 10:07:38,205 INFO o.a.j.t.JMeterThread: Thread finished: TCC order-create 1-29
2026-09-10 10:07:38,231 INFO o.a.j.t.JMeterThread: Stopping because end time detected by thread: TCC order-create 1-17
2026-09-10 10:07:38,231 INFO o.a.j.t.JMeterThread: Thread finished: TCC order-create 1-17
2026-09-10 10:07:38,256 INFO o.a.j.t.JMeterThread: Stopping because end time detected by thread: TCC order-create 1-63
2026-09-10 10:07:38,256 INFO o.a.j.t.JMeterThread: Thread finished: TCC order-create 1-63
2026-09-10 10:07:38,282 INFO o.a.j.t.JMeterThread: Stopping because end time detected by thread: TCC order-create 1-2
2026-09-10 10:07:38,282 INFO o.a.j.t.JMeterThread: Thread finished: TCC order-create 1-2
2026-09-10 10:07:38,307 INFO o.a.j.t.JMeterThread: Stopping because end time detected by thread: TCC order-create 1-77
2026-09-10 10:07:38,307 INFO o.a.j.t.JMeterThread: Thread finished: TCC order-create 1-77
2026-09-10 10:07:38,332 INFO o.a.j.t.JMeterThread: Stopping because end time detected by thread: TCC order-create 1-49
2026-09-10 10:07:38,332 INFO o.a.j.t.JMeterThread: Thread finished: TCC order-create 1-49
2026-09-10 10:07:38,357 INFO o.a.j.t.JMeterThread: Stopping because end time detected by thread: TCC order-create 1-33
2026-09-10 10:07:38,357 INFO o.a.j.t.JMeterThread: Thread finished: TCC order-create 1-33
2026-09-10 10:07:38,382 INFO o.a.j.t.JMeterThread: Stopping because end time detected by thread: TCC order-create 1-52
2026-09-10 10:07:38,383 INFO o.a.j.t.JMeterThread: Thread finished: TCC order-create 1-52
2026-09-10 10:07:38,408 INFO o.a.j.t.JMeterThread: Stopping because end time detected by thread: TCC order-create 1-6
2026-09-10 10:07:38,408 INFO o.a.j.t.JMeterThread: Thread finished: TCC order-create 1-6
2026-09-10 10:07:38,434 INFO o.a.j.t.JMeterThread: Stopping because end time detected by thread: TCC order-create 1-79
2026-09-10 10:07:38,434 INFO o.a.j.t.JMeterThread: Thread finished: TCC order-create 1-79
2026-09-10 10:07:38,459 INFO o.a.j.t.JMeterThread: Stopping because end time detected by thread: TCC order-create 1-91
2026-09-10 10:07:38,459 INFO o.a.j.t.JMeterThread: Thread finished: TCC order-create 1-91
2026-09-10 10:07:38,482 INFO o.a.j.t.JMeterThread: Stopping because end time detected by thread: TCC order-create 1-12
2026-09-10 10:07:38,482 INFO o.a.j.t.JMeterThread: Thread finished: TCC order-create 1-12
2026-09-10 10:07:38,507 INFO o.a.j.t.JMeterThread: Stopping because end time detected by thread: TCC order-create 1-24
2026-09-10 10:07:38,507 INFO o.a.j.t.JMeterThread: Thread finished: TCC order-create 1-24
2026-09-10 10:07:38,532 INFO o.a.j.t.JMeterThread: Stopping because end time detected by thread: TCC order-create 1-5
2026-09-10 10:07:38,532 INFO o.a.j.t.JMeterThread: Thread finished: TCC order-create 1-5
2026-09-10 10:07:38,558 INFO o.a.j.t.JMeterThread: Stopping because end time detected by thread: TCC order-create 1-65
2026-09-10 10:07:38,558 INFO o.a.j.t.JMeterThread: Thread finished: TCC order-create 1-65
2026-09-10 10:07:38,583 INFO o.a.j.t.JMeterThread: Stopping because end time detected by thread: TCC order-create 1-43
2026-09-10 10:07:38,583 INFO o.a.j.t.JMeterThread: Thread finished: TCC order-create 1-43
2026-09-10 10:07:38,607 INFO o.a.j.t.JMeterThread: Stopping because end time detected by thread: TCC order-create 1-32
2026-09-10 10:07:38,608 INFO o.a.j.t.JMeterThread: Thread finished: TCC order-create 1-32
2026-09-10 10:07:38,634 INFO o.a.j.t.JMeterThread: Stopping because end time detected by thread: TCC order-create 1-84
2026-09-10 10:07:38,634 INFO o.a.j.t.JMeterThread: Thread finished: TCC order-create 1-84
2026-09-10 10:07:38,662 INFO o.a.j.t.JMeterThread: Stopping because end time detected by thread: TCC order-create 1-83
2026-09-10 10:07:38,662 INFO o.a.j.t.JMeterThread: Thread finished: TCC order-create 1-83
2026-09-10 10:07:38,687 INFO o.a.j.t.JMeterThread: Stopping because end time detected by thread: TCC order-create 1-98
2026-09-10 10:07:38,687 INFO o.a.j.t.JMeterThread: Thread finished: TCC order-create 1-98
2026-09-10 10:07:38,711 INFO o.a.j.t.JMeterThread: Stopping because end time detected by thread: TCC order-create 1-8
2026-09-10 10:07:38,711 INFO o.a.j.t.JMeterThread: Thread finished: TCC order-create 1-8
2026-09-10 10:07:38,737 INFO o.a.j.t.JMeterThread: Stopping because end time detected by thread: TCC order-create 1-9
2026-09-10 10:07:38,737 INFO o.a.j.t.JMeterThread: Thread finished: TCC order-create 1-9
2026-09-10 10:07:38,765 INFO o.a.j.t.JMeterThread: Stopping because end time detected by thread: TCC order-create 1-14
2026-09-10 10:07:38,765 INFO o.a.j.t.JMeterThread: Thread finished: TCC order-create 1-14
2026-09-10 10:07:38,790 INFO o.a.j.t.JMeterThread: Stopping because end time detected by thread: TCC order-create 1-28
2026-09-10 10:07:38,790 INFO o.a.j.t.JMeterThread: Thread finished: TCC order-create 1-28
2026-09-10 10:07:38,814 INFO o.a.j.t.JMeterThread: Stopping because end time detected by thread: TCC order-create 1-16
2026-09-10 10:07:38,815 INFO o.a.j.t.JMeterThread: Thread finished: TCC order-create 1-16
2026-09-10 10:07:38,841 INFO o.a.j.t.JMeterThread: Stopping because end time detected by thread: TCC order-create 1-58
2026-09-10 10:07:38,841 INFO o.a.j.t.JMeterThread: Thread finished: TCC order-create 1-58
2026-09-10 10:07:38,866 INFO o.a.j.t.JMeterThread: Stopping because end time detected by thread: TCC order-create 1-37
2026-09-10 10:07:38,866 INFO o.a.j.t.JMeterThread: Thread finished: TCC order-create 1-37
2026-09-10 10:07:38,891 INFO o.a.j.t.JMeterThread: Stopping because end time detected by thread: TCC order-create 1-75
2026-09-10 10:07:38,891 INFO o.a.j.t.JMeterThread: Thread finished: TCC order-create 1-75
2026-09-10 10:07:38,916 INFO o.a.j.t.JMeterThread: Stopping because end time detected by thread: TCC order-create 1-89
2026-09-10 10:07:38,916 INFO o.a.j.t.JMeterThread: Thread finished: TCC order-create 1-89
2026-09-10 10:07:38,944 INFO o.a.j.t.JMeterThread: Stopping because end time detected by thread: TCC order-create 1-97
2026-09-10 10:07:38,944 INFO o.a.j.t.JMeterThread: Thread finished: TCC order-create 1-97
2026-09-10 10:07:38,969 INFO o.a.j.t.JMeterThread: Stopping because end time detected by thread: TCC order-create 1-66
2026-09-10 10:07:38,969 INFO o.a.j.t.JMeterThread: Thread finished: TCC order-create 1-66
2026-09-10 10:07:38,994 INFO o.a.j.t.JMeterThread: Stopping because end time detected by thread: TCC order-create 1-82
2026-09-10 10:07:38,995 INFO o.a.j.t.JMeterThread: Thread finished: TCC order-create 1-82
2026-09-10 10:07:39,026 INFO o.a.j.t.JMeterThread: Stopping because end time detected by thread: TCC order-create 1-71
2026-09-10 10:07:39,026 INFO o.a.j.t.JMeterThread: Thread finished: TCC order-create 1-71
2026-09-10 10:07:39,051 INFO o.a.j.t.JMeterThread: Stopping because end time detected by thread: TCC order-create 1-94
2026-09-10 10:07:39,051 INFO o.a.j.t.JMeterThread: Thread finished: TCC order-create 1-94
2026-09-10 10:07:39,077 INFO o.a.j.t.JMeterThread: Stopping because end time detected by thread: TCC order-create 1-46
2026-09-10 10:07:39,077 INFO o.a.j.t.JMeterThread: Thread finished: TCC order-create 1-46
2026-09-10 10:07:39,104 INFO o.a.j.t.JMeterThread: Stopping because end time detected by thread: TCC order-create 1-50
2026-09-10 10:07:39,104 INFO o.a.j.t.JMeterThread: Thread finished: TCC order-create 1-50
2026-09-10 10:07:39,129 INFO o.a.j.t.JMeterThread: Stopping because end time detected by thread: TCC order-create 1-76
2026-09-10 10:07:39,129 INFO o.a.j.t.JMeterThread: Thread finished: TCC order-create 1-76
2026-09-10 10:07:39,156 INFO o.a.j.t.JMeterThread: Stopping because end time detected by thread: TCC order-create 1-45
2026-09-10 10:07:39,156 INFO o.a.j.t.JMeterThread: Thread finished: TCC order-create 1-45
2026-09-10 10:07:39,181 INFO o.a.j.t.JMeterThread: Stopping because end time detected by thread: TCC order-create 1-57
2026-09-10 10:07:39,181 INFO o.a.j.t.JMeterThread: Thread finished: TCC order-create 1-57
2026-09-10 10:07:39,206 INFO o.a.j.t.JMeterThread: Stopping because end time detected by thread: TCC order-create 1-18
2026-09-10 10:07:39,206 INFO o.a.j.t.JMeterThread: Thread finished: TCC order-create 1-18
2026-09-10 10:07:39,231 INFO o.a.j.t.JMeterThread: Stopping because end time detected by thread: TCC order-create 1-78
2026-09-10 10:07:39,231 INFO o.a.j.t.JMeterThread: Thread finished: TCC order-create 1-78
2026-09-10 10:07:39,257 INFO o.a.j.t.JMeterThread: Stopping because end time detected by thread: TCC order-create 1-74
2026-09-10 10:07:39,257 INFO o.a.j.t.JMeterThread: Thread finished: TCC order-create 1-74
2026-09-10 10:07:39,281 INFO o.a.j.t.JMeterThread: Stopping because end time detected by thread: TCC order-create 1-90
2026-09-10 10:07:39,281 INFO o.a.j.t.JMeterThread: Thread finished: TCC order-create 1-90
2026-09-10 10:07:39,307 INFO o.a.j.t.JMeterThread: Stopping because end time detected by thread: TCC order-create 1-35
2026-09-10 10:07:39,307 INFO o.a.j.t.JMeterThread: Thread finished: TCC order-create 1-35
2026-09-10 10:07:39,331 INFO o.a.j.t.JMeterThread: Stopping because end time detected by thread: TCC order-create 1-85
2026-09-10 10:07:39,331 INFO o.a.j.t.JMeterThread: Thread finished: TCC order-create 1-85
2026-09-10 10:07:39,358 INFO o.a.j.t.JMeterThread: Stopping because end time detected by thread: TCC order-create 1-47
2026-09-10 10:07:39,358 INFO o.a.j.t.JMeterThread: Thread finished: TCC order-create 1-47
2026-09-10 10:07:39,383 INFO o.a.j.t.JMeterThread: Stopping because end time detected by thread: TCC order-create 1-88
2026-09-10 10:07:39,383 INFO o.a.j.t.JMeterThread: Thread finished: TCC order-create 1-88
2026-09-10 10:07:39,409 INFO o.a.j.t.JMeterThread: Stopping because end time detected by thread: TCC order-create 1-67
2026-09-10 10:07:39,410 INFO o.a.j.t.JMeterThread: Thread finished: TCC order-create 1-67
2026-09-10 10:07:39,435 INFO o.a.j.t.JMeterThread: Stopping because end time detected by thread: TCC order-create 1-27
2026-09-10 10:07:39,435 INFO o.a.j.t.JMeterThread: Thread finished: TCC order-create 1-27
2026-09-10 10:07:39,461 INFO o.a.j.t.JMeterThread: Stopping because end time detected by thread: TCC order-create 1-70
2026-09-10 10:07:39,461 INFO o.a.j.t.JMeterThread: Thread finished: TCC order-create 1-70
2026-09-10 10:07:39,486 INFO o.a.j.t.JMeterThread: Stopping because end time detected by thread: TCC order-create 1-72
2026-09-10 10:07:39,486 INFO o.a.j.t.JMeterThread: Thread finished: TCC order-create 1-72
2026-09-10 10:07:39,511 INFO o.a.j.t.JMeterThread: Stopping because end time detected by thread: TCC order-create 1-96
2026-09-10 10:07:39,511 INFO o.a.j.t.JMeterThread: Thread finished: TCC order-create 1-96
2026-09-10 10:07:39,511 INFO o.a.j.e.StandardJMeterEngine: Notifying test listeners of end of test
2026-09-10 10:07:39,516 INFO o.a.j.r.Summariser: summary +    373 in 00:00:10 =   39.2/s Avg:  2557 Min:  2488 Max:  2673 Err:     0 (0.00%) Active: 0 Started: 100 Finished: 100
2026-09-10 10:07:39,517 INFO o.a.j.r.Summariser: summary =   1195 in 00:00:33 =   36.6/s Avg:  2542 Min:   120 Max:  2790 Err:     0 (0.00%)
