2026-09-10 02:34:33,353 INFO o.a.j.u.JMeterUtils: Setting Locale to en_EN
2026-09-10 02:34:33,369 INFO o.a.j.JMeter: Loading user properties from: /home/avituo/projects/tcc/tcc-container/.tools/apache-jmeter-5.6.3/bin/user.properties
2026-09-10 02:34:33,370 INFO o.a.j.JMeter: Loading system properties from: /home/avituo/projects/tcc/tcc-container/.tools/apache-jmeter-5.6.3/bin/system.properties
2026-09-10 02:34:33,370 INFO o.a.j.JMeter: Loading additional properties from: /home/avituo/projects/tcc/tcc-container/benchmark/jmeter/benchmark.properties
2026-09-10 02:34:33,370 INFO o.a.j.JMeter: Loading additional properties from: /tmp/tcc-benchmark-auth.UjVgVE/auth.properties
2026-09-10 02:34:33,370 INFO o.a.j.JMeter: Loading additional properties from: /home/avituo/projects/tcc/tcc-container/benchmark/results/laravel-13.20.0/final/products/c50/r5/monolith/thread-counters.properties
2026-09-10 02:34:33,370 INFO o.a.j.JMeter: Setting JMeter property: threads=50
2026-09-10 02:34:33,370 INFO o.a.j.JMeter: Setting JMeter property: duration_seconds=120
2026-09-10 02:34:33,370 INFO o.a.j.JMeter: Setting JMeter property: target_host=localhost
2026-09-10 02:34:33,370 INFO o.a.j.JMeter: Setting JMeter property: target_port=18000
2026-09-10 02:34:33,370 INFO o.a.j.JMeter: Setting JMeter property: tcc.order.id=1
2026-09-10 02:34:33,370 INFO o.a.j.JMeter: Setting JMeter property: repetition=5
2026-09-10 02:34:33,379 INFO o.a.j.JMeter: Copyright (c) 1998-2024 The Apache Software Foundation
2026-09-10 02:34:33,379 INFO o.a.j.JMeter: Version 5.6.3
2026-09-10 02:34:33,379 INFO o.a.j.JMeter: java.version=21.0.11
2026-09-10 02:34:33,379 INFO o.a.j.JMeter: java.vm.name=OpenJDK 64-Bit Server VM
2026-09-10 02:34:33,379 INFO o.a.j.JMeter: os.name=Linux
2026-09-10 02:34:33,379 INFO o.a.j.JMeter: os.arch=amd64
2026-09-10 02:34:33,379 INFO o.a.j.JMeter: os.version=7.0.11-76070011-generic
2026-09-10 02:34:33,379 INFO o.a.j.JMeter: file.encoding=UTF-8
2026-09-10 02:34:33,379 INFO o.a.j.JMeter: java.awt.headless=true
2026-09-10 02:34:33,379 INFO o.a.j.JMeter: Max memory     =1073741824
2026-09-10 02:34:33,379 INFO o.a.j.JMeter: Available Processors =16
2026-09-10 02:34:33,387 INFO o.a.j.JMeter: Default Locale=English (EN)
2026-09-10 02:34:33,388 INFO o.a.j.JMeter: JMeter  Locale=English (EN)
2026-09-10 02:34:33,388 INFO o.a.j.JMeter: JMeterHome=/home/avituo/projects/tcc/tcc-container/.tools/apache-jmeter-5.6.3
2026-09-10 02:34:33,388 INFO o.a.j.JMeter: user.dir  =/home/avituo/projects/tcc/tcc-container
2026-09-10 02:34:33,388 INFO o.a.j.JMeter: PWD       =/home/avituo/projects/tcc/tcc-container
2026-09-10 02:34:33,433 INFO o.a.j.JMeter: IP: 192.168.1.16 Name: pop-os FullName: pop-os.home
2026-09-10 02:34:33,444 INFO o.a.j.s.FileServer: Default base='/home/avituo/projects/tcc/tcc-container'
2026-09-10 02:34:33,446 INFO o.a.j.s.FileServer: Set new base='/home/avituo/projects/tcc/tcc-container/benchmark/jmeter'
2026-09-10 02:34:33,608 INFO o.a.j.s.SaveService: Testplan (JMX) version: 2.2. Testlog (JTL) version: 2.2
2026-09-10 02:34:33,633 INFO o.a.j.s.SaveService: Using SaveService properties version 5.0
2026-09-10 02:34:33,636 INFO o.a.j.s.SaveService: Using SaveService properties file encoding UTF-8
2026-09-10 02:34:33,640 INFO o.a.j.s.SaveService: Loading file: /home/avituo/projects/tcc/tcc-container/benchmark/jmeter/tcc-products-v1.jmx
2026-09-10 02:34:33,690 INFO o.a.j.p.h.s.HTTPSamplerBase: Parser for text/html is org.apache.jmeter.protocol.http.parser.LagartoBasedHtmlParser
2026-09-10 02:34:33,690 INFO o.a.j.p.h.s.HTTPSamplerBase: Parser for application/xhtml+xml is org.apache.jmeter.protocol.http.parser.LagartoBasedHtmlParser
2026-09-10 02:34:33,690 INFO o.a.j.p.h.s.HTTPSamplerBase: Parser for application/xml is org.apache.jmeter.protocol.http.parser.LagartoBasedHtmlParser
2026-09-10 02:34:33,690 INFO o.a.j.p.h.s.HTTPSamplerBase: Parser for text/xml is org.apache.jmeter.protocol.http.parser.LagartoBasedHtmlParser
2026-09-10 02:34:33,690 INFO o.a.j.p.h.s.HTTPSamplerBase: Parser for text/vnd.wap.wml is org.apache.jmeter.protocol.http.parser.RegexpHTMLParser
2026-09-10 02:34:33,690 INFO o.a.j.p.h.s.HTTPSamplerBase: Parser for text/css is org.apache.jmeter.protocol.http.parser.CssParser
2026-09-10 02:34:33,719 INFO o.a.j.JMeter: Creating summariser <summary>
2026-09-10 02:34:33,738 INFO o.a.j.e.StandardJMeterEngine: Running the test!
2026-09-10 02:34:33,739 INFO o.a.j.s.SampleEvent: List of sample_variables: []
2026-09-10 02:34:33,739 INFO o.a.j.s.SampleEvent: List of sample_variables: []
2026-09-10 02:34:33,743 INFO o.a.j.e.u.CompoundVariable: Note: Function class names must contain the string: '.functions.'
2026-09-10 02:34:33,743 INFO o.a.j.e.u.CompoundVariable: Note: Function class names must not contain the string: '.gui.'
2026-09-10 02:34:33,981 INFO o.a.j.JMeter: Running test (1789018473981)
2026-09-10 02:34:34,000 INFO o.a.j.e.StandardJMeterEngine: Starting ThreadGroup: 1 : TCC products
2026-09-10 02:34:34,001 INFO o.a.j.e.StandardJMeterEngine: Starting 50 threads for group TCC products.
2026-09-10 02:34:34,001 INFO o.a.j.e.StandardJMeterEngine: Thread will continue on error
2026-09-10 02:34:34,001 INFO o.a.j.t.ThreadGroup: Starting thread group... number=1 threads=50 ramp-up=0 delayedStart=false
2026-09-10 02:34:34,008 INFO o.a.j.t.JMeterThread: Thread started: TCC products 1-5
2026-09-10 02:34:34,008 INFO o.a.j.t.JMeterThread: Thread started: TCC products 1-1
2026-09-10 02:34:34,008 INFO o.a.j.t.JMeterThread: Thread started: TCC products 1-2
2026-09-10 02:34:34,008 INFO o.a.j.t.JMeterThread: Thread started: TCC products 1-6
2026-09-10 02:34:34,008 INFO o.a.j.t.JMeterThread: Thread started: TCC products 1-4
2026-09-10 02:34:34,008 INFO o.a.j.t.JMeterThread: Thread started: TCC products 1-3
2026-09-10 02:34:34,008 INFO o.a.j.t.JMeterThread: Thread started: TCC products 1-7
2026-09-10 02:34:34,009 INFO o.a.j.t.JMeterThread: Thread started: TCC products 1-8
2026-09-10 02:34:34,010 INFO o.a.j.t.JMeterThread: Thread started: TCC products 1-9
2026-09-10 02:34:34,011 INFO o.a.j.t.JMeterThread: Thread started: TCC products 1-10
2026-09-10 02:34:34,011 INFO o.a.j.t.JMeterThread: Thread started: TCC products 1-11
2026-09-10 02:34:34,012 INFO o.a.j.t.JMeterThread: Thread started: TCC products 1-12
2026-09-10 02:34:34,013 INFO o.a.j.t.JMeterThread: Thread started: TCC products 1-13
2026-09-10 02:34:34,014 INFO o.a.j.t.JMeterThread: Thread started: TCC products 1-14
2026-09-10 02:34:34,014 INFO o.a.j.t.JMeterThread: Thread started: TCC products 1-15
2026-09-10 02:34:34,016 INFO o.a.j.t.JMeterThread: Thread started: TCC products 1-16
2026-09-10 02:34:34,016 INFO o.a.j.t.JMeterThread: Thread started: TCC products 1-17
2026-09-10 02:34:34,017 INFO o.a.j.t.JMeterThread: Thread started: TCC products 1-18
2026-09-10 02:34:34,018 INFO o.a.j.t.JMeterThread: Thread started: TCC products 1-19
2026-09-10 02:34:34,019 INFO o.a.j.t.JMeterThread: Thread started: TCC products 1-20
2026-09-10 02:34:34,019 INFO o.a.j.t.JMeterThread: Thread started: TCC products 1-21
2026-09-10 02:34:34,020 INFO o.a.j.t.JMeterThread: Thread started: TCC products 1-22
2026-09-10 02:34:34,021 INFO o.a.j.t.JMeterThread: Thread started: TCC products 1-23
2026-09-10 02:34:34,021 INFO o.a.j.t.JMeterThread: Thread started: TCC products 1-24
2026-09-10 02:34:34,022 INFO o.a.j.t.JMeterThread: Thread started: TCC products 1-25
2026-09-10 02:34:34,022 INFO o.a.j.t.JMeterThread: Thread started: TCC products 1-26
2026-09-10 02:34:34,023 INFO o.a.j.t.JMeterThread: Thread started: TCC products 1-27
2026-09-10 02:34:34,024 INFO o.a.j.t.JMeterThread: Thread started: TCC products 1-28
2026-09-10 02:34:34,024 INFO o.a.j.t.JMeterThread: Thread started: TCC products 1-29
2026-09-10 02:34:34,025 INFO o.a.j.t.JMeterThread: Thread started: TCC products 1-30
2026-09-10 02:34:34,026 INFO o.a.j.t.JMeterThread: Thread started: TCC products 1-31
2026-09-10 02:34:34,026 INFO o.a.j.t.JMeterThread: Thread started: TCC products 1-32
2026-09-10 02:34:34,026 INFO o.a.j.t.JMeterThread: Thread started: TCC products 1-33
2026-09-10 02:34:34,027 INFO o.a.j.t.JMeterThread: Thread started: TCC products 1-34
2026-09-10 02:34:34,027 INFO o.a.j.t.JMeterThread: Thread started: TCC products 1-35
2026-09-10 02:34:34,028 INFO o.a.j.t.JMeterThread: Thread started: TCC products 1-36
2026-09-10 02:34:34,028 INFO o.a.j.t.JMeterThread: Thread started: TCC products 1-37
2026-09-10 02:34:34,029 INFO o.a.j.t.JMeterThread: Thread started: TCC products 1-38
2026-09-10 02:34:34,029 INFO o.a.j.t.JMeterThread: Thread started: TCC products 1-39
2026-09-10 02:34:34,030 INFO o.a.j.t.JMeterThread: Thread started: TCC products 1-40
2026-09-10 02:34:34,030 INFO o.a.j.t.JMeterThread: Thread started: TCC products 1-41
2026-09-10 02:34:34,031 INFO o.a.j.t.JMeterThread: Thread started: TCC products 1-42
2026-09-10 02:34:34,032 INFO o.a.j.t.JMeterThread: Thread started: TCC products 1-43
2026-09-10 02:34:34,033 INFO o.a.j.t.JMeterThread: Thread started: TCC products 1-44
2026-09-10 02:34:34,033 INFO o.a.j.t.JMeterThread: Thread started: TCC products 1-45
2026-09-10 02:34:34,033 INFO o.a.j.p.h.s.HTTPHCAbstractImpl: Local host = pop-os
2026-09-10 02:34:34,034 INFO o.a.j.t.JMeterThread: Thread started: TCC products 1-46
2026-09-10 02:34:34,034 INFO o.a.j.t.JMeterThread: Thread started: TCC products 1-47
2026-09-10 02:34:34,035 INFO o.a.j.t.JMeterThread: Thread started: TCC products 1-48
2026-09-10 02:34:34,035 INFO o.a.j.t.JMeterThread: Thread started: TCC products 1-49
2026-09-10 02:34:34,036 INFO o.a.j.t.ThreadGroup: Started thread group number 1
2026-09-10 02:34:34,036 INFO o.a.j.e.StandardJMeterEngine: All thread groups have been started
2026-09-10 02:34:34,036 INFO o.a.j.t.JMeterThread: Thread started: TCC products 1-50
2026-09-10 02:34:34,042 INFO o.a.j.p.h.s.HTTPHC4Impl: HTTP request retry count = 0
2026-09-10 02:34:34,044 INFO o.a.j.s.SampleResult: Note: Sample TimeStamps are START times
2026-09-10 02:34:34,044 INFO o.a.j.s.SampleResult: sampleresult.default.encoding is set to UTF-8
2026-09-10 02:34:34,044 INFO o.a.j.s.SampleResult: sampleresult.useNanoTime=true
2026-09-10 02:34:34,044 INFO o.a.j.s.SampleResult: sampleresult.nanoThreadSleep=5000
2026-09-10 02:34:35,227 INFO o.a.j.r.Summariser: summary +      1 in 00:00:01 =    0.8/s Avg:   344 Min:   344 Max:   344 Err:     0 (0.00%) Active: 50 Started: 50 Finished: 0
2026-09-10 02:35:00,013 INFO o.a.j.r.Summariser: summary +   2265 in 00:00:25 =   91.4/s Avg:   551 Min:    29 Max:   978 Err:     0 (0.00%) Active: 50 Started: 50 Finished: 0
2026-09-10 02:35:00,014 INFO o.a.j.r.Summariser: summary =   2266 in 00:00:26 =   87.0/s Avg:   551 Min:    29 Max:   978 Err:     0 (0.00%)
2026-09-10 02:35:30,008 INFO o.a.j.r.Summariser: summary +   2714 in 00:00:30 =   90.5/s Avg:   552 Min:   521 Max:   588 Err:     0 (0.00%) Active: 50 Started: 50 Finished: 0
2026-09-10 02:35:30,008 INFO o.a.j.r.Summariser: summary =   4980 in 00:00:56 =   88.9/s Avg:   551 Min:    29 Max:   978 Err:     0 (0.00%)
2026-09-10 02:36:00,011 INFO o.a.j.r.Summariser: summary +   2685 in 00:00:30 =   89.5/s Avg:   558 Min:   522 Max:   651 Err:     0 (0.00%) Active: 50 Started: 50 Finished: 0
2026-09-10 02:36:00,011 INFO o.a.j.r.Summariser: summary =   7665 in 00:01:26 =   89.1/s Avg:   554 Min:    29 Max:   978 Err:     0 (0.00%)
2026-09-10 02:36:30,010 INFO o.a.j.r.Summariser: summary +   2764 in 00:00:30 =   92.1/s Avg:   542 Min:   513 Max:   570 Err:     0 (0.00%) Active: 50 Started: 50 Finished: 0
2026-09-10 02:36:30,011 INFO o.a.j.r.Summariser: summary =  10429 in 00:01:56 =   89.9/s Avg:   550 Min:    29 Max:   978 Err:     0 (0.00%)
2026-09-10 02:36:34,030 INFO o.a.j.t.JMeterThread: Stopping because end time detected by thread: TCC products 1-17
2026-09-10 02:36:34,030 INFO o.a.j.t.JMeterThread: Thread finished: TCC products 1-17
2026-09-10 02:36:34,041 INFO o.a.j.t.JMeterThread: Stopping because end time detected by thread: TCC products 1-45
2026-09-10 02:36:34,041 INFO o.a.j.t.JMeterThread: Thread finished: TCC products 1-45
2026-09-10 02:36:34,053 INFO o.a.j.t.JMeterThread: Stopping because end time detected by thread: TCC products 1-6
2026-09-10 02:36:34,053 INFO o.a.j.t.JMeterThread: Thread finished: TCC products 1-6
2026-09-10 02:36:34,065 INFO o.a.j.t.JMeterThread: Stopping because end time detected by thread: TCC products 1-24
2026-09-10 02:36:34,066 INFO o.a.j.t.JMeterThread: Thread finished: TCC products 1-24
2026-09-10 02:36:34,076 INFO o.a.j.t.JMeterThread: Stopping because end time detected by thread: TCC products 1-8
2026-09-10 02:36:34,076 INFO o.a.j.t.JMeterThread: Thread finished: TCC products 1-8
2026-09-10 02:36:34,086 INFO o.a.j.t.JMeterThread: Stopping because end time detected by thread: TCC products 1-38
2026-09-10 02:36:34,087 INFO o.a.j.t.JMeterThread: Thread finished: TCC products 1-38
2026-09-10 02:36:34,097 INFO o.a.j.t.JMeterThread: Stopping because end time detected by thread: TCC products 1-18
2026-09-10 02:36:34,097 INFO o.a.j.t.JMeterThread: Thread finished: TCC products 1-18
2026-09-10 02:36:34,107 INFO o.a.j.t.JMeterThread: Stopping because end time detected by thread: TCC products 1-47
2026-09-10 02:36:34,107 INFO o.a.j.t.JMeterThread: Thread finished: TCC products 1-47
2026-09-10 02:36:34,117 INFO o.a.j.t.JMeterThread: Stopping because end time detected by thread: TCC products 1-22
2026-09-10 02:36:34,118 INFO o.a.j.t.JMeterThread: Thread finished: TCC products 1-22
2026-09-10 02:36:34,128 INFO o.a.j.t.JMeterThread: Stopping because end time detected by thread: TCC products 1-29
2026-09-10 02:36:34,128 INFO o.a.j.t.JMeterThread: Thread finished: TCC products 1-29
2026-09-10 02:36:34,139 INFO o.a.j.t.JMeterThread: Stopping because end time detected by thread: TCC products 1-35
2026-09-10 02:36:34,139 INFO o.a.j.t.JMeterThread: Thread finished: TCC products 1-35
2026-09-10 02:36:34,149 INFO o.a.j.t.JMeterThread: Stopping because end time detected by thread: TCC products 1-37
2026-09-10 02:36:34,150 INFO o.a.j.t.JMeterThread: Thread finished: TCC products 1-37
2026-09-10 02:36:34,160 INFO o.a.j.t.JMeterThread: Stopping because end time detected by thread: TCC products 1-44
2026-09-10 02:36:34,160 INFO o.a.j.t.JMeterThread: Thread finished: TCC products 1-44
2026-09-10 02:36:34,171 INFO o.a.j.t.JMeterThread: Stopping because end time detected by thread: TCC products 1-50
2026-09-10 02:36:34,172 INFO o.a.j.t.JMeterThread: Thread finished: TCC products 1-50
2026-09-10 02:36:34,182 INFO o.a.j.t.JMeterThread: Stopping because end time detected by thread: TCC products 1-12
2026-09-10 02:36:34,183 INFO o.a.j.t.JMeterThread: Thread finished: TCC products 1-12
2026-09-10 02:36:34,193 INFO o.a.j.t.JMeterThread: Stopping because end time detected by thread: TCC products 1-25
2026-09-10 02:36:34,193 INFO o.a.j.t.JMeterThread: Thread finished: TCC products 1-25
2026-09-10 02:36:34,204 INFO o.a.j.t.JMeterThread: Stopping because end time detected by thread: TCC products 1-30
2026-09-10 02:36:34,204 INFO o.a.j.t.JMeterThread: Thread finished: TCC products 1-30
2026-09-10 02:36:34,214 INFO o.a.j.t.JMeterThread: Stopping because end time detected by thread: TCC products 1-2
2026-09-10 02:36:34,215 INFO o.a.j.t.JMeterThread: Thread finished: TCC products 1-2
2026-09-10 02:36:34,225 INFO o.a.j.t.JMeterThread: Stopping because end time detected by thread: TCC products 1-4
2026-09-10 02:36:34,225 INFO o.a.j.t.JMeterThread: Thread finished: TCC products 1-4
2026-09-10 02:36:34,235 INFO o.a.j.t.JMeterThread: Stopping because end time detected by thread: TCC products 1-23
2026-09-10 02:36:34,235 INFO o.a.j.t.JMeterThread: Thread finished: TCC products 1-23
2026-09-10 02:36:34,246 INFO o.a.j.t.JMeterThread: Stopping because end time detected by thread: TCC products 1-43
2026-09-10 02:36:34,247 INFO o.a.j.t.JMeterThread: Thread finished: TCC products 1-43
2026-09-10 02:36:34,258 INFO o.a.j.t.JMeterThread: Stopping because end time detected by thread: TCC products 1-32
2026-09-10 02:36:34,258 INFO o.a.j.t.JMeterThread: Thread finished: TCC products 1-32
2026-09-10 02:36:34,269 INFO o.a.j.t.JMeterThread: Stopping because end time detected by thread: TCC products 1-34
2026-09-10 02:36:34,269 INFO o.a.j.t.JMeterThread: Thread finished: TCC products 1-34
2026-09-10 02:36:34,279 INFO o.a.j.t.JMeterThread: Stopping because end time detected by thread: TCC products 1-9
2026-09-10 02:36:34,280 INFO o.a.j.t.JMeterThread: Thread finished: TCC products 1-9
2026-09-10 02:36:34,291 INFO o.a.j.t.JMeterThread: Stopping because end time detected by thread: TCC products 1-11
2026-09-10 02:36:34,291 INFO o.a.j.t.JMeterThread: Thread finished: TCC products 1-11
2026-09-10 02:36:34,302 INFO o.a.j.t.JMeterThread: Stopping because end time detected by thread: TCC products 1-19
2026-09-10 02:36:34,302 INFO o.a.j.t.JMeterThread: Thread finished: TCC products 1-19
2026-09-10 02:36:34,313 INFO o.a.j.t.JMeterThread: Stopping because end time detected by thread: TCC products 1-39
2026-09-10 02:36:34,313 INFO o.a.j.t.JMeterThread: Thread finished: TCC products 1-39
2026-09-10 02:36:34,325 INFO o.a.j.t.JMeterThread: Stopping because end time detected by thread: TCC products 1-16
2026-09-10 02:36:34,325 INFO o.a.j.t.JMeterThread: Thread finished: TCC products 1-16
2026-09-10 02:36:34,336 INFO o.a.j.t.JMeterThread: Stopping because end time detected by thread: TCC products 1-5
2026-09-10 02:36:34,336 INFO o.a.j.t.JMeterThread: Thread finished: TCC products 1-5
2026-09-10 02:36:34,347 INFO o.a.j.t.JMeterThread: Stopping because end time detected by thread: TCC products 1-1
2026-09-10 02:36:34,347 INFO o.a.j.t.JMeterThread: Thread finished: TCC products 1-1
2026-09-10 02:36:34,358 INFO o.a.j.t.JMeterThread: Stopping because end time detected by thread: TCC products 1-33
2026-09-10 02:36:34,358 INFO o.a.j.t.JMeterThread: Thread finished: TCC products 1-33
2026-09-10 02:36:34,369 INFO o.a.j.t.JMeterThread: Stopping because end time detected by thread: TCC products 1-20
2026-09-10 02:36:34,370 INFO o.a.j.t.JMeterThread: Thread finished: TCC products 1-20
2026-09-10 02:36:34,381 INFO o.a.j.t.JMeterThread: Stopping because end time detected by thread: TCC products 1-28
2026-09-10 02:36:34,381 INFO o.a.j.t.JMeterThread: Thread finished: TCC products 1-28
2026-09-10 02:36:34,392 INFO o.a.j.t.JMeterThread: Stopping because end time detected by thread: TCC products 1-49
2026-09-10 02:36:34,392 INFO o.a.j.t.JMeterThread: Thread finished: TCC products 1-49
2026-09-10 02:36:34,403 INFO o.a.j.t.JMeterThread: Stopping because end time detected by thread: TCC products 1-21
2026-09-10 02:36:34,403 INFO o.a.j.t.JMeterThread: Thread finished: TCC products 1-21
2026-09-10 02:36:34,414 INFO o.a.j.t.JMeterThread: Stopping because end time detected by thread: TCC products 1-10
2026-09-10 02:36:34,414 INFO o.a.j.t.JMeterThread: Thread finished: TCC products 1-10
2026-09-10 02:36:34,426 INFO o.a.j.t.JMeterThread: Stopping because end time detected by thread: TCC products 1-31
2026-09-10 02:36:34,426 INFO o.a.j.t.JMeterThread: Thread finished: TCC products 1-31
2026-09-10 02:36:34,437 INFO o.a.j.t.JMeterThread: Stopping because end time detected by thread: TCC products 1-14
2026-09-10 02:36:34,437 INFO o.a.j.t.JMeterThread: Thread finished: TCC products 1-14
2026-09-10 02:36:34,448 INFO o.a.j.t.JMeterThread: Stopping because end time detected by thread: TCC products 1-15
2026-09-10 02:36:34,448 INFO o.a.j.t.JMeterThread: Thread finished: TCC products 1-15
2026-09-10 02:36:34,459 INFO o.a.j.t.JMeterThread: Stopping because end time detected by thread: TCC products 1-3
2026-09-10 02:36:34,459 INFO o.a.j.t.JMeterThread: Thread finished: TCC products 1-3
2026-09-10 02:36:34,470 INFO o.a.j.t.JMeterThread: Stopping because end time detected by thread: TCC products 1-41
2026-09-10 02:36:34,470 INFO o.a.j.t.JMeterThread: Thread finished: TCC products 1-41
2026-09-10 02:36:34,482 INFO o.a.j.t.JMeterThread: Stopping because end time detected by thread: TCC products 1-36
2026-09-10 02:36:34,482 INFO o.a.j.t.JMeterThread: Thread finished: TCC products 1-36
2026-09-10 02:36:34,493 INFO o.a.j.t.JMeterThread: Stopping because end time detected by thread: TCC products 1-7
2026-09-10 02:36:34,493 INFO o.a.j.t.JMeterThread: Thread finished: TCC products 1-7
2026-09-10 02:36:34,505 INFO o.a.j.t.JMeterThread: Stopping because end time detected by thread: TCC products 1-42
2026-09-10 02:36:34,505 INFO o.a.j.t.JMeterThread: Thread finished: TCC products 1-42
2026-09-10 02:36:34,516 INFO o.a.j.t.JMeterThread: Stopping because end time detected by thread: TCC products 1-13
2026-09-10 02:36:34,516 INFO o.a.j.t.JMeterThread: Thread finished: TCC products 1-13
2026-09-10 02:36:34,527 INFO o.a.j.t.JMeterThread: Stopping because end time detected by thread: TCC products 1-26
2026-09-10 02:36:34,528 INFO o.a.j.t.JMeterThread: Thread finished: TCC products 1-26
2026-09-10 02:36:34,539 INFO o.a.j.t.JMeterThread: Stopping because end time detected by thread: TCC products 1-46
2026-09-10 02:36:34,539 INFO o.a.j.t.JMeterThread: Thread finished: TCC products 1-46
2026-09-10 02:36:34,550 INFO o.a.j.t.JMeterThread: Stopping because end time detected by thread: TCC products 1-27
2026-09-10 02:36:34,550 INFO o.a.j.t.JMeterThread: Thread finished: TCC products 1-27
2026-09-10 02:36:34,562 INFO o.a.j.t.JMeterThread: Stopping because end time detected by thread: TCC products 1-40
2026-09-10 02:36:34,562 INFO o.a.j.t.JMeterThread: Thread finished: TCC products 1-40
2026-09-10 02:36:34,575 INFO o.a.j.t.JMeterThread: Stopping because end time detected by thread: TCC products 1-48
2026-09-10 02:36:34,575 INFO o.a.j.t.JMeterThread: Thread finished: TCC products 1-48
2026-09-10 02:36:34,576 INFO o.a.j.e.StandardJMeterEngine: Notifying test listeners of end of test
2026-09-10 02:36:34,579 INFO o.a.j.r.Summariser: summary +    408 in 00:00:05 =   89.3/s Avg:   558 Min:   541 Max:   577 Err:     0 (0.00%) Active: 0 Started: 50 Finished: 50
2026-09-10 02:36:34,579 INFO o.a.j.r.Summariser: summary =  10837 in 00:02:01 =   89.9/s Avg:   551 Min:    29 Max:   978 Err:     0 (0.00%)
