2026-09-10 02:33:57,844 INFO o.a.j.u.JMeterUtils: Setting Locale to en_EN
2026-09-10 02:33:57,861 INFO o.a.j.JMeter: Loading user properties from: /home/avituo/projects/tcc/tcc-container/.tools/apache-jmeter-5.6.3/bin/user.properties
2026-09-10 02:33:57,861 INFO o.a.j.JMeter: Loading system properties from: /home/avituo/projects/tcc/tcc-container/.tools/apache-jmeter-5.6.3/bin/system.properties
2026-09-10 02:33:57,861 INFO o.a.j.JMeter: Loading additional properties from: /home/avituo/projects/tcc/tcc-container/benchmark/jmeter/benchmark.properties
2026-09-10 02:33:57,861 INFO o.a.j.JMeter: Loading additional properties from: /tmp/tcc-benchmark-auth.UjVgVE/auth.properties
2026-09-10 02:33:57,862 INFO o.a.j.JMeter: Setting JMeter property: threads=50
2026-09-10 02:33:57,862 INFO o.a.j.JMeter: Setting JMeter property: duration_seconds=30
2026-09-10 02:33:57,862 INFO o.a.j.JMeter: Setting JMeter property: target_host=localhost
2026-09-10 02:33:57,862 INFO o.a.j.JMeter: Setting JMeter property: target_port=18000
2026-09-10 02:33:57,862 INFO o.a.j.JMeter: Setting JMeter property: tcc.order.id=1
2026-09-10 02:33:57,862 INFO o.a.j.JMeter: Setting JMeter property: repetition=5
2026-09-10 02:33:57,868 INFO o.a.j.JMeter: Copyright (c) 1998-2024 The Apache Software Foundation
2026-09-10 02:33:57,868 INFO o.a.j.JMeter: Version 5.6.3
2026-09-10 02:33:57,868 INFO o.a.j.JMeter: java.version=21.0.11
2026-09-10 02:33:57,869 INFO o.a.j.JMeter: java.vm.name=OpenJDK 64-Bit Server VM
2026-09-10 02:33:57,869 INFO o.a.j.JMeter: os.name=Linux
2026-09-10 02:33:57,869 INFO o.a.j.JMeter: os.arch=amd64
2026-09-10 02:33:57,869 INFO o.a.j.JMeter: os.version=7.0.11-76070011-generic
2026-09-10 02:33:57,869 INFO o.a.j.JMeter: file.encoding=UTF-8
2026-09-10 02:33:57,869 INFO o.a.j.JMeter: java.awt.headless=true
2026-09-10 02:33:57,869 INFO o.a.j.JMeter: Max memory     =1073741824
2026-09-10 02:33:57,869 INFO o.a.j.JMeter: Available Processors =16
2026-09-10 02:33:57,878 INFO o.a.j.JMeter: Default Locale=English (EN)
2026-09-10 02:33:57,878 INFO o.a.j.JMeter: JMeter  Locale=English (EN)
2026-09-10 02:33:57,878 INFO o.a.j.JMeter: JMeterHome=/home/avituo/projects/tcc/tcc-container/.tools/apache-jmeter-5.6.3
2026-09-10 02:33:57,878 INFO o.a.j.JMeter: user.dir  =/home/avituo/projects/tcc/tcc-container
2026-09-10 02:33:57,878 INFO o.a.j.JMeter: PWD       =/home/avituo/projects/tcc/tcc-container
2026-09-10 02:33:57,889 INFO o.a.j.JMeter: IP: 192.168.1.16 Name: pop-os FullName: pop-os.home
2026-09-10 02:33:57,902 INFO o.a.j.s.FileServer: Default base='/home/avituo/projects/tcc/tcc-container'
2026-09-10 02:33:57,904 INFO o.a.j.s.FileServer: Set new base='/home/avituo/projects/tcc/tcc-container/benchmark/jmeter'
2026-09-10 02:33:58,078 INFO o.a.j.s.SaveService: Testplan (JMX) version: 2.2. Testlog (JTL) version: 2.2
2026-09-10 02:33:58,102 INFO o.a.j.s.SaveService: Using SaveService properties version 5.0
2026-09-10 02:33:58,105 INFO o.a.j.s.SaveService: Using SaveService properties file encoding UTF-8
2026-09-10 02:33:58,109 INFO o.a.j.s.SaveService: Loading file: /home/avituo/projects/tcc/tcc-container/benchmark/jmeter/tcc-products-v1.jmx
2026-09-10 02:33:58,157 INFO o.a.j.p.h.s.HTTPSamplerBase: Parser for text/html is org.apache.jmeter.protocol.http.parser.LagartoBasedHtmlParser
2026-09-10 02:33:58,158 INFO o.a.j.p.h.s.HTTPSamplerBase: Parser for application/xhtml+xml is org.apache.jmeter.protocol.http.parser.LagartoBasedHtmlParser
2026-09-10 02:33:58,158 INFO o.a.j.p.h.s.HTTPSamplerBase: Parser for application/xml is org.apache.jmeter.protocol.http.parser.LagartoBasedHtmlParser
2026-09-10 02:33:58,158 INFO o.a.j.p.h.s.HTTPSamplerBase: Parser for text/xml is org.apache.jmeter.protocol.http.parser.LagartoBasedHtmlParser
2026-09-10 02:33:58,158 INFO o.a.j.p.h.s.HTTPSamplerBase: Parser for text/vnd.wap.wml is org.apache.jmeter.protocol.http.parser.RegexpHTMLParser
2026-09-10 02:33:58,158 INFO o.a.j.p.h.s.HTTPSamplerBase: Parser for text/css is org.apache.jmeter.protocol.http.parser.CssParser
2026-09-10 02:33:58,191 INFO o.a.j.JMeter: Creating summariser <summary>
2026-09-10 02:33:58,211 INFO o.a.j.e.StandardJMeterEngine: Running the test!
2026-09-10 02:33:58,212 INFO o.a.j.s.SampleEvent: List of sample_variables: []
2026-09-10 02:33:58,213 INFO o.a.j.s.SampleEvent: List of sample_variables: []
2026-09-10 02:33:58,220 INFO o.a.j.e.u.CompoundVariable: Note: Function class names must contain the string: '.functions.'
2026-09-10 02:33:58,221 INFO o.a.j.e.u.CompoundVariable: Note: Function class names must not contain the string: '.gui.'
2026-09-10 02:33:58,465 INFO o.a.j.JMeter: Running test (1789018438465)
2026-09-10 02:33:58,484 INFO o.a.j.e.StandardJMeterEngine: Starting ThreadGroup: 1 : TCC products
2026-09-10 02:33:58,484 INFO o.a.j.e.StandardJMeterEngine: Starting 50 threads for group TCC products.
2026-09-10 02:33:58,484 INFO o.a.j.e.StandardJMeterEngine: Thread will continue on error
2026-09-10 02:33:58,485 INFO o.a.j.t.ThreadGroup: Starting thread group... number=1 threads=50 ramp-up=0 delayedStart=false
2026-09-10 02:33:58,491 INFO o.a.j.t.JMeterThread: Thread started: TCC products 1-2
2026-09-10 02:33:58,491 INFO o.a.j.t.JMeterThread: Thread started: TCC products 1-1
2026-09-10 02:33:58,491 INFO o.a.j.t.JMeterThread: Thread started: TCC products 1-3
2026-09-10 02:33:58,491 INFO o.a.j.t.JMeterThread: Thread started: TCC products 1-5
2026-09-10 02:33:58,491 INFO o.a.j.t.JMeterThread: Thread started: TCC products 1-4
2026-09-10 02:33:58,493 INFO o.a.j.t.JMeterThread: Thread started: TCC products 1-7
2026-09-10 02:33:58,493 INFO o.a.j.t.JMeterThread: Thread started: TCC products 1-6
2026-09-10 02:33:58,493 INFO o.a.j.t.JMeterThread: Thread started: TCC products 1-8
2026-09-10 02:33:58,494 INFO o.a.j.t.JMeterThread: Thread started: TCC products 1-9
2026-09-10 02:33:58,494 INFO o.a.j.t.JMeterThread: Thread started: TCC products 1-10
2026-09-10 02:33:58,495 INFO o.a.j.t.JMeterThread: Thread started: TCC products 1-11
2026-09-10 02:33:58,496 INFO o.a.j.t.JMeterThread: Thread started: TCC products 1-12
2026-09-10 02:33:58,497 INFO o.a.j.t.JMeterThread: Thread started: TCC products 1-13
2026-09-10 02:33:58,497 INFO o.a.j.t.JMeterThread: Thread started: TCC products 1-14
2026-09-10 02:33:58,498 INFO o.a.j.t.JMeterThread: Thread started: TCC products 1-15
2026-09-10 02:33:58,499 INFO o.a.j.t.JMeterThread: Thread started: TCC products 1-16
2026-09-10 02:33:58,500 INFO o.a.j.t.JMeterThread: Thread started: TCC products 1-17
2026-09-10 02:33:58,500 INFO o.a.j.t.JMeterThread: Thread started: TCC products 1-18
2026-09-10 02:33:58,501 INFO o.a.j.t.JMeterThread: Thread started: TCC products 1-19
2026-09-10 02:33:58,501 INFO o.a.j.t.JMeterThread: Thread started: TCC products 1-20
2026-09-10 02:33:58,502 INFO o.a.j.t.JMeterThread: Thread started: TCC products 1-21
2026-09-10 02:33:58,503 INFO o.a.j.t.JMeterThread: Thread started: TCC products 1-22
2026-09-10 02:33:58,503 INFO o.a.j.t.JMeterThread: Thread started: TCC products 1-23
2026-09-10 02:33:58,504 INFO o.a.j.t.JMeterThread: Thread started: TCC products 1-24
2026-09-10 02:33:58,504 INFO o.a.j.t.JMeterThread: Thread started: TCC products 1-25
2026-09-10 02:33:58,505 INFO o.a.j.t.JMeterThread: Thread started: TCC products 1-26
2026-09-10 02:33:58,506 INFO o.a.j.t.JMeterThread: Thread started: TCC products 1-27
2026-09-10 02:33:58,506 INFO o.a.j.t.JMeterThread: Thread started: TCC products 1-28
2026-09-10 02:33:58,507 INFO o.a.j.t.JMeterThread: Thread started: TCC products 1-29
2026-09-10 02:33:58,507 INFO o.a.j.t.JMeterThread: Thread started: TCC products 1-30
2026-09-10 02:33:58,508 INFO o.a.j.t.JMeterThread: Thread started: TCC products 1-31
2026-09-10 02:33:58,508 INFO o.a.j.t.JMeterThread: Thread started: TCC products 1-32
2026-09-10 02:33:58,509 INFO o.a.j.t.JMeterThread: Thread started: TCC products 1-33
2026-09-10 02:33:58,509 INFO o.a.j.t.JMeterThread: Thread started: TCC products 1-34
2026-09-10 02:33:58,510 INFO o.a.j.t.JMeterThread: Thread started: TCC products 1-35
2026-09-10 02:33:58,510 INFO o.a.j.t.JMeterThread: Thread started: TCC products 1-36
2026-09-10 02:33:58,511 INFO o.a.j.t.JMeterThread: Thread started: TCC products 1-37
2026-09-10 02:33:58,511 INFO o.a.j.t.JMeterThread: Thread started: TCC products 1-38
2026-09-10 02:33:58,512 INFO o.a.j.t.JMeterThread: Thread started: TCC products 1-39
2026-09-10 02:33:58,512 INFO o.a.j.t.JMeterThread: Thread started: TCC products 1-40
2026-09-10 02:33:58,512 INFO o.a.j.t.JMeterThread: Thread started: TCC products 1-41
2026-09-10 02:33:58,513 INFO o.a.j.t.JMeterThread: Thread started: TCC products 1-42
2026-09-10 02:33:58,514 INFO o.a.j.t.JMeterThread: Thread started: TCC products 1-43
2026-09-10 02:33:58,514 INFO o.a.j.t.JMeterThread: Thread started: TCC products 1-44
2026-09-10 02:33:58,515 INFO o.a.j.t.JMeterThread: Thread started: TCC products 1-45
2026-09-10 02:33:58,515 INFO o.a.j.t.JMeterThread: Thread started: TCC products 1-46
2026-09-10 02:33:58,516 INFO o.a.j.t.JMeterThread: Thread started: TCC products 1-47
2026-09-10 02:33:58,516 INFO o.a.j.t.JMeterThread: Thread started: TCC products 1-48
2026-09-10 02:33:58,517 INFO o.a.j.t.JMeterThread: Thread started: TCC products 1-49
2026-09-10 02:33:58,517 INFO o.a.j.t.ThreadGroup: Started thread group number 1
2026-09-10 02:33:58,517 INFO o.a.j.e.StandardJMeterEngine: All thread groups have been started
2026-09-10 02:33:58,517 INFO o.a.j.t.JMeterThread: Thread started: TCC products 1-50
2026-09-10 02:33:58,517 INFO o.a.j.p.h.s.HTTPHCAbstractImpl: Local host = pop-os
2026-09-10 02:33:58,523 INFO o.a.j.p.h.s.HTTPHC4Impl: HTTP request retry count = 0
2026-09-10 02:33:58,524 INFO o.a.j.s.SampleResult: Note: Sample TimeStamps are START times
2026-09-10 02:33:58,525 INFO o.a.j.s.SampleResult: sampleresult.default.encoding is set to UTF-8
2026-09-10 02:33:58,525 INFO o.a.j.s.SampleResult: sampleresult.useNanoTime=true
2026-09-10 02:33:58,525 INFO o.a.j.s.SampleResult: sampleresult.nanoThreadSleep=5000
2026-09-10 02:34:00,013 INFO o.a.j.r.Summariser: summary +     75 in 00:00:02 =   48.5/s Avg:   408 Min:    29 Max:   945 Err:     0 (0.00%) Active: 50 Started: 50 Finished: 0
2026-09-10 02:34:28,521 INFO o.a.j.t.JMeterThread: Stopping because end time detected by thread: TCC products 1-6
2026-09-10 02:34:28,521 INFO o.a.j.t.JMeterThread: Thread finished: TCC products 1-6
2026-09-10 02:34:28,531 INFO o.a.j.t.JMeterThread: Stopping because end time detected by thread: TCC products 1-37
2026-09-10 02:34:28,532 INFO o.a.j.t.JMeterThread: Thread finished: TCC products 1-37
2026-09-10 02:34:28,542 INFO o.a.j.t.JMeterThread: Stopping because end time detected by thread: TCC products 1-32
2026-09-10 02:34:28,542 INFO o.a.j.t.JMeterThread: Thread finished: TCC products 1-32
2026-09-10 02:34:28,555 INFO o.a.j.t.JMeterThread: Stopping because end time detected by thread: TCC products 1-41
2026-09-10 02:34:28,555 INFO o.a.j.t.JMeterThread: Thread finished: TCC products 1-41
2026-09-10 02:34:28,566 INFO o.a.j.t.JMeterThread: Stopping because end time detected by thread: TCC products 1-35
2026-09-10 02:34:28,566 INFO o.a.j.t.JMeterThread: Thread finished: TCC products 1-35
2026-09-10 02:34:28,577 INFO o.a.j.t.JMeterThread: Stopping because end time detected by thread: TCC products 1-15
2026-09-10 02:34:28,578 INFO o.a.j.t.JMeterThread: Thread finished: TCC products 1-15
2026-09-10 02:34:28,589 INFO o.a.j.t.JMeterThread: Stopping because end time detected by thread: TCC products 1-23
2026-09-10 02:34:28,589 INFO o.a.j.t.JMeterThread: Thread finished: TCC products 1-23
2026-09-10 02:34:28,601 INFO o.a.j.t.JMeterThread: Stopping because end time detected by thread: TCC products 1-47
2026-09-10 02:34:28,601 INFO o.a.j.t.JMeterThread: Thread finished: TCC products 1-47
2026-09-10 02:34:28,613 INFO o.a.j.t.JMeterThread: Stopping because end time detected by thread: TCC products 1-24
2026-09-10 02:34:28,614 INFO o.a.j.t.JMeterThread: Thread finished: TCC products 1-24
2026-09-10 02:34:28,625 INFO o.a.j.t.JMeterThread: Stopping because end time detected by thread: TCC products 1-40
2026-09-10 02:34:28,625 INFO o.a.j.t.JMeterThread: Thread finished: TCC products 1-40
2026-09-10 02:34:28,636 INFO o.a.j.t.JMeterThread: Stopping because end time detected by thread: TCC products 1-36
2026-09-10 02:34:28,636 INFO o.a.j.t.JMeterThread: Thread finished: TCC products 1-36
2026-09-10 02:34:28,647 INFO o.a.j.t.JMeterThread: Stopping because end time detected by thread: TCC products 1-17
2026-09-10 02:34:28,647 INFO o.a.j.t.JMeterThread: Thread finished: TCC products 1-17
2026-09-10 02:34:28,658 INFO o.a.j.t.JMeterThread: Stopping because end time detected by thread: TCC products 1-1
2026-09-10 02:34:28,658 INFO o.a.j.t.JMeterThread: Thread finished: TCC products 1-1
2026-09-10 02:34:28,670 INFO o.a.j.t.JMeterThread: Stopping because end time detected by thread: TCC products 1-19
2026-09-10 02:34:28,671 INFO o.a.j.t.JMeterThread: Thread finished: TCC products 1-19
2026-09-10 02:34:28,681 INFO o.a.j.t.JMeterThread: Stopping because end time detected by thread: TCC products 1-4
2026-09-10 02:34:28,681 INFO o.a.j.t.JMeterThread: Thread finished: TCC products 1-4
2026-09-10 02:34:28,692 INFO o.a.j.t.JMeterThread: Stopping because end time detected by thread: TCC products 1-30
2026-09-10 02:34:28,692 INFO o.a.j.t.JMeterThread: Thread finished: TCC products 1-30
2026-09-10 02:34:28,703 INFO o.a.j.t.JMeterThread: Stopping because end time detected by thread: TCC products 1-11
2026-09-10 02:34:28,703 INFO o.a.j.t.JMeterThread: Thread finished: TCC products 1-11
2026-09-10 02:34:28,714 INFO o.a.j.t.JMeterThread: Stopping because end time detected by thread: TCC products 1-2
2026-09-10 02:34:28,715 INFO o.a.j.t.JMeterThread: Thread finished: TCC products 1-2
2026-09-10 02:34:28,725 INFO o.a.j.t.JMeterThread: Stopping because end time detected by thread: TCC products 1-13
2026-09-10 02:34:28,726 INFO o.a.j.t.JMeterThread: Thread finished: TCC products 1-13
2026-09-10 02:34:28,738 INFO o.a.j.t.JMeterThread: Stopping because end time detected by thread: TCC products 1-38
2026-09-10 02:34:28,738 INFO o.a.j.t.JMeterThread: Thread finished: TCC products 1-38
2026-09-10 02:34:28,748 INFO o.a.j.t.JMeterThread: Stopping because end time detected by thread: TCC products 1-16
2026-09-10 02:34:28,748 INFO o.a.j.t.JMeterThread: Thread finished: TCC products 1-16
2026-09-10 02:34:28,759 INFO o.a.j.t.JMeterThread: Stopping because end time detected by thread: TCC products 1-25
2026-09-10 02:34:28,759 INFO o.a.j.t.JMeterThread: Thread finished: TCC products 1-25
2026-09-10 02:34:28,770 INFO o.a.j.t.JMeterThread: Stopping because end time detected by thread: TCC products 1-20
2026-09-10 02:34:28,770 INFO o.a.j.t.JMeterThread: Thread finished: TCC products 1-20
2026-09-10 02:34:28,780 INFO o.a.j.t.JMeterThread: Stopping because end time detected by thread: TCC products 1-21
2026-09-10 02:34:28,780 INFO o.a.j.t.JMeterThread: Thread finished: TCC products 1-21
2026-09-10 02:34:28,790 INFO o.a.j.t.JMeterThread: Stopping because end time detected by thread: TCC products 1-29
2026-09-10 02:34:28,790 INFO o.a.j.t.JMeterThread: Thread finished: TCC products 1-29
2026-09-10 02:34:28,801 INFO o.a.j.t.JMeterThread: Stopping because end time detected by thread: TCC products 1-22
2026-09-10 02:34:28,801 INFO o.a.j.t.JMeterThread: Thread finished: TCC products 1-22
2026-09-10 02:34:28,810 INFO o.a.j.t.JMeterThread: Stopping because end time detected by thread: TCC products 1-7
2026-09-10 02:34:28,811 INFO o.a.j.t.JMeterThread: Thread finished: TCC products 1-7
2026-09-10 02:34:28,821 INFO o.a.j.t.JMeterThread: Stopping because end time detected by thread: TCC products 1-44
2026-09-10 02:34:28,821 INFO o.a.j.t.JMeterThread: Thread finished: TCC products 1-44
2026-09-10 02:34:28,831 INFO o.a.j.t.JMeterThread: Stopping because end time detected by thread: TCC products 1-3
2026-09-10 02:34:28,832 INFO o.a.j.t.JMeterThread: Thread finished: TCC products 1-3
2026-09-10 02:34:28,842 INFO o.a.j.t.JMeterThread: Stopping because end time detected by thread: TCC products 1-42
2026-09-10 02:34:28,843 INFO o.a.j.t.JMeterThread: Thread finished: TCC products 1-42
2026-09-10 02:34:28,852 INFO o.a.j.t.JMeterThread: Stopping because end time detected by thread: TCC products 1-45
2026-09-10 02:34:28,853 INFO o.a.j.t.JMeterThread: Thread finished: TCC products 1-45
2026-09-10 02:34:28,863 INFO o.a.j.t.JMeterThread: Stopping because end time detected by thread: TCC products 1-14
2026-09-10 02:34:28,863 INFO o.a.j.t.JMeterThread: Thread finished: TCC products 1-14
2026-09-10 02:34:28,873 INFO o.a.j.t.JMeterThread: Stopping because end time detected by thread: TCC products 1-5
2026-09-10 02:34:28,873 INFO o.a.j.t.JMeterThread: Thread finished: TCC products 1-5
2026-09-10 02:34:28,884 INFO o.a.j.t.JMeterThread: Stopping because end time detected by thread: TCC products 1-12
2026-09-10 02:34:28,884 INFO o.a.j.t.JMeterThread: Thread finished: TCC products 1-12
2026-09-10 02:34:28,893 INFO o.a.j.t.JMeterThread: Stopping because end time detected by thread: TCC products 1-8
2026-09-10 02:34:28,894 INFO o.a.j.t.JMeterThread: Thread finished: TCC products 1-8
2026-09-10 02:34:28,905 INFO o.a.j.t.JMeterThread: Stopping because end time detected by thread: TCC products 1-33
2026-09-10 02:34:28,906 INFO o.a.j.t.JMeterThread: Thread finished: TCC products 1-33
2026-09-10 02:34:28,916 INFO o.a.j.t.JMeterThread: Stopping because end time detected by thread: TCC products 1-27
2026-09-10 02:34:28,916 INFO o.a.j.t.JMeterThread: Thread finished: TCC products 1-27
2026-09-10 02:34:28,928 INFO o.a.j.t.JMeterThread: Stopping because end time detected by thread: TCC products 1-31
2026-09-10 02:34:28,928 INFO o.a.j.t.JMeterThread: Thread finished: TCC products 1-31
2026-09-10 02:34:28,939 INFO o.a.j.t.JMeterThread: Stopping because end time detected by thread: TCC products 1-49
2026-09-10 02:34:28,939 INFO o.a.j.t.JMeterThread: Thread finished: TCC products 1-49
2026-09-10 02:34:28,950 INFO o.a.j.t.JMeterThread: Stopping because end time detected by thread: TCC products 1-18
2026-09-10 02:34:28,950 INFO o.a.j.t.JMeterThread: Thread finished: TCC products 1-18
2026-09-10 02:34:28,961 INFO o.a.j.t.JMeterThread: Stopping because end time detected by thread: TCC products 1-34
2026-09-10 02:34:28,961 INFO o.a.j.t.JMeterThread: Thread finished: TCC products 1-34
2026-09-10 02:34:28,971 INFO o.a.j.t.JMeterThread: Stopping because end time detected by thread: TCC products 1-10
2026-09-10 02:34:28,971 INFO o.a.j.t.JMeterThread: Thread finished: TCC products 1-10
2026-09-10 02:34:28,982 INFO o.a.j.t.JMeterThread: Stopping because end time detected by thread: TCC products 1-28
2026-09-10 02:34:28,982 INFO o.a.j.t.JMeterThread: Thread finished: TCC products 1-28
2026-09-10 02:34:28,993 INFO o.a.j.t.JMeterThread: Stopping because end time detected by thread: TCC products 1-26
2026-09-10 02:34:28,993 INFO o.a.j.t.JMeterThread: Thread finished: TCC products 1-26
2026-09-10 02:34:29,012 INFO o.a.j.t.JMeterThread: Stopping because end time detected by thread: TCC products 1-43
2026-09-10 02:34:29,012 INFO o.a.j.t.JMeterThread: Thread finished: TCC products 1-43
2026-09-10 02:34:29,024 INFO o.a.j.t.JMeterThread: Stopping because end time detected by thread: TCC products 1-9
2026-09-10 02:34:29,024 INFO o.a.j.t.JMeterThread: Thread finished: TCC products 1-9
2026-09-10 02:34:29,035 INFO o.a.j.t.JMeterThread: Stopping because end time detected by thread: TCC products 1-48
2026-09-10 02:34:29,035 INFO o.a.j.t.JMeterThread: Thread finished: TCC products 1-48
2026-09-10 02:34:29,046 INFO o.a.j.t.JMeterThread: Stopping because end time detected by thread: TCC products 1-39
2026-09-10 02:34:29,047 INFO o.a.j.t.JMeterThread: Thread finished: TCC products 1-39
2026-09-10 02:34:29,059 INFO o.a.j.t.JMeterThread: Stopping because end time detected by thread: TCC products 1-46
2026-09-10 02:34:29,059 INFO o.a.j.t.JMeterThread: Thread finished: TCC products 1-46
2026-09-10 02:34:29,070 INFO o.a.j.t.JMeterThread: Stopping because end time detected by thread: TCC products 1-50
2026-09-10 02:34:29,071 INFO o.a.j.t.JMeterThread: Thread finished: TCC products 1-50
2026-09-10 02:34:29,071 INFO o.a.j.e.StandardJMeterEngine: Notifying test listeners of end of test
2026-09-10 02:34:29,074 INFO o.a.j.r.Summariser: summary +   2602 in 00:00:29 =   89.5/s Avg:   556 Min:   318 Max:   593 Err:     0 (0.00%) Active: 0 Started: 50 Finished: 50
2026-09-10 02:34:29,074 INFO o.a.j.r.Summariser: summary =   2677 in 00:00:31 =   87.5/s Avg:   552 Min:    29 Max:   945 Err:     0 (0.00%)
