 Container tcc-microservices-experiment-product-1 Running 
 Container tcc-microservices-experiment-order-1 Running 
 Container tcc-microservices-experiment-gateway-1 Running 
 Container tcc-microservices-experiment-mysql-1 Running 
 Container tcc-microservices-experiment-auth-1 Running 
 Container tcc-microservices-experiment-mysql-1 Waiting 
 Container tcc-microservices-experiment-mysql-1 Waiting 
 Container tcc-microservices-experiment-mysql-1 Healthy 
 Container tcc-microservices-experiment-mysql-1 Healthy 
 Container tcc-microservices-experiment-mysql-1 Waiting 
 Container tcc-microservices-experiment-mysql-1 Healthy 
Reset targets: tcc_auth_experiment, tcc_products_experiment, tcc_orders_experiment

   INFO  Clearing cached bootstrap files.  

  config ......................................................... 1.47ms DONE
  cache .......................................................... 2.08ms DONE
  compiled ....................................................... 0.53ms DONE
  events ......................................................... 0.39ms DONE
  routes ......................................................... 0.40ms DONE
  views .......................................................... 5.07ms DONE


  Dropping all tables .......................................... 116.06ms DONE

   INFO  Preparing database.  

  Creating migration table ...................................... 44.36ms DONE

   INFO  Running migrations.  

  0001_01_01_000001_create_cache_table ......................... 133.64ms DONE
  2026_07_20_124230_create_users_table .......................... 68.08ms DONE
  2026_07_22_183826_add_roles_to_users_table .................... 87.33ms DONE


   INFO  Seeding database.  


   INFO  Configuration cached successfully.  


   INFO  Routes cached successfully.  


   INFO  Clearing cached bootstrap files.  

  config ......................................................... 1.93ms DONE
  cache .......................................................... 2.02ms DONE
  compiled ....................................................... 0.55ms DONE
  events ......................................................... 0.39ms DONE
  routes ......................................................... 0.41ms DONE
  views .......................................................... 5.12ms DONE


  Dropping all tables .......................................... 215.52ms DONE

   INFO  Preparing database.  

  Creating migration table ...................................... 59.93ms DONE

   INFO  Running migrations.  

  0001_01_01_000001_create_cache_table ......................... 129.33ms DONE
  0001_01_01_000002_create_jobs_table .......................... 196.36ms DONE
  2026_06_07_225747_create_products_table ....................... 70.95ms DONE
  2026_07_22_183150_correct_product_catalog_schema ............. 593.81ms DONE
  2026_07_22_183152_create_stock_reservations_table ............ 128.12ms DONE
  2026_07_22_183153_create_stock_reservation_items_table ....... 311.59ms DONE


   INFO  Seeding database.  


   INFO  Configuration cached successfully.  


   INFO  Routes cached successfully.  


   INFO  Clearing cached bootstrap files.  

  config ......................................................... 1.69ms DONE
  cache .......................................................... 2.11ms DONE
  compiled ....................................................... 0.55ms DONE
  events ......................................................... 0.35ms DONE
  routes ......................................................... 0.36ms DONE
  views .......................................................... 5.08ms DONE


  Dropping all tables .......................................... 172.21ms DONE

   INFO  Preparing database.  

  Creating migration table ...................................... 45.50ms DONE

   INFO  Running migrations.  

  0001_01_01_000001_create_cache_table ......................... 139.45ms DONE
  0001_01_01_000002_create_jobs_table .......................... 203.03ms DONE
  2026_07_22_183830_create_orders_table ........................ 160.87ms DONE
  2026_07_22_183831_create_order_items_table ................... 353.53ms DONE
  2026_07_29_140158_add_name_to_orders_table ................... 247.92ms DONE


   INFO  Seeding database.  


   INFO  Configuration cached successfully.  


   INFO  Routes cached successfully.  

database=tcc_auth_experiment
user_count=100
logical_fingerprint=44cb257fd1b0fbd23dde712b5250ca3d002eded4c2a9e911c74c80c94eb073a7
benchmark_users=VALID
database=tcc_products_experiment
product_count=1000
stock_reservation_count=0
logical_fingerprint=44cb257fd1b0fbd23dde712b5250ca3d002eded4c2a9e911c74c80c94eb073a7
benchmark_products=VALID
database=tcc_orders_experiment
order_count=5000
order_item_count=10000
status_distribution={"pending":2500,"paid":1500,"cancelled":1000}
orders_per_user_min=50
orders_per_user_max=50
logical_fingerprint=44cb257fd1b0fbd23dde712b5250ca3d002eded4c2a9e911c74c80c94eb073a7
order_mapping_1=20000000-0000-4000-8000-000000000001
order_mapping_5000=20000000-0000-4000-8000-000000005000
benchmark_orders=VALID
