2026-09-10 01:51:26,443 INFO o.a.j.u.JMeterUtils: Setting Locale to en_EN
2026-09-10 01:51:26,459 INFO o.a.j.JMeter: Loading user properties from: /home/avituo/projects/tcc/tcc-container/.tools/apache-jmeter-5.6.3/bin/user.properties
2026-09-10 01:51:26,460 INFO o.a.j.JMeter: Loading system properties from: /home/avituo/projects/tcc/tcc-container/.tools/apache-jmeter-5.6.3/bin/system.properties
2026-09-10 01:51:26,460 INFO o.a.j.JMeter: Loading additional properties from: /home/avituo/projects/tcc/tcc-container/benchmark/jmeter/benchmark.properties
2026-09-10 01:51:26,460 INFO o.a.j.JMeter: Loading additional properties from: /tmp/tcc-benchmark-auth.g57AX2/auth.properties
2026-09-10 01:51:26,460 INFO o.a.j.JMeter: Loading additional properties from: /home/avituo/projects/tcc/tcc-container/benchmark/results/laravel-13.20.0/final/products/c25/r4/microservices/thread-counters.properties
2026-09-10 01:51:26,460 INFO o.a.j.JMeter: Setting JMeter property: threads=25
2026-09-10 01:51:26,460 INFO o.a.j.JMeter: Setting JMeter property: duration_seconds=120
2026-09-10 01:51:26,460 INFO o.a.j.JMeter: Setting JMeter property: target_host=localhost
2026-09-10 01:51:26,460 INFO o.a.j.JMeter: Setting JMeter property: target_port=18080
2026-09-10 01:51:26,460 INFO o.a.j.JMeter: Setting JMeter property: tcc.order.id=20000000-0000-4000-8000-000000000001
2026-09-10 01:51:26,460 INFO o.a.j.JMeter: Setting JMeter property: repetition=4
2026-09-10 01:51:26,467 INFO o.a.j.JMeter: Copyright (c) 1998-2024 The Apache Software Foundation
2026-09-10 01:51:26,468 INFO o.a.j.JMeter: Version 5.6.3
2026-09-10 01:51:26,468 INFO o.a.j.JMeter: java.version=21.0.11
2026-09-10 01:51:26,468 INFO o.a.j.JMeter: java.vm.name=OpenJDK 64-Bit Server VM
2026-09-10 01:51:26,468 INFO o.a.j.JMeter: os.name=Linux
2026-09-10 01:51:26,468 INFO o.a.j.JMeter: os.arch=amd64
2026-09-10 01:51:26,468 INFO o.a.j.JMeter: os.version=7.0.11-76070011-generic
2026-09-10 01:51:26,468 INFO o.a.j.JMeter: file.encoding=UTF-8
2026-09-10 01:51:26,468 INFO o.a.j.JMeter: java.awt.headless=true
2026-09-10 01:51:26,468 INFO o.a.j.JMeter: Max memory     =1073741824
2026-09-10 01:51:26,468 INFO o.a.j.JMeter: Available Processors =16
2026-09-10 01:51:26,476 INFO o.a.j.JMeter: Default Locale=English (EN)
2026-09-10 01:51:26,477 INFO o.a.j.JMeter: JMeter  Locale=English (EN)
2026-09-10 01:51:26,477 INFO o.a.j.JMeter: JMeterHome=/home/avituo/projects/tcc/tcc-container/.tools/apache-jmeter-5.6.3
2026-09-10 01:51:26,477 INFO o.a.j.JMeter: user.dir  =/home/avituo/projects/tcc/tcc-container
2026-09-10 01:51:26,477 INFO o.a.j.JMeter: PWD       =/home/avituo/projects/tcc/tcc-container
2026-09-10 01:51:26,488 INFO o.a.j.JMeter: IP: 192.168.1.16 Name: pop-os FullName: pop-os.home
2026-09-10 01:51:26,500 INFO o.a.j.s.FileServer: Default base='/home/avituo/projects/tcc/tcc-container'
2026-09-10 01:51:26,501 INFO o.a.j.s.FileServer: Set new base='/home/avituo/projects/tcc/tcc-container/benchmark/jmeter'
2026-09-10 01:51:26,678 INFO o.a.j.s.SaveService: Testplan (JMX) version: 2.2. Testlog (JTL) version: 2.2
2026-09-10 01:51:26,702 INFO o.a.j.s.SaveService: Using SaveService properties version 5.0
2026-09-10 01:51:26,705 INFO o.a.j.s.SaveService: Using SaveService properties file encoding UTF-8
2026-09-10 01:51:26,709 INFO o.a.j.s.SaveService: Loading file: /home/avituo/projects/tcc/tcc-container/benchmark/jmeter/tcc-products-v1.jmx
2026-09-10 01:51:26,758 INFO o.a.j.p.h.s.HTTPSamplerBase: Parser for text/html is org.apache.jmeter.protocol.http.parser.LagartoBasedHtmlParser
2026-09-10 01:51:26,758 INFO o.a.j.p.h.s.HTTPSamplerBase: Parser for application/xhtml+xml is org.apache.jmeter.protocol.http.parser.LagartoBasedHtmlParser
2026-09-10 01:51:26,758 INFO o.a.j.p.h.s.HTTPSamplerBase: Parser for application/xml is org.apache.jmeter.protocol.http.parser.LagartoBasedHtmlParser
2026-09-10 01:51:26,758 INFO o.a.j.p.h.s.HTTPSamplerBase: Parser for text/xml is org.apache.jmeter.protocol.http.parser.LagartoBasedHtmlParser
2026-09-10 01:51:26,758 INFO o.a.j.p.h.s.HTTPSamplerBase: Parser for text/vnd.wap.wml is org.apache.jmeter.protocol.http.parser.RegexpHTMLParser
2026-09-10 01:51:26,758 INFO o.a.j.p.h.s.HTTPSamplerBase: Parser for text/css is org.apache.jmeter.protocol.http.parser.CssParser
2026-09-10 01:51:26,794 INFO o.a.j.JMeter: Creating summariser <summary>
2026-09-10 01:51:26,811 INFO o.a.j.e.StandardJMeterEngine: Running the test!
2026-09-10 01:51:26,812 INFO o.a.j.s.SampleEvent: List of sample_variables: []
2026-09-10 01:51:26,812 INFO o.a.j.s.SampleEvent: List of sample_variables: []
2026-09-10 01:51:26,818 INFO o.a.j.e.u.CompoundVariable: Note: Function class names must contain the string: '.functions.'
2026-09-10 01:51:26,818 INFO o.a.j.e.u.CompoundVariable: Note: Function class names must not contain the string: '.gui.'
2026-09-10 01:51:27,048 INFO o.a.j.JMeter: Running test (1789015887048)
2026-09-10 01:51:27,067 INFO o.a.j.e.StandardJMeterEngine: Starting ThreadGroup: 1 : TCC products
2026-09-10 01:51:27,067 INFO o.a.j.e.StandardJMeterEngine: Starting 25 threads for group TCC products.
2026-09-10 01:51:27,067 INFO o.a.j.e.StandardJMeterEngine: Thread will continue on error
2026-09-10 01:51:27,067 INFO o.a.j.t.ThreadGroup: Starting thread group... number=1 threads=25 ramp-up=0 delayedStart=false
2026-09-10 01:51:27,074 INFO o.a.j.t.JMeterThread: Thread started: TCC products 1-5
2026-09-10 01:51:27,074 INFO o.a.j.t.JMeterThread: Thread started: TCC products 1-2
2026-09-10 01:51:27,074 INFO o.a.j.t.JMeterThread: Thread started: TCC products 1-4
2026-09-10 01:51:27,074 INFO o.a.j.t.JMeterThread: Thread started: TCC products 1-1
2026-09-10 01:51:27,074 INFO o.a.j.t.JMeterThread: Thread started: TCC products 1-6
2026-09-10 01:51:27,074 INFO o.a.j.t.JMeterThread: Thread started: TCC products 1-3
2026-09-10 01:51:27,075 INFO o.a.j.t.JMeterThread: Thread started: TCC products 1-7
2026-09-10 01:51:27,076 INFO o.a.j.t.JMeterThread: Thread started: TCC products 1-8
2026-09-10 01:51:27,076 INFO o.a.j.t.JMeterThread: Thread started: TCC products 1-9
2026-09-10 01:51:27,078 INFO o.a.j.t.JMeterThread: Thread started: TCC products 1-11
2026-09-10 01:51:27,078 INFO o.a.j.t.JMeterThread: Thread started: TCC products 1-10
2026-09-10 01:51:27,079 INFO o.a.j.t.JMeterThread: Thread started: TCC products 1-12
2026-09-10 01:51:27,080 INFO o.a.j.t.JMeterThread: Thread started: TCC products 1-13
2026-09-10 01:51:27,081 INFO o.a.j.t.JMeterThread: Thread started: TCC products 1-14
2026-09-10 01:51:27,082 INFO o.a.j.t.JMeterThread: Thread started: TCC products 1-15
2026-09-10 01:51:27,083 INFO o.a.j.t.JMeterThread: Thread started: TCC products 1-16
2026-09-10 01:51:27,083 INFO o.a.j.t.JMeterThread: Thread started: TCC products 1-17
2026-09-10 01:51:27,084 INFO o.a.j.t.JMeterThread: Thread started: TCC products 1-18
2026-09-10 01:51:27,085 INFO o.a.j.t.JMeterThread: Thread started: TCC products 1-19
2026-09-10 01:51:27,085 INFO o.a.j.t.JMeterThread: Thread started: TCC products 1-20
2026-09-10 01:51:27,086 INFO o.a.j.t.JMeterThread: Thread started: TCC products 1-21
2026-09-10 01:51:27,086 INFO o.a.j.t.JMeterThread: Thread started: TCC products 1-22
2026-09-10 01:51:27,087 INFO o.a.j.t.JMeterThread: Thread started: TCC products 1-23
2026-09-10 01:51:27,088 INFO o.a.j.t.JMeterThread: Thread started: TCC products 1-24
2026-09-10 01:51:27,088 INFO o.a.j.t.ThreadGroup: Started thread group number 1
2026-09-10 01:51:27,088 INFO o.a.j.e.StandardJMeterEngine: All thread groups have been started
2026-09-10 01:51:27,088 INFO o.a.j.t.JMeterThread: Thread started: TCC products 1-25
2026-09-10 01:51:27,094 INFO o.a.j.p.h.s.HTTPHCAbstractImpl: Local host = pop-os
2026-09-10 01:51:27,099 INFO o.a.j.p.h.s.HTTPHC4Impl: HTTP request retry count = 0
2026-09-10 01:51:27,100 INFO o.a.j.s.SampleResult: Note: Sample TimeStamps are START times
2026-09-10 01:51:27,100 INFO o.a.j.s.SampleResult: sampleresult.default.encoding is set to UTF-8
2026-09-10 01:51:27,101 INFO o.a.j.s.SampleResult: sampleresult.useNanoTime=true
2026-09-10 01:51:27,101 INFO o.a.j.s.SampleResult: sampleresult.nanoThreadSleep=5000
2026-09-10 01:51:30,008 INFO o.a.j.r.Summariser: summary +    252 in 00:00:03 =   85.2/s Avg:   194 Min:    21 Max:   385 Err:     0 (0.00%) Active: 25 Started: 25 Finished: 0
2026-09-10 01:52:00,005 INFO o.a.j.r.Summariser: summary +   3861 in 00:00:30 =  128.7/s Avg:   193 Min:   181 Max:   246 Err:     0 (0.00%) Active: 25 Started: 25 Finished: 0
2026-09-10 01:52:00,006 INFO o.a.j.r.Summariser: summary =   4113 in 00:00:33 =  124.8/s Avg:   193 Min:    21 Max:   385 Err:     0 (0.00%)
2026-09-10 01:52:30,000 INFO o.a.j.r.Summariser: summary +   3928 in 00:00:30 =  131.0/s Avg:   190 Min:   177 Max:   216 Err:     0 (0.00%) Active: 25 Started: 25 Finished: 0
2026-09-10 01:52:30,000 INFO o.a.j.r.Summariser: summary =   8041 in 00:01:03 =  127.7/s Avg:   192 Min:    21 Max:   385 Err:     0 (0.00%)
2026-09-10 01:53:00,000 INFO o.a.j.r.Summariser: summary +   3944 in 00:00:30 =  131.5/s Avg:   189 Min:   178 Max:   210 Err:     0 (0.00%) Active: 25 Started: 25 Finished: 0
2026-09-10 01:53:00,001 INFO o.a.j.r.Summariser: summary =  11985 in 00:01:33 =  128.9/s Avg:   191 Min:    21 Max:   385 Err:     0 (0.00%)
2026-09-10 01:53:27,081 INFO o.a.j.t.JMeterThread: Stopping because end time detected by thread: TCC products 1-3
2026-09-10 01:53:27,081 INFO o.a.j.t.JMeterThread: Thread finished: TCC products 1-3
2026-09-10 01:53:27,088 INFO o.a.j.t.JMeterThread: Stopping because end time detected by thread: TCC products 1-9
2026-09-10 01:53:27,088 INFO o.a.j.t.JMeterThread: Thread finished: TCC products 1-9
2026-09-10 01:53:27,096 INFO o.a.j.t.JMeterThread: Stopping because end time detected by thread: TCC products 1-22
2026-09-10 01:53:27,096 INFO o.a.j.t.JMeterThread: Thread finished: TCC products 1-22
2026-09-10 01:53:27,104 INFO o.a.j.t.JMeterThread: Stopping because end time detected by thread: TCC products 1-23
2026-09-10 01:53:27,104 INFO o.a.j.t.JMeterThread: Thread finished: TCC products 1-23
2026-09-10 01:53:27,112 INFO o.a.j.t.JMeterThread: Stopping because end time detected by thread: TCC products 1-13
2026-09-10 01:53:27,112 INFO o.a.j.t.JMeterThread: Thread finished: TCC products 1-13
2026-09-10 01:53:27,119 INFO o.a.j.t.JMeterThread: Stopping because end time detected by thread: TCC products 1-14
2026-09-10 01:53:27,120 INFO o.a.j.t.JMeterThread: Thread finished: TCC products 1-14
2026-09-10 01:53:27,127 INFO o.a.j.t.JMeterThread: Stopping because end time detected by thread: TCC products 1-12
2026-09-10 01:53:27,127 INFO o.a.j.t.JMeterThread: Thread finished: TCC products 1-12
2026-09-10 01:53:27,135 INFO o.a.j.t.JMeterThread: Stopping because end time detected by thread: TCC products 1-16
2026-09-10 01:53:27,135 INFO o.a.j.t.JMeterThread: Thread finished: TCC products 1-16
2026-09-10 01:53:27,143 INFO o.a.j.t.JMeterThread: Stopping because end time detected by thread: TCC products 1-2
2026-09-10 01:53:27,143 INFO o.a.j.t.JMeterThread: Thread finished: TCC products 1-2
2026-09-10 01:53:27,151 INFO o.a.j.t.JMeterThread: Stopping because end time detected by thread: TCC products 1-10
2026-09-10 01:53:27,151 INFO o.a.j.t.JMeterThread: Thread finished: TCC products 1-10
2026-09-10 01:53:27,159 INFO o.a.j.t.JMeterThread: Stopping because end time detected by thread: TCC products 1-6
2026-09-10 01:53:27,159 INFO o.a.j.t.JMeterThread: Thread finished: TCC products 1-6
2026-09-10 01:53:27,167 INFO o.a.j.t.JMeterThread: Stopping because end time detected by thread: TCC products 1-7
2026-09-10 01:53:27,167 INFO o.a.j.t.JMeterThread: Thread finished: TCC products 1-7
2026-09-10 01:53:27,174 INFO o.a.j.t.JMeterThread: Stopping because end time detected by thread: TCC products 1-8
2026-09-10 01:53:27,174 INFO o.a.j.t.JMeterThread: Thread finished: TCC products 1-8
2026-09-10 01:53:27,182 INFO o.a.j.t.JMeterThread: Stopping because end time detected by thread: TCC products 1-4
2026-09-10 01:53:27,182 INFO o.a.j.t.JMeterThread: Thread finished: TCC products 1-4
2026-09-10 01:53:27,190 INFO o.a.j.t.JMeterThread: Stopping because end time detected by thread: TCC products 1-1
2026-09-10 01:53:27,190 INFO o.a.j.t.JMeterThread: Thread finished: TCC products 1-1
2026-09-10 01:53:27,198 INFO o.a.j.t.JMeterThread: Stopping because end time detected by thread: TCC products 1-21
2026-09-10 01:53:27,198 INFO o.a.j.t.JMeterThread: Thread finished: TCC products 1-21
2026-09-10 01:53:27,206 INFO o.a.j.t.JMeterThread: Stopping because end time detected by thread: TCC products 1-19
2026-09-10 01:53:27,206 INFO o.a.j.t.JMeterThread: Thread finished: TCC products 1-19
2026-09-10 01:53:27,214 INFO o.a.j.t.JMeterThread: Stopping because end time detected by thread: TCC products 1-20
2026-09-10 01:53:27,214 INFO o.a.j.t.JMeterThread: Thread finished: TCC products 1-20
2026-09-10 01:53:27,222 INFO o.a.j.t.JMeterThread: Stopping because end time detected by thread: TCC products 1-5
2026-09-10 01:53:27,222 INFO o.a.j.t.JMeterThread: Thread finished: TCC products 1-5
2026-09-10 01:53:27,229 INFO o.a.j.t.JMeterThread: Stopping because end time detected by thread: TCC products 1-11
2026-09-10 01:53:27,229 INFO o.a.j.t.JMeterThread: Thread finished: TCC products 1-11
2026-09-10 01:53:27,237 INFO o.a.j.t.JMeterThread: Stopping because end time detected by thread: TCC products 1-24
2026-09-10 01:53:27,237 INFO o.a.j.t.JMeterThread: Thread finished: TCC products 1-24
2026-09-10 01:53:27,245 INFO o.a.j.t.JMeterThread: Stopping because end time detected by thread: TCC products 1-17
2026-09-10 01:53:27,245 INFO o.a.j.t.JMeterThread: Thread finished: TCC products 1-17
2026-09-10 01:53:27,252 INFO o.a.j.t.JMeterThread: Stopping because end time detected by thread: TCC products 1-25
2026-09-10 01:53:27,252 INFO o.a.j.t.JMeterThread: Thread finished: TCC products 1-25
2026-09-10 01:53:27,260 INFO o.a.j.t.JMeterThread: Stopping because end time detected by thread: TCC products 1-15
2026-09-10 01:53:27,260 INFO o.a.j.t.JMeterThread: Thread finished: TCC products 1-15
2026-09-10 01:53:27,268 INFO o.a.j.t.JMeterThread: Stopping because end time detected by thread: TCC products 1-18
2026-09-10 01:53:27,268 INFO o.a.j.t.JMeterThread: Thread finished: TCC products 1-18
2026-09-10 01:53:27,269 INFO o.a.j.e.StandardJMeterEngine: Notifying test listeners of end of test
2026-09-10 01:53:27,272 INFO o.a.j.r.Summariser: summary +   3568 in 00:00:27 =  130.8/s Avg:   190 Min:   181 Max:   240 Err:     0 (0.00%) Active: 0 Started: 25 Finished: 25
2026-09-10 01:53:27,272 INFO o.a.j.r.Summariser: summary =  15553 in 00:02:00 =  129.4/s Avg:   191 Min:    21 Max:   385 Err:     0 (0.00%)
