2026-09-10 08:15:31,158 INFO o.a.j.u.JMeterUtils: Setting Locale to en_EN
2026-09-10 08:15:31,175 INFO o.a.j.JMeter: Loading user properties from: /home/avituo/projects/tcc/tcc-container/.tools/apache-jmeter-5.6.3/bin/user.properties
2026-09-10 08:15:31,176 INFO o.a.j.JMeter: Loading system properties from: /home/avituo/projects/tcc/tcc-container/.tools/apache-jmeter-5.6.3/bin/system.properties
2026-09-10 08:15:31,176 INFO o.a.j.JMeter: Loading additional properties from: /home/avituo/projects/tcc/tcc-container/benchmark/jmeter/benchmark.properties
2026-09-10 08:15:31,176 INFO o.a.j.JMeter: Loading additional properties from: /tmp/tcc-benchmark-auth.QLrP9P/auth.properties
2026-09-10 08:15:31,176 INFO o.a.j.JMeter: Loading additional properties from: /home/avituo/projects/tcc/tcc-container/benchmark/results/laravel-13.20.0/final/order-create/c10/r2/monolith/thread-counters.properties
2026-09-10 08:15:31,176 INFO o.a.j.JMeter: Setting JMeter property: threads=10
2026-09-10 08:15:31,176 INFO o.a.j.JMeter: Setting JMeter property: duration_seconds=120
2026-09-10 08:15:31,176 INFO o.a.j.JMeter: Setting JMeter property: target_host=localhost
2026-09-10 08:15:31,176 INFO o.a.j.JMeter: Setting JMeter property: target_port=18000
2026-09-10 08:15:31,176 INFO o.a.j.JMeter: Setting JMeter property: tcc.order.id=1
2026-09-10 08:15:31,176 INFO o.a.j.JMeter: Setting JMeter property: repetition=2
2026-09-10 08:15:31,182 INFO o.a.j.JMeter: Copyright (c) 1998-2024 The Apache Software Foundation
2026-09-10 08:15:31,183 INFO o.a.j.JMeter: Version 5.6.3
2026-09-10 08:15:31,183 INFO o.a.j.JMeter: java.version=21.0.11
2026-09-10 08:15:31,183 INFO o.a.j.JMeter: java.vm.name=OpenJDK 64-Bit Server VM
2026-09-10 08:15:31,183 INFO o.a.j.JMeter: os.name=Linux
2026-09-10 08:15:31,183 INFO o.a.j.JMeter: os.arch=amd64
2026-09-10 08:15:31,183 INFO o.a.j.JMeter: os.version=7.0.11-76070011-generic
2026-09-10 08:15:31,183 INFO o.a.j.JMeter: file.encoding=UTF-8
2026-09-10 08:15:31,183 INFO o.a.j.JMeter: java.awt.headless=true
2026-09-10 08:15:31,183 INFO o.a.j.JMeter: Max memory     =1073741824
2026-09-10 08:15:31,183 INFO o.a.j.JMeter: Available Processors =16
2026-09-10 08:15:31,191 INFO o.a.j.JMeter: Default Locale=English (EN)
2026-09-10 08:15:31,192 INFO o.a.j.JMeter: JMeter  Locale=English (EN)
2026-09-10 08:15:31,192 INFO o.a.j.JMeter: JMeterHome=/home/avituo/projects/tcc/tcc-container/.tools/apache-jmeter-5.6.3
2026-09-10 08:15:31,192 INFO o.a.j.JMeter: user.dir  =/home/avituo/projects/tcc/tcc-container
2026-09-10 08:15:31,192 INFO o.a.j.JMeter: PWD       =/home/avituo/projects/tcc/tcc-container
2026-09-10 08:15:31,203 INFO o.a.j.JMeter: IP: 192.168.1.16 Name: pop-os FullName: pop-os.home
2026-09-10 08:15:31,215 INFO o.a.j.s.FileServer: Default base='/home/avituo/projects/tcc/tcc-container'
2026-09-10 08:15:31,217 INFO o.a.j.s.FileServer: Set new base='/home/avituo/projects/tcc/tcc-container/benchmark/jmeter'
2026-09-10 08:15:31,391 INFO o.a.j.s.SaveService: Testplan (JMX) version: 2.2. Testlog (JTL) version: 2.2
2026-09-10 08:15:31,416 INFO o.a.j.s.SaveService: Using SaveService properties version 5.0
2026-09-10 08:15:31,419 INFO o.a.j.s.SaveService: Using SaveService properties file encoding UTF-8
2026-09-10 08:15:31,423 INFO o.a.j.s.SaveService: Loading file: /home/avituo/projects/tcc/tcc-container/benchmark/jmeter/tcc-order-create-v1.jmx
2026-09-10 08:15:31,473 INFO o.a.j.p.h.s.HTTPSamplerBase: Parser for text/html is org.apache.jmeter.protocol.http.parser.LagartoBasedHtmlParser
2026-09-10 08:15:31,473 INFO o.a.j.p.h.s.HTTPSamplerBase: Parser for application/xhtml+xml is org.apache.jmeter.protocol.http.parser.LagartoBasedHtmlParser
2026-09-10 08:15:31,473 INFO o.a.j.p.h.s.HTTPSamplerBase: Parser for application/xml is org.apache.jmeter.protocol.http.parser.LagartoBasedHtmlParser
2026-09-10 08:15:31,473 INFO o.a.j.p.h.s.HTTPSamplerBase: Parser for text/xml is org.apache.jmeter.protocol.http.parser.LagartoBasedHtmlParser
2026-09-10 08:15:31,473 INFO o.a.j.p.h.s.HTTPSamplerBase: Parser for text/vnd.wap.wml is org.apache.jmeter.protocol.http.parser.RegexpHTMLParser
2026-09-10 08:15:31,473 INFO o.a.j.p.h.s.HTTPSamplerBase: Parser for text/css is org.apache.jmeter.protocol.http.parser.CssParser
2026-09-10 08:15:31,508 INFO o.a.j.JMeter: Creating summariser <summary>
2026-09-10 08:15:31,526 INFO o.a.j.e.StandardJMeterEngine: Running the test!
2026-09-10 08:15:31,527 INFO o.a.j.s.SampleEvent: List of sample_variables: []
2026-09-10 08:15:31,527 INFO o.a.j.s.SampleEvent: List of sample_variables: []
2026-09-10 08:15:31,534 INFO o.a.j.e.u.CompoundVariable: Note: Function class names must contain the string: '.functions.'
2026-09-10 08:15:31,534 INFO o.a.j.e.u.CompoundVariable: Note: Function class names must not contain the string: '.gui.'
2026-09-10 08:15:31,775 INFO o.a.j.JMeter: Running test (1789038931775)
2026-09-10 08:15:31,796 INFO o.a.j.e.StandardJMeterEngine: Starting ThreadGroup: 1 : TCC order-create
2026-09-10 08:15:31,796 INFO o.a.j.e.StandardJMeterEngine: Starting 10 threads for group TCC order-create.
2026-09-10 08:15:31,797 INFO o.a.j.e.StandardJMeterEngine: Thread will continue on error
2026-09-10 08:15:31,797 INFO o.a.j.t.ThreadGroup: Starting thread group... number=1 threads=10 ramp-up=0 delayedStart=false
2026-09-10 08:15:31,803 INFO o.a.j.t.JMeterThread: Thread started: TCC order-create 1-2
2026-09-10 08:15:31,803 INFO o.a.j.t.JMeterThread: Thread started: TCC order-create 1-4
2026-09-10 08:15:31,803 INFO o.a.j.t.JMeterThread: Thread started: TCC order-create 1-3
2026-09-10 08:15:31,803 INFO o.a.j.t.JMeterThread: Thread started: TCC order-create 1-1
2026-09-10 08:15:31,804 INFO o.a.j.t.JMeterThread: Thread started: TCC order-create 1-5
2026-09-10 08:15:31,805 INFO o.a.j.t.JMeterThread: Thread started: TCC order-create 1-6
2026-09-10 08:15:31,806 INFO o.a.j.t.JMeterThread: Thread started: TCC order-create 1-7
2026-09-10 08:15:31,807 INFO o.a.j.t.JMeterThread: Thread started: TCC order-create 1-8
2026-09-10 08:15:31,807 INFO o.a.j.t.JMeterThread: Thread started: TCC order-create 1-9
2026-09-10 08:15:31,808 INFO o.a.j.t.ThreadGroup: Started thread group number 1
2026-09-10 08:15:31,808 INFO o.a.j.e.StandardJMeterEngine: All thread groups have been started
2026-09-10 08:15:31,808 INFO o.a.j.t.JMeterThread: Thread started: TCC order-create 1-10
2026-09-10 08:15:32,505 INFO o.a.j.p.h.s.HTTPHCAbstractImpl: Local host = pop-os
2026-09-10 08:15:32,511 INFO o.a.j.p.h.s.HTTPHC4Impl: HTTP request retry count = 0
2026-09-10 08:15:32,512 INFO o.a.j.s.SampleResult: Note: Sample TimeStamps are START times
2026-09-10 08:15:32,512 INFO o.a.j.s.SampleResult: sampleresult.default.encoding is set to UTF-8
2026-09-10 08:15:32,512 INFO o.a.j.s.SampleResult: sampleresult.useNanoTime=true
2026-09-10 08:15:32,512 INFO o.a.j.s.SampleResult: sampleresult.nanoThreadSleep=5000
2026-09-10 08:15:32,816 INFO o.a.j.r.Summariser: summary +      1 in 00:00:01 =    1.0/s Avg:    68 Min:    68 Max:    68 Err:     0 (0.00%) Active: 10 Started: 10 Finished: 0
2026-09-10 08:16:00,024 INFO o.a.j.r.Summariser: summary +   1027 in 00:00:27 =   37.7/s Avg:   264 Min:    89 Max:   334 Err:     0 (0.00%) Active: 10 Started: 10 Finished: 0
2026-09-10 08:16:00,025 INFO o.a.j.r.Summariser: summary =   1028 in 00:00:28 =   36.4/s Avg:   264 Min:    68 Max:   334 Err:     0 (0.00%)
2026-09-10 08:16:30,018 INFO o.a.j.r.Summariser: summary +   1146 in 00:00:30 =   38.2/s Avg:   260 Min:   237 Max:   318 Err:     0 (0.00%) Active: 10 Started: 10 Finished: 0
2026-09-10 08:16:30,019 INFO o.a.j.r.Summariser: summary =   2174 in 00:00:58 =   37.3/s Avg:   262 Min:    68 Max:   334 Err:     0 (0.00%)
2026-09-10 08:17:00,015 INFO o.a.j.r.Summariser: summary +   1137 in 00:00:30 =   37.9/s Avg:   263 Min:   241 Max:   395 Err:     0 (0.00%) Active: 10 Started: 10 Finished: 0
2026-09-10 08:17:00,015 INFO o.a.j.r.Summariser: summary =   3311 in 00:01:28 =   37.5/s Avg:   262 Min:    68 Max:   395 Err:     0 (0.00%)
2026-09-10 08:17:30,030 INFO o.a.j.r.Summariser: summary +   1088 in 00:00:30 =   36.2/s Avg:   275 Min:   238 Max:  1386 Err:     0 (0.00%) Active: 10 Started: 10 Finished: 0
2026-09-10 08:17:30,030 INFO o.a.j.r.Summariser: summary =   4399 in 00:01:58 =   37.2/s Avg:   265 Min:    68 Max:  1386 Err:     0 (0.00%)
2026-09-10 08:17:31,818 INFO o.a.j.t.JMeterThread: Stopping because end time detected by thread: TCC order-create 1-7
2026-09-10 08:17:31,818 INFO o.a.j.t.JMeterThread: Thread finished: TCC order-create 1-7
2026-09-10 08:17:31,842 INFO o.a.j.t.JMeterThread: Stopping because end time detected by thread: TCC order-create 1-10
2026-09-10 08:17:31,843 INFO o.a.j.t.JMeterThread: Thread finished: TCC order-create 1-10
2026-09-10 08:17:31,869 INFO o.a.j.t.JMeterThread: Stopping because end time detected by thread: TCC order-create 1-8
2026-09-10 08:17:31,869 INFO o.a.j.t.JMeterThread: Thread finished: TCC order-create 1-8
2026-09-10 08:17:31,894 INFO o.a.j.t.JMeterThread: Stopping because end time detected by thread: TCC order-create 1-6
2026-09-10 08:17:31,895 INFO o.a.j.t.JMeterThread: Thread finished: TCC order-create 1-6
2026-09-10 08:17:31,918 INFO o.a.j.t.JMeterThread: Stopping because end time detected by thread: TCC order-create 1-1
2026-09-10 08:17:31,918 INFO o.a.j.t.JMeterThread: Thread finished: TCC order-create 1-1
2026-09-10 08:17:31,943 INFO o.a.j.t.JMeterThread: Stopping because end time detected by thread: TCC order-create 1-4
2026-09-10 08:17:31,943 INFO o.a.j.t.JMeterThread: Thread finished: TCC order-create 1-4
2026-09-10 08:17:31,969 INFO o.a.j.t.JMeterThread: Stopping because end time detected by thread: TCC order-create 1-2
2026-09-10 08:17:31,969 INFO o.a.j.t.JMeterThread: Thread finished: TCC order-create 1-2
2026-09-10 08:17:31,993 INFO o.a.j.t.JMeterThread: Stopping because end time detected by thread: TCC order-create 1-3
2026-09-10 08:17:31,993 INFO o.a.j.t.JMeterThread: Thread finished: TCC order-create 1-3
2026-09-10 08:17:32,024 INFO o.a.j.t.JMeterThread: Stopping because end time detected by thread: TCC order-create 1-5
2026-09-10 08:17:32,024 INFO o.a.j.t.JMeterThread: Thread finished: TCC order-create 1-5
2026-09-10 08:17:32,049 INFO o.a.j.t.JMeterThread: Stopping because end time detected by thread: TCC order-create 1-9
2026-09-10 08:17:32,049 INFO o.a.j.t.JMeterThread: Thread finished: TCC order-create 1-9
2026-09-10 08:17:32,050 INFO o.a.j.e.StandardJMeterEngine: Notifying test listeners of end of test
2026-09-10 08:17:32,054 INFO o.a.j.r.Summariser: summary +     79 in 00:00:02 =   39.0/s Avg:   255 Min:   241 Max:   270 Err:     0 (0.00%) Active: 0 Started: 10 Finished: 10
2026-09-10 08:17:32,054 INFO o.a.j.r.Summariser: summary =   4478 in 00:02:00 =   37.2/s Avg:   265 Min:    68 Max:  1386 Err:     0 (0.00%)
