2026-09-10 08:14:55,991 INFO o.a.j.u.JMeterUtils: Setting Locale to en_EN
2026-09-10 08:14:56,007 INFO o.a.j.JMeter: Loading user properties from: /home/avituo/projects/tcc/tcc-container/.tools/apache-jmeter-5.6.3/bin/user.properties
2026-09-10 08:14:56,007 INFO o.a.j.JMeter: Loading system properties from: /home/avituo/projects/tcc/tcc-container/.tools/apache-jmeter-5.6.3/bin/system.properties
2026-09-10 08:14:56,008 INFO o.a.j.JMeter: Loading additional properties from: /home/avituo/projects/tcc/tcc-container/benchmark/jmeter/benchmark.properties
2026-09-10 08:14:56,008 INFO o.a.j.JMeter: Loading additional properties from: /tmp/tcc-benchmark-auth.QLrP9P/auth.properties
2026-09-10 08:14:56,008 INFO o.a.j.JMeter: Setting JMeter property: threads=10
2026-09-10 08:14:56,008 INFO o.a.j.JMeter: Setting JMeter property: duration_seconds=30
2026-09-10 08:14:56,008 INFO o.a.j.JMeter: Setting JMeter property: target_host=localhost
2026-09-10 08:14:56,008 INFO o.a.j.JMeter: Setting JMeter property: target_port=18000
2026-09-10 08:14:56,008 INFO o.a.j.JMeter: Setting JMeter property: tcc.order.id=1
2026-09-10 08:14:56,008 INFO o.a.j.JMeter: Setting JMeter property: repetition=2
2026-09-10 08:14:56,015 INFO o.a.j.JMeter: Copyright (c) 1998-2024 The Apache Software Foundation
2026-09-10 08:14:56,015 INFO o.a.j.JMeter: Version 5.6.3
2026-09-10 08:14:56,015 INFO o.a.j.JMeter: java.version=21.0.11
2026-09-10 08:14:56,015 INFO o.a.j.JMeter: java.vm.name=OpenJDK 64-Bit Server VM
2026-09-10 08:14:56,015 INFO o.a.j.JMeter: os.name=Linux
2026-09-10 08:14:56,015 INFO o.a.j.JMeter: os.arch=amd64
2026-09-10 08:14:56,015 INFO o.a.j.JMeter: os.version=7.0.11-76070011-generic
2026-09-10 08:14:56,016 INFO o.a.j.JMeter: file.encoding=UTF-8
2026-09-10 08:14:56,016 INFO o.a.j.JMeter: java.awt.headless=true
2026-09-10 08:14:56,016 INFO o.a.j.JMeter: Max memory     =1073741824
2026-09-10 08:14:56,016 INFO o.a.j.JMeter: Available Processors =16
2026-09-10 08:14:56,025 INFO o.a.j.JMeter: Default Locale=English (EN)
2026-09-10 08:14:56,025 INFO o.a.j.JMeter: JMeter  Locale=English (EN)
2026-09-10 08:14:56,025 INFO o.a.j.JMeter: JMeterHome=/home/avituo/projects/tcc/tcc-container/.tools/apache-jmeter-5.6.3
2026-09-10 08:14:56,025 INFO o.a.j.JMeter: user.dir  =/home/avituo/projects/tcc/tcc-container
2026-09-10 08:14:56,025 INFO o.a.j.JMeter: PWD       =/home/avituo/projects/tcc/tcc-container
2026-09-10 08:14:56,034 INFO o.a.j.JMeter: IP: 192.168.1.16 Name: pop-os FullName: pop-os.home
2026-09-10 08:14:56,046 INFO o.a.j.s.FileServer: Default base='/home/avituo/projects/tcc/tcc-container'
2026-09-10 08:14:56,049 INFO o.a.j.s.FileServer: Set new base='/home/avituo/projects/tcc/tcc-container/benchmark/jmeter'
2026-09-10 08:14:56,222 INFO o.a.j.s.SaveService: Testplan (JMX) version: 2.2. Testlog (JTL) version: 2.2
2026-09-10 08:14:56,247 INFO o.a.j.s.SaveService: Using SaveService properties version 5.0
2026-09-10 08:14:56,250 INFO o.a.j.s.SaveService: Using SaveService properties file encoding UTF-8
2026-09-10 08:14:56,254 INFO o.a.j.s.SaveService: Loading file: /home/avituo/projects/tcc/tcc-container/benchmark/jmeter/tcc-order-create-v1.jmx
2026-09-10 08:14:56,305 INFO o.a.j.p.h.s.HTTPSamplerBase: Parser for text/html is org.apache.jmeter.protocol.http.parser.LagartoBasedHtmlParser
2026-09-10 08:14:56,305 INFO o.a.j.p.h.s.HTTPSamplerBase: Parser for application/xhtml+xml is org.apache.jmeter.protocol.http.parser.LagartoBasedHtmlParser
2026-09-10 08:14:56,305 INFO o.a.j.p.h.s.HTTPSamplerBase: Parser for application/xml is org.apache.jmeter.protocol.http.parser.LagartoBasedHtmlParser
2026-09-10 08:14:56,305 INFO o.a.j.p.h.s.HTTPSamplerBase: Parser for text/xml is org.apache.jmeter.protocol.http.parser.LagartoBasedHtmlParser
2026-09-10 08:14:56,305 INFO o.a.j.p.h.s.HTTPSamplerBase: Parser for text/vnd.wap.wml is org.apache.jmeter.protocol.http.parser.RegexpHTMLParser
2026-09-10 08:14:56,305 INFO o.a.j.p.h.s.HTTPSamplerBase: Parser for text/css is org.apache.jmeter.protocol.http.parser.CssParser
2026-09-10 08:14:56,338 INFO o.a.j.JMeter: Creating summariser <summary>
2026-09-10 08:14:56,355 INFO o.a.j.e.StandardJMeterEngine: Running the test!
2026-09-10 08:14:56,356 INFO o.a.j.s.SampleEvent: List of sample_variables: []
2026-09-10 08:14:56,357 INFO o.a.j.s.SampleEvent: List of sample_variables: []
2026-09-10 08:14:56,364 INFO o.a.j.e.u.CompoundVariable: Note: Function class names must contain the string: '.functions.'
2026-09-10 08:14:56,365 INFO o.a.j.e.u.CompoundVariable: Note: Function class names must not contain the string: '.gui.'
2026-09-10 08:14:56,608 INFO o.a.j.JMeter: Running test (1789038896608)
2026-09-10 08:14:56,629 INFO o.a.j.e.StandardJMeterEngine: Starting ThreadGroup: 1 : TCC order-create
2026-09-10 08:14:56,629 INFO o.a.j.e.StandardJMeterEngine: Starting 10 threads for group TCC order-create.
2026-09-10 08:14:56,629 INFO o.a.j.e.StandardJMeterEngine: Thread will continue on error
2026-09-10 08:14:56,629 INFO o.a.j.t.ThreadGroup: Starting thread group... number=1 threads=10 ramp-up=0 delayedStart=false
2026-09-10 08:14:56,636 INFO o.a.j.t.JMeterThread: Thread started: TCC order-create 1-3
2026-09-10 08:14:56,636 INFO o.a.j.t.JMeterThread: Thread started: TCC order-create 1-1
2026-09-10 08:14:56,636 INFO o.a.j.t.JMeterThread: Thread started: TCC order-create 1-2
2026-09-10 08:14:56,636 INFO o.a.j.t.JMeterThread: Thread started: TCC order-create 1-4
2026-09-10 08:14:56,637 INFO o.a.j.t.JMeterThread: Thread started: TCC order-create 1-5
2026-09-10 08:14:56,638 INFO o.a.j.t.JMeterThread: Thread started: TCC order-create 1-6
2026-09-10 08:14:56,639 INFO o.a.j.t.JMeterThread: Thread started: TCC order-create 1-7
2026-09-10 08:14:56,639 INFO o.a.j.t.JMeterThread: Thread started: TCC order-create 1-8
2026-09-10 08:14:56,640 INFO o.a.j.t.JMeterThread: Thread started: TCC order-create 1-9
2026-09-10 08:14:56,641 INFO o.a.j.t.ThreadGroup: Started thread group number 1
2026-09-10 08:14:56,641 INFO o.a.j.e.StandardJMeterEngine: All thread groups have been started
2026-09-10 08:14:56,641 INFO o.a.j.t.JMeterThread: Thread started: TCC order-create 1-10
2026-09-10 08:14:57,370 INFO o.a.j.p.h.s.HTTPHCAbstractImpl: Local host = pop-os
2026-09-10 08:14:57,382 INFO o.a.j.p.h.s.HTTPHC4Impl: HTTP request retry count = 0
2026-09-10 08:14:57,384 INFO o.a.j.s.SampleResult: Note: Sample TimeStamps are START times
2026-09-10 08:14:57,385 INFO o.a.j.s.SampleResult: sampleresult.default.encoding is set to UTF-8
2026-09-10 08:14:57,385 INFO o.a.j.s.SampleResult: sampleresult.useNanoTime=true
2026-09-10 08:14:57,385 INFO o.a.j.s.SampleResult: sampleresult.nanoThreadSleep=5000
2026-09-10 08:15:00,020 INFO o.a.j.r.Summariser: summary +     94 in 00:00:03 =   27.5/s Avg:   252 Min:    94 Max:   352 Err:     0 (0.00%) Active: 10 Started: 10 Finished: 0
2026-09-10 08:15:26,664 INFO o.a.j.t.JMeterThread: Stopping because end time detected by thread: TCC order-create 1-10
2026-09-10 08:15:26,665 INFO o.a.j.t.JMeterThread: Thread finished: TCC order-create 1-10
2026-09-10 08:15:26,702 INFO o.a.j.t.JMeterThread: Stopping because end time detected by thread: TCC order-create 1-2
2026-09-10 08:15:26,702 INFO o.a.j.t.JMeterThread: Thread finished: TCC order-create 1-2
2026-09-10 08:15:26,729 INFO o.a.j.t.JMeterThread: Stopping because end time detected by thread: TCC order-create 1-7
2026-09-10 08:15:26,729 INFO o.a.j.t.JMeterThread: Thread finished: TCC order-create 1-7
2026-09-10 08:15:26,757 INFO o.a.j.t.JMeterThread: Stopping because end time detected by thread: TCC order-create 1-6
2026-09-10 08:15:26,757 INFO o.a.j.t.JMeterThread: Thread finished: TCC order-create 1-6
2026-09-10 08:15:26,790 INFO o.a.j.t.JMeterThread: Stopping because end time detected by thread: TCC order-create 1-8
2026-09-10 08:15:26,790 INFO o.a.j.t.JMeterThread: Thread finished: TCC order-create 1-8
2026-09-10 08:15:26,821 INFO o.a.j.t.JMeterThread: Stopping because end time detected by thread: TCC order-create 1-4
2026-09-10 08:15:26,821 INFO o.a.j.t.JMeterThread: Thread finished: TCC order-create 1-4
2026-09-10 08:15:26,848 INFO o.a.j.t.JMeterThread: Stopping because end time detected by thread: TCC order-create 1-1
2026-09-10 08:15:26,848 INFO o.a.j.t.JMeterThread: Thread finished: TCC order-create 1-1
2026-09-10 08:15:26,875 INFO o.a.j.t.JMeterThread: Stopping because end time detected by thread: TCC order-create 1-5
2026-09-10 08:15:26,875 INFO o.a.j.t.JMeterThread: Thread finished: TCC order-create 1-5
2026-09-10 08:15:26,902 INFO o.a.j.t.JMeterThread: Stopping because end time detected by thread: TCC order-create 1-3
2026-09-10 08:15:26,902 INFO o.a.j.t.JMeterThread: Thread finished: TCC order-create 1-3
2026-09-10 08:15:26,925 INFO o.a.j.t.JMeterThread: Stopping because end time detected by thread: TCC order-create 1-9
2026-09-10 08:15:26,926 INFO o.a.j.t.JMeterThread: Thread finished: TCC order-create 1-9
2026-09-10 08:15:26,926 INFO o.a.j.e.StandardJMeterEngine: Notifying test listeners of end of test
2026-09-10 08:15:26,929 INFO o.a.j.r.Summariser: summary +   1008 in 00:00:27 =   37.5/s Avg:   265 Min:   239 Max:   372 Err:     0 (0.00%) Active: 0 Started: 10 Finished: 10
2026-09-10 08:15:26,929 INFO o.a.j.r.Summariser: summary =   1102 in 00:00:30 =   36.3/s Avg:   264 Min:    94 Max:   372 Err:     0 (0.00%)
