2026-09-10 08:01:06,582 INFO o.a.j.u.JMeterUtils: Setting Locale to en_EN
2026-09-10 08:01:06,608 INFO o.a.j.JMeter: Loading user properties from: /home/avituo/projects/tcc/tcc-container/.tools/apache-jmeter-5.6.3/bin/user.properties
2026-09-10 08:01:06,608 INFO o.a.j.JMeter: Loading system properties from: /home/avituo/projects/tcc/tcc-container/.tools/apache-jmeter-5.6.3/bin/system.properties
2026-09-10 08:01:06,609 INFO o.a.j.JMeter: Loading additional properties from: /home/avituo/projects/tcc/tcc-container/benchmark/jmeter/benchmark.properties
2026-09-10 08:01:06,609 INFO o.a.j.JMeter: Loading additional properties from: /tmp/tcc-benchmark-auth.0BG6Ga/auth.properties
2026-09-10 08:01:06,609 INFO o.a.j.JMeter: Loading additional properties from: /home/avituo/projects/tcc/tcc-container/benchmark/results/laravel-13.20.0/final/order-show/c100/r5/microservices/thread-counters.properties
2026-09-10 08:01:06,610 INFO o.a.j.JMeter: Setting JMeter property: threads=100
2026-09-10 08:01:06,610 INFO o.a.j.JMeter: Setting JMeter property: duration_seconds=120
2026-09-10 08:01:06,610 INFO o.a.j.JMeter: Setting JMeter property: target_host=localhost
2026-09-10 08:01:06,610 INFO o.a.j.JMeter: Setting JMeter property: target_port=18080
2026-09-10 08:01:06,610 INFO o.a.j.JMeter: Setting JMeter property: tcc.order.id=20000000-0000-4000-8000-000000000001
2026-09-10 08:01:06,610 INFO o.a.j.JMeter: Setting JMeter property: repetition=5
2026-09-10 08:01:06,622 INFO o.a.j.JMeter: Copyright (c) 1998-2024 The Apache Software Foundation
2026-09-10 08:01:06,623 INFO o.a.j.JMeter: Version 5.6.3
2026-09-10 08:01:06,623 INFO o.a.j.JMeter: java.version=21.0.11
2026-09-10 08:01:06,623 INFO o.a.j.JMeter: java.vm.name=OpenJDK 64-Bit Server VM
2026-09-10 08:01:06,623 INFO o.a.j.JMeter: os.name=Linux
2026-09-10 08:01:06,623 INFO o.a.j.JMeter: os.arch=amd64
2026-09-10 08:01:06,623 INFO o.a.j.JMeter: os.version=7.0.11-76070011-generic
2026-09-10 08:01:06,623 INFO o.a.j.JMeter: file.encoding=UTF-8
2026-09-10 08:01:06,623 INFO o.a.j.JMeter: java.awt.headless=true
2026-09-10 08:01:06,623 INFO o.a.j.JMeter: Max memory     =1073741824
2026-09-10 08:01:06,623 INFO o.a.j.JMeter: Available Processors =16
2026-09-10 08:01:06,634 INFO o.a.j.JMeter: Default Locale=English (EN)
2026-09-10 08:01:06,635 INFO o.a.j.JMeter: JMeter  Locale=English (EN)
2026-09-10 08:01:06,635 INFO o.a.j.JMeter: JMeterHome=/home/avituo/projects/tcc/tcc-container/.tools/apache-jmeter-5.6.3
2026-09-10 08:01:06,635 INFO o.a.j.JMeter: user.dir  =/home/avituo/projects/tcc/tcc-container
2026-09-10 08:01:06,635 INFO o.a.j.JMeter: PWD       =/home/avituo/projects/tcc/tcc-container
2026-09-10 08:01:06,643 INFO o.a.j.JMeter: IP: 192.168.1.16 Name: pop-os FullName: pop-os.home
2026-09-10 08:01:06,663 INFO o.a.j.s.FileServer: Default base='/home/avituo/projects/tcc/tcc-container'
2026-09-10 08:01:06,666 INFO o.a.j.s.FileServer: Set new base='/home/avituo/projects/tcc/tcc-container/benchmark/jmeter'
2026-09-10 08:01:06,854 INFO o.a.j.s.SaveService: Testplan (JMX) version: 2.2. Testlog (JTL) version: 2.2
2026-09-10 08:01:06,878 INFO o.a.j.s.SaveService: Using SaveService properties version 5.0
2026-09-10 08:01:06,880 INFO o.a.j.s.SaveService: Using SaveService properties file encoding UTF-8
2026-09-10 08:01:06,884 INFO o.a.j.s.SaveService: Loading file: /home/avituo/projects/tcc/tcc-container/benchmark/jmeter/tcc-order-show-v1.jmx
2026-09-10 08:01:06,936 INFO o.a.j.p.h.s.HTTPSamplerBase: Parser for text/html is org.apache.jmeter.protocol.http.parser.LagartoBasedHtmlParser
2026-09-10 08:01:06,937 INFO o.a.j.p.h.s.HTTPSamplerBase: Parser for application/xhtml+xml is org.apache.jmeter.protocol.http.parser.LagartoBasedHtmlParser
2026-09-10 08:01:06,937 INFO o.a.j.p.h.s.HTTPSamplerBase: Parser for application/xml is org.apache.jmeter.protocol.http.parser.LagartoBasedHtmlParser
2026-09-10 08:01:06,937 INFO o.a.j.p.h.s.HTTPSamplerBase: Parser for text/xml is org.apache.jmeter.protocol.http.parser.LagartoBasedHtmlParser
2026-09-10 08:01:06,937 INFO o.a.j.p.h.s.HTTPSamplerBase: Parser for text/vnd.wap.wml is org.apache.jmeter.protocol.http.parser.RegexpHTMLParser
2026-09-10 08:01:06,937 INFO o.a.j.p.h.s.HTTPSamplerBase: Parser for text/css is org.apache.jmeter.protocol.http.parser.CssParser
2026-09-10 08:01:06,964 INFO o.a.j.JMeter: Creating summariser <summary>
2026-09-10 08:01:06,983 INFO o.a.j.e.StandardJMeterEngine: Running the test!
2026-09-10 08:01:06,984 INFO o.a.j.s.SampleEvent: List of sample_variables: []
2026-09-10 08:01:06,984 INFO o.a.j.s.SampleEvent: List of sample_variables: []
2026-09-10 08:01:06,990 INFO o.a.j.e.u.CompoundVariable: Note: Function class names must contain the string: '.functions.'
2026-09-10 08:01:06,990 INFO o.a.j.e.u.CompoundVariable: Note: Function class names must not contain the string: '.gui.'
2026-09-10 08:01:07,232 INFO o.a.j.JMeter: Running test (1789038067232)
2026-09-10 08:01:07,256 INFO o.a.j.e.StandardJMeterEngine: Starting ThreadGroup: 1 : TCC order-show
2026-09-10 08:01:07,256 INFO o.a.j.e.StandardJMeterEngine: Starting 100 threads for group TCC order-show.
2026-09-10 08:01:07,256 INFO o.a.j.e.StandardJMeterEngine: Thread will continue on error
2026-09-10 08:01:07,256 INFO o.a.j.t.ThreadGroup: Starting thread group... number=1 threads=100 ramp-up=0 delayedStart=false
2026-09-10 08:01:07,263 INFO o.a.j.t.JMeterThread: Thread started: TCC order-show 1-5
2026-09-10 08:01:07,263 INFO o.a.j.t.JMeterThread: Thread started: TCC order-show 1-4
2026-09-10 08:01:07,263 INFO o.a.j.t.JMeterThread: Thread started: TCC order-show 1-6
2026-09-10 08:01:07,263 INFO o.a.j.t.JMeterThread: Thread started: TCC order-show 1-1
2026-09-10 08:01:07,263 INFO o.a.j.t.JMeterThread: Thread started: TCC order-show 1-3
2026-09-10 08:01:07,263 INFO o.a.j.t.JMeterThread: Thread started: TCC order-show 1-2
2026-09-10 08:01:07,264 INFO o.a.j.t.JMeterThread: Thread started: TCC order-show 1-7
2026-09-10 08:01:07,265 INFO o.a.j.t.JMeterThread: Thread started: TCC order-show 1-8
2026-09-10 08:01:07,265 INFO o.a.j.t.JMeterThread: Thread started: TCC order-show 1-9
2026-09-10 08:01:07,266 INFO o.a.j.t.JMeterThread: Thread started: TCC order-show 1-10
2026-09-10 08:01:07,267 INFO o.a.j.t.JMeterThread: Thread started: TCC order-show 1-11
2026-09-10 08:01:07,267 INFO o.a.j.t.JMeterThread: Thread started: TCC order-show 1-12
2026-09-10 08:01:07,268 INFO o.a.j.t.JMeterThread: Thread started: TCC order-show 1-13
2026-09-10 08:01:07,269 INFO o.a.j.t.JMeterThread: Thread started: TCC order-show 1-14
2026-09-10 08:01:07,269 INFO o.a.j.t.JMeterThread: Thread started: TCC order-show 1-15
2026-09-10 08:01:07,271 INFO o.a.j.t.JMeterThread: Thread started: TCC order-show 1-16
2026-09-10 08:01:07,271 INFO o.a.j.t.JMeterThread: Thread started: TCC order-show 1-17
2026-09-10 08:01:07,272 INFO o.a.j.t.JMeterThread: Thread started: TCC order-show 1-18
2026-09-10 08:01:07,273 INFO o.a.j.t.JMeterThread: Thread started: TCC order-show 1-19
2026-09-10 08:01:07,273 INFO o.a.j.t.JMeterThread: Thread started: TCC order-show 1-20
2026-09-10 08:01:07,273 INFO o.a.j.t.JMeterThread: Thread started: TCC order-show 1-21
2026-09-10 08:01:07,274 INFO o.a.j.t.JMeterThread: Thread started: TCC order-show 1-22
2026-09-10 08:01:07,275 INFO o.a.j.t.JMeterThread: Thread started: TCC order-show 1-23
2026-09-10 08:01:07,275 INFO o.a.j.t.JMeterThread: Thread started: TCC order-show 1-24
2026-09-10 08:01:07,275 INFO o.a.j.t.JMeterThread: Thread started: TCC order-show 1-25
2026-09-10 08:01:07,276 INFO o.a.j.t.JMeterThread: Thread started: TCC order-show 1-26
2026-09-10 08:01:07,276 INFO o.a.j.t.JMeterThread: Thread started: TCC order-show 1-27
2026-09-10 08:01:07,277 INFO o.a.j.t.JMeterThread: Thread started: TCC order-show 1-28
2026-09-10 08:01:07,278 INFO o.a.j.t.JMeterThread: Thread started: TCC order-show 1-29
2026-09-10 08:01:07,278 INFO o.a.j.t.JMeterThread: Thread started: TCC order-show 1-30
2026-09-10 08:01:07,278 INFO o.a.j.t.JMeterThread: Thread started: TCC order-show 1-31
2026-09-10 08:01:07,279 INFO o.a.j.t.JMeterThread: Thread started: TCC order-show 1-32
2026-09-10 08:01:07,279 INFO o.a.j.t.JMeterThread: Thread started: TCC order-show 1-33
2026-09-10 08:01:07,280 INFO o.a.j.t.JMeterThread: Thread started: TCC order-show 1-34
2026-09-10 08:01:07,280 INFO o.a.j.t.JMeterThread: Thread started: TCC order-show 1-35
2026-09-10 08:01:07,280 INFO o.a.j.t.JMeterThread: Thread started: TCC order-show 1-36
2026-09-10 08:01:07,281 INFO o.a.j.t.JMeterThread: Thread started: TCC order-show 1-37
2026-09-10 08:01:07,281 INFO o.a.j.t.JMeterThread: Thread started: TCC order-show 1-38
2026-09-10 08:01:07,282 INFO o.a.j.t.JMeterThread: Thread started: TCC order-show 1-39
2026-09-10 08:01:07,282 INFO o.a.j.t.JMeterThread: Thread started: TCC order-show 1-40
2026-09-10 08:01:07,283 INFO o.a.j.t.JMeterThread: Thread started: TCC order-show 1-41
2026-09-10 08:01:07,284 INFO o.a.j.t.JMeterThread: Thread started: TCC order-show 1-42
2026-09-10 08:01:07,284 INFO o.a.j.t.JMeterThread: Thread started: TCC order-show 1-43
2026-09-10 08:01:07,285 INFO o.a.j.t.JMeterThread: Thread started: TCC order-show 1-44
2026-09-10 08:01:07,285 INFO o.a.j.t.JMeterThread: Thread started: TCC order-show 1-45
2026-09-10 08:01:07,286 INFO o.a.j.t.JMeterThread: Thread started: TCC order-show 1-46
2026-09-10 08:01:07,286 INFO o.a.j.t.JMeterThread: Thread started: TCC order-show 1-47
2026-09-10 08:01:07,287 INFO o.a.j.t.JMeterThread: Thread started: TCC order-show 1-48
2026-09-10 08:01:07,287 INFO o.a.j.t.JMeterThread: Thread started: TCC order-show 1-49
2026-09-10 08:01:07,287 INFO o.a.j.t.JMeterThread: Thread started: TCC order-show 1-50
2026-09-10 08:01:07,288 INFO o.a.j.t.JMeterThread: Thread started: TCC order-show 1-51
2026-09-10 08:01:07,288 INFO o.a.j.t.JMeterThread: Thread started: TCC order-show 1-52
2026-09-10 08:01:07,289 INFO o.a.j.t.JMeterThread: Thread started: TCC order-show 1-53
2026-09-10 08:01:07,290 INFO o.a.j.p.h.s.HTTPHCAbstractImpl: Local host = pop-os
2026-09-10 08:01:07,289 INFO o.a.j.t.JMeterThread: Thread started: TCC order-show 1-54
2026-09-10 08:01:07,290 INFO o.a.j.t.JMeterThread: Thread started: TCC order-show 1-55
2026-09-10 08:01:07,290 INFO o.a.j.t.JMeterThread: Thread started: TCC order-show 1-56
2026-09-10 08:01:07,291 INFO o.a.j.t.JMeterThread: Thread started: TCC order-show 1-57
2026-09-10 08:01:07,291 INFO o.a.j.t.JMeterThread: Thread started: TCC order-show 1-58
2026-09-10 08:01:07,291 INFO o.a.j.t.JMeterThread: Thread started: TCC order-show 1-59
2026-09-10 08:01:07,292 INFO o.a.j.t.JMeterThread: Thread started: TCC order-show 1-60
2026-09-10 08:01:07,292 INFO o.a.j.t.JMeterThread: Thread started: TCC order-show 1-61
2026-09-10 08:01:07,293 INFO o.a.j.t.JMeterThread: Thread started: TCC order-show 1-62
2026-09-10 08:01:07,294 INFO o.a.j.t.JMeterThread: Thread started: TCC order-show 1-63
2026-09-10 08:01:07,295 INFO o.a.j.t.JMeterThread: Thread started: TCC order-show 1-64
2026-09-10 08:01:07,295 INFO o.a.j.t.JMeterThread: Thread started: TCC order-show 1-65
2026-09-10 08:01:07,296 INFO o.a.j.t.JMeterThread: Thread started: TCC order-show 1-67
2026-09-10 08:01:07,297 INFO o.a.j.t.JMeterThread: Thread started: TCC order-show 1-68
2026-09-10 08:01:07,297 INFO o.a.j.t.JMeterThread: Thread started: TCC order-show 1-66
2026-09-10 08:01:07,298 INFO o.a.j.t.JMeterThread: Thread started: TCC order-show 1-70
2026-09-10 08:01:07,297 INFO o.a.j.t.JMeterThread: Thread started: TCC order-show 1-69
2026-09-10 08:01:07,299 INFO o.a.j.t.JMeterThread: Thread started: TCC order-show 1-71
2026-09-10 08:01:07,299 INFO o.a.j.t.JMeterThread: Thread started: TCC order-show 1-72
2026-09-10 08:01:07,299 INFO o.a.j.t.JMeterThread: Thread started: TCC order-show 1-73
2026-09-10 08:01:07,300 INFO o.a.j.t.JMeterThread: Thread started: TCC order-show 1-74
2026-09-10 08:01:07,300 INFO o.a.j.t.JMeterThread: Thread started: TCC order-show 1-75
2026-09-10 08:01:07,301 INFO o.a.j.t.JMeterThread: Thread started: TCC order-show 1-77
2026-09-10 08:01:07,301 INFO o.a.j.t.JMeterThread: Thread started: TCC order-show 1-76
2026-09-10 08:01:07,302 INFO o.a.j.p.h.s.HTTPHC4Impl: HTTP request retry count = 0
2026-09-10 08:01:07,302 INFO o.a.j.t.JMeterThread: Thread started: TCC order-show 1-78
2026-09-10 08:01:07,303 INFO o.a.j.t.JMeterThread: Thread started: TCC order-show 1-79
2026-09-10 08:01:07,304 INFO o.a.j.s.SampleResult: Note: Sample TimeStamps are START times
2026-09-10 08:01:07,303 INFO o.a.j.t.JMeterThread: Thread started: TCC order-show 1-80
2026-09-10 08:01:07,304 INFO o.a.j.s.SampleResult: sampleresult.default.encoding is set to UTF-8
2026-09-10 08:01:07,304 INFO o.a.j.s.SampleResult: sampleresult.useNanoTime=true
2026-09-10 08:01:07,304 INFO o.a.j.s.SampleResult: sampleresult.nanoThreadSleep=5000
2026-09-10 08:01:07,304 INFO o.a.j.t.JMeterThread: Thread started: TCC order-show 1-81
2026-09-10 08:01:07,305 INFO o.a.j.t.JMeterThread: Thread started: TCC order-show 1-82
2026-09-10 08:01:07,305 INFO o.a.j.t.JMeterThread: Thread started: TCC order-show 1-83
2026-09-10 08:01:07,307 INFO o.a.j.t.JMeterThread: Thread started: TCC order-show 1-84
2026-09-10 08:01:07,307 INFO o.a.j.t.JMeterThread: Thread started: TCC order-show 1-85
2026-09-10 08:01:07,308 INFO o.a.j.t.JMeterThread: Thread started: TCC order-show 1-86
2026-09-10 08:01:07,309 INFO o.a.j.t.JMeterThread: Thread started: TCC order-show 1-87
2026-09-10 08:01:07,309 INFO o.a.j.t.JMeterThread: Thread started: TCC order-show 1-88
2026-09-10 08:01:07,309 INFO o.a.j.t.JMeterThread: Thread started: TCC order-show 1-89
2026-09-10 08:01:07,310 INFO o.a.j.t.JMeterThread: Thread started: TCC order-show 1-90
2026-09-10 08:01:07,310 INFO o.a.j.t.JMeterThread: Thread started: TCC order-show 1-91
2026-09-10 08:01:07,311 INFO o.a.j.t.JMeterThread: Thread started: TCC order-show 1-92
2026-09-10 08:01:07,311 INFO o.a.j.t.JMeterThread: Thread started: TCC order-show 1-93
2026-09-10 08:01:07,311 INFO o.a.j.t.JMeterThread: Thread started: TCC order-show 1-95
2026-09-10 08:01:07,312 INFO o.a.j.t.JMeterThread: Thread started: TCC order-show 1-96
2026-09-10 08:01:07,311 INFO o.a.j.t.JMeterThread: Thread started: TCC order-show 1-94
2026-09-10 08:01:07,313 INFO o.a.j.t.JMeterThread: Thread started: TCC order-show 1-97
2026-09-10 08:01:07,314 INFO o.a.j.t.JMeterThread: Thread started: TCC order-show 1-100
2026-09-10 08:01:07,314 INFO o.a.j.t.ThreadGroup: Started thread group number 1
2026-09-10 08:01:07,316 INFO o.a.j.e.StandardJMeterEngine: All thread groups have been started
2026-09-10 08:01:07,314 INFO o.a.j.t.JMeterThread: Thread started: TCC order-show 1-99
2026-09-10 08:01:07,313 INFO o.a.j.t.JMeterThread: Thread started: TCC order-show 1-98
2026-09-10 08:01:30,005 INFO o.a.j.r.Summariser: summary +   3056 in 00:00:23 =  134.2/s Avg:   714 Min:   112 Max:  1204 Err:     0 (0.00%) Active: 100 Started: 100 Finished: 0
2026-09-10 08:02:00,003 INFO o.a.j.r.Summariser: summary +   4261 in 00:00:30 =  142.0/s Avg:   703 Min:   675 Max:   780 Err:     0 (0.00%) Active: 100 Started: 100 Finished: 0
2026-09-10 08:02:00,005 INFO o.a.j.r.Summariser: summary =   7317 in 00:00:53 =  138.7/s Avg:   707 Min:   112 Max:  1204 Err:     0 (0.00%)
2026-09-10 08:02:30,006 INFO o.a.j.r.Summariser: summary +   4302 in 00:00:30 =  143.4/s Avg:   697 Min:   673 Max:   741 Err:     0 (0.00%) Active: 100 Started: 100 Finished: 0
2026-09-10 08:02:30,006 INFO o.a.j.r.Summariser: summary =  11619 in 00:01:23 =  140.4/s Avg:   703 Min:   112 Max:  1204 Err:     0 (0.00%)
2026-09-10 08:03:00,005 INFO o.a.j.r.Summariser: summary +   4316 in 00:00:30 =  143.9/s Avg:   694 Min:   670 Max:   718 Err:     0 (0.00%) Active: 100 Started: 100 Finished: 0
2026-09-10 08:03:00,005 INFO o.a.j.r.Summariser: summary =  15935 in 00:01:53 =  141.3/s Avg:   701 Min:   112 Max:  1204 Err:     0 (0.00%)
2026-09-10 08:03:07,279 INFO o.a.j.t.JMeterThread: Stopping because end time detected by thread: TCC order-show 1-33
2026-09-10 08:03:07,279 INFO o.a.j.t.JMeterThread: Thread finished: TCC order-show 1-33
2026-09-10 08:03:07,286 INFO o.a.j.t.JMeterThread: Stopping because end time detected by thread: TCC order-show 1-3
2026-09-10 08:03:07,286 INFO o.a.j.t.JMeterThread: Thread finished: TCC order-show 1-3
2026-09-10 08:03:07,299 INFO o.a.j.t.JMeterThread: Stopping because end time detected by thread: TCC order-show 1-39
2026-09-10 08:03:07,299 INFO o.a.j.t.JMeterThread: Thread finished: TCC order-show 1-39
2026-09-10 08:03:07,306 INFO o.a.j.t.JMeterThread: Stopping because end time detected by thread: TCC order-show 1-77
2026-09-10 08:03:07,306 INFO o.a.j.t.JMeterThread: Thread finished: TCC order-show 1-77
2026-09-10 08:03:07,312 INFO o.a.j.t.JMeterThread: Stopping because end time detected by thread: TCC order-show 1-85
2026-09-10 08:03:07,312 INFO o.a.j.t.JMeterThread: Thread finished: TCC order-show 1-85
2026-09-10 08:03:07,319 INFO o.a.j.t.JMeterThread: Stopping because end time detected by thread: TCC order-show 1-44
2026-09-10 08:03:07,319 INFO o.a.j.t.JMeterThread: Thread finished: TCC order-show 1-44
2026-09-10 08:03:07,326 INFO o.a.j.t.JMeterThread: Stopping because end time detected by thread: TCC order-show 1-24
2026-09-10 08:03:07,326 INFO o.a.j.t.JMeterThread: Thread finished: TCC order-show 1-24
2026-09-10 08:03:07,332 INFO o.a.j.t.JMeterThread: Stopping because end time detected by thread: TCC order-show 1-4
2026-09-10 08:03:07,332 INFO o.a.j.t.JMeterThread: Thread finished: TCC order-show 1-4
2026-09-10 08:03:07,339 INFO o.a.j.t.JMeterThread: Stopping because end time detected by thread: TCC order-show 1-19
2026-09-10 08:03:07,339 INFO o.a.j.t.JMeterThread: Thread finished: TCC order-show 1-19
2026-09-10 08:03:07,345 INFO o.a.j.t.JMeterThread: Stopping because end time detected by thread: TCC order-show 1-68
2026-09-10 08:03:07,346 INFO o.a.j.t.JMeterThread: Thread finished: TCC order-show 1-68
2026-09-10 08:03:07,352 INFO o.a.j.t.JMeterThread: Stopping because end time detected by thread: TCC order-show 1-17
2026-09-10 08:03:07,352 INFO o.a.j.t.JMeterThread: Thread finished: TCC order-show 1-17
2026-09-10 08:03:07,359 INFO o.a.j.t.JMeterThread: Stopping because end time detected by thread: TCC order-show 1-87
2026-09-10 08:03:07,359 INFO o.a.j.t.JMeterThread: Thread finished: TCC order-show 1-87
2026-09-10 08:03:07,365 INFO o.a.j.t.JMeterThread: Stopping because end time detected by thread: TCC order-show 1-58
2026-09-10 08:03:07,365 INFO o.a.j.t.JMeterThread: Thread finished: TCC order-show 1-58
2026-09-10 08:03:07,372 INFO o.a.j.t.JMeterThread: Stopping because end time detected by thread: TCC order-show 1-43
2026-09-10 08:03:07,372 INFO o.a.j.t.JMeterThread: Thread finished: TCC order-show 1-43
2026-09-10 08:03:07,379 INFO o.a.j.t.JMeterThread: Stopping because end time detected by thread: TCC order-show 1-97
2026-09-10 08:03:07,379 INFO o.a.j.t.JMeterThread: Thread finished: TCC order-show 1-97
2026-09-10 08:03:07,386 INFO o.a.j.t.JMeterThread: Stopping because end time detected by thread: TCC order-show 1-86
2026-09-10 08:03:07,386 INFO o.a.j.t.JMeterThread: Thread finished: TCC order-show 1-86
2026-09-10 08:03:07,393 INFO o.a.j.t.JMeterThread: Stopping because end time detected by thread: TCC order-show 1-59
2026-09-10 08:03:07,393 INFO o.a.j.t.JMeterThread: Thread finished: TCC order-show 1-59
2026-09-10 08:03:07,400 INFO o.a.j.t.JMeterThread: Stopping because end time detected by thread: TCC order-show 1-95
2026-09-10 08:03:07,400 INFO o.a.j.t.JMeterThread: Thread finished: TCC order-show 1-95
2026-09-10 08:03:07,407 INFO o.a.j.t.JMeterThread: Stopping because end time detected by thread: TCC order-show 1-66
2026-09-10 08:03:07,407 INFO o.a.j.t.JMeterThread: Thread finished: TCC order-show 1-66
2026-09-10 08:03:07,414 INFO o.a.j.t.JMeterThread: Stopping because end time detected by thread: TCC order-show 1-50
2026-09-10 08:03:07,414 INFO o.a.j.t.JMeterThread: Thread finished: TCC order-show 1-50
2026-09-10 08:03:07,421 INFO o.a.j.t.JMeterThread: Stopping because end time detected by thread: TCC order-show 1-28
2026-09-10 08:03:07,421 INFO o.a.j.t.JMeterThread: Thread finished: TCC order-show 1-28
2026-09-10 08:03:07,428 INFO o.a.j.t.JMeterThread: Stopping because end time detected by thread: TCC order-show 1-9
2026-09-10 08:03:07,428 INFO o.a.j.t.JMeterThread: Thread finished: TCC order-show 1-9
2026-09-10 08:03:07,435 INFO o.a.j.t.JMeterThread: Stopping because end time detected by thread: TCC order-show 1-70
2026-09-10 08:03:07,436 INFO o.a.j.t.JMeterThread: Thread finished: TCC order-show 1-70
2026-09-10 08:03:07,443 INFO o.a.j.t.JMeterThread: Stopping because end time detected by thread: TCC order-show 1-10
2026-09-10 08:03:07,443 INFO o.a.j.t.JMeterThread: Thread finished: TCC order-show 1-10
2026-09-10 08:03:07,449 INFO o.a.j.t.JMeterThread: Stopping because end time detected by thread: TCC order-show 1-20
2026-09-10 08:03:07,449 INFO o.a.j.t.JMeterThread: Thread finished: TCC order-show 1-20
2026-09-10 08:03:07,457 INFO o.a.j.t.JMeterThread: Stopping because end time detected by thread: TCC order-show 1-89
2026-09-10 08:03:07,457 INFO o.a.j.t.JMeterThread: Thread finished: TCC order-show 1-89
2026-09-10 08:03:07,464 INFO o.a.j.t.JMeterThread: Stopping because end time detected by thread: TCC order-show 1-55
2026-09-10 08:03:07,464 INFO o.a.j.t.JMeterThread: Thread finished: TCC order-show 1-55
2026-09-10 08:03:07,471 INFO o.a.j.t.JMeterThread: Stopping because end time detected by thread: TCC order-show 1-73
2026-09-10 08:03:07,471 INFO o.a.j.t.JMeterThread: Thread finished: TCC order-show 1-73
2026-09-10 08:03:07,478 INFO o.a.j.t.JMeterThread: Stopping because end time detected by thread: TCC order-show 1-64
2026-09-10 08:03:07,478 INFO o.a.j.t.JMeterThread: Thread finished: TCC order-show 1-64
2026-09-10 08:03:07,485 INFO o.a.j.t.JMeterThread: Stopping because end time detected by thread: TCC order-show 1-29
2026-09-10 08:03:07,486 INFO o.a.j.t.JMeterThread: Thread finished: TCC order-show 1-29
2026-09-10 08:03:07,492 INFO o.a.j.t.JMeterThread: Stopping because end time detected by thread: TCC order-show 1-83
2026-09-10 08:03:07,492 INFO o.a.j.t.JMeterThread: Thread finished: TCC order-show 1-83
2026-09-10 08:03:07,499 INFO o.a.j.t.JMeterThread: Stopping because end time detected by thread: TCC order-show 1-5
2026-09-10 08:03:07,499 INFO o.a.j.t.JMeterThread: Thread finished: TCC order-show 1-5
2026-09-10 08:03:07,506 INFO o.a.j.t.JMeterThread: Stopping because end time detected by thread: TCC order-show 1-26
2026-09-10 08:03:07,506 INFO o.a.j.t.JMeterThread: Thread finished: TCC order-show 1-26
2026-09-10 08:03:07,512 INFO o.a.j.t.JMeterThread: Stopping because end time detected by thread: TCC order-show 1-51
2026-09-10 08:03:07,512 INFO o.a.j.t.JMeterThread: Thread finished: TCC order-show 1-51
2026-09-10 08:03:07,519 INFO o.a.j.t.JMeterThread: Stopping because end time detected by thread: TCC order-show 1-8
2026-09-10 08:03:07,519 INFO o.a.j.t.JMeterThread: Thread finished: TCC order-show 1-8
2026-09-10 08:03:07,527 INFO o.a.j.t.JMeterThread: Stopping because end time detected by thread: TCC order-show 1-38
2026-09-10 08:03:07,527 INFO o.a.j.t.JMeterThread: Thread finished: TCC order-show 1-38
2026-09-10 08:03:07,534 INFO o.a.j.t.JMeterThread: Stopping because end time detected by thread: TCC order-show 1-23
2026-09-10 08:03:07,534 INFO o.a.j.t.JMeterThread: Thread finished: TCC order-show 1-23
2026-09-10 08:03:07,541 INFO o.a.j.t.JMeterThread: Stopping because end time detected by thread: TCC order-show 1-37
2026-09-10 08:03:07,541 INFO o.a.j.t.JMeterThread: Thread finished: TCC order-show 1-37
2026-09-10 08:03:07,547 INFO o.a.j.t.JMeterThread: Stopping because end time detected by thread: TCC order-show 1-25
2026-09-10 08:03:07,548 INFO o.a.j.t.JMeterThread: Thread finished: TCC order-show 1-25
2026-09-10 08:03:07,554 INFO o.a.j.t.JMeterThread: Stopping because end time detected by thread: TCC order-show 1-7
2026-09-10 08:03:07,555 INFO o.a.j.t.JMeterThread: Thread finished: TCC order-show 1-7
2026-09-10 08:03:07,561 INFO o.a.j.t.JMeterThread: Stopping because end time detected by thread: TCC order-show 1-27
2026-09-10 08:03:07,562 INFO o.a.j.t.JMeterThread: Thread finished: TCC order-show 1-27
2026-09-10 08:03:07,568 INFO o.a.j.t.JMeterThread: Stopping because end time detected by thread: TCC order-show 1-96
2026-09-10 08:03:07,568 INFO o.a.j.t.JMeterThread: Thread finished: TCC order-show 1-96
2026-09-10 08:03:07,575 INFO o.a.j.t.JMeterThread: Stopping because end time detected by thread: TCC order-show 1-14
2026-09-10 08:03:07,575 INFO o.a.j.t.JMeterThread: Thread finished: TCC order-show 1-14
2026-09-10 08:03:07,582 INFO o.a.j.t.JMeterThread: Stopping because end time detected by thread: TCC order-show 1-21
2026-09-10 08:03:07,582 INFO o.a.j.t.JMeterThread: Thread finished: TCC order-show 1-21
2026-09-10 08:03:07,589 INFO o.a.j.t.JMeterThread: Stopping because end time detected by thread: TCC order-show 1-81
2026-09-10 08:03:07,589 INFO o.a.j.t.JMeterThread: Thread finished: TCC order-show 1-81
2026-09-10 08:03:07,596 INFO o.a.j.t.JMeterThread: Stopping because end time detected by thread: TCC order-show 1-100
2026-09-10 08:03:07,596 INFO o.a.j.t.JMeterThread: Thread finished: TCC order-show 1-100
2026-09-10 08:03:07,603 INFO o.a.j.t.JMeterThread: Stopping because end time detected by thread: TCC order-show 1-22
2026-09-10 08:03:07,603 INFO o.a.j.t.JMeterThread: Thread finished: TCC order-show 1-22
2026-09-10 08:03:07,609 INFO o.a.j.t.JMeterThread: Stopping because end time detected by thread: TCC order-show 1-52
2026-09-10 08:03:07,610 INFO o.a.j.t.JMeterThread: Thread finished: TCC order-show 1-52
2026-09-10 08:03:07,616 INFO o.a.j.t.JMeterThread: Stopping because end time detected by thread: TCC order-show 1-34
2026-09-10 08:03:07,616 INFO o.a.j.t.JMeterThread: Thread finished: TCC order-show 1-34
2026-09-10 08:03:07,623 INFO o.a.j.t.JMeterThread: Stopping because end time detected by thread: TCC order-show 1-90
2026-09-10 08:03:07,623 INFO o.a.j.t.JMeterThread: Thread finished: TCC order-show 1-90
2026-09-10 08:03:07,630 INFO o.a.j.t.JMeterThread: Stopping because end time detected by thread: TCC order-show 1-16
2026-09-10 08:03:07,630 INFO o.a.j.t.JMeterThread: Thread finished: TCC order-show 1-16
2026-09-10 08:03:07,637 INFO o.a.j.t.JMeterThread: Stopping because end time detected by thread: TCC order-show 1-98
2026-09-10 08:03:07,637 INFO o.a.j.t.JMeterThread: Thread finished: TCC order-show 1-98
2026-09-10 08:03:07,643 INFO o.a.j.t.JMeterThread: Stopping because end time detected by thread: TCC order-show 1-6
2026-09-10 08:03:07,644 INFO o.a.j.t.JMeterThread: Thread finished: TCC order-show 1-6
2026-09-10 08:03:07,650 INFO o.a.j.t.JMeterThread: Stopping because end time detected by thread: TCC order-show 1-69
2026-09-10 08:03:07,651 INFO o.a.j.t.JMeterThread: Thread finished: TCC order-show 1-69
2026-09-10 08:03:07,657 INFO o.a.j.t.JMeterThread: Stopping because end time detected by thread: TCC order-show 1-92
2026-09-10 08:03:07,657 INFO o.a.j.t.JMeterThread: Thread finished: TCC order-show 1-92
2026-09-10 08:03:07,664 INFO o.a.j.t.JMeterThread: Stopping because end time detected by thread: TCC order-show 1-84
2026-09-10 08:03:07,664 INFO o.a.j.t.JMeterThread: Thread finished: TCC order-show 1-84
2026-09-10 08:03:07,671 INFO o.a.j.t.JMeterThread: Stopping because end time detected by thread: TCC order-show 1-13
2026-09-10 08:03:07,671 INFO o.a.j.t.JMeterThread: Thread finished: TCC order-show 1-13
2026-09-10 08:03:07,678 INFO o.a.j.t.JMeterThread: Stopping because end time detected by thread: TCC order-show 1-56
2026-09-10 08:03:07,678 INFO o.a.j.t.JMeterThread: Thread finished: TCC order-show 1-56
2026-09-10 08:03:07,684 INFO o.a.j.t.JMeterThread: Stopping because end time detected by thread: TCC order-show 1-31
2026-09-10 08:03:07,685 INFO o.a.j.t.JMeterThread: Thread finished: TCC order-show 1-31
2026-09-10 08:03:07,692 INFO o.a.j.t.JMeterThread: Stopping because end time detected by thread: TCC order-show 1-36
2026-09-10 08:03:07,692 INFO o.a.j.t.JMeterThread: Thread finished: TCC order-show 1-36
2026-09-10 08:03:07,698 INFO o.a.j.t.JMeterThread: Stopping because end time detected by thread: TCC order-show 1-2
2026-09-10 08:03:07,698 INFO o.a.j.t.JMeterThread: Thread finished: TCC order-show 1-2
2026-09-10 08:03:07,706 INFO o.a.j.t.JMeterThread: Stopping because end time detected by thread: TCC order-show 1-63
2026-09-10 08:03:07,706 INFO o.a.j.t.JMeterThread: Thread finished: TCC order-show 1-63
2026-09-10 08:03:07,712 INFO o.a.j.t.JMeterThread: Stopping because end time detected by thread: TCC order-show 1-30
2026-09-10 08:03:07,712 INFO o.a.j.t.JMeterThread: Thread finished: TCC order-show 1-30
2026-09-10 08:03:07,719 INFO o.a.j.t.JMeterThread: Stopping because end time detected by thread: TCC order-show 1-93
2026-09-10 08:03:07,719 INFO o.a.j.t.JMeterThread: Thread finished: TCC order-show 1-93
2026-09-10 08:03:07,726 INFO o.a.j.t.JMeterThread: Stopping because end time detected by thread: TCC order-show 1-80
2026-09-10 08:03:07,727 INFO o.a.j.t.JMeterThread: Thread finished: TCC order-show 1-80
2026-09-10 08:03:07,734 INFO o.a.j.t.JMeterThread: Stopping because end time detected by thread: TCC order-show 1-72
2026-09-10 08:03:07,734 INFO o.a.j.t.JMeterThread: Thread finished: TCC order-show 1-72
2026-09-10 08:03:07,740 INFO o.a.j.t.JMeterThread: Stopping because end time detected by thread: TCC order-show 1-76
2026-09-10 08:03:07,741 INFO o.a.j.t.JMeterThread: Thread finished: TCC order-show 1-76
2026-09-10 08:03:07,748 INFO o.a.j.t.JMeterThread: Stopping because end time detected by thread: TCC order-show 1-47
2026-09-10 08:03:07,748 INFO o.a.j.t.JMeterThread: Thread finished: TCC order-show 1-47
2026-09-10 08:03:07,755 INFO o.a.j.t.JMeterThread: Stopping because end time detected by thread: TCC order-show 1-75
2026-09-10 08:03:07,755 INFO o.a.j.t.JMeterThread: Thread finished: TCC order-show 1-75
2026-09-10 08:03:07,763 INFO o.a.j.t.JMeterThread: Stopping because end time detected by thread: TCC order-show 1-46
2026-09-10 08:03:07,763 INFO o.a.j.t.JMeterThread: Thread finished: TCC order-show 1-46
2026-09-10 08:03:07,770 INFO o.a.j.t.JMeterThread: Stopping because end time detected by thread: TCC order-show 1-65
2026-09-10 08:03:07,770 INFO o.a.j.t.JMeterThread: Thread finished: TCC order-show 1-65
2026-09-10 08:03:07,776 INFO o.a.j.t.JMeterThread: Stopping because end time detected by thread: TCC order-show 1-71
2026-09-10 08:03:07,777 INFO o.a.j.t.JMeterThread: Thread finished: TCC order-show 1-71
2026-09-10 08:03:07,783 INFO o.a.j.t.JMeterThread: Stopping because end time detected by thread: TCC order-show 1-32
2026-09-10 08:03:07,784 INFO o.a.j.t.JMeterThread: Thread finished: TCC order-show 1-32
2026-09-10 08:03:07,791 INFO o.a.j.t.JMeterThread: Stopping because end time detected by thread: TCC order-show 1-35
2026-09-10 08:03:07,791 INFO o.a.j.t.JMeterThread: Thread finished: TCC order-show 1-35
2026-09-10 08:03:07,798 INFO o.a.j.t.JMeterThread: Stopping because end time detected by thread: TCC order-show 1-45
2026-09-10 08:03:07,798 INFO o.a.j.t.JMeterThread: Thread finished: TCC order-show 1-45
2026-09-10 08:03:07,805 INFO o.a.j.t.JMeterThread: Stopping because end time detected by thread: TCC order-show 1-61
2026-09-10 08:03:07,805 INFO o.a.j.t.JMeterThread: Thread finished: TCC order-show 1-61
2026-09-10 08:03:07,812 INFO o.a.j.t.JMeterThread: Stopping because end time detected by thread: TCC order-show 1-54
2026-09-10 08:03:07,812 INFO o.a.j.t.JMeterThread: Thread finished: TCC order-show 1-54
2026-09-10 08:03:07,819 INFO o.a.j.t.JMeterThread: Stopping because end time detected by thread: TCC order-show 1-1
2026-09-10 08:03:07,819 INFO o.a.j.t.JMeterThread: Thread finished: TCC order-show 1-1
2026-09-10 08:03:07,826 INFO o.a.j.t.JMeterThread: Stopping because end time detected by thread: TCC order-show 1-15
2026-09-10 08:03:07,826 INFO o.a.j.t.JMeterThread: Thread finished: TCC order-show 1-15
2026-09-10 08:03:07,833 INFO o.a.j.t.JMeterThread: Stopping because end time detected by thread: TCC order-show 1-67
2026-09-10 08:03:07,833 INFO o.a.j.t.JMeterThread: Thread finished: TCC order-show 1-67
2026-09-10 08:03:07,840 INFO o.a.j.t.JMeterThread: Stopping because end time detected by thread: TCC order-show 1-48
2026-09-10 08:03:07,840 INFO o.a.j.t.JMeterThread: Thread finished: TCC order-show 1-48
2026-09-10 08:03:07,847 INFO o.a.j.t.JMeterThread: Stopping because end time detected by thread: TCC order-show 1-41
2026-09-10 08:03:07,847 INFO o.a.j.t.JMeterThread: Thread finished: TCC order-show 1-41
2026-09-10 08:03:07,855 INFO o.a.j.t.JMeterThread: Stopping because end time detected by thread: TCC order-show 1-57
2026-09-10 08:03:07,855 INFO o.a.j.t.JMeterThread: Thread finished: TCC order-show 1-57
2026-09-10 08:03:07,862 INFO o.a.j.t.JMeterThread: Stopping because end time detected by thread: TCC order-show 1-60
2026-09-10 08:03:07,862 INFO o.a.j.t.JMeterThread: Thread finished: TCC order-show 1-60
2026-09-10 08:03:07,869 INFO o.a.j.t.JMeterThread: Stopping because end time detected by thread: TCC order-show 1-42
2026-09-10 08:03:07,869 INFO o.a.j.t.JMeterThread: Thread finished: TCC order-show 1-42
2026-09-10 08:03:07,876 INFO o.a.j.t.JMeterThread: Stopping because end time detected by thread: TCC order-show 1-40
2026-09-10 08:03:07,876 INFO o.a.j.t.JMeterThread: Thread finished: TCC order-show 1-40
2026-09-10 08:03:07,883 INFO o.a.j.t.JMeterThread: Stopping because end time detected by thread: TCC order-show 1-12
2026-09-10 08:03:07,883 INFO o.a.j.t.JMeterThread: Thread finished: TCC order-show 1-12
2026-09-10 08:03:07,890 INFO o.a.j.t.JMeterThread: Stopping because end time detected by thread: TCC order-show 1-49
2026-09-10 08:03:07,890 INFO o.a.j.t.JMeterThread: Thread finished: TCC order-show 1-49
2026-09-10 08:03:07,897 INFO o.a.j.t.JMeterThread: Stopping because end time detected by thread: TCC order-show 1-91
2026-09-10 08:03:07,897 INFO o.a.j.t.JMeterThread: Thread finished: TCC order-show 1-91
2026-09-10 08:03:07,904 INFO o.a.j.t.JMeterThread: Stopping because end time detected by thread: TCC order-show 1-79
2026-09-10 08:03:07,904 INFO o.a.j.t.JMeterThread: Thread finished: TCC order-show 1-79
2026-09-10 08:03:07,910 INFO o.a.j.t.JMeterThread: Stopping because end time detected by thread: TCC order-show 1-82
2026-09-10 08:03:07,911 INFO o.a.j.t.JMeterThread: Thread finished: TCC order-show 1-82
2026-09-10 08:03:07,918 INFO o.a.j.t.JMeterThread: Stopping because end time detected by thread: TCC order-show 1-11
2026-09-10 08:03:07,918 INFO o.a.j.t.JMeterThread: Thread finished: TCC order-show 1-11
2026-09-10 08:03:07,925 INFO o.a.j.t.JMeterThread: Stopping because end time detected by thread: TCC order-show 1-78
2026-09-10 08:03:07,925 INFO o.a.j.t.JMeterThread: Thread finished: TCC order-show 1-78
2026-09-10 08:03:07,932 INFO o.a.j.t.JMeterThread: Stopping because end time detected by thread: TCC order-show 1-99
2026-09-10 08:03:07,932 INFO o.a.j.t.JMeterThread: Thread finished: TCC order-show 1-99
2026-09-10 08:03:07,939 INFO o.a.j.t.JMeterThread: Stopping because end time detected by thread: TCC order-show 1-88
2026-09-10 08:03:07,939 INFO o.a.j.t.JMeterThread: Thread finished: TCC order-show 1-88
2026-09-10 08:03:07,946 INFO o.a.j.t.JMeterThread: Stopping because end time detected by thread: TCC order-show 1-94
2026-09-10 08:03:07,946 INFO o.a.j.t.JMeterThread: Thread finished: TCC order-show 1-94
2026-09-10 08:03:07,953 INFO o.a.j.t.JMeterThread: Stopping because end time detected by thread: TCC order-show 1-53
2026-09-10 08:03:07,953 INFO o.a.j.t.JMeterThread: Thread finished: TCC order-show 1-53
2026-09-10 08:03:07,961 INFO o.a.j.t.JMeterThread: Stopping because end time detected by thread: TCC order-show 1-18
2026-09-10 08:03:07,961 INFO o.a.j.t.JMeterThread: Thread finished: TCC order-show 1-18
2026-09-10 08:03:07,968 INFO o.a.j.t.JMeterThread: Stopping because end time detected by thread: TCC order-show 1-62
2026-09-10 08:03:07,968 INFO o.a.j.t.JMeterThread: Thread finished: TCC order-show 1-62
2026-09-10 08:03:07,975 INFO o.a.j.t.JMeterThread: Stopping because end time detected by thread: TCC order-show 1-74
2026-09-10 08:03:07,975 INFO o.a.j.t.JMeterThread: Thread finished: TCC order-show 1-74
2026-09-10 08:03:07,975 INFO o.a.j.e.StandardJMeterEngine: Notifying test listeners of end of test
2026-09-10 08:03:07,978 INFO o.a.j.r.Summariser: summary +   1149 in 00:00:08 =  144.1/s Avg:   692 Min:   671 Max:   714 Err:     0 (0.00%) Active: 0 Started: 100 Finished: 100
2026-09-10 08:03:07,979 INFO o.a.j.r.Summariser: summary =  17084 in 00:02:01 =  141.5/s Avg:   700 Min:   112 Max:  1204 Err:     0 (0.00%)
