2026-09-10 07:57:26,334 INFO o.a.j.u.JMeterUtils: Setting Locale to en_EN
2026-09-10 07:57:26,352 INFO o.a.j.JMeter: Loading user properties from: /home/avituo/projects/tcc/tcc-container/.tools/apache-jmeter-5.6.3/bin/user.properties
2026-09-10 07:57:26,352 INFO o.a.j.JMeter: Loading system properties from: /home/avituo/projects/tcc/tcc-container/.tools/apache-jmeter-5.6.3/bin/system.properties
2026-09-10 07:57:26,352 INFO o.a.j.JMeter: Loading additional properties from: /home/avituo/projects/tcc/tcc-container/benchmark/jmeter/benchmark.properties
2026-09-10 07:57:26,352 INFO o.a.j.JMeter: Loading additional properties from: /tmp/tcc-benchmark-auth.dwZVaZ/auth.properties
2026-09-10 07:57:26,352 INFO o.a.j.JMeter: Loading additional properties from: /home/avituo/projects/tcc/tcc-container/benchmark/results/laravel-13.20.0/final/order-show/c100/r5/monolith/thread-counters.properties
2026-09-10 07:57:26,352 INFO o.a.j.JMeter: Setting JMeter property: threads=100
2026-09-10 07:57:26,353 INFO o.a.j.JMeter: Setting JMeter property: duration_seconds=120
2026-09-10 07:57:26,353 INFO o.a.j.JMeter: Setting JMeter property: target_host=localhost
2026-09-10 07:57:26,353 INFO o.a.j.JMeter: Setting JMeter property: target_port=18000
2026-09-10 07:57:26,353 INFO o.a.j.JMeter: Setting JMeter property: tcc.order.id=1
2026-09-10 07:57:26,353 INFO o.a.j.JMeter: Setting JMeter property: repetition=5
2026-09-10 07:57:26,361 INFO o.a.j.JMeter: Copyright (c) 1998-2024 The Apache Software Foundation
2026-09-10 07:57:26,361 INFO o.a.j.JMeter: Version 5.6.3
2026-09-10 07:57:26,361 INFO o.a.j.JMeter: java.version=21.0.11
2026-09-10 07:57:26,361 INFO o.a.j.JMeter: java.vm.name=OpenJDK 64-Bit Server VM
2026-09-10 07:57:26,361 INFO o.a.j.JMeter: os.name=Linux
2026-09-10 07:57:26,361 INFO o.a.j.JMeter: os.arch=amd64
2026-09-10 07:57:26,361 INFO o.a.j.JMeter: os.version=7.0.11-76070011-generic
2026-09-10 07:57:26,361 INFO o.a.j.JMeter: file.encoding=UTF-8
2026-09-10 07:57:26,361 INFO o.a.j.JMeter: java.awt.headless=true
2026-09-10 07:57:26,361 INFO o.a.j.JMeter: Max memory     =1073741824
2026-09-10 07:57:26,361 INFO o.a.j.JMeter: Available Processors =16
2026-09-10 07:57:26,369 INFO o.a.j.JMeter: Default Locale=English (EN)
2026-09-10 07:57:26,369 INFO o.a.j.JMeter: JMeter  Locale=English (EN)
2026-09-10 07:57:26,370 INFO o.a.j.JMeter: JMeterHome=/home/avituo/projects/tcc/tcc-container/.tools/apache-jmeter-5.6.3
2026-09-10 07:57:26,370 INFO o.a.j.JMeter: user.dir  =/home/avituo/projects/tcc/tcc-container
2026-09-10 07:57:26,370 INFO o.a.j.JMeter: PWD       =/home/avituo/projects/tcc/tcc-container
2026-09-10 07:57:26,377 INFO o.a.j.JMeter: IP: 192.168.1.16 Name: pop-os FullName: pop-os.home
2026-09-10 07:57:26,389 INFO o.a.j.s.FileServer: Default base='/home/avituo/projects/tcc/tcc-container'
2026-09-10 07:57:26,391 INFO o.a.j.s.FileServer: Set new base='/home/avituo/projects/tcc/tcc-container/benchmark/jmeter'
2026-09-10 07:57:26,562 INFO o.a.j.s.SaveService: Testplan (JMX) version: 2.2. Testlog (JTL) version: 2.2
2026-09-10 07:57:26,586 INFO o.a.j.s.SaveService: Using SaveService properties version 5.0
2026-09-10 07:57:26,589 INFO o.a.j.s.SaveService: Using SaveService properties file encoding UTF-8
2026-09-10 07:57:26,594 INFO o.a.j.s.SaveService: Loading file: /home/avituo/projects/tcc/tcc-container/benchmark/jmeter/tcc-order-show-v1.jmx
2026-09-10 07:57:26,644 INFO o.a.j.p.h.s.HTTPSamplerBase: Parser for text/html is org.apache.jmeter.protocol.http.parser.LagartoBasedHtmlParser
2026-09-10 07:57:26,644 INFO o.a.j.p.h.s.HTTPSamplerBase: Parser for application/xhtml+xml is org.apache.jmeter.protocol.http.parser.LagartoBasedHtmlParser
2026-09-10 07:57:26,644 INFO o.a.j.p.h.s.HTTPSamplerBase: Parser for application/xml is org.apache.jmeter.protocol.http.parser.LagartoBasedHtmlParser
2026-09-10 07:57:26,644 INFO o.a.j.p.h.s.HTTPSamplerBase: Parser for text/xml is org.apache.jmeter.protocol.http.parser.LagartoBasedHtmlParser
2026-09-10 07:57:26,644 INFO o.a.j.p.h.s.HTTPSamplerBase: Parser for text/vnd.wap.wml is org.apache.jmeter.protocol.http.parser.RegexpHTMLParser
2026-09-10 07:57:26,644 INFO o.a.j.p.h.s.HTTPSamplerBase: Parser for text/css is org.apache.jmeter.protocol.http.parser.CssParser
2026-09-10 07:57:26,673 INFO o.a.j.JMeter: Creating summariser <summary>
2026-09-10 07:57:26,692 INFO o.a.j.e.StandardJMeterEngine: Running the test!
2026-09-10 07:57:26,692 INFO o.a.j.s.SampleEvent: List of sample_variables: []
2026-09-10 07:57:26,693 INFO o.a.j.s.SampleEvent: List of sample_variables: []
2026-09-10 07:57:26,699 INFO o.a.j.e.u.CompoundVariable: Note: Function class names must contain the string: '.functions.'
2026-09-10 07:57:26,699 INFO o.a.j.e.u.CompoundVariable: Note: Function class names must not contain the string: '.gui.'
2026-09-10 07:57:26,951 INFO o.a.j.JMeter: Running test (1789037846951)
2026-09-10 07:57:26,972 INFO o.a.j.e.StandardJMeterEngine: Starting ThreadGroup: 1 : TCC order-show
2026-09-10 07:57:26,973 INFO o.a.j.e.StandardJMeterEngine: Starting 100 threads for group TCC order-show.
2026-09-10 07:57:26,973 INFO o.a.j.e.StandardJMeterEngine: Thread will continue on error
2026-09-10 07:57:26,973 INFO o.a.j.t.ThreadGroup: Starting thread group... number=1 threads=100 ramp-up=0 delayedStart=false
2026-09-10 07:57:26,979 INFO o.a.j.t.JMeterThread: Thread started: TCC order-show 1-1
2026-09-10 07:57:26,979 INFO o.a.j.t.JMeterThread: Thread started: TCC order-show 1-3
2026-09-10 07:57:26,979 INFO o.a.j.t.JMeterThread: Thread started: TCC order-show 1-2
2026-09-10 07:57:26,979 INFO o.a.j.t.JMeterThread: Thread started: TCC order-show 1-4
2026-09-10 07:57:26,979 INFO o.a.j.t.JMeterThread: Thread started: TCC order-show 1-5
2026-09-10 07:57:26,980 INFO o.a.j.t.JMeterThread: Thread started: TCC order-show 1-6
2026-09-10 07:57:26,981 INFO o.a.j.t.JMeterThread: Thread started: TCC order-show 1-7
2026-09-10 07:57:26,981 INFO o.a.j.t.JMeterThread: Thread started: TCC order-show 1-8
2026-09-10 07:57:26,982 INFO o.a.j.t.JMeterThread: Thread started: TCC order-show 1-9
2026-09-10 07:57:26,982 INFO o.a.j.t.JMeterThread: Thread started: TCC order-show 1-10
2026-09-10 07:57:26,983 INFO o.a.j.t.JMeterThread: Thread started: TCC order-show 1-11
2026-09-10 07:57:26,984 INFO o.a.j.t.JMeterThread: Thread started: TCC order-show 1-12
2026-09-10 07:57:26,985 INFO o.a.j.t.JMeterThread: Thread started: TCC order-show 1-13
2026-09-10 07:57:26,985 INFO o.a.j.t.JMeterThread: Thread started: TCC order-show 1-14
2026-09-10 07:57:26,986 INFO o.a.j.t.JMeterThread: Thread started: TCC order-show 1-15
2026-09-10 07:57:26,987 INFO o.a.j.t.JMeterThread: Thread started: TCC order-show 1-16
2026-09-10 07:57:26,988 INFO o.a.j.t.JMeterThread: Thread started: TCC order-show 1-17
2026-09-10 07:57:26,988 INFO o.a.j.t.JMeterThread: Thread started: TCC order-show 1-18
2026-09-10 07:57:26,989 INFO o.a.j.t.JMeterThread: Thread started: TCC order-show 1-19
2026-09-10 07:57:26,990 INFO o.a.j.t.JMeterThread: Thread started: TCC order-show 1-20
2026-09-10 07:57:26,990 INFO o.a.j.t.JMeterThread: Thread started: TCC order-show 1-21
2026-09-10 07:57:26,991 INFO o.a.j.t.JMeterThread: Thread started: TCC order-show 1-22
2026-09-10 07:57:26,991 INFO o.a.j.t.JMeterThread: Thread started: TCC order-show 1-23
2026-09-10 07:57:26,992 INFO o.a.j.t.JMeterThread: Thread started: TCC order-show 1-24
2026-09-10 07:57:26,992 INFO o.a.j.t.JMeterThread: Thread started: TCC order-show 1-25
2026-09-10 07:57:26,993 INFO o.a.j.t.JMeterThread: Thread started: TCC order-show 1-26
2026-09-10 07:57:26,993 INFO o.a.j.t.JMeterThread: Thread started: TCC order-show 1-27
2026-09-10 07:57:26,993 INFO o.a.j.t.JMeterThread: Thread started: TCC order-show 1-28
2026-09-10 07:57:26,994 INFO o.a.j.t.JMeterThread: Thread started: TCC order-show 1-29
2026-09-10 07:57:26,995 INFO o.a.j.t.JMeterThread: Thread started: TCC order-show 1-30
2026-09-10 07:57:26,995 INFO o.a.j.t.JMeterThread: Thread started: TCC order-show 1-31
2026-09-10 07:57:26,995 INFO o.a.j.t.JMeterThread: Thread started: TCC order-show 1-32
2026-09-10 07:57:26,996 INFO o.a.j.t.JMeterThread: Thread started: TCC order-show 1-33
2026-09-10 07:57:26,996 INFO o.a.j.t.JMeterThread: Thread started: TCC order-show 1-34
2026-09-10 07:57:26,996 INFO o.a.j.t.JMeterThread: Thread started: TCC order-show 1-35
2026-09-10 07:57:26,997 INFO o.a.j.t.JMeterThread: Thread started: TCC order-show 1-36
2026-09-10 07:57:26,997 INFO o.a.j.t.JMeterThread: Thread started: TCC order-show 1-37
2026-09-10 07:57:26,998 INFO o.a.j.t.JMeterThread: Thread started: TCC order-show 1-38
2026-09-10 07:57:26,998 INFO o.a.j.t.JMeterThread: Thread started: TCC order-show 1-39
2026-09-10 07:57:26,998 INFO o.a.j.t.JMeterThread: Thread started: TCC order-show 1-40
2026-09-10 07:57:26,999 INFO o.a.j.t.JMeterThread: Thread started: TCC order-show 1-41
2026-09-10 07:57:26,999 INFO o.a.j.t.JMeterThread: Thread started: TCC order-show 1-42
2026-09-10 07:57:26,999 INFO o.a.j.t.JMeterThread: Thread started: TCC order-show 1-43
2026-09-10 07:57:27,000 INFO o.a.j.t.JMeterThread: Thread started: TCC order-show 1-44
2026-09-10 07:57:27,000 INFO o.a.j.t.JMeterThread: Thread started: TCC order-show 1-45
2026-09-10 07:57:27,000 INFO o.a.j.t.JMeterThread: Thread started: TCC order-show 1-46
2026-09-10 07:57:27,001 INFO o.a.j.t.JMeterThread: Thread started: TCC order-show 1-47
2026-09-10 07:57:27,001 INFO o.a.j.t.JMeterThread: Thread started: TCC order-show 1-48
2026-09-10 07:57:27,001 INFO o.a.j.t.JMeterThread: Thread started: TCC order-show 1-49
2026-09-10 07:57:27,002 INFO o.a.j.t.JMeterThread: Thread started: TCC order-show 1-50
2026-09-10 07:57:27,002 INFO o.a.j.t.JMeterThread: Thread started: TCC order-show 1-51
2026-09-10 07:57:27,003 INFO o.a.j.t.JMeterThread: Thread started: TCC order-show 1-52
2026-09-10 07:57:27,004 INFO o.a.j.t.JMeterThread: Thread started: TCC order-show 1-53
2026-09-10 07:57:27,004 INFO o.a.j.t.JMeterThread: Thread started: TCC order-show 1-54
2026-09-10 07:57:27,004 INFO o.a.j.t.JMeterThread: Thread started: TCC order-show 1-55
2026-09-10 07:57:27,004 INFO o.a.j.t.JMeterThread: Thread started: TCC order-show 1-56
2026-09-10 07:57:27,005 INFO o.a.j.t.JMeterThread: Thread started: TCC order-show 1-57
2026-09-10 07:57:27,005 INFO o.a.j.t.JMeterThread: Thread started: TCC order-show 1-58
2026-09-10 07:57:27,005 INFO o.a.j.t.JMeterThread: Thread started: TCC order-show 1-59
2026-09-10 07:57:27,006 INFO o.a.j.t.JMeterThread: Thread started: TCC order-show 1-60
2026-09-10 07:57:27,006 INFO o.a.j.p.h.s.HTTPHCAbstractImpl: Local host = pop-os
2026-09-10 07:57:27,006 INFO o.a.j.t.JMeterThread: Thread started: TCC order-show 1-61
2026-09-10 07:57:27,007 INFO o.a.j.t.JMeterThread: Thread started: TCC order-show 1-62
2026-09-10 07:57:27,007 INFO o.a.j.t.JMeterThread: Thread started: TCC order-show 1-63
2026-09-10 07:57:27,008 INFO o.a.j.t.JMeterThread: Thread started: TCC order-show 1-64
2026-09-10 07:57:27,008 INFO o.a.j.t.JMeterThread: Thread started: TCC order-show 1-65
2026-09-10 07:57:27,009 INFO o.a.j.t.JMeterThread: Thread started: TCC order-show 1-66
2026-09-10 07:57:27,009 INFO o.a.j.t.JMeterThread: Thread started: TCC order-show 1-67
2026-09-10 07:57:27,009 INFO o.a.j.t.JMeterThread: Thread started: TCC order-show 1-68
2026-09-10 07:57:27,010 INFO o.a.j.t.JMeterThread: Thread started: TCC order-show 1-69
2026-09-10 07:57:27,010 INFO o.a.j.t.JMeterThread: Thread started: TCC order-show 1-70
2026-09-10 07:57:27,010 INFO o.a.j.t.JMeterThread: Thread started: TCC order-show 1-71
2026-09-10 07:57:27,010 INFO o.a.j.t.JMeterThread: Thread started: TCC order-show 1-72
2026-09-10 07:57:27,011 INFO o.a.j.t.JMeterThread: Thread started: TCC order-show 1-73
2026-09-10 07:57:27,011 INFO o.a.j.t.JMeterThread: Thread started: TCC order-show 1-74
2026-09-10 07:57:27,011 INFO o.a.j.t.JMeterThread: Thread started: TCC order-show 1-75
2026-09-10 07:57:27,012 INFO o.a.j.t.JMeterThread: Thread started: TCC order-show 1-76
2026-09-10 07:57:27,012 INFO o.a.j.t.JMeterThread: Thread started: TCC order-show 1-77
2026-09-10 07:57:27,012 INFO o.a.j.t.JMeterThread: Thread started: TCC order-show 1-78
2026-09-10 07:57:27,013 INFO o.a.j.t.JMeterThread: Thread started: TCC order-show 1-79
2026-09-10 07:57:27,013 INFO o.a.j.t.JMeterThread: Thread started: TCC order-show 1-80
2026-09-10 07:57:27,014 INFO o.a.j.t.JMeterThread: Thread started: TCC order-show 1-81
2026-09-10 07:57:27,014 INFO o.a.j.t.JMeterThread: Thread started: TCC order-show 1-82
2026-09-10 07:57:27,014 INFO o.a.j.t.JMeterThread: Thread started: TCC order-show 1-83
2026-09-10 07:57:27,014 INFO o.a.j.t.JMeterThread: Thread started: TCC order-show 1-84
2026-09-10 07:57:27,015 INFO o.a.j.t.JMeterThread: Thread started: TCC order-show 1-85
2026-09-10 07:57:27,015 INFO o.a.j.t.JMeterThread: Thread started: TCC order-show 1-86
2026-09-10 07:57:27,015 INFO o.a.j.t.JMeterThread: Thread started: TCC order-show 1-87
2026-09-10 07:57:27,015 INFO o.a.j.t.JMeterThread: Thread started: TCC order-show 1-88
2026-09-10 07:57:27,016 INFO o.a.j.t.JMeterThread: Thread started: TCC order-show 1-89
2026-09-10 07:57:27,016 INFO o.a.j.t.JMeterThread: Thread started: TCC order-show 1-90
2026-09-10 07:57:27,016 INFO o.a.j.t.JMeterThread: Thread started: TCC order-show 1-91
2026-09-10 07:57:27,017 INFO o.a.j.t.JMeterThread: Thread started: TCC order-show 1-92
2026-09-10 07:57:27,017 INFO o.a.j.t.JMeterThread: Thread started: TCC order-show 1-93
2026-09-10 07:57:27,017 INFO o.a.j.t.JMeterThread: Thread started: TCC order-show 1-94
2026-09-10 07:57:27,018 INFO o.a.j.t.JMeterThread: Thread started: TCC order-show 1-95
2026-09-10 07:57:27,018 INFO o.a.j.t.JMeterThread: Thread started: TCC order-show 1-96
2026-09-10 07:57:27,018 INFO o.a.j.t.JMeterThread: Thread started: TCC order-show 1-97
2026-09-10 07:57:27,018 INFO o.a.j.p.h.s.HTTPHC4Impl: HTTP request retry count = 0
2026-09-10 07:57:27,019 INFO o.a.j.t.JMeterThread: Thread started: TCC order-show 1-98
2026-09-10 07:57:27,019 INFO o.a.j.t.JMeterThread: Thread started: TCC order-show 1-99
2026-09-10 07:57:27,019 INFO o.a.j.t.ThreadGroup: Started thread group number 1
2026-09-10 07:57:27,019 INFO o.a.j.e.StandardJMeterEngine: All thread groups have been started
2026-09-10 07:57:27,019 INFO o.a.j.t.JMeterThread: Thread started: TCC order-show 1-100
2026-09-10 07:57:27,020 INFO o.a.j.s.SampleResult: Note: Sample TimeStamps are START times
2026-09-10 07:57:27,020 INFO o.a.j.s.SampleResult: sampleresult.default.encoding is set to UTF-8
2026-09-10 07:57:27,020 INFO o.a.j.s.SampleResult: sampleresult.useNanoTime=true
2026-09-10 07:57:27,020 INFO o.a.j.s.SampleResult: sampleresult.nanoThreadSleep=5000
2026-09-10 07:57:30,020 INFO o.a.j.r.Summariser: summary +    227 in 00:00:03 =   74.0/s Avg:   927 Min:    81 Max:  1502 Err:     0 (0.00%) Active: 100 Started: 100 Finished: 0
2026-09-10 07:58:00,021 INFO o.a.j.r.Summariser: summary +   2731 in 00:00:30 =   91.0/s Avg:  1098 Min:  1062 Max:  1148 Err:     0 (0.00%) Active: 100 Started: 100 Finished: 0
2026-09-10 07:58:00,021 INFO o.a.j.r.Summariser: summary =   2958 in 00:00:33 =   89.4/s Avg:  1085 Min:    81 Max:  1502 Err:     0 (0.00%)
2026-09-10 07:58:30,013 INFO o.a.j.r.Summariser: summary +   2756 in 00:00:30 =   91.9/s Avg:  1087 Min:  1047 Max:  1178 Err:     0 (0.00%) Active: 100 Started: 100 Finished: 0
2026-09-10 07:58:30,013 INFO o.a.j.r.Summariser: summary =   5714 in 00:01:03 =   90.6/s Avg:  1086 Min:    81 Max:  1502 Err:     0 (0.00%)
2026-09-10 07:59:00,015 INFO o.a.j.r.Summariser: summary +   2768 in 00:00:30 =   92.3/s Avg:  1083 Min:  1020 Max:  1161 Err:     0 (0.00%) Active: 100 Started: 100 Finished: 0
2026-09-10 07:59:00,015 INFO o.a.j.r.Summariser: summary =   8482 in 00:01:33 =   91.1/s Avg:  1085 Min:    81 Max:  1502 Err:     0 (0.00%)
2026-09-10 07:59:26,993 INFO o.a.j.t.JMeterThread: Stopping because end time detected by thread: TCC order-show 1-25
2026-09-10 07:59:26,993 INFO o.a.j.t.JMeterThread: Thread finished: TCC order-show 1-25
2026-09-10 07:59:27,012 INFO o.a.j.t.JMeterThread: Stopping because end time detected by thread: TCC order-show 1-39
2026-09-10 07:59:27,012 INFO o.a.j.t.JMeterThread: Thread finished: TCC order-show 1-39
2026-09-10 07:59:27,023 INFO o.a.j.t.JMeterThread: Stopping because end time detected by thread: TCC order-show 1-42
2026-09-10 07:59:27,023 INFO o.a.j.t.JMeterThread: Thread finished: TCC order-show 1-42
2026-09-10 07:59:27,034 INFO o.a.j.t.JMeterThread: Stopping because end time detected by thread: TCC order-show 1-29
2026-09-10 07:59:27,034 INFO o.a.j.t.JMeterThread: Thread finished: TCC order-show 1-29
2026-09-10 07:59:27,045 INFO o.a.j.t.JMeterThread: Stopping because end time detected by thread: TCC order-show 1-96
2026-09-10 07:59:27,045 INFO o.a.j.t.JMeterThread: Thread finished: TCC order-show 1-96
2026-09-10 07:59:27,056 INFO o.a.j.t.JMeterThread: Stopping because end time detected by thread: TCC order-show 1-73
2026-09-10 07:59:27,056 INFO o.a.j.t.JMeterThread: Thread finished: TCC order-show 1-73
2026-09-10 07:59:27,068 INFO o.a.j.t.JMeterThread: Stopping because end time detected by thread: TCC order-show 1-34
2026-09-10 07:59:27,068 INFO o.a.j.t.JMeterThread: Thread finished: TCC order-show 1-34
2026-09-10 07:59:27,079 INFO o.a.j.t.JMeterThread: Stopping because end time detected by thread: TCC order-show 1-88
2026-09-10 07:59:27,080 INFO o.a.j.t.JMeterThread: Thread finished: TCC order-show 1-88
2026-09-10 07:59:27,090 INFO o.a.j.t.JMeterThread: Stopping because end time detected by thread: TCC order-show 1-31
2026-09-10 07:59:27,090 INFO o.a.j.t.JMeterThread: Thread finished: TCC order-show 1-31
2026-09-10 07:59:27,100 INFO o.a.j.t.JMeterThread: Stopping because end time detected by thread: TCC order-show 1-100
2026-09-10 07:59:27,101 INFO o.a.j.t.JMeterThread: Thread finished: TCC order-show 1-100
2026-09-10 07:59:27,111 INFO o.a.j.t.JMeterThread: Stopping because end time detected by thread: TCC order-show 1-55
2026-09-10 07:59:27,111 INFO o.a.j.t.JMeterThread: Thread finished: TCC order-show 1-55
2026-09-10 07:59:27,122 INFO o.a.j.t.JMeterThread: Stopping because end time detected by thread: TCC order-show 1-54
2026-09-10 07:59:27,122 INFO o.a.j.t.JMeterThread: Thread finished: TCC order-show 1-54
2026-09-10 07:59:27,132 INFO o.a.j.t.JMeterThread: Stopping because end time detected by thread: TCC order-show 1-81
2026-09-10 07:59:27,133 INFO o.a.j.t.JMeterThread: Thread finished: TCC order-show 1-81
2026-09-10 07:59:27,143 INFO o.a.j.t.JMeterThread: Stopping because end time detected by thread: TCC order-show 1-13
2026-09-10 07:59:27,144 INFO o.a.j.t.JMeterThread: Thread finished: TCC order-show 1-13
2026-09-10 07:59:27,154 INFO o.a.j.t.JMeterThread: Stopping because end time detected by thread: TCC order-show 1-53
2026-09-10 07:59:27,154 INFO o.a.j.t.JMeterThread: Thread finished: TCC order-show 1-53
2026-09-10 07:59:27,165 INFO o.a.j.t.JMeterThread: Stopping because end time detected by thread: TCC order-show 1-50
2026-09-10 07:59:27,165 INFO o.a.j.t.JMeterThread: Thread finished: TCC order-show 1-50
2026-09-10 07:59:27,176 INFO o.a.j.t.JMeterThread: Stopping because end time detected by thread: TCC order-show 1-60
2026-09-10 07:59:27,176 INFO o.a.j.t.JMeterThread: Thread finished: TCC order-show 1-60
2026-09-10 07:59:27,187 INFO o.a.j.t.JMeterThread: Stopping because end time detected by thread: TCC order-show 1-74
2026-09-10 07:59:27,187 INFO o.a.j.t.JMeterThread: Thread finished: TCC order-show 1-74
2026-09-10 07:59:27,198 INFO o.a.j.t.JMeterThread: Stopping because end time detected by thread: TCC order-show 1-86
2026-09-10 07:59:27,198 INFO o.a.j.t.JMeterThread: Thread finished: TCC order-show 1-86
2026-09-10 07:59:27,209 INFO o.a.j.t.JMeterThread: Stopping because end time detected by thread: TCC order-show 1-12
2026-09-10 07:59:27,209 INFO o.a.j.t.JMeterThread: Thread finished: TCC order-show 1-12
2026-09-10 07:59:27,221 INFO o.a.j.t.JMeterThread: Stopping because end time detected by thread: TCC order-show 1-80
2026-09-10 07:59:27,221 INFO o.a.j.t.JMeterThread: Thread finished: TCC order-show 1-80
2026-09-10 07:59:27,231 INFO o.a.j.t.JMeterThread: Stopping because end time detected by thread: TCC order-show 1-2
2026-09-10 07:59:27,231 INFO o.a.j.t.JMeterThread: Thread finished: TCC order-show 1-2
2026-09-10 07:59:27,242 INFO o.a.j.t.JMeterThread: Stopping because end time detected by thread: TCC order-show 1-57
2026-09-10 07:59:27,242 INFO o.a.j.t.JMeterThread: Thread finished: TCC order-show 1-57
2026-09-10 07:59:27,252 INFO o.a.j.t.JMeterThread: Stopping because end time detected by thread: TCC order-show 1-28
2026-09-10 07:59:27,253 INFO o.a.j.t.JMeterThread: Thread finished: TCC order-show 1-28
2026-09-10 07:59:27,264 INFO o.a.j.t.JMeterThread: Stopping because end time detected by thread: TCC order-show 1-33
2026-09-10 07:59:27,264 INFO o.a.j.t.JMeterThread: Thread finished: TCC order-show 1-33
2026-09-10 07:59:27,275 INFO o.a.j.t.JMeterThread: Stopping because end time detected by thread: TCC order-show 1-19
2026-09-10 07:59:27,275 INFO o.a.j.t.JMeterThread: Thread finished: TCC order-show 1-19
2026-09-10 07:59:27,286 INFO o.a.j.t.JMeterThread: Stopping because end time detected by thread: TCC order-show 1-16
2026-09-10 07:59:27,286 INFO o.a.j.t.JMeterThread: Thread finished: TCC order-show 1-16
2026-09-10 07:59:27,297 INFO o.a.j.t.JMeterThread: Stopping because end time detected by thread: TCC order-show 1-79
2026-09-10 07:59:27,297 INFO o.a.j.t.JMeterThread: Thread finished: TCC order-show 1-79
2026-09-10 07:59:27,309 INFO o.a.j.t.JMeterThread: Stopping because end time detected by thread: TCC order-show 1-47
2026-09-10 07:59:27,309 INFO o.a.j.t.JMeterThread: Thread finished: TCC order-show 1-47
2026-09-10 07:59:27,320 INFO o.a.j.t.JMeterThread: Stopping because end time detected by thread: TCC order-show 1-76
2026-09-10 07:59:27,320 INFO o.a.j.t.JMeterThread: Thread finished: TCC order-show 1-76
2026-09-10 07:59:27,331 INFO o.a.j.t.JMeterThread: Stopping because end time detected by thread: TCC order-show 1-7
2026-09-10 07:59:27,331 INFO o.a.j.t.JMeterThread: Thread finished: TCC order-show 1-7
2026-09-10 07:59:27,342 INFO o.a.j.t.JMeterThread: Stopping because end time detected by thread: TCC order-show 1-93
2026-09-10 07:59:27,343 INFO o.a.j.t.JMeterThread: Thread finished: TCC order-show 1-93
2026-09-10 07:59:27,354 INFO o.a.j.t.JMeterThread: Stopping because end time detected by thread: TCC order-show 1-43
2026-09-10 07:59:27,354 INFO o.a.j.t.JMeterThread: Thread finished: TCC order-show 1-43
2026-09-10 07:59:27,366 INFO o.a.j.t.JMeterThread: Stopping because end time detected by thread: TCC order-show 1-36
2026-09-10 07:59:27,366 INFO o.a.j.t.JMeterThread: Thread finished: TCC order-show 1-36
2026-09-10 07:59:27,377 INFO o.a.j.t.JMeterThread: Stopping because end time detected by thread: TCC order-show 1-38
2026-09-10 07:59:27,377 INFO o.a.j.t.JMeterThread: Thread finished: TCC order-show 1-38
2026-09-10 07:59:27,388 INFO o.a.j.t.JMeterThread: Stopping because end time detected by thread: TCC order-show 1-15
2026-09-10 07:59:27,388 INFO o.a.j.t.JMeterThread: Thread finished: TCC order-show 1-15
2026-09-10 07:59:27,399 INFO o.a.j.t.JMeterThread: Stopping because end time detected by thread: TCC order-show 1-77
2026-09-10 07:59:27,400 INFO o.a.j.t.JMeterThread: Thread finished: TCC order-show 1-77
2026-09-10 07:59:27,411 INFO o.a.j.t.JMeterThread: Stopping because end time detected by thread: TCC order-show 1-8
2026-09-10 07:59:27,411 INFO o.a.j.t.JMeterThread: Thread finished: TCC order-show 1-8
2026-09-10 07:59:27,423 INFO o.a.j.t.JMeterThread: Stopping because end time detected by thread: TCC order-show 1-18
2026-09-10 07:59:27,423 INFO o.a.j.t.JMeterThread: Thread finished: TCC order-show 1-18
2026-09-10 07:59:27,434 INFO o.a.j.t.JMeterThread: Stopping because end time detected by thread: TCC order-show 1-78
2026-09-10 07:59:27,434 INFO o.a.j.t.JMeterThread: Thread finished: TCC order-show 1-78
2026-09-10 07:59:27,446 INFO o.a.j.t.JMeterThread: Stopping because end time detected by thread: TCC order-show 1-71
2026-09-10 07:59:27,446 INFO o.a.j.t.JMeterThread: Thread finished: TCC order-show 1-71
2026-09-10 07:59:27,457 INFO o.a.j.t.JMeterThread: Stopping because end time detected by thread: TCC order-show 1-10
2026-09-10 07:59:27,457 INFO o.a.j.t.JMeterThread: Thread finished: TCC order-show 1-10
2026-09-10 07:59:27,468 INFO o.a.j.t.JMeterThread: Stopping because end time detected by thread: TCC order-show 1-90
2026-09-10 07:59:27,468 INFO o.a.j.t.JMeterThread: Thread finished: TCC order-show 1-90
2026-09-10 07:59:27,479 INFO o.a.j.t.JMeterThread: Stopping because end time detected by thread: TCC order-show 1-98
2026-09-10 07:59:27,479 INFO o.a.j.t.JMeterThread: Thread finished: TCC order-show 1-98
2026-09-10 07:59:27,490 INFO o.a.j.t.JMeterThread: Stopping because end time detected by thread: TCC order-show 1-83
2026-09-10 07:59:27,490 INFO o.a.j.t.JMeterThread: Thread finished: TCC order-show 1-83
2026-09-10 07:59:27,501 INFO o.a.j.t.JMeterThread: Stopping because end time detected by thread: TCC order-show 1-11
2026-09-10 07:59:27,501 INFO o.a.j.t.JMeterThread: Thread finished: TCC order-show 1-11
2026-09-10 07:59:27,511 INFO o.a.j.t.JMeterThread: Stopping because end time detected by thread: TCC order-show 1-52
2026-09-10 07:59:27,511 INFO o.a.j.t.JMeterThread: Thread finished: TCC order-show 1-52
2026-09-10 07:59:27,522 INFO o.a.j.t.JMeterThread: Stopping because end time detected by thread: TCC order-show 1-5
2026-09-10 07:59:27,522 INFO o.a.j.t.JMeterThread: Thread finished: TCC order-show 1-5
2026-09-10 07:59:27,533 INFO o.a.j.t.JMeterThread: Stopping because end time detected by thread: TCC order-show 1-99
2026-09-10 07:59:27,533 INFO o.a.j.t.JMeterThread: Thread finished: TCC order-show 1-99
2026-09-10 07:59:27,543 INFO o.a.j.t.JMeterThread: Stopping because end time detected by thread: TCC order-show 1-40
2026-09-10 07:59:27,543 INFO o.a.j.t.JMeterThread: Thread finished: TCC order-show 1-40
2026-09-10 07:59:27,554 INFO o.a.j.t.JMeterThread: Stopping because end time detected by thread: TCC order-show 1-14
2026-09-10 07:59:27,554 INFO o.a.j.t.JMeterThread: Thread finished: TCC order-show 1-14
2026-09-10 07:59:27,565 INFO o.a.j.t.JMeterThread: Stopping because end time detected by thread: TCC order-show 1-82
2026-09-10 07:59:27,566 INFO o.a.j.t.JMeterThread: Thread finished: TCC order-show 1-82
2026-09-10 07:59:27,578 INFO o.a.j.t.JMeterThread: Stopping because end time detected by thread: TCC order-show 1-4
2026-09-10 07:59:27,578 INFO o.a.j.t.JMeterThread: Thread finished: TCC order-show 1-4
2026-09-10 07:59:27,588 INFO o.a.j.t.JMeterThread: Stopping because end time detected by thread: TCC order-show 1-84
2026-09-10 07:59:27,588 INFO o.a.j.t.JMeterThread: Thread finished: TCC order-show 1-84
2026-09-10 07:59:27,598 INFO o.a.j.t.JMeterThread: Stopping because end time detected by thread: TCC order-show 1-69
2026-09-10 07:59:27,598 INFO o.a.j.t.JMeterThread: Thread finished: TCC order-show 1-69
2026-09-10 07:59:27,608 INFO o.a.j.t.JMeterThread: Stopping because end time detected by thread: TCC order-show 1-63
2026-09-10 07:59:27,608 INFO o.a.j.t.JMeterThread: Thread finished: TCC order-show 1-63
2026-09-10 07:59:27,618 INFO o.a.j.t.JMeterThread: Stopping because end time detected by thread: TCC order-show 1-62
2026-09-10 07:59:27,618 INFO o.a.j.t.JMeterThread: Thread finished: TCC order-show 1-62
2026-09-10 07:59:27,628 INFO o.a.j.t.JMeterThread: Stopping because end time detected by thread: TCC order-show 1-35
2026-09-10 07:59:27,628 INFO o.a.j.t.JMeterThread: Thread finished: TCC order-show 1-35
2026-09-10 07:59:27,638 INFO o.a.j.t.JMeterThread: Stopping because end time detected by thread: TCC order-show 1-65
2026-09-10 07:59:27,638 INFO o.a.j.t.JMeterThread: Thread finished: TCC order-show 1-65
2026-09-10 07:59:27,648 INFO o.a.j.t.JMeterThread: Stopping because end time detected by thread: TCC order-show 1-85
2026-09-10 07:59:27,648 INFO o.a.j.t.JMeterThread: Thread finished: TCC order-show 1-85
2026-09-10 07:59:27,658 INFO o.a.j.t.JMeterThread: Stopping because end time detected by thread: TCC order-show 1-37
2026-09-10 07:59:27,658 INFO o.a.j.t.JMeterThread: Thread finished: TCC order-show 1-37
2026-09-10 07:59:27,668 INFO o.a.j.t.JMeterThread: Stopping because end time detected by thread: TCC order-show 1-32
2026-09-10 07:59:27,668 INFO o.a.j.t.JMeterThread: Thread finished: TCC order-show 1-32
2026-09-10 07:59:27,678 INFO o.a.j.t.JMeterThread: Stopping because end time detected by thread: TCC order-show 1-51
2026-09-10 07:59:27,678 INFO o.a.j.t.JMeterThread: Thread finished: TCC order-show 1-51
2026-09-10 07:59:27,688 INFO o.a.j.t.JMeterThread: Stopping because end time detected by thread: TCC order-show 1-58
2026-09-10 07:59:27,688 INFO o.a.j.t.JMeterThread: Thread finished: TCC order-show 1-58
2026-09-10 07:59:27,698 INFO o.a.j.t.JMeterThread: Stopping because end time detected by thread: TCC order-show 1-61
2026-09-10 07:59:27,698 INFO o.a.j.t.JMeterThread: Thread finished: TCC order-show 1-61
2026-09-10 07:59:27,708 INFO o.a.j.t.JMeterThread: Stopping because end time detected by thread: TCC order-show 1-66
2026-09-10 07:59:27,708 INFO o.a.j.t.JMeterThread: Thread finished: TCC order-show 1-66
2026-09-10 07:59:27,719 INFO o.a.j.t.JMeterThread: Stopping because end time detected by thread: TCC order-show 1-27
2026-09-10 07:59:27,719 INFO o.a.j.t.JMeterThread: Thread finished: TCC order-show 1-27
2026-09-10 07:59:27,729 INFO o.a.j.t.JMeterThread: Stopping because end time detected by thread: TCC order-show 1-23
2026-09-10 07:59:27,729 INFO o.a.j.t.JMeterThread: Thread finished: TCC order-show 1-23
2026-09-10 07:59:27,740 INFO o.a.j.t.JMeterThread: Stopping because end time detected by thread: TCC order-show 1-64
2026-09-10 07:59:27,740 INFO o.a.j.t.JMeterThread: Thread finished: TCC order-show 1-64
2026-09-10 07:59:27,750 INFO o.a.j.t.JMeterThread: Stopping because end time detected by thread: TCC order-show 1-59
2026-09-10 07:59:27,750 INFO o.a.j.t.JMeterThread: Thread finished: TCC order-show 1-59
2026-09-10 07:59:27,761 INFO o.a.j.t.JMeterThread: Stopping because end time detected by thread: TCC order-show 1-17
2026-09-10 07:59:27,761 INFO o.a.j.t.JMeterThread: Thread finished: TCC order-show 1-17
2026-09-10 07:59:27,771 INFO o.a.j.t.JMeterThread: Stopping because end time detected by thread: TCC order-show 1-24
2026-09-10 07:59:27,772 INFO o.a.j.t.JMeterThread: Thread finished: TCC order-show 1-24
2026-09-10 07:59:27,782 INFO o.a.j.t.JMeterThread: Stopping because end time detected by thread: TCC order-show 1-49
2026-09-10 07:59:27,782 INFO o.a.j.t.JMeterThread: Thread finished: TCC order-show 1-49
2026-09-10 07:59:27,792 INFO o.a.j.t.JMeterThread: Stopping because end time detected by thread: TCC order-show 1-68
2026-09-10 07:59:27,793 INFO o.a.j.t.JMeterThread: Thread finished: TCC order-show 1-68
2026-09-10 07:59:27,803 INFO o.a.j.t.JMeterThread: Stopping because end time detected by thread: TCC order-show 1-3
2026-09-10 07:59:27,804 INFO o.a.j.t.JMeterThread: Thread finished: TCC order-show 1-3
2026-09-10 07:59:27,814 INFO o.a.j.t.JMeterThread: Stopping because end time detected by thread: TCC order-show 1-92
2026-09-10 07:59:27,814 INFO o.a.j.t.JMeterThread: Thread finished: TCC order-show 1-92
2026-09-10 07:59:27,825 INFO o.a.j.t.JMeterThread: Stopping because end time detected by thread: TCC order-show 1-41
2026-09-10 07:59:27,825 INFO o.a.j.t.JMeterThread: Thread finished: TCC order-show 1-41
2026-09-10 07:59:27,835 INFO o.a.j.t.JMeterThread: Stopping because end time detected by thread: TCC order-show 1-75
2026-09-10 07:59:27,835 INFO o.a.j.t.JMeterThread: Thread finished: TCC order-show 1-75
2026-09-10 07:59:27,846 INFO o.a.j.t.JMeterThread: Stopping because end time detected by thread: TCC order-show 1-45
2026-09-10 07:59:27,846 INFO o.a.j.t.JMeterThread: Thread finished: TCC order-show 1-45
2026-09-10 07:59:27,857 INFO o.a.j.t.JMeterThread: Stopping because end time detected by thread: TCC order-show 1-20
2026-09-10 07:59:27,857 INFO o.a.j.t.JMeterThread: Thread finished: TCC order-show 1-20
2026-09-10 07:59:27,867 INFO o.a.j.t.JMeterThread: Stopping because end time detected by thread: TCC order-show 1-30
2026-09-10 07:59:27,867 INFO o.a.j.t.JMeterThread: Thread finished: TCC order-show 1-30
2026-09-10 07:59:27,878 INFO o.a.j.t.JMeterThread: Stopping because end time detected by thread: TCC order-show 1-91
2026-09-10 07:59:27,878 INFO o.a.j.t.JMeterThread: Thread finished: TCC order-show 1-91
2026-09-10 07:59:27,889 INFO o.a.j.t.JMeterThread: Stopping because end time detected by thread: TCC order-show 1-95
2026-09-10 07:59:27,889 INFO o.a.j.t.JMeterThread: Thread finished: TCC order-show 1-95
2026-09-10 07:59:27,899 INFO o.a.j.t.JMeterThread: Stopping because end time detected by thread: TCC order-show 1-46
2026-09-10 07:59:27,899 INFO o.a.j.t.JMeterThread: Thread finished: TCC order-show 1-46
2026-09-10 07:59:27,910 INFO o.a.j.t.JMeterThread: Stopping because end time detected by thread: TCC order-show 1-70
2026-09-10 07:59:27,910 INFO o.a.j.t.JMeterThread: Thread finished: TCC order-show 1-70
2026-09-10 07:59:27,920 INFO o.a.j.t.JMeterThread: Stopping because end time detected by thread: TCC order-show 1-44
2026-09-10 07:59:27,921 INFO o.a.j.t.JMeterThread: Thread finished: TCC order-show 1-44
2026-09-10 07:59:27,931 INFO o.a.j.t.JMeterThread: Stopping because end time detected by thread: TCC order-show 1-26
2026-09-10 07:59:27,931 INFO o.a.j.t.JMeterThread: Thread finished: TCC order-show 1-26
2026-09-10 07:59:27,941 INFO o.a.j.t.JMeterThread: Stopping because end time detected by thread: TCC order-show 1-6
2026-09-10 07:59:27,942 INFO o.a.j.t.JMeterThread: Thread finished: TCC order-show 1-6
2026-09-10 07:59:27,952 INFO o.a.j.t.JMeterThread: Stopping because end time detected by thread: TCC order-show 1-94
2026-09-10 07:59:27,952 INFO o.a.j.t.JMeterThread: Thread finished: TCC order-show 1-94
2026-09-10 07:59:27,963 INFO o.a.j.t.JMeterThread: Stopping because end time detected by thread: TCC order-show 1-9
2026-09-10 07:59:27,963 INFO o.a.j.t.JMeterThread: Thread finished: TCC order-show 1-9
2026-09-10 07:59:27,974 INFO o.a.j.t.JMeterThread: Stopping because end time detected by thread: TCC order-show 1-48
2026-09-10 07:59:27,974 INFO o.a.j.t.JMeterThread: Thread finished: TCC order-show 1-48
2026-09-10 07:59:27,984 INFO o.a.j.t.JMeterThread: Stopping because end time detected by thread: TCC order-show 1-56
2026-09-10 07:59:27,984 INFO o.a.j.t.JMeterThread: Thread finished: TCC order-show 1-56
2026-09-10 07:59:27,995 INFO o.a.j.t.JMeterThread: Stopping because end time detected by thread: TCC order-show 1-21
2026-09-10 07:59:27,995 INFO o.a.j.t.JMeterThread: Thread finished: TCC order-show 1-21
2026-09-10 07:59:28,014 INFO o.a.j.t.JMeterThread: Stopping because end time detected by thread: TCC order-show 1-22
2026-09-10 07:59:28,014 INFO o.a.j.t.JMeterThread: Thread finished: TCC order-show 1-22
2026-09-10 07:59:28,025 INFO o.a.j.t.JMeterThread: Stopping because end time detected by thread: TCC order-show 1-1
2026-09-10 07:59:28,025 INFO o.a.j.t.JMeterThread: Thread finished: TCC order-show 1-1
2026-09-10 07:59:28,036 INFO o.a.j.t.JMeterThread: Stopping because end time detected by thread: TCC order-show 1-87
2026-09-10 07:59:28,036 INFO o.a.j.t.JMeterThread: Thread finished: TCC order-show 1-87
2026-09-10 07:59:28,047 INFO o.a.j.t.JMeterThread: Stopping because end time detected by thread: TCC order-show 1-72
2026-09-10 07:59:28,047 INFO o.a.j.t.JMeterThread: Thread finished: TCC order-show 1-72
2026-09-10 07:59:28,059 INFO o.a.j.t.JMeterThread: Stopping because end time detected by thread: TCC order-show 1-97
2026-09-10 07:59:28,059 INFO o.a.j.t.JMeterThread: Thread finished: TCC order-show 1-97
2026-09-10 07:59:28,071 INFO o.a.j.t.JMeterThread: Stopping because end time detected by thread: TCC order-show 1-67
2026-09-10 07:59:28,071 INFO o.a.j.t.JMeterThread: Thread finished: TCC order-show 1-67
2026-09-10 07:59:28,083 INFO o.a.j.t.JMeterThread: Stopping because end time detected by thread: TCC order-show 1-89
2026-09-10 07:59:28,083 INFO o.a.j.t.JMeterThread: Thread finished: TCC order-show 1-89
2026-09-10 07:59:28,083 INFO o.a.j.e.StandardJMeterEngine: Notifying test listeners of end of test
2026-09-10 07:59:28,087 INFO o.a.j.r.Summariser: summary +   2603 in 00:00:28 =   92.7/s Avg:  1077 Min:  1024 Max:  1149 Err:     0 (0.00%) Active: 0 Started: 100 Finished: 100
2026-09-10 07:59:28,087 INFO o.a.j.r.Summariser: summary =  11085 in 00:02:01 =   91.5/s Avg:  1083 Min:    81 Max:  1502 Err:     0 (0.00%)
