2026-09-10 07:10:40,234 INFO o.a.j.u.JMeterUtils: Setting Locale to en_EN
2026-09-10 07:10:40,250 INFO o.a.j.JMeter: Loading user properties from: /home/avituo/projects/tcc/tcc-container/.tools/apache-jmeter-5.6.3/bin/user.properties
2026-09-10 07:10:40,251 INFO o.a.j.JMeter: Loading system properties from: /home/avituo/projects/tcc/tcc-container/.tools/apache-jmeter-5.6.3/bin/system.properties
2026-09-10 07:10:40,251 INFO o.a.j.JMeter: Loading additional properties from: /home/avituo/projects/tcc/tcc-container/benchmark/jmeter/benchmark.properties
2026-09-10 07:10:40,251 INFO o.a.j.JMeter: Loading additional properties from: /tmp/tcc-benchmark-auth.LNEqpC/auth.properties
2026-09-10 07:10:40,251 INFO o.a.j.JMeter: Loading additional properties from: /home/avituo/projects/tcc/tcc-container/benchmark/results/laravel-13.20.0/final/order-show/c50/r3/microservices/thread-counters.properties
2026-09-10 07:10:40,251 INFO o.a.j.JMeter: Setting JMeter property: threads=50
2026-09-10 07:10:40,252 INFO o.a.j.JMeter: Setting JMeter property: duration_seconds=120
2026-09-10 07:10:40,252 INFO o.a.j.JMeter: Setting JMeter property: target_host=localhost
2026-09-10 07:10:40,252 INFO o.a.j.JMeter: Setting JMeter property: target_port=18080
2026-09-10 07:10:40,252 INFO o.a.j.JMeter: Setting JMeter property: tcc.order.id=20000000-0000-4000-8000-000000000001
2026-09-10 07:10:40,252 INFO o.a.j.JMeter: Setting JMeter property: repetition=3
2026-09-10 07:10:40,260 INFO o.a.j.JMeter: Copyright (c) 1998-2024 The Apache Software Foundation
2026-09-10 07:10:40,260 INFO o.a.j.JMeter: Version 5.6.3
2026-09-10 07:10:40,260 INFO o.a.j.JMeter: java.version=21.0.11
2026-09-10 07:10:40,260 INFO o.a.j.JMeter: java.vm.name=OpenJDK 64-Bit Server VM
2026-09-10 07:10:40,260 INFO o.a.j.JMeter: os.name=Linux
2026-09-10 07:10:40,260 INFO o.a.j.JMeter: os.arch=amd64
2026-09-10 07:10:40,260 INFO o.a.j.JMeter: os.version=7.0.11-76070011-generic
2026-09-10 07:10:40,260 INFO o.a.j.JMeter: file.encoding=UTF-8
2026-09-10 07:10:40,260 INFO o.a.j.JMeter: java.awt.headless=true
2026-09-10 07:10:40,260 INFO o.a.j.JMeter: Max memory     =1073741824
2026-09-10 07:10:40,260 INFO o.a.j.JMeter: Available Processors =16
2026-09-10 07:10:40,268 INFO o.a.j.JMeter: Default Locale=English (EN)
2026-09-10 07:10:40,268 INFO o.a.j.JMeter: JMeter  Locale=English (EN)
2026-09-10 07:10:40,268 INFO o.a.j.JMeter: JMeterHome=/home/avituo/projects/tcc/tcc-container/.tools/apache-jmeter-5.6.3
2026-09-10 07:10:40,269 INFO o.a.j.JMeter: user.dir  =/home/avituo/projects/tcc/tcc-container
2026-09-10 07:10:40,269 INFO o.a.j.JMeter: PWD       =/home/avituo/projects/tcc/tcc-container
2026-09-10 07:10:40,280 INFO o.a.j.JMeter: IP: 192.168.1.16 Name: pop-os FullName: pop-os.home
2026-09-10 07:10:40,291 INFO o.a.j.s.FileServer: Default base='/home/avituo/projects/tcc/tcc-container'
2026-09-10 07:10:40,293 INFO o.a.j.s.FileServer: Set new base='/home/avituo/projects/tcc/tcc-container/benchmark/jmeter'
2026-09-10 07:10:40,494 INFO o.a.j.s.SaveService: Testplan (JMX) version: 2.2. Testlog (JTL) version: 2.2
2026-09-10 07:10:40,519 INFO o.a.j.s.SaveService: Using SaveService properties version 5.0
2026-09-10 07:10:40,522 INFO o.a.j.s.SaveService: Using SaveService properties file encoding UTF-8
2026-09-10 07:10:40,526 INFO o.a.j.s.SaveService: Loading file: /home/avituo/projects/tcc/tcc-container/benchmark/jmeter/tcc-order-show-v1.jmx
2026-09-10 07:10:40,578 INFO o.a.j.p.h.s.HTTPSamplerBase: Parser for text/html is org.apache.jmeter.protocol.http.parser.LagartoBasedHtmlParser
2026-09-10 07:10:40,578 INFO o.a.j.p.h.s.HTTPSamplerBase: Parser for application/xhtml+xml is org.apache.jmeter.protocol.http.parser.LagartoBasedHtmlParser
2026-09-10 07:10:40,578 INFO o.a.j.p.h.s.HTTPSamplerBase: Parser for application/xml is org.apache.jmeter.protocol.http.parser.LagartoBasedHtmlParser
2026-09-10 07:10:40,578 INFO o.a.j.p.h.s.HTTPSamplerBase: Parser for text/xml is org.apache.jmeter.protocol.http.parser.LagartoBasedHtmlParser
2026-09-10 07:10:40,578 INFO o.a.j.p.h.s.HTTPSamplerBase: Parser for text/vnd.wap.wml is org.apache.jmeter.protocol.http.parser.RegexpHTMLParser
2026-09-10 07:10:40,578 INFO o.a.j.p.h.s.HTTPSamplerBase: Parser for text/css is org.apache.jmeter.protocol.http.parser.CssParser
2026-09-10 07:10:40,605 INFO o.a.j.JMeter: Creating summariser <summary>
2026-09-10 07:10:40,622 INFO o.a.j.e.StandardJMeterEngine: Running the test!
2026-09-10 07:10:40,623 INFO o.a.j.s.SampleEvent: List of sample_variables: []
2026-09-10 07:10:40,623 INFO o.a.j.s.SampleEvent: List of sample_variables: []
2026-09-10 07:10:40,631 INFO o.a.j.e.u.CompoundVariable: Note: Function class names must contain the string: '.functions.'
2026-09-10 07:10:40,631 INFO o.a.j.e.u.CompoundVariable: Note: Function class names must not contain the string: '.gui.'
2026-09-10 07:10:40,881 INFO o.a.j.JMeter: Running test (1789035040881)
2026-09-10 07:10:40,903 INFO o.a.j.e.StandardJMeterEngine: Starting ThreadGroup: 1 : TCC order-show
2026-09-10 07:10:40,903 INFO o.a.j.e.StandardJMeterEngine: Starting 50 threads for group TCC order-show.
2026-09-10 07:10:40,903 INFO o.a.j.e.StandardJMeterEngine: Thread will continue on error
2026-09-10 07:10:40,904 INFO o.a.j.t.ThreadGroup: Starting thread group... number=1 threads=50 ramp-up=0 delayedStart=false
2026-09-10 07:10:40,910 INFO o.a.j.t.JMeterThread: Thread started: TCC order-show 1-1
2026-09-10 07:10:40,910 INFO o.a.j.t.JMeterThread: Thread started: TCC order-show 1-2
2026-09-10 07:10:40,910 INFO o.a.j.t.JMeterThread: Thread started: TCC order-show 1-5
2026-09-10 07:10:40,910 INFO o.a.j.t.JMeterThread: Thread started: TCC order-show 1-4
2026-09-10 07:10:40,910 INFO o.a.j.t.JMeterThread: Thread started: TCC order-show 1-3
2026-09-10 07:10:40,911 INFO o.a.j.t.JMeterThread: Thread started: TCC order-show 1-6
2026-09-10 07:10:40,912 INFO o.a.j.t.JMeterThread: Thread started: TCC order-show 1-7
2026-09-10 07:10:40,913 INFO o.a.j.t.JMeterThread: Thread started: TCC order-show 1-8
2026-09-10 07:10:40,913 INFO o.a.j.t.JMeterThread: Thread started: TCC order-show 1-9
2026-09-10 07:10:40,914 INFO o.a.j.t.JMeterThread: Thread started: TCC order-show 1-10
2026-09-10 07:10:40,915 INFO o.a.j.t.JMeterThread: Thread started: TCC order-show 1-11
2026-09-10 07:10:40,916 INFO o.a.j.t.JMeterThread: Thread started: TCC order-show 1-12
2026-09-10 07:10:40,916 INFO o.a.j.t.JMeterThread: Thread started: TCC order-show 1-13
2026-09-10 07:10:40,917 INFO o.a.j.t.JMeterThread: Thread started: TCC order-show 1-14
2026-09-10 07:10:40,919 INFO o.a.j.t.JMeterThread: Thread started: TCC order-show 1-15
2026-09-10 07:10:40,921 INFO o.a.j.t.JMeterThread: Thread started: TCC order-show 1-16
2026-09-10 07:10:40,922 INFO o.a.j.t.JMeterThread: Thread started: TCC order-show 1-17
2026-09-10 07:10:40,923 INFO o.a.j.t.JMeterThread: Thread started: TCC order-show 1-18
2026-09-10 07:10:40,924 INFO o.a.j.t.JMeterThread: Thread started: TCC order-show 1-19
2026-09-10 07:10:40,924 INFO o.a.j.t.JMeterThread: Thread started: TCC order-show 1-20
2026-09-10 07:10:40,925 INFO o.a.j.t.JMeterThread: Thread started: TCC order-show 1-21
2026-09-10 07:10:40,926 INFO o.a.j.t.JMeterThread: Thread started: TCC order-show 1-22
2026-09-10 07:10:40,926 INFO o.a.j.t.JMeterThread: Thread started: TCC order-show 1-23
2026-09-10 07:10:40,927 INFO o.a.j.t.JMeterThread: Thread started: TCC order-show 1-24
2026-09-10 07:10:40,928 INFO o.a.j.t.JMeterThread: Thread started: TCC order-show 1-25
2026-09-10 07:10:40,929 INFO o.a.j.t.JMeterThread: Thread started: TCC order-show 1-26
2026-09-10 07:10:40,929 INFO o.a.j.t.JMeterThread: Thread started: TCC order-show 1-27
2026-09-10 07:10:40,930 INFO o.a.j.t.JMeterThread: Thread started: TCC order-show 1-28
2026-09-10 07:10:40,931 INFO o.a.j.t.JMeterThread: Thread started: TCC order-show 1-29
2026-09-10 07:10:40,932 INFO o.a.j.t.JMeterThread: Thread started: TCC order-show 1-30
2026-09-10 07:10:40,932 INFO o.a.j.t.JMeterThread: Thread started: TCC order-show 1-31
2026-09-10 07:10:40,933 INFO o.a.j.t.JMeterThread: Thread started: TCC order-show 1-32
2026-09-10 07:10:40,933 INFO o.a.j.t.JMeterThread: Thread started: TCC order-show 1-33
2026-09-10 07:10:40,934 INFO o.a.j.t.JMeterThread: Thread started: TCC order-show 1-34
2026-09-10 07:10:40,934 INFO o.a.j.t.JMeterThread: Thread started: TCC order-show 1-35
2026-09-10 07:10:40,935 INFO o.a.j.t.JMeterThread: Thread started: TCC order-show 1-36
2026-09-10 07:10:40,936 INFO o.a.j.t.JMeterThread: Thread started: TCC order-show 1-38
2026-09-10 07:10:40,936 INFO o.a.j.t.JMeterThread: Thread started: TCC order-show 1-39
2026-09-10 07:10:40,935 INFO o.a.j.t.JMeterThread: Thread started: TCC order-show 1-37
2026-09-10 07:10:40,936 INFO o.a.j.t.JMeterThread: Thread started: TCC order-show 1-40
2026-09-10 07:10:40,937 INFO o.a.j.t.JMeterThread: Thread started: TCC order-show 1-41
2026-09-10 07:10:40,937 INFO o.a.j.t.JMeterThread: Thread started: TCC order-show 1-42
2026-09-10 07:10:40,938 INFO o.a.j.t.JMeterThread: Thread started: TCC order-show 1-43
2026-09-10 07:10:40,938 INFO o.a.j.t.JMeterThread: Thread started: TCC order-show 1-44
2026-09-10 07:10:40,939 INFO o.a.j.t.JMeterThread: Thread started: TCC order-show 1-45
2026-09-10 07:10:40,939 INFO o.a.j.t.JMeterThread: Thread started: TCC order-show 1-46
2026-09-10 07:10:40,940 INFO o.a.j.t.JMeterThread: Thread started: TCC order-show 1-47
2026-09-10 07:10:40,940 INFO o.a.j.t.JMeterThread: Thread started: TCC order-show 1-48
2026-09-10 07:10:40,941 INFO o.a.j.t.ThreadGroup: Started thread group number 1
2026-09-10 07:10:40,941 INFO o.a.j.t.JMeterThread: Thread started: TCC order-show 1-49
2026-09-10 07:10:40,941 INFO o.a.j.e.StandardJMeterEngine: All thread groups have been started
2026-09-10 07:10:40,941 INFO o.a.j.t.JMeterThread: Thread started: TCC order-show 1-50
2026-09-10 07:10:40,942 INFO o.a.j.p.h.s.HTTPHCAbstractImpl: Local host = pop-os
2026-09-10 07:10:40,947 INFO o.a.j.p.h.s.HTTPHC4Impl: HTTP request retry count = 0
2026-09-10 07:10:40,948 INFO o.a.j.s.SampleResult: Note: Sample TimeStamps are START times
2026-09-10 07:10:40,948 INFO o.a.j.s.SampleResult: sampleresult.default.encoding is set to UTF-8
2026-09-10 07:10:40,948 INFO o.a.j.s.SampleResult: sampleresult.useNanoTime=true
2026-09-10 07:10:40,949 INFO o.a.j.s.SampleResult: sampleresult.nanoThreadSleep=5000
2026-09-10 07:11:00,006 INFO o.a.j.r.Summariser: summary +   2520 in 00:00:19 =  131.8/s Avg:   357 Min:    39 Max:   677 Err:     0 (0.00%) Active: 50 Started: 50 Finished: 0
2026-09-10 07:11:30,002 INFO o.a.j.r.Summariser: summary +   4244 in 00:00:30 =  141.5/s Avg:   352 Min:   332 Max:   413 Err:     0 (0.00%) Active: 50 Started: 50 Finished: 0
2026-09-10 07:11:30,007 INFO o.a.j.r.Summariser: summary =   6764 in 00:00:49 =  137.7/s Avg:   354 Min:    39 Max:   677 Err:     0 (0.00%)
2026-09-10 07:12:00,004 INFO o.a.j.r.Summariser: summary +   4305 in 00:00:30 =  143.5/s Avg:   348 Min:   335 Max:   410 Err:     0 (0.00%) Active: 50 Started: 50 Finished: 0
2026-09-10 07:12:00,005 INFO o.a.j.r.Summariser: summary =  11069 in 00:01:19 =  139.9/s Avg:   352 Min:    39 Max:   677 Err:     0 (0.00%)
2026-09-10 07:12:30,000 INFO o.a.j.r.Summariser: summary +   4331 in 00:00:30 =  144.4/s Avg:   346 Min:   331 Max:   361 Err:     0 (0.00%) Active: 50 Started: 50 Finished: 0
2026-09-10 07:12:30,000 INFO o.a.j.r.Summariser: summary =  15400 in 00:01:49 =  141.1/s Avg:   350 Min:    39 Max:   677 Err:     0 (0.00%)
2026-09-10 07:12:40,921 INFO o.a.j.t.JMeterThread: Stopping because end time detected by thread: TCC order-show 1-9
2026-09-10 07:12:40,921 INFO o.a.j.t.JMeterThread: Thread finished: TCC order-show 1-9
2026-09-10 07:12:40,935 INFO o.a.j.t.JMeterThread: Stopping because end time detected by thread: TCC order-show 1-25
2026-09-10 07:12:40,935 INFO o.a.j.t.JMeterThread: Thread finished: TCC order-show 1-25
2026-09-10 07:12:40,942 INFO o.a.j.t.JMeterThread: Stopping because end time detected by thread: TCC order-show 1-36
2026-09-10 07:12:40,942 INFO o.a.j.t.JMeterThread: Thread finished: TCC order-show 1-36
2026-09-10 07:12:40,949 INFO o.a.j.t.JMeterThread: Stopping because end time detected by thread: TCC order-show 1-4
2026-09-10 07:12:40,949 INFO o.a.j.t.JMeterThread: Thread finished: TCC order-show 1-4
2026-09-10 07:12:40,956 INFO o.a.j.t.JMeterThread: Stopping because end time detected by thread: TCC order-show 1-8
2026-09-10 07:12:40,956 INFO o.a.j.t.JMeterThread: Thread finished: TCC order-show 1-8
2026-09-10 07:12:40,963 INFO o.a.j.t.JMeterThread: Stopping because end time detected by thread: TCC order-show 1-47
2026-09-10 07:12:40,963 INFO o.a.j.t.JMeterThread: Thread finished: TCC order-show 1-47
2026-09-10 07:12:40,970 INFO o.a.j.t.JMeterThread: Stopping because end time detected by thread: TCC order-show 1-2
2026-09-10 07:12:40,970 INFO o.a.j.t.JMeterThread: Thread finished: TCC order-show 1-2
2026-09-10 07:12:40,977 INFO o.a.j.t.JMeterThread: Stopping because end time detected by thread: TCC order-show 1-46
2026-09-10 07:12:40,977 INFO o.a.j.t.JMeterThread: Thread finished: TCC order-show 1-46
2026-09-10 07:12:40,984 INFO o.a.j.t.JMeterThread: Stopping because end time detected by thread: TCC order-show 1-31
2026-09-10 07:12:40,984 INFO o.a.j.t.JMeterThread: Thread finished: TCC order-show 1-31
2026-09-10 07:12:40,991 INFO o.a.j.t.JMeterThread: Stopping because end time detected by thread: TCC order-show 1-29
2026-09-10 07:12:40,991 INFO o.a.j.t.JMeterThread: Thread finished: TCC order-show 1-29
2026-09-10 07:12:40,998 INFO o.a.j.t.JMeterThread: Stopping because end time detected by thread: TCC order-show 1-17
2026-09-10 07:12:40,998 INFO o.a.j.t.JMeterThread: Thread finished: TCC order-show 1-17
2026-09-10 07:12:41,006 INFO o.a.j.t.JMeterThread: Stopping because end time detected by thread: TCC order-show 1-1
2026-09-10 07:12:41,006 INFO o.a.j.t.JMeterThread: Thread finished: TCC order-show 1-1
2026-09-10 07:12:41,012 INFO o.a.j.t.JMeterThread: Stopping because end time detected by thread: TCC order-show 1-5
2026-09-10 07:12:41,012 INFO o.a.j.t.JMeterThread: Thread finished: TCC order-show 1-5
2026-09-10 07:12:41,019 INFO o.a.j.t.JMeterThread: Stopping because end time detected by thread: TCC order-show 1-18
2026-09-10 07:12:41,019 INFO o.a.j.t.JMeterThread: Thread finished: TCC order-show 1-18
2026-09-10 07:12:41,026 INFO o.a.j.t.JMeterThread: Stopping because end time detected by thread: TCC order-show 1-10
2026-09-10 07:12:41,026 INFO o.a.j.t.JMeterThread: Thread finished: TCC order-show 1-10
2026-09-10 07:12:41,033 INFO o.a.j.t.JMeterThread: Stopping because end time detected by thread: TCC order-show 1-21
2026-09-10 07:12:41,033 INFO o.a.j.t.JMeterThread: Thread finished: TCC order-show 1-21
2026-09-10 07:12:41,041 INFO o.a.j.t.JMeterThread: Stopping because end time detected by thread: TCC order-show 1-40
2026-09-10 07:12:41,041 INFO o.a.j.t.JMeterThread: Thread finished: TCC order-show 1-40
2026-09-10 07:12:41,049 INFO o.a.j.t.JMeterThread: Stopping because end time detected by thread: TCC order-show 1-48
2026-09-10 07:12:41,050 INFO o.a.j.t.JMeterThread: Thread finished: TCC order-show 1-48
2026-09-10 07:12:41,057 INFO o.a.j.t.JMeterThread: Stopping because end time detected by thread: TCC order-show 1-12
2026-09-10 07:12:41,058 INFO o.a.j.t.JMeterThread: Thread finished: TCC order-show 1-12
2026-09-10 07:12:41,064 INFO o.a.j.t.JMeterThread: Stopping because end time detected by thread: TCC order-show 1-42
2026-09-10 07:12:41,065 INFO o.a.j.t.JMeterThread: Thread finished: TCC order-show 1-42
2026-09-10 07:12:41,071 INFO o.a.j.t.JMeterThread: Stopping because end time detected by thread: TCC order-show 1-20
2026-09-10 07:12:41,071 INFO o.a.j.t.JMeterThread: Thread finished: TCC order-show 1-20
2026-09-10 07:12:41,079 INFO o.a.j.t.JMeterThread: Stopping because end time detected by thread: TCC order-show 1-50
2026-09-10 07:12:41,079 INFO o.a.j.t.JMeterThread: Thread finished: TCC order-show 1-50
2026-09-10 07:12:41,085 INFO o.a.j.t.JMeterThread: Stopping because end time detected by thread: TCC order-show 1-30
2026-09-10 07:12:41,086 INFO o.a.j.t.JMeterThread: Thread finished: TCC order-show 1-30
2026-09-10 07:12:41,092 INFO o.a.j.t.JMeterThread: Stopping because end time detected by thread: TCC order-show 1-41
2026-09-10 07:12:41,092 INFO o.a.j.t.JMeterThread: Thread finished: TCC order-show 1-41
2026-09-10 07:12:41,099 INFO o.a.j.t.JMeterThread: Stopping because end time detected by thread: TCC order-show 1-6
2026-09-10 07:12:41,099 INFO o.a.j.t.JMeterThread: Thread finished: TCC order-show 1-6
2026-09-10 07:12:41,106 INFO o.a.j.t.JMeterThread: Stopping because end time detected by thread: TCC order-show 1-28
2026-09-10 07:12:41,106 INFO o.a.j.t.JMeterThread: Thread finished: TCC order-show 1-28
2026-09-10 07:12:41,113 INFO o.a.j.t.JMeterThread: Stopping because end time detected by thread: TCC order-show 1-43
2026-09-10 07:12:41,113 INFO o.a.j.t.JMeterThread: Thread finished: TCC order-show 1-43
2026-09-10 07:12:41,119 INFO o.a.j.t.JMeterThread: Stopping because end time detected by thread: TCC order-show 1-24
2026-09-10 07:12:41,120 INFO o.a.j.t.JMeterThread: Thread finished: TCC order-show 1-24
2026-09-10 07:12:41,126 INFO o.a.j.t.JMeterThread: Stopping because end time detected by thread: TCC order-show 1-33
2026-09-10 07:12:41,126 INFO o.a.j.t.JMeterThread: Thread finished: TCC order-show 1-33
2026-09-10 07:12:41,133 INFO o.a.j.t.JMeterThread: Stopping because end time detected by thread: TCC order-show 1-37
2026-09-10 07:12:41,133 INFO o.a.j.t.JMeterThread: Thread finished: TCC order-show 1-37
2026-09-10 07:12:41,139 INFO o.a.j.t.JMeterThread: Stopping because end time detected by thread: TCC order-show 1-19
2026-09-10 07:12:41,140 INFO o.a.j.t.JMeterThread: Thread finished: TCC order-show 1-19
2026-09-10 07:12:41,146 INFO o.a.j.t.JMeterThread: Stopping because end time detected by thread: TCC order-show 1-22
2026-09-10 07:12:41,147 INFO o.a.j.t.JMeterThread: Thread finished: TCC order-show 1-22
2026-09-10 07:12:41,154 INFO o.a.j.t.JMeterThread: Stopping because end time detected by thread: TCC order-show 1-27
2026-09-10 07:12:41,154 INFO o.a.j.t.JMeterThread: Thread finished: TCC order-show 1-27
2026-09-10 07:12:41,161 INFO o.a.j.t.JMeterThread: Stopping because end time detected by thread: TCC order-show 1-11
2026-09-10 07:12:41,161 INFO o.a.j.t.JMeterThread: Thread finished: TCC order-show 1-11
2026-09-10 07:12:41,168 INFO o.a.j.t.JMeterThread: Stopping because end time detected by thread: TCC order-show 1-7
2026-09-10 07:12:41,168 INFO o.a.j.t.JMeterThread: Thread finished: TCC order-show 1-7
2026-09-10 07:12:41,176 INFO o.a.j.t.JMeterThread: Stopping because end time detected by thread: TCC order-show 1-35
2026-09-10 07:12:41,176 INFO o.a.j.t.JMeterThread: Thread finished: TCC order-show 1-35
2026-09-10 07:12:41,183 INFO o.a.j.t.JMeterThread: Stopping because end time detected by thread: TCC order-show 1-39
2026-09-10 07:12:41,183 INFO o.a.j.t.JMeterThread: Thread finished: TCC order-show 1-39
2026-09-10 07:12:41,189 INFO o.a.j.t.JMeterThread: Stopping because end time detected by thread: TCC order-show 1-13
2026-09-10 07:12:41,190 INFO o.a.j.t.JMeterThread: Thread finished: TCC order-show 1-13
2026-09-10 07:12:41,197 INFO o.a.j.t.JMeterThread: Stopping because end time detected by thread: TCC order-show 1-23
2026-09-10 07:12:41,197 INFO o.a.j.t.JMeterThread: Thread finished: TCC order-show 1-23
2026-09-10 07:12:41,204 INFO o.a.j.t.JMeterThread: Stopping because end time detected by thread: TCC order-show 1-34
2026-09-10 07:12:41,204 INFO o.a.j.t.JMeterThread: Thread finished: TCC order-show 1-34
2026-09-10 07:12:41,211 INFO o.a.j.t.JMeterThread: Stopping because end time detected by thread: TCC order-show 1-3
2026-09-10 07:12:41,211 INFO o.a.j.t.JMeterThread: Thread finished: TCC order-show 1-3
2026-09-10 07:12:41,218 INFO o.a.j.t.JMeterThread: Stopping because end time detected by thread: TCC order-show 1-15
2026-09-10 07:12:41,218 INFO o.a.j.t.JMeterThread: Thread finished: TCC order-show 1-15
2026-09-10 07:12:41,225 INFO o.a.j.t.JMeterThread: Stopping because end time detected by thread: TCC order-show 1-16
2026-09-10 07:12:41,225 INFO o.a.j.t.JMeterThread: Thread finished: TCC order-show 1-16
2026-09-10 07:12:41,232 INFO o.a.j.t.JMeterThread: Stopping because end time detected by thread: TCC order-show 1-49
2026-09-10 07:12:41,232 INFO o.a.j.t.JMeterThread: Thread finished: TCC order-show 1-49
2026-09-10 07:12:41,239 INFO o.a.j.t.JMeterThread: Stopping because end time detected by thread: TCC order-show 1-45
2026-09-10 07:12:41,239 INFO o.a.j.t.JMeterThread: Thread finished: TCC order-show 1-45
2026-09-10 07:12:41,246 INFO o.a.j.t.JMeterThread: Stopping because end time detected by thread: TCC order-show 1-38
2026-09-10 07:12:41,246 INFO o.a.j.t.JMeterThread: Thread finished: TCC order-show 1-38
2026-09-10 07:12:41,253 INFO o.a.j.t.JMeterThread: Stopping because end time detected by thread: TCC order-show 1-32
2026-09-10 07:12:41,253 INFO o.a.j.t.JMeterThread: Thread finished: TCC order-show 1-32
2026-09-10 07:12:41,260 INFO o.a.j.t.JMeterThread: Stopping because end time detected by thread: TCC order-show 1-26
2026-09-10 07:12:41,260 INFO o.a.j.t.JMeterThread: Thread finished: TCC order-show 1-26
2026-09-10 07:12:41,267 INFO o.a.j.t.JMeterThread: Stopping because end time detected by thread: TCC order-show 1-14
2026-09-10 07:12:41,267 INFO o.a.j.t.JMeterThread: Thread finished: TCC order-show 1-14
2026-09-10 07:12:41,274 INFO o.a.j.t.JMeterThread: Stopping because end time detected by thread: TCC order-show 1-44
2026-09-10 07:12:41,275 INFO o.a.j.t.JMeterThread: Thread finished: TCC order-show 1-44
2026-09-10 07:12:41,275 INFO o.a.j.e.StandardJMeterEngine: Notifying test listeners of end of test
2026-09-10 07:12:41,278 INFO o.a.j.r.Summariser: summary +   1621 in 00:00:11 =  143.7/s Avg:   347 Min:   333 Max:   360 Err:     0 (0.00%) Active: 0 Started: 50 Finished: 50
2026-09-10 07:12:41,278 INFO o.a.j.r.Summariser: summary =  17021 in 00:02:00 =  141.4/s Avg:   350 Min:    39 Max:   677 Err:     0 (0.00%)
