2026-09-10 07:10:04,958 INFO o.a.j.u.JMeterUtils: Setting Locale to en_EN
2026-09-10 07:10:04,974 INFO o.a.j.JMeter: Loading user properties from: /home/avituo/projects/tcc/tcc-container/.tools/apache-jmeter-5.6.3/bin/user.properties
2026-09-10 07:10:04,974 INFO o.a.j.JMeter: Loading system properties from: /home/avituo/projects/tcc/tcc-container/.tools/apache-jmeter-5.6.3/bin/system.properties
2026-09-10 07:10:04,975 INFO o.a.j.JMeter: Loading additional properties from: /home/avituo/projects/tcc/tcc-container/benchmark/jmeter/benchmark.properties
2026-09-10 07:10:04,975 INFO o.a.j.JMeter: Loading additional properties from: /tmp/tcc-benchmark-auth.LNEqpC/auth.properties
2026-09-10 07:10:04,975 INFO o.a.j.JMeter: Setting JMeter property: threads=50
2026-09-10 07:10:04,975 INFO o.a.j.JMeter: Setting JMeter property: duration_seconds=30
2026-09-10 07:10:04,975 INFO o.a.j.JMeter: Setting JMeter property: target_host=localhost
2026-09-10 07:10:04,975 INFO o.a.j.JMeter: Setting JMeter property: target_port=18080
2026-09-10 07:10:04,975 INFO o.a.j.JMeter: Setting JMeter property: tcc.order.id=20000000-0000-4000-8000-000000000001
2026-09-10 07:10:04,975 INFO o.a.j.JMeter: Setting JMeter property: repetition=3
2026-09-10 07:10:04,981 INFO o.a.j.JMeter: Copyright (c) 1998-2024 The Apache Software Foundation
2026-09-10 07:10:04,982 INFO o.a.j.JMeter: Version 5.6.3
2026-09-10 07:10:04,982 INFO o.a.j.JMeter: java.version=21.0.11
2026-09-10 07:10:04,982 INFO o.a.j.JMeter: java.vm.name=OpenJDK 64-Bit Server VM
2026-09-10 07:10:04,982 INFO o.a.j.JMeter: os.name=Linux
2026-09-10 07:10:04,982 INFO o.a.j.JMeter: os.arch=amd64
2026-09-10 07:10:04,982 INFO o.a.j.JMeter: os.version=7.0.11-76070011-generic
2026-09-10 07:10:04,982 INFO o.a.j.JMeter: file.encoding=UTF-8
2026-09-10 07:10:04,982 INFO o.a.j.JMeter: java.awt.headless=true
2026-09-10 07:10:04,982 INFO o.a.j.JMeter: Max memory     =1073741824
2026-09-10 07:10:04,982 INFO o.a.j.JMeter: Available Processors =16
2026-09-10 07:10:04,991 INFO o.a.j.JMeter: Default Locale=English (EN)
2026-09-10 07:10:04,991 INFO o.a.j.JMeter: JMeter  Locale=English (EN)
2026-09-10 07:10:04,991 INFO o.a.j.JMeter: JMeterHome=/home/avituo/projects/tcc/tcc-container/.tools/apache-jmeter-5.6.3
2026-09-10 07:10:04,991 INFO o.a.j.JMeter: user.dir  =/home/avituo/projects/tcc/tcc-container
2026-09-10 07:10:04,992 INFO o.a.j.JMeter: PWD       =/home/avituo/projects/tcc/tcc-container
2026-09-10 07:10:04,999 INFO o.a.j.JMeter: IP: 192.168.1.16 Name: pop-os FullName: pop-os.home
2026-09-10 07:10:05,011 INFO o.a.j.s.FileServer: Default base='/home/avituo/projects/tcc/tcc-container'
2026-09-10 07:10:05,013 INFO o.a.j.s.FileServer: Set new base='/home/avituo/projects/tcc/tcc-container/benchmark/jmeter'
2026-09-10 07:10:05,179 INFO o.a.j.s.SaveService: Testplan (JMX) version: 2.2. Testlog (JTL) version: 2.2
2026-09-10 07:10:05,202 INFO o.a.j.s.SaveService: Using SaveService properties version 5.0
2026-09-10 07:10:05,205 INFO o.a.j.s.SaveService: Using SaveService properties file encoding UTF-8
2026-09-10 07:10:05,208 INFO o.a.j.s.SaveService: Loading file: /home/avituo/projects/tcc/tcc-container/benchmark/jmeter/tcc-order-show-v1.jmx
2026-09-10 07:10:05,258 INFO o.a.j.p.h.s.HTTPSamplerBase: Parser for text/html is org.apache.jmeter.protocol.http.parser.LagartoBasedHtmlParser
2026-09-10 07:10:05,258 INFO o.a.j.p.h.s.HTTPSamplerBase: Parser for application/xhtml+xml is org.apache.jmeter.protocol.http.parser.LagartoBasedHtmlParser
2026-09-10 07:10:05,258 INFO o.a.j.p.h.s.HTTPSamplerBase: Parser for application/xml is org.apache.jmeter.protocol.http.parser.LagartoBasedHtmlParser
2026-09-10 07:10:05,258 INFO o.a.j.p.h.s.HTTPSamplerBase: Parser for text/xml is org.apache.jmeter.protocol.http.parser.LagartoBasedHtmlParser
2026-09-10 07:10:05,258 INFO o.a.j.p.h.s.HTTPSamplerBase: Parser for text/vnd.wap.wml is org.apache.jmeter.protocol.http.parser.RegexpHTMLParser
2026-09-10 07:10:05,258 INFO o.a.j.p.h.s.HTTPSamplerBase: Parser for text/css is org.apache.jmeter.protocol.http.parser.CssParser
2026-09-10 07:10:05,288 INFO o.a.j.JMeter: Creating summariser <summary>
2026-09-10 07:10:05,307 INFO o.a.j.e.StandardJMeterEngine: Running the test!
2026-09-10 07:10:05,308 INFO o.a.j.s.SampleEvent: List of sample_variables: []
2026-09-10 07:10:05,308 INFO o.a.j.s.SampleEvent: List of sample_variables: []
2026-09-10 07:10:05,312 INFO o.a.j.e.u.CompoundVariable: Note: Function class names must contain the string: '.functions.'
2026-09-10 07:10:05,313 INFO o.a.j.e.u.CompoundVariable: Note: Function class names must not contain the string: '.gui.'
2026-09-10 07:10:05,567 INFO o.a.j.JMeter: Running test (1789035005567)
2026-09-10 07:10:05,589 INFO o.a.j.e.StandardJMeterEngine: Starting ThreadGroup: 1 : TCC order-show
2026-09-10 07:10:05,590 INFO o.a.j.e.StandardJMeterEngine: Starting 50 threads for group TCC order-show.
2026-09-10 07:10:05,590 INFO o.a.j.e.StandardJMeterEngine: Thread will continue on error
2026-09-10 07:10:05,590 INFO o.a.j.t.ThreadGroup: Starting thread group... number=1 threads=50 ramp-up=0 delayedStart=false
2026-09-10 07:10:05,596 INFO o.a.j.t.JMeterThread: Thread started: TCC order-show 1-1
2026-09-10 07:10:05,596 INFO o.a.j.t.JMeterThread: Thread started: TCC order-show 1-3
2026-09-10 07:10:05,596 INFO o.a.j.t.JMeterThread: Thread started: TCC order-show 1-4
2026-09-10 07:10:05,596 INFO o.a.j.t.JMeterThread: Thread started: TCC order-show 1-2
2026-09-10 07:10:05,597 INFO o.a.j.t.JMeterThread: Thread started: TCC order-show 1-5
2026-09-10 07:10:05,598 INFO o.a.j.t.JMeterThread: Thread started: TCC order-show 1-6
2026-09-10 07:10:05,598 INFO o.a.j.t.JMeterThread: Thread started: TCC order-show 1-7
2026-09-10 07:10:05,599 INFO o.a.j.t.JMeterThread: Thread started: TCC order-show 1-8
2026-09-10 07:10:05,599 INFO o.a.j.t.JMeterThread: Thread started: TCC order-show 1-9
2026-09-10 07:10:05,600 INFO o.a.j.t.JMeterThread: Thread started: TCC order-show 1-10
2026-09-10 07:10:05,601 INFO o.a.j.t.JMeterThread: Thread started: TCC order-show 1-11
2026-09-10 07:10:05,601 INFO o.a.j.t.JMeterThread: Thread started: TCC order-show 1-12
2026-09-10 07:10:05,602 INFO o.a.j.t.JMeterThread: Thread started: TCC order-show 1-13
2026-09-10 07:10:05,603 INFO o.a.j.t.JMeterThread: Thread started: TCC order-show 1-14
2026-09-10 07:10:05,603 INFO o.a.j.t.JMeterThread: Thread started: TCC order-show 1-15
2026-09-10 07:10:05,605 INFO o.a.j.t.JMeterThread: Thread started: TCC order-show 1-16
2026-09-10 07:10:05,606 INFO o.a.j.t.JMeterThread: Thread started: TCC order-show 1-17
2026-09-10 07:10:05,606 INFO o.a.j.t.JMeterThread: Thread started: TCC order-show 1-18
2026-09-10 07:10:05,607 INFO o.a.j.t.JMeterThread: Thread started: TCC order-show 1-19
2026-09-10 07:10:05,608 INFO o.a.j.t.JMeterThread: Thread started: TCC order-show 1-20
2026-09-10 07:10:05,608 INFO o.a.j.t.JMeterThread: Thread started: TCC order-show 1-21
2026-09-10 07:10:05,609 INFO o.a.j.t.JMeterThread: Thread started: TCC order-show 1-22
2026-09-10 07:10:05,610 INFO o.a.j.t.JMeterThread: Thread started: TCC order-show 1-23
2026-09-10 07:10:05,610 INFO o.a.j.t.JMeterThread: Thread started: TCC order-show 1-24
2026-09-10 07:10:05,611 INFO o.a.j.t.JMeterThread: Thread started: TCC order-show 1-25
2026-09-10 07:10:05,611 INFO o.a.j.t.JMeterThread: Thread started: TCC order-show 1-26
2026-09-10 07:10:05,612 INFO o.a.j.t.JMeterThread: Thread started: TCC order-show 1-27
2026-09-10 07:10:05,612 INFO o.a.j.t.JMeterThread: Thread started: TCC order-show 1-28
2026-09-10 07:10:05,613 INFO o.a.j.t.JMeterThread: Thread started: TCC order-show 1-29
2026-09-10 07:10:05,614 INFO o.a.j.t.JMeterThread: Thread started: TCC order-show 1-30
2026-09-10 07:10:05,614 INFO o.a.j.t.JMeterThread: Thread started: TCC order-show 1-31
2026-09-10 07:10:05,615 INFO o.a.j.t.JMeterThread: Thread started: TCC order-show 1-32
2026-09-10 07:10:05,615 INFO o.a.j.t.JMeterThread: Thread started: TCC order-show 1-33
2026-09-10 07:10:05,616 INFO o.a.j.t.JMeterThread: Thread started: TCC order-show 1-34
2026-09-10 07:10:05,616 INFO o.a.j.t.JMeterThread: Thread started: TCC order-show 1-35
2026-09-10 07:10:05,617 INFO o.a.j.t.JMeterThread: Thread started: TCC order-show 1-36
2026-09-10 07:10:05,617 INFO o.a.j.p.h.s.HTTPHCAbstractImpl: Local host = pop-os
2026-09-10 07:10:05,618 INFO o.a.j.t.JMeterThread: Thread started: TCC order-show 1-37
2026-09-10 07:10:05,618 INFO o.a.j.t.JMeterThread: Thread started: TCC order-show 1-38
2026-09-10 07:10:05,619 INFO o.a.j.t.JMeterThread: Thread started: TCC order-show 1-39
2026-09-10 07:10:05,620 INFO o.a.j.t.JMeterThread: Thread started: TCC order-show 1-40
2026-09-10 07:10:05,620 INFO o.a.j.t.JMeterThread: Thread started: TCC order-show 1-41
2026-09-10 07:10:05,620 INFO o.a.j.t.JMeterThread: Thread started: TCC order-show 1-42
2026-09-10 07:10:05,621 INFO o.a.j.t.JMeterThread: Thread started: TCC order-show 1-43
2026-09-10 07:10:05,621 INFO o.a.j.t.JMeterThread: Thread started: TCC order-show 1-44
2026-09-10 07:10:05,622 INFO o.a.j.t.JMeterThread: Thread started: TCC order-show 1-45
2026-09-10 07:10:05,623 INFO o.a.j.t.JMeterThread: Thread started: TCC order-show 1-46
2026-09-10 07:10:05,623 INFO o.a.j.t.JMeterThread: Thread started: TCC order-show 1-47
2026-09-10 07:10:05,624 INFO o.a.j.t.JMeterThread: Thread started: TCC order-show 1-48
2026-09-10 07:10:05,624 INFO o.a.j.t.JMeterThread: Thread started: TCC order-show 1-49
2026-09-10 07:10:05,624 INFO o.a.j.t.ThreadGroup: Started thread group number 1
2026-09-10 07:10:05,624 INFO o.a.j.t.JMeterThread: Thread started: TCC order-show 1-50
2026-09-10 07:10:05,624 INFO o.a.j.e.StandardJMeterEngine: All thread groups have been started
2026-09-10 07:10:05,626 INFO o.a.j.p.h.s.HTTPHC4Impl: HTTP request retry count = 0
2026-09-10 07:10:05,628 INFO o.a.j.s.SampleResult: Note: Sample TimeStamps are START times
2026-09-10 07:10:05,628 INFO o.a.j.s.SampleResult: sampleresult.default.encoding is set to UTF-8
2026-09-10 07:10:05,628 INFO o.a.j.s.SampleResult: sampleresult.useNanoTime=true
2026-09-10 07:10:05,628 INFO o.a.j.s.SampleResult: sampleresult.nanoThreadSleep=5000
2026-09-10 07:10:30,004 INFO o.a.j.r.Summariser: summary +   3098 in 00:00:24 =  126.8/s Avg:   377 Min:    58 Max:   740 Err:     0 (0.00%) Active: 50 Started: 50 Finished: 0
2026-09-10 07:10:35,623 INFO o.a.j.t.JMeterThread: Stopping because end time detected by thread: TCC order-show 1-47
2026-09-10 07:10:35,624 INFO o.a.j.t.JMeterThread: Thread finished: TCC order-show 1-47
2026-09-10 07:10:35,631 INFO o.a.j.t.JMeterThread: Stopping because end time detected by thread: TCC order-show 1-36
2026-09-10 07:10:35,631 INFO o.a.j.t.JMeterThread: Thread finished: TCC order-show 1-36
2026-09-10 07:10:35,638 INFO o.a.j.t.JMeterThread: Stopping because end time detected by thread: TCC order-show 1-18
2026-09-10 07:10:35,638 INFO o.a.j.t.JMeterThread: Thread finished: TCC order-show 1-18
2026-09-10 07:10:35,645 INFO o.a.j.t.JMeterThread: Stopping because end time detected by thread: TCC order-show 1-44
2026-09-10 07:10:35,645 INFO o.a.j.t.JMeterThread: Thread finished: TCC order-show 1-44
2026-09-10 07:10:35,652 INFO o.a.j.t.JMeterThread: Stopping because end time detected by thread: TCC order-show 1-24
2026-09-10 07:10:35,652 INFO o.a.j.t.JMeterThread: Thread finished: TCC order-show 1-24
2026-09-10 07:10:35,659 INFO o.a.j.t.JMeterThread: Stopping because end time detected by thread: TCC order-show 1-40
2026-09-10 07:10:35,659 INFO o.a.j.t.JMeterThread: Thread finished: TCC order-show 1-40
2026-09-10 07:10:35,666 INFO o.a.j.t.JMeterThread: Stopping because end time detected by thread: TCC order-show 1-6
2026-09-10 07:10:35,666 INFO o.a.j.t.JMeterThread: Thread finished: TCC order-show 1-6
2026-09-10 07:10:35,672 INFO o.a.j.t.JMeterThread: Stopping because end time detected by thread: TCC order-show 1-30
2026-09-10 07:10:35,673 INFO o.a.j.t.JMeterThread: Thread finished: TCC order-show 1-30
2026-09-10 07:10:35,680 INFO o.a.j.t.JMeterThread: Stopping because end time detected by thread: TCC order-show 1-5
2026-09-10 07:10:35,680 INFO o.a.j.t.JMeterThread: Thread finished: TCC order-show 1-5
2026-09-10 07:10:35,687 INFO o.a.j.t.JMeterThread: Stopping because end time detected by thread: TCC order-show 1-17
2026-09-10 07:10:35,687 INFO o.a.j.t.JMeterThread: Thread finished: TCC order-show 1-17
2026-09-10 07:10:35,693 INFO o.a.j.t.JMeterThread: Stopping because end time detected by thread: TCC order-show 1-35
2026-09-10 07:10:35,693 INFO o.a.j.t.JMeterThread: Thread finished: TCC order-show 1-35
2026-09-10 07:10:35,700 INFO o.a.j.t.JMeterThread: Stopping because end time detected by thread: TCC order-show 1-41
2026-09-10 07:10:35,700 INFO o.a.j.t.JMeterThread: Thread finished: TCC order-show 1-41
2026-09-10 07:10:35,707 INFO o.a.j.t.JMeterThread: Stopping because end time detected by thread: TCC order-show 1-33
2026-09-10 07:10:35,707 INFO o.a.j.t.JMeterThread: Thread finished: TCC order-show 1-33
2026-09-10 07:10:35,714 INFO o.a.j.t.JMeterThread: Stopping because end time detected by thread: TCC order-show 1-23
2026-09-10 07:10:35,714 INFO o.a.j.t.JMeterThread: Thread finished: TCC order-show 1-23
2026-09-10 07:10:35,721 INFO o.a.j.t.JMeterThread: Stopping because end time detected by thread: TCC order-show 1-3
2026-09-10 07:10:35,721 INFO o.a.j.t.JMeterThread: Thread finished: TCC order-show 1-3
2026-09-10 07:10:35,728 INFO o.a.j.t.JMeterThread: Stopping because end time detected by thread: TCC order-show 1-37
2026-09-10 07:10:35,728 INFO o.a.j.t.JMeterThread: Thread finished: TCC order-show 1-37
2026-09-10 07:10:35,735 INFO o.a.j.t.JMeterThread: Stopping because end time detected by thread: TCC order-show 1-1
2026-09-10 07:10:35,735 INFO o.a.j.t.JMeterThread: Thread finished: TCC order-show 1-1
2026-09-10 07:10:35,742 INFO o.a.j.t.JMeterThread: Stopping because end time detected by thread: TCC order-show 1-11
2026-09-10 07:10:35,742 INFO o.a.j.t.JMeterThread: Thread finished: TCC order-show 1-11
2026-09-10 07:10:35,749 INFO o.a.j.t.JMeterThread: Stopping because end time detected by thread: TCC order-show 1-45
2026-09-10 07:10:35,749 INFO o.a.j.t.JMeterThread: Thread finished: TCC order-show 1-45
2026-09-10 07:10:35,757 INFO o.a.j.t.JMeterThread: Stopping because end time detected by thread: TCC order-show 1-4
2026-09-10 07:10:35,757 INFO o.a.j.t.JMeterThread: Thread finished: TCC order-show 1-4
2026-09-10 07:10:35,763 INFO o.a.j.t.JMeterThread: Stopping because end time detected by thread: TCC order-show 1-43
2026-09-10 07:10:35,764 INFO o.a.j.t.JMeterThread: Thread finished: TCC order-show 1-43
2026-09-10 07:10:35,770 INFO o.a.j.t.JMeterThread: Stopping because end time detected by thread: TCC order-show 1-21
2026-09-10 07:10:35,770 INFO o.a.j.t.JMeterThread: Thread finished: TCC order-show 1-21
2026-09-10 07:10:35,777 INFO o.a.j.t.JMeterThread: Stopping because end time detected by thread: TCC order-show 1-7
2026-09-10 07:10:35,778 INFO o.a.j.t.JMeterThread: Thread finished: TCC order-show 1-7
2026-09-10 07:10:35,785 INFO o.a.j.t.JMeterThread: Stopping because end time detected by thread: TCC order-show 1-27
2026-09-10 07:10:35,785 INFO o.a.j.t.JMeterThread: Thread finished: TCC order-show 1-27
2026-09-10 07:10:35,792 INFO o.a.j.t.JMeterThread: Stopping because end time detected by thread: TCC order-show 1-9
2026-09-10 07:10:35,792 INFO o.a.j.t.JMeterThread: Thread finished: TCC order-show 1-9
2026-09-10 07:10:35,799 INFO o.a.j.t.JMeterThread: Stopping because end time detected by thread: TCC order-show 1-16
2026-09-10 07:10:35,800 INFO o.a.j.t.JMeterThread: Thread finished: TCC order-show 1-16
2026-09-10 07:10:35,807 INFO o.a.j.t.JMeterThread: Stopping because end time detected by thread: TCC order-show 1-48
2026-09-10 07:10:35,807 INFO o.a.j.t.JMeterThread: Thread finished: TCC order-show 1-48
2026-09-10 07:10:35,814 INFO o.a.j.t.JMeterThread: Stopping because end time detected by thread: TCC order-show 1-25
2026-09-10 07:10:35,814 INFO o.a.j.t.JMeterThread: Thread finished: TCC order-show 1-25
2026-09-10 07:10:35,821 INFO o.a.j.t.JMeterThread: Stopping because end time detected by thread: TCC order-show 1-39
2026-09-10 07:10:35,822 INFO o.a.j.t.JMeterThread: Thread finished: TCC order-show 1-39
2026-09-10 07:10:35,828 INFO o.a.j.t.JMeterThread: Stopping because end time detected by thread: TCC order-show 1-14
2026-09-10 07:10:35,829 INFO o.a.j.t.JMeterThread: Thread finished: TCC order-show 1-14
2026-09-10 07:10:35,836 INFO o.a.j.t.JMeterThread: Stopping because end time detected by thread: TCC order-show 1-12
2026-09-10 07:10:35,836 INFO o.a.j.t.JMeterThread: Thread finished: TCC order-show 1-12
2026-09-10 07:10:35,843 INFO o.a.j.t.JMeterThread: Stopping because end time detected by thread: TCC order-show 1-32
2026-09-10 07:10:35,843 INFO o.a.j.t.JMeterThread: Thread finished: TCC order-show 1-32
2026-09-10 07:10:35,851 INFO o.a.j.t.JMeterThread: Stopping because end time detected by thread: TCC order-show 1-8
2026-09-10 07:10:35,851 INFO o.a.j.t.JMeterThread: Thread finished: TCC order-show 1-8
2026-09-10 07:10:35,858 INFO o.a.j.t.JMeterThread: Stopping because end time detected by thread: TCC order-show 1-20
2026-09-10 07:10:35,859 INFO o.a.j.t.JMeterThread: Thread finished: TCC order-show 1-20
2026-09-10 07:10:35,866 INFO o.a.j.t.JMeterThread: Stopping because end time detected by thread: TCC order-show 1-15
2026-09-10 07:10:35,866 INFO o.a.j.t.JMeterThread: Thread finished: TCC order-show 1-15
2026-09-10 07:10:35,872 INFO o.a.j.t.JMeterThread: Stopping because end time detected by thread: TCC order-show 1-28
2026-09-10 07:10:35,872 INFO o.a.j.t.JMeterThread: Thread finished: TCC order-show 1-28
2026-09-10 07:10:35,880 INFO o.a.j.t.JMeterThread: Stopping because end time detected by thread: TCC order-show 1-10
2026-09-10 07:10:35,880 INFO o.a.j.t.JMeterThread: Thread finished: TCC order-show 1-10
2026-09-10 07:10:35,887 INFO o.a.j.t.JMeterThread: Stopping because end time detected by thread: TCC order-show 1-34
2026-09-10 07:10:35,888 INFO o.a.j.t.JMeterThread: Thread finished: TCC order-show 1-34
2026-09-10 07:10:35,895 INFO o.a.j.t.JMeterThread: Stopping because end time detected by thread: TCC order-show 1-29
2026-09-10 07:10:35,895 INFO o.a.j.t.JMeterThread: Thread finished: TCC order-show 1-29
2026-09-10 07:10:35,902 INFO o.a.j.t.JMeterThread: Stopping because end time detected by thread: TCC order-show 1-13
2026-09-10 07:10:35,902 INFO o.a.j.t.JMeterThread: Thread finished: TCC order-show 1-13
2026-09-10 07:10:35,909 INFO o.a.j.t.JMeterThread: Stopping because end time detected by thread: TCC order-show 1-31
2026-09-10 07:10:35,909 INFO o.a.j.t.JMeterThread: Thread finished: TCC order-show 1-31
2026-09-10 07:10:35,916 INFO o.a.j.t.JMeterThread: Stopping because end time detected by thread: TCC order-show 1-49
2026-09-10 07:10:35,916 INFO o.a.j.t.JMeterThread: Thread finished: TCC order-show 1-49
2026-09-10 07:10:35,923 INFO o.a.j.t.JMeterThread: Stopping because end time detected by thread: TCC order-show 1-26
2026-09-10 07:10:35,923 INFO o.a.j.t.JMeterThread: Thread finished: TCC order-show 1-26
2026-09-10 07:10:35,930 INFO o.a.j.t.JMeterThread: Stopping because end time detected by thread: TCC order-show 1-2
2026-09-10 07:10:35,931 INFO o.a.j.t.JMeterThread: Thread finished: TCC order-show 1-2
2026-09-10 07:10:35,937 INFO o.a.j.t.JMeterThread: Stopping because end time detected by thread: TCC order-show 1-42
2026-09-10 07:10:35,937 INFO o.a.j.t.JMeterThread: Thread finished: TCC order-show 1-42
2026-09-10 07:10:35,945 INFO o.a.j.t.JMeterThread: Stopping because end time detected by thread: TCC order-show 1-19
2026-09-10 07:10:35,945 INFO o.a.j.t.JMeterThread: Thread finished: TCC order-show 1-19
2026-09-10 07:10:35,952 INFO o.a.j.t.JMeterThread: Stopping because end time detected by thread: TCC order-show 1-38
2026-09-10 07:10:35,952 INFO o.a.j.t.JMeterThread: Thread finished: TCC order-show 1-38
2026-09-10 07:10:35,960 INFO o.a.j.t.JMeterThread: Stopping because end time detected by thread: TCC order-show 1-22
2026-09-10 07:10:35,960 INFO o.a.j.t.JMeterThread: Thread finished: TCC order-show 1-22
2026-09-10 07:10:35,967 INFO o.a.j.t.JMeterThread: Stopping because end time detected by thread: TCC order-show 1-46
2026-09-10 07:10:35,967 INFO o.a.j.t.JMeterThread: Thread finished: TCC order-show 1-46
2026-09-10 07:10:35,974 INFO o.a.j.t.JMeterThread: Stopping because end time detected by thread: TCC order-show 1-50
2026-09-10 07:10:35,974 INFO o.a.j.t.JMeterThread: Thread finished: TCC order-show 1-50
2026-09-10 07:10:35,974 INFO o.a.j.e.StandardJMeterEngine: Notifying test listeners of end of test
2026-09-10 07:10:35,977 INFO o.a.j.r.Summariser: summary +    825 in 00:00:06 =  138.1/s Avg:   361 Min:   341 Max:   391 Err:     0 (0.00%) Active: 0 Started: 50 Finished: 50
2026-09-10 07:10:35,977 INFO o.a.j.r.Summariser: summary =   3923 in 00:00:30 =  129.0/s Avg:   374 Min:    58 Max:   740 Err:     0 (0.00%)
