2026-09-10 02:49:05,414 INFO o.a.j.u.JMeterUtils: Setting Locale to en_EN
2026-09-10 02:49:05,432 INFO o.a.j.JMeter: Loading user properties from: /home/avituo/projects/tcc/tcc-container/.tools/apache-jmeter-5.6.3/bin/user.properties
2026-09-10 02:49:05,432 INFO o.a.j.JMeter: Loading system properties from: /home/avituo/projects/tcc/tcc-container/.tools/apache-jmeter-5.6.3/bin/system.properties
2026-09-10 02:49:05,432 INFO o.a.j.JMeter: Loading additional properties from: /home/avituo/projects/tcc/tcc-container/benchmark/jmeter/benchmark.properties
2026-09-10 02:49:05,433 INFO o.a.j.JMeter: Loading additional properties from: /tmp/tcc-benchmark-auth.KMYJjf/auth.properties
2026-09-10 02:49:05,433 INFO o.a.j.JMeter: Loading additional properties from: /home/avituo/projects/tcc/tcc-container/benchmark/results/laravel-13.20.0/final/products/c100/r2/microservices/thread-counters.properties
2026-09-10 02:49:05,433 INFO o.a.j.JMeter: Setting JMeter property: threads=100
2026-09-10 02:49:05,433 INFO o.a.j.JMeter: Setting JMeter property: duration_seconds=120
2026-09-10 02:49:05,433 INFO o.a.j.JMeter: Setting JMeter property: target_host=localhost
2026-09-10 02:49:05,433 INFO o.a.j.JMeter: Setting JMeter property: target_port=18080
2026-09-10 02:49:05,433 INFO o.a.j.JMeter: Setting JMeter property: tcc.order.id=20000000-0000-4000-8000-000000000001
2026-09-10 02:49:05,433 INFO o.a.j.JMeter: Setting JMeter property: repetition=2
2026-09-10 02:49:05,442 INFO o.a.j.JMeter: Copyright (c) 1998-2024 The Apache Software Foundation
2026-09-10 02:49:05,443 INFO o.a.j.JMeter: Version 5.6.3
2026-09-10 02:49:05,443 INFO o.a.j.JMeter: java.version=21.0.11
2026-09-10 02:49:05,443 INFO o.a.j.JMeter: java.vm.name=OpenJDK 64-Bit Server VM
2026-09-10 02:49:05,443 INFO o.a.j.JMeter: os.name=Linux
2026-09-10 02:49:05,443 INFO o.a.j.JMeter: os.arch=amd64
2026-09-10 02:49:05,443 INFO o.a.j.JMeter: os.version=7.0.11-76070011-generic
2026-09-10 02:49:05,443 INFO o.a.j.JMeter: file.encoding=UTF-8
2026-09-10 02:49:05,443 INFO o.a.j.JMeter: java.awt.headless=true
2026-09-10 02:49:05,443 INFO o.a.j.JMeter: Max memory     =1073741824
2026-09-10 02:49:05,443 INFO o.a.j.JMeter: Available Processors =16
2026-09-10 02:49:05,452 INFO o.a.j.JMeter: Default Locale=English (EN)
2026-09-10 02:49:05,452 INFO o.a.j.JMeter: JMeter  Locale=English (EN)
2026-09-10 02:49:05,452 INFO o.a.j.JMeter: JMeterHome=/home/avituo/projects/tcc/tcc-container/.tools/apache-jmeter-5.6.3
2026-09-10 02:49:05,452 INFO o.a.j.JMeter: user.dir  =/home/avituo/projects/tcc/tcc-container
2026-09-10 02:49:05,452 INFO o.a.j.JMeter: PWD       =/home/avituo/projects/tcc/tcc-container
2026-09-10 02:49:05,460 INFO o.a.j.JMeter: IP: 192.168.1.16 Name: pop-os FullName: pop-os.home
2026-09-10 02:49:05,472 INFO o.a.j.s.FileServer: Default base='/home/avituo/projects/tcc/tcc-container'
2026-09-10 02:49:05,474 INFO o.a.j.s.FileServer: Set new base='/home/avituo/projects/tcc/tcc-container/benchmark/jmeter'
2026-09-10 02:49:05,645 INFO o.a.j.s.SaveService: Testplan (JMX) version: 2.2. Testlog (JTL) version: 2.2
2026-09-10 02:49:05,669 INFO o.a.j.s.SaveService: Using SaveService properties version 5.0
2026-09-10 02:49:05,672 INFO o.a.j.s.SaveService: Using SaveService properties file encoding UTF-8
2026-09-10 02:49:05,676 INFO o.a.j.s.SaveService: Loading file: /home/avituo/projects/tcc/tcc-container/benchmark/jmeter/tcc-products-v1.jmx
2026-09-10 02:49:05,724 INFO o.a.j.p.h.s.HTTPSamplerBase: Parser for text/html is org.apache.jmeter.protocol.http.parser.LagartoBasedHtmlParser
2026-09-10 02:49:05,725 INFO o.a.j.p.h.s.HTTPSamplerBase: Parser for application/xhtml+xml is org.apache.jmeter.protocol.http.parser.LagartoBasedHtmlParser
2026-09-10 02:49:05,725 INFO o.a.j.p.h.s.HTTPSamplerBase: Parser for application/xml is org.apache.jmeter.protocol.http.parser.LagartoBasedHtmlParser
2026-09-10 02:49:05,725 INFO o.a.j.p.h.s.HTTPSamplerBase: Parser for text/xml is org.apache.jmeter.protocol.http.parser.LagartoBasedHtmlParser
2026-09-10 02:49:05,725 INFO o.a.j.p.h.s.HTTPSamplerBase: Parser for text/vnd.wap.wml is org.apache.jmeter.protocol.http.parser.RegexpHTMLParser
2026-09-10 02:49:05,725 INFO o.a.j.p.h.s.HTTPSamplerBase: Parser for text/css is org.apache.jmeter.protocol.http.parser.CssParser
2026-09-10 02:49:05,757 INFO o.a.j.JMeter: Creating summariser <summary>
2026-09-10 02:49:05,774 INFO o.a.j.e.StandardJMeterEngine: Running the test!
2026-09-10 02:49:05,775 INFO o.a.j.s.SampleEvent: List of sample_variables: []
2026-09-10 02:49:05,775 INFO o.a.j.s.SampleEvent: List of sample_variables: []
2026-09-10 02:49:05,780 INFO o.a.j.e.u.CompoundVariable: Note: Function class names must contain the string: '.functions.'
2026-09-10 02:49:05,780 INFO o.a.j.e.u.CompoundVariable: Note: Function class names must not contain the string: '.gui.'
2026-09-10 02:49:06,016 INFO o.a.j.JMeter: Running test (1789019346016)
2026-09-10 02:49:06,037 INFO o.a.j.e.StandardJMeterEngine: Starting ThreadGroup: 1 : TCC products
2026-09-10 02:49:06,037 INFO o.a.j.e.StandardJMeterEngine: Starting 100 threads for group TCC products.
2026-09-10 02:49:06,037 INFO o.a.j.e.StandardJMeterEngine: Thread will continue on error
2026-09-10 02:49:06,038 INFO o.a.j.t.ThreadGroup: Starting thread group... number=1 threads=100 ramp-up=0 delayedStart=false
2026-09-10 02:49:06,044 INFO o.a.j.t.JMeterThread: Thread started: TCC products 1-3
2026-09-10 02:49:06,044 INFO o.a.j.t.JMeterThread: Thread started: TCC products 1-1
2026-09-10 02:49:06,044 INFO o.a.j.t.JMeterThread: Thread started: TCC products 1-5
2026-09-10 02:49:06,044 INFO o.a.j.t.JMeterThread: Thread started: TCC products 1-4
2026-09-10 02:49:06,044 INFO o.a.j.t.JMeterThread: Thread started: TCC products 1-2
2026-09-10 02:49:06,045 INFO o.a.j.t.JMeterThread: Thread started: TCC products 1-6
2026-09-10 02:49:06,046 INFO o.a.j.t.JMeterThread: Thread started: TCC products 1-7
2026-09-10 02:49:06,046 INFO o.a.j.t.JMeterThread: Thread started: TCC products 1-8
2026-09-10 02:49:06,047 INFO o.a.j.t.JMeterThread: Thread started: TCC products 1-9
2026-09-10 02:49:06,047 INFO o.a.j.t.JMeterThread: Thread started: TCC products 1-10
2026-09-10 02:49:06,048 INFO o.a.j.t.JMeterThread: Thread started: TCC products 1-11
2026-09-10 02:49:06,049 INFO o.a.j.t.JMeterThread: Thread started: TCC products 1-12
2026-09-10 02:49:06,050 INFO o.a.j.t.JMeterThread: Thread started: TCC products 1-13
2026-09-10 02:49:06,050 INFO o.a.j.t.JMeterThread: Thread started: TCC products 1-14
2026-09-10 02:49:06,051 INFO o.a.j.t.JMeterThread: Thread started: TCC products 1-15
2026-09-10 02:49:06,053 INFO o.a.j.t.JMeterThread: Thread started: TCC products 1-16
2026-09-10 02:49:06,053 INFO o.a.j.t.JMeterThread: Thread started: TCC products 1-17
2026-09-10 02:49:06,054 INFO o.a.j.t.JMeterThread: Thread started: TCC products 1-18
2026-09-10 02:49:06,055 INFO o.a.j.t.JMeterThread: Thread started: TCC products 1-19
2026-09-10 02:49:06,056 INFO o.a.j.t.JMeterThread: Thread started: TCC products 1-20
2026-09-10 02:49:06,056 INFO o.a.j.t.JMeterThread: Thread started: TCC products 1-21
2026-09-10 02:49:06,057 INFO o.a.j.t.JMeterThread: Thread started: TCC products 1-22
2026-09-10 02:49:06,058 INFO o.a.j.t.JMeterThread: Thread started: TCC products 1-23
2026-09-10 02:49:06,058 INFO o.a.j.t.JMeterThread: Thread started: TCC products 1-24
2026-09-10 02:49:06,059 INFO o.a.j.t.JMeterThread: Thread started: TCC products 1-25
2026-09-10 02:49:06,059 INFO o.a.j.t.JMeterThread: Thread started: TCC products 1-26
2026-09-10 02:49:06,060 INFO o.a.j.t.JMeterThread: Thread started: TCC products 1-27
2026-09-10 02:49:06,061 INFO o.a.j.t.JMeterThread: Thread started: TCC products 1-28
2026-09-10 02:49:06,062 INFO o.a.j.t.JMeterThread: Thread started: TCC products 1-29
2026-09-10 02:49:06,063 INFO o.a.j.t.JMeterThread: Thread started: TCC products 1-30
2026-09-10 02:49:06,063 INFO o.a.j.t.JMeterThread: Thread started: TCC products 1-31
2026-09-10 02:49:06,064 INFO o.a.j.t.JMeterThread: Thread started: TCC products 1-33
2026-09-10 02:49:06,064 INFO o.a.j.t.JMeterThread: Thread started: TCC products 1-34
2026-09-10 02:49:06,064 INFO o.a.j.t.JMeterThread: Thread started: TCC products 1-32
2026-09-10 02:49:06,065 INFO o.a.j.t.JMeterThread: Thread started: TCC products 1-35
2026-09-10 02:49:06,065 INFO o.a.j.t.JMeterThread: Thread started: TCC products 1-36
2026-09-10 02:49:06,066 INFO o.a.j.t.JMeterThread: Thread started: TCC products 1-37
2026-09-10 02:49:06,066 INFO o.a.j.t.JMeterThread: Thread started: TCC products 1-38
2026-09-10 02:49:06,067 INFO o.a.j.t.JMeterThread: Thread started: TCC products 1-39
2026-09-10 02:49:06,067 INFO o.a.j.t.JMeterThread: Thread started: TCC products 1-40
2026-09-10 02:49:06,067 INFO o.a.j.t.JMeterThread: Thread started: TCC products 1-41
2026-09-10 02:49:06,068 INFO o.a.j.t.JMeterThread: Thread started: TCC products 1-42
2026-09-10 02:49:06,069 INFO o.a.j.t.JMeterThread: Thread started: TCC products 1-44
2026-09-10 02:49:06,069 INFO o.a.j.t.JMeterThread: Thread started: TCC products 1-43
2026-09-10 02:49:06,070 INFO o.a.j.t.JMeterThread: Thread started: TCC products 1-45
2026-09-10 02:49:06,070 INFO o.a.j.t.JMeterThread: Thread started: TCC products 1-46
2026-09-10 02:49:06,071 INFO o.a.j.p.h.s.HTTPHCAbstractImpl: Local host = pop-os
2026-09-10 02:49:06,071 INFO o.a.j.t.JMeterThread: Thread started: TCC products 1-47
2026-09-10 02:49:06,072 INFO o.a.j.t.JMeterThread: Thread started: TCC products 1-48
2026-09-10 02:49:06,072 INFO o.a.j.t.JMeterThread: Thread started: TCC products 1-49
2026-09-10 02:49:06,073 INFO o.a.j.t.JMeterThread: Thread started: TCC products 1-50
2026-09-10 02:49:06,073 INFO o.a.j.t.JMeterThread: Thread started: TCC products 1-51
2026-09-10 02:49:06,074 INFO o.a.j.t.JMeterThread: Thread started: TCC products 1-52
2026-09-10 02:49:06,075 INFO o.a.j.t.JMeterThread: Thread started: TCC products 1-53
2026-09-10 02:49:06,075 INFO o.a.j.t.JMeterThread: Thread started: TCC products 1-54
2026-09-10 02:49:06,075 INFO o.a.j.t.JMeterThread: Thread started: TCC products 1-55
2026-09-10 02:49:06,076 INFO o.a.j.t.JMeterThread: Thread started: TCC products 1-56
2026-09-10 02:49:06,076 INFO o.a.j.t.JMeterThread: Thread started: TCC products 1-57
2026-09-10 02:49:06,077 INFO o.a.j.t.JMeterThread: Thread started: TCC products 1-58
2026-09-10 02:49:06,077 INFO o.a.j.t.JMeterThread: Thread started: TCC products 1-59
2026-09-10 02:49:06,077 INFO o.a.j.t.JMeterThread: Thread started: TCC products 1-60
2026-09-10 02:49:06,078 INFO o.a.j.t.JMeterThread: Thread started: TCC products 1-61
2026-09-10 02:49:06,079 INFO o.a.j.t.JMeterThread: Thread started: TCC products 1-62
2026-09-10 02:49:06,080 INFO o.a.j.t.JMeterThread: Thread started: TCC products 1-63
2026-09-10 02:49:06,080 INFO o.a.j.p.h.s.HTTPHC4Impl: HTTP request retry count = 0
2026-09-10 02:49:06,081 INFO o.a.j.t.JMeterThread: Thread started: TCC products 1-64
2026-09-10 02:49:06,081 INFO o.a.j.t.JMeterThread: Thread started: TCC products 1-65
2026-09-10 02:49:06,082 INFO o.a.j.s.SampleResult: Note: Sample TimeStamps are START times
2026-09-10 02:49:06,082 INFO o.a.j.s.SampleResult: sampleresult.default.encoding is set to UTF-8
2026-09-10 02:49:06,082 INFO o.a.j.s.SampleResult: sampleresult.useNanoTime=true
2026-09-10 02:49:06,082 INFO o.a.j.t.JMeterThread: Thread started: TCC products 1-67
2026-09-10 02:49:06,083 INFO o.a.j.s.SampleResult: sampleresult.nanoThreadSleep=5000
2026-09-10 02:49:06,082 INFO o.a.j.t.JMeterThread: Thread started: TCC products 1-66
2026-09-10 02:49:06,083 INFO o.a.j.t.JMeterThread: Thread started: TCC products 1-68
2026-09-10 02:49:06,084 INFO o.a.j.t.JMeterThread: Thread started: TCC products 1-69
2026-09-10 02:49:06,084 INFO o.a.j.t.JMeterThread: Thread started: TCC products 1-70
2026-09-10 02:49:06,084 INFO o.a.j.t.JMeterThread: Thread started: TCC products 1-71
2026-09-10 02:49:06,085 INFO o.a.j.t.JMeterThread: Thread started: TCC products 1-72
2026-09-10 02:49:06,086 INFO o.a.j.t.JMeterThread: Thread started: TCC products 1-73
2026-09-10 02:49:06,086 INFO o.a.j.t.JMeterThread: Thread started: TCC products 1-74
2026-09-10 02:49:06,087 INFO o.a.j.t.JMeterThread: Thread started: TCC products 1-75
2026-09-10 02:49:06,087 INFO o.a.j.t.JMeterThread: Thread started: TCC products 1-76
2026-09-10 02:49:06,089 INFO o.a.j.t.JMeterThread: Thread started: TCC products 1-77
2026-09-10 02:49:06,089 INFO o.a.j.t.JMeterThread: Thread started: TCC products 1-78
2026-09-10 02:49:06,090 INFO o.a.j.t.JMeterThread: Thread started: TCC products 1-79
2026-09-10 02:49:06,090 INFO o.a.j.t.JMeterThread: Thread started: TCC products 1-80
2026-09-10 02:49:06,091 INFO o.a.j.t.JMeterThread: Thread started: TCC products 1-82
2026-09-10 02:49:06,091 INFO o.a.j.t.JMeterThread: Thread started: TCC products 1-81
2026-09-10 02:49:06,092 INFO o.a.j.t.JMeterThread: Thread started: TCC products 1-83
2026-09-10 02:49:06,092 INFO o.a.j.t.JMeterThread: Thread started: TCC products 1-84
2026-09-10 02:49:06,093 INFO o.a.j.t.JMeterThread: Thread started: TCC products 1-85
2026-09-10 02:49:06,093 INFO o.a.j.t.JMeterThread: Thread started: TCC products 1-86
2026-09-10 02:49:06,094 INFO o.a.j.t.JMeterThread: Thread started: TCC products 1-87
2026-09-10 02:49:06,094 INFO o.a.j.t.JMeterThread: Thread started: TCC products 1-88
2026-09-10 02:49:06,094 INFO o.a.j.t.JMeterThread: Thread started: TCC products 1-89
2026-09-10 02:49:06,095 INFO o.a.j.t.JMeterThread: Thread started: TCC products 1-90
2026-09-10 02:49:06,095 INFO o.a.j.t.JMeterThread: Thread started: TCC products 1-91
2026-09-10 02:49:06,095 INFO o.a.j.t.JMeterThread: Thread started: TCC products 1-92
2026-09-10 02:49:06,096 INFO o.a.j.t.JMeterThread: Thread started: TCC products 1-93
2026-09-10 02:49:06,096 INFO o.a.j.t.JMeterThread: Thread started: TCC products 1-94
2026-09-10 02:49:06,096 INFO o.a.j.t.JMeterThread: Thread started: TCC products 1-95
2026-09-10 02:49:06,097 INFO o.a.j.t.JMeterThread: Thread started: TCC products 1-96
2026-09-10 02:49:06,097 INFO o.a.j.t.JMeterThread: Thread started: TCC products 1-97
2026-09-10 02:49:06,098 INFO o.a.j.t.JMeterThread: Thread started: TCC products 1-98
2026-09-10 02:49:06,098 INFO o.a.j.t.JMeterThread: Thread started: TCC products 1-99
2026-09-10 02:49:06,098 INFO o.a.j.t.ThreadGroup: Started thread group number 1
2026-09-10 02:49:06,098 INFO o.a.j.e.StandardJMeterEngine: All thread groups have been started
2026-09-10 02:49:06,099 INFO o.a.j.t.JMeterThread: Thread started: TCC products 1-100
2026-09-10 02:49:30,006 INFO o.a.j.r.Summariser: summary +   2971 in 00:00:24 =  123.8/s Avg:   770 Min:   110 Max:  1350 Err:     0 (0.00%) Active: 100 Started: 100 Finished: 0
2026-09-10 02:50:00,001 INFO o.a.j.r.Summariser: summary +   3898 in 00:00:30 =  130.0/s Avg:   768 Min:   738 Max:   832 Err:     0 (0.00%) Active: 100 Started: 100 Finished: 0
2026-09-10 02:50:00,001 INFO o.a.j.r.Summariser: summary =   6869 in 00:00:54 =  127.2/s Avg:   769 Min:   110 Max:  1350 Err:     0 (0.00%)
2026-09-10 02:50:30,005 INFO o.a.j.r.Summariser: summary +   3943 in 00:00:30 =  131.4/s Avg:   760 Min:   735 Max:   793 Err:     0 (0.00%) Active: 100 Started: 100 Finished: 0
2026-09-10 02:50:30,005 INFO o.a.j.r.Summariser: summary =  10812 in 00:01:24 =  128.7/s Avg:   766 Min:   110 Max:  1350 Err:     0 (0.00%)
2026-09-10 02:51:00,004 INFO o.a.j.r.Summariser: summary +   3911 in 00:00:30 =  130.4/s Avg:   766 Min:   745 Max:   790 Err:     0 (0.00%) Active: 100 Started: 100 Finished: 0
2026-09-10 02:51:00,004 INFO o.a.j.r.Summariser: summary =  14723 in 00:01:54 =  129.2/s Avg:   766 Min:   110 Max:  1350 Err:     0 (0.00%)
2026-09-10 02:51:06,074 INFO o.a.j.t.JMeterThread: Stopping because end time detected by thread: TCC products 1-49
2026-09-10 02:51:06,074 INFO o.a.j.t.JMeterThread: Thread finished: TCC products 1-49
2026-09-10 02:51:06,082 INFO o.a.j.t.JMeterThread: Stopping because end time detected by thread: TCC products 1-17
2026-09-10 02:51:06,082 INFO o.a.j.t.JMeterThread: Thread finished: TCC products 1-17
2026-09-10 02:51:06,089 INFO o.a.j.t.JMeterThread: Stopping because end time detected by thread: TCC products 1-59
2026-09-10 02:51:06,089 INFO o.a.j.t.JMeterThread: Thread finished: TCC products 1-59
2026-09-10 02:51:06,096 INFO o.a.j.t.JMeterThread: Stopping because end time detected by thread: TCC products 1-50
2026-09-10 02:51:06,097 INFO o.a.j.t.JMeterThread: Thread finished: TCC products 1-50
2026-09-10 02:51:06,104 INFO o.a.j.t.JMeterThread: Stopping because end time detected by thread: TCC products 1-26
2026-09-10 02:51:06,104 INFO o.a.j.t.JMeterThread: Thread finished: TCC products 1-26
2026-09-10 02:51:06,111 INFO o.a.j.t.JMeterThread: Stopping because end time detected by thread: TCC products 1-38
2026-09-10 02:51:06,111 INFO o.a.j.t.JMeterThread: Thread finished: TCC products 1-38
2026-09-10 02:51:06,118 INFO o.a.j.t.JMeterThread: Stopping because end time detected by thread: TCC products 1-96
2026-09-10 02:51:06,118 INFO o.a.j.t.JMeterThread: Thread finished: TCC products 1-96
2026-09-10 02:51:06,126 INFO o.a.j.t.JMeterThread: Stopping because end time detected by thread: TCC products 1-94
2026-09-10 02:51:06,126 INFO o.a.j.t.JMeterThread: Thread finished: TCC products 1-94
2026-09-10 02:51:06,133 INFO o.a.j.t.JMeterThread: Stopping because end time detected by thread: TCC products 1-88
2026-09-10 02:51:06,134 INFO o.a.j.t.JMeterThread: Thread finished: TCC products 1-88
2026-09-10 02:51:06,141 INFO o.a.j.t.JMeterThread: Stopping because end time detected by thread: TCC products 1-78
2026-09-10 02:51:06,141 INFO o.a.j.t.JMeterThread: Thread finished: TCC products 1-78
2026-09-10 02:51:06,149 INFO o.a.j.t.JMeterThread: Stopping because end time detected by thread: TCC products 1-97
2026-09-10 02:51:06,149 INFO o.a.j.t.JMeterThread: Thread finished: TCC products 1-97
2026-09-10 02:51:06,156 INFO o.a.j.t.JMeterThread: Stopping because end time detected by thread: TCC products 1-48
2026-09-10 02:51:06,156 INFO o.a.j.t.JMeterThread: Thread finished: TCC products 1-48
2026-09-10 02:51:06,164 INFO o.a.j.t.JMeterThread: Stopping because end time detected by thread: TCC products 1-25
2026-09-10 02:51:06,164 INFO o.a.j.t.JMeterThread: Thread finished: TCC products 1-25
2026-09-10 02:51:06,172 INFO o.a.j.t.JMeterThread: Stopping because end time detected by thread: TCC products 1-43
2026-09-10 02:51:06,172 INFO o.a.j.t.JMeterThread: Thread finished: TCC products 1-43
2026-09-10 02:51:06,180 INFO o.a.j.t.JMeterThread: Stopping because end time detected by thread: TCC products 1-61
2026-09-10 02:51:06,180 INFO o.a.j.t.JMeterThread: Thread finished: TCC products 1-61
2026-09-10 02:51:06,187 INFO o.a.j.t.JMeterThread: Stopping because end time detected by thread: TCC products 1-99
2026-09-10 02:51:06,188 INFO o.a.j.t.JMeterThread: Thread finished: TCC products 1-99
2026-09-10 02:51:06,195 INFO o.a.j.t.JMeterThread: Stopping because end time detected by thread: TCC products 1-69
2026-09-10 02:51:06,195 INFO o.a.j.t.JMeterThread: Thread finished: TCC products 1-69
2026-09-10 02:51:06,203 INFO o.a.j.t.JMeterThread: Stopping because end time detected by thread: TCC products 1-11
2026-09-10 02:51:06,203 INFO o.a.j.t.JMeterThread: Thread finished: TCC products 1-11
2026-09-10 02:51:06,210 INFO o.a.j.t.JMeterThread: Stopping because end time detected by thread: TCC products 1-41
2026-09-10 02:51:06,210 INFO o.a.j.t.JMeterThread: Thread finished: TCC products 1-41
2026-09-10 02:51:06,218 INFO o.a.j.t.JMeterThread: Stopping because end time detected by thread: TCC products 1-58
2026-09-10 02:51:06,218 INFO o.a.j.t.JMeterThread: Thread finished: TCC products 1-58
2026-09-10 02:51:06,226 INFO o.a.j.t.JMeterThread: Stopping because end time detected by thread: TCC products 1-89
2026-09-10 02:51:06,226 INFO o.a.j.t.JMeterThread: Thread finished: TCC products 1-89
2026-09-10 02:51:06,234 INFO o.a.j.t.JMeterThread: Stopping because end time detected by thread: TCC products 1-7
2026-09-10 02:51:06,234 INFO o.a.j.t.JMeterThread: Thread finished: TCC products 1-7
2026-09-10 02:51:06,241 INFO o.a.j.t.JMeterThread: Stopping because end time detected by thread: TCC products 1-70
2026-09-10 02:51:06,241 INFO o.a.j.t.JMeterThread: Thread finished: TCC products 1-70
2026-09-10 02:51:06,248 INFO o.a.j.t.JMeterThread: Stopping because end time detected by thread: TCC products 1-52
2026-09-10 02:51:06,249 INFO o.a.j.t.JMeterThread: Thread finished: TCC products 1-52
2026-09-10 02:51:06,256 INFO o.a.j.t.JMeterThread: Stopping because end time detected by thread: TCC products 1-47
2026-09-10 02:51:06,256 INFO o.a.j.t.JMeterThread: Thread finished: TCC products 1-47
2026-09-10 02:51:06,263 INFO o.a.j.t.JMeterThread: Stopping because end time detected by thread: TCC products 1-60
2026-09-10 02:51:06,264 INFO o.a.j.t.JMeterThread: Thread finished: TCC products 1-60
2026-09-10 02:51:06,271 INFO o.a.j.t.JMeterThread: Stopping because end time detected by thread: TCC products 1-55
2026-09-10 02:51:06,271 INFO o.a.j.t.JMeterThread: Thread finished: TCC products 1-55
2026-09-10 02:51:06,278 INFO o.a.j.t.JMeterThread: Stopping because end time detected by thread: TCC products 1-68
2026-09-10 02:51:06,279 INFO o.a.j.t.JMeterThread: Thread finished: TCC products 1-68
2026-09-10 02:51:06,286 INFO o.a.j.t.JMeterThread: Stopping because end time detected by thread: TCC products 1-64
2026-09-10 02:51:06,286 INFO o.a.j.t.JMeterThread: Thread finished: TCC products 1-64
2026-09-10 02:51:06,293 INFO o.a.j.t.JMeterThread: Stopping because end time detected by thread: TCC products 1-42
2026-09-10 02:51:06,293 INFO o.a.j.t.JMeterThread: Thread finished: TCC products 1-42
2026-09-10 02:51:06,301 INFO o.a.j.t.JMeterThread: Stopping because end time detected by thread: TCC products 1-45
2026-09-10 02:51:06,301 INFO o.a.j.t.JMeterThread: Thread finished: TCC products 1-45
2026-09-10 02:51:06,308 INFO o.a.j.t.JMeterThread: Stopping because end time detected by thread: TCC products 1-92
2026-09-10 02:51:06,309 INFO o.a.j.t.JMeterThread: Thread finished: TCC products 1-92
2026-09-10 02:51:06,316 INFO o.a.j.t.JMeterThread: Stopping because end time detected by thread: TCC products 1-10
2026-09-10 02:51:06,316 INFO o.a.j.t.JMeterThread: Thread finished: TCC products 1-10
2026-09-10 02:51:06,324 INFO o.a.j.t.JMeterThread: Stopping because end time detected by thread: TCC products 1-73
2026-09-10 02:51:06,324 INFO o.a.j.t.JMeterThread: Thread finished: TCC products 1-73
2026-09-10 02:51:06,331 INFO o.a.j.t.JMeterThread: Stopping because end time detected by thread: TCC products 1-66
2026-09-10 02:51:06,331 INFO o.a.j.t.JMeterThread: Thread finished: TCC products 1-66
2026-09-10 02:51:06,338 INFO o.a.j.t.JMeterThread: Stopping because end time detected by thread: TCC products 1-67
2026-09-10 02:51:06,338 INFO o.a.j.t.JMeterThread: Thread finished: TCC products 1-67
2026-09-10 02:51:06,345 INFO o.a.j.t.JMeterThread: Stopping because end time detected by thread: TCC products 1-31
2026-09-10 02:51:06,346 INFO o.a.j.t.JMeterThread: Thread finished: TCC products 1-31
2026-09-10 02:51:06,353 INFO o.a.j.t.JMeterThread: Stopping because end time detected by thread: TCC products 1-95
2026-09-10 02:51:06,353 INFO o.a.j.t.JMeterThread: Thread finished: TCC products 1-95
2026-09-10 02:51:06,360 INFO o.a.j.t.JMeterThread: Stopping because end time detected by thread: TCC products 1-34
2026-09-10 02:51:06,360 INFO o.a.j.t.JMeterThread: Thread finished: TCC products 1-34
2026-09-10 02:51:06,367 INFO o.a.j.t.JMeterThread: Stopping because end time detected by thread: TCC products 1-98
2026-09-10 02:51:06,368 INFO o.a.j.t.JMeterThread: Thread finished: TCC products 1-98
2026-09-10 02:51:06,375 INFO o.a.j.t.JMeterThread: Stopping because end time detected by thread: TCC products 1-22
2026-09-10 02:51:06,375 INFO o.a.j.t.JMeterThread: Thread finished: TCC products 1-22
2026-09-10 02:51:06,382 INFO o.a.j.t.JMeterThread: Stopping because end time detected by thread: TCC products 1-46
2026-09-10 02:51:06,382 INFO o.a.j.t.JMeterThread: Thread finished: TCC products 1-46
2026-09-10 02:51:06,390 INFO o.a.j.t.JMeterThread: Stopping because end time detected by thread: TCC products 1-5
2026-09-10 02:51:06,390 INFO o.a.j.t.JMeterThread: Thread finished: TCC products 1-5
2026-09-10 02:51:06,398 INFO o.a.j.t.JMeterThread: Stopping because end time detected by thread: TCC products 1-85
2026-09-10 02:51:06,398 INFO o.a.j.t.JMeterThread: Thread finished: TCC products 1-85
2026-09-10 02:51:06,405 INFO o.a.j.t.JMeterThread: Stopping because end time detected by thread: TCC products 1-40
2026-09-10 02:51:06,405 INFO o.a.j.t.JMeterThread: Thread finished: TCC products 1-40
2026-09-10 02:51:06,413 INFO o.a.j.t.JMeterThread: Stopping because end time detected by thread: TCC products 1-14
2026-09-10 02:51:06,413 INFO o.a.j.t.JMeterThread: Thread finished: TCC products 1-14
2026-09-10 02:51:06,420 INFO o.a.j.t.JMeterThread: Stopping because end time detected by thread: TCC products 1-93
2026-09-10 02:51:06,420 INFO o.a.j.t.JMeterThread: Thread finished: TCC products 1-93
2026-09-10 02:51:06,427 INFO o.a.j.t.JMeterThread: Stopping because end time detected by thread: TCC products 1-24
2026-09-10 02:51:06,427 INFO o.a.j.t.JMeterThread: Thread finished: TCC products 1-24
2026-09-10 02:51:06,435 INFO o.a.j.t.JMeterThread: Stopping because end time detected by thread: TCC products 1-79
2026-09-10 02:51:06,435 INFO o.a.j.t.JMeterThread: Thread finished: TCC products 1-79
2026-09-10 02:51:06,442 INFO o.a.j.t.JMeterThread: Stopping because end time detected by thread: TCC products 1-20
2026-09-10 02:51:06,442 INFO o.a.j.t.JMeterThread: Thread finished: TCC products 1-20
2026-09-10 02:51:06,449 INFO o.a.j.t.JMeterThread: Stopping because end time detected by thread: TCC products 1-4
2026-09-10 02:51:06,450 INFO o.a.j.t.JMeterThread: Thread finished: TCC products 1-4
2026-09-10 02:51:06,457 INFO o.a.j.t.JMeterThread: Stopping because end time detected by thread: TCC products 1-19
2026-09-10 02:51:06,457 INFO o.a.j.t.JMeterThread: Thread finished: TCC products 1-19
2026-09-10 02:51:06,464 INFO o.a.j.t.JMeterThread: Stopping because end time detected by thread: TCC products 1-86
2026-09-10 02:51:06,465 INFO o.a.j.t.JMeterThread: Thread finished: TCC products 1-86
2026-09-10 02:51:06,472 INFO o.a.j.t.JMeterThread: Stopping because end time detected by thread: TCC products 1-32
2026-09-10 02:51:06,472 INFO o.a.j.t.JMeterThread: Thread finished: TCC products 1-32
2026-09-10 02:51:06,480 INFO o.a.j.t.JMeterThread: Stopping because end time detected by thread: TCC products 1-13
2026-09-10 02:51:06,480 INFO o.a.j.t.JMeterThread: Thread finished: TCC products 1-13
2026-09-10 02:51:06,486 INFO o.a.j.t.JMeterThread: Stopping because end time detected by thread: TCC products 1-21
2026-09-10 02:51:06,487 INFO o.a.j.t.JMeterThread: Thread finished: TCC products 1-21
2026-09-10 02:51:06,493 INFO o.a.j.t.JMeterThread: Stopping because end time detected by thread: TCC products 1-28
2026-09-10 02:51:06,494 INFO o.a.j.t.JMeterThread: Thread finished: TCC products 1-28
2026-09-10 02:51:06,501 INFO o.a.j.t.JMeterThread: Stopping because end time detected by thread: TCC products 1-15
2026-09-10 02:51:06,501 INFO o.a.j.t.JMeterThread: Thread finished: TCC products 1-15
2026-09-10 02:51:06,508 INFO o.a.j.t.JMeterThread: Stopping because end time detected by thread: TCC products 1-27
2026-09-10 02:51:06,508 INFO o.a.j.t.JMeterThread: Thread finished: TCC products 1-27
2026-09-10 02:51:06,515 INFO o.a.j.t.JMeterThread: Stopping because end time detected by thread: TCC products 1-84
2026-09-10 02:51:06,515 INFO o.a.j.t.JMeterThread: Thread finished: TCC products 1-84
2026-09-10 02:51:06,522 INFO o.a.j.t.JMeterThread: Stopping because end time detected by thread: TCC products 1-16
2026-09-10 02:51:06,522 INFO o.a.j.t.JMeterThread: Thread finished: TCC products 1-16
2026-09-10 02:51:06,530 INFO o.a.j.t.JMeterThread: Stopping because end time detected by thread: TCC products 1-39
2026-09-10 02:51:06,530 INFO o.a.j.t.JMeterThread: Thread finished: TCC products 1-39
2026-09-10 02:51:06,537 INFO o.a.j.t.JMeterThread: Stopping because end time detected by thread: TCC products 1-76
2026-09-10 02:51:06,537 INFO o.a.j.t.JMeterThread: Thread finished: TCC products 1-76
2026-09-10 02:51:06,544 INFO o.a.j.t.JMeterThread: Stopping because end time detected by thread: TCC products 1-82
2026-09-10 02:51:06,544 INFO o.a.j.t.JMeterThread: Thread finished: TCC products 1-82
2026-09-10 02:51:06,552 INFO o.a.j.t.JMeterThread: Stopping because end time detected by thread: TCC products 1-75
2026-09-10 02:51:06,552 INFO o.a.j.t.JMeterThread: Thread finished: TCC products 1-75
2026-09-10 02:51:06,559 INFO o.a.j.t.JMeterThread: Stopping because end time detected by thread: TCC products 1-37
2026-09-10 02:51:06,559 INFO o.a.j.t.JMeterThread: Thread finished: TCC products 1-37
2026-09-10 02:51:06,567 INFO o.a.j.t.JMeterThread: Stopping because end time detected by thread: TCC products 1-18
2026-09-10 02:51:06,567 INFO o.a.j.t.JMeterThread: Thread finished: TCC products 1-18
2026-09-10 02:51:06,575 INFO o.a.j.t.JMeterThread: Stopping because end time detected by thread: TCC products 1-90
2026-09-10 02:51:06,575 INFO o.a.j.t.JMeterThread: Thread finished: TCC products 1-90
2026-09-10 02:51:06,581 INFO o.a.j.t.JMeterThread: Stopping because end time detected by thread: TCC products 1-44
2026-09-10 02:51:06,582 INFO o.a.j.t.JMeterThread: Thread finished: TCC products 1-44
2026-09-10 02:51:06,589 INFO o.a.j.t.JMeterThread: Stopping because end time detected by thread: TCC products 1-71
2026-09-10 02:51:06,589 INFO o.a.j.t.JMeterThread: Thread finished: TCC products 1-71
2026-09-10 02:51:06,596 INFO o.a.j.t.JMeterThread: Stopping because end time detected by thread: TCC products 1-1
2026-09-10 02:51:06,596 INFO o.a.j.t.JMeterThread: Thread finished: TCC products 1-1
2026-09-10 02:51:06,603 INFO o.a.j.t.JMeterThread: Stopping because end time detected by thread: TCC products 1-8
2026-09-10 02:51:06,603 INFO o.a.j.t.JMeterThread: Thread finished: TCC products 1-8
2026-09-10 02:51:06,610 INFO o.a.j.t.JMeterThread: Stopping because end time detected by thread: TCC products 1-80
2026-09-10 02:51:06,610 INFO o.a.j.t.JMeterThread: Thread finished: TCC products 1-80
2026-09-10 02:51:06,618 INFO o.a.j.t.JMeterThread: Stopping because end time detected by thread: TCC products 1-51
2026-09-10 02:51:06,618 INFO o.a.j.t.JMeterThread: Thread finished: TCC products 1-51
2026-09-10 02:51:06,625 INFO o.a.j.t.JMeterThread: Stopping because end time detected by thread: TCC products 1-2
2026-09-10 02:51:06,625 INFO o.a.j.t.JMeterThread: Thread finished: TCC products 1-2
2026-09-10 02:51:06,632 INFO o.a.j.t.JMeterThread: Stopping because end time detected by thread: TCC products 1-83
2026-09-10 02:51:06,632 INFO o.a.j.t.JMeterThread: Thread finished: TCC products 1-83
2026-09-10 02:51:06,640 INFO o.a.j.t.JMeterThread: Stopping because end time detected by thread: TCC products 1-29
2026-09-10 02:51:06,640 INFO o.a.j.t.JMeterThread: Thread finished: TCC products 1-29
2026-09-10 02:51:06,647 INFO o.a.j.t.JMeterThread: Stopping because end time detected by thread: TCC products 1-81
2026-09-10 02:51:06,647 INFO o.a.j.t.JMeterThread: Thread finished: TCC products 1-81
2026-09-10 02:51:06,654 INFO o.a.j.t.JMeterThread: Stopping because end time detected by thread: TCC products 1-77
2026-09-10 02:51:06,654 INFO o.a.j.t.JMeterThread: Thread finished: TCC products 1-77
2026-09-10 02:51:06,662 INFO o.a.j.t.JMeterThread: Stopping because end time detected by thread: TCC products 1-56
2026-09-10 02:51:06,662 INFO o.a.j.t.JMeterThread: Thread finished: TCC products 1-56
2026-09-10 02:51:06,669 INFO o.a.j.t.JMeterThread: Stopping because end time detected by thread: TCC products 1-33
2026-09-10 02:51:06,670 INFO o.a.j.t.JMeterThread: Thread finished: TCC products 1-33
2026-09-10 02:51:06,676 INFO o.a.j.t.JMeterThread: Stopping because end time detected by thread: TCC products 1-62
2026-09-10 02:51:06,676 INFO o.a.j.t.JMeterThread: Thread finished: TCC products 1-62
2026-09-10 02:51:06,684 INFO o.a.j.t.JMeterThread: Stopping because end time detected by thread: TCC products 1-3
2026-09-10 02:51:06,684 INFO o.a.j.t.JMeterThread: Thread finished: TCC products 1-3
2026-09-10 02:51:06,691 INFO o.a.j.t.JMeterThread: Stopping because end time detected by thread: TCC products 1-100
2026-09-10 02:51:06,691 INFO o.a.j.t.JMeterThread: Thread finished: TCC products 1-100
2026-09-10 02:51:06,698 INFO o.a.j.t.JMeterThread: Stopping because end time detected by thread: TCC products 1-35
2026-09-10 02:51:06,698 INFO o.a.j.t.JMeterThread: Thread finished: TCC products 1-35
2026-09-10 02:51:06,706 INFO o.a.j.t.JMeterThread: Stopping because end time detected by thread: TCC products 1-12
2026-09-10 02:51:06,706 INFO o.a.j.t.JMeterThread: Thread finished: TCC products 1-12
2026-09-10 02:51:06,713 INFO o.a.j.t.JMeterThread: Stopping because end time detected by thread: TCC products 1-53
2026-09-10 02:51:06,713 INFO o.a.j.t.JMeterThread: Thread finished: TCC products 1-53
2026-09-10 02:51:06,720 INFO o.a.j.t.JMeterThread: Stopping because end time detected by thread: TCC products 1-57
2026-09-10 02:51:06,720 INFO o.a.j.t.JMeterThread: Thread finished: TCC products 1-57
2026-09-10 02:51:06,728 INFO o.a.j.t.JMeterThread: Stopping because end time detected by thread: TCC products 1-6
2026-09-10 02:51:06,728 INFO o.a.j.t.JMeterThread: Thread finished: TCC products 1-6
2026-09-10 02:51:06,735 INFO o.a.j.t.JMeterThread: Stopping because end time detected by thread: TCC products 1-54
2026-09-10 02:51:06,735 INFO o.a.j.t.JMeterThread: Thread finished: TCC products 1-54
2026-09-10 02:51:06,742 INFO o.a.j.t.JMeterThread: Stopping because end time detected by thread: TCC products 1-36
2026-09-10 02:51:06,742 INFO o.a.j.t.JMeterThread: Thread finished: TCC products 1-36
2026-09-10 02:51:06,749 INFO o.a.j.t.JMeterThread: Stopping because end time detected by thread: TCC products 1-65
2026-09-10 02:51:06,749 INFO o.a.j.t.JMeterThread: Thread finished: TCC products 1-65
2026-09-10 02:51:06,756 INFO o.a.j.t.JMeterThread: Stopping because end time detected by thread: TCC products 1-91
2026-09-10 02:51:06,756 INFO o.a.j.t.JMeterThread: Thread finished: TCC products 1-91
2026-09-10 02:51:06,764 INFO o.a.j.t.JMeterThread: Stopping because end time detected by thread: TCC products 1-23
2026-09-10 02:51:06,764 INFO o.a.j.t.JMeterThread: Thread finished: TCC products 1-23
2026-09-10 02:51:06,771 INFO o.a.j.t.JMeterThread: Stopping because end time detected by thread: TCC products 1-63
2026-09-10 02:51:06,771 INFO o.a.j.t.JMeterThread: Thread finished: TCC products 1-63
2026-09-10 02:51:06,778 INFO o.a.j.t.JMeterThread: Stopping because end time detected by thread: TCC products 1-9
2026-09-10 02:51:06,778 INFO o.a.j.t.JMeterThread: Thread finished: TCC products 1-9
2026-09-10 02:51:06,786 INFO o.a.j.t.JMeterThread: Stopping because end time detected by thread: TCC products 1-30
2026-09-10 02:51:06,786 INFO o.a.j.t.JMeterThread: Thread finished: TCC products 1-30
2026-09-10 02:51:06,793 INFO o.a.j.t.JMeterThread: Stopping because end time detected by thread: TCC products 1-72
2026-09-10 02:51:06,793 INFO o.a.j.t.JMeterThread: Thread finished: TCC products 1-72
2026-09-10 02:51:06,800 INFO o.a.j.t.JMeterThread: Stopping because end time detected by thread: TCC products 1-87
2026-09-10 02:51:06,800 INFO o.a.j.t.JMeterThread: Thread finished: TCC products 1-87
2026-09-10 02:51:06,807 INFO o.a.j.t.JMeterThread: Stopping because end time detected by thread: TCC products 1-74
2026-09-10 02:51:06,807 INFO o.a.j.t.JMeterThread: Thread finished: TCC products 1-74
2026-09-10 02:51:06,808 INFO o.a.j.e.StandardJMeterEngine: Notifying test listeners of end of test
2026-09-10 02:51:06,811 INFO o.a.j.r.Summariser: summary +    895 in 00:00:07 =  131.5/s Avg:   760 Min:   740 Max:   777 Err:     0 (0.00%) Active: 0 Started: 100 Finished: 100
2026-09-10 02:51:06,811 INFO o.a.j.r.Summariser: summary =  15618 in 00:02:01 =  129.3/s Avg:   766 Min:   110 Max:  1350 Err:     0 (0.00%)
