2026-09-10 01:29:35,458 INFO o.a.j.u.JMeterUtils: Setting Locale to en_EN
2026-09-10 01:29:35,476 INFO o.a.j.JMeter: Loading user properties from: /home/avituo/projects/tcc/tcc-container/.tools/apache-jmeter-5.6.3/bin/user.properties
2026-09-10 01:29:35,476 INFO o.a.j.JMeter: Loading system properties from: /home/avituo/projects/tcc/tcc-container/.tools/apache-jmeter-5.6.3/bin/system.properties
2026-09-10 01:29:35,476 INFO o.a.j.JMeter: Loading additional properties from: /home/avituo/projects/tcc/tcc-container/benchmark/jmeter/benchmark.properties
2026-09-10 01:29:35,476 INFO o.a.j.JMeter: Loading additional properties from: /tmp/tcc-benchmark-auth.PZYPbv/auth.properties
2026-09-10 01:29:35,476 INFO o.a.j.JMeter: Loading additional properties from: /home/avituo/projects/tcc/tcc-container/benchmark/results/laravel-13.20.0/final/products/c25/r1/monolith/thread-counters.properties
2026-09-10 01:29:35,477 INFO o.a.j.JMeter: Setting JMeter property: threads=25
2026-09-10 01:29:35,477 INFO o.a.j.JMeter: Setting JMeter property: duration_seconds=120
2026-09-10 01:29:35,477 INFO o.a.j.JMeter: Setting JMeter property: target_host=localhost
2026-09-10 01:29:35,477 INFO o.a.j.JMeter: Setting JMeter property: target_port=18000
2026-09-10 01:29:35,477 INFO o.a.j.JMeter: Setting JMeter property: tcc.order.id=1
2026-09-10 01:29:35,477 INFO o.a.j.JMeter: Setting JMeter property: repetition=1
2026-09-10 01:29:35,483 INFO o.a.j.JMeter: Copyright (c) 1998-2024 The Apache Software Foundation
2026-09-10 01:29:35,484 INFO o.a.j.JMeter: Version 5.6.3
2026-09-10 01:29:35,484 INFO o.a.j.JMeter: java.version=21.0.11
2026-09-10 01:29:35,484 INFO o.a.j.JMeter: java.vm.name=OpenJDK 64-Bit Server VM
2026-09-10 01:29:35,484 INFO o.a.j.JMeter: os.name=Linux
2026-09-10 01:29:35,484 INFO o.a.j.JMeter: os.arch=amd64
2026-09-10 01:29:35,484 INFO o.a.j.JMeter: os.version=7.0.11-76070011-generic
2026-09-10 01:29:35,484 INFO o.a.j.JMeter: file.encoding=UTF-8
2026-09-10 01:29:35,484 INFO o.a.j.JMeter: java.awt.headless=true
2026-09-10 01:29:35,484 INFO o.a.j.JMeter: Max memory     =1073741824
2026-09-10 01:29:35,484 INFO o.a.j.JMeter: Available Processors =16
2026-09-10 01:29:35,493 INFO o.a.j.JMeter: Default Locale=English (EN)
2026-09-10 01:29:35,493 INFO o.a.j.JMeter: JMeter  Locale=English (EN)
2026-09-10 01:29:35,493 INFO o.a.j.JMeter: JMeterHome=/home/avituo/projects/tcc/tcc-container/.tools/apache-jmeter-5.6.3
2026-09-10 01:29:35,493 INFO o.a.j.JMeter: user.dir  =/home/avituo/projects/tcc/tcc-container
2026-09-10 01:29:35,493 INFO o.a.j.JMeter: PWD       =/home/avituo/projects/tcc/tcc-container
2026-09-10 01:29:35,501 INFO o.a.j.JMeter: IP: 192.168.1.16 Name: pop-os FullName: pop-os.home
2026-09-10 01:29:35,512 INFO o.a.j.s.FileServer: Default base='/home/avituo/projects/tcc/tcc-container'
2026-09-10 01:29:35,515 INFO o.a.j.s.FileServer: Set new base='/home/avituo/projects/tcc/tcc-container/benchmark/jmeter'
2026-09-10 01:29:35,679 INFO o.a.j.s.SaveService: Testplan (JMX) version: 2.2. Testlog (JTL) version: 2.2
2026-09-10 01:29:35,703 INFO o.a.j.s.SaveService: Using SaveService properties version 5.0
2026-09-10 01:29:35,706 INFO o.a.j.s.SaveService: Using SaveService properties file encoding UTF-8
2026-09-10 01:29:35,710 INFO o.a.j.s.SaveService: Loading file: /home/avituo/projects/tcc/tcc-container/benchmark/jmeter/tcc-products-v1.jmx
2026-09-10 01:29:35,760 INFO o.a.j.p.h.s.HTTPSamplerBase: Parser for text/html is org.apache.jmeter.protocol.http.parser.LagartoBasedHtmlParser
2026-09-10 01:29:35,760 INFO o.a.j.p.h.s.HTTPSamplerBase: Parser for application/xhtml+xml is org.apache.jmeter.protocol.http.parser.LagartoBasedHtmlParser
2026-09-10 01:29:35,760 INFO o.a.j.p.h.s.HTTPSamplerBase: Parser for application/xml is org.apache.jmeter.protocol.http.parser.LagartoBasedHtmlParser
2026-09-10 01:29:35,760 INFO o.a.j.p.h.s.HTTPSamplerBase: Parser for text/xml is org.apache.jmeter.protocol.http.parser.LagartoBasedHtmlParser
2026-09-10 01:29:35,760 INFO o.a.j.p.h.s.HTTPSamplerBase: Parser for text/vnd.wap.wml is org.apache.jmeter.protocol.http.parser.RegexpHTMLParser
2026-09-10 01:29:35,761 INFO o.a.j.p.h.s.HTTPSamplerBase: Parser for text/css is org.apache.jmeter.protocol.http.parser.CssParser
2026-09-10 01:29:35,788 INFO o.a.j.JMeter: Creating summariser <summary>
2026-09-10 01:29:35,806 INFO o.a.j.e.StandardJMeterEngine: Running the test!
2026-09-10 01:29:35,807 INFO o.a.j.s.SampleEvent: List of sample_variables: []
2026-09-10 01:29:35,807 INFO o.a.j.s.SampleEvent: List of sample_variables: []
2026-09-10 01:29:35,812 INFO o.a.j.e.u.CompoundVariable: Note: Function class names must contain the string: '.functions.'
2026-09-10 01:29:35,812 INFO o.a.j.e.u.CompoundVariable: Note: Function class names must not contain the string: '.gui.'
2026-09-10 01:29:36,050 INFO o.a.j.JMeter: Running test (1789014576050)
2026-09-10 01:29:36,070 INFO o.a.j.e.StandardJMeterEngine: Starting ThreadGroup: 1 : TCC products
2026-09-10 01:29:36,071 INFO o.a.j.e.StandardJMeterEngine: Starting 25 threads for group TCC products.
2026-09-10 01:29:36,071 INFO o.a.j.e.StandardJMeterEngine: Thread will continue on error
2026-09-10 01:29:36,071 INFO o.a.j.t.ThreadGroup: Starting thread group... number=1 threads=25 ramp-up=0 delayedStart=false
2026-09-10 01:29:36,078 INFO o.a.j.t.JMeterThread: Thread started: TCC products 1-6
2026-09-10 01:29:36,078 INFO o.a.j.t.JMeterThread: Thread started: TCC products 1-3
2026-09-10 01:29:36,078 INFO o.a.j.t.JMeterThread: Thread started: TCC products 1-4
2026-09-10 01:29:36,078 INFO o.a.j.t.JMeterThread: Thread started: TCC products 1-5
2026-09-10 01:29:36,078 INFO o.a.j.t.JMeterThread: Thread started: TCC products 1-2
2026-09-10 01:29:36,078 INFO o.a.j.t.JMeterThread: Thread started: TCC products 1-1
2026-09-10 01:29:36,078 INFO o.a.j.t.JMeterThread: Thread started: TCC products 1-7
2026-09-10 01:29:36,079 INFO o.a.j.t.JMeterThread: Thread started: TCC products 1-8
2026-09-10 01:29:36,080 INFO o.a.j.t.JMeterThread: Thread started: TCC products 1-9
2026-09-10 01:29:36,080 INFO o.a.j.t.JMeterThread: Thread started: TCC products 1-10
2026-09-10 01:29:36,081 INFO o.a.j.t.JMeterThread: Thread started: TCC products 1-11
2026-09-10 01:29:36,081 INFO o.a.j.t.JMeterThread: Thread started: TCC products 1-12
2026-09-10 01:29:36,082 INFO o.a.j.t.JMeterThread: Thread started: TCC products 1-13
2026-09-10 01:29:36,083 INFO o.a.j.t.JMeterThread: Thread started: TCC products 1-14
2026-09-10 01:29:36,083 INFO o.a.j.t.JMeterThread: Thread started: TCC products 1-15
2026-09-10 01:29:36,085 INFO o.a.j.t.JMeterThread: Thread started: TCC products 1-16
2026-09-10 01:29:36,085 INFO o.a.j.t.JMeterThread: Thread started: TCC products 1-17
2026-09-10 01:29:36,086 INFO o.a.j.t.JMeterThread: Thread started: TCC products 1-18
2026-09-10 01:29:36,088 INFO o.a.j.t.JMeterThread: Thread started: TCC products 1-19
2026-09-10 01:29:36,088 INFO o.a.j.t.JMeterThread: Thread started: TCC products 1-20
2026-09-10 01:29:36,089 INFO o.a.j.t.JMeterThread: Thread started: TCC products 1-21
2026-09-10 01:29:36,090 INFO o.a.j.t.JMeterThread: Thread started: TCC products 1-22
2026-09-10 01:29:36,090 INFO o.a.j.t.JMeterThread: Thread started: TCC products 1-23
2026-09-10 01:29:36,091 INFO o.a.j.t.JMeterThread: Thread started: TCC products 1-24
2026-09-10 01:29:36,091 INFO o.a.j.t.ThreadGroup: Started thread group number 1
2026-09-10 01:29:36,091 INFO o.a.j.e.StandardJMeterEngine: All thread groups have been started
2026-09-10 01:29:36,091 INFO o.a.j.t.JMeterThread: Thread started: TCC products 1-25
2026-09-10 01:29:36,097 INFO o.a.j.p.h.s.HTTPHCAbstractImpl: Local host = pop-os
2026-09-10 01:29:36,103 INFO o.a.j.p.h.s.HTTPHC4Impl: HTTP request retry count = 0
2026-09-10 01:29:36,104 INFO o.a.j.s.SampleResult: Note: Sample TimeStamps are START times
2026-09-10 01:29:36,104 INFO o.a.j.s.SampleResult: sampleresult.default.encoding is set to UTF-8
2026-09-10 01:29:36,104 INFO o.a.j.s.SampleResult: sampleresult.useNanoTime=true
2026-09-10 01:29:36,104 INFO o.a.j.s.SampleResult: sampleresult.nanoThreadSleep=5000
2026-09-10 01:30:00,012 INFO o.a.j.r.Summariser: summary +   2066 in 00:00:24 =   86.2/s Avg:   276 Min:    35 Max:   497 Err:     0 (0.00%) Active: 25 Started: 25 Finished: 0
2026-09-10 01:30:30,015 INFO o.a.j.r.Summariser: summary +   2707 in 00:00:30 =   90.2/s Avg:   276 Min:   257 Max:   326 Err:     0 (0.00%) Active: 25 Started: 25 Finished: 0
2026-09-10 01:30:30,016 INFO o.a.j.r.Summariser: summary =   4773 in 00:00:54 =   88.4/s Avg:   276 Min:    35 Max:   497 Err:     0 (0.00%)
2026-09-10 01:31:00,014 INFO o.a.j.r.Summariser: summary +   2724 in 00:00:30 =   90.8/s Avg:   274 Min:   254 Max:   347 Err:     0 (0.00%) Active: 25 Started: 25 Finished: 0
2026-09-10 01:31:00,014 INFO o.a.j.r.Summariser: summary =   7497 in 00:01:24 =   89.3/s Avg:   275 Min:    35 Max:   497 Err:     0 (0.00%)
2026-09-10 01:31:30,000 INFO o.a.j.r.Summariser: summary +   2715 in 00:00:30 =   90.5/s Avg:   275 Min:   259 Max:   331 Err:     0 (0.00%) Active: 25 Started: 25 Finished: 0
2026-09-10 01:31:30,000 INFO o.a.j.r.Summariser: summary =  10212 in 00:01:54 =   89.6/s Avg:   275 Min:    35 Max:   497 Err:     0 (0.00%)
2026-09-10 01:31:36,092 INFO o.a.j.t.JMeterThread: Stopping because end time detected by thread: TCC products 1-19
2026-09-10 01:31:36,093 INFO o.a.j.t.JMeterThread: Thread finished: TCC products 1-19
2026-09-10 01:31:36,103 INFO o.a.j.t.JMeterThread: Stopping because end time detected by thread: TCC products 1-5
2026-09-10 01:31:36,103 INFO o.a.j.t.JMeterThread: Thread finished: TCC products 1-5
2026-09-10 01:31:36,114 INFO o.a.j.t.JMeterThread: Stopping because end time detected by thread: TCC products 1-21
2026-09-10 01:31:36,114 INFO o.a.j.t.JMeterThread: Thread finished: TCC products 1-21
2026-09-10 01:31:36,125 INFO o.a.j.t.JMeterThread: Stopping because end time detected by thread: TCC products 1-7
2026-09-10 01:31:36,125 INFO o.a.j.t.JMeterThread: Thread finished: TCC products 1-7
2026-09-10 01:31:36,135 INFO o.a.j.t.JMeterThread: Stopping because end time detected by thread: TCC products 1-4
2026-09-10 01:31:36,135 INFO o.a.j.t.JMeterThread: Thread finished: TCC products 1-4
2026-09-10 01:31:36,146 INFO o.a.j.t.JMeterThread: Stopping because end time detected by thread: TCC products 1-11
2026-09-10 01:31:36,146 INFO o.a.j.t.JMeterThread: Thread finished: TCC products 1-11
2026-09-10 01:31:36,157 INFO o.a.j.t.JMeterThread: Stopping because end time detected by thread: TCC products 1-12
2026-09-10 01:31:36,157 INFO o.a.j.t.JMeterThread: Thread finished: TCC products 1-12
2026-09-10 01:31:36,168 INFO o.a.j.t.JMeterThread: Stopping because end time detected by thread: TCC products 1-18
2026-09-10 01:31:36,168 INFO o.a.j.t.JMeterThread: Thread finished: TCC products 1-18
2026-09-10 01:31:36,178 INFO o.a.j.t.JMeterThread: Stopping because end time detected by thread: TCC products 1-1
2026-09-10 01:31:36,179 INFO o.a.j.t.JMeterThread: Thread finished: TCC products 1-1
2026-09-10 01:31:36,189 INFO o.a.j.t.JMeterThread: Stopping because end time detected by thread: TCC products 1-23
2026-09-10 01:31:36,189 INFO o.a.j.t.JMeterThread: Thread finished: TCC products 1-23
2026-09-10 01:31:36,200 INFO o.a.j.t.JMeterThread: Stopping because end time detected by thread: TCC products 1-2
2026-09-10 01:31:36,200 INFO o.a.j.t.JMeterThread: Thread finished: TCC products 1-2
2026-09-10 01:31:36,210 INFO o.a.j.t.JMeterThread: Stopping because end time detected by thread: TCC products 1-15
2026-09-10 01:31:36,211 INFO o.a.j.t.JMeterThread: Thread finished: TCC products 1-15
2026-09-10 01:31:36,221 INFO o.a.j.t.JMeterThread: Stopping because end time detected by thread: TCC products 1-9
2026-09-10 01:31:36,221 INFO o.a.j.t.JMeterThread: Thread finished: TCC products 1-9
2026-09-10 01:31:36,232 INFO o.a.j.t.JMeterThread: Stopping because end time detected by thread: TCC products 1-3
2026-09-10 01:31:36,232 INFO o.a.j.t.JMeterThread: Thread finished: TCC products 1-3
2026-09-10 01:31:36,242 INFO o.a.j.t.JMeterThread: Stopping because end time detected by thread: TCC products 1-13
2026-09-10 01:31:36,243 INFO o.a.j.t.JMeterThread: Thread finished: TCC products 1-13
2026-09-10 01:31:36,253 INFO o.a.j.t.JMeterThread: Stopping because end time detected by thread: TCC products 1-17
2026-09-10 01:31:36,253 INFO o.a.j.t.JMeterThread: Thread finished: TCC products 1-17
2026-09-10 01:31:36,264 INFO o.a.j.t.JMeterThread: Stopping because end time detected by thread: TCC products 1-25
2026-09-10 01:31:36,264 INFO o.a.j.t.JMeterThread: Thread finished: TCC products 1-25
2026-09-10 01:31:36,274 INFO o.a.j.t.JMeterThread: Stopping because end time detected by thread: TCC products 1-6
2026-09-10 01:31:36,275 INFO o.a.j.t.JMeterThread: Thread finished: TCC products 1-6
2026-09-10 01:31:36,286 INFO o.a.j.t.JMeterThread: Stopping because end time detected by thread: TCC products 1-22
2026-09-10 01:31:36,286 INFO o.a.j.t.JMeterThread: Thread finished: TCC products 1-22
2026-09-10 01:31:36,296 INFO o.a.j.t.JMeterThread: Stopping because end time detected by thread: TCC products 1-24
2026-09-10 01:31:36,297 INFO o.a.j.t.JMeterThread: Thread finished: TCC products 1-24
2026-09-10 01:31:36,307 INFO o.a.j.t.JMeterThread: Stopping because end time detected by thread: TCC products 1-10
2026-09-10 01:31:36,307 INFO o.a.j.t.JMeterThread: Thread finished: TCC products 1-10
2026-09-10 01:31:36,318 INFO o.a.j.t.JMeterThread: Stopping because end time detected by thread: TCC products 1-14
2026-09-10 01:31:36,318 INFO o.a.j.t.JMeterThread: Thread finished: TCC products 1-14
2026-09-10 01:31:36,328 INFO o.a.j.t.JMeterThread: Stopping because end time detected by thread: TCC products 1-20
2026-09-10 01:31:36,328 INFO o.a.j.t.JMeterThread: Thread finished: TCC products 1-20
2026-09-10 01:31:36,339 INFO o.a.j.t.JMeterThread: Stopping because end time detected by thread: TCC products 1-8
2026-09-10 01:31:36,339 INFO o.a.j.t.JMeterThread: Thread finished: TCC products 1-8
2026-09-10 01:31:36,350 INFO o.a.j.t.JMeterThread: Stopping because end time detected by thread: TCC products 1-16
2026-09-10 01:31:36,350 INFO o.a.j.t.JMeterThread: Thread finished: TCC products 1-16
2026-09-10 01:31:36,350 INFO o.a.j.e.StandardJMeterEngine: Notifying test listeners of end of test
2026-09-10 01:31:36,353 INFO o.a.j.r.Summariser: summary +    580 in 00:00:06 =   91.3/s Avg:   273 Min:   259 Max:   293 Err:     0 (0.00%) Active: 0 Started: 25 Finished: 25
2026-09-10 01:31:36,353 INFO o.a.j.r.Summariser: summary =  10792 in 00:02:00 =   89.7/s Avg:   275 Min:    35 Max:   497 Err:     0 (0.00%)
