2026-09-10 07:53:21,409 INFO o.a.j.u.JMeterUtils: Setting Locale to en_EN
2026-09-10 07:53:21,425 INFO o.a.j.JMeter: Loading user properties from: /home/avituo/projects/tcc/tcc-container/.tools/apache-jmeter-5.6.3/bin/user.properties
2026-09-10 07:53:21,425 INFO o.a.j.JMeter: Loading system properties from: /home/avituo/projects/tcc/tcc-container/.tools/apache-jmeter-5.6.3/bin/system.properties
2026-09-10 07:53:21,425 INFO o.a.j.JMeter: Loading additional properties from: /home/avituo/projects/tcc/tcc-container/benchmark/jmeter/benchmark.properties
2026-09-10 07:53:21,430 INFO o.a.j.JMeter: Loading additional properties from: /tmp/tcc-benchmark-auth.oMlyMM/auth.properties
2026-09-10 07:53:21,430 INFO o.a.j.JMeter: Setting JMeter property: threads=100
2026-09-10 07:53:21,430 INFO o.a.j.JMeter: Setting JMeter property: duration_seconds=30
2026-09-10 07:53:21,431 INFO o.a.j.JMeter: Setting JMeter property: target_host=localhost
2026-09-10 07:53:21,431 INFO o.a.j.JMeter: Setting JMeter property: target_port=18000
2026-09-10 07:53:21,431 INFO o.a.j.JMeter: Setting JMeter property: tcc.order.id=1
2026-09-10 07:53:21,431 INFO o.a.j.JMeter: Setting JMeter property: repetition=4
2026-09-10 07:53:21,438 INFO o.a.j.JMeter: Copyright (c) 1998-2024 The Apache Software Foundation
2026-09-10 07:53:21,438 INFO o.a.j.JMeter: Version 5.6.3
2026-09-10 07:53:21,438 INFO o.a.j.JMeter: java.version=21.0.11
2026-09-10 07:53:21,438 INFO o.a.j.JMeter: java.vm.name=OpenJDK 64-Bit Server VM
2026-09-10 07:53:21,438 INFO o.a.j.JMeter: os.name=Linux
2026-09-10 07:53:21,438 INFO o.a.j.JMeter: os.arch=amd64
2026-09-10 07:53:21,438 INFO o.a.j.JMeter: os.version=7.0.11-76070011-generic
2026-09-10 07:53:21,438 INFO o.a.j.JMeter: file.encoding=UTF-8
2026-09-10 07:53:21,438 INFO o.a.j.JMeter: java.awt.headless=true
2026-09-10 07:53:21,438 INFO o.a.j.JMeter: Max memory     =1073741824
2026-09-10 07:53:21,438 INFO o.a.j.JMeter: Available Processors =16
2026-09-10 07:53:21,447 INFO o.a.j.JMeter: Default Locale=English (EN)
2026-09-10 07:53:21,447 INFO o.a.j.JMeter: JMeter  Locale=English (EN)
2026-09-10 07:53:21,447 INFO o.a.j.JMeter: JMeterHome=/home/avituo/projects/tcc/tcc-container/.tools/apache-jmeter-5.6.3
2026-09-10 07:53:21,447 INFO o.a.j.JMeter: user.dir  =/home/avituo/projects/tcc/tcc-container
2026-09-10 07:53:21,448 INFO o.a.j.JMeter: PWD       =/home/avituo/projects/tcc/tcc-container
2026-09-10 07:53:21,458 INFO o.a.j.JMeter: IP: 192.168.1.16 Name: pop-os FullName: pop-os.home
2026-09-10 07:53:21,471 INFO o.a.j.s.FileServer: Default base='/home/avituo/projects/tcc/tcc-container'
2026-09-10 07:53:21,474 INFO o.a.j.s.FileServer: Set new base='/home/avituo/projects/tcc/tcc-container/benchmark/jmeter'
2026-09-10 07:53:21,650 INFO o.a.j.s.SaveService: Testplan (JMX) version: 2.2. Testlog (JTL) version: 2.2
2026-09-10 07:53:21,680 INFO o.a.j.s.SaveService: Using SaveService properties version 5.0
2026-09-10 07:53:21,683 INFO o.a.j.s.SaveService: Using SaveService properties file encoding UTF-8
2026-09-10 07:53:21,687 INFO o.a.j.s.SaveService: Loading file: /home/avituo/projects/tcc/tcc-container/benchmark/jmeter/tcc-order-show-v1.jmx
2026-09-10 07:53:21,745 INFO o.a.j.p.h.s.HTTPSamplerBase: Parser for text/html is org.apache.jmeter.protocol.http.parser.LagartoBasedHtmlParser
2026-09-10 07:53:21,746 INFO o.a.j.p.h.s.HTTPSamplerBase: Parser for application/xhtml+xml is org.apache.jmeter.protocol.http.parser.LagartoBasedHtmlParser
2026-09-10 07:53:21,746 INFO o.a.j.p.h.s.HTTPSamplerBase: Parser for application/xml is org.apache.jmeter.protocol.http.parser.LagartoBasedHtmlParser
2026-09-10 07:53:21,746 INFO o.a.j.p.h.s.HTTPSamplerBase: Parser for text/xml is org.apache.jmeter.protocol.http.parser.LagartoBasedHtmlParser
2026-09-10 07:53:21,746 INFO o.a.j.p.h.s.HTTPSamplerBase: Parser for text/vnd.wap.wml is org.apache.jmeter.protocol.http.parser.RegexpHTMLParser
2026-09-10 07:53:21,746 INFO o.a.j.p.h.s.HTTPSamplerBase: Parser for text/css is org.apache.jmeter.protocol.http.parser.CssParser
2026-09-10 07:53:21,781 INFO o.a.j.JMeter: Creating summariser <summary>
2026-09-10 07:53:21,804 INFO o.a.j.e.StandardJMeterEngine: Running the test!
2026-09-10 07:53:21,805 INFO o.a.j.s.SampleEvent: List of sample_variables: []
2026-09-10 07:53:21,805 INFO o.a.j.s.SampleEvent: List of sample_variables: []
2026-09-10 07:53:21,809 INFO o.a.j.e.u.CompoundVariable: Note: Function class names must contain the string: '.functions.'
2026-09-10 07:53:21,809 INFO o.a.j.e.u.CompoundVariable: Note: Function class names must not contain the string: '.gui.'
2026-09-10 07:53:22,079 INFO o.a.j.JMeter: Running test (1789037602079)
2026-09-10 07:53:22,098 INFO o.a.j.e.StandardJMeterEngine: Starting ThreadGroup: 1 : TCC order-show
2026-09-10 07:53:22,099 INFO o.a.j.e.StandardJMeterEngine: Starting 100 threads for group TCC order-show.
2026-09-10 07:53:22,099 INFO o.a.j.e.StandardJMeterEngine: Thread will continue on error
2026-09-10 07:53:22,099 INFO o.a.j.t.ThreadGroup: Starting thread group... number=1 threads=100 ramp-up=0 delayedStart=false
2026-09-10 07:53:22,106 INFO o.a.j.t.JMeterThread: Thread started: TCC order-show 1-5
2026-09-10 07:53:22,106 INFO o.a.j.t.JMeterThread: Thread started: TCC order-show 1-1
2026-09-10 07:53:22,106 INFO o.a.j.t.JMeterThread: Thread started: TCC order-show 1-3
2026-09-10 07:53:22,106 INFO o.a.j.t.JMeterThread: Thread started: TCC order-show 1-4
2026-09-10 07:53:22,106 INFO o.a.j.t.JMeterThread: Thread started: TCC order-show 1-2
2026-09-10 07:53:22,106 INFO o.a.j.t.JMeterThread: Thread started: TCC order-show 1-6
2026-09-10 07:53:22,107 INFO o.a.j.t.JMeterThread: Thread started: TCC order-show 1-7
2026-09-10 07:53:22,107 INFO o.a.j.t.JMeterThread: Thread started: TCC order-show 1-8
2026-09-10 07:53:22,108 INFO o.a.j.t.JMeterThread: Thread started: TCC order-show 1-9
2026-09-10 07:53:22,108 INFO o.a.j.t.JMeterThread: Thread started: TCC order-show 1-10
2026-09-10 07:53:22,109 INFO o.a.j.t.JMeterThread: Thread started: TCC order-show 1-11
2026-09-10 07:53:22,110 INFO o.a.j.t.JMeterThread: Thread started: TCC order-show 1-12
2026-09-10 07:53:22,110 INFO o.a.j.t.JMeterThread: Thread started: TCC order-show 1-13
2026-09-10 07:53:22,112 INFO o.a.j.t.JMeterThread: Thread started: TCC order-show 1-15
2026-09-10 07:53:22,112 INFO o.a.j.t.JMeterThread: Thread started: TCC order-show 1-14
2026-09-10 07:53:22,113 INFO o.a.j.t.JMeterThread: Thread started: TCC order-show 1-16
2026-09-10 07:53:22,114 INFO o.a.j.t.JMeterThread: Thread started: TCC order-show 1-17
2026-09-10 07:53:22,114 INFO o.a.j.t.JMeterThread: Thread started: TCC order-show 1-18
2026-09-10 07:53:22,115 INFO o.a.j.t.JMeterThread: Thread started: TCC order-show 1-19
2026-09-10 07:53:22,116 INFO o.a.j.t.JMeterThread: Thread started: TCC order-show 1-20
2026-09-10 07:53:22,116 INFO o.a.j.t.JMeterThread: Thread started: TCC order-show 1-21
2026-09-10 07:53:22,117 INFO o.a.j.t.JMeterThread: Thread started: TCC order-show 1-22
2026-09-10 07:53:22,118 INFO o.a.j.t.JMeterThread: Thread started: TCC order-show 1-23
2026-09-10 07:53:22,118 INFO o.a.j.t.JMeterThread: Thread started: TCC order-show 1-24
2026-09-10 07:53:22,119 INFO o.a.j.t.JMeterThread: Thread started: TCC order-show 1-25
2026-09-10 07:53:22,119 INFO o.a.j.t.JMeterThread: Thread started: TCC order-show 1-26
2026-09-10 07:53:22,120 INFO o.a.j.t.JMeterThread: Thread started: TCC order-show 1-27
2026-09-10 07:53:22,121 INFO o.a.j.t.JMeterThread: Thread started: TCC order-show 1-28
2026-09-10 07:53:22,121 INFO o.a.j.t.JMeterThread: Thread started: TCC order-show 1-29
2026-09-10 07:53:22,122 INFO o.a.j.t.JMeterThread: Thread started: TCC order-show 1-30
2026-09-10 07:53:22,122 INFO o.a.j.t.JMeterThread: Thread started: TCC order-show 1-31
2026-09-10 07:53:22,123 INFO o.a.j.t.JMeterThread: Thread started: TCC order-show 1-32
2026-09-10 07:53:22,123 INFO o.a.j.t.JMeterThread: Thread started: TCC order-show 1-33
2026-09-10 07:53:22,124 INFO o.a.j.t.JMeterThread: Thread started: TCC order-show 1-34
2026-09-10 07:53:22,124 INFO o.a.j.t.JMeterThread: Thread started: TCC order-show 1-35
2026-09-10 07:53:22,125 INFO o.a.j.t.JMeterThread: Thread started: TCC order-show 1-36
2026-09-10 07:53:22,126 INFO o.a.j.t.JMeterThread: Thread started: TCC order-show 1-37
2026-09-10 07:53:22,126 INFO o.a.j.t.JMeterThread: Thread started: TCC order-show 1-38
2026-09-10 07:53:22,127 INFO o.a.j.t.JMeterThread: Thread started: TCC order-show 1-39
2026-09-10 07:53:22,127 INFO o.a.j.t.JMeterThread: Thread started: TCC order-show 1-40
2026-09-10 07:53:22,128 INFO o.a.j.t.JMeterThread: Thread started: TCC order-show 1-41
2026-09-10 07:53:22,129 INFO o.a.j.t.JMeterThread: Thread started: TCC order-show 1-42
2026-09-10 07:53:22,129 INFO o.a.j.t.JMeterThread: Thread started: TCC order-show 1-43
2026-09-10 07:53:22,130 INFO o.a.j.t.JMeterThread: Thread started: TCC order-show 1-44
2026-09-10 07:53:22,130 INFO o.a.j.t.JMeterThread: Thread started: TCC order-show 1-45
2026-09-10 07:53:22,131 INFO o.a.j.t.JMeterThread: Thread started: TCC order-show 1-46
2026-09-10 07:53:22,131 INFO o.a.j.t.JMeterThread: Thread started: TCC order-show 1-47
2026-09-10 07:53:22,132 INFO o.a.j.p.h.s.HTTPHCAbstractImpl: Local host = pop-os
2026-09-10 07:53:22,132 INFO o.a.j.t.JMeterThread: Thread started: TCC order-show 1-48
2026-09-10 07:53:22,132 INFO o.a.j.t.JMeterThread: Thread started: TCC order-show 1-49
2026-09-10 07:53:22,133 INFO o.a.j.t.JMeterThread: Thread started: TCC order-show 1-50
2026-09-10 07:53:22,133 INFO o.a.j.t.JMeterThread: Thread started: TCC order-show 1-51
2026-09-10 07:53:22,134 INFO o.a.j.t.JMeterThread: Thread started: TCC order-show 1-52
2026-09-10 07:53:22,134 INFO o.a.j.t.JMeterThread: Thread started: TCC order-show 1-53
2026-09-10 07:53:22,134 INFO o.a.j.t.JMeterThread: Thread started: TCC order-show 1-54
2026-09-10 07:53:22,135 INFO o.a.j.t.JMeterThread: Thread started: TCC order-show 1-55
2026-09-10 07:53:22,135 INFO o.a.j.t.JMeterThread: Thread started: TCC order-show 1-56
2026-09-10 07:53:22,135 INFO o.a.j.t.JMeterThread: Thread started: TCC order-show 1-57
2026-09-10 07:53:22,136 INFO o.a.j.t.JMeterThread: Thread started: TCC order-show 1-58
2026-09-10 07:53:22,136 INFO o.a.j.t.JMeterThread: Thread started: TCC order-show 1-59
2026-09-10 07:53:22,136 INFO o.a.j.t.JMeterThread: Thread started: TCC order-show 1-60
2026-09-10 07:53:22,137 INFO o.a.j.t.JMeterThread: Thread started: TCC order-show 1-61
2026-09-10 07:53:22,138 INFO o.a.j.t.JMeterThread: Thread started: TCC order-show 1-62
2026-09-10 07:53:22,138 INFO o.a.j.t.JMeterThread: Thread started: TCC order-show 1-63
2026-09-10 07:53:22,139 INFO o.a.j.t.JMeterThread: Thread started: TCC order-show 1-64
2026-09-10 07:53:22,140 INFO o.a.j.t.JMeterThread: Thread started: TCC order-show 1-65
2026-09-10 07:53:22,140 INFO o.a.j.t.JMeterThread: Thread started: TCC order-show 1-66
2026-09-10 07:53:22,140 INFO o.a.j.t.JMeterThread: Thread started: TCC order-show 1-67
2026-09-10 07:53:22,141 INFO o.a.j.t.JMeterThread: Thread started: TCC order-show 1-68
2026-09-10 07:53:22,141 INFO o.a.j.t.JMeterThread: Thread started: TCC order-show 1-69
2026-09-10 07:53:22,142 INFO o.a.j.t.JMeterThread: Thread started: TCC order-show 1-70
2026-09-10 07:53:22,142 INFO o.a.j.t.JMeterThread: Thread started: TCC order-show 1-71
2026-09-10 07:53:22,142 INFO o.a.j.p.h.s.HTTPHC4Impl: HTTP request retry count = 0
2026-09-10 07:53:22,142 INFO o.a.j.t.JMeterThread: Thread started: TCC order-show 1-72
2026-09-10 07:53:22,143 INFO o.a.j.t.JMeterThread: Thread started: TCC order-show 1-73
2026-09-10 07:53:22,143 INFO o.a.j.t.JMeterThread: Thread started: TCC order-show 1-74
2026-09-10 07:53:22,144 INFO o.a.j.s.SampleResult: Note: Sample TimeStamps are START times
2026-09-10 07:53:22,144 INFO o.a.j.t.JMeterThread: Thread started: TCC order-show 1-76
2026-09-10 07:53:22,144 INFO o.a.j.t.JMeterThread: Thread started: TCC order-show 1-75
2026-09-10 07:53:22,145 INFO o.a.j.s.SampleResult: sampleresult.default.encoding is set to UTF-8
2026-09-10 07:53:22,145 INFO o.a.j.s.SampleResult: sampleresult.useNanoTime=true
2026-09-10 07:53:22,145 INFO o.a.j.s.SampleResult: sampleresult.nanoThreadSleep=5000
2026-09-10 07:53:22,145 INFO o.a.j.t.JMeterThread: Thread started: TCC order-show 1-77
2026-09-10 07:53:22,145 INFO o.a.j.t.JMeterThread: Thread started: TCC order-show 1-78
2026-09-10 07:53:22,146 INFO o.a.j.t.JMeterThread: Thread started: TCC order-show 1-79
2026-09-10 07:53:22,147 INFO o.a.j.t.JMeterThread: Thread started: TCC order-show 1-81
2026-09-10 07:53:22,146 INFO o.a.j.t.JMeterThread: Thread started: TCC order-show 1-80
2026-09-10 07:53:22,148 INFO o.a.j.t.JMeterThread: Thread started: TCC order-show 1-82
2026-09-10 07:53:22,148 INFO o.a.j.t.JMeterThread: Thread started: TCC order-show 1-83
2026-09-10 07:53:22,149 INFO o.a.j.t.JMeterThread: Thread started: TCC order-show 1-84
2026-09-10 07:53:22,149 INFO o.a.j.t.JMeterThread: Thread started: TCC order-show 1-85
2026-09-10 07:53:22,150 INFO o.a.j.t.JMeterThread: Thread started: TCC order-show 1-86
2026-09-10 07:53:22,150 INFO o.a.j.t.JMeterThread: Thread started: TCC order-show 1-87
2026-09-10 07:53:22,150 INFO o.a.j.t.JMeterThread: Thread started: TCC order-show 1-88
2026-09-10 07:53:22,151 INFO o.a.j.t.JMeterThread: Thread started: TCC order-show 1-89
2026-09-10 07:53:22,151 INFO o.a.j.t.JMeterThread: Thread started: TCC order-show 1-90
2026-09-10 07:53:22,151 INFO o.a.j.t.JMeterThread: Thread started: TCC order-show 1-91
2026-09-10 07:53:22,152 INFO o.a.j.t.JMeterThread: Thread started: TCC order-show 1-92
2026-09-10 07:53:22,152 INFO o.a.j.t.JMeterThread: Thread started: TCC order-show 1-93
2026-09-10 07:53:22,153 INFO o.a.j.t.JMeterThread: Thread started: TCC order-show 1-94
2026-09-10 07:53:22,153 INFO o.a.j.t.JMeterThread: Thread started: TCC order-show 1-95
2026-09-10 07:53:22,153 INFO o.a.j.t.JMeterThread: Thread started: TCC order-show 1-96
2026-09-10 07:53:22,154 INFO o.a.j.t.JMeterThread: Thread started: TCC order-show 1-97
2026-09-10 07:53:22,154 INFO o.a.j.t.JMeterThread: Thread started: TCC order-show 1-98
2026-09-10 07:53:22,155 INFO o.a.j.t.JMeterThread: Thread started: TCC order-show 1-99
2026-09-10 07:53:22,155 INFO o.a.j.t.JMeterThread: Thread started: TCC order-show 1-100
2026-09-10 07:53:22,155 INFO o.a.j.t.ThreadGroup: Started thread group number 1
2026-09-10 07:53:22,156 INFO o.a.j.e.StandardJMeterEngine: All thread groups have been started
2026-09-10 07:53:30,013 INFO o.a.j.r.Summariser: summary +    665 in 00:00:08 =   83.8/s Avg:  1038 Min:   102 Max:  1539 Err:     0 (0.00%) Active: 100 Started: 100 Finished: 0
2026-09-10 07:53:52,138 INFO o.a.j.t.JMeterThread: Stopping because end time detected by thread: TCC order-show 1-25
2026-09-10 07:53:52,138 INFO o.a.j.t.JMeterThread: Thread finished: TCC order-show 1-25
2026-09-10 07:53:52,150 INFO o.a.j.t.JMeterThread: Stopping because end time detected by thread: TCC order-show 1-60
2026-09-10 07:53:52,150 INFO o.a.j.t.JMeterThread: Thread finished: TCC order-show 1-60
2026-09-10 07:53:52,161 INFO o.a.j.t.JMeterThread: Stopping because end time detected by thread: TCC order-show 1-26
2026-09-10 07:53:52,161 INFO o.a.j.t.JMeterThread: Thread finished: TCC order-show 1-26
2026-09-10 07:53:52,172 INFO o.a.j.t.JMeterThread: Stopping because end time detected by thread: TCC order-show 1-19
2026-09-10 07:53:52,172 INFO o.a.j.t.JMeterThread: Thread finished: TCC order-show 1-19
2026-09-10 07:53:52,183 INFO o.a.j.t.JMeterThread: Stopping because end time detected by thread: TCC order-show 1-98
2026-09-10 07:53:52,183 INFO o.a.j.t.JMeterThread: Thread finished: TCC order-show 1-98
2026-09-10 07:53:52,194 INFO o.a.j.t.JMeterThread: Stopping because end time detected by thread: TCC order-show 1-47
2026-09-10 07:53:52,194 INFO o.a.j.t.JMeterThread: Thread finished: TCC order-show 1-47
2026-09-10 07:53:52,205 INFO o.a.j.t.JMeterThread: Stopping because end time detected by thread: TCC order-show 1-31
2026-09-10 07:53:52,205 INFO o.a.j.t.JMeterThread: Thread finished: TCC order-show 1-31
2026-09-10 07:53:52,216 INFO o.a.j.t.JMeterThread: Stopping because end time detected by thread: TCC order-show 1-76
2026-09-10 07:53:52,216 INFO o.a.j.t.JMeterThread: Thread finished: TCC order-show 1-76
2026-09-10 07:53:52,227 INFO o.a.j.t.JMeterThread: Stopping because end time detected by thread: TCC order-show 1-50
2026-09-10 07:53:52,227 INFO o.a.j.t.JMeterThread: Thread finished: TCC order-show 1-50
2026-09-10 07:53:52,238 INFO o.a.j.t.JMeterThread: Stopping because end time detected by thread: TCC order-show 1-82
2026-09-10 07:53:52,238 INFO o.a.j.t.JMeterThread: Thread finished: TCC order-show 1-82
2026-09-10 07:53:52,249 INFO o.a.j.t.JMeterThread: Stopping because end time detected by thread: TCC order-show 1-80
2026-09-10 07:53:52,249 INFO o.a.j.t.JMeterThread: Thread finished: TCC order-show 1-80
2026-09-10 07:53:52,260 INFO o.a.j.t.JMeterThread: Stopping because end time detected by thread: TCC order-show 1-90
2026-09-10 07:53:52,260 INFO o.a.j.t.JMeterThread: Thread finished: TCC order-show 1-90
2026-09-10 07:53:52,272 INFO o.a.j.t.JMeterThread: Stopping because end time detected by thread: TCC order-show 1-93
2026-09-10 07:53:52,272 INFO o.a.j.t.JMeterThread: Thread finished: TCC order-show 1-93
2026-09-10 07:53:52,282 INFO o.a.j.t.JMeterThread: Stopping because end time detected by thread: TCC order-show 1-36
2026-09-10 07:53:52,283 INFO o.a.j.t.JMeterThread: Thread finished: TCC order-show 1-36
2026-09-10 07:53:52,294 INFO o.a.j.t.JMeterThread: Stopping because end time detected by thread: TCC order-show 1-5
2026-09-10 07:53:52,294 INFO o.a.j.t.JMeterThread: Thread finished: TCC order-show 1-5
2026-09-10 07:53:52,304 INFO o.a.j.t.JMeterThread: Stopping because end time detected by thread: TCC order-show 1-35
2026-09-10 07:53:52,304 INFO o.a.j.t.JMeterThread: Thread finished: TCC order-show 1-35
2026-09-10 07:53:52,315 INFO o.a.j.t.JMeterThread: Stopping because end time detected by thread: TCC order-show 1-13
2026-09-10 07:53:52,315 INFO o.a.j.t.JMeterThread: Thread finished: TCC order-show 1-13
2026-09-10 07:53:52,326 INFO o.a.j.t.JMeterThread: Stopping because end time detected by thread: TCC order-show 1-65
2026-09-10 07:53:52,327 INFO o.a.j.t.JMeterThread: Thread finished: TCC order-show 1-65
2026-09-10 07:53:52,338 INFO o.a.j.t.JMeterThread: Stopping because end time detected by thread: TCC order-show 1-23
2026-09-10 07:53:52,338 INFO o.a.j.t.JMeterThread: Thread finished: TCC order-show 1-23
2026-09-10 07:53:52,348 INFO o.a.j.t.JMeterThread: Stopping because end time detected by thread: TCC order-show 1-75
2026-09-10 07:53:52,348 INFO o.a.j.t.JMeterThread: Thread finished: TCC order-show 1-75
2026-09-10 07:53:52,359 INFO o.a.j.t.JMeterThread: Stopping because end time detected by thread: TCC order-show 1-15
2026-09-10 07:53:52,359 INFO o.a.j.t.JMeterThread: Thread finished: TCC order-show 1-15
2026-09-10 07:53:52,369 INFO o.a.j.t.JMeterThread: Stopping because end time detected by thread: TCC order-show 1-2
2026-09-10 07:53:52,369 INFO o.a.j.t.JMeterThread: Thread finished: TCC order-show 1-2
2026-09-10 07:53:52,380 INFO o.a.j.t.JMeterThread: Stopping because end time detected by thread: TCC order-show 1-78
2026-09-10 07:53:52,380 INFO o.a.j.t.JMeterThread: Thread finished: TCC order-show 1-78
2026-09-10 07:53:52,391 INFO o.a.j.t.JMeterThread: Stopping because end time detected by thread: TCC order-show 1-7
2026-09-10 07:53:52,391 INFO o.a.j.t.JMeterThread: Thread finished: TCC order-show 1-7
2026-09-10 07:53:52,402 INFO o.a.j.t.JMeterThread: Stopping because end time detected by thread: TCC order-show 1-62
2026-09-10 07:53:52,402 INFO o.a.j.t.JMeterThread: Thread finished: TCC order-show 1-62
2026-09-10 07:53:52,413 INFO o.a.j.t.JMeterThread: Stopping because end time detected by thread: TCC order-show 1-71
2026-09-10 07:53:52,413 INFO o.a.j.t.JMeterThread: Thread finished: TCC order-show 1-71
2026-09-10 07:53:52,423 INFO o.a.j.t.JMeterThread: Stopping because end time detected by thread: TCC order-show 1-43
2026-09-10 07:53:52,423 INFO o.a.j.t.JMeterThread: Thread finished: TCC order-show 1-43
2026-09-10 07:53:52,434 INFO o.a.j.t.JMeterThread: Stopping because end time detected by thread: TCC order-show 1-3
2026-09-10 07:53:52,434 INFO o.a.j.t.JMeterThread: Thread finished: TCC order-show 1-3
2026-09-10 07:53:52,445 INFO o.a.j.t.JMeterThread: Stopping because end time detected by thread: TCC order-show 1-88
2026-09-10 07:53:52,445 INFO o.a.j.t.JMeterThread: Thread finished: TCC order-show 1-88
2026-09-10 07:53:52,455 INFO o.a.j.t.JMeterThread: Stopping because end time detected by thread: TCC order-show 1-49
2026-09-10 07:53:52,455 INFO o.a.j.t.JMeterThread: Thread finished: TCC order-show 1-49
2026-09-10 07:53:52,465 INFO o.a.j.t.JMeterThread: Stopping because end time detected by thread: TCC order-show 1-4
2026-09-10 07:53:52,466 INFO o.a.j.t.JMeterThread: Thread finished: TCC order-show 1-4
2026-09-10 07:53:52,477 INFO o.a.j.t.JMeterThread: Stopping because end time detected by thread: TCC order-show 1-99
2026-09-10 07:53:52,477 INFO o.a.j.t.JMeterThread: Thread finished: TCC order-show 1-99
2026-09-10 07:53:52,487 INFO o.a.j.t.JMeterThread: Stopping because end time detected by thread: TCC order-show 1-32
2026-09-10 07:53:52,487 INFO o.a.j.t.JMeterThread: Thread finished: TCC order-show 1-32
2026-09-10 07:53:52,498 INFO o.a.j.t.JMeterThread: Stopping because end time detected by thread: TCC order-show 1-28
2026-09-10 07:53:52,498 INFO o.a.j.t.JMeterThread: Thread finished: TCC order-show 1-28
2026-09-10 07:53:52,508 INFO o.a.j.t.JMeterThread: Stopping because end time detected by thread: TCC order-show 1-67
2026-09-10 07:53:52,509 INFO o.a.j.t.JMeterThread: Thread finished: TCC order-show 1-67
2026-09-10 07:53:52,519 INFO o.a.j.t.JMeterThread: Stopping because end time detected by thread: TCC order-show 1-53
2026-09-10 07:53:52,519 INFO o.a.j.t.JMeterThread: Thread finished: TCC order-show 1-53
2026-09-10 07:53:52,530 INFO o.a.j.t.JMeterThread: Stopping because end time detected by thread: TCC order-show 1-9
2026-09-10 07:53:52,530 INFO o.a.j.t.JMeterThread: Thread finished: TCC order-show 1-9
2026-09-10 07:53:52,541 INFO o.a.j.t.JMeterThread: Stopping because end time detected by thread: TCC order-show 1-58
2026-09-10 07:53:52,541 INFO o.a.j.t.JMeterThread: Thread finished: TCC order-show 1-58
2026-09-10 07:53:52,553 INFO o.a.j.t.JMeterThread: Stopping because end time detected by thread: TCC order-show 1-39
2026-09-10 07:53:52,553 INFO o.a.j.t.JMeterThread: Thread finished: TCC order-show 1-39
2026-09-10 07:53:52,563 INFO o.a.j.t.JMeterThread: Stopping because end time detected by thread: TCC order-show 1-44
2026-09-10 07:53:52,564 INFO o.a.j.t.JMeterThread: Thread finished: TCC order-show 1-44
2026-09-10 07:53:52,575 INFO o.a.j.t.JMeterThread: Stopping because end time detected by thread: TCC order-show 1-42
2026-09-10 07:53:52,575 INFO o.a.j.t.JMeterThread: Thread finished: TCC order-show 1-42
2026-09-10 07:53:52,586 INFO o.a.j.t.JMeterThread: Stopping because end time detected by thread: TCC order-show 1-92
2026-09-10 07:53:52,586 INFO o.a.j.t.JMeterThread: Thread finished: TCC order-show 1-92
2026-09-10 07:53:52,597 INFO o.a.j.t.JMeterThread: Stopping because end time detected by thread: TCC order-show 1-70
2026-09-10 07:53:52,597 INFO o.a.j.t.JMeterThread: Thread finished: TCC order-show 1-70
2026-09-10 07:53:52,607 INFO o.a.j.t.JMeterThread: Stopping because end time detected by thread: TCC order-show 1-89
2026-09-10 07:53:52,608 INFO o.a.j.t.JMeterThread: Thread finished: TCC order-show 1-89
2026-09-10 07:53:52,618 INFO o.a.j.t.JMeterThread: Stopping because end time detected by thread: TCC order-show 1-81
2026-09-10 07:53:52,618 INFO o.a.j.t.JMeterThread: Thread finished: TCC order-show 1-81
2026-09-10 07:53:52,629 INFO o.a.j.t.JMeterThread: Stopping because end time detected by thread: TCC order-show 1-59
2026-09-10 07:53:52,629 INFO o.a.j.t.JMeterThread: Thread finished: TCC order-show 1-59
2026-09-10 07:53:52,640 INFO o.a.j.t.JMeterThread: Stopping because end time detected by thread: TCC order-show 1-46
2026-09-10 07:53:52,640 INFO o.a.j.t.JMeterThread: Thread finished: TCC order-show 1-46
2026-09-10 07:53:52,651 INFO o.a.j.t.JMeterThread: Stopping because end time detected by thread: TCC order-show 1-52
2026-09-10 07:53:52,651 INFO o.a.j.t.JMeterThread: Thread finished: TCC order-show 1-52
2026-09-10 07:53:52,662 INFO o.a.j.t.JMeterThread: Stopping because end time detected by thread: TCC order-show 1-95
2026-09-10 07:53:52,662 INFO o.a.j.t.JMeterThread: Thread finished: TCC order-show 1-95
2026-09-10 07:53:52,673 INFO o.a.j.t.JMeterThread: Stopping because end time detected by thread: TCC order-show 1-41
2026-09-10 07:53:52,673 INFO o.a.j.t.JMeterThread: Thread finished: TCC order-show 1-41
2026-09-10 07:53:52,684 INFO o.a.j.t.JMeterThread: Stopping because end time detected by thread: TCC order-show 1-69
2026-09-10 07:53:52,685 INFO o.a.j.t.JMeterThread: Thread finished: TCC order-show 1-69
2026-09-10 07:53:52,696 INFO o.a.j.t.JMeterThread: Stopping because end time detected by thread: TCC order-show 1-16
2026-09-10 07:53:52,696 INFO o.a.j.t.JMeterThread: Thread finished: TCC order-show 1-16
2026-09-10 07:53:52,706 INFO o.a.j.t.JMeterThread: Stopping because end time detected by thread: TCC order-show 1-85
2026-09-10 07:53:52,706 INFO o.a.j.t.JMeterThread: Thread finished: TCC order-show 1-85
2026-09-10 07:53:52,717 INFO o.a.j.t.JMeterThread: Stopping because end time detected by thread: TCC order-show 1-34
2026-09-10 07:53:52,717 INFO o.a.j.t.JMeterThread: Thread finished: TCC order-show 1-34
2026-09-10 07:53:52,727 INFO o.a.j.t.JMeterThread: Stopping because end time detected by thread: TCC order-show 1-11
2026-09-10 07:53:52,727 INFO o.a.j.t.JMeterThread: Thread finished: TCC order-show 1-11
2026-09-10 07:53:52,737 INFO o.a.j.t.JMeterThread: Stopping because end time detected by thread: TCC order-show 1-66
2026-09-10 07:53:52,737 INFO o.a.j.t.JMeterThread: Thread finished: TCC order-show 1-66
2026-09-10 07:53:52,747 INFO o.a.j.t.JMeterThread: Stopping because end time detected by thread: TCC order-show 1-54
2026-09-10 07:53:52,748 INFO o.a.j.t.JMeterThread: Thread finished: TCC order-show 1-54
2026-09-10 07:53:52,758 INFO o.a.j.t.JMeterThread: Stopping because end time detected by thread: TCC order-show 1-51
2026-09-10 07:53:52,758 INFO o.a.j.t.JMeterThread: Thread finished: TCC order-show 1-51
2026-09-10 07:53:52,768 INFO o.a.j.t.JMeterThread: Stopping because end time detected by thread: TCC order-show 1-14
2026-09-10 07:53:52,768 INFO o.a.j.t.JMeterThread: Thread finished: TCC order-show 1-14
2026-09-10 07:53:52,778 INFO o.a.j.t.JMeterThread: Stopping because end time detected by thread: TCC order-show 1-6
2026-09-10 07:53:52,778 INFO o.a.j.t.JMeterThread: Thread finished: TCC order-show 1-6
2026-09-10 07:53:52,789 INFO o.a.j.t.JMeterThread: Stopping because end time detected by thread: TCC order-show 1-97
2026-09-10 07:53:52,789 INFO o.a.j.t.JMeterThread: Thread finished: TCC order-show 1-97
2026-09-10 07:53:52,800 INFO o.a.j.t.JMeterThread: Stopping because end time detected by thread: TCC order-show 1-48
2026-09-10 07:53:52,800 INFO o.a.j.t.JMeterThread: Thread finished: TCC order-show 1-48
2026-09-10 07:53:52,811 INFO o.a.j.t.JMeterThread: Stopping because end time detected by thread: TCC order-show 1-83
2026-09-10 07:53:52,811 INFO o.a.j.t.JMeterThread: Thread finished: TCC order-show 1-83
2026-09-10 07:53:52,822 INFO o.a.j.t.JMeterThread: Stopping because end time detected by thread: TCC order-show 1-68
2026-09-10 07:53:52,822 INFO o.a.j.t.JMeterThread: Thread finished: TCC order-show 1-68
2026-09-10 07:53:52,833 INFO o.a.j.t.JMeterThread: Stopping because end time detected by thread: TCC order-show 1-12
2026-09-10 07:53:52,833 INFO o.a.j.t.JMeterThread: Thread finished: TCC order-show 1-12
2026-09-10 07:53:52,844 INFO o.a.j.t.JMeterThread: Stopping because end time detected by thread: TCC order-show 1-1
2026-09-10 07:53:52,844 INFO o.a.j.t.JMeterThread: Thread finished: TCC order-show 1-1
2026-09-10 07:53:52,855 INFO o.a.j.t.JMeterThread: Stopping because end time detected by thread: TCC order-show 1-10
2026-09-10 07:53:52,855 INFO o.a.j.t.JMeterThread: Thread finished: TCC order-show 1-10
2026-09-10 07:53:52,866 INFO o.a.j.t.JMeterThread: Stopping because end time detected by thread: TCC order-show 1-57
2026-09-10 07:53:52,866 INFO o.a.j.t.JMeterThread: Thread finished: TCC order-show 1-57
2026-09-10 07:53:52,877 INFO o.a.j.t.JMeterThread: Stopping because end time detected by thread: TCC order-show 1-33
2026-09-10 07:53:52,877 INFO o.a.j.t.JMeterThread: Thread finished: TCC order-show 1-33
2026-09-10 07:53:52,888 INFO o.a.j.t.JMeterThread: Stopping because end time detected by thread: TCC order-show 1-100
2026-09-10 07:53:52,888 INFO o.a.j.t.JMeterThread: Thread finished: TCC order-show 1-100
2026-09-10 07:53:52,899 INFO o.a.j.t.JMeterThread: Stopping because end time detected by thread: TCC order-show 1-56
2026-09-10 07:53:52,899 INFO o.a.j.t.JMeterThread: Thread finished: TCC order-show 1-56
2026-09-10 07:53:52,911 INFO o.a.j.t.JMeterThread: Stopping because end time detected by thread: TCC order-show 1-8
2026-09-10 07:53:52,911 INFO o.a.j.t.JMeterThread: Thread finished: TCC order-show 1-8
2026-09-10 07:53:52,924 INFO o.a.j.t.JMeterThread: Stopping because end time detected by thread: TCC order-show 1-84
2026-09-10 07:53:52,924 INFO o.a.j.t.JMeterThread: Thread finished: TCC order-show 1-84
2026-09-10 07:53:52,936 INFO o.a.j.t.JMeterThread: Stopping because end time detected by thread: TCC order-show 1-45
2026-09-10 07:53:52,936 INFO o.a.j.t.JMeterThread: Thread finished: TCC order-show 1-45
2026-09-10 07:53:52,950 INFO o.a.j.t.JMeterThread: Stopping because end time detected by thread: TCC order-show 1-27
2026-09-10 07:53:52,950 INFO o.a.j.t.JMeterThread: Thread finished: TCC order-show 1-27
2026-09-10 07:53:52,962 INFO o.a.j.t.JMeterThread: Stopping because end time detected by thread: TCC order-show 1-17
2026-09-10 07:53:52,963 INFO o.a.j.t.JMeterThread: Thread finished: TCC order-show 1-17
2026-09-10 07:53:52,977 INFO o.a.j.t.JMeterThread: Stopping because end time detected by thread: TCC order-show 1-22
2026-09-10 07:53:52,977 INFO o.a.j.t.JMeterThread: Thread finished: TCC order-show 1-22
2026-09-10 07:53:52,990 INFO o.a.j.t.JMeterThread: Stopping because end time detected by thread: TCC order-show 1-86
2026-09-10 07:53:52,990 INFO o.a.j.t.JMeterThread: Thread finished: TCC order-show 1-86
2026-09-10 07:53:53,009 INFO o.a.j.t.JMeterThread: Stopping because end time detected by thread: TCC order-show 1-79
2026-09-10 07:53:53,009 INFO o.a.j.t.JMeterThread: Thread finished: TCC order-show 1-79
2026-09-10 07:53:53,019 INFO o.a.j.t.JMeterThread: Stopping because end time detected by thread: TCC order-show 1-55
2026-09-10 07:53:53,020 INFO o.a.j.t.JMeterThread: Thread finished: TCC order-show 1-55
2026-09-10 07:53:53,030 INFO o.a.j.t.JMeterThread: Stopping because end time detected by thread: TCC order-show 1-38
2026-09-10 07:53:53,030 INFO o.a.j.t.JMeterThread: Thread finished: TCC order-show 1-38
2026-09-10 07:53:53,040 INFO o.a.j.t.JMeterThread: Stopping because end time detected by thread: TCC order-show 1-72
2026-09-10 07:53:53,041 INFO o.a.j.t.JMeterThread: Thread finished: TCC order-show 1-72
2026-09-10 07:53:53,052 INFO o.a.j.t.JMeterThread: Stopping because end time detected by thread: TCC order-show 1-24
2026-09-10 07:53:53,052 INFO o.a.j.t.JMeterThread: Thread finished: TCC order-show 1-24
2026-09-10 07:53:53,062 INFO o.a.j.t.JMeterThread: Stopping because end time detected by thread: TCC order-show 1-21
2026-09-10 07:53:53,062 INFO o.a.j.t.JMeterThread: Thread finished: TCC order-show 1-21
2026-09-10 07:53:53,073 INFO o.a.j.t.JMeterThread: Stopping because end time detected by thread: TCC order-show 1-64
2026-09-10 07:53:53,073 INFO o.a.j.t.JMeterThread: Thread finished: TCC order-show 1-64
2026-09-10 07:53:53,084 INFO o.a.j.t.JMeterThread: Stopping because end time detected by thread: TCC order-show 1-87
2026-09-10 07:53:53,085 INFO o.a.j.t.JMeterThread: Thread finished: TCC order-show 1-87
2026-09-10 07:53:53,095 INFO o.a.j.t.JMeterThread: Stopping because end time detected by thread: TCC order-show 1-96
2026-09-10 07:53:53,095 INFO o.a.j.t.JMeterThread: Thread finished: TCC order-show 1-96
2026-09-10 07:53:53,106 INFO o.a.j.t.JMeterThread: Stopping because end time detected by thread: TCC order-show 1-63
2026-09-10 07:53:53,106 INFO o.a.j.t.JMeterThread: Thread finished: TCC order-show 1-63
2026-09-10 07:53:53,116 INFO o.a.j.t.JMeterThread: Stopping because end time detected by thread: TCC order-show 1-77
2026-09-10 07:53:53,116 INFO o.a.j.t.JMeterThread: Thread finished: TCC order-show 1-77
2026-09-10 07:53:53,127 INFO o.a.j.t.JMeterThread: Stopping because end time detected by thread: TCC order-show 1-29
2026-09-10 07:53:53,127 INFO o.a.j.t.JMeterThread: Thread finished: TCC order-show 1-29
2026-09-10 07:53:53,137 INFO o.a.j.t.JMeterThread: Stopping because end time detected by thread: TCC order-show 1-37
2026-09-10 07:53:53,138 INFO o.a.j.t.JMeterThread: Thread finished: TCC order-show 1-37
2026-09-10 07:53:53,148 INFO o.a.j.t.JMeterThread: Stopping because end time detected by thread: TCC order-show 1-20
2026-09-10 07:53:53,148 INFO o.a.j.t.JMeterThread: Thread finished: TCC order-show 1-20
2026-09-10 07:53:53,159 INFO o.a.j.t.JMeterThread: Stopping because end time detected by thread: TCC order-show 1-18
2026-09-10 07:53:53,159 INFO o.a.j.t.JMeterThread: Thread finished: TCC order-show 1-18
2026-09-10 07:53:53,169 INFO o.a.j.t.JMeterThread: Stopping because end time detected by thread: TCC order-show 1-61
2026-09-10 07:53:53,169 INFO o.a.j.t.JMeterThread: Thread finished: TCC order-show 1-61
2026-09-10 07:53:53,180 INFO o.a.j.t.JMeterThread: Stopping because end time detected by thread: TCC order-show 1-91
2026-09-10 07:53:53,180 INFO o.a.j.t.JMeterThread: Thread finished: TCC order-show 1-91
2026-09-10 07:53:53,191 INFO o.a.j.t.JMeterThread: Stopping because end time detected by thread: TCC order-show 1-30
2026-09-10 07:53:53,191 INFO o.a.j.t.JMeterThread: Thread finished: TCC order-show 1-30
2026-09-10 07:53:53,202 INFO o.a.j.t.JMeterThread: Stopping because end time detected by thread: TCC order-show 1-73
2026-09-10 07:53:53,202 INFO o.a.j.t.JMeterThread: Thread finished: TCC order-show 1-73
2026-09-10 07:53:53,212 INFO o.a.j.t.JMeterThread: Stopping because end time detected by thread: TCC order-show 1-94
2026-09-10 07:53:53,213 INFO o.a.j.t.JMeterThread: Thread finished: TCC order-show 1-94
2026-09-10 07:53:53,224 INFO o.a.j.t.JMeterThread: Stopping because end time detected by thread: TCC order-show 1-40
2026-09-10 07:53:53,224 INFO o.a.j.t.JMeterThread: Thread finished: TCC order-show 1-40
2026-09-10 07:53:53,234 INFO o.a.j.t.JMeterThread: Stopping because end time detected by thread: TCC order-show 1-74
2026-09-10 07:53:53,234 INFO o.a.j.t.JMeterThread: Thread finished: TCC order-show 1-74
2026-09-10 07:53:53,234 INFO o.a.j.e.StandardJMeterEngine: Notifying test listeners of end of test
2026-09-10 07:53:53,237 INFO o.a.j.r.Summariser: summary +   2133 in 00:00:23 =   91.8/s Avg:  1087 Min:  1060 Max:  1122 Err:     0 (0.00%) Active: 0 Started: 100 Finished: 100
2026-09-10 07:53:53,237 INFO o.a.j.r.Summariser: summary =   2798 in 00:00:31 =   89.8/s Avg:  1076 Min:   102 Max:  1539 Err:     0 (0.00%)
