2026-09-10 02:16:46,204 INFO o.a.j.u.JMeterUtils: Setting Locale to en_EN
2026-09-10 02:16:46,220 INFO o.a.j.JMeter: Loading user properties from: /home/avituo/projects/tcc/tcc-container/.tools/apache-jmeter-5.6.3/bin/user.properties
2026-09-10 02:16:46,221 INFO o.a.j.JMeter: Loading system properties from: /home/avituo/projects/tcc/tcc-container/.tools/apache-jmeter-5.6.3/bin/system.properties
2026-09-10 02:16:46,221 INFO o.a.j.JMeter: Loading additional properties from: /home/avituo/projects/tcc/tcc-container/benchmark/jmeter/benchmark.properties
2026-09-10 02:16:46,221 INFO o.a.j.JMeter: Loading additional properties from: /tmp/tcc-benchmark-auth.54nzye/auth.properties
2026-09-10 02:16:46,221 INFO o.a.j.JMeter: Loading additional properties from: /home/avituo/projects/tcc/tcc-container/benchmark/results/laravel-13.20.0/final/products/c50/r2/monolith/thread-counters.properties
2026-09-10 02:16:46,221 INFO o.a.j.JMeter: Setting JMeter property: threads=50
2026-09-10 02:16:46,221 INFO o.a.j.JMeter: Setting JMeter property: duration_seconds=120
2026-09-10 02:16:46,221 INFO o.a.j.JMeter: Setting JMeter property: target_host=localhost
2026-09-10 02:16:46,221 INFO o.a.j.JMeter: Setting JMeter property: target_port=18000
2026-09-10 02:16:46,222 INFO o.a.j.JMeter: Setting JMeter property: tcc.order.id=1
2026-09-10 02:16:46,222 INFO o.a.j.JMeter: Setting JMeter property: repetition=2
2026-09-10 02:16:46,230 INFO o.a.j.JMeter: Copyright (c) 1998-2024 The Apache Software Foundation
2026-09-10 02:16:46,230 INFO o.a.j.JMeter: Version 5.6.3
2026-09-10 02:16:46,230 INFO o.a.j.JMeter: java.version=21.0.11
2026-09-10 02:16:46,230 INFO o.a.j.JMeter: java.vm.name=OpenJDK 64-Bit Server VM
2026-09-10 02:16:46,230 INFO o.a.j.JMeter: os.name=Linux
2026-09-10 02:16:46,230 INFO o.a.j.JMeter: os.arch=amd64
2026-09-10 02:16:46,230 INFO o.a.j.JMeter: os.version=7.0.11-76070011-generic
2026-09-10 02:16:46,230 INFO o.a.j.JMeter: file.encoding=UTF-8
2026-09-10 02:16:46,230 INFO o.a.j.JMeter: java.awt.headless=true
2026-09-10 02:16:46,230 INFO o.a.j.JMeter: Max memory     =1073741824
2026-09-10 02:16:46,230 INFO o.a.j.JMeter: Available Processors =16
2026-09-10 02:16:46,238 INFO o.a.j.JMeter: Default Locale=English (EN)
2026-09-10 02:16:46,238 INFO o.a.j.JMeter: JMeter  Locale=English (EN)
2026-09-10 02:16:46,238 INFO o.a.j.JMeter: JMeterHome=/home/avituo/projects/tcc/tcc-container/.tools/apache-jmeter-5.6.3
2026-09-10 02:16:46,238 INFO o.a.j.JMeter: user.dir  =/home/avituo/projects/tcc/tcc-container
2026-09-10 02:16:46,238 INFO o.a.j.JMeter: PWD       =/home/avituo/projects/tcc/tcc-container
2026-09-10 02:16:46,250 INFO o.a.j.JMeter: IP: 192.168.1.16 Name: pop-os FullName: pop-os.home
2026-09-10 02:16:46,262 INFO o.a.j.s.FileServer: Default base='/home/avituo/projects/tcc/tcc-container'
2026-09-10 02:16:46,264 INFO o.a.j.s.FileServer: Set new base='/home/avituo/projects/tcc/tcc-container/benchmark/jmeter'
2026-09-10 02:16:46,423 INFO o.a.j.s.SaveService: Testplan (JMX) version: 2.2. Testlog (JTL) version: 2.2
2026-09-10 02:16:46,446 INFO o.a.j.s.SaveService: Using SaveService properties version 5.0
2026-09-10 02:16:46,450 INFO o.a.j.s.SaveService: Using SaveService properties file encoding UTF-8
2026-09-10 02:16:46,454 INFO o.a.j.s.SaveService: Loading file: /home/avituo/projects/tcc/tcc-container/benchmark/jmeter/tcc-products-v1.jmx
2026-09-10 02:16:46,504 INFO o.a.j.p.h.s.HTTPSamplerBase: Parser for text/html is org.apache.jmeter.protocol.http.parser.LagartoBasedHtmlParser
2026-09-10 02:16:46,504 INFO o.a.j.p.h.s.HTTPSamplerBase: Parser for application/xhtml+xml is org.apache.jmeter.protocol.http.parser.LagartoBasedHtmlParser
2026-09-10 02:16:46,504 INFO o.a.j.p.h.s.HTTPSamplerBase: Parser for application/xml is org.apache.jmeter.protocol.http.parser.LagartoBasedHtmlParser
2026-09-10 02:16:46,504 INFO o.a.j.p.h.s.HTTPSamplerBase: Parser for text/xml is org.apache.jmeter.protocol.http.parser.LagartoBasedHtmlParser
2026-09-10 02:16:46,504 INFO o.a.j.p.h.s.HTTPSamplerBase: Parser for text/vnd.wap.wml is org.apache.jmeter.protocol.http.parser.RegexpHTMLParser
2026-09-10 02:16:46,504 INFO o.a.j.p.h.s.HTTPSamplerBase: Parser for text/css is org.apache.jmeter.protocol.http.parser.CssParser
2026-09-10 02:16:46,532 INFO o.a.j.JMeter: Creating summariser <summary>
2026-09-10 02:16:46,552 INFO o.a.j.e.StandardJMeterEngine: Running the test!
2026-09-10 02:16:46,553 INFO o.a.j.s.SampleEvent: List of sample_variables: []
2026-09-10 02:16:46,553 INFO o.a.j.s.SampleEvent: List of sample_variables: []
2026-09-10 02:16:46,559 INFO o.a.j.e.u.CompoundVariable: Note: Function class names must contain the string: '.functions.'
2026-09-10 02:16:46,560 INFO o.a.j.e.u.CompoundVariable: Note: Function class names must not contain the string: '.gui.'
2026-09-10 02:16:46,805 INFO o.a.j.JMeter: Running test (1789017406805)
2026-09-10 02:16:46,826 INFO o.a.j.e.StandardJMeterEngine: Starting ThreadGroup: 1 : TCC products
2026-09-10 02:16:46,826 INFO o.a.j.e.StandardJMeterEngine: Starting 50 threads for group TCC products.
2026-09-10 02:16:46,827 INFO o.a.j.e.StandardJMeterEngine: Thread will continue on error
2026-09-10 02:16:46,827 INFO o.a.j.t.ThreadGroup: Starting thread group... number=1 threads=50 ramp-up=0 delayedStart=false
2026-09-10 02:16:46,833 INFO o.a.j.t.JMeterThread: Thread started: TCC products 1-1
2026-09-10 02:16:46,833 INFO o.a.j.t.JMeterThread: Thread started: TCC products 1-4
2026-09-10 02:16:46,833 INFO o.a.j.t.JMeterThread: Thread started: TCC products 1-5
2026-09-10 02:16:46,833 INFO o.a.j.t.JMeterThread: Thread started: TCC products 1-2
2026-09-10 02:16:46,833 INFO o.a.j.t.JMeterThread: Thread started: TCC products 1-3
2026-09-10 02:16:46,834 INFO o.a.j.t.JMeterThread: Thread started: TCC products 1-6
2026-09-10 02:16:46,835 INFO o.a.j.t.JMeterThread: Thread started: TCC products 1-7
2026-09-10 02:16:46,835 INFO o.a.j.t.JMeterThread: Thread started: TCC products 1-8
2026-09-10 02:16:46,836 INFO o.a.j.t.JMeterThread: Thread started: TCC products 1-9
2026-09-10 02:16:46,836 INFO o.a.j.t.JMeterThread: Thread started: TCC products 1-10
2026-09-10 02:16:46,837 INFO o.a.j.t.JMeterThread: Thread started: TCC products 1-11
2026-09-10 02:16:46,838 INFO o.a.j.t.JMeterThread: Thread started: TCC products 1-12
2026-09-10 02:16:46,839 INFO o.a.j.t.JMeterThread: Thread started: TCC products 1-13
2026-09-10 02:16:46,840 INFO o.a.j.t.JMeterThread: Thread started: TCC products 1-14
2026-09-10 02:16:46,840 INFO o.a.j.t.JMeterThread: Thread started: TCC products 1-15
2026-09-10 02:16:46,841 INFO o.a.j.t.JMeterThread: Thread started: TCC products 1-16
2026-09-10 02:16:46,842 INFO o.a.j.t.JMeterThread: Thread started: TCC products 1-17
2026-09-10 02:16:46,842 INFO o.a.j.t.JMeterThread: Thread started: TCC products 1-18
2026-09-10 02:16:46,843 INFO o.a.j.t.JMeterThread: Thread started: TCC products 1-19
2026-09-10 02:16:46,844 INFO o.a.j.t.JMeterThread: Thread started: TCC products 1-20
2026-09-10 02:16:46,844 INFO o.a.j.t.JMeterThread: Thread started: TCC products 1-21
2026-09-10 02:16:46,845 INFO o.a.j.t.JMeterThread: Thread started: TCC products 1-22
2026-09-10 02:16:46,845 INFO o.a.j.t.JMeterThread: Thread started: TCC products 1-23
2026-09-10 02:16:46,846 INFO o.a.j.t.JMeterThread: Thread started: TCC products 1-24
2026-09-10 02:16:46,846 INFO o.a.j.t.JMeterThread: Thread started: TCC products 1-25
2026-09-10 02:16:46,847 INFO o.a.j.t.JMeterThread: Thread started: TCC products 1-26
2026-09-10 02:16:46,847 INFO o.a.j.t.JMeterThread: Thread started: TCC products 1-27
2026-09-10 02:16:46,847 INFO o.a.j.t.JMeterThread: Thread started: TCC products 1-28
2026-09-10 02:16:46,848 INFO o.a.j.t.JMeterThread: Thread started: TCC products 1-29
2026-09-10 02:16:46,849 INFO o.a.j.t.JMeterThread: Thread started: TCC products 1-30
2026-09-10 02:16:46,849 INFO o.a.j.t.JMeterThread: Thread started: TCC products 1-31
2026-09-10 02:16:46,850 INFO o.a.j.t.JMeterThread: Thread started: TCC products 1-32
2026-09-10 02:16:46,850 INFO o.a.j.t.JMeterThread: Thread started: TCC products 1-33
2026-09-10 02:16:46,850 INFO o.a.j.t.JMeterThread: Thread started: TCC products 1-35
2026-09-10 02:16:46,850 INFO o.a.j.t.JMeterThread: Thread started: TCC products 1-34
2026-09-10 02:16:46,851 INFO o.a.j.t.JMeterThread: Thread started: TCC products 1-36
2026-09-10 02:16:46,851 INFO o.a.j.t.JMeterThread: Thread started: TCC products 1-37
2026-09-10 02:16:46,851 INFO o.a.j.t.JMeterThread: Thread started: TCC products 1-38
2026-09-10 02:16:46,852 INFO o.a.j.t.JMeterThread: Thread started: TCC products 1-39
2026-09-10 02:16:46,852 INFO o.a.j.t.JMeterThread: Thread started: TCC products 1-40
2026-09-10 02:16:46,853 INFO o.a.j.t.JMeterThread: Thread started: TCC products 1-41
2026-09-10 02:16:46,853 INFO o.a.j.t.JMeterThread: Thread started: TCC products 1-42
2026-09-10 02:16:46,854 INFO o.a.j.t.JMeterThread: Thread started: TCC products 1-44
2026-09-10 02:16:46,854 INFO o.a.j.t.JMeterThread: Thread started: TCC products 1-43
2026-09-10 02:16:46,854 INFO o.a.j.t.JMeterThread: Thread started: TCC products 1-45
2026-09-10 02:16:46,855 INFO o.a.j.t.JMeterThread: Thread started: TCC products 1-46
2026-09-10 02:16:46,855 INFO o.a.j.t.JMeterThread: Thread started: TCC products 1-47
2026-09-10 02:16:46,856 INFO o.a.j.t.JMeterThread: Thread started: TCC products 1-48
2026-09-10 02:16:46,856 INFO o.a.j.t.JMeterThread: Thread started: TCC products 1-49
2026-09-10 02:16:46,856 INFO o.a.j.t.ThreadGroup: Started thread group number 1
2026-09-10 02:16:46,856 INFO o.a.j.e.StandardJMeterEngine: All thread groups have been started
2026-09-10 02:16:46,857 INFO o.a.j.t.JMeterThread: Thread started: TCC products 1-50
2026-09-10 02:16:46,858 INFO o.a.j.p.h.s.HTTPHCAbstractImpl: Local host = pop-os
2026-09-10 02:16:46,864 INFO o.a.j.p.h.s.HTTPHC4Impl: HTTP request retry count = 0
2026-09-10 02:16:46,865 INFO o.a.j.s.SampleResult: Note: Sample TimeStamps are START times
2026-09-10 02:16:46,865 INFO o.a.j.s.SampleResult: sampleresult.default.encoding is set to UTF-8
2026-09-10 02:16:46,865 INFO o.a.j.s.SampleResult: sampleresult.useNanoTime=true
2026-09-10 02:16:46,865 INFO o.a.j.s.SampleResult: sampleresult.nanoThreadSleep=5000
2026-09-10 02:17:00,019 INFO o.a.j.r.Summariser: summary +   1122 in 00:00:13 =   84.9/s Avg:   543 Min:    34 Max:   882 Err:     0 (0.00%) Active: 50 Started: 50 Finished: 0
2026-09-10 02:17:30,001 INFO o.a.j.r.Summariser: summary +   2723 in 00:00:30 =   90.8/s Avg:   550 Min:   524 Max:   586 Err:     0 (0.00%) Active: 50 Started: 50 Finished: 0
2026-09-10 02:17:30,001 INFO o.a.j.r.Summariser: summary =   3845 in 00:00:43 =   89.0/s Avg:   548 Min:    34 Max:   882 Err:     0 (0.00%)
2026-09-10 02:18:00,000 INFO o.a.j.r.Summariser: summary +   2711 in 00:00:30 =   90.4/s Avg:   552 Min:   518 Max:   621 Err:     0 (0.00%) Active: 50 Started: 50 Finished: 0
2026-09-10 02:18:00,000 INFO o.a.j.r.Summariser: summary =   6556 in 00:01:13 =   89.6/s Avg:   550 Min:    34 Max:   882 Err:     0 (0.00%)
2026-09-10 02:18:30,016 INFO o.a.j.r.Summariser: summary +   2730 in 00:00:30 =   91.0/s Avg:   549 Min:   510 Max:   657 Err:     0 (0.00%) Active: 50 Started: 50 Finished: 0
2026-09-10 02:18:30,016 INFO o.a.j.r.Summariser: summary =   9286 in 00:01:43 =   90.0/s Avg:   549 Min:    34 Max:   882 Err:     0 (0.00%)
2026-09-10 02:18:46,851 INFO o.a.j.t.JMeterThread: Stopping because end time detected by thread: TCC products 1-21
2026-09-10 02:18:46,852 INFO o.a.j.t.JMeterThread: Thread finished: TCC products 1-21
2026-09-10 02:18:46,862 INFO o.a.j.t.JMeterThread: Stopping because end time detected by thread: TCC products 1-9
2026-09-10 02:18:46,862 INFO o.a.j.t.JMeterThread: Thread finished: TCC products 1-9
2026-09-10 02:18:46,873 INFO o.a.j.t.JMeterThread: Stopping because end time detected by thread: TCC products 1-5
2026-09-10 02:18:46,873 INFO o.a.j.t.JMeterThread: Thread finished: TCC products 1-5
2026-09-10 02:18:46,884 INFO o.a.j.t.JMeterThread: Stopping because end time detected by thread: TCC products 1-35
2026-09-10 02:18:46,884 INFO o.a.j.t.JMeterThread: Thread finished: TCC products 1-35
2026-09-10 02:18:46,894 INFO o.a.j.t.JMeterThread: Stopping because end time detected by thread: TCC products 1-32
2026-09-10 02:18:46,895 INFO o.a.j.t.JMeterThread: Thread finished: TCC products 1-32
2026-09-10 02:18:46,905 INFO o.a.j.t.JMeterThread: Stopping because end time detected by thread: TCC products 1-12
2026-09-10 02:18:46,906 INFO o.a.j.t.JMeterThread: Thread finished: TCC products 1-12
2026-09-10 02:18:46,917 INFO o.a.j.t.JMeterThread: Stopping because end time detected by thread: TCC products 1-10
2026-09-10 02:18:46,917 INFO o.a.j.t.JMeterThread: Thread finished: TCC products 1-10
2026-09-10 02:18:46,927 INFO o.a.j.t.JMeterThread: Stopping because end time detected by thread: TCC products 1-29
2026-09-10 02:18:46,927 INFO o.a.j.t.JMeterThread: Thread finished: TCC products 1-29
2026-09-10 02:18:46,938 INFO o.a.j.t.JMeterThread: Stopping because end time detected by thread: TCC products 1-34
2026-09-10 02:18:46,938 INFO o.a.j.t.JMeterThread: Thread finished: TCC products 1-34
2026-09-10 02:18:46,949 INFO o.a.j.t.JMeterThread: Stopping because end time detected by thread: TCC products 1-30
2026-09-10 02:18:46,949 INFO o.a.j.t.JMeterThread: Thread finished: TCC products 1-30
2026-09-10 02:18:46,960 INFO o.a.j.t.JMeterThread: Stopping because end time detected by thread: TCC products 1-37
2026-09-10 02:18:46,960 INFO o.a.j.t.JMeterThread: Thread finished: TCC products 1-37
2026-09-10 02:18:46,971 INFO o.a.j.t.JMeterThread: Stopping because end time detected by thread: TCC products 1-11
2026-09-10 02:18:46,971 INFO o.a.j.t.JMeterThread: Thread finished: TCC products 1-11
2026-09-10 02:18:46,982 INFO o.a.j.t.JMeterThread: Stopping because end time detected by thread: TCC products 1-46
2026-09-10 02:18:46,982 INFO o.a.j.t.JMeterThread: Thread finished: TCC products 1-46
2026-09-10 02:18:46,993 INFO o.a.j.t.JMeterThread: Stopping because end time detected by thread: TCC products 1-19
2026-09-10 02:18:46,994 INFO o.a.j.t.JMeterThread: Thread finished: TCC products 1-19
2026-09-10 02:18:47,011 INFO o.a.j.t.JMeterThread: Stopping because end time detected by thread: TCC products 1-3
2026-09-10 02:18:47,011 INFO o.a.j.t.JMeterThread: Thread finished: TCC products 1-3
2026-09-10 02:18:47,023 INFO o.a.j.t.JMeterThread: Stopping because end time detected by thread: TCC products 1-49
2026-09-10 02:18:47,023 INFO o.a.j.t.JMeterThread: Thread finished: TCC products 1-49
2026-09-10 02:18:47,034 INFO o.a.j.t.JMeterThread: Stopping because end time detected by thread: TCC products 1-13
2026-09-10 02:18:47,034 INFO o.a.j.t.JMeterThread: Thread finished: TCC products 1-13
2026-09-10 02:18:47,047 INFO o.a.j.t.JMeterThread: Stopping because end time detected by thread: TCC products 1-24
2026-09-10 02:18:47,048 INFO o.a.j.t.JMeterThread: Thread finished: TCC products 1-24
2026-09-10 02:18:47,059 INFO o.a.j.t.JMeterThread: Stopping because end time detected by thread: TCC products 1-17
2026-09-10 02:18:47,059 INFO o.a.j.t.JMeterThread: Thread finished: TCC products 1-17
2026-09-10 02:18:47,071 INFO o.a.j.t.JMeterThread: Stopping because end time detected by thread: TCC products 1-40
2026-09-10 02:18:47,071 INFO o.a.j.t.JMeterThread: Thread finished: TCC products 1-40
2026-09-10 02:18:47,082 INFO o.a.j.t.JMeterThread: Stopping because end time detected by thread: TCC products 1-23
2026-09-10 02:18:47,082 INFO o.a.j.t.JMeterThread: Thread finished: TCC products 1-23
2026-09-10 02:18:47,093 INFO o.a.j.t.JMeterThread: Stopping because end time detected by thread: TCC products 1-45
2026-09-10 02:18:47,093 INFO o.a.j.t.JMeterThread: Thread finished: TCC products 1-45
2026-09-10 02:18:47,104 INFO o.a.j.t.JMeterThread: Stopping because end time detected by thread: TCC products 1-6
2026-09-10 02:18:47,104 INFO o.a.j.t.JMeterThread: Thread finished: TCC products 1-6
2026-09-10 02:18:47,116 INFO o.a.j.t.JMeterThread: Stopping because end time detected by thread: TCC products 1-44
2026-09-10 02:18:47,116 INFO o.a.j.t.JMeterThread: Thread finished: TCC products 1-44
2026-09-10 02:18:47,128 INFO o.a.j.t.JMeterThread: Stopping because end time detected by thread: TCC products 1-31
2026-09-10 02:18:47,128 INFO o.a.j.t.JMeterThread: Thread finished: TCC products 1-31
2026-09-10 02:18:47,139 INFO o.a.j.t.JMeterThread: Stopping because end time detected by thread: TCC products 1-7
2026-09-10 02:18:47,139 INFO o.a.j.t.JMeterThread: Thread finished: TCC products 1-7
2026-09-10 02:18:47,150 INFO o.a.j.t.JMeterThread: Stopping because end time detected by thread: TCC products 1-26
2026-09-10 02:18:47,150 INFO o.a.j.t.JMeterThread: Thread finished: TCC products 1-26
2026-09-10 02:18:47,161 INFO o.a.j.t.JMeterThread: Stopping because end time detected by thread: TCC products 1-39
2026-09-10 02:18:47,161 INFO o.a.j.t.JMeterThread: Thread finished: TCC products 1-39
2026-09-10 02:18:47,172 INFO o.a.j.t.JMeterThread: Stopping because end time detected by thread: TCC products 1-43
2026-09-10 02:18:47,172 INFO o.a.j.t.JMeterThread: Thread finished: TCC products 1-43
2026-09-10 02:18:47,184 INFO o.a.j.t.JMeterThread: Stopping because end time detected by thread: TCC products 1-38
2026-09-10 02:18:47,184 INFO o.a.j.t.JMeterThread: Thread finished: TCC products 1-38
2026-09-10 02:18:47,195 INFO o.a.j.t.JMeterThread: Stopping because end time detected by thread: TCC products 1-8
2026-09-10 02:18:47,195 INFO o.a.j.t.JMeterThread: Thread finished: TCC products 1-8
2026-09-10 02:18:47,206 INFO o.a.j.t.JMeterThread: Stopping because end time detected by thread: TCC products 1-20
2026-09-10 02:18:47,206 INFO o.a.j.t.JMeterThread: Thread finished: TCC products 1-20
2026-09-10 02:18:47,217 INFO o.a.j.t.JMeterThread: Stopping because end time detected by thread: TCC products 1-4
2026-09-10 02:18:47,218 INFO o.a.j.t.JMeterThread: Thread finished: TCC products 1-4
2026-09-10 02:18:47,229 INFO o.a.j.t.JMeterThread: Stopping because end time detected by thread: TCC products 1-16
2026-09-10 02:18:47,229 INFO o.a.j.t.JMeterThread: Thread finished: TCC products 1-16
2026-09-10 02:18:47,240 INFO o.a.j.t.JMeterThread: Stopping because end time detected by thread: TCC products 1-28
2026-09-10 02:18:47,240 INFO o.a.j.t.JMeterThread: Thread finished: TCC products 1-28
2026-09-10 02:18:47,251 INFO o.a.j.t.JMeterThread: Stopping because end time detected by thread: TCC products 1-42
2026-09-10 02:18:47,251 INFO o.a.j.t.JMeterThread: Thread finished: TCC products 1-42
2026-09-10 02:18:47,262 INFO o.a.j.t.JMeterThread: Stopping because end time detected by thread: TCC products 1-25
2026-09-10 02:18:47,262 INFO o.a.j.t.JMeterThread: Thread finished: TCC products 1-25
2026-09-10 02:18:47,273 INFO o.a.j.t.JMeterThread: Stopping because end time detected by thread: TCC products 1-48
2026-09-10 02:18:47,273 INFO o.a.j.t.JMeterThread: Thread finished: TCC products 1-48
2026-09-10 02:18:47,284 INFO o.a.j.t.JMeterThread: Stopping because end time detected by thread: TCC products 1-14
2026-09-10 02:18:47,284 INFO o.a.j.t.JMeterThread: Thread finished: TCC products 1-14
2026-09-10 02:18:47,295 INFO o.a.j.t.JMeterThread: Stopping because end time detected by thread: TCC products 1-27
2026-09-10 02:18:47,295 INFO o.a.j.t.JMeterThread: Thread finished: TCC products 1-27
2026-09-10 02:18:47,306 INFO o.a.j.t.JMeterThread: Stopping because end time detected by thread: TCC products 1-18
2026-09-10 02:18:47,306 INFO o.a.j.t.JMeterThread: Thread finished: TCC products 1-18
2026-09-10 02:18:47,318 INFO o.a.j.t.JMeterThread: Stopping because end time detected by thread: TCC products 1-41
2026-09-10 02:18:47,318 INFO o.a.j.t.JMeterThread: Thread finished: TCC products 1-41
2026-09-10 02:18:47,329 INFO o.a.j.t.JMeterThread: Stopping because end time detected by thread: TCC products 1-33
2026-09-10 02:18:47,330 INFO o.a.j.t.JMeterThread: Thread finished: TCC products 1-33
2026-09-10 02:18:47,340 INFO o.a.j.t.JMeterThread: Stopping because end time detected by thread: TCC products 1-15
2026-09-10 02:18:47,340 INFO o.a.j.t.JMeterThread: Thread finished: TCC products 1-15
2026-09-10 02:18:47,351 INFO o.a.j.t.JMeterThread: Stopping because end time detected by thread: TCC products 1-50
2026-09-10 02:18:47,351 INFO o.a.j.t.JMeterThread: Thread finished: TCC products 1-50
2026-09-10 02:18:47,363 INFO o.a.j.t.JMeterThread: Stopping because end time detected by thread: TCC products 1-22
2026-09-10 02:18:47,363 INFO o.a.j.t.JMeterThread: Thread finished: TCC products 1-22
2026-09-10 02:18:47,374 INFO o.a.j.t.JMeterThread: Stopping because end time detected by thread: TCC products 1-36
2026-09-10 02:18:47,375 INFO o.a.j.t.JMeterThread: Thread finished: TCC products 1-36
2026-09-10 02:18:47,386 INFO o.a.j.t.JMeterThread: Stopping because end time detected by thread: TCC products 1-1
2026-09-10 02:18:47,386 INFO o.a.j.t.JMeterThread: Thread finished: TCC products 1-1
2026-09-10 02:18:47,397 INFO o.a.j.t.JMeterThread: Stopping because end time detected by thread: TCC products 1-2
2026-09-10 02:18:47,397 INFO o.a.j.t.JMeterThread: Thread finished: TCC products 1-2
2026-09-10 02:18:47,408 INFO o.a.j.t.JMeterThread: Stopping because end time detected by thread: TCC products 1-47
2026-09-10 02:18:47,408 INFO o.a.j.t.JMeterThread: Thread finished: TCC products 1-47
2026-09-10 02:18:47,408 INFO o.a.j.e.StandardJMeterEngine: Notifying test listeners of end of test
2026-09-10 02:18:47,412 INFO o.a.j.r.Summariser: summary +   1587 in 00:00:17 =   91.2/s Avg:   547 Min:   519 Max:   596 Err:     0 (0.00%) Active: 0 Started: 50 Finished: 50
2026-09-10 02:18:47,412 INFO o.a.j.r.Summariser: summary =  10873 in 00:02:01 =   90.2/s Avg:   549 Min:    34 Max:   882 Err:     0 (0.00%)
