2026-09-10 02:16:10,719 INFO o.a.j.u.JMeterUtils: Setting Locale to en_EN
2026-09-10 02:16:10,737 INFO o.a.j.JMeter: Loading user properties from: /home/avituo/projects/tcc/tcc-container/.tools/apache-jmeter-5.6.3/bin/user.properties
2026-09-10 02:16:10,738 INFO o.a.j.JMeter: Loading system properties from: /home/avituo/projects/tcc/tcc-container/.tools/apache-jmeter-5.6.3/bin/system.properties
2026-09-10 02:16:10,738 INFO o.a.j.JMeter: Loading additional properties from: /home/avituo/projects/tcc/tcc-container/benchmark/jmeter/benchmark.properties
2026-09-10 02:16:10,738 INFO o.a.j.JMeter: Loading additional properties from: /tmp/tcc-benchmark-auth.54nzye/auth.properties
2026-09-10 02:16:10,738 INFO o.a.j.JMeter: Setting JMeter property: threads=50
2026-09-10 02:16:10,738 INFO o.a.j.JMeter: Setting JMeter property: duration_seconds=30
2026-09-10 02:16:10,738 INFO o.a.j.JMeter: Setting JMeter property: target_host=localhost
2026-09-10 02:16:10,738 INFO o.a.j.JMeter: Setting JMeter property: target_port=18000
2026-09-10 02:16:10,738 INFO o.a.j.JMeter: Setting JMeter property: tcc.order.id=1
2026-09-10 02:16:10,739 INFO o.a.j.JMeter: Setting JMeter property: repetition=2
2026-09-10 02:16:10,745 INFO o.a.j.JMeter: Copyright (c) 1998-2024 The Apache Software Foundation
2026-09-10 02:16:10,745 INFO o.a.j.JMeter: Version 5.6.3
2026-09-10 02:16:10,746 INFO o.a.j.JMeter: java.version=21.0.11
2026-09-10 02:16:10,746 INFO o.a.j.JMeter: java.vm.name=OpenJDK 64-Bit Server VM
2026-09-10 02:16:10,746 INFO o.a.j.JMeter: os.name=Linux
2026-09-10 02:16:10,746 INFO o.a.j.JMeter: os.arch=amd64
2026-09-10 02:16:10,746 INFO o.a.j.JMeter: os.version=7.0.11-76070011-generic
2026-09-10 02:16:10,746 INFO o.a.j.JMeter: file.encoding=UTF-8
2026-09-10 02:16:10,746 INFO o.a.j.JMeter: java.awt.headless=true
2026-09-10 02:16:10,746 INFO o.a.j.JMeter: Max memory     =1073741824
2026-09-10 02:16:10,746 INFO o.a.j.JMeter: Available Processors =16
2026-09-10 02:16:10,755 INFO o.a.j.JMeter: Default Locale=English (EN)
2026-09-10 02:16:10,755 INFO o.a.j.JMeter: JMeter  Locale=English (EN)
2026-09-10 02:16:10,755 INFO o.a.j.JMeter: JMeterHome=/home/avituo/projects/tcc/tcc-container/.tools/apache-jmeter-5.6.3
2026-09-10 02:16:10,755 INFO o.a.j.JMeter: user.dir  =/home/avituo/projects/tcc/tcc-container
2026-09-10 02:16:10,755 INFO o.a.j.JMeter: PWD       =/home/avituo/projects/tcc/tcc-container
2026-09-10 02:16:10,763 INFO o.a.j.JMeter: IP: 192.168.1.16 Name: pop-os FullName: pop-os.home
2026-09-10 02:16:10,775 INFO o.a.j.s.FileServer: Default base='/home/avituo/projects/tcc/tcc-container'
2026-09-10 02:16:10,777 INFO o.a.j.s.FileServer: Set new base='/home/avituo/projects/tcc/tcc-container/benchmark/jmeter'
2026-09-10 02:16:10,946 INFO o.a.j.s.SaveService: Testplan (JMX) version: 2.2. Testlog (JTL) version: 2.2
2026-09-10 02:16:10,971 INFO o.a.j.s.SaveService: Using SaveService properties version 5.0
2026-09-10 02:16:10,974 INFO o.a.j.s.SaveService: Using SaveService properties file encoding UTF-8
2026-09-10 02:16:10,978 INFO o.a.j.s.SaveService: Loading file: /home/avituo/projects/tcc/tcc-container/benchmark/jmeter/tcc-products-v1.jmx
2026-09-10 02:16:11,028 INFO o.a.j.p.h.s.HTTPSamplerBase: Parser for text/html is org.apache.jmeter.protocol.http.parser.LagartoBasedHtmlParser
2026-09-10 02:16:11,028 INFO o.a.j.p.h.s.HTTPSamplerBase: Parser for application/xhtml+xml is org.apache.jmeter.protocol.http.parser.LagartoBasedHtmlParser
2026-09-10 02:16:11,028 INFO o.a.j.p.h.s.HTTPSamplerBase: Parser for application/xml is org.apache.jmeter.protocol.http.parser.LagartoBasedHtmlParser
2026-09-10 02:16:11,028 INFO o.a.j.p.h.s.HTTPSamplerBase: Parser for text/xml is org.apache.jmeter.protocol.http.parser.LagartoBasedHtmlParser
2026-09-10 02:16:11,028 INFO o.a.j.p.h.s.HTTPSamplerBase: Parser for text/vnd.wap.wml is org.apache.jmeter.protocol.http.parser.RegexpHTMLParser
2026-09-10 02:16:11,028 INFO o.a.j.p.h.s.HTTPSamplerBase: Parser for text/css is org.apache.jmeter.protocol.http.parser.CssParser
2026-09-10 02:16:11,057 INFO o.a.j.JMeter: Creating summariser <summary>
2026-09-10 02:16:11,076 INFO o.a.j.e.StandardJMeterEngine: Running the test!
2026-09-10 02:16:11,077 INFO o.a.j.s.SampleEvent: List of sample_variables: []
2026-09-10 02:16:11,077 INFO o.a.j.s.SampleEvent: List of sample_variables: []
2026-09-10 02:16:11,081 INFO o.a.j.e.u.CompoundVariable: Note: Function class names must contain the string: '.functions.'
2026-09-10 02:16:11,081 INFO o.a.j.e.u.CompoundVariable: Note: Function class names must not contain the string: '.gui.'
2026-09-10 02:16:11,326 INFO o.a.j.JMeter: Running test (1789017371326)
2026-09-10 02:16:11,346 INFO o.a.j.e.StandardJMeterEngine: Starting ThreadGroup: 1 : TCC products
2026-09-10 02:16:11,346 INFO o.a.j.e.StandardJMeterEngine: Starting 50 threads for group TCC products.
2026-09-10 02:16:11,346 INFO o.a.j.e.StandardJMeterEngine: Thread will continue on error
2026-09-10 02:16:11,346 INFO o.a.j.t.ThreadGroup: Starting thread group... number=1 threads=50 ramp-up=0 delayedStart=false
2026-09-10 02:16:11,353 INFO o.a.j.t.JMeterThread: Thread started: TCC products 1-1
2026-09-10 02:16:11,353 INFO o.a.j.t.JMeterThread: Thread started: TCC products 1-5
2026-09-10 02:16:11,353 INFO o.a.j.t.JMeterThread: Thread started: TCC products 1-3
2026-09-10 02:16:11,353 INFO o.a.j.t.JMeterThread: Thread started: TCC products 1-2
2026-09-10 02:16:11,353 INFO o.a.j.t.JMeterThread: Thread started: TCC products 1-4
2026-09-10 02:16:11,353 INFO o.a.j.t.JMeterThread: Thread started: TCC products 1-6
2026-09-10 02:16:11,354 INFO o.a.j.t.JMeterThread: Thread started: TCC products 1-7
2026-09-10 02:16:11,355 INFO o.a.j.t.JMeterThread: Thread started: TCC products 1-8
2026-09-10 02:16:11,355 INFO o.a.j.t.JMeterThread: Thread started: TCC products 1-9
2026-09-10 02:16:11,356 INFO o.a.j.t.JMeterThread: Thread started: TCC products 1-10
2026-09-10 02:16:11,357 INFO o.a.j.t.JMeterThread: Thread started: TCC products 1-11
2026-09-10 02:16:11,357 INFO o.a.j.t.JMeterThread: Thread started: TCC products 1-12
2026-09-10 02:16:11,358 INFO o.a.j.t.JMeterThread: Thread started: TCC products 1-13
2026-09-10 02:16:11,359 INFO o.a.j.t.JMeterThread: Thread started: TCC products 1-14
2026-09-10 02:16:11,360 INFO o.a.j.t.JMeterThread: Thread started: TCC products 1-15
2026-09-10 02:16:11,362 INFO o.a.j.t.JMeterThread: Thread started: TCC products 1-16
2026-09-10 02:16:11,362 INFO o.a.j.t.JMeterThread: Thread started: TCC products 1-17
2026-09-10 02:16:11,363 INFO o.a.j.t.JMeterThread: Thread started: TCC products 1-18
2026-09-10 02:16:11,364 INFO o.a.j.t.JMeterThread: Thread started: TCC products 1-19
2026-09-10 02:16:11,364 INFO o.a.j.t.JMeterThread: Thread started: TCC products 1-20
2026-09-10 02:16:11,365 INFO o.a.j.t.JMeterThread: Thread started: TCC products 1-21
2026-09-10 02:16:11,366 INFO o.a.j.t.JMeterThread: Thread started: TCC products 1-22
2026-09-10 02:16:11,366 INFO o.a.j.t.JMeterThread: Thread started: TCC products 1-23
2026-09-10 02:16:11,367 INFO o.a.j.t.JMeterThread: Thread started: TCC products 1-24
2026-09-10 02:16:11,368 INFO o.a.j.t.JMeterThread: Thread started: TCC products 1-25
2026-09-10 02:16:11,368 INFO o.a.j.t.JMeterThread: Thread started: TCC products 1-26
2026-09-10 02:16:11,369 INFO o.a.j.t.JMeterThread: Thread started: TCC products 1-27
2026-09-10 02:16:11,370 INFO o.a.j.t.JMeterThread: Thread started: TCC products 1-28
2026-09-10 02:16:11,371 INFO o.a.j.t.JMeterThread: Thread started: TCC products 1-29
2026-09-10 02:16:11,371 INFO o.a.j.t.JMeterThread: Thread started: TCC products 1-30
2026-09-10 02:16:11,372 INFO o.a.j.t.JMeterThread: Thread started: TCC products 1-31
2026-09-10 02:16:11,373 INFO o.a.j.t.JMeterThread: Thread started: TCC products 1-32
2026-09-10 02:16:11,373 INFO o.a.j.t.JMeterThread: Thread started: TCC products 1-33
2026-09-10 02:16:11,374 INFO o.a.j.t.JMeterThread: Thread started: TCC products 1-34
2026-09-10 02:16:11,374 INFO o.a.j.t.JMeterThread: Thread started: TCC products 1-35
2026-09-10 02:16:11,375 INFO o.a.j.t.JMeterThread: Thread started: TCC products 1-36
2026-09-10 02:16:11,375 INFO o.a.j.t.JMeterThread: Thread started: TCC products 1-37
2026-09-10 02:16:11,376 INFO o.a.j.t.JMeterThread: Thread started: TCC products 1-38
2026-09-10 02:16:11,376 INFO o.a.j.t.JMeterThread: Thread started: TCC products 1-39
2026-09-10 02:16:11,377 INFO o.a.j.t.JMeterThread: Thread started: TCC products 1-40
2026-09-10 02:16:11,377 INFO o.a.j.t.JMeterThread: Thread started: TCC products 1-41
2026-09-10 02:16:11,378 INFO o.a.j.t.JMeterThread: Thread started: TCC products 1-42
2026-09-10 02:16:11,379 INFO o.a.j.t.JMeterThread: Thread started: TCC products 1-43
2026-09-10 02:16:11,379 INFO o.a.j.t.JMeterThread: Thread started: TCC products 1-44
2026-09-10 02:16:11,380 INFO o.a.j.t.JMeterThread: Thread started: TCC products 1-45
2026-09-10 02:16:11,380 INFO o.a.j.t.JMeterThread: Thread started: TCC products 1-46
2026-09-10 02:16:11,381 INFO o.a.j.t.JMeterThread: Thread started: TCC products 1-47
2026-09-10 02:16:11,381 INFO o.a.j.p.h.s.HTTPHCAbstractImpl: Local host = pop-os
2026-09-10 02:16:11,381 INFO o.a.j.t.JMeterThread: Thread started: TCC products 1-48
2026-09-10 02:16:11,382 INFO o.a.j.t.JMeterThread: Thread started: TCC products 1-49
2026-09-10 02:16:11,382 INFO o.a.j.t.ThreadGroup: Started thread group number 1
2026-09-10 02:16:11,383 INFO o.a.j.e.StandardJMeterEngine: All thread groups have been started
2026-09-10 02:16:11,382 INFO o.a.j.t.JMeterThread: Thread started: TCC products 1-50
2026-09-10 02:16:11,388 INFO o.a.j.p.h.s.HTTPHC4Impl: HTTP request retry count = 0
2026-09-10 02:16:11,389 INFO o.a.j.s.SampleResult: Note: Sample TimeStamps are START times
2026-09-10 02:16:11,389 INFO o.a.j.s.SampleResult: sampleresult.default.encoding is set to UTF-8
2026-09-10 02:16:11,389 INFO o.a.j.s.SampleResult: sampleresult.useNanoTime=true
2026-09-10 02:16:11,389 INFO o.a.j.s.SampleResult: sampleresult.nanoThreadSleep=5000
2026-09-10 02:16:30,019 INFO o.a.j.r.Summariser: summary +   1621 in 00:00:19 =   86.7/s Avg:   546 Min:    31 Max:   900 Err:     0 (0.00%) Active: 50 Started: 50 Finished: 0
2026-09-10 02:16:41,375 INFO o.a.j.t.JMeterThread: Stopping because end time detected by thread: TCC products 1-4
2026-09-10 02:16:41,376 INFO o.a.j.t.JMeterThread: Thread finished: TCC products 1-4
2026-09-10 02:16:41,386 INFO o.a.j.t.JMeterThread: Stopping because end time detected by thread: TCC products 1-20
2026-09-10 02:16:41,386 INFO o.a.j.t.JMeterThread: Thread finished: TCC products 1-20
2026-09-10 02:16:41,397 INFO o.a.j.t.JMeterThread: Stopping because end time detected by thread: TCC products 1-34
2026-09-10 02:16:41,397 INFO o.a.j.t.JMeterThread: Thread finished: TCC products 1-34
2026-09-10 02:16:41,409 INFO o.a.j.t.JMeterThread: Stopping because end time detected by thread: TCC products 1-7
2026-09-10 02:16:41,409 INFO o.a.j.t.JMeterThread: Thread finished: TCC products 1-7
2026-09-10 02:16:41,420 INFO o.a.j.t.JMeterThread: Stopping because end time detected by thread: TCC products 1-12
2026-09-10 02:16:41,420 INFO o.a.j.t.JMeterThread: Thread finished: TCC products 1-12
2026-09-10 02:16:41,431 INFO o.a.j.t.JMeterThread: Stopping because end time detected by thread: TCC products 1-17
2026-09-10 02:16:41,432 INFO o.a.j.t.JMeterThread: Thread finished: TCC products 1-17
2026-09-10 02:16:41,443 INFO o.a.j.t.JMeterThread: Stopping because end time detected by thread: TCC products 1-36
2026-09-10 02:16:41,443 INFO o.a.j.t.JMeterThread: Thread finished: TCC products 1-36
2026-09-10 02:16:41,454 INFO o.a.j.t.JMeterThread: Stopping because end time detected by thread: TCC products 1-22
2026-09-10 02:16:41,454 INFO o.a.j.t.JMeterThread: Thread finished: TCC products 1-22
2026-09-10 02:16:41,464 INFO o.a.j.t.JMeterThread: Stopping because end time detected by thread: TCC products 1-40
2026-09-10 02:16:41,465 INFO o.a.j.t.JMeterThread: Thread finished: TCC products 1-40
2026-09-10 02:16:41,476 INFO o.a.j.t.JMeterThread: Stopping because end time detected by thread: TCC products 1-2
2026-09-10 02:16:41,476 INFO o.a.j.t.JMeterThread: Thread finished: TCC products 1-2
2026-09-10 02:16:41,487 INFO o.a.j.t.JMeterThread: Stopping because end time detected by thread: TCC products 1-11
2026-09-10 02:16:41,487 INFO o.a.j.t.JMeterThread: Thread finished: TCC products 1-11
2026-09-10 02:16:41,498 INFO o.a.j.t.JMeterThread: Stopping because end time detected by thread: TCC products 1-21
2026-09-10 02:16:41,498 INFO o.a.j.t.JMeterThread: Thread finished: TCC products 1-21
2026-09-10 02:16:41,508 INFO o.a.j.t.JMeterThread: Stopping because end time detected by thread: TCC products 1-9
2026-09-10 02:16:41,508 INFO o.a.j.t.JMeterThread: Thread finished: TCC products 1-9
2026-09-10 02:16:41,519 INFO o.a.j.t.JMeterThread: Stopping because end time detected by thread: TCC products 1-19
2026-09-10 02:16:41,519 INFO o.a.j.t.JMeterThread: Thread finished: TCC products 1-19
2026-09-10 02:16:41,529 INFO o.a.j.t.JMeterThread: Stopping because end time detected by thread: TCC products 1-47
2026-09-10 02:16:41,529 INFO o.a.j.t.JMeterThread: Thread finished: TCC products 1-47
2026-09-10 02:16:41,540 INFO o.a.j.t.JMeterThread: Stopping because end time detected by thread: TCC products 1-5
2026-09-10 02:16:41,540 INFO o.a.j.t.JMeterThread: Thread finished: TCC products 1-5
2026-09-10 02:16:41,550 INFO o.a.j.t.JMeterThread: Stopping because end time detected by thread: TCC products 1-15
2026-09-10 02:16:41,551 INFO o.a.j.t.JMeterThread: Thread finished: TCC products 1-15
2026-09-10 02:16:41,561 INFO o.a.j.t.JMeterThread: Stopping because end time detected by thread: TCC products 1-43
2026-09-10 02:16:41,561 INFO o.a.j.t.JMeterThread: Thread finished: TCC products 1-43
2026-09-10 02:16:41,573 INFO o.a.j.t.JMeterThread: Stopping because end time detected by thread: TCC products 1-23
2026-09-10 02:16:41,573 INFO o.a.j.t.JMeterThread: Thread finished: TCC products 1-23
2026-09-10 02:16:41,584 INFO o.a.j.t.JMeterThread: Stopping because end time detected by thread: TCC products 1-45
2026-09-10 02:16:41,584 INFO o.a.j.t.JMeterThread: Thread finished: TCC products 1-45
2026-09-10 02:16:41,595 INFO o.a.j.t.JMeterThread: Stopping because end time detected by thread: TCC products 1-3
2026-09-10 02:16:41,595 INFO o.a.j.t.JMeterThread: Thread finished: TCC products 1-3
2026-09-10 02:16:41,605 INFO o.a.j.t.JMeterThread: Stopping because end time detected by thread: TCC products 1-13
2026-09-10 02:16:41,605 INFO o.a.j.t.JMeterThread: Thread finished: TCC products 1-13
2026-09-10 02:16:41,616 INFO o.a.j.t.JMeterThread: Stopping because end time detected by thread: TCC products 1-29
2026-09-10 02:16:41,616 INFO o.a.j.t.JMeterThread: Thread finished: TCC products 1-29
2026-09-10 02:16:41,627 INFO o.a.j.t.JMeterThread: Stopping because end time detected by thread: TCC products 1-27
2026-09-10 02:16:41,627 INFO o.a.j.t.JMeterThread: Thread finished: TCC products 1-27
2026-09-10 02:16:41,638 INFO o.a.j.t.JMeterThread: Stopping because end time detected by thread: TCC products 1-39
2026-09-10 02:16:41,639 INFO o.a.j.t.JMeterThread: Thread finished: TCC products 1-39
2026-09-10 02:16:41,650 INFO o.a.j.t.JMeterThread: Stopping because end time detected by thread: TCC products 1-28
2026-09-10 02:16:41,651 INFO o.a.j.t.JMeterThread: Thread finished: TCC products 1-28
2026-09-10 02:16:41,661 INFO o.a.j.t.JMeterThread: Stopping because end time detected by thread: TCC products 1-37
2026-09-10 02:16:41,661 INFO o.a.j.t.JMeterThread: Thread finished: TCC products 1-37
2026-09-10 02:16:41,672 INFO o.a.j.t.JMeterThread: Stopping because end time detected by thread: TCC products 1-10
2026-09-10 02:16:41,672 INFO o.a.j.t.JMeterThread: Thread finished: TCC products 1-10
2026-09-10 02:16:41,684 INFO o.a.j.t.JMeterThread: Stopping because end time detected by thread: TCC products 1-48
2026-09-10 02:16:41,684 INFO o.a.j.t.JMeterThread: Thread finished: TCC products 1-48
2026-09-10 02:16:41,695 INFO o.a.j.t.JMeterThread: Stopping because end time detected by thread: TCC products 1-44
2026-09-10 02:16:41,695 INFO o.a.j.t.JMeterThread: Thread finished: TCC products 1-44
2026-09-10 02:16:41,705 INFO o.a.j.t.JMeterThread: Stopping because end time detected by thread: TCC products 1-18
2026-09-10 02:16:41,706 INFO o.a.j.t.JMeterThread: Thread finished: TCC products 1-18
2026-09-10 02:16:41,716 INFO o.a.j.t.JMeterThread: Stopping because end time detected by thread: TCC products 1-6
2026-09-10 02:16:41,717 INFO o.a.j.t.JMeterThread: Thread finished: TCC products 1-6
2026-09-10 02:16:41,727 INFO o.a.j.t.JMeterThread: Stopping because end time detected by thread: TCC products 1-1
2026-09-10 02:16:41,728 INFO o.a.j.t.JMeterThread: Thread finished: TCC products 1-1
2026-09-10 02:16:41,738 INFO o.a.j.t.JMeterThread: Stopping because end time detected by thread: TCC products 1-42
2026-09-10 02:16:41,738 INFO o.a.j.t.JMeterThread: Thread finished: TCC products 1-42
2026-09-10 02:16:41,748 INFO o.a.j.t.JMeterThread: Stopping because end time detected by thread: TCC products 1-38
2026-09-10 02:16:41,749 INFO o.a.j.t.JMeterThread: Thread finished: TCC products 1-38
2026-09-10 02:16:41,759 INFO o.a.j.t.JMeterThread: Stopping because end time detected by thread: TCC products 1-30
2026-09-10 02:16:41,759 INFO o.a.j.t.JMeterThread: Thread finished: TCC products 1-30
2026-09-10 02:16:41,769 INFO o.a.j.t.JMeterThread: Stopping because end time detected by thread: TCC products 1-31
2026-09-10 02:16:41,770 INFO o.a.j.t.JMeterThread: Thread finished: TCC products 1-31
2026-09-10 02:16:41,780 INFO o.a.j.t.JMeterThread: Stopping because end time detected by thread: TCC products 1-33
2026-09-10 02:16:41,780 INFO o.a.j.t.JMeterThread: Thread finished: TCC products 1-33
2026-09-10 02:16:41,791 INFO o.a.j.t.JMeterThread: Stopping because end time detected by thread: TCC products 1-16
2026-09-10 02:16:41,791 INFO o.a.j.t.JMeterThread: Thread finished: TCC products 1-16
2026-09-10 02:16:41,801 INFO o.a.j.t.JMeterThread: Stopping because end time detected by thread: TCC products 1-25
2026-09-10 02:16:41,801 INFO o.a.j.t.JMeterThread: Thread finished: TCC products 1-25
2026-09-10 02:16:41,812 INFO o.a.j.t.JMeterThread: Stopping because end time detected by thread: TCC products 1-35
2026-09-10 02:16:41,813 INFO o.a.j.t.JMeterThread: Thread finished: TCC products 1-35
2026-09-10 02:16:41,824 INFO o.a.j.t.JMeterThread: Stopping because end time detected by thread: TCC products 1-49
2026-09-10 02:16:41,824 INFO o.a.j.t.JMeterThread: Thread finished: TCC products 1-49
2026-09-10 02:16:41,835 INFO o.a.j.t.JMeterThread: Stopping because end time detected by thread: TCC products 1-8
2026-09-10 02:16:41,836 INFO o.a.j.t.JMeterThread: Thread finished: TCC products 1-8
2026-09-10 02:16:41,847 INFO o.a.j.t.JMeterThread: Stopping because end time detected by thread: TCC products 1-24
2026-09-10 02:16:41,847 INFO o.a.j.t.JMeterThread: Thread finished: TCC products 1-24
2026-09-10 02:16:41,858 INFO o.a.j.t.JMeterThread: Stopping because end time detected by thread: TCC products 1-32
2026-09-10 02:16:41,858 INFO o.a.j.t.JMeterThread: Thread finished: TCC products 1-32
2026-09-10 02:16:41,869 INFO o.a.j.t.JMeterThread: Stopping because end time detected by thread: TCC products 1-26
2026-09-10 02:16:41,869 INFO o.a.j.t.JMeterThread: Thread finished: TCC products 1-26
2026-09-10 02:16:41,879 INFO o.a.j.t.JMeterThread: Stopping because end time detected by thread: TCC products 1-50
2026-09-10 02:16:41,879 INFO o.a.j.t.JMeterThread: Thread finished: TCC products 1-50
2026-09-10 02:16:41,890 INFO o.a.j.t.JMeterThread: Stopping because end time detected by thread: TCC products 1-41
2026-09-10 02:16:41,890 INFO o.a.j.t.JMeterThread: Thread finished: TCC products 1-41
2026-09-10 02:16:41,900 INFO o.a.j.t.JMeterThread: Stopping because end time detected by thread: TCC products 1-14
2026-09-10 02:16:41,900 INFO o.a.j.t.JMeterThread: Thread finished: TCC products 1-14
2026-09-10 02:16:41,911 INFO o.a.j.t.JMeterThread: Stopping because end time detected by thread: TCC products 1-46
2026-09-10 02:16:41,911 INFO o.a.j.t.JMeterThread: Thread finished: TCC products 1-46
2026-09-10 02:16:41,911 INFO o.a.j.e.StandardJMeterEngine: Notifying test listeners of end of test
2026-09-10 02:16:41,914 INFO o.a.j.r.Summariser: summary +   1074 in 00:00:12 =   90.3/s Avg:   553 Min:   531 Max:   576 Err:     0 (0.00%) Active: 0 Started: 50 Finished: 50
2026-09-10 02:16:41,914 INFO o.a.j.r.Summariser: summary =   2695 in 00:00:31 =   88.1/s Avg:   549 Min:    31 Max:   900 Err:     0 (0.00%)
