2026-09-10 02:13:16,018 INFO o.a.j.u.JMeterUtils: Setting Locale to en_EN
2026-09-10 02:13:16,038 INFO o.a.j.JMeter: Loading user properties from: /home/avituo/projects/tcc/tcc-container/.tools/apache-jmeter-5.6.3/bin/user.properties
2026-09-10 02:13:16,039 INFO o.a.j.JMeter: Loading system properties from: /home/avituo/projects/tcc/tcc-container/.tools/apache-jmeter-5.6.3/bin/system.properties
2026-09-10 02:13:16,039 INFO o.a.j.JMeter: Loading additional properties from: /home/avituo/projects/tcc/tcc-container/benchmark/jmeter/benchmark.properties
2026-09-10 02:13:16,039 INFO o.a.j.JMeter: Loading additional properties from: /tmp/tcc-benchmark-auth.HAkwp1/auth.properties
2026-09-10 02:13:16,039 INFO o.a.j.JMeter: Loading additional properties from: /home/avituo/projects/tcc/tcc-container/benchmark/results/laravel-13.20.0/final/products/c50/r2/microservices/thread-counters.properties
2026-09-10 02:13:16,039 INFO o.a.j.JMeter: Setting JMeter property: threads=50
2026-09-10 02:13:16,039 INFO o.a.j.JMeter: Setting JMeter property: duration_seconds=120
2026-09-10 02:13:16,039 INFO o.a.j.JMeter: Setting JMeter property: target_host=localhost
2026-09-10 02:13:16,040 INFO o.a.j.JMeter: Setting JMeter property: target_port=18080
2026-09-10 02:13:16,040 INFO o.a.j.JMeter: Setting JMeter property: tcc.order.id=20000000-0000-4000-8000-000000000001
2026-09-10 02:13:16,040 INFO o.a.j.JMeter: Setting JMeter property: repetition=2
2026-09-10 02:13:16,047 INFO o.a.j.JMeter: Copyright (c) 1998-2024 The Apache Software Foundation
2026-09-10 02:13:16,047 INFO o.a.j.JMeter: Version 5.6.3
2026-09-10 02:13:16,047 INFO o.a.j.JMeter: java.version=21.0.11
2026-09-10 02:13:16,047 INFO o.a.j.JMeter: java.vm.name=OpenJDK 64-Bit Server VM
2026-09-10 02:13:16,047 INFO o.a.j.JMeter: os.name=Linux
2026-09-10 02:13:16,047 INFO o.a.j.JMeter: os.arch=amd64
2026-09-10 02:13:16,047 INFO o.a.j.JMeter: os.version=7.0.11-76070011-generic
2026-09-10 02:13:16,047 INFO o.a.j.JMeter: file.encoding=UTF-8
2026-09-10 02:13:16,047 INFO o.a.j.JMeter: java.awt.headless=true
2026-09-10 02:13:16,047 INFO o.a.j.JMeter: Max memory     =1073741824
2026-09-10 02:13:16,047 INFO o.a.j.JMeter: Available Processors =16
2026-09-10 02:13:16,055 INFO o.a.j.JMeter: Default Locale=English (EN)
2026-09-10 02:13:16,055 INFO o.a.j.JMeter: JMeter  Locale=English (EN)
2026-09-10 02:13:16,055 INFO o.a.j.JMeter: JMeterHome=/home/avituo/projects/tcc/tcc-container/.tools/apache-jmeter-5.6.3
2026-09-10 02:13:16,055 INFO o.a.j.JMeter: user.dir  =/home/avituo/projects/tcc/tcc-container
2026-09-10 02:13:16,055 INFO o.a.j.JMeter: PWD       =/home/avituo/projects/tcc/tcc-container
2026-09-10 02:13:16,066 INFO o.a.j.JMeter: IP: 192.168.1.16 Name: pop-os FullName: pop-os.home
2026-09-10 02:13:16,079 INFO o.a.j.s.FileServer: Default base='/home/avituo/projects/tcc/tcc-container'
2026-09-10 02:13:16,081 INFO o.a.j.s.FileServer: Set new base='/home/avituo/projects/tcc/tcc-container/benchmark/jmeter'
2026-09-10 02:13:16,253 INFO o.a.j.s.SaveService: Testplan (JMX) version: 2.2. Testlog (JTL) version: 2.2
2026-09-10 02:13:16,277 INFO o.a.j.s.SaveService: Using SaveService properties version 5.0
2026-09-10 02:13:16,281 INFO o.a.j.s.SaveService: Using SaveService properties file encoding UTF-8
2026-09-10 02:13:16,285 INFO o.a.j.s.SaveService: Loading file: /home/avituo/projects/tcc/tcc-container/benchmark/jmeter/tcc-products-v1.jmx
2026-09-10 02:13:16,335 INFO o.a.j.p.h.s.HTTPSamplerBase: Parser for text/html is org.apache.jmeter.protocol.http.parser.LagartoBasedHtmlParser
2026-09-10 02:13:16,335 INFO o.a.j.p.h.s.HTTPSamplerBase: Parser for application/xhtml+xml is org.apache.jmeter.protocol.http.parser.LagartoBasedHtmlParser
2026-09-10 02:13:16,335 INFO o.a.j.p.h.s.HTTPSamplerBase: Parser for application/xml is org.apache.jmeter.protocol.http.parser.LagartoBasedHtmlParser
2026-09-10 02:13:16,335 INFO o.a.j.p.h.s.HTTPSamplerBase: Parser for text/xml is org.apache.jmeter.protocol.http.parser.LagartoBasedHtmlParser
2026-09-10 02:13:16,335 INFO o.a.j.p.h.s.HTTPSamplerBase: Parser for text/vnd.wap.wml is org.apache.jmeter.protocol.http.parser.RegexpHTMLParser
2026-09-10 02:13:16,336 INFO o.a.j.p.h.s.HTTPSamplerBase: Parser for text/css is org.apache.jmeter.protocol.http.parser.CssParser
2026-09-10 02:13:16,367 INFO o.a.j.JMeter: Creating summariser <summary>
2026-09-10 02:13:16,385 INFO o.a.j.e.StandardJMeterEngine: Running the test!
2026-09-10 02:13:16,386 INFO o.a.j.s.SampleEvent: List of sample_variables: []
2026-09-10 02:13:16,386 INFO o.a.j.s.SampleEvent: List of sample_variables: []
2026-09-10 02:13:16,391 INFO o.a.j.e.u.CompoundVariable: Note: Function class names must contain the string: '.functions.'
2026-09-10 02:13:16,391 INFO o.a.j.e.u.CompoundVariable: Note: Function class names must not contain the string: '.gui.'
2026-09-10 02:13:16,636 INFO o.a.j.JMeter: Running test (1789017196636)
2026-09-10 02:13:16,656 INFO o.a.j.e.StandardJMeterEngine: Starting ThreadGroup: 1 : TCC products
2026-09-10 02:13:16,657 INFO o.a.j.e.StandardJMeterEngine: Starting 50 threads for group TCC products.
2026-09-10 02:13:16,657 INFO o.a.j.e.StandardJMeterEngine: Thread will continue on error
2026-09-10 02:13:16,657 INFO o.a.j.t.ThreadGroup: Starting thread group... number=1 threads=50 ramp-up=0 delayedStart=false
2026-09-10 02:13:16,663 INFO o.a.j.t.JMeterThread: Thread started: TCC products 1-2
2026-09-10 02:13:16,663 INFO o.a.j.t.JMeterThread: Thread started: TCC products 1-3
2026-09-10 02:13:16,663 INFO o.a.j.t.JMeterThread: Thread started: TCC products 1-1
2026-09-10 02:13:16,663 INFO o.a.j.t.JMeterThread: Thread started: TCC products 1-4
2026-09-10 02:13:16,663 INFO o.a.j.t.JMeterThread: Thread started: TCC products 1-5
2026-09-10 02:13:16,664 INFO o.a.j.t.JMeterThread: Thread started: TCC products 1-6
2026-09-10 02:13:16,664 INFO o.a.j.t.JMeterThread: Thread started: TCC products 1-7
2026-09-10 02:13:16,665 INFO o.a.j.t.JMeterThread: Thread started: TCC products 1-8
2026-09-10 02:13:16,666 INFO o.a.j.t.JMeterThread: Thread started: TCC products 1-9
2026-09-10 02:13:16,666 INFO o.a.j.t.JMeterThread: Thread started: TCC products 1-10
2026-09-10 02:13:16,667 INFO o.a.j.t.JMeterThread: Thread started: TCC products 1-11
2026-09-10 02:13:16,668 INFO o.a.j.t.JMeterThread: Thread started: TCC products 1-12
2026-09-10 02:13:16,670 INFO o.a.j.t.JMeterThread: Thread started: TCC products 1-13
2026-09-10 02:13:16,671 INFO o.a.j.t.JMeterThread: Thread started: TCC products 1-14
2026-09-10 02:13:16,671 INFO o.a.j.t.JMeterThread: Thread started: TCC products 1-15
2026-09-10 02:13:16,673 INFO o.a.j.t.JMeterThread: Thread started: TCC products 1-16
2026-09-10 02:13:16,673 INFO o.a.j.t.JMeterThread: Thread started: TCC products 1-17
2026-09-10 02:13:16,674 INFO o.a.j.t.JMeterThread: Thread started: TCC products 1-18
2026-09-10 02:13:16,674 INFO o.a.j.t.JMeterThread: Thread started: TCC products 1-19
2026-09-10 02:13:16,675 INFO o.a.j.t.JMeterThread: Thread started: TCC products 1-20
2026-09-10 02:13:16,676 INFO o.a.j.t.JMeterThread: Thread started: TCC products 1-21
2026-09-10 02:13:16,676 INFO o.a.j.t.JMeterThread: Thread started: TCC products 1-22
2026-09-10 02:13:16,677 INFO o.a.j.t.JMeterThread: Thread started: TCC products 1-23
2026-09-10 02:13:16,677 INFO o.a.j.t.JMeterThread: Thread started: TCC products 1-24
2026-09-10 02:13:16,678 INFO o.a.j.t.JMeterThread: Thread started: TCC products 1-25
2026-09-10 02:13:16,678 INFO o.a.j.t.JMeterThread: Thread started: TCC products 1-26
2026-09-10 02:13:16,679 INFO o.a.j.t.JMeterThread: Thread started: TCC products 1-27
2026-09-10 02:13:16,680 INFO o.a.j.t.JMeterThread: Thread started: TCC products 1-28
2026-09-10 02:13:16,680 INFO o.a.j.t.JMeterThread: Thread started: TCC products 1-29
2026-09-10 02:13:16,681 INFO o.a.j.t.JMeterThread: Thread started: TCC products 1-30
2026-09-10 02:13:16,681 INFO o.a.j.t.JMeterThread: Thread started: TCC products 1-31
2026-09-10 02:13:16,682 INFO o.a.j.t.JMeterThread: Thread started: TCC products 1-32
2026-09-10 02:13:16,683 INFO o.a.j.t.JMeterThread: Thread started: TCC products 1-33
2026-09-10 02:13:16,683 INFO o.a.j.t.JMeterThread: Thread started: TCC products 1-34
2026-09-10 02:13:16,684 INFO o.a.j.t.JMeterThread: Thread started: TCC products 1-35
2026-09-10 02:13:16,684 INFO o.a.j.t.JMeterThread: Thread started: TCC products 1-36
2026-09-10 02:13:16,684 INFO o.a.j.t.JMeterThread: Thread started: TCC products 1-37
2026-09-10 02:13:16,685 INFO o.a.j.t.JMeterThread: Thread started: TCC products 1-38
2026-09-10 02:13:16,686 INFO o.a.j.t.JMeterThread: Thread started: TCC products 1-39
2026-09-10 02:13:16,686 INFO o.a.j.t.JMeterThread: Thread started: TCC products 1-40
2026-09-10 02:13:16,687 INFO o.a.j.t.JMeterThread: Thread started: TCC products 1-41
2026-09-10 02:13:16,687 INFO o.a.j.t.JMeterThread: Thread started: TCC products 1-42
2026-09-10 02:13:16,688 INFO o.a.j.p.h.s.HTTPHCAbstractImpl: Local host = pop-os
2026-09-10 02:13:16,688 INFO o.a.j.t.JMeterThread: Thread started: TCC products 1-43
2026-09-10 02:13:16,688 INFO o.a.j.t.JMeterThread: Thread started: TCC products 1-44
2026-09-10 02:13:16,689 INFO o.a.j.t.JMeterThread: Thread started: TCC products 1-45
2026-09-10 02:13:16,690 INFO o.a.j.t.JMeterThread: Thread started: TCC products 1-46
2026-09-10 02:13:16,690 INFO o.a.j.t.JMeterThread: Thread started: TCC products 1-47
2026-09-10 02:13:16,690 INFO o.a.j.t.JMeterThread: Thread started: TCC products 1-48
2026-09-10 02:13:16,691 INFO o.a.j.t.JMeterThread: Thread started: TCC products 1-49
2026-09-10 02:13:16,691 INFO o.a.j.t.ThreadGroup: Started thread group number 1
2026-09-10 02:13:16,691 INFO o.a.j.e.StandardJMeterEngine: All thread groups have been started
2026-09-10 02:13:16,691 INFO o.a.j.t.JMeterThread: Thread started: TCC products 1-50
2026-09-10 02:13:16,695 INFO o.a.j.p.h.s.HTTPHC4Impl: HTTP request retry count = 0
2026-09-10 02:13:16,697 INFO o.a.j.s.SampleResult: Note: Sample TimeStamps are START times
2026-09-10 02:13:16,697 INFO o.a.j.s.SampleResult: sampleresult.default.encoding is set to UTF-8
2026-09-10 02:13:16,697 INFO o.a.j.s.SampleResult: sampleresult.useNanoTime=true
2026-09-10 02:13:16,697 INFO o.a.j.s.SampleResult: sampleresult.nanoThreadSleep=5000
2026-09-10 02:13:30,007 INFO o.a.j.r.Summariser: summary +   1555 in 00:00:13 =  116.3/s Avg:   393 Min:    39 Max:   702 Err:     0 (0.00%) Active: 50 Started: 50 Finished: 0
2026-09-10 02:14:00,008 INFO o.a.j.r.Summariser: summary +   3906 in 00:00:30 =  130.2/s Avg:   383 Min:   368 Max:   425 Err:     0 (0.00%) Active: 50 Started: 50 Finished: 0
2026-09-10 02:14:00,009 INFO o.a.j.r.Summariser: summary =   5461 in 00:00:43 =  125.9/s Avg:   386 Min:    39 Max:   702 Err:     0 (0.00%)
2026-09-10 02:14:30,005 INFO o.a.j.r.Summariser: summary +   3921 in 00:00:30 =  130.7/s Avg:   382 Min:   359 Max:   442 Err:     0 (0.00%) Active: 50 Started: 50 Finished: 0
2026-09-10 02:14:30,005 INFO o.a.j.r.Summariser: summary =   9382 in 00:01:13 =  127.9/s Avg:   384 Min:    39 Max:   702 Err:     0 (0.00%)
2026-09-10 02:15:00,002 INFO o.a.j.r.Summariser: summary +   3944 in 00:00:30 =  131.5/s Avg:   379 Min:   362 Max:   407 Err:     0 (0.00%) Active: 50 Started: 50 Finished: 0
2026-09-10 02:15:00,003 INFO o.a.j.r.Summariser: summary =  13326 in 00:01:43 =  128.9/s Avg:   383 Min:    39 Max:   702 Err:     0 (0.00%)
2026-09-10 02:15:16,678 INFO o.a.j.t.JMeterThread: Stopping because end time detected by thread: TCC products 1-21
2026-09-10 02:15:16,678 INFO o.a.j.t.JMeterThread: Thread finished: TCC products 1-21
2026-09-10 02:15:16,685 INFO o.a.j.t.JMeterThread: Stopping because end time detected by thread: TCC products 1-33
2026-09-10 02:15:16,685 INFO o.a.j.t.JMeterThread: Thread finished: TCC products 1-33
2026-09-10 02:15:16,693 INFO o.a.j.t.JMeterThread: Stopping because end time detected by thread: TCC products 1-45
2026-09-10 02:15:16,693 INFO o.a.j.t.JMeterThread: Thread finished: TCC products 1-45
2026-09-10 02:15:16,700 INFO o.a.j.t.JMeterThread: Stopping because end time detected by thread: TCC products 1-49
2026-09-10 02:15:16,700 INFO o.a.j.t.JMeterThread: Thread finished: TCC products 1-49
2026-09-10 02:15:16,707 INFO o.a.j.t.JMeterThread: Stopping because end time detected by thread: TCC products 1-30
2026-09-10 02:15:16,707 INFO o.a.j.t.JMeterThread: Thread finished: TCC products 1-30
2026-09-10 02:15:16,715 INFO o.a.j.t.JMeterThread: Stopping because end time detected by thread: TCC products 1-25
2026-09-10 02:15:16,715 INFO o.a.j.t.JMeterThread: Thread finished: TCC products 1-25
2026-09-10 02:15:16,722 INFO o.a.j.t.JMeterThread: Stopping because end time detected by thread: TCC products 1-41
2026-09-10 02:15:16,722 INFO o.a.j.t.JMeterThread: Thread finished: TCC products 1-41
2026-09-10 02:15:16,730 INFO o.a.j.t.JMeterThread: Stopping because end time detected by thread: TCC products 1-6
2026-09-10 02:15:16,730 INFO o.a.j.t.JMeterThread: Thread finished: TCC products 1-6
2026-09-10 02:15:16,737 INFO o.a.j.t.JMeterThread: Stopping because end time detected by thread: TCC products 1-17
2026-09-10 02:15:16,738 INFO o.a.j.t.JMeterThread: Thread finished: TCC products 1-17
2026-09-10 02:15:16,746 INFO o.a.j.t.JMeterThread: Stopping because end time detected by thread: TCC products 1-28
2026-09-10 02:15:16,746 INFO o.a.j.t.JMeterThread: Thread finished: TCC products 1-28
2026-09-10 02:15:16,753 INFO o.a.j.t.JMeterThread: Stopping because end time detected by thread: TCC products 1-29
2026-09-10 02:15:16,753 INFO o.a.j.t.JMeterThread: Thread finished: TCC products 1-29
2026-09-10 02:15:16,762 INFO o.a.j.t.JMeterThread: Stopping because end time detected by thread: TCC products 1-40
2026-09-10 02:15:16,762 INFO o.a.j.t.JMeterThread: Thread finished: TCC products 1-40
2026-09-10 02:15:16,769 INFO o.a.j.t.JMeterThread: Stopping because end time detected by thread: TCC products 1-39
2026-09-10 02:15:16,770 INFO o.a.j.t.JMeterThread: Thread finished: TCC products 1-39
2026-09-10 02:15:16,777 INFO o.a.j.t.JMeterThread: Stopping because end time detected by thread: TCC products 1-48
2026-09-10 02:15:16,777 INFO o.a.j.t.JMeterThread: Thread finished: TCC products 1-48
2026-09-10 02:15:16,785 INFO o.a.j.t.JMeterThread: Stopping because end time detected by thread: TCC products 1-35
2026-09-10 02:15:16,785 INFO o.a.j.t.JMeterThread: Thread finished: TCC products 1-35
2026-09-10 02:15:16,792 INFO o.a.j.t.JMeterThread: Stopping because end time detected by thread: TCC products 1-2
2026-09-10 02:15:16,793 INFO o.a.j.t.JMeterThread: Thread finished: TCC products 1-2
2026-09-10 02:15:16,800 INFO o.a.j.t.JMeterThread: Stopping because end time detected by thread: TCC products 1-20
2026-09-10 02:15:16,800 INFO o.a.j.t.JMeterThread: Thread finished: TCC products 1-20
2026-09-10 02:15:16,808 INFO o.a.j.t.JMeterThread: Stopping because end time detected by thread: TCC products 1-9
2026-09-10 02:15:16,808 INFO o.a.j.t.JMeterThread: Thread finished: TCC products 1-9
2026-09-10 02:15:16,815 INFO o.a.j.t.JMeterThread: Stopping because end time detected by thread: TCC products 1-34
2026-09-10 02:15:16,816 INFO o.a.j.t.JMeterThread: Thread finished: TCC products 1-34
2026-09-10 02:15:16,824 INFO o.a.j.t.JMeterThread: Stopping because end time detected by thread: TCC products 1-37
2026-09-10 02:15:16,825 INFO o.a.j.t.JMeterThread: Thread finished: TCC products 1-37
2026-09-10 02:15:16,832 INFO o.a.j.t.JMeterThread: Stopping because end time detected by thread: TCC products 1-12
2026-09-10 02:15:16,833 INFO o.a.j.t.JMeterThread: Thread finished: TCC products 1-12
2026-09-10 02:15:16,841 INFO o.a.j.t.JMeterThread: Stopping because end time detected by thread: TCC products 1-15
2026-09-10 02:15:16,841 INFO o.a.j.t.JMeterThread: Thread finished: TCC products 1-15
2026-09-10 02:15:16,847 INFO o.a.j.t.JMeterThread: Stopping because end time detected by thread: TCC products 1-36
2026-09-10 02:15:16,848 INFO o.a.j.t.JMeterThread: Thread finished: TCC products 1-36
2026-09-10 02:15:16,855 INFO o.a.j.t.JMeterThread: Stopping because end time detected by thread: TCC products 1-3
2026-09-10 02:15:16,855 INFO o.a.j.t.JMeterThread: Thread finished: TCC products 1-3
2026-09-10 02:15:16,862 INFO o.a.j.t.JMeterThread: Stopping because end time detected by thread: TCC products 1-46
2026-09-10 02:15:16,862 INFO o.a.j.t.JMeterThread: Thread finished: TCC products 1-46
2026-09-10 02:15:16,869 INFO o.a.j.t.JMeterThread: Stopping because end time detected by thread: TCC products 1-10
2026-09-10 02:15:16,869 INFO o.a.j.t.JMeterThread: Thread finished: TCC products 1-10
2026-09-10 02:15:16,876 INFO o.a.j.t.JMeterThread: Stopping because end time detected by thread: TCC products 1-50
2026-09-10 02:15:16,877 INFO o.a.j.t.JMeterThread: Thread finished: TCC products 1-50
2026-09-10 02:15:16,884 INFO o.a.j.t.JMeterThread: Stopping because end time detected by thread: TCC products 1-8
2026-09-10 02:15:16,884 INFO o.a.j.t.JMeterThread: Thread finished: TCC products 1-8
2026-09-10 02:15:16,891 INFO o.a.j.t.JMeterThread: Stopping because end time detected by thread: TCC products 1-7
2026-09-10 02:15:16,891 INFO o.a.j.t.JMeterThread: Thread finished: TCC products 1-7
2026-09-10 02:15:16,898 INFO o.a.j.t.JMeterThread: Stopping because end time detected by thread: TCC products 1-31
2026-09-10 02:15:16,899 INFO o.a.j.t.JMeterThread: Thread finished: TCC products 1-31
2026-09-10 02:15:16,905 INFO o.a.j.t.JMeterThread: Stopping because end time detected by thread: TCC products 1-16
2026-09-10 02:15:16,906 INFO o.a.j.t.JMeterThread: Thread finished: TCC products 1-16
2026-09-10 02:15:16,914 INFO o.a.j.t.JMeterThread: Stopping because end time detected by thread: TCC products 1-14
2026-09-10 02:15:16,914 INFO o.a.j.t.JMeterThread: Thread finished: TCC products 1-14
2026-09-10 02:15:16,922 INFO o.a.j.t.JMeterThread: Stopping because end time detected by thread: TCC products 1-5
2026-09-10 02:15:16,922 INFO o.a.j.t.JMeterThread: Thread finished: TCC products 1-5
2026-09-10 02:15:16,930 INFO o.a.j.t.JMeterThread: Stopping because end time detected by thread: TCC products 1-44
2026-09-10 02:15:16,930 INFO o.a.j.t.JMeterThread: Thread finished: TCC products 1-44
2026-09-10 02:15:16,938 INFO o.a.j.t.JMeterThread: Stopping because end time detected by thread: TCC products 1-32
2026-09-10 02:15:16,938 INFO o.a.j.t.JMeterThread: Thread finished: TCC products 1-32
2026-09-10 02:15:16,945 INFO o.a.j.t.JMeterThread: Stopping because end time detected by thread: TCC products 1-13
2026-09-10 02:15:16,945 INFO o.a.j.t.JMeterThread: Thread finished: TCC products 1-13
2026-09-10 02:15:16,953 INFO o.a.j.t.JMeterThread: Stopping because end time detected by thread: TCC products 1-4
2026-09-10 02:15:16,953 INFO o.a.j.t.JMeterThread: Thread finished: TCC products 1-4
2026-09-10 02:15:16,960 INFO o.a.j.t.JMeterThread: Stopping because end time detected by thread: TCC products 1-22
2026-09-10 02:15:16,960 INFO o.a.j.t.JMeterThread: Thread finished: TCC products 1-22
2026-09-10 02:15:16,968 INFO o.a.j.t.JMeterThread: Stopping because end time detected by thread: TCC products 1-42
2026-09-10 02:15:16,968 INFO o.a.j.t.JMeterThread: Thread finished: TCC products 1-42
2026-09-10 02:15:16,975 INFO o.a.j.t.JMeterThread: Stopping because end time detected by thread: TCC products 1-47
2026-09-10 02:15:16,976 INFO o.a.j.t.JMeterThread: Thread finished: TCC products 1-47
2026-09-10 02:15:16,983 INFO o.a.j.t.JMeterThread: Stopping because end time detected by thread: TCC products 1-11
2026-09-10 02:15:16,983 INFO o.a.j.t.JMeterThread: Thread finished: TCC products 1-11
2026-09-10 02:15:16,990 INFO o.a.j.t.JMeterThread: Stopping because end time detected by thread: TCC products 1-27
2026-09-10 02:15:16,990 INFO o.a.j.t.JMeterThread: Thread finished: TCC products 1-27
2026-09-10 02:15:16,998 INFO o.a.j.t.JMeterThread: Stopping because end time detected by thread: TCC products 1-19
2026-09-10 02:15:16,998 INFO o.a.j.t.JMeterThread: Thread finished: TCC products 1-19
2026-09-10 02:15:17,006 INFO o.a.j.t.JMeterThread: Stopping because end time detected by thread: TCC products 1-23
2026-09-10 02:15:17,006 INFO o.a.j.t.JMeterThread: Thread finished: TCC products 1-23
2026-09-10 02:15:17,013 INFO o.a.j.t.JMeterThread: Stopping because end time detected by thread: TCC products 1-24
2026-09-10 02:15:17,013 INFO o.a.j.t.JMeterThread: Thread finished: TCC products 1-24
2026-09-10 02:15:17,021 INFO o.a.j.t.JMeterThread: Stopping because end time detected by thread: TCC products 1-26
2026-09-10 02:15:17,021 INFO o.a.j.t.JMeterThread: Thread finished: TCC products 1-26
2026-09-10 02:15:17,029 INFO o.a.j.t.JMeterThread: Stopping because end time detected by thread: TCC products 1-1
2026-09-10 02:15:17,029 INFO o.a.j.t.JMeterThread: Thread finished: TCC products 1-1
2026-09-10 02:15:17,037 INFO o.a.j.t.JMeterThread: Stopping because end time detected by thread: TCC products 1-43
2026-09-10 02:15:17,037 INFO o.a.j.t.JMeterThread: Thread finished: TCC products 1-43
2026-09-10 02:15:17,045 INFO o.a.j.t.JMeterThread: Stopping because end time detected by thread: TCC products 1-38
2026-09-10 02:15:17,045 INFO o.a.j.t.JMeterThread: Thread finished: TCC products 1-38
2026-09-10 02:15:17,054 INFO o.a.j.t.JMeterThread: Stopping because end time detected by thread: TCC products 1-18
2026-09-10 02:15:17,054 INFO o.a.j.t.JMeterThread: Thread finished: TCC products 1-18
2026-09-10 02:15:17,054 INFO o.a.j.e.StandardJMeterEngine: Notifying test listeners of end of test
2026-09-10 02:15:17,057 INFO o.a.j.r.Summariser: summary +   2241 in 00:00:17 =  131.4/s Avg:   379 Min:   364 Max:   399 Err:     0 (0.00%) Active: 0 Started: 50 Finished: 50
2026-09-10 02:15:17,058 INFO o.a.j.r.Summariser: summary =  15567 in 00:02:00 =  129.3/s Avg:   382 Min:    39 Max:   702 Err:     0 (0.00%)
