2026-09-10 02:12:40,697 INFO o.a.j.u.JMeterUtils: Setting Locale to en_EN
2026-09-10 02:12:40,715 INFO o.a.j.JMeter: Loading user properties from: /home/avituo/projects/tcc/tcc-container/.tools/apache-jmeter-5.6.3/bin/user.properties
2026-09-10 02:12:40,715 INFO o.a.j.JMeter: Loading system properties from: /home/avituo/projects/tcc/tcc-container/.tools/apache-jmeter-5.6.3/bin/system.properties
2026-09-10 02:12:40,715 INFO o.a.j.JMeter: Loading additional properties from: /home/avituo/projects/tcc/tcc-container/benchmark/jmeter/benchmark.properties
2026-09-10 02:12:40,715 INFO o.a.j.JMeter: Loading additional properties from: /tmp/tcc-benchmark-auth.HAkwp1/auth.properties
2026-09-10 02:12:40,716 INFO o.a.j.JMeter: Setting JMeter property: threads=50
2026-09-10 02:12:40,716 INFO o.a.j.JMeter: Setting JMeter property: duration_seconds=30
2026-09-10 02:12:40,716 INFO o.a.j.JMeter: Setting JMeter property: target_host=localhost
2026-09-10 02:12:40,716 INFO o.a.j.JMeter: Setting JMeter property: target_port=18080
2026-09-10 02:12:40,716 INFO o.a.j.JMeter: Setting JMeter property: tcc.order.id=20000000-0000-4000-8000-000000000001
2026-09-10 02:12:40,716 INFO o.a.j.JMeter: Setting JMeter property: repetition=2
2026-09-10 02:12:40,723 INFO o.a.j.JMeter: Copyright (c) 1998-2024 The Apache Software Foundation
2026-09-10 02:12:40,723 INFO o.a.j.JMeter: Version 5.6.3
2026-09-10 02:12:40,723 INFO o.a.j.JMeter: java.version=21.0.11
2026-09-10 02:12:40,723 INFO o.a.j.JMeter: java.vm.name=OpenJDK 64-Bit Server VM
2026-09-10 02:12:40,723 INFO o.a.j.JMeter: os.name=Linux
2026-09-10 02:12:40,723 INFO o.a.j.JMeter: os.arch=amd64
2026-09-10 02:12:40,724 INFO o.a.j.JMeter: os.version=7.0.11-76070011-generic
2026-09-10 02:12:40,724 INFO o.a.j.JMeter: file.encoding=UTF-8
2026-09-10 02:12:40,724 INFO o.a.j.JMeter: java.awt.headless=true
2026-09-10 02:12:40,724 INFO o.a.j.JMeter: Max memory     =1073741824
2026-09-10 02:12:40,724 INFO o.a.j.JMeter: Available Processors =16
2026-09-10 02:12:40,732 INFO o.a.j.JMeter: Default Locale=English (EN)
2026-09-10 02:12:40,732 INFO o.a.j.JMeter: JMeter  Locale=English (EN)
2026-09-10 02:12:40,732 INFO o.a.j.JMeter: JMeterHome=/home/avituo/projects/tcc/tcc-container/.tools/apache-jmeter-5.6.3
2026-09-10 02:12:40,732 INFO o.a.j.JMeter: user.dir  =/home/avituo/projects/tcc/tcc-container
2026-09-10 02:12:40,733 INFO o.a.j.JMeter: PWD       =/home/avituo/projects/tcc/tcc-container
2026-09-10 02:12:40,744 INFO o.a.j.JMeter: IP: 192.168.1.16 Name: pop-os FullName: pop-os.home
2026-09-10 02:12:40,756 INFO o.a.j.s.FileServer: Default base='/home/avituo/projects/tcc/tcc-container'
2026-09-10 02:12:40,758 INFO o.a.j.s.FileServer: Set new base='/home/avituo/projects/tcc/tcc-container/benchmark/jmeter'
2026-09-10 02:12:40,937 INFO o.a.j.s.SaveService: Testplan (JMX) version: 2.2. Testlog (JTL) version: 2.2
2026-09-10 02:12:40,963 INFO o.a.j.s.SaveService: Using SaveService properties version 5.0
2026-09-10 02:12:40,966 INFO o.a.j.s.SaveService: Using SaveService properties file encoding UTF-8
2026-09-10 02:12:40,969 INFO o.a.j.s.SaveService: Loading file: /home/avituo/projects/tcc/tcc-container/benchmark/jmeter/tcc-products-v1.jmx
2026-09-10 02:12:41,016 INFO o.a.j.p.h.s.HTTPSamplerBase: Parser for text/html is org.apache.jmeter.protocol.http.parser.LagartoBasedHtmlParser
2026-09-10 02:12:41,017 INFO o.a.j.p.h.s.HTTPSamplerBase: Parser for application/xhtml+xml is org.apache.jmeter.protocol.http.parser.LagartoBasedHtmlParser
2026-09-10 02:12:41,017 INFO o.a.j.p.h.s.HTTPSamplerBase: Parser for application/xml is org.apache.jmeter.protocol.http.parser.LagartoBasedHtmlParser
2026-09-10 02:12:41,017 INFO o.a.j.p.h.s.HTTPSamplerBase: Parser for text/xml is org.apache.jmeter.protocol.http.parser.LagartoBasedHtmlParser
2026-09-10 02:12:41,017 INFO o.a.j.p.h.s.HTTPSamplerBase: Parser for text/vnd.wap.wml is org.apache.jmeter.protocol.http.parser.RegexpHTMLParser
2026-09-10 02:12:41,017 INFO o.a.j.p.h.s.HTTPSamplerBase: Parser for text/css is org.apache.jmeter.protocol.http.parser.CssParser
2026-09-10 02:12:41,047 INFO o.a.j.JMeter: Creating summariser <summary>
2026-09-10 02:12:41,064 INFO o.a.j.e.StandardJMeterEngine: Running the test!
2026-09-10 02:12:41,064 INFO o.a.j.s.SampleEvent: List of sample_variables: []
2026-09-10 02:12:41,064 INFO o.a.j.s.SampleEvent: List of sample_variables: []
2026-09-10 02:12:41,069 INFO o.a.j.e.u.CompoundVariable: Note: Function class names must contain the string: '.functions.'
2026-09-10 02:12:41,069 INFO o.a.j.e.u.CompoundVariable: Note: Function class names must not contain the string: '.gui.'
2026-09-10 02:12:41,316 INFO o.a.j.JMeter: Running test (1789017161316)
2026-09-10 02:12:41,336 INFO o.a.j.e.StandardJMeterEngine: Starting ThreadGroup: 1 : TCC products
2026-09-10 02:12:41,336 INFO o.a.j.e.StandardJMeterEngine: Starting 50 threads for group TCC products.
2026-09-10 02:12:41,337 INFO o.a.j.e.StandardJMeterEngine: Thread will continue on error
2026-09-10 02:12:41,337 INFO o.a.j.t.ThreadGroup: Starting thread group... number=1 threads=50 ramp-up=0 delayedStart=false
2026-09-10 02:12:41,343 INFO o.a.j.t.JMeterThread: Thread started: TCC products 1-4
2026-09-10 02:12:41,343 INFO o.a.j.t.JMeterThread: Thread started: TCC products 1-3
2026-09-10 02:12:41,343 INFO o.a.j.t.JMeterThread: Thread started: TCC products 1-1
2026-09-10 02:12:41,344 INFO o.a.j.t.JMeterThread: Thread started: TCC products 1-5
2026-09-10 02:12:41,343 INFO o.a.j.t.JMeterThread: Thread started: TCC products 1-2
2026-09-10 02:12:41,344 INFO o.a.j.t.JMeterThread: Thread started: TCC products 1-6
2026-09-10 02:12:41,345 INFO o.a.j.t.JMeterThread: Thread started: TCC products 1-7
2026-09-10 02:12:41,346 INFO o.a.j.t.JMeterThread: Thread started: TCC products 1-8
2026-09-10 02:12:41,346 INFO o.a.j.t.JMeterThread: Thread started: TCC products 1-9
2026-09-10 02:12:41,347 INFO o.a.j.t.JMeterThread: Thread started: TCC products 1-10
2026-09-10 02:12:41,348 INFO o.a.j.t.JMeterThread: Thread started: TCC products 1-11
2026-09-10 02:12:41,348 INFO o.a.j.t.JMeterThread: Thread started: TCC products 1-12
2026-09-10 02:12:41,349 INFO o.a.j.t.JMeterThread: Thread started: TCC products 1-13
2026-09-10 02:12:41,350 INFO o.a.j.t.JMeterThread: Thread started: TCC products 1-14
2026-09-10 02:12:41,351 INFO o.a.j.t.JMeterThread: Thread started: TCC products 1-15
2026-09-10 02:12:41,352 INFO o.a.j.t.JMeterThread: Thread started: TCC products 1-17
2026-09-10 02:12:41,352 INFO o.a.j.t.JMeterThread: Thread started: TCC products 1-16
2026-09-10 02:12:41,352 INFO o.a.j.t.JMeterThread: Thread started: TCC products 1-18
2026-09-10 02:12:41,353 INFO o.a.j.t.JMeterThread: Thread started: TCC products 1-19
2026-09-10 02:12:41,354 INFO o.a.j.t.JMeterThread: Thread started: TCC products 1-20
2026-09-10 02:12:41,354 INFO o.a.j.t.JMeterThread: Thread started: TCC products 1-21
2026-09-10 02:12:41,354 INFO o.a.j.t.JMeterThread: Thread started: TCC products 1-22
2026-09-10 02:12:41,355 INFO o.a.j.t.JMeterThread: Thread started: TCC products 1-23
2026-09-10 02:12:41,355 INFO o.a.j.t.JMeterThread: Thread started: TCC products 1-24
2026-09-10 02:12:41,356 INFO o.a.j.t.JMeterThread: Thread started: TCC products 1-25
2026-09-10 02:12:41,357 INFO o.a.j.t.JMeterThread: Thread started: TCC products 1-26
2026-09-10 02:12:41,357 INFO o.a.j.t.JMeterThread: Thread started: TCC products 1-27
2026-09-10 02:12:41,357 INFO o.a.j.t.JMeterThread: Thread started: TCC products 1-28
2026-09-10 02:12:41,358 INFO o.a.j.t.JMeterThread: Thread started: TCC products 1-29
2026-09-10 02:12:41,359 INFO o.a.j.t.JMeterThread: Thread started: TCC products 1-30
2026-09-10 02:12:41,359 INFO o.a.j.t.JMeterThread: Thread started: TCC products 1-31
2026-09-10 02:12:41,360 INFO o.a.j.t.JMeterThread: Thread started: TCC products 1-32
2026-09-10 02:12:41,360 INFO o.a.j.t.JMeterThread: Thread started: TCC products 1-33
2026-09-10 02:12:41,361 INFO o.a.j.t.JMeterThread: Thread started: TCC products 1-34
2026-09-10 02:12:41,361 INFO o.a.j.t.JMeterThread: Thread started: TCC products 1-35
2026-09-10 02:12:41,361 INFO o.a.j.t.JMeterThread: Thread started: TCC products 1-36
2026-09-10 02:12:41,362 INFO o.a.j.t.JMeterThread: Thread started: TCC products 1-37
2026-09-10 02:12:41,362 INFO o.a.j.t.JMeterThread: Thread started: TCC products 1-38
2026-09-10 02:12:41,363 INFO o.a.j.t.JMeterThread: Thread started: TCC products 1-39
2026-09-10 02:12:41,363 INFO o.a.j.t.JMeterThread: Thread started: TCC products 1-40
2026-09-10 02:12:41,363 INFO o.a.j.t.JMeterThread: Thread started: TCC products 1-41
2026-09-10 02:12:41,364 INFO o.a.j.t.JMeterThread: Thread started: TCC products 1-42
2026-09-10 02:12:41,365 INFO o.a.j.t.JMeterThread: Thread started: TCC products 1-43
2026-09-10 02:12:41,365 INFO o.a.j.t.JMeterThread: Thread started: TCC products 1-44
2026-09-10 02:12:41,366 INFO o.a.j.t.JMeterThread: Thread started: TCC products 1-45
2026-09-10 02:12:41,366 INFO o.a.j.t.JMeterThread: Thread started: TCC products 1-46
2026-09-10 02:12:41,367 INFO o.a.j.t.JMeterThread: Thread started: TCC products 1-47
2026-09-10 02:12:41,367 INFO o.a.j.t.JMeterThread: Thread started: TCC products 1-48
2026-09-10 02:12:41,368 INFO o.a.j.t.JMeterThread: Thread started: TCC products 1-49
2026-09-10 02:12:41,368 INFO o.a.j.t.ThreadGroup: Started thread group number 1
2026-09-10 02:12:41,368 INFO o.a.j.p.h.s.HTTPHCAbstractImpl: Local host = pop-os
2026-09-10 02:12:41,368 INFO o.a.j.e.StandardJMeterEngine: All thread groups have been started
2026-09-10 02:12:41,368 INFO o.a.j.t.JMeterThread: Thread started: TCC products 1-50
2026-09-10 02:12:41,374 INFO o.a.j.p.h.s.HTTPHC4Impl: HTTP request retry count = 0
2026-09-10 02:12:41,375 INFO o.a.j.s.SampleResult: Note: Sample TimeStamps are START times
2026-09-10 02:12:41,375 INFO o.a.j.s.SampleResult: sampleresult.default.encoding is set to UTF-8
2026-09-10 02:12:41,375 INFO o.a.j.s.SampleResult: sampleresult.useNanoTime=true
2026-09-10 02:12:41,375 INFO o.a.j.s.SampleResult: sampleresult.nanoThreadSleep=5000
2026-09-10 02:13:00,008 INFO o.a.j.r.Summariser: summary +   2136 in 00:00:19 =  114.3/s Avg:   413 Min:    62 Max:   750 Err:     0 (0.00%) Active: 50 Started: 50 Finished: 0
2026-09-10 02:13:11,348 INFO o.a.j.t.JMeterThread: Stopping because end time detected by thread: TCC products 1-2
2026-09-10 02:13:11,348 INFO o.a.j.t.JMeterThread: Thread finished: TCC products 1-2
2026-09-10 02:13:11,364 INFO o.a.j.t.JMeterThread: Stopping because end time detected by thread: TCC products 1-1
2026-09-10 02:13:11,364 INFO o.a.j.t.JMeterThread: Thread finished: TCC products 1-1
2026-09-10 02:13:11,372 INFO o.a.j.t.JMeterThread: Stopping because end time detected by thread: TCC products 1-17
2026-09-10 02:13:11,372 INFO o.a.j.t.JMeterThread: Thread finished: TCC products 1-17
2026-09-10 02:13:11,380 INFO o.a.j.t.JMeterThread: Stopping because end time detected by thread: TCC products 1-3
2026-09-10 02:13:11,380 INFO o.a.j.t.JMeterThread: Thread finished: TCC products 1-3
2026-09-10 02:13:11,388 INFO o.a.j.t.JMeterThread: Stopping because end time detected by thread: TCC products 1-36
2026-09-10 02:13:11,388 INFO o.a.j.t.JMeterThread: Thread finished: TCC products 1-36
2026-09-10 02:13:11,396 INFO o.a.j.t.JMeterThread: Stopping because end time detected by thread: TCC products 1-48
2026-09-10 02:13:11,396 INFO o.a.j.t.JMeterThread: Thread finished: TCC products 1-48
2026-09-10 02:13:11,403 INFO o.a.j.t.JMeterThread: Stopping because end time detected by thread: TCC products 1-47
2026-09-10 02:13:11,403 INFO o.a.j.t.JMeterThread: Thread finished: TCC products 1-47
2026-09-10 02:13:11,411 INFO o.a.j.t.JMeterThread: Stopping because end time detected by thread: TCC products 1-13
2026-09-10 02:13:11,411 INFO o.a.j.t.JMeterThread: Thread finished: TCC products 1-13
2026-09-10 02:13:11,419 INFO o.a.j.t.JMeterThread: Stopping because end time detected by thread: TCC products 1-46
2026-09-10 02:13:11,419 INFO o.a.j.t.JMeterThread: Thread finished: TCC products 1-46
2026-09-10 02:13:11,427 INFO o.a.j.t.JMeterThread: Stopping because end time detected by thread: TCC products 1-22
2026-09-10 02:13:11,427 INFO o.a.j.t.JMeterThread: Thread finished: TCC products 1-22
2026-09-10 02:13:11,435 INFO o.a.j.t.JMeterThread: Stopping because end time detected by thread: TCC products 1-50
2026-09-10 02:13:11,435 INFO o.a.j.t.JMeterThread: Thread finished: TCC products 1-50
2026-09-10 02:13:11,443 INFO o.a.j.t.JMeterThread: Stopping because end time detected by thread: TCC products 1-23
2026-09-10 02:13:11,443 INFO o.a.j.t.JMeterThread: Thread finished: TCC products 1-23
2026-09-10 02:13:11,451 INFO o.a.j.t.JMeterThread: Stopping because end time detected by thread: TCC products 1-16
2026-09-10 02:13:11,451 INFO o.a.j.t.JMeterThread: Thread finished: TCC products 1-16
2026-09-10 02:13:11,459 INFO o.a.j.t.JMeterThread: Stopping because end time detected by thread: TCC products 1-37
2026-09-10 02:13:11,460 INFO o.a.j.t.JMeterThread: Thread finished: TCC products 1-37
2026-09-10 02:13:11,468 INFO o.a.j.t.JMeterThread: Stopping because end time detected by thread: TCC products 1-49
2026-09-10 02:13:11,468 INFO o.a.j.t.JMeterThread: Thread finished: TCC products 1-49
2026-09-10 02:13:11,476 INFO o.a.j.t.JMeterThread: Stopping because end time detected by thread: TCC products 1-40
2026-09-10 02:13:11,476 INFO o.a.j.t.JMeterThread: Thread finished: TCC products 1-40
2026-09-10 02:13:11,485 INFO o.a.j.t.JMeterThread: Stopping because end time detected by thread: TCC products 1-7
2026-09-10 02:13:11,485 INFO o.a.j.t.JMeterThread: Thread finished: TCC products 1-7
2026-09-10 02:13:11,493 INFO o.a.j.t.JMeterThread: Stopping because end time detected by thread: TCC products 1-35
2026-09-10 02:13:11,493 INFO o.a.j.t.JMeterThread: Thread finished: TCC products 1-35
2026-09-10 02:13:11,501 INFO o.a.j.t.JMeterThread: Stopping because end time detected by thread: TCC products 1-43
2026-09-10 02:13:11,502 INFO o.a.j.t.JMeterThread: Thread finished: TCC products 1-43
2026-09-10 02:13:11,509 INFO o.a.j.t.JMeterThread: Stopping because end time detected by thread: TCC products 1-26
2026-09-10 02:13:11,509 INFO o.a.j.t.JMeterThread: Thread finished: TCC products 1-26
2026-09-10 02:13:11,518 INFO o.a.j.t.JMeterThread: Stopping because end time detected by thread: TCC products 1-34
2026-09-10 02:13:11,518 INFO o.a.j.t.JMeterThread: Thread finished: TCC products 1-34
2026-09-10 02:13:11,526 INFO o.a.j.t.JMeterThread: Stopping because end time detected by thread: TCC products 1-4
2026-09-10 02:13:11,526 INFO o.a.j.t.JMeterThread: Thread finished: TCC products 1-4
2026-09-10 02:13:11,535 INFO o.a.j.t.JMeterThread: Stopping because end time detected by thread: TCC products 1-28
2026-09-10 02:13:11,535 INFO o.a.j.t.JMeterThread: Thread finished: TCC products 1-28
2026-09-10 02:13:11,544 INFO o.a.j.t.JMeterThread: Stopping because end time detected by thread: TCC products 1-44
2026-09-10 02:13:11,544 INFO o.a.j.t.JMeterThread: Thread finished: TCC products 1-44
2026-09-10 02:13:11,553 INFO o.a.j.t.JMeterThread: Stopping because end time detected by thread: TCC products 1-27
2026-09-10 02:13:11,553 INFO o.a.j.t.JMeterThread: Thread finished: TCC products 1-27
2026-09-10 02:13:11,562 INFO o.a.j.t.JMeterThread: Stopping because end time detected by thread: TCC products 1-38
2026-09-10 02:13:11,562 INFO o.a.j.t.JMeterThread: Thread finished: TCC products 1-38
2026-09-10 02:13:11,570 INFO o.a.j.t.JMeterThread: Stopping because end time detected by thread: TCC products 1-29
2026-09-10 02:13:11,570 INFO o.a.j.t.JMeterThread: Thread finished: TCC products 1-29
2026-09-10 02:13:11,578 INFO o.a.j.t.JMeterThread: Stopping because end time detected by thread: TCC products 1-24
2026-09-10 02:13:11,578 INFO o.a.j.t.JMeterThread: Thread finished: TCC products 1-24
2026-09-10 02:13:11,588 INFO o.a.j.t.JMeterThread: Stopping because end time detected by thread: TCC products 1-20
2026-09-10 02:13:11,588 INFO o.a.j.t.JMeterThread: Thread finished: TCC products 1-20
2026-09-10 02:13:11,595 INFO o.a.j.t.JMeterThread: Stopping because end time detected by thread: TCC products 1-19
2026-09-10 02:13:11,595 INFO o.a.j.t.JMeterThread: Thread finished: TCC products 1-19
2026-09-10 02:13:11,603 INFO o.a.j.t.JMeterThread: Stopping because end time detected by thread: TCC products 1-5
2026-09-10 02:13:11,603 INFO o.a.j.t.JMeterThread: Thread finished: TCC products 1-5
2026-09-10 02:13:11,611 INFO o.a.j.t.JMeterThread: Stopping because end time detected by thread: TCC products 1-15
2026-09-10 02:13:11,611 INFO o.a.j.t.JMeterThread: Thread finished: TCC products 1-15
2026-09-10 02:13:11,619 INFO o.a.j.t.JMeterThread: Stopping because end time detected by thread: TCC products 1-33
2026-09-10 02:13:11,619 INFO o.a.j.t.JMeterThread: Thread finished: TCC products 1-33
2026-09-10 02:13:11,626 INFO o.a.j.t.JMeterThread: Stopping because end time detected by thread: TCC products 1-41
2026-09-10 02:13:11,626 INFO o.a.j.t.JMeterThread: Thread finished: TCC products 1-41
2026-09-10 02:13:11,634 INFO o.a.j.t.JMeterThread: Stopping because end time detected by thread: TCC products 1-12
2026-09-10 02:13:11,634 INFO o.a.j.t.JMeterThread: Thread finished: TCC products 1-12
2026-09-10 02:13:11,640 INFO o.a.j.t.JMeterThread: Stopping because end time detected by thread: TCC products 1-30
2026-09-10 02:13:11,641 INFO o.a.j.t.JMeterThread: Thread finished: TCC products 1-30
2026-09-10 02:13:11,648 INFO o.a.j.t.JMeterThread: Stopping because end time detected by thread: TCC products 1-18
2026-09-10 02:13:11,649 INFO o.a.j.t.JMeterThread: Thread finished: TCC products 1-18
2026-09-10 02:13:11,656 INFO o.a.j.t.JMeterThread: Stopping because end time detected by thread: TCC products 1-21
2026-09-10 02:13:11,656 INFO o.a.j.t.JMeterThread: Thread finished: TCC products 1-21
2026-09-10 02:13:11,663 INFO o.a.j.t.JMeterThread: Stopping because end time detected by thread: TCC products 1-11
2026-09-10 02:13:11,663 INFO o.a.j.t.JMeterThread: Thread finished: TCC products 1-11
2026-09-10 02:13:11,670 INFO o.a.j.t.JMeterThread: Stopping because end time detected by thread: TCC products 1-39
2026-09-10 02:13:11,671 INFO o.a.j.t.JMeterThread: Thread finished: TCC products 1-39
2026-09-10 02:13:11,678 INFO o.a.j.t.JMeterThread: Stopping because end time detected by thread: TCC products 1-8
2026-09-10 02:13:11,678 INFO o.a.j.t.JMeterThread: Thread finished: TCC products 1-8
2026-09-10 02:13:11,685 INFO o.a.j.t.JMeterThread: Stopping because end time detected by thread: TCC products 1-14
2026-09-10 02:13:11,685 INFO o.a.j.t.JMeterThread: Thread finished: TCC products 1-14
2026-09-10 02:13:11,693 INFO o.a.j.t.JMeterThread: Stopping because end time detected by thread: TCC products 1-6
2026-09-10 02:13:11,693 INFO o.a.j.t.JMeterThread: Thread finished: TCC products 1-6
2026-09-10 02:13:11,700 INFO o.a.j.t.JMeterThread: Stopping because end time detected by thread: TCC products 1-10
2026-09-10 02:13:11,700 INFO o.a.j.t.JMeterThread: Thread finished: TCC products 1-10
2026-09-10 02:13:11,708 INFO o.a.j.t.JMeterThread: Stopping because end time detected by thread: TCC products 1-45
2026-09-10 02:13:11,708 INFO o.a.j.t.JMeterThread: Thread finished: TCC products 1-45
2026-09-10 02:13:11,716 INFO o.a.j.t.JMeterThread: Stopping because end time detected by thread: TCC products 1-42
2026-09-10 02:13:11,716 INFO o.a.j.t.JMeterThread: Thread finished: TCC products 1-42
2026-09-10 02:13:11,723 INFO o.a.j.t.JMeterThread: Stopping because end time detected by thread: TCC products 1-9
2026-09-10 02:13:11,724 INFO o.a.j.t.JMeterThread: Thread finished: TCC products 1-9
2026-09-10 02:13:11,731 INFO o.a.j.t.JMeterThread: Stopping because end time detected by thread: TCC products 1-31
2026-09-10 02:13:11,731 INFO o.a.j.t.JMeterThread: Thread finished: TCC products 1-31
2026-09-10 02:13:11,739 INFO o.a.j.t.JMeterThread: Stopping because end time detected by thread: TCC products 1-25
2026-09-10 02:13:11,739 INFO o.a.j.t.JMeterThread: Thread finished: TCC products 1-25
2026-09-10 02:13:11,746 INFO o.a.j.t.JMeterThread: Stopping because end time detected by thread: TCC products 1-32
2026-09-10 02:13:11,746 INFO o.a.j.t.JMeterThread: Thread finished: TCC products 1-32
2026-09-10 02:13:11,746 INFO o.a.j.e.StandardJMeterEngine: Notifying test listeners of end of test
2026-09-10 02:13:11,749 INFO o.a.j.r.Summariser: summary +   1495 in 00:00:12 =  127.3/s Avg:   392 Min:   373 Max:   431 Err:     0 (0.00%) Active: 0 Started: 50 Finished: 50
2026-09-10 02:13:11,749 INFO o.a.j.r.Summariser: summary =   3631 in 00:00:30 =  119.3/s Avg:   404 Min:    62 Max:   750 Err:     0 (0.00%)
