2026-09-10 01:01:10,427 INFO o.a.j.u.JMeterUtils: Setting Locale to en_EN
2026-09-10 01:01:10,447 INFO o.a.j.JMeter: Loading user properties from: /home/avituo/projects/tcc/tcc-container/.tools/apache-jmeter-5.6.3/bin/user.properties
2026-09-10 01:01:10,448 INFO o.a.j.JMeter: Loading system properties from: /home/avituo/projects/tcc/tcc-container/.tools/apache-jmeter-5.6.3/bin/system.properties
2026-09-10 01:01:10,448 INFO o.a.j.JMeter: Loading additional properties from: /home/avituo/projects/tcc/tcc-container/benchmark/jmeter/benchmark.properties
2026-09-10 01:01:10,448 INFO o.a.j.JMeter: Loading additional properties from: /tmp/tcc-benchmark-auth.iZRcnn/auth.properties
2026-09-10 01:01:10,449 INFO o.a.j.JMeter: Loading additional properties from: /home/avituo/projects/tcc/tcc-container/benchmark/results/laravel-13.20.0/final/products/c10/r2/microservices/thread-counters.properties
2026-09-10 01:01:10,449 INFO o.a.j.JMeter: Setting JMeter property: threads=10
2026-09-10 01:01:10,449 INFO o.a.j.JMeter: Setting JMeter property: duration_seconds=120
2026-09-10 01:01:10,449 INFO o.a.j.JMeter: Setting JMeter property: target_host=localhost
2026-09-10 01:01:10,449 INFO o.a.j.JMeter: Setting JMeter property: target_port=18080
2026-09-10 01:01:10,449 INFO o.a.j.JMeter: Setting JMeter property: tcc.order.id=20000000-0000-4000-8000-000000000001
2026-09-10 01:01:10,449 INFO o.a.j.JMeter: Setting JMeter property: repetition=2
2026-09-10 01:01:10,457 INFO o.a.j.JMeter: Copyright (c) 1998-2024 The Apache Software Foundation
2026-09-10 01:01:10,457 INFO o.a.j.JMeter: Version 5.6.3
2026-09-10 01:01:10,457 INFO o.a.j.JMeter: java.version=21.0.11
2026-09-10 01:01:10,457 INFO o.a.j.JMeter: java.vm.name=OpenJDK 64-Bit Server VM
2026-09-10 01:01:10,457 INFO o.a.j.JMeter: os.name=Linux
2026-09-10 01:01:10,457 INFO o.a.j.JMeter: os.arch=amd64
2026-09-10 01:01:10,457 INFO o.a.j.JMeter: os.version=7.0.11-76070011-generic
2026-09-10 01:01:10,457 INFO o.a.j.JMeter: file.encoding=UTF-8
2026-09-10 01:01:10,457 INFO o.a.j.JMeter: java.awt.headless=true
2026-09-10 01:01:10,457 INFO o.a.j.JMeter: Max memory     =1073741824
2026-09-10 01:01:10,457 INFO o.a.j.JMeter: Available Processors =16
2026-09-10 01:01:10,467 INFO o.a.j.JMeter: Default Locale=English (EN)
2026-09-10 01:01:10,468 INFO o.a.j.JMeter: JMeter  Locale=English (EN)
2026-09-10 01:01:10,468 INFO o.a.j.JMeter: JMeterHome=/home/avituo/projects/tcc/tcc-container/.tools/apache-jmeter-5.6.3
2026-09-10 01:01:10,468 INFO o.a.j.JMeter: user.dir  =/home/avituo/projects/tcc/tcc-container
2026-09-10 01:01:10,468 INFO o.a.j.JMeter: PWD       =/home/avituo/projects/tcc/tcc-container
2026-09-10 01:01:10,479 INFO o.a.j.JMeter: IP: 192.168.1.16 Name: pop-os FullName: pop-os.home
2026-09-10 01:01:10,496 INFO o.a.j.s.FileServer: Default base='/home/avituo/projects/tcc/tcc-container'
2026-09-10 01:01:10,499 INFO o.a.j.s.FileServer: Set new base='/home/avituo/projects/tcc/tcc-container/benchmark/jmeter'
2026-09-10 01:01:10,676 INFO o.a.j.s.SaveService: Testplan (JMX) version: 2.2. Testlog (JTL) version: 2.2
2026-09-10 01:01:10,706 INFO o.a.j.s.SaveService: Using SaveService properties version 5.0
2026-09-10 01:01:10,709 INFO o.a.j.s.SaveService: Using SaveService properties file encoding UTF-8
2026-09-10 01:01:10,713 INFO o.a.j.s.SaveService: Loading file: /home/avituo/projects/tcc/tcc-container/benchmark/jmeter/tcc-products-v1.jmx
2026-09-10 01:01:10,772 INFO o.a.j.p.h.s.HTTPSamplerBase: Parser for text/html is org.apache.jmeter.protocol.http.parser.LagartoBasedHtmlParser
2026-09-10 01:01:10,772 INFO o.a.j.p.h.s.HTTPSamplerBase: Parser for application/xhtml+xml is org.apache.jmeter.protocol.http.parser.LagartoBasedHtmlParser
2026-09-10 01:01:10,772 INFO o.a.j.p.h.s.HTTPSamplerBase: Parser for application/xml is org.apache.jmeter.protocol.http.parser.LagartoBasedHtmlParser
2026-09-10 01:01:10,772 INFO o.a.j.p.h.s.HTTPSamplerBase: Parser for text/xml is org.apache.jmeter.protocol.http.parser.LagartoBasedHtmlParser
2026-09-10 01:01:10,772 INFO o.a.j.p.h.s.HTTPSamplerBase: Parser for text/vnd.wap.wml is org.apache.jmeter.protocol.http.parser.RegexpHTMLParser
2026-09-10 01:01:10,772 INFO o.a.j.p.h.s.HTTPSamplerBase: Parser for text/css is org.apache.jmeter.protocol.http.parser.CssParser
2026-09-10 01:01:10,806 INFO o.a.j.JMeter: Creating summariser <summary>
2026-09-10 01:01:10,827 INFO o.a.j.e.StandardJMeterEngine: Running the test!
2026-09-10 01:01:10,828 INFO o.a.j.s.SampleEvent: List of sample_variables: []
2026-09-10 01:01:10,828 INFO o.a.j.s.SampleEvent: List of sample_variables: []
2026-09-10 01:01:10,833 INFO o.a.j.e.u.CompoundVariable: Note: Function class names must contain the string: '.functions.'
2026-09-10 01:01:10,833 INFO o.a.j.e.u.CompoundVariable: Note: Function class names must not contain the string: '.gui.'
2026-09-10 01:01:11,106 INFO o.a.j.JMeter: Running test (1789012871106)
2026-09-10 01:01:11,128 INFO o.a.j.e.StandardJMeterEngine: Starting ThreadGroup: 1 : TCC products
2026-09-10 01:01:11,128 INFO o.a.j.e.StandardJMeterEngine: Starting 10 threads for group TCC products.
2026-09-10 01:01:11,128 INFO o.a.j.e.StandardJMeterEngine: Thread will continue on error
2026-09-10 01:01:11,128 INFO o.a.j.t.ThreadGroup: Starting thread group... number=1 threads=10 ramp-up=0 delayedStart=false
2026-09-10 01:01:11,134 INFO o.a.j.t.JMeterThread: Thread started: TCC products 1-3
2026-09-10 01:01:11,134 INFO o.a.j.t.JMeterThread: Thread started: TCC products 1-1
2026-09-10 01:01:11,134 INFO o.a.j.t.JMeterThread: Thread started: TCC products 1-2
2026-09-10 01:01:11,134 INFO o.a.j.t.JMeterThread: Thread started: TCC products 1-4
2026-09-10 01:01:11,135 INFO o.a.j.t.JMeterThread: Thread started: TCC products 1-5
2026-09-10 01:01:11,136 INFO o.a.j.t.JMeterThread: Thread started: TCC products 1-6
2026-09-10 01:01:11,136 INFO o.a.j.t.JMeterThread: Thread started: TCC products 1-7
2026-09-10 01:01:11,137 INFO o.a.j.t.JMeterThread: Thread started: TCC products 1-8
2026-09-10 01:01:11,137 INFO o.a.j.t.JMeterThread: Thread started: TCC products 1-9
2026-09-10 01:01:11,138 INFO o.a.j.t.ThreadGroup: Started thread group number 1
2026-09-10 01:01:11,138 INFO o.a.j.e.StandardJMeterEngine: All thread groups have been started
2026-09-10 01:01:11,138 INFO o.a.j.t.JMeterThread: Thread started: TCC products 1-10
2026-09-10 01:01:11,156 INFO o.a.j.p.h.s.HTTPHCAbstractImpl: Local host = pop-os
2026-09-10 01:01:11,163 INFO o.a.j.p.h.s.HTTPHC4Impl: HTTP request retry count = 0
2026-09-10 01:01:11,164 INFO o.a.j.s.SampleResult: Note: Sample TimeStamps are START times
2026-09-10 01:01:11,164 INFO o.a.j.s.SampleResult: sampleresult.default.encoding is set to UTF-8
2026-09-10 01:01:11,164 INFO o.a.j.s.SampleResult: sampleresult.useNanoTime=true
2026-09-10 01:01:11,164 INFO o.a.j.s.SampleResult: sampleresult.nanoThreadSleep=5000
2026-09-10 01:01:30,003 INFO o.a.j.r.Summariser: summary +   2245 in 00:00:19 =  118.8/s Avg:    78 Min:    14 Max:   160 Err:     0 (0.00%) Active: 10 Started: 10 Finished: 0
2026-09-10 01:02:00,003 INFO o.a.j.r.Summariser: summary +   3891 in 00:00:30 =  129.7/s Avg:    76 Min:    70 Max:    97 Err:     0 (0.00%) Active: 10 Started: 10 Finished: 0
2026-09-10 01:02:00,003 INFO o.a.j.r.Summariser: summary =   6136 in 00:00:49 =  125.5/s Avg:    77 Min:    14 Max:   160 Err:     0 (0.00%)
2026-09-10 01:02:30,002 INFO o.a.j.r.Summariser: summary +   3905 in 00:00:30 =  130.2/s Avg:    76 Min:    70 Max:   110 Err:     0 (0.00%) Active: 10 Started: 10 Finished: 0
2026-09-10 01:02:30,002 INFO o.a.j.r.Summariser: summary =  10041 in 00:01:19 =  127.3/s Avg:    76 Min:    14 Max:   160 Err:     0 (0.00%)
2026-09-10 01:03:00,001 INFO o.a.j.r.Summariser: summary +   3936 in 00:00:30 =  131.2/s Avg:    75 Min:    69 Max:   100 Err:     0 (0.00%) Active: 10 Started: 10 Finished: 0
2026-09-10 01:03:00,001 INFO o.a.j.r.Summariser: summary =  13977 in 00:01:49 =  128.4/s Avg:    76 Min:    14 Max:   160 Err:     0 (0.00%)
2026-09-10 01:03:11,140 INFO o.a.j.t.JMeterThread: Stopping because end time detected by thread: TCC products 1-5
2026-09-10 01:03:11,140 INFO o.a.j.t.JMeterThread: Thread finished: TCC products 1-5
2026-09-10 01:03:11,148 INFO o.a.j.t.JMeterThread: Stopping because end time detected by thread: TCC products 1-10
2026-09-10 01:03:11,148 INFO o.a.j.t.JMeterThread: Thread finished: TCC products 1-10
2026-09-10 01:03:11,156 INFO o.a.j.t.JMeterThread: Stopping because end time detected by thread: TCC products 1-3
2026-09-10 01:03:11,156 INFO o.a.j.t.JMeterThread: Thread finished: TCC products 1-3
2026-09-10 01:03:11,164 INFO o.a.j.t.JMeterThread: Stopping because end time detected by thread: TCC products 1-9
2026-09-10 01:03:11,164 INFO o.a.j.t.JMeterThread: Thread finished: TCC products 1-9
2026-09-10 01:03:11,172 INFO o.a.j.t.JMeterThread: Stopping because end time detected by thread: TCC products 1-8
2026-09-10 01:03:11,172 INFO o.a.j.t.JMeterThread: Thread finished: TCC products 1-8
2026-09-10 01:03:11,179 INFO o.a.j.t.JMeterThread: Stopping because end time detected by thread: TCC products 1-6
2026-09-10 01:03:11,179 INFO o.a.j.t.JMeterThread: Thread finished: TCC products 1-6
2026-09-10 01:03:11,187 INFO o.a.j.t.JMeterThread: Stopping because end time detected by thread: TCC products 1-1
2026-09-10 01:03:11,187 INFO o.a.j.t.JMeterThread: Thread finished: TCC products 1-1
2026-09-10 01:03:11,195 INFO o.a.j.t.JMeterThread: Stopping because end time detected by thread: TCC products 1-4
2026-09-10 01:03:11,195 INFO o.a.j.t.JMeterThread: Thread finished: TCC products 1-4
2026-09-10 01:03:11,202 INFO o.a.j.t.JMeterThread: Stopping because end time detected by thread: TCC products 1-2
2026-09-10 01:03:11,203 INFO o.a.j.t.JMeterThread: Thread finished: TCC products 1-2
2026-09-10 01:03:11,211 INFO o.a.j.t.JMeterThread: Stopping because end time detected by thread: TCC products 1-7
2026-09-10 01:03:11,211 INFO o.a.j.t.JMeterThread: Thread finished: TCC products 1-7
2026-09-10 01:03:11,212 INFO o.a.j.e.StandardJMeterEngine: Notifying test listeners of end of test
2026-09-10 01:03:11,215 INFO o.a.j.r.Summariser: summary +   1469 in 00:00:11 =  131.0/s Avg:    75 Min:    71 Max:    89 Err:     0 (0.00%) Active: 0 Started: 10 Finished: 10
2026-09-10 01:03:11,215 INFO o.a.j.r.Summariser: summary =  15446 in 00:02:00 =  128.6/s Avg:    76 Min:    14 Max:   160 Err:     0 (0.00%)
