2026-09-10 01:00:35,128 INFO o.a.j.u.JMeterUtils: Setting Locale to en_EN
2026-09-10 01:00:35,144 INFO o.a.j.JMeter: Loading user properties from: /home/avituo/projects/tcc/tcc-container/.tools/apache-jmeter-5.6.3/bin/user.properties
2026-09-10 01:00:35,145 INFO o.a.j.JMeter: Loading system properties from: /home/avituo/projects/tcc/tcc-container/.tools/apache-jmeter-5.6.3/bin/system.properties
2026-09-10 01:00:35,145 INFO o.a.j.JMeter: Loading additional properties from: /home/avituo/projects/tcc/tcc-container/benchmark/jmeter/benchmark.properties
2026-09-10 01:00:35,145 INFO o.a.j.JMeter: Loading additional properties from: /tmp/tcc-benchmark-auth.iZRcnn/auth.properties
2026-09-10 01:00:35,145 INFO o.a.j.JMeter: Setting JMeter property: threads=10
2026-09-10 01:00:35,145 INFO o.a.j.JMeter: Setting JMeter property: duration_seconds=30
2026-09-10 01:00:35,145 INFO o.a.j.JMeter: Setting JMeter property: target_host=localhost
2026-09-10 01:00:35,145 INFO o.a.j.JMeter: Setting JMeter property: target_port=18080
2026-09-10 01:00:35,145 INFO o.a.j.JMeter: Setting JMeter property: tcc.order.id=20000000-0000-4000-8000-000000000001
2026-09-10 01:00:35,145 INFO o.a.j.JMeter: Setting JMeter property: repetition=2
2026-09-10 01:00:35,151 INFO o.a.j.JMeter: Copyright (c) 1998-2024 The Apache Software Foundation
2026-09-10 01:00:35,151 INFO o.a.j.JMeter: Version 5.6.3
2026-09-10 01:00:35,151 INFO o.a.j.JMeter: java.version=21.0.11
2026-09-10 01:00:35,151 INFO o.a.j.JMeter: java.vm.name=OpenJDK 64-Bit Server VM
2026-09-10 01:00:35,151 INFO o.a.j.JMeter: os.name=Linux
2026-09-10 01:00:35,151 INFO o.a.j.JMeter: os.arch=amd64
2026-09-10 01:00:35,151 INFO o.a.j.JMeter: os.version=7.0.11-76070011-generic
2026-09-10 01:00:35,151 INFO o.a.j.JMeter: file.encoding=UTF-8
2026-09-10 01:00:35,152 INFO o.a.j.JMeter: java.awt.headless=true
2026-09-10 01:00:35,152 INFO o.a.j.JMeter: Max memory     =1073741824
2026-09-10 01:00:35,152 INFO o.a.j.JMeter: Available Processors =16
2026-09-10 01:00:35,160 INFO o.a.j.JMeter: Default Locale=English (EN)
2026-09-10 01:00:35,160 INFO o.a.j.JMeter: JMeter  Locale=English (EN)
2026-09-10 01:00:35,161 INFO o.a.j.JMeter: JMeterHome=/home/avituo/projects/tcc/tcc-container/.tools/apache-jmeter-5.6.3
2026-09-10 01:00:35,161 INFO o.a.j.JMeter: user.dir  =/home/avituo/projects/tcc/tcc-container
2026-09-10 01:00:35,161 INFO o.a.j.JMeter: PWD       =/home/avituo/projects/tcc/tcc-container
2026-09-10 01:00:35,168 INFO o.a.j.JMeter: IP: 192.168.1.16 Name: pop-os FullName: pop-os.home
2026-09-10 01:00:35,180 INFO o.a.j.s.FileServer: Default base='/home/avituo/projects/tcc/tcc-container'
2026-09-10 01:00:35,182 INFO o.a.j.s.FileServer: Set new base='/home/avituo/projects/tcc/tcc-container/benchmark/jmeter'
2026-09-10 01:00:35,341 INFO o.a.j.s.SaveService: Testplan (JMX) version: 2.2. Testlog (JTL) version: 2.2
2026-09-10 01:00:35,363 INFO o.a.j.s.SaveService: Using SaveService properties version 5.0
2026-09-10 01:00:35,366 INFO o.a.j.s.SaveService: Using SaveService properties file encoding UTF-8
2026-09-10 01:00:35,369 INFO o.a.j.s.SaveService: Loading file: /home/avituo/projects/tcc/tcc-container/benchmark/jmeter/tcc-products-v1.jmx
2026-09-10 01:00:35,421 INFO o.a.j.p.h.s.HTTPSamplerBase: Parser for text/html is org.apache.jmeter.protocol.http.parser.LagartoBasedHtmlParser
2026-09-10 01:00:35,421 INFO o.a.j.p.h.s.HTTPSamplerBase: Parser for application/xhtml+xml is org.apache.jmeter.protocol.http.parser.LagartoBasedHtmlParser
2026-09-10 01:00:35,421 INFO o.a.j.p.h.s.HTTPSamplerBase: Parser for application/xml is org.apache.jmeter.protocol.http.parser.LagartoBasedHtmlParser
2026-09-10 01:00:35,422 INFO o.a.j.p.h.s.HTTPSamplerBase: Parser for text/xml is org.apache.jmeter.protocol.http.parser.LagartoBasedHtmlParser
2026-09-10 01:00:35,422 INFO o.a.j.p.h.s.HTTPSamplerBase: Parser for text/vnd.wap.wml is org.apache.jmeter.protocol.http.parser.RegexpHTMLParser
2026-09-10 01:00:35,422 INFO o.a.j.p.h.s.HTTPSamplerBase: Parser for text/css is org.apache.jmeter.protocol.http.parser.CssParser
2026-09-10 01:00:35,454 INFO o.a.j.JMeter: Creating summariser <summary>
2026-09-10 01:00:35,479 INFO o.a.j.e.StandardJMeterEngine: Running the test!
2026-09-10 01:00:35,480 INFO o.a.j.s.SampleEvent: List of sample_variables: []
2026-09-10 01:00:35,480 INFO o.a.j.s.SampleEvent: List of sample_variables: []
2026-09-10 01:00:35,489 INFO o.a.j.e.u.CompoundVariable: Note: Function class names must contain the string: '.functions.'
2026-09-10 01:00:35,489 INFO o.a.j.e.u.CompoundVariable: Note: Function class names must not contain the string: '.gui.'
2026-09-10 01:00:35,746 INFO o.a.j.JMeter: Running test (1789012835746)
2026-09-10 01:00:35,770 INFO o.a.j.e.StandardJMeterEngine: Starting ThreadGroup: 1 : TCC products
2026-09-10 01:00:35,770 INFO o.a.j.e.StandardJMeterEngine: Starting 10 threads for group TCC products.
2026-09-10 01:00:35,770 INFO o.a.j.e.StandardJMeterEngine: Thread will continue on error
2026-09-10 01:00:35,770 INFO o.a.j.t.ThreadGroup: Starting thread group... number=1 threads=10 ramp-up=0 delayedStart=false
2026-09-10 01:00:35,777 INFO o.a.j.t.JMeterThread: Thread started: TCC products 1-3
2026-09-10 01:00:35,777 INFO o.a.j.t.JMeterThread: Thread started: TCC products 1-1
2026-09-10 01:00:35,777 INFO o.a.j.t.JMeterThread: Thread started: TCC products 1-4
2026-09-10 01:00:35,777 INFO o.a.j.t.JMeterThread: Thread started: TCC products 1-6
2026-09-10 01:00:35,777 INFO o.a.j.t.JMeterThread: Thread started: TCC products 1-2
2026-09-10 01:00:35,777 INFO o.a.j.t.JMeterThread: Thread started: TCC products 1-5
2026-09-10 01:00:35,778 INFO o.a.j.t.JMeterThread: Thread started: TCC products 1-7
2026-09-10 01:00:35,779 INFO o.a.j.t.JMeterThread: Thread started: TCC products 1-8
2026-09-10 01:00:35,779 INFO o.a.j.t.JMeterThread: Thread started: TCC products 1-9
2026-09-10 01:00:35,780 INFO o.a.j.t.ThreadGroup: Started thread group number 1
2026-09-10 01:00:35,780 INFO o.a.j.e.StandardJMeterEngine: All thread groups have been started
2026-09-10 01:00:35,780 INFO o.a.j.t.JMeterThread: Thread started: TCC products 1-10
2026-09-10 01:00:35,793 INFO o.a.j.p.h.s.HTTPHCAbstractImpl: Local host = pop-os
2026-09-10 01:00:35,798 INFO o.a.j.p.h.s.HTTPHC4Impl: HTTP request retry count = 0
2026-09-10 01:00:35,800 INFO o.a.j.s.SampleResult: Note: Sample TimeStamps are START times
2026-09-10 01:00:35,800 INFO o.a.j.s.SampleResult: sampleresult.default.encoding is set to UTF-8
2026-09-10 01:00:35,800 INFO o.a.j.s.SampleResult: sampleresult.useNanoTime=true
2026-09-10 01:00:35,800 INFO o.a.j.s.SampleResult: sampleresult.nanoThreadSleep=5000
2026-09-10 01:01:00,005 INFO o.a.j.r.Summariser: summary +   2795 in 00:00:24 =  115.2/s Avg:    82 Min:    33 Max:   170 Err:     0 (0.00%) Active: 10 Started: 10 Finished: 0
2026-09-10 01:01:05,778 INFO o.a.j.t.JMeterThread: Stopping because end time detected by thread: TCC products 1-3
2026-09-10 01:01:05,779 INFO o.a.j.t.JMeterThread: Thread finished: TCC products 1-3
2026-09-10 01:01:05,787 INFO o.a.j.t.JMeterThread: Stopping because end time detected by thread: TCC products 1-9
2026-09-10 01:01:05,787 INFO o.a.j.t.JMeterThread: Thread finished: TCC products 1-9
2026-09-10 01:01:05,794 INFO o.a.j.t.JMeterThread: Stopping because end time detected by thread: TCC products 1-1
2026-09-10 01:01:05,794 INFO o.a.j.t.JMeterThread: Thread finished: TCC products 1-1
2026-09-10 01:01:05,802 INFO o.a.j.t.JMeterThread: Stopping because end time detected by thread: TCC products 1-5
2026-09-10 01:01:05,803 INFO o.a.j.t.JMeterThread: Thread finished: TCC products 1-5
2026-09-10 01:01:05,810 INFO o.a.j.t.JMeterThread: Stopping because end time detected by thread: TCC products 1-10
2026-09-10 01:01:05,810 INFO o.a.j.t.JMeterThread: Thread finished: TCC products 1-10
2026-09-10 01:01:05,817 INFO o.a.j.t.JMeterThread: Stopping because end time detected by thread: TCC products 1-4
2026-09-10 01:01:05,818 INFO o.a.j.t.JMeterThread: Thread finished: TCC products 1-4
2026-09-10 01:01:05,825 INFO o.a.j.t.JMeterThread: Stopping because end time detected by thread: TCC products 1-6
2026-09-10 01:01:05,825 INFO o.a.j.t.JMeterThread: Thread finished: TCC products 1-6
2026-09-10 01:01:05,833 INFO o.a.j.t.JMeterThread: Stopping because end time detected by thread: TCC products 1-7
2026-09-10 01:01:05,833 INFO o.a.j.t.JMeterThread: Thread finished: TCC products 1-7
2026-09-10 01:01:05,841 INFO o.a.j.t.JMeterThread: Stopping because end time detected by thread: TCC products 1-8
2026-09-10 01:01:05,841 INFO o.a.j.t.JMeterThread: Thread finished: TCC products 1-8
2026-09-10 01:01:05,848 INFO o.a.j.t.JMeterThread: Stopping because end time detected by thread: TCC products 1-2
2026-09-10 01:01:05,848 INFO o.a.j.t.JMeterThread: Thread finished: TCC products 1-2
2026-09-10 01:01:05,848 INFO o.a.j.e.StandardJMeterEngine: Notifying test listeners of end of test
2026-09-10 01:01:05,852 INFO o.a.j.r.Summariser: summary +    748 in 00:00:06 =  127.9/s Avg:    77 Min:    72 Max:    94 Err:     0 (0.00%) Active: 0 Started: 10 Finished: 10
2026-09-10 01:01:05,852 INFO o.a.j.r.Summariser: summary =   3543 in 00:00:30 =  117.7/s Avg:    81 Min:    33 Max:   170 Err:     0 (0.00%)
