2026-09-10 01:04:40,088 INFO o.a.j.u.JMeterUtils: Setting Locale to en_EN
2026-09-10 01:04:40,105 INFO o.a.j.JMeter: Loading user properties from: /home/avituo/projects/tcc/tcc-container/.tools/apache-jmeter-5.6.3/bin/user.properties
2026-09-10 01:04:40,105 INFO o.a.j.JMeter: Loading system properties from: /home/avituo/projects/tcc/tcc-container/.tools/apache-jmeter-5.6.3/bin/system.properties
2026-09-10 01:04:40,105 INFO o.a.j.JMeter: Loading additional properties from: /home/avituo/projects/tcc/tcc-container/benchmark/jmeter/benchmark.properties
2026-09-10 01:04:40,106 INFO o.a.j.JMeter: Loading additional properties from: /tmp/tcc-benchmark-auth.KQ3iP0/auth.properties
2026-09-10 01:04:40,106 INFO o.a.j.JMeter: Loading additional properties from: /home/avituo/projects/tcc/tcc-container/benchmark/results/laravel-13.20.0/final/products/c10/r2/monolith/thread-counters.properties
2026-09-10 01:04:40,106 INFO o.a.j.JMeter: Setting JMeter property: threads=10
2026-09-10 01:04:40,106 INFO o.a.j.JMeter: Setting JMeter property: duration_seconds=120
2026-09-10 01:04:40,106 INFO o.a.j.JMeter: Setting JMeter property: target_host=localhost
2026-09-10 01:04:40,106 INFO o.a.j.JMeter: Setting JMeter property: target_port=18000
2026-09-10 01:04:40,106 INFO o.a.j.JMeter: Setting JMeter property: tcc.order.id=1
2026-09-10 01:04:40,106 INFO o.a.j.JMeter: Setting JMeter property: repetition=2
2026-09-10 01:04:40,112 INFO o.a.j.JMeter: Copyright (c) 1998-2024 The Apache Software Foundation
2026-09-10 01:04:40,112 INFO o.a.j.JMeter: Version 5.6.3
2026-09-10 01:04:40,112 INFO o.a.j.JMeter: java.version=21.0.11
2026-09-10 01:04:40,112 INFO o.a.j.JMeter: java.vm.name=OpenJDK 64-Bit Server VM
2026-09-10 01:04:40,113 INFO o.a.j.JMeter: os.name=Linux
2026-09-10 01:04:40,113 INFO o.a.j.JMeter: os.arch=amd64
2026-09-10 01:04:40,113 INFO o.a.j.JMeter: os.version=7.0.11-76070011-generic
2026-09-10 01:04:40,113 INFO o.a.j.JMeter: file.encoding=UTF-8
2026-09-10 01:04:40,113 INFO o.a.j.JMeter: java.awt.headless=true
2026-09-10 01:04:40,113 INFO o.a.j.JMeter: Max memory     =1073741824
2026-09-10 01:04:40,113 INFO o.a.j.JMeter: Available Processors =16
2026-09-10 01:04:40,121 INFO o.a.j.JMeter: Default Locale=English (EN)
2026-09-10 01:04:40,121 INFO o.a.j.JMeter: JMeter  Locale=English (EN)
2026-09-10 01:04:40,122 INFO o.a.j.JMeter: JMeterHome=/home/avituo/projects/tcc/tcc-container/.tools/apache-jmeter-5.6.3
2026-09-10 01:04:40,122 INFO o.a.j.JMeter: user.dir  =/home/avituo/projects/tcc/tcc-container
2026-09-10 01:04:40,122 INFO o.a.j.JMeter: PWD       =/home/avituo/projects/tcc/tcc-container
2026-09-10 01:04:40,134 INFO o.a.j.JMeter: IP: 192.168.1.16 Name: pop-os FullName: pop-os.home
2026-09-10 01:04:40,145 INFO o.a.j.s.FileServer: Default base='/home/avituo/projects/tcc/tcc-container'
2026-09-10 01:04:40,148 INFO o.a.j.s.FileServer: Set new base='/home/avituo/projects/tcc/tcc-container/benchmark/jmeter'
2026-09-10 01:04:40,323 INFO o.a.j.s.SaveService: Testplan (JMX) version: 2.2. Testlog (JTL) version: 2.2
2026-09-10 01:04:40,352 INFO o.a.j.s.SaveService: Using SaveService properties version 5.0
2026-09-10 01:04:40,355 INFO o.a.j.s.SaveService: Using SaveService properties file encoding UTF-8
2026-09-10 01:04:40,359 INFO o.a.j.s.SaveService: Loading file: /home/avituo/projects/tcc/tcc-container/benchmark/jmeter/tcc-products-v1.jmx
2026-09-10 01:04:40,411 INFO o.a.j.p.h.s.HTTPSamplerBase: Parser for text/html is org.apache.jmeter.protocol.http.parser.LagartoBasedHtmlParser
2026-09-10 01:04:40,412 INFO o.a.j.p.h.s.HTTPSamplerBase: Parser for application/xhtml+xml is org.apache.jmeter.protocol.http.parser.LagartoBasedHtmlParser
2026-09-10 01:04:40,412 INFO o.a.j.p.h.s.HTTPSamplerBase: Parser for application/xml is org.apache.jmeter.protocol.http.parser.LagartoBasedHtmlParser
2026-09-10 01:04:40,412 INFO o.a.j.p.h.s.HTTPSamplerBase: Parser for text/xml is org.apache.jmeter.protocol.http.parser.LagartoBasedHtmlParser
2026-09-10 01:04:40,412 INFO o.a.j.p.h.s.HTTPSamplerBase: Parser for text/vnd.wap.wml is org.apache.jmeter.protocol.http.parser.RegexpHTMLParser
2026-09-10 01:04:40,412 INFO o.a.j.p.h.s.HTTPSamplerBase: Parser for text/css is org.apache.jmeter.protocol.http.parser.CssParser
2026-09-10 01:04:40,445 INFO o.a.j.JMeter: Creating summariser <summary>
2026-09-10 01:04:40,464 INFO o.a.j.e.StandardJMeterEngine: Running the test!
2026-09-10 01:04:40,465 INFO o.a.j.s.SampleEvent: List of sample_variables: []
2026-09-10 01:04:40,465 INFO o.a.j.s.SampleEvent: List of sample_variables: []
2026-09-10 01:04:40,469 INFO o.a.j.e.u.CompoundVariable: Note: Function class names must contain the string: '.functions.'
2026-09-10 01:04:40,469 INFO o.a.j.e.u.CompoundVariable: Note: Function class names must not contain the string: '.gui.'
2026-09-10 01:04:40,699 INFO o.a.j.JMeter: Running test (1789013080699)
2026-09-10 01:04:40,720 INFO o.a.j.e.StandardJMeterEngine: Starting ThreadGroup: 1 : TCC products
2026-09-10 01:04:40,720 INFO o.a.j.e.StandardJMeterEngine: Starting 10 threads for group TCC products.
2026-09-10 01:04:40,720 INFO o.a.j.e.StandardJMeterEngine: Thread will continue on error
2026-09-10 01:04:40,720 INFO o.a.j.t.ThreadGroup: Starting thread group... number=1 threads=10 ramp-up=0 delayedStart=false
2026-09-10 01:04:40,727 INFO o.a.j.t.JMeterThread: Thread started: TCC products 1-4
2026-09-10 01:04:40,727 INFO o.a.j.t.JMeterThread: Thread started: TCC products 1-3
2026-09-10 01:04:40,727 INFO o.a.j.t.JMeterThread: Thread started: TCC products 1-5
2026-09-10 01:04:40,727 INFO o.a.j.t.JMeterThread: Thread started: TCC products 1-1
2026-09-10 01:04:40,727 INFO o.a.j.t.JMeterThread: Thread started: TCC products 1-2
2026-09-10 01:04:40,728 INFO o.a.j.t.JMeterThread: Thread started: TCC products 1-6
2026-09-10 01:04:40,728 INFO o.a.j.t.JMeterThread: Thread started: TCC products 1-7
2026-09-10 01:04:40,729 INFO o.a.j.t.JMeterThread: Thread started: TCC products 1-8
2026-09-10 01:04:40,729 INFO o.a.j.t.JMeterThread: Thread started: TCC products 1-9
2026-09-10 01:04:40,730 INFO o.a.j.t.ThreadGroup: Started thread group number 1
2026-09-10 01:04:40,730 INFO o.a.j.e.StandardJMeterEngine: All thread groups have been started
2026-09-10 01:04:40,730 INFO o.a.j.t.JMeterThread: Thread started: TCC products 1-10
2026-09-10 01:04:40,743 INFO o.a.j.p.h.s.HTTPHCAbstractImpl: Local host = pop-os
2026-09-10 01:04:40,748 INFO o.a.j.p.h.s.HTTPHC4Impl: HTTP request retry count = 0
2026-09-10 01:04:40,749 INFO o.a.j.s.SampleResult: Note: Sample TimeStamps are START times
2026-09-10 01:04:40,749 INFO o.a.j.s.SampleResult: sampleresult.default.encoding is set to UTF-8
2026-09-10 01:04:40,750 INFO o.a.j.s.SampleResult: sampleresult.useNanoTime=true
2026-09-10 01:04:40,750 INFO o.a.j.s.SampleResult: sampleresult.nanoThreadSleep=5000
2026-09-10 01:05:00,021 INFO o.a.j.r.Summariser: summary +   1653 in 00:00:19 =   85.6/s Avg:   110 Min:    14 Max:   223 Err:     0 (0.00%) Active: 10 Started: 10 Finished: 0
2026-09-10 01:05:30,008 INFO o.a.j.r.Summariser: summary +   2715 in 00:00:30 =   90.5/s Avg:   109 Min:    99 Max:   141 Err:     0 (0.00%) Active: 10 Started: 10 Finished: 0
2026-09-10 01:05:30,009 INFO o.a.j.r.Summariser: summary =   4368 in 00:00:49 =   88.6/s Avg:   110 Min:    14 Max:   223 Err:     0 (0.00%)
2026-09-10 01:06:00,011 INFO o.a.j.r.Summariser: summary +   2700 in 00:00:30 =   90.0/s Avg:   110 Min:   101 Max:   171 Err:     0 (0.00%) Active: 10 Started: 10 Finished: 0
2026-09-10 01:06:00,011 INFO o.a.j.r.Summariser: summary =   7068 in 00:01:19 =   89.1/s Avg:   110 Min:    14 Max:   223 Err:     0 (0.00%)
2026-09-10 01:06:30,001 INFO o.a.j.r.Summariser: summary +   2719 in 00:00:30 =   90.7/s Avg:   109 Min:   100 Max:   139 Err:     0 (0.00%) Active: 10 Started: 10 Finished: 0
2026-09-10 01:06:30,001 INFO o.a.j.r.Summariser: summary =   9787 in 00:01:49 =   89.5/s Avg:   110 Min:    14 Max:   223 Err:     0 (0.00%)
2026-09-10 01:06:40,733 INFO o.a.j.t.JMeterThread: Stopping because end time detected by thread: TCC products 1-7
2026-09-10 01:06:40,733 INFO o.a.j.t.JMeterThread: Thread finished: TCC products 1-7
2026-09-10 01:06:40,744 INFO o.a.j.t.JMeterThread: Stopping because end time detected by thread: TCC products 1-5
2026-09-10 01:06:40,745 INFO o.a.j.t.JMeterThread: Thread finished: TCC products 1-5
2026-09-10 01:06:40,757 INFO o.a.j.t.JMeterThread: Stopping because end time detected by thread: TCC products 1-3
2026-09-10 01:06:40,757 INFO o.a.j.t.JMeterThread: Thread finished: TCC products 1-3
2026-09-10 01:06:40,767 INFO o.a.j.t.JMeterThread: Stopping because end time detected by thread: TCC products 1-9
2026-09-10 01:06:40,768 INFO o.a.j.t.JMeterThread: Thread finished: TCC products 1-9
2026-09-10 01:06:40,779 INFO o.a.j.t.JMeterThread: Stopping because end time detected by thread: TCC products 1-1
2026-09-10 01:06:40,779 INFO o.a.j.t.JMeterThread: Thread finished: TCC products 1-1
2026-09-10 01:06:40,789 INFO o.a.j.t.JMeterThread: Stopping because end time detected by thread: TCC products 1-2
2026-09-10 01:06:40,790 INFO o.a.j.t.JMeterThread: Thread finished: TCC products 1-2
2026-09-10 01:06:40,800 INFO o.a.j.t.JMeterThread: Stopping because end time detected by thread: TCC products 1-8
2026-09-10 01:06:40,801 INFO o.a.j.t.JMeterThread: Thread finished: TCC products 1-8
2026-09-10 01:06:40,810 INFO o.a.j.t.JMeterThread: Stopping because end time detected by thread: TCC products 1-4
2026-09-10 01:06:40,811 INFO o.a.j.t.JMeterThread: Thread finished: TCC products 1-4
2026-09-10 01:06:40,822 INFO o.a.j.t.JMeterThread: Stopping because end time detected by thread: TCC products 1-10
2026-09-10 01:06:40,822 INFO o.a.j.t.JMeterThread: Thread finished: TCC products 1-10
2026-09-10 01:06:40,831 INFO o.a.j.t.JMeterThread: Stopping because end time detected by thread: TCC products 1-6
2026-09-10 01:06:40,832 INFO o.a.j.t.JMeterThread: Thread finished: TCC products 1-6
2026-09-10 01:06:40,832 INFO o.a.j.e.StandardJMeterEngine: Notifying test listeners of end of test
2026-09-10 01:06:40,835 INFO o.a.j.r.Summariser: summary +    993 in 00:00:11 =   91.6/s Avg:   108 Min:   102 Max:   123 Err:     0 (0.00%) Active: 0 Started: 10 Finished: 10
2026-09-10 01:06:40,835 INFO o.a.j.r.Summariser: summary =  10780 in 00:02:00 =   89.7/s Avg:   110 Min:    14 Max:   223 Err:     0 (0.00%)
