2026-09-10 01:04:05,042 INFO o.a.j.u.JMeterUtils: Setting Locale to en_EN
2026-09-10 01:04:05,058 INFO o.a.j.JMeter: Loading user properties from: /home/avituo/projects/tcc/tcc-container/.tools/apache-jmeter-5.6.3/bin/user.properties
2026-09-10 01:04:05,058 INFO o.a.j.JMeter: Loading system properties from: /home/avituo/projects/tcc/tcc-container/.tools/apache-jmeter-5.6.3/bin/system.properties
2026-09-10 01:04:05,058 INFO o.a.j.JMeter: Loading additional properties from: /home/avituo/projects/tcc/tcc-container/benchmark/jmeter/benchmark.properties
2026-09-10 01:04:05,058 INFO o.a.j.JMeter: Loading additional properties from: /tmp/tcc-benchmark-auth.KQ3iP0/auth.properties
2026-09-10 01:04:05,058 INFO o.a.j.JMeter: Setting JMeter property: threads=10
2026-09-10 01:04:05,059 INFO o.a.j.JMeter: Setting JMeter property: duration_seconds=30
2026-09-10 01:04:05,059 INFO o.a.j.JMeter: Setting JMeter property: target_host=localhost
2026-09-10 01:04:05,059 INFO o.a.j.JMeter: Setting JMeter property: target_port=18000
2026-09-10 01:04:05,059 INFO o.a.j.JMeter: Setting JMeter property: tcc.order.id=1
2026-09-10 01:04:05,059 INFO o.a.j.JMeter: Setting JMeter property: repetition=2
2026-09-10 01:04:05,064 INFO o.a.j.JMeter: Copyright (c) 1998-2024 The Apache Software Foundation
2026-09-10 01:04:05,065 INFO o.a.j.JMeter: Version 5.6.3
2026-09-10 01:04:05,065 INFO o.a.j.JMeter: java.version=21.0.11
2026-09-10 01:04:05,065 INFO o.a.j.JMeter: java.vm.name=OpenJDK 64-Bit Server VM
2026-09-10 01:04:05,065 INFO o.a.j.JMeter: os.name=Linux
2026-09-10 01:04:05,065 INFO o.a.j.JMeter: os.arch=amd64
2026-09-10 01:04:05,065 INFO o.a.j.JMeter: os.version=7.0.11-76070011-generic
2026-09-10 01:04:05,065 INFO o.a.j.JMeter: file.encoding=UTF-8
2026-09-10 01:04:05,065 INFO o.a.j.JMeter: java.awt.headless=true
2026-09-10 01:04:05,065 INFO o.a.j.JMeter: Max memory     =1073741824
2026-09-10 01:04:05,065 INFO o.a.j.JMeter: Available Processors =16
2026-09-10 01:04:05,074 INFO o.a.j.JMeter: Default Locale=English (EN)
2026-09-10 01:04:05,074 INFO o.a.j.JMeter: JMeter  Locale=English (EN)
2026-09-10 01:04:05,074 INFO o.a.j.JMeter: JMeterHome=/home/avituo/projects/tcc/tcc-container/.tools/apache-jmeter-5.6.3
2026-09-10 01:04:05,074 INFO o.a.j.JMeter: user.dir  =/home/avituo/projects/tcc/tcc-container
2026-09-10 01:04:05,074 INFO o.a.j.JMeter: PWD       =/home/avituo/projects/tcc/tcc-container
2026-09-10 01:04:05,085 INFO o.a.j.JMeter: IP: 192.168.1.16 Name: pop-os FullName: pop-os.home
2026-09-10 01:04:05,097 INFO o.a.j.s.FileServer: Default base='/home/avituo/projects/tcc/tcc-container'
2026-09-10 01:04:05,099 INFO o.a.j.s.FileServer: Set new base='/home/avituo/projects/tcc/tcc-container/benchmark/jmeter'
2026-09-10 01:04:05,258 INFO o.a.j.s.SaveService: Testplan (JMX) version: 2.2. Testlog (JTL) version: 2.2
2026-09-10 01:04:05,281 INFO o.a.j.s.SaveService: Using SaveService properties version 5.0
2026-09-10 01:04:05,284 INFO o.a.j.s.SaveService: Using SaveService properties file encoding UTF-8
2026-09-10 01:04:05,287 INFO o.a.j.s.SaveService: Loading file: /home/avituo/projects/tcc/tcc-container/benchmark/jmeter/tcc-products-v1.jmx
2026-09-10 01:04:05,336 INFO o.a.j.p.h.s.HTTPSamplerBase: Parser for text/html is org.apache.jmeter.protocol.http.parser.LagartoBasedHtmlParser
2026-09-10 01:04:05,336 INFO o.a.j.p.h.s.HTTPSamplerBase: Parser for application/xhtml+xml is org.apache.jmeter.protocol.http.parser.LagartoBasedHtmlParser
2026-09-10 01:04:05,336 INFO o.a.j.p.h.s.HTTPSamplerBase: Parser for application/xml is org.apache.jmeter.protocol.http.parser.LagartoBasedHtmlParser
2026-09-10 01:04:05,336 INFO o.a.j.p.h.s.HTTPSamplerBase: Parser for text/xml is org.apache.jmeter.protocol.http.parser.LagartoBasedHtmlParser
2026-09-10 01:04:05,336 INFO o.a.j.p.h.s.HTTPSamplerBase: Parser for text/vnd.wap.wml is org.apache.jmeter.protocol.http.parser.RegexpHTMLParser
2026-09-10 01:04:05,336 INFO o.a.j.p.h.s.HTTPSamplerBase: Parser for text/css is org.apache.jmeter.protocol.http.parser.CssParser
2026-09-10 01:04:05,363 INFO o.a.j.JMeter: Creating summariser <summary>
2026-09-10 01:04:05,380 INFO o.a.j.e.StandardJMeterEngine: Running the test!
2026-09-10 01:04:05,381 INFO o.a.j.s.SampleEvent: List of sample_variables: []
2026-09-10 01:04:05,381 INFO o.a.j.s.SampleEvent: List of sample_variables: []
2026-09-10 01:04:05,386 INFO o.a.j.e.u.CompoundVariable: Note: Function class names must contain the string: '.functions.'
2026-09-10 01:04:05,386 INFO o.a.j.e.u.CompoundVariable: Note: Function class names must not contain the string: '.gui.'
2026-09-10 01:04:05,635 INFO o.a.j.JMeter: Running test (1789013045635)
2026-09-10 01:04:05,655 INFO o.a.j.e.StandardJMeterEngine: Starting ThreadGroup: 1 : TCC products
2026-09-10 01:04:05,656 INFO o.a.j.e.StandardJMeterEngine: Starting 10 threads for group TCC products.
2026-09-10 01:04:05,656 INFO o.a.j.e.StandardJMeterEngine: Thread will continue on error
2026-09-10 01:04:05,656 INFO o.a.j.t.ThreadGroup: Starting thread group... number=1 threads=10 ramp-up=0 delayedStart=false
2026-09-10 01:04:05,662 INFO o.a.j.t.JMeterThread: Thread started: TCC products 1-1
2026-09-10 01:04:05,662 INFO o.a.j.t.JMeterThread: Thread started: TCC products 1-2
2026-09-10 01:04:05,662 INFO o.a.j.t.JMeterThread: Thread started: TCC products 1-5
2026-09-10 01:04:05,662 INFO o.a.j.t.JMeterThread: Thread started: TCC products 1-3
2026-09-10 01:04:05,662 INFO o.a.j.t.JMeterThread: Thread started: TCC products 1-4
2026-09-10 01:04:05,663 INFO o.a.j.t.JMeterThread: Thread started: TCC products 1-6
2026-09-10 01:04:05,664 INFO o.a.j.t.JMeterThread: Thread started: TCC products 1-7
2026-09-10 01:04:05,665 INFO o.a.j.t.JMeterThread: Thread started: TCC products 1-8
2026-09-10 01:04:05,665 INFO o.a.j.t.JMeterThread: Thread started: TCC products 1-9
2026-09-10 01:04:05,665 INFO o.a.j.t.ThreadGroup: Started thread group number 1
2026-09-10 01:04:05,666 INFO o.a.j.e.StandardJMeterEngine: All thread groups have been started
2026-09-10 01:04:05,666 INFO o.a.j.t.JMeterThread: Thread started: TCC products 1-10
2026-09-10 01:04:05,678 INFO o.a.j.p.h.s.HTTPHCAbstractImpl: Local host = pop-os
2026-09-10 01:04:05,684 INFO o.a.j.p.h.s.HTTPHC4Impl: HTTP request retry count = 0
2026-09-10 01:04:05,685 INFO o.a.j.s.SampleResult: Note: Sample TimeStamps are START times
2026-09-10 01:04:05,685 INFO o.a.j.s.SampleResult: sampleresult.default.encoding is set to UTF-8
2026-09-10 01:04:05,685 INFO o.a.j.s.SampleResult: sampleresult.useNanoTime=true
2026-09-10 01:04:05,685 INFO o.a.j.s.SampleResult: sampleresult.nanoThreadSleep=5000
2026-09-10 01:04:30,014 INFO o.a.j.r.Summariser: summary +   2104 in 00:00:24 =   86.3/s Avg:   110 Min:    22 Max:   216 Err:     0 (0.00%) Active: 10 Started: 10 Finished: 0
2026-09-10 01:04:35,672 INFO o.a.j.t.JMeterThread: Stopping because end time detected by thread: TCC products 1-10
2026-09-10 01:04:35,673 INFO o.a.j.t.JMeterThread: Thread finished: TCC products 1-10
2026-09-10 01:04:35,683 INFO o.a.j.t.JMeterThread: Stopping because end time detected by thread: TCC products 1-1
2026-09-10 01:04:35,683 INFO o.a.j.t.JMeterThread: Thread finished: TCC products 1-1
2026-09-10 01:04:35,693 INFO o.a.j.t.JMeterThread: Stopping because end time detected by thread: TCC products 1-4
2026-09-10 01:04:35,693 INFO o.a.j.t.JMeterThread: Thread finished: TCC products 1-4
2026-09-10 01:04:35,703 INFO o.a.j.t.JMeterThread: Stopping because end time detected by thread: TCC products 1-6
2026-09-10 01:04:35,703 INFO o.a.j.t.JMeterThread: Thread finished: TCC products 1-6
2026-09-10 01:04:35,713 INFO o.a.j.t.JMeterThread: Stopping because end time detected by thread: TCC products 1-7
2026-09-10 01:04:35,714 INFO o.a.j.t.JMeterThread: Thread finished: TCC products 1-7
2026-09-10 01:04:35,724 INFO o.a.j.t.JMeterThread: Stopping because end time detected by thread: TCC products 1-3
2026-09-10 01:04:35,724 INFO o.a.j.t.JMeterThread: Thread finished: TCC products 1-3
2026-09-10 01:04:35,734 INFO o.a.j.t.JMeterThread: Stopping because end time detected by thread: TCC products 1-8
2026-09-10 01:04:35,734 INFO o.a.j.t.JMeterThread: Thread finished: TCC products 1-8
2026-09-10 01:04:35,744 INFO o.a.j.t.JMeterThread: Stopping because end time detected by thread: TCC products 1-2
2026-09-10 01:04:35,744 INFO o.a.j.t.JMeterThread: Thread finished: TCC products 1-2
2026-09-10 01:04:35,755 INFO o.a.j.t.JMeterThread: Stopping because end time detected by thread: TCC products 1-5
2026-09-10 01:04:35,755 INFO o.a.j.t.JMeterThread: Thread finished: TCC products 1-5
2026-09-10 01:04:35,765 INFO o.a.j.t.JMeterThread: Stopping because end time detected by thread: TCC products 1-9
2026-09-10 01:04:35,766 INFO o.a.j.t.JMeterThread: Thread finished: TCC products 1-9
2026-09-10 01:04:35,766 INFO o.a.j.e.StandardJMeterEngine: Notifying test listeners of end of test
2026-09-10 01:04:35,769 INFO o.a.j.r.Summariser: summary +    521 in 00:00:06 =   90.5/s Avg:   109 Min:   102 Max:   124 Err:     0 (0.00%) Active: 0 Started: 10 Finished: 10
2026-09-10 01:04:35,769 INFO o.a.j.r.Summariser: summary =   2625 in 00:00:30 =   87.1/s Avg:   110 Min:    22 Max:   216 Err:     0 (0.00%)
