2026-09-10 08:29:47,832 INFO o.a.j.u.JMeterUtils: Setting Locale to en_EN
2026-09-10 08:29:47,848 INFO o.a.j.JMeter: Loading user properties from: /home/avituo/projects/tcc/tcc-container/.tools/apache-jmeter-5.6.3/bin/user.properties
2026-09-10 08:29:47,849 INFO o.a.j.JMeter: Loading system properties from: /home/avituo/projects/tcc/tcc-container/.tools/apache-jmeter-5.6.3/bin/system.properties
2026-09-10 08:29:47,849 INFO o.a.j.JMeter: Loading additional properties from: /home/avituo/projects/tcc/tcc-container/benchmark/jmeter/benchmark.properties
2026-09-10 08:29:47,849 INFO o.a.j.JMeter: Loading additional properties from: /tmp/tcc-benchmark-auth.J09wBt/auth.properties
2026-09-10 08:29:47,849 INFO o.a.j.JMeter: Loading additional properties from: /home/avituo/projects/tcc/tcc-container/benchmark/results/laravel-13.20.0/final/order-create/c10/r4/monolith/thread-counters.properties
2026-09-10 08:29:47,849 INFO o.a.j.JMeter: Setting JMeter property: threads=10
2026-09-10 08:29:47,849 INFO o.a.j.JMeter: Setting JMeter property: duration_seconds=120
2026-09-10 08:29:47,849 INFO o.a.j.JMeter: Setting JMeter property: target_host=localhost
2026-09-10 08:29:47,849 INFO o.a.j.JMeter: Setting JMeter property: target_port=18000
2026-09-10 08:29:47,849 INFO o.a.j.JMeter: Setting JMeter property: tcc.order.id=1
2026-09-10 08:29:47,849 INFO o.a.j.JMeter: Setting JMeter property: repetition=4
2026-09-10 08:29:47,856 INFO o.a.j.JMeter: Copyright (c) 1998-2024 The Apache Software Foundation
2026-09-10 08:29:47,856 INFO o.a.j.JMeter: Version 5.6.3
2026-09-10 08:29:47,856 INFO o.a.j.JMeter: java.version=21.0.11
2026-09-10 08:29:47,856 INFO o.a.j.JMeter: java.vm.name=OpenJDK 64-Bit Server VM
2026-09-10 08:29:47,856 INFO o.a.j.JMeter: os.name=Linux
2026-09-10 08:29:47,856 INFO o.a.j.JMeter: os.arch=amd64
2026-09-10 08:29:47,856 INFO o.a.j.JMeter: os.version=7.0.11-76070011-generic
2026-09-10 08:29:47,856 INFO o.a.j.JMeter: file.encoding=UTF-8
2026-09-10 08:29:47,856 INFO o.a.j.JMeter: java.awt.headless=true
2026-09-10 08:29:47,856 INFO o.a.j.JMeter: Max memory     =1073741824
2026-09-10 08:29:47,857 INFO o.a.j.JMeter: Available Processors =16
2026-09-10 08:29:47,865 INFO o.a.j.JMeter: Default Locale=English (EN)
2026-09-10 08:29:47,865 INFO o.a.j.JMeter: JMeter  Locale=English (EN)
2026-09-10 08:29:47,865 INFO o.a.j.JMeter: JMeterHome=/home/avituo/projects/tcc/tcc-container/.tools/apache-jmeter-5.6.3
2026-09-10 08:29:47,866 INFO o.a.j.JMeter: user.dir  =/home/avituo/projects/tcc/tcc-container
2026-09-10 08:29:47,866 INFO o.a.j.JMeter: PWD       =/home/avituo/projects/tcc/tcc-container
2026-09-10 08:29:47,873 INFO o.a.j.JMeter: IP: 192.168.1.16 Name: pop-os FullName: pop-os.home
2026-09-10 08:29:47,885 INFO o.a.j.s.FileServer: Default base='/home/avituo/projects/tcc/tcc-container'
2026-09-10 08:29:47,887 INFO o.a.j.s.FileServer: Set new base='/home/avituo/projects/tcc/tcc-container/benchmark/jmeter'
2026-09-10 08:29:48,064 INFO o.a.j.s.SaveService: Testplan (JMX) version: 2.2. Testlog (JTL) version: 2.2
2026-09-10 08:29:48,089 INFO o.a.j.s.SaveService: Using SaveService properties version 5.0
2026-09-10 08:29:48,092 INFO o.a.j.s.SaveService: Using SaveService properties file encoding UTF-8
2026-09-10 08:29:48,096 INFO o.a.j.s.SaveService: Loading file: /home/avituo/projects/tcc/tcc-container/benchmark/jmeter/tcc-order-create-v1.jmx
2026-09-10 08:29:48,145 INFO o.a.j.p.h.s.HTTPSamplerBase: Parser for text/html is org.apache.jmeter.protocol.http.parser.LagartoBasedHtmlParser
2026-09-10 08:29:48,145 INFO o.a.j.p.h.s.HTTPSamplerBase: Parser for application/xhtml+xml is org.apache.jmeter.protocol.http.parser.LagartoBasedHtmlParser
2026-09-10 08:29:48,145 INFO o.a.j.p.h.s.HTTPSamplerBase: Parser for application/xml is org.apache.jmeter.protocol.http.parser.LagartoBasedHtmlParser
2026-09-10 08:29:48,146 INFO o.a.j.p.h.s.HTTPSamplerBase: Parser for text/xml is org.apache.jmeter.protocol.http.parser.LagartoBasedHtmlParser
2026-09-10 08:29:48,146 INFO o.a.j.p.h.s.HTTPSamplerBase: Parser for text/vnd.wap.wml is org.apache.jmeter.protocol.http.parser.RegexpHTMLParser
2026-09-10 08:29:48,146 INFO o.a.j.p.h.s.HTTPSamplerBase: Parser for text/css is org.apache.jmeter.protocol.http.parser.CssParser
2026-09-10 08:29:48,181 INFO o.a.j.JMeter: Creating summariser <summary>
2026-09-10 08:29:48,200 INFO o.a.j.e.StandardJMeterEngine: Running the test!
2026-09-10 08:29:48,201 INFO o.a.j.s.SampleEvent: List of sample_variables: []
2026-09-10 08:29:48,201 INFO o.a.j.s.SampleEvent: List of sample_variables: []
2026-09-10 08:29:48,205 INFO o.a.j.e.u.CompoundVariable: Note: Function class names must contain the string: '.functions.'
2026-09-10 08:29:48,206 INFO o.a.j.e.u.CompoundVariable: Note: Function class names must not contain the string: '.gui.'
2026-09-10 08:29:48,461 INFO o.a.j.JMeter: Running test (1789039788460)
2026-09-10 08:29:48,480 INFO o.a.j.e.StandardJMeterEngine: Starting ThreadGroup: 1 : TCC order-create
2026-09-10 08:29:48,481 INFO o.a.j.e.StandardJMeterEngine: Starting 10 threads for group TCC order-create.
2026-09-10 08:29:48,481 INFO o.a.j.e.StandardJMeterEngine: Thread will continue on error
2026-09-10 08:29:48,481 INFO o.a.j.t.ThreadGroup: Starting thread group... number=1 threads=10 ramp-up=0 delayedStart=false
2026-09-10 08:29:48,488 INFO o.a.j.t.JMeterThread: Thread started: TCC order-create 1-2
2026-09-10 08:29:48,488 INFO o.a.j.t.JMeterThread: Thread started: TCC order-create 1-4
2026-09-10 08:29:48,488 INFO o.a.j.t.JMeterThread: Thread started: TCC order-create 1-3
2026-09-10 08:29:48,488 INFO o.a.j.t.JMeterThread: Thread started: TCC order-create 1-1
2026-09-10 08:29:48,489 INFO o.a.j.t.JMeterThread: Thread started: TCC order-create 1-5
2026-09-10 08:29:48,489 INFO o.a.j.t.JMeterThread: Thread started: TCC order-create 1-6
2026-09-10 08:29:48,490 INFO o.a.j.t.JMeterThread: Thread started: TCC order-create 1-7
2026-09-10 08:29:48,490 INFO o.a.j.t.JMeterThread: Thread started: TCC order-create 1-8
2026-09-10 08:29:48,491 INFO o.a.j.t.JMeterThread: Thread started: TCC order-create 1-9
2026-09-10 08:29:48,492 INFO o.a.j.t.ThreadGroup: Started thread group number 1
2026-09-10 08:29:48,492 INFO o.a.j.e.StandardJMeterEngine: All thread groups have been started
2026-09-10 08:29:48,492 INFO o.a.j.t.JMeterThread: Thread started: TCC order-create 1-10
2026-09-10 08:29:49,293 INFO o.a.j.p.h.s.HTTPHCAbstractImpl: Local host = pop-os
2026-09-10 08:29:49,300 INFO o.a.j.p.h.s.HTTPHC4Impl: HTTP request retry count = 0
2026-09-10 08:29:49,301 INFO o.a.j.s.SampleResult: Note: Sample TimeStamps are START times
2026-09-10 08:29:49,301 INFO o.a.j.s.SampleResult: sampleresult.default.encoding is set to UTF-8
2026-09-10 08:29:49,301 INFO o.a.j.s.SampleResult: sampleresult.useNanoTime=true
2026-09-10 08:29:49,302 INFO o.a.j.s.SampleResult: sampleresult.nanoThreadSleep=5000
2026-09-10 08:30:00,024 INFO o.a.j.r.Summariser: summary +    374 in 00:00:12 =   32.3/s Avg:   278 Min:    77 Max:   479 Err:     0 (0.00%) Active: 10 Started: 10 Finished: 0
2026-09-10 08:30:30,016 INFO o.a.j.r.Summariser: summary +   1138 in 00:00:30 =   37.9/s Avg:   262 Min:   240 Max:   353 Err:     0 (0.00%) Active: 10 Started: 10 Finished: 0
2026-09-10 08:30:30,016 INFO o.a.j.r.Summariser: summary =   1512 in 00:00:42 =   36.4/s Avg:   266 Min:    77 Max:   479 Err:     0 (0.00%)
2026-09-10 08:31:00,030 INFO o.a.j.r.Summariser: summary +   1109 in 00:00:30 =   37.0/s Avg:   269 Min:   241 Max:   560 Err:     0 (0.00%) Active: 10 Started: 10 Finished: 0
2026-09-10 08:31:00,030 INFO o.a.j.r.Summariser: summary =   2621 in 00:01:12 =   36.6/s Avg:   267 Min:    77 Max:   560 Err:     0 (0.00%)
2026-09-10 08:31:30,021 INFO o.a.j.r.Summariser: summary +   1166 in 00:00:30 =   38.9/s Avg:   256 Min:   233 Max:   313 Err:     0 (0.00%) Active: 10 Started: 10 Finished: 0
2026-09-10 08:31:30,021 INFO o.a.j.r.Summariser: summary =   3787 in 00:01:42 =   37.3/s Avg:   264 Min:    77 Max:   560 Err:     0 (0.00%)
2026-09-10 08:31:48,485 INFO o.a.j.t.JMeterThread: Stopping because end time detected by thread: TCC order-create 1-3
2026-09-10 08:31:48,485 INFO o.a.j.t.JMeterThread: Thread finished: TCC order-create 1-3
2026-09-10 08:31:48,513 INFO o.a.j.t.JMeterThread: Stopping because end time detected by thread: TCC order-create 1-6
2026-09-10 08:31:48,514 INFO o.a.j.t.JMeterThread: Thread finished: TCC order-create 1-6
2026-09-10 08:31:48,537 INFO o.a.j.t.JMeterThread: Stopping because end time detected by thread: TCC order-create 1-8
2026-09-10 08:31:48,538 INFO o.a.j.t.JMeterThread: Thread finished: TCC order-create 1-8
2026-09-10 08:31:48,564 INFO o.a.j.t.JMeterThread: Stopping because end time detected by thread: TCC order-create 1-7
2026-09-10 08:31:48,565 INFO o.a.j.t.JMeterThread: Thread finished: TCC order-create 1-7
2026-09-10 08:31:48,590 INFO o.a.j.t.JMeterThread: Stopping because end time detected by thread: TCC order-create 1-9
2026-09-10 08:31:48,591 INFO o.a.j.t.JMeterThread: Thread finished: TCC order-create 1-9
2026-09-10 08:31:48,617 INFO o.a.j.t.JMeterThread: Stopping because end time detected by thread: TCC order-create 1-2
2026-09-10 08:31:48,617 INFO o.a.j.t.JMeterThread: Thread finished: TCC order-create 1-2
2026-09-10 08:31:48,644 INFO o.a.j.t.JMeterThread: Stopping because end time detected by thread: TCC order-create 1-10
2026-09-10 08:31:48,644 INFO o.a.j.t.JMeterThread: Thread finished: TCC order-create 1-10
2026-09-10 08:31:48,674 INFO o.a.j.t.JMeterThread: Stopping because end time detected by thread: TCC order-create 1-1
2026-09-10 08:31:48,674 INFO o.a.j.t.JMeterThread: Thread finished: TCC order-create 1-1
2026-09-10 08:31:48,700 INFO o.a.j.t.JMeterThread: Stopping because end time detected by thread: TCC order-create 1-4
2026-09-10 08:31:48,700 INFO o.a.j.t.JMeterThread: Thread finished: TCC order-create 1-4
2026-09-10 08:31:48,726 INFO o.a.j.t.JMeterThread: Stopping because end time detected by thread: TCC order-create 1-5
2026-09-10 08:31:48,726 INFO o.a.j.t.JMeterThread: Thread finished: TCC order-create 1-5
2026-09-10 08:31:48,726 INFO o.a.j.e.StandardJMeterEngine: Notifying test listeners of end of test
2026-09-10 08:31:48,728 INFO o.a.j.r.Summariser: summary +    685 in 00:00:19 =   36.6/s Avg:   272 Min:   240 Max:   826 Err:     0 (0.00%) Active: 0 Started: 10 Finished: 10
2026-09-10 08:31:48,729 INFO o.a.j.r.Summariser: summary =   4472 in 00:02:00 =   37.2/s Avg:   265 Min:    77 Max:   826 Err:     0 (0.00%)
