2026-09-10 08:29:12,613 INFO o.a.j.u.JMeterUtils: Setting Locale to en_EN
2026-09-10 08:29:12,631 INFO o.a.j.JMeter: Loading user properties from: /home/avituo/projects/tcc/tcc-container/.tools/apache-jmeter-5.6.3/bin/user.properties
2026-09-10 08:29:12,631 INFO o.a.j.JMeter: Loading system properties from: /home/avituo/projects/tcc/tcc-container/.tools/apache-jmeter-5.6.3/bin/system.properties
2026-09-10 08:29:12,631 INFO o.a.j.JMeter: Loading additional properties from: /home/avituo/projects/tcc/tcc-container/benchmark/jmeter/benchmark.properties
2026-09-10 08:29:12,631 INFO o.a.j.JMeter: Loading additional properties from: /tmp/tcc-benchmark-auth.J09wBt/auth.properties
2026-09-10 08:29:12,631 INFO o.a.j.JMeter: Setting JMeter property: threads=10
2026-09-10 08:29:12,632 INFO o.a.j.JMeter: Setting JMeter property: duration_seconds=30
2026-09-10 08:29:12,632 INFO o.a.j.JMeter: Setting JMeter property: target_host=localhost
2026-09-10 08:29:12,632 INFO o.a.j.JMeter: Setting JMeter property: target_port=18000
2026-09-10 08:29:12,632 INFO o.a.j.JMeter: Setting JMeter property: tcc.order.id=1
2026-09-10 08:29:12,632 INFO o.a.j.JMeter: Setting JMeter property: repetition=4
2026-09-10 08:29:12,638 INFO o.a.j.JMeter: Copyright (c) 1998-2024 The Apache Software Foundation
2026-09-10 08:29:12,638 INFO o.a.j.JMeter: Version 5.6.3
2026-09-10 08:29:12,638 INFO o.a.j.JMeter: java.version=21.0.11
2026-09-10 08:29:12,639 INFO o.a.j.JMeter: java.vm.name=OpenJDK 64-Bit Server VM
2026-09-10 08:29:12,639 INFO o.a.j.JMeter: os.name=Linux
2026-09-10 08:29:12,639 INFO o.a.j.JMeter: os.arch=amd64
2026-09-10 08:29:12,639 INFO o.a.j.JMeter: os.version=7.0.11-76070011-generic
2026-09-10 08:29:12,639 INFO o.a.j.JMeter: file.encoding=UTF-8
2026-09-10 08:29:12,639 INFO o.a.j.JMeter: java.awt.headless=true
2026-09-10 08:29:12,639 INFO o.a.j.JMeter: Max memory     =1073741824
2026-09-10 08:29:12,639 INFO o.a.j.JMeter: Available Processors =16
2026-09-10 08:29:12,648 INFO o.a.j.JMeter: Default Locale=English (EN)
2026-09-10 08:29:12,648 INFO o.a.j.JMeter: JMeter  Locale=English (EN)
2026-09-10 08:29:12,648 INFO o.a.j.JMeter: JMeterHome=/home/avituo/projects/tcc/tcc-container/.tools/apache-jmeter-5.6.3
2026-09-10 08:29:12,648 INFO o.a.j.JMeter: user.dir  =/home/avituo/projects/tcc/tcc-container
2026-09-10 08:29:12,648 INFO o.a.j.JMeter: PWD       =/home/avituo/projects/tcc/tcc-container
2026-09-10 08:29:12,656 INFO o.a.j.JMeter: IP: 192.168.1.16 Name: pop-os FullName: pop-os.home
2026-09-10 08:29:12,669 INFO o.a.j.s.FileServer: Default base='/home/avituo/projects/tcc/tcc-container'
2026-09-10 08:29:12,670 INFO o.a.j.s.FileServer: Set new base='/home/avituo/projects/tcc/tcc-container/benchmark/jmeter'
2026-09-10 08:29:12,842 INFO o.a.j.s.SaveService: Testplan (JMX) version: 2.2. Testlog (JTL) version: 2.2
2026-09-10 08:29:12,870 INFO o.a.j.s.SaveService: Using SaveService properties version 5.0
2026-09-10 08:29:12,873 INFO o.a.j.s.SaveService: Using SaveService properties file encoding UTF-8
2026-09-10 08:29:12,877 INFO o.a.j.s.SaveService: Loading file: /home/avituo/projects/tcc/tcc-container/benchmark/jmeter/tcc-order-create-v1.jmx
2026-09-10 08:29:12,928 INFO o.a.j.p.h.s.HTTPSamplerBase: Parser for text/html is org.apache.jmeter.protocol.http.parser.LagartoBasedHtmlParser
2026-09-10 08:29:12,928 INFO o.a.j.p.h.s.HTTPSamplerBase: Parser for application/xhtml+xml is org.apache.jmeter.protocol.http.parser.LagartoBasedHtmlParser
2026-09-10 08:29:12,928 INFO o.a.j.p.h.s.HTTPSamplerBase: Parser for application/xml is org.apache.jmeter.protocol.http.parser.LagartoBasedHtmlParser
2026-09-10 08:29:12,928 INFO o.a.j.p.h.s.HTTPSamplerBase: Parser for text/xml is org.apache.jmeter.protocol.http.parser.LagartoBasedHtmlParser
2026-09-10 08:29:12,929 INFO o.a.j.p.h.s.HTTPSamplerBase: Parser for text/vnd.wap.wml is org.apache.jmeter.protocol.http.parser.RegexpHTMLParser
2026-09-10 08:29:12,929 INFO o.a.j.p.h.s.HTTPSamplerBase: Parser for text/css is org.apache.jmeter.protocol.http.parser.CssParser
2026-09-10 08:29:12,963 INFO o.a.j.JMeter: Creating summariser <summary>
2026-09-10 08:29:12,984 INFO o.a.j.e.StandardJMeterEngine: Running the test!
2026-09-10 08:29:12,985 INFO o.a.j.s.SampleEvent: List of sample_variables: []
2026-09-10 08:29:12,985 INFO o.a.j.s.SampleEvent: List of sample_variables: []
2026-09-10 08:29:12,992 INFO o.a.j.e.u.CompoundVariable: Note: Function class names must contain the string: '.functions.'
2026-09-10 08:29:12,992 INFO o.a.j.e.u.CompoundVariable: Note: Function class names must not contain the string: '.gui.'
2026-09-10 08:29:13,236 INFO o.a.j.JMeter: Running test (1789039753236)
2026-09-10 08:29:13,255 INFO o.a.j.e.StandardJMeterEngine: Starting ThreadGroup: 1 : TCC order-create
2026-09-10 08:29:13,255 INFO o.a.j.e.StandardJMeterEngine: Starting 10 threads for group TCC order-create.
2026-09-10 08:29:13,255 INFO o.a.j.e.StandardJMeterEngine: Thread will continue on error
2026-09-10 08:29:13,255 INFO o.a.j.t.ThreadGroup: Starting thread group... number=1 threads=10 ramp-up=0 delayedStart=false
2026-09-10 08:29:13,261 INFO o.a.j.t.JMeterThread: Thread started: TCC order-create 1-2
2026-09-10 08:29:13,261 INFO o.a.j.t.JMeterThread: Thread started: TCC order-create 1-3
2026-09-10 08:29:13,261 INFO o.a.j.t.JMeterThread: Thread started: TCC order-create 1-1
2026-09-10 08:29:13,262 INFO o.a.j.t.JMeterThread: Thread started: TCC order-create 1-4
2026-09-10 08:29:13,263 INFO o.a.j.t.JMeterThread: Thread started: TCC order-create 1-5
2026-09-10 08:29:13,264 INFO o.a.j.t.JMeterThread: Thread started: TCC order-create 1-6
2026-09-10 08:29:13,265 INFO o.a.j.t.JMeterThread: Thread started: TCC order-create 1-7
2026-09-10 08:29:13,265 INFO o.a.j.t.JMeterThread: Thread started: TCC order-create 1-8
2026-09-10 08:29:13,266 INFO o.a.j.t.JMeterThread: Thread started: TCC order-create 1-9
2026-09-10 08:29:13,266 INFO o.a.j.t.ThreadGroup: Started thread group number 1
2026-09-10 08:29:13,266 INFO o.a.j.e.StandardJMeterEngine: All thread groups have been started
2026-09-10 08:29:13,267 INFO o.a.j.t.JMeterThread: Thread started: TCC order-create 1-10
2026-09-10 08:29:13,946 INFO o.a.j.p.h.s.HTTPHCAbstractImpl: Local host = pop-os
2026-09-10 08:29:13,954 INFO o.a.j.p.h.s.HTTPHC4Impl: HTTP request retry count = 0
2026-09-10 08:29:13,956 INFO o.a.j.s.SampleResult: Note: Sample TimeStamps are START times
2026-09-10 08:29:13,956 INFO o.a.j.s.SampleResult: sampleresult.default.encoding is set to UTF-8
2026-09-10 08:29:13,956 INFO o.a.j.s.SampleResult: sampleresult.useNanoTime=true
2026-09-10 08:29:13,956 INFO o.a.j.s.SampleResult: sampleresult.nanoThreadSleep=5000
2026-09-10 08:29:30,016 INFO o.a.j.r.Summariser: summary +    593 in 00:00:17 =   35.3/s Avg:   265 Min:    99 Max:   368 Err:     0 (0.00%) Active: 10 Started: 10 Finished: 0
2026-09-10 08:29:43,268 INFO o.a.j.t.JMeterThread: Stopping because end time detected by thread: TCC order-create 1-7
2026-09-10 08:29:43,268 INFO o.a.j.t.JMeterThread: Thread finished: TCC order-create 1-7
2026-09-10 08:29:43,292 INFO o.a.j.t.JMeterThread: Stopping because end time detected by thread: TCC order-create 1-10
2026-09-10 08:29:43,292 INFO o.a.j.t.JMeterThread: Thread finished: TCC order-create 1-10
2026-09-10 08:29:43,316 INFO o.a.j.t.JMeterThread: Stopping because end time detected by thread: TCC order-create 1-3
2026-09-10 08:29:43,316 INFO o.a.j.t.JMeterThread: Thread finished: TCC order-create 1-3
2026-09-10 08:29:43,396 INFO o.a.j.t.JMeterThread: Stopping because end time detected by thread: TCC order-create 1-1
2026-09-10 08:29:43,396 INFO o.a.j.t.JMeterThread: Thread finished: TCC order-create 1-1
2026-09-10 08:29:43,459 INFO o.a.j.t.JMeterThread: Stopping because end time detected by thread: TCC order-create 1-6
2026-09-10 08:29:43,460 INFO o.a.j.t.JMeterThread: Thread finished: TCC order-create 1-6
2026-09-10 08:29:43,484 INFO o.a.j.t.JMeterThread: Stopping because end time detected by thread: TCC order-create 1-4
2026-09-10 08:29:43,485 INFO o.a.j.t.JMeterThread: Thread finished: TCC order-create 1-4
2026-09-10 08:29:43,510 INFO o.a.j.t.JMeterThread: Stopping because end time detected by thread: TCC order-create 1-9
2026-09-10 08:29:43,510 INFO o.a.j.t.JMeterThread: Thread finished: TCC order-create 1-9
2026-09-10 08:29:43,536 INFO o.a.j.t.JMeterThread: Stopping because end time detected by thread: TCC order-create 1-8
2026-09-10 08:29:43,537 INFO o.a.j.t.JMeterThread: Thread finished: TCC order-create 1-8
2026-09-10 08:29:43,562 INFO o.a.j.t.JMeterThread: Stopping because end time detected by thread: TCC order-create 1-5
2026-09-10 08:29:43,562 INFO o.a.j.t.JMeterThread: Thread finished: TCC order-create 1-5
2026-09-10 08:29:43,586 INFO o.a.j.t.JMeterThread: Stopping because end time detected by thread: TCC order-create 1-2
2026-09-10 08:29:43,587 INFO o.a.j.t.JMeterThread: Thread finished: TCC order-create 1-2
2026-09-10 08:29:43,587 INFO o.a.j.e.StandardJMeterEngine: Notifying test listeners of end of test
2026-09-10 08:29:43,590 INFO o.a.j.r.Summariser: summary +    517 in 00:00:14 =   38.1/s Avg:   261 Min:   239 Max:   458 Err:     0 (0.00%) Active: 0 Started: 10 Finished: 10
2026-09-10 08:29:43,591 INFO o.a.j.r.Summariser: summary =   1110 in 00:00:30 =   36.6/s Avg:   263 Min:    99 Max:   458 Err:     0 (0.00%)
