2026-09-10 09:27:29,307 INFO o.a.j.u.JMeterUtils: Setting Locale to en_EN
2026-09-10 09:27:29,324 INFO o.a.j.JMeter: Loading user properties from: /home/avituo/projects/tcc/tcc-container/.tools/apache-jmeter-5.6.3/bin/user.properties
2026-09-10 09:27:29,324 INFO o.a.j.JMeter: Loading system properties from: /home/avituo/projects/tcc/tcc-container/.tools/apache-jmeter-5.6.3/bin/system.properties
2026-09-10 09:27:29,324 INFO o.a.j.JMeter: Loading additional properties from: /home/avituo/projects/tcc/tcc-container/benchmark/jmeter/benchmark.properties
2026-09-10 09:27:29,325 INFO o.a.j.JMeter: Loading additional properties from: /tmp/tcc-benchmark-auth.xxCnUK/auth.properties
2026-09-10 09:27:29,325 INFO o.a.j.JMeter: Loading additional properties from: /home/avituo/projects/tcc/tcc-container/benchmark/results/laravel-13.20.0/final/order-create/c50/r2/monolith/thread-counters.properties
2026-09-10 09:27:29,325 INFO o.a.j.JMeter: Setting JMeter property: threads=50
2026-09-10 09:27:29,325 INFO o.a.j.JMeter: Setting JMeter property: duration_seconds=120
2026-09-10 09:27:29,325 INFO o.a.j.JMeter: Setting JMeter property: target_host=localhost
2026-09-10 09:27:29,325 INFO o.a.j.JMeter: Setting JMeter property: target_port=18000
2026-09-10 09:27:29,325 INFO o.a.j.JMeter: Setting JMeter property: tcc.order.id=1
2026-09-10 09:27:29,325 INFO o.a.j.JMeter: Setting JMeter property: repetition=2
2026-09-10 09:27:29,334 INFO o.a.j.JMeter: Copyright (c) 1998-2024 The Apache Software Foundation
2026-09-10 09:27:29,334 INFO o.a.j.JMeter: Version 5.6.3
2026-09-10 09:27:29,334 INFO o.a.j.JMeter: java.version=21.0.11
2026-09-10 09:27:29,334 INFO o.a.j.JMeter: java.vm.name=OpenJDK 64-Bit Server VM
2026-09-10 09:27:29,334 INFO o.a.j.JMeter: os.name=Linux
2026-09-10 09:27:29,334 INFO o.a.j.JMeter: os.arch=amd64
2026-09-10 09:27:29,334 INFO o.a.j.JMeter: os.version=7.0.11-76070011-generic
2026-09-10 09:27:29,334 INFO o.a.j.JMeter: file.encoding=UTF-8
2026-09-10 09:27:29,334 INFO o.a.j.JMeter: java.awt.headless=true
2026-09-10 09:27:29,334 INFO o.a.j.JMeter: Max memory     =1073741824
2026-09-10 09:27:29,334 INFO o.a.j.JMeter: Available Processors =16
2026-09-10 09:27:29,342 INFO o.a.j.JMeter: Default Locale=English (EN)
2026-09-10 09:27:29,343 INFO o.a.j.JMeter: JMeter  Locale=English (EN)
2026-09-10 09:27:29,343 INFO o.a.j.JMeter: JMeterHome=/home/avituo/projects/tcc/tcc-container/.tools/apache-jmeter-5.6.3
2026-09-10 09:27:29,343 INFO o.a.j.JMeter: user.dir  =/home/avituo/projects/tcc/tcc-container
2026-09-10 09:27:29,343 INFO o.a.j.JMeter: PWD       =/home/avituo/projects/tcc/tcc-container
2026-09-10 09:27:29,365 INFO o.a.j.JMeter: IP: 192.168.1.16 Name: pop-os FullName: pop-os.home
2026-09-10 09:27:29,377 INFO o.a.j.s.FileServer: Default base='/home/avituo/projects/tcc/tcc-container'
2026-09-10 09:27:29,379 INFO o.a.j.s.FileServer: Set new base='/home/avituo/projects/tcc/tcc-container/benchmark/jmeter'
2026-09-10 09:27:29,561 INFO o.a.j.s.SaveService: Testplan (JMX) version: 2.2. Testlog (JTL) version: 2.2
2026-09-10 09:27:29,585 INFO o.a.j.s.SaveService: Using SaveService properties version 5.0
2026-09-10 09:27:29,589 INFO o.a.j.s.SaveService: Using SaveService properties file encoding UTF-8
2026-09-10 09:27:29,592 INFO o.a.j.s.SaveService: Loading file: /home/avituo/projects/tcc/tcc-container/benchmark/jmeter/tcc-order-create-v1.jmx
2026-09-10 09:27:29,643 INFO o.a.j.p.h.s.HTTPSamplerBase: Parser for text/html is org.apache.jmeter.protocol.http.parser.LagartoBasedHtmlParser
2026-09-10 09:27:29,643 INFO o.a.j.p.h.s.HTTPSamplerBase: Parser for application/xhtml+xml is org.apache.jmeter.protocol.http.parser.LagartoBasedHtmlParser
2026-09-10 09:27:29,643 INFO o.a.j.p.h.s.HTTPSamplerBase: Parser for application/xml is org.apache.jmeter.protocol.http.parser.LagartoBasedHtmlParser
2026-09-10 09:27:29,643 INFO o.a.j.p.h.s.HTTPSamplerBase: Parser for text/xml is org.apache.jmeter.protocol.http.parser.LagartoBasedHtmlParser
2026-09-10 09:27:29,643 INFO o.a.j.p.h.s.HTTPSamplerBase: Parser for text/vnd.wap.wml is org.apache.jmeter.protocol.http.parser.RegexpHTMLParser
2026-09-10 09:27:29,643 INFO o.a.j.p.h.s.HTTPSamplerBase: Parser for text/css is org.apache.jmeter.protocol.http.parser.CssParser
2026-09-10 09:27:29,676 INFO o.a.j.JMeter: Creating summariser <summary>
2026-09-10 09:27:29,694 INFO o.a.j.e.StandardJMeterEngine: Running the test!
2026-09-10 09:27:29,694 INFO o.a.j.s.SampleEvent: List of sample_variables: []
2026-09-10 09:27:29,694 INFO o.a.j.s.SampleEvent: List of sample_variables: []
2026-09-10 09:27:29,702 INFO o.a.j.e.u.CompoundVariable: Note: Function class names must contain the string: '.functions.'
2026-09-10 09:27:29,703 INFO o.a.j.e.u.CompoundVariable: Note: Function class names must not contain the string: '.gui.'
2026-09-10 09:27:29,948 INFO o.a.j.JMeter: Running test (1789043249947)
2026-09-10 09:27:29,966 INFO o.a.j.e.StandardJMeterEngine: Starting ThreadGroup: 1 : TCC order-create
2026-09-10 09:27:29,967 INFO o.a.j.e.StandardJMeterEngine: Starting 50 threads for group TCC order-create.
2026-09-10 09:27:29,967 INFO o.a.j.e.StandardJMeterEngine: Thread will continue on error
2026-09-10 09:27:29,967 INFO o.a.j.t.ThreadGroup: Starting thread group... number=1 threads=50 ramp-up=0 delayedStart=false
2026-09-10 09:27:29,973 INFO o.a.j.t.JMeterThread: Thread started: TCC order-create 1-3
2026-09-10 09:27:29,973 INFO o.a.j.t.JMeterThread: Thread started: TCC order-create 1-1
2026-09-10 09:27:29,973 INFO o.a.j.t.JMeterThread: Thread started: TCC order-create 1-2
2026-09-10 09:27:29,974 INFO o.a.j.t.JMeterThread: Thread started: TCC order-create 1-4
2026-09-10 09:27:29,974 INFO o.a.j.t.JMeterThread: Thread started: TCC order-create 1-5
2026-09-10 09:27:29,975 INFO o.a.j.t.JMeterThread: Thread started: TCC order-create 1-6
2026-09-10 09:27:29,976 INFO o.a.j.t.JMeterThread: Thread started: TCC order-create 1-7
2026-09-10 09:27:29,976 INFO o.a.j.t.JMeterThread: Thread started: TCC order-create 1-8
2026-09-10 09:27:29,977 INFO o.a.j.t.JMeterThread: Thread started: TCC order-create 1-9
2026-09-10 09:27:29,977 INFO o.a.j.t.JMeterThread: Thread started: TCC order-create 1-10
2026-09-10 09:27:29,978 INFO o.a.j.t.JMeterThread: Thread started: TCC order-create 1-11
2026-09-10 09:27:29,979 INFO o.a.j.t.JMeterThread: Thread started: TCC order-create 1-12
2026-09-10 09:27:29,980 INFO o.a.j.t.JMeterThread: Thread started: TCC order-create 1-13
2026-09-10 09:27:29,981 INFO o.a.j.t.JMeterThread: Thread started: TCC order-create 1-14
2026-09-10 09:27:29,982 INFO o.a.j.t.JMeterThread: Thread started: TCC order-create 1-15
2026-09-10 09:27:29,983 INFO o.a.j.t.JMeterThread: Thread started: TCC order-create 1-16
2026-09-10 09:27:29,983 INFO o.a.j.t.JMeterThread: Thread started: TCC order-create 1-17
2026-09-10 09:27:29,984 INFO o.a.j.t.JMeterThread: Thread started: TCC order-create 1-18
2026-09-10 09:27:29,984 INFO o.a.j.t.JMeterThread: Thread started: TCC order-create 1-19
2026-09-10 09:27:29,985 INFO o.a.j.t.JMeterThread: Thread started: TCC order-create 1-20
2026-09-10 09:27:29,986 INFO o.a.j.t.JMeterThread: Thread started: TCC order-create 1-21
2026-09-10 09:27:29,986 INFO o.a.j.t.JMeterThread: Thread started: TCC order-create 1-22
2026-09-10 09:27:29,987 INFO o.a.j.t.JMeterThread: Thread started: TCC order-create 1-23
2026-09-10 09:27:29,988 INFO o.a.j.t.JMeterThread: Thread started: TCC order-create 1-24
2026-09-10 09:27:29,988 INFO o.a.j.t.JMeterThread: Thread started: TCC order-create 1-25
2026-09-10 09:27:29,989 INFO o.a.j.t.JMeterThread: Thread started: TCC order-create 1-26
2026-09-10 09:27:29,989 INFO o.a.j.t.JMeterThread: Thread started: TCC order-create 1-27
2026-09-10 09:27:29,990 INFO o.a.j.t.JMeterThread: Thread started: TCC order-create 1-28
2026-09-10 09:27:29,990 INFO o.a.j.t.JMeterThread: Thread started: TCC order-create 1-29
2026-09-10 09:27:29,991 INFO o.a.j.t.JMeterThread: Thread started: TCC order-create 1-30
2026-09-10 09:27:29,991 INFO o.a.j.t.JMeterThread: Thread started: TCC order-create 1-31
2026-09-10 09:27:29,992 INFO o.a.j.t.JMeterThread: Thread started: TCC order-create 1-32
2026-09-10 09:27:29,992 INFO o.a.j.t.JMeterThread: Thread started: TCC order-create 1-33
2026-09-10 09:27:29,993 INFO o.a.j.t.JMeterThread: Thread started: TCC order-create 1-35
2026-09-10 09:27:29,993 INFO o.a.j.t.JMeterThread: Thread started: TCC order-create 1-34
2026-09-10 09:27:29,994 INFO o.a.j.t.JMeterThread: Thread started: TCC order-create 1-36
2026-09-10 09:27:29,995 INFO o.a.j.t.JMeterThread: Thread started: TCC order-create 1-37
2026-09-10 09:27:29,996 INFO o.a.j.t.JMeterThread: Thread started: TCC order-create 1-38
2026-09-10 09:27:29,997 INFO o.a.j.t.JMeterThread: Thread started: TCC order-create 1-39
2026-09-10 09:27:29,998 INFO o.a.j.t.JMeterThread: Thread started: TCC order-create 1-40
2026-09-10 09:27:29,998 INFO o.a.j.t.JMeterThread: Thread started: TCC order-create 1-41
2026-09-10 09:27:30,000 INFO o.a.j.t.JMeterThread: Thread started: TCC order-create 1-42
2026-09-10 09:27:30,001 INFO o.a.j.t.JMeterThread: Thread started: TCC order-create 1-44
2026-09-10 09:27:30,001 INFO o.a.j.t.JMeterThread: Thread started: TCC order-create 1-43
2026-09-10 09:27:30,002 INFO o.a.j.t.JMeterThread: Thread started: TCC order-create 1-45
2026-09-10 09:27:30,003 INFO o.a.j.t.JMeterThread: Thread started: TCC order-create 1-47
2026-09-10 09:27:30,003 INFO o.a.j.t.JMeterThread: Thread started: TCC order-create 1-46
2026-09-10 09:27:30,004 INFO o.a.j.t.JMeterThread: Thread started: TCC order-create 1-48
2026-09-10 09:27:30,004 INFO o.a.j.t.JMeterThread: Thread started: TCC order-create 1-49
2026-09-10 09:27:30,005 INFO o.a.j.t.ThreadGroup: Started thread group number 1
2026-09-10 09:27:30,005 INFO o.a.j.e.StandardJMeterEngine: All thread groups have been started
2026-09-10 09:27:30,006 INFO o.a.j.t.JMeterThread: Thread started: TCC order-create 1-50
2026-09-10 09:27:30,782 INFO o.a.j.p.h.s.HTTPHCAbstractImpl: Local host = pop-os
2026-09-10 09:27:30,788 INFO o.a.j.p.h.s.HTTPHC4Impl: HTTP request retry count = 0
2026-09-10 09:27:30,790 INFO o.a.j.s.SampleResult: Note: Sample TimeStamps are START times
2026-09-10 09:27:30,790 INFO o.a.j.s.SampleResult: sampleresult.default.encoding is set to UTF-8
2026-09-10 09:27:30,790 INFO o.a.j.s.SampleResult: sampleresult.useNanoTime=true
2026-09-10 09:27:30,790 INFO o.a.j.s.SampleResult: sampleresult.nanoThreadSleep=5000
2026-09-10 09:27:31,159 INFO o.a.j.r.Summariser: summary +      1 in 00:00:01 =    0.8/s Avg:    90 Min:    90 Max:    90 Err:     0 (0.00%) Active: 50 Started: 50 Finished: 0
2026-09-10 09:28:00,018 INFO o.a.j.r.Summariser: summary +   1057 in 00:00:29 =   36.6/s Avg:  1346 Min:   110 Max:  2206 Err:     0 (0.00%) Active: 50 Started: 50 Finished: 0
2026-09-10 09:28:00,019 INFO o.a.j.r.Summariser: summary =   1058 in 00:00:30 =   35.2/s Avg:  1345 Min:    90 Max:  2206 Err:     0 (0.00%)
2026-09-10 09:28:30,000 INFO o.a.j.r.Summariser: summary +   1119 in 00:00:30 =   37.3/s Avg:  1337 Min:  1264 Max:  1460 Err:     0 (0.00%) Active: 50 Started: 50 Finished: 0
2026-09-10 09:28:30,001 INFO o.a.j.r.Summariser: summary =   2177 in 00:01:00 =   36.3/s Avg:  1341 Min:    90 Max:  2206 Err:     0 (0.00%)
2026-09-10 09:29:00,001 INFO o.a.j.r.Summariser: summary +   1133 in 00:00:30 =   37.8/s Avg:  1325 Min:  1253 Max:  1608 Err:     0 (0.00%) Active: 50 Started: 50 Finished: 0
2026-09-10 09:29:00,001 INFO o.a.j.r.Summariser: summary =   3310 in 00:01:30 =   36.8/s Avg:  1335 Min:    90 Max:  2206 Err:     0 (0.00%)
2026-09-10 09:29:29,998 INFO o.a.j.t.JMeterThread: Stopping because end time detected by thread: TCC order-create 1-18
2026-09-10 09:29:29,998 INFO o.a.j.t.JMeterThread: Thread finished: TCC order-create 1-18
2026-09-10 09:29:30,032 INFO o.a.j.r.Summariser: summary +   1138 in 00:00:30 =   37.9/s Avg:  1318 Min:  1241 Max:  1541 Err:     0 (0.00%) Active: 49 Started: 50 Finished: 1
2026-09-10 09:29:30,032 INFO o.a.j.r.Summariser: summary =   4448 in 00:02:00 =   37.0/s Avg:  1331 Min:    90 Max:  2206 Err:     0 (0.00%)
2026-09-10 09:29:30,032 INFO o.a.j.t.JMeterThread: Stopping because end time detected by thread: TCC order-create 1-36
2026-09-10 09:29:30,032 INFO o.a.j.t.JMeterThread: Thread finished: TCC order-create 1-36
2026-09-10 09:29:30,057 INFO o.a.j.t.JMeterThread: Stopping because end time detected by thread: TCC order-create 1-7
2026-09-10 09:29:30,057 INFO o.a.j.t.JMeterThread: Thread finished: TCC order-create 1-7
2026-09-10 09:29:30,084 INFO o.a.j.t.JMeterThread: Stopping because end time detected by thread: TCC order-create 1-29
2026-09-10 09:29:30,084 INFO o.a.j.t.JMeterThread: Thread finished: TCC order-create 1-29
2026-09-10 09:29:30,108 INFO o.a.j.t.JMeterThread: Stopping because end time detected by thread: TCC order-create 1-26
2026-09-10 09:29:30,109 INFO o.a.j.t.JMeterThread: Thread finished: TCC order-create 1-26
2026-09-10 09:29:30,136 INFO o.a.j.t.JMeterThread: Stopping because end time detected by thread: TCC order-create 1-11
2026-09-10 09:29:30,136 INFO o.a.j.t.JMeterThread: Thread finished: TCC order-create 1-11
2026-09-10 09:29:30,159 INFO o.a.j.t.JMeterThread: Stopping because end time detected by thread: TCC order-create 1-8
2026-09-10 09:29:30,159 INFO o.a.j.t.JMeterThread: Thread finished: TCC order-create 1-8
2026-09-10 09:29:30,184 INFO o.a.j.t.JMeterThread: Stopping because end time detected by thread: TCC order-create 1-10
2026-09-10 09:29:30,184 INFO o.a.j.t.JMeterThread: Thread finished: TCC order-create 1-10
2026-09-10 09:29:30,211 INFO o.a.j.t.JMeterThread: Stopping because end time detected by thread: TCC order-create 1-23
2026-09-10 09:29:30,211 INFO o.a.j.t.JMeterThread: Thread finished: TCC order-create 1-23
2026-09-10 09:29:30,237 INFO o.a.j.t.JMeterThread: Stopping because end time detected by thread: TCC order-create 1-3
2026-09-10 09:29:30,237 INFO o.a.j.t.JMeterThread: Thread finished: TCC order-create 1-3
2026-09-10 09:29:30,262 INFO o.a.j.t.JMeterThread: Stopping because end time detected by thread: TCC order-create 1-19
2026-09-10 09:29:30,262 INFO o.a.j.t.JMeterThread: Thread finished: TCC order-create 1-19
2026-09-10 09:29:30,289 INFO o.a.j.t.JMeterThread: Stopping because end time detected by thread: TCC order-create 1-37
2026-09-10 09:29:30,289 INFO o.a.j.t.JMeterThread: Thread finished: TCC order-create 1-37
2026-09-10 09:29:30,314 INFO o.a.j.t.JMeterThread: Stopping because end time detected by thread: TCC order-create 1-46
2026-09-10 09:29:30,314 INFO o.a.j.t.JMeterThread: Thread finished: TCC order-create 1-46
2026-09-10 09:29:30,339 INFO o.a.j.t.JMeterThread: Stopping because end time detected by thread: TCC order-create 1-1
2026-09-10 09:29:30,339 INFO o.a.j.t.JMeterThread: Thread finished: TCC order-create 1-1
2026-09-10 09:29:30,362 INFO o.a.j.t.JMeterThread: Stopping because end time detected by thread: TCC order-create 1-34
2026-09-10 09:29:30,363 INFO o.a.j.t.JMeterThread: Thread finished: TCC order-create 1-34
2026-09-10 09:29:30,387 INFO o.a.j.t.JMeterThread: Stopping because end time detected by thread: TCC order-create 1-12
2026-09-10 09:29:30,387 INFO o.a.j.t.JMeterThread: Thread finished: TCC order-create 1-12
2026-09-10 09:29:30,411 INFO o.a.j.t.JMeterThread: Stopping because end time detected by thread: TCC order-create 1-31
2026-09-10 09:29:30,411 INFO o.a.j.t.JMeterThread: Thread finished: TCC order-create 1-31
2026-09-10 09:29:30,436 INFO o.a.j.t.JMeterThread: Stopping because end time detected by thread: TCC order-create 1-45
2026-09-10 09:29:30,436 INFO o.a.j.t.JMeterThread: Thread finished: TCC order-create 1-45
2026-09-10 09:29:30,459 INFO o.a.j.t.JMeterThread: Stopping because end time detected by thread: TCC order-create 1-17
2026-09-10 09:29:30,460 INFO o.a.j.t.JMeterThread: Thread finished: TCC order-create 1-17
2026-09-10 09:29:30,484 INFO o.a.j.t.JMeterThread: Stopping because end time detected by thread: TCC order-create 1-32
2026-09-10 09:29:30,484 INFO o.a.j.t.JMeterThread: Thread finished: TCC order-create 1-32
2026-09-10 09:29:30,508 INFO o.a.j.t.JMeterThread: Stopping because end time detected by thread: TCC order-create 1-49
2026-09-10 09:29:30,508 INFO o.a.j.t.JMeterThread: Thread finished: TCC order-create 1-49
2026-09-10 09:29:30,534 INFO o.a.j.t.JMeterThread: Stopping because end time detected by thread: TCC order-create 1-43
2026-09-10 09:29:30,535 INFO o.a.j.t.JMeterThread: Thread finished: TCC order-create 1-43
2026-09-10 09:29:30,560 INFO o.a.j.t.JMeterThread: Stopping because end time detected by thread: TCC order-create 1-41
2026-09-10 09:29:30,560 INFO o.a.j.t.JMeterThread: Thread finished: TCC order-create 1-41
2026-09-10 09:29:30,584 INFO o.a.j.t.JMeterThread: Stopping because end time detected by thread: TCC order-create 1-42
2026-09-10 09:29:30,584 INFO o.a.j.t.JMeterThread: Thread finished: TCC order-create 1-42
2026-09-10 09:29:30,610 INFO o.a.j.t.JMeterThread: Stopping because end time detected by thread: TCC order-create 1-27
2026-09-10 09:29:30,611 INFO o.a.j.t.JMeterThread: Thread finished: TCC order-create 1-27
2026-09-10 09:29:30,636 INFO o.a.j.t.JMeterThread: Stopping because end time detected by thread: TCC order-create 1-15
2026-09-10 09:29:30,636 INFO o.a.j.t.JMeterThread: Thread finished: TCC order-create 1-15
2026-09-10 09:29:30,660 INFO o.a.j.t.JMeterThread: Stopping because end time detected by thread: TCC order-create 1-40
2026-09-10 09:29:30,660 INFO o.a.j.t.JMeterThread: Thread finished: TCC order-create 1-40
2026-09-10 09:29:30,687 INFO o.a.j.t.JMeterThread: Stopping because end time detected by thread: TCC order-create 1-30
2026-09-10 09:29:30,687 INFO o.a.j.t.JMeterThread: Thread finished: TCC order-create 1-30
2026-09-10 09:29:30,714 INFO o.a.j.t.JMeterThread: Stopping because end time detected by thread: TCC order-create 1-13
2026-09-10 09:29:30,714 INFO o.a.j.t.JMeterThread: Thread finished: TCC order-create 1-13
2026-09-10 09:29:30,740 INFO o.a.j.t.JMeterThread: Stopping because end time detected by thread: TCC order-create 1-14
2026-09-10 09:29:30,740 INFO o.a.j.t.JMeterThread: Thread finished: TCC order-create 1-14
2026-09-10 09:29:30,765 INFO o.a.j.t.JMeterThread: Stopping because end time detected by thread: TCC order-create 1-25
2026-09-10 09:29:30,766 INFO o.a.j.t.JMeterThread: Thread finished: TCC order-create 1-25
2026-09-10 09:29:30,790 INFO o.a.j.t.JMeterThread: Stopping because end time detected by thread: TCC order-create 1-22
2026-09-10 09:29:30,791 INFO o.a.j.t.JMeterThread: Thread finished: TCC order-create 1-22
2026-09-10 09:29:30,818 INFO o.a.j.t.JMeterThread: Stopping because end time detected by thread: TCC order-create 1-35
2026-09-10 09:29:30,818 INFO o.a.j.t.JMeterThread: Thread finished: TCC order-create 1-35
2026-09-10 09:29:30,843 INFO o.a.j.t.JMeterThread: Stopping because end time detected by thread: TCC order-create 1-50
2026-09-10 09:29:30,843 INFO o.a.j.t.JMeterThread: Thread finished: TCC order-create 1-50
2026-09-10 09:29:30,868 INFO o.a.j.t.JMeterThread: Stopping because end time detected by thread: TCC order-create 1-33
2026-09-10 09:29:30,869 INFO o.a.j.t.JMeterThread: Thread finished: TCC order-create 1-33
2026-09-10 09:29:30,893 INFO o.a.j.t.JMeterThread: Stopping because end time detected by thread: TCC order-create 1-16
2026-09-10 09:29:30,894 INFO o.a.j.t.JMeterThread: Thread finished: TCC order-create 1-16
2026-09-10 09:29:30,919 INFO o.a.j.t.JMeterThread: Stopping because end time detected by thread: TCC order-create 1-21
2026-09-10 09:29:30,919 INFO o.a.j.t.JMeterThread: Thread finished: TCC order-create 1-21
2026-09-10 09:29:30,944 INFO o.a.j.t.JMeterThread: Stopping because end time detected by thread: TCC order-create 1-44
2026-09-10 09:29:30,944 INFO o.a.j.t.JMeterThread: Thread finished: TCC order-create 1-44
2026-09-10 09:29:30,967 INFO o.a.j.t.JMeterThread: Stopping because end time detected by thread: TCC order-create 1-39
2026-09-10 09:29:30,967 INFO o.a.j.t.JMeterThread: Thread finished: TCC order-create 1-39
2026-09-10 09:29:30,992 INFO o.a.j.t.JMeterThread: Stopping because end time detected by thread: TCC order-create 1-2
2026-09-10 09:29:30,992 INFO o.a.j.t.JMeterThread: Thread finished: TCC order-create 1-2
2026-09-10 09:29:31,023 INFO o.a.j.t.JMeterThread: Stopping because end time detected by thread: TCC order-create 1-47
2026-09-10 09:29:31,023 INFO o.a.j.t.JMeterThread: Thread finished: TCC order-create 1-47
2026-09-10 09:29:31,048 INFO o.a.j.t.JMeterThread: Stopping because end time detected by thread: TCC order-create 1-28
2026-09-10 09:29:31,048 INFO o.a.j.t.JMeterThread: Thread finished: TCC order-create 1-28
2026-09-10 09:29:31,072 INFO o.a.j.t.JMeterThread: Stopping because end time detected by thread: TCC order-create 1-24
2026-09-10 09:29:31,072 INFO o.a.j.t.JMeterThread: Thread finished: TCC order-create 1-24
2026-09-10 09:29:31,097 INFO o.a.j.t.JMeterThread: Stopping because end time detected by thread: TCC order-create 1-38
2026-09-10 09:29:31,097 INFO o.a.j.t.JMeterThread: Thread finished: TCC order-create 1-38
2026-09-10 09:29:31,121 INFO o.a.j.t.JMeterThread: Stopping because end time detected by thread: TCC order-create 1-5
2026-09-10 09:29:31,121 INFO o.a.j.t.JMeterThread: Thread finished: TCC order-create 1-5
2026-09-10 09:29:31,144 INFO o.a.j.t.JMeterThread: Stopping because end time detected by thread: TCC order-create 1-4
2026-09-10 09:29:31,144 INFO o.a.j.t.JMeterThread: Thread finished: TCC order-create 1-4
2026-09-10 09:29:31,167 INFO o.a.j.t.JMeterThread: Stopping because end time detected by thread: TCC order-create 1-6
2026-09-10 09:29:31,167 INFO o.a.j.t.JMeterThread: Thread finished: TCC order-create 1-6
2026-09-10 09:29:31,193 INFO o.a.j.t.JMeterThread: Stopping because end time detected by thread: TCC order-create 1-48
2026-09-10 09:29:31,193 INFO o.a.j.t.JMeterThread: Thread finished: TCC order-create 1-48
2026-09-10 09:29:31,215 INFO o.a.j.t.JMeterThread: Stopping because end time detected by thread: TCC order-create 1-20
2026-09-10 09:29:31,215 INFO o.a.j.t.JMeterThread: Thread finished: TCC order-create 1-20
2026-09-10 09:29:31,241 INFO o.a.j.t.JMeterThread: Stopping because end time detected by thread: TCC order-create 1-9
2026-09-10 09:29:31,241 INFO o.a.j.t.JMeterThread: Thread finished: TCC order-create 1-9
2026-09-10 09:29:31,241 INFO o.a.j.e.StandardJMeterEngine: Notifying test listeners of end of test
2026-09-10 09:29:31,245 INFO o.a.j.r.Summariser: summary +     48 in 00:00:01 =   39.5/s Avg:  1270 Min:  1262 Max:  1279 Err:     0 (0.00%) Active: 0 Started: 50 Finished: 50
2026-09-10 09:29:31,245 INFO o.a.j.r.Summariser: summary =   4496 in 00:02:01 =   37.1/s Avg:  1330 Min:    90 Max:  2206 Err:     0 (0.00%)
