2026-09-10 09:26:53,075 INFO o.a.j.u.JMeterUtils: Setting Locale to en_EN
2026-09-10 09:26:53,092 INFO o.a.j.JMeter: Loading user properties from: /home/avituo/projects/tcc/tcc-container/.tools/apache-jmeter-5.6.3/bin/user.properties
2026-09-10 09:26:53,092 INFO o.a.j.JMeter: Loading system properties from: /home/avituo/projects/tcc/tcc-container/.tools/apache-jmeter-5.6.3/bin/system.properties
2026-09-10 09:26:53,092 INFO o.a.j.JMeter: Loading additional properties from: /home/avituo/projects/tcc/tcc-container/benchmark/jmeter/benchmark.properties
2026-09-10 09:26:53,092 INFO o.a.j.JMeter: Loading additional properties from: /tmp/tcc-benchmark-auth.xxCnUK/auth.properties
2026-09-10 09:26:53,092 INFO o.a.j.JMeter: Setting JMeter property: threads=50
2026-09-10 09:26:53,092 INFO o.a.j.JMeter: Setting JMeter property: duration_seconds=30
2026-09-10 09:26:53,092 INFO o.a.j.JMeter: Setting JMeter property: target_host=localhost
2026-09-10 09:26:53,092 INFO o.a.j.JMeter: Setting JMeter property: target_port=18000
2026-09-10 09:26:53,093 INFO o.a.j.JMeter: Setting JMeter property: tcc.order.id=1
2026-09-10 09:26:53,093 INFO o.a.j.JMeter: Setting JMeter property: repetition=2
2026-09-10 09:26:53,100 INFO o.a.j.JMeter: Copyright (c) 1998-2024 The Apache Software Foundation
2026-09-10 09:26:53,100 INFO o.a.j.JMeter: Version 5.6.3
2026-09-10 09:26:53,100 INFO o.a.j.JMeter: java.version=21.0.11
2026-09-10 09:26:53,100 INFO o.a.j.JMeter: java.vm.name=OpenJDK 64-Bit Server VM
2026-09-10 09:26:53,100 INFO o.a.j.JMeter: os.name=Linux
2026-09-10 09:26:53,101 INFO o.a.j.JMeter: os.arch=amd64
2026-09-10 09:26:53,101 INFO o.a.j.JMeter: os.version=7.0.11-76070011-generic
2026-09-10 09:26:53,101 INFO o.a.j.JMeter: file.encoding=UTF-8
2026-09-10 09:26:53,101 INFO o.a.j.JMeter: java.awt.headless=true
2026-09-10 09:26:53,101 INFO o.a.j.JMeter: Max memory     =1073741824
2026-09-10 09:26:53,101 INFO o.a.j.JMeter: Available Processors =16
2026-09-10 09:26:53,110 INFO o.a.j.JMeter: Default Locale=English (EN)
2026-09-10 09:26:53,110 INFO o.a.j.JMeter: JMeter  Locale=English (EN)
2026-09-10 09:26:53,110 INFO o.a.j.JMeter: JMeterHome=/home/avituo/projects/tcc/tcc-container/.tools/apache-jmeter-5.6.3
2026-09-10 09:26:53,110 INFO o.a.j.JMeter: user.dir  =/home/avituo/projects/tcc/tcc-container
2026-09-10 09:26:53,111 INFO o.a.j.JMeter: PWD       =/home/avituo/projects/tcc/tcc-container
2026-09-10 09:26:53,122 INFO o.a.j.JMeter: IP: 192.168.1.16 Name: pop-os FullName: pop-os.home
2026-09-10 09:26:53,133 INFO o.a.j.s.FileServer: Default base='/home/avituo/projects/tcc/tcc-container'
2026-09-10 09:26:53,135 INFO o.a.j.s.FileServer: Set new base='/home/avituo/projects/tcc/tcc-container/benchmark/jmeter'
2026-09-10 09:26:53,304 INFO o.a.j.s.SaveService: Testplan (JMX) version: 2.2. Testlog (JTL) version: 2.2
2026-09-10 09:26:53,328 INFO o.a.j.s.SaveService: Using SaveService properties version 5.0
2026-09-10 09:26:53,331 INFO o.a.j.s.SaveService: Using SaveService properties file encoding UTF-8
2026-09-10 09:26:53,334 INFO o.a.j.s.SaveService: Loading file: /home/avituo/projects/tcc/tcc-container/benchmark/jmeter/tcc-order-create-v1.jmx
2026-09-10 09:26:53,384 INFO o.a.j.p.h.s.HTTPSamplerBase: Parser for text/html is org.apache.jmeter.protocol.http.parser.LagartoBasedHtmlParser
2026-09-10 09:26:53,385 INFO o.a.j.p.h.s.HTTPSamplerBase: Parser for application/xhtml+xml is org.apache.jmeter.protocol.http.parser.LagartoBasedHtmlParser
2026-09-10 09:26:53,385 INFO o.a.j.p.h.s.HTTPSamplerBase: Parser for application/xml is org.apache.jmeter.protocol.http.parser.LagartoBasedHtmlParser
2026-09-10 09:26:53,385 INFO o.a.j.p.h.s.HTTPSamplerBase: Parser for text/xml is org.apache.jmeter.protocol.http.parser.LagartoBasedHtmlParser
2026-09-10 09:26:53,385 INFO o.a.j.p.h.s.HTTPSamplerBase: Parser for text/vnd.wap.wml is org.apache.jmeter.protocol.http.parser.RegexpHTMLParser
2026-09-10 09:26:53,385 INFO o.a.j.p.h.s.HTTPSamplerBase: Parser for text/css is org.apache.jmeter.protocol.http.parser.CssParser
2026-09-10 09:26:53,417 INFO o.a.j.JMeter: Creating summariser <summary>
2026-09-10 09:26:53,440 INFO o.a.j.e.StandardJMeterEngine: Running the test!
2026-09-10 09:26:53,441 INFO o.a.j.s.SampleEvent: List of sample_variables: []
2026-09-10 09:26:53,441 INFO o.a.j.s.SampleEvent: List of sample_variables: []
2026-09-10 09:26:53,452 INFO o.a.j.e.u.CompoundVariable: Note: Function class names must contain the string: '.functions.'
2026-09-10 09:26:53,452 INFO o.a.j.e.u.CompoundVariable: Note: Function class names must not contain the string: '.gui.'
2026-09-10 09:26:53,714 INFO o.a.j.JMeter: Running test (1789043213714)
2026-09-10 09:26:53,734 INFO o.a.j.e.StandardJMeterEngine: Starting ThreadGroup: 1 : TCC order-create
2026-09-10 09:26:53,734 INFO o.a.j.e.StandardJMeterEngine: Starting 50 threads for group TCC order-create.
2026-09-10 09:26:53,734 INFO o.a.j.e.StandardJMeterEngine: Thread will continue on error
2026-09-10 09:26:53,734 INFO o.a.j.t.ThreadGroup: Starting thread group... number=1 threads=50 ramp-up=0 delayedStart=false
2026-09-10 09:26:53,740 INFO o.a.j.t.JMeterThread: Thread started: TCC order-create 1-1
2026-09-10 09:26:53,740 INFO o.a.j.t.JMeterThread: Thread started: TCC order-create 1-2
2026-09-10 09:26:53,740 INFO o.a.j.t.JMeterThread: Thread started: TCC order-create 1-3
2026-09-10 09:26:53,741 INFO o.a.j.t.JMeterThread: Thread started: TCC order-create 1-4
2026-09-10 09:26:53,742 INFO o.a.j.t.JMeterThread: Thread started: TCC order-create 1-5
2026-09-10 09:26:53,742 INFO o.a.j.t.JMeterThread: Thread started: TCC order-create 1-6
2026-09-10 09:26:53,743 INFO o.a.j.t.JMeterThread: Thread started: TCC order-create 1-7
2026-09-10 09:26:53,744 INFO o.a.j.t.JMeterThread: Thread started: TCC order-create 1-8
2026-09-10 09:26:53,745 INFO o.a.j.t.JMeterThread: Thread started: TCC order-create 1-9
2026-09-10 09:26:53,745 INFO o.a.j.t.JMeterThread: Thread started: TCC order-create 1-10
2026-09-10 09:26:53,746 INFO o.a.j.t.JMeterThread: Thread started: TCC order-create 1-11
2026-09-10 09:26:53,747 INFO o.a.j.t.JMeterThread: Thread started: TCC order-create 1-12
2026-09-10 09:26:53,747 INFO o.a.j.t.JMeterThread: Thread started: TCC order-create 1-13
2026-09-10 09:26:53,748 INFO o.a.j.t.JMeterThread: Thread started: TCC order-create 1-14
2026-09-10 09:26:53,749 INFO o.a.j.t.JMeterThread: Thread started: TCC order-create 1-15
2026-09-10 09:26:53,750 INFO o.a.j.t.JMeterThread: Thread started: TCC order-create 1-16
2026-09-10 09:26:53,751 INFO o.a.j.t.JMeterThread: Thread started: TCC order-create 1-17
2026-09-10 09:26:53,752 INFO o.a.j.t.JMeterThread: Thread started: TCC order-create 1-18
2026-09-10 09:26:53,753 INFO o.a.j.t.JMeterThread: Thread started: TCC order-create 1-19
2026-09-10 09:26:53,753 INFO o.a.j.t.JMeterThread: Thread started: TCC order-create 1-20
2026-09-10 09:26:53,755 INFO o.a.j.t.JMeterThread: Thread started: TCC order-create 1-22
2026-09-10 09:26:53,754 INFO o.a.j.t.JMeterThread: Thread started: TCC order-create 1-21
2026-09-10 09:26:53,755 INFO o.a.j.t.JMeterThread: Thread started: TCC order-create 1-23
2026-09-10 09:26:53,756 INFO o.a.j.t.JMeterThread: Thread started: TCC order-create 1-24
2026-09-10 09:26:53,757 INFO o.a.j.t.JMeterThread: Thread started: TCC order-create 1-25
2026-09-10 09:26:53,758 INFO o.a.j.t.JMeterThread: Thread started: TCC order-create 1-26
2026-09-10 09:26:53,758 INFO o.a.j.t.JMeterThread: Thread started: TCC order-create 1-27
2026-09-10 09:26:53,759 INFO o.a.j.t.JMeterThread: Thread started: TCC order-create 1-28
2026-09-10 09:26:53,759 INFO o.a.j.t.JMeterThread: Thread started: TCC order-create 1-29
2026-09-10 09:26:53,762 INFO o.a.j.t.JMeterThread: Thread started: TCC order-create 1-30
2026-09-10 09:26:53,763 INFO o.a.j.t.JMeterThread: Thread started: TCC order-create 1-31
2026-09-10 09:26:53,764 INFO o.a.j.t.JMeterThread: Thread started: TCC order-create 1-32
2026-09-10 09:26:53,766 INFO o.a.j.t.JMeterThread: Thread started: TCC order-create 1-33
2026-09-10 09:26:53,767 INFO o.a.j.t.JMeterThread: Thread started: TCC order-create 1-34
2026-09-10 09:26:53,767 INFO o.a.j.t.JMeterThread: Thread started: TCC order-create 1-35
2026-09-10 09:26:53,769 INFO o.a.j.t.JMeterThread: Thread started: TCC order-create 1-36
2026-09-10 09:26:53,769 INFO o.a.j.t.JMeterThread: Thread started: TCC order-create 1-37
2026-09-10 09:26:53,770 INFO o.a.j.t.JMeterThread: Thread started: TCC order-create 1-38
2026-09-10 09:26:53,771 INFO o.a.j.t.JMeterThread: Thread started: TCC order-create 1-39
2026-09-10 09:26:53,772 INFO o.a.j.t.JMeterThread: Thread started: TCC order-create 1-40
2026-09-10 09:26:53,775 INFO o.a.j.t.JMeterThread: Thread started: TCC order-create 1-41
2026-09-10 09:26:53,776 INFO o.a.j.t.JMeterThread: Thread started: TCC order-create 1-42
2026-09-10 09:26:53,778 INFO o.a.j.t.JMeterThread: Thread started: TCC order-create 1-44
2026-09-10 09:26:53,778 INFO o.a.j.t.JMeterThread: Thread started: TCC order-create 1-43
2026-09-10 09:26:53,778 INFO o.a.j.t.JMeterThread: Thread started: TCC order-create 1-45
2026-09-10 09:26:53,779 INFO o.a.j.t.JMeterThread: Thread started: TCC order-create 1-46
2026-09-10 09:26:53,780 INFO o.a.j.t.JMeterThread: Thread started: TCC order-create 1-47
2026-09-10 09:26:53,780 INFO o.a.j.t.JMeterThread: Thread started: TCC order-create 1-48
2026-09-10 09:26:53,781 INFO o.a.j.t.JMeterThread: Thread started: TCC order-create 1-49
2026-09-10 09:26:53,783 INFO o.a.j.t.ThreadGroup: Started thread group number 1
2026-09-10 09:26:53,783 INFO o.a.j.e.StandardJMeterEngine: All thread groups have been started
2026-09-10 09:26:53,783 INFO o.a.j.t.JMeterThread: Thread started: TCC order-create 1-50
2026-09-10 09:26:54,579 INFO o.a.j.p.h.s.HTTPHCAbstractImpl: Local host = pop-os
2026-09-10 09:26:54,588 INFO o.a.j.p.h.s.HTTPHC4Impl: HTTP request retry count = 0
2026-09-10 09:26:54,589 INFO o.a.j.s.SampleResult: Note: Sample TimeStamps are START times
2026-09-10 09:26:54,589 INFO o.a.j.s.SampleResult: sampleresult.default.encoding is set to UTF-8
2026-09-10 09:26:54,589 INFO o.a.j.s.SampleResult: sampleresult.useNanoTime=true
2026-09-10 09:26:54,590 INFO o.a.j.s.SampleResult: sampleresult.nanoThreadSleep=5000
2026-09-10 09:27:00,022 INFO o.a.j.r.Summariser: summary +    197 in 00:00:06 =   31.2/s Avg:  1184 Min:   112 Max:  1460 Err:     0 (0.00%) Active: 50 Started: 50 Finished: 0
2026-09-10 09:27:23,767 INFO o.a.j.t.JMeterThread: Stopping because end time detected by thread: TCC order-create 1-9
2026-09-10 09:27:23,767 INFO o.a.j.t.JMeterThread: Thread finished: TCC order-create 1-9
2026-09-10 09:27:23,793 INFO o.a.j.t.JMeterThread: Stopping because end time detected by thread: TCC order-create 1-20
2026-09-10 09:27:23,793 INFO o.a.j.t.JMeterThread: Thread finished: TCC order-create 1-20
2026-09-10 09:27:23,817 INFO o.a.j.t.JMeterThread: Stopping because end time detected by thread: TCC order-create 1-44
2026-09-10 09:27:23,817 INFO o.a.j.t.JMeterThread: Thread finished: TCC order-create 1-44
2026-09-10 09:27:23,843 INFO o.a.j.t.JMeterThread: Stopping because end time detected by thread: TCC order-create 1-18
2026-09-10 09:27:23,843 INFO o.a.j.t.JMeterThread: Thread finished: TCC order-create 1-18
2026-09-10 09:27:23,869 INFO o.a.j.t.JMeterThread: Stopping because end time detected by thread: TCC order-create 1-39
2026-09-10 09:27:23,869 INFO o.a.j.t.JMeterThread: Thread finished: TCC order-create 1-39
2026-09-10 09:27:23,894 INFO o.a.j.t.JMeterThread: Stopping because end time detected by thread: TCC order-create 1-28
2026-09-10 09:27:23,894 INFO o.a.j.t.JMeterThread: Thread finished: TCC order-create 1-28
2026-09-10 09:27:23,919 INFO o.a.j.t.JMeterThread: Stopping because end time detected by thread: TCC order-create 1-38
2026-09-10 09:27:23,919 INFO o.a.j.t.JMeterThread: Thread finished: TCC order-create 1-38
2026-09-10 09:27:23,947 INFO o.a.j.t.JMeterThread: Stopping because end time detected by thread: TCC order-create 1-2
2026-09-10 09:27:23,947 INFO o.a.j.t.JMeterThread: Thread finished: TCC order-create 1-2
2026-09-10 09:27:23,973 INFO o.a.j.t.JMeterThread: Stopping because end time detected by thread: TCC order-create 1-42
2026-09-10 09:27:23,973 INFO o.a.j.t.JMeterThread: Thread finished: TCC order-create 1-42
2026-09-10 09:27:24,000 INFO o.a.j.t.JMeterThread: Stopping because end time detected by thread: TCC order-create 1-13
2026-09-10 09:27:24,000 INFO o.a.j.t.JMeterThread: Thread finished: TCC order-create 1-13
2026-09-10 09:27:24,035 INFO o.a.j.t.JMeterThread: Stopping because end time detected by thread: TCC order-create 1-12
2026-09-10 09:27:24,035 INFO o.a.j.t.JMeterThread: Thread finished: TCC order-create 1-12
2026-09-10 09:27:24,061 INFO o.a.j.t.JMeterThread: Stopping because end time detected by thread: TCC order-create 1-37
2026-09-10 09:27:24,061 INFO o.a.j.t.JMeterThread: Thread finished: TCC order-create 1-37
2026-09-10 09:27:24,087 INFO o.a.j.t.JMeterThread: Stopping because end time detected by thread: TCC order-create 1-31
2026-09-10 09:27:24,087 INFO o.a.j.t.JMeterThread: Thread finished: TCC order-create 1-31
2026-09-10 09:27:24,112 INFO o.a.j.t.JMeterThread: Stopping because end time detected by thread: TCC order-create 1-11
2026-09-10 09:27:24,113 INFO o.a.j.t.JMeterThread: Thread finished: TCC order-create 1-11
2026-09-10 09:27:24,138 INFO o.a.j.t.JMeterThread: Stopping because end time detected by thread: TCC order-create 1-34
2026-09-10 09:27:24,138 INFO o.a.j.t.JMeterThread: Thread finished: TCC order-create 1-34
2026-09-10 09:27:24,163 INFO o.a.j.t.JMeterThread: Stopping because end time detected by thread: TCC order-create 1-24
2026-09-10 09:27:24,163 INFO o.a.j.t.JMeterThread: Thread finished: TCC order-create 1-24
2026-09-10 09:27:24,188 INFO o.a.j.t.JMeterThread: Stopping because end time detected by thread: TCC order-create 1-4
2026-09-10 09:27:24,189 INFO o.a.j.t.JMeterThread: Thread finished: TCC order-create 1-4
2026-09-10 09:27:24,216 INFO o.a.j.t.JMeterThread: Stopping because end time detected by thread: TCC order-create 1-30
2026-09-10 09:27:24,216 INFO o.a.j.t.JMeterThread: Thread finished: TCC order-create 1-30
2026-09-10 09:27:24,243 INFO o.a.j.t.JMeterThread: Stopping because end time detected by thread: TCC order-create 1-33
2026-09-10 09:27:24,243 INFO o.a.j.t.JMeterThread: Thread finished: TCC order-create 1-33
2026-09-10 09:27:24,269 INFO o.a.j.t.JMeterThread: Stopping because end time detected by thread: TCC order-create 1-10
2026-09-10 09:27:24,269 INFO o.a.j.t.JMeterThread: Thread finished: TCC order-create 1-10
2026-09-10 09:27:24,294 INFO o.a.j.t.JMeterThread: Stopping because end time detected by thread: TCC order-create 1-17
2026-09-10 09:27:24,294 INFO o.a.j.t.JMeterThread: Thread finished: TCC order-create 1-17
2026-09-10 09:27:24,320 INFO o.a.j.t.JMeterThread: Stopping because end time detected by thread: TCC order-create 1-29
2026-09-10 09:27:24,320 INFO o.a.j.t.JMeterThread: Thread finished: TCC order-create 1-29
2026-09-10 09:27:24,348 INFO o.a.j.t.JMeterThread: Stopping because end time detected by thread: TCC order-create 1-25
2026-09-10 09:27:24,348 INFO o.a.j.t.JMeterThread: Thread finished: TCC order-create 1-25
2026-09-10 09:27:24,373 INFO o.a.j.t.JMeterThread: Stopping because end time detected by thread: TCC order-create 1-35
2026-09-10 09:27:24,373 INFO o.a.j.t.JMeterThread: Thread finished: TCC order-create 1-35
2026-09-10 09:27:24,399 INFO o.a.j.t.JMeterThread: Stopping because end time detected by thread: TCC order-create 1-5
2026-09-10 09:27:24,399 INFO o.a.j.t.JMeterThread: Thread finished: TCC order-create 1-5
2026-09-10 09:27:24,425 INFO o.a.j.t.JMeterThread: Stopping because end time detected by thread: TCC order-create 1-49
2026-09-10 09:27:24,425 INFO o.a.j.t.JMeterThread: Thread finished: TCC order-create 1-49
2026-09-10 09:27:24,450 INFO o.a.j.t.JMeterThread: Stopping because end time detected by thread: TCC order-create 1-22
2026-09-10 09:27:24,451 INFO o.a.j.t.JMeterThread: Thread finished: TCC order-create 1-22
2026-09-10 09:27:24,476 INFO o.a.j.t.JMeterThread: Stopping because end time detected by thread: TCC order-create 1-47
2026-09-10 09:27:24,476 INFO o.a.j.t.JMeterThread: Thread finished: TCC order-create 1-47
2026-09-10 09:27:24,502 INFO o.a.j.t.JMeterThread: Stopping because end time detected by thread: TCC order-create 1-14
2026-09-10 09:27:24,502 INFO o.a.j.t.JMeterThread: Thread finished: TCC order-create 1-14
2026-09-10 09:27:24,528 INFO o.a.j.t.JMeterThread: Stopping because end time detected by thread: TCC order-create 1-41
2026-09-10 09:27:24,528 INFO o.a.j.t.JMeterThread: Thread finished: TCC order-create 1-41
2026-09-10 09:27:24,553 INFO o.a.j.t.JMeterThread: Stopping because end time detected by thread: TCC order-create 1-1
2026-09-10 09:27:24,553 INFO o.a.j.t.JMeterThread: Thread finished: TCC order-create 1-1
2026-09-10 09:27:24,579 INFO o.a.j.t.JMeterThread: Stopping because end time detected by thread: TCC order-create 1-8
2026-09-10 09:27:24,579 INFO o.a.j.t.JMeterThread: Thread finished: TCC order-create 1-8
2026-09-10 09:27:24,604 INFO o.a.j.t.JMeterThread: Stopping because end time detected by thread: TCC order-create 1-6
2026-09-10 09:27:24,605 INFO o.a.j.t.JMeterThread: Thread finished: TCC order-create 1-6
2026-09-10 09:27:24,630 INFO o.a.j.t.JMeterThread: Stopping because end time detected by thread: TCC order-create 1-16
2026-09-10 09:27:24,630 INFO o.a.j.t.JMeterThread: Thread finished: TCC order-create 1-16
2026-09-10 09:27:24,656 INFO o.a.j.t.JMeterThread: Stopping because end time detected by thread: TCC order-create 1-45
2026-09-10 09:27:24,656 INFO o.a.j.t.JMeterThread: Thread finished: TCC order-create 1-45
2026-09-10 09:27:24,682 INFO o.a.j.t.JMeterThread: Stopping because end time detected by thread: TCC order-create 1-21
2026-09-10 09:27:24,682 INFO o.a.j.t.JMeterThread: Thread finished: TCC order-create 1-21
2026-09-10 09:27:24,709 INFO o.a.j.t.JMeterThread: Stopping because end time detected by thread: TCC order-create 1-7
2026-09-10 09:27:24,709 INFO o.a.j.t.JMeterThread: Thread finished: TCC order-create 1-7
2026-09-10 09:27:24,735 INFO o.a.j.t.JMeterThread: Stopping because end time detected by thread: TCC order-create 1-19
2026-09-10 09:27:24,735 INFO o.a.j.t.JMeterThread: Thread finished: TCC order-create 1-19
2026-09-10 09:27:24,760 INFO o.a.j.t.JMeterThread: Stopping because end time detected by thread: TCC order-create 1-15
2026-09-10 09:27:24,760 INFO o.a.j.t.JMeterThread: Thread finished: TCC order-create 1-15
2026-09-10 09:27:24,791 INFO o.a.j.t.JMeterThread: Stopping because end time detected by thread: TCC order-create 1-46
2026-09-10 09:27:24,791 INFO o.a.j.t.JMeterThread: Thread finished: TCC order-create 1-46
2026-09-10 09:27:24,818 INFO o.a.j.t.JMeterThread: Stopping because end time detected by thread: TCC order-create 1-3
2026-09-10 09:27:24,818 INFO o.a.j.t.JMeterThread: Thread finished: TCC order-create 1-3
2026-09-10 09:27:24,848 INFO o.a.j.t.JMeterThread: Stopping because end time detected by thread: TCC order-create 1-48
2026-09-10 09:27:24,848 INFO o.a.j.t.JMeterThread: Thread finished: TCC order-create 1-48
2026-09-10 09:27:24,874 INFO o.a.j.t.JMeterThread: Stopping because end time detected by thread: TCC order-create 1-40
2026-09-10 09:27:24,874 INFO o.a.j.t.JMeterThread: Thread finished: TCC order-create 1-40
2026-09-10 09:27:24,903 INFO o.a.j.t.JMeterThread: Stopping because end time detected by thread: TCC order-create 1-23
2026-09-10 09:27:24,903 INFO o.a.j.t.JMeterThread: Thread finished: TCC order-create 1-23
2026-09-10 09:27:24,928 INFO o.a.j.t.JMeterThread: Stopping because end time detected by thread: TCC order-create 1-43
2026-09-10 09:27:24,928 INFO o.a.j.t.JMeterThread: Thread finished: TCC order-create 1-43
2026-09-10 09:27:24,955 INFO o.a.j.t.JMeterThread: Stopping because end time detected by thread: TCC order-create 1-32
2026-09-10 09:27:24,955 INFO o.a.j.t.JMeterThread: Thread finished: TCC order-create 1-32
2026-09-10 09:27:24,981 INFO o.a.j.t.JMeterThread: Stopping because end time detected by thread: TCC order-create 1-27
2026-09-10 09:27:24,981 INFO o.a.j.t.JMeterThread: Thread finished: TCC order-create 1-27
2026-09-10 09:27:25,015 INFO o.a.j.t.JMeterThread: Stopping because end time detected by thread: TCC order-create 1-26
2026-09-10 09:27:25,015 INFO o.a.j.t.JMeterThread: Thread finished: TCC order-create 1-26
2026-09-10 09:27:25,043 INFO o.a.j.t.JMeterThread: Stopping because end time detected by thread: TCC order-create 1-36
2026-09-10 09:27:25,043 INFO o.a.j.t.JMeterThread: Thread finished: TCC order-create 1-36
2026-09-10 09:27:25,066 INFO o.a.j.t.JMeterThread: Stopping because end time detected by thread: TCC order-create 1-50
2026-09-10 09:27:25,066 INFO o.a.j.t.JMeterThread: Thread finished: TCC order-create 1-50
2026-09-10 09:27:25,067 INFO o.a.j.e.StandardJMeterEngine: Notifying test listeners of end of test
2026-09-10 09:27:25,070 INFO o.a.j.r.Summariser: summary +    952 in 00:00:25 =   38.0/s Avg:  1314 Min:  1228 Max:  1445 Err:     0 (0.00%) Active: 0 Started: 50 Finished: 50
2026-09-10 09:27:25,070 INFO o.a.j.r.Summariser: summary =   1149 in 00:00:31 =   36.6/s Avg:  1292 Min:   112 Max:  1460 Err:     0 (0.00%)
