2026-09-10 06:24:22,915 INFO o.a.j.u.JMeterUtils: Setting Locale to en_EN
2026-09-10 06:24:22,933 INFO o.a.j.JMeter: Loading user properties from: /home/avituo/projects/tcc/tcc-container/.tools/apache-jmeter-5.6.3/bin/user.properties
2026-09-10 06:24:22,934 INFO o.a.j.JMeter: Loading system properties from: /home/avituo/projects/tcc/tcc-container/.tools/apache-jmeter-5.6.3/bin/system.properties
2026-09-10 06:24:22,934 INFO o.a.j.JMeter: Loading additional properties from: /home/avituo/projects/tcc/tcc-container/benchmark/jmeter/benchmark.properties
2026-09-10 06:24:22,934 INFO o.a.j.JMeter: Loading additional properties from: /tmp/tcc-benchmark-auth.bn7nsY/auth.properties
2026-09-10 06:24:22,934 INFO o.a.j.JMeter: Loading additional properties from: /home/avituo/projects/tcc/tcc-container/benchmark/results/laravel-13.20.0/final/order-show/c25/r2/microservices/thread-counters.properties
2026-09-10 06:24:22,935 INFO o.a.j.JMeter: Setting JMeter property: threads=25
2026-09-10 06:24:22,935 INFO o.a.j.JMeter: Setting JMeter property: duration_seconds=120
2026-09-10 06:24:22,935 INFO o.a.j.JMeter: Setting JMeter property: target_host=localhost
2026-09-10 06:24:22,935 INFO o.a.j.JMeter: Setting JMeter property: target_port=18080
2026-09-10 06:24:22,935 INFO o.a.j.JMeter: Setting JMeter property: tcc.order.id=20000000-0000-4000-8000-000000000001
2026-09-10 06:24:22,935 INFO o.a.j.JMeter: Setting JMeter property: repetition=2
2026-09-10 06:24:22,941 INFO o.a.j.JMeter: Copyright (c) 1998-2024 The Apache Software Foundation
2026-09-10 06:24:22,942 INFO o.a.j.JMeter: Version 5.6.3
2026-09-10 06:24:22,942 INFO o.a.j.JMeter: java.version=21.0.11
2026-09-10 06:24:22,942 INFO o.a.j.JMeter: java.vm.name=OpenJDK 64-Bit Server VM
2026-09-10 06:24:22,942 INFO o.a.j.JMeter: os.name=Linux
2026-09-10 06:24:22,942 INFO o.a.j.JMeter: os.arch=amd64
2026-09-10 06:24:22,942 INFO o.a.j.JMeter: os.version=7.0.11-76070011-generic
2026-09-10 06:24:22,942 INFO o.a.j.JMeter: file.encoding=UTF-8
2026-09-10 06:24:22,942 INFO o.a.j.JMeter: java.awt.headless=true
2026-09-10 06:24:22,942 INFO o.a.j.JMeter: Max memory     =1073741824
2026-09-10 06:24:22,942 INFO o.a.j.JMeter: Available Processors =16
2026-09-10 06:24:22,950 INFO o.a.j.JMeter: Default Locale=English (EN)
2026-09-10 06:24:22,950 INFO o.a.j.JMeter: JMeter  Locale=English (EN)
2026-09-10 06:24:22,950 INFO o.a.j.JMeter: JMeterHome=/home/avituo/projects/tcc/tcc-container/.tools/apache-jmeter-5.6.3
2026-09-10 06:24:22,950 INFO o.a.j.JMeter: user.dir  =/home/avituo/projects/tcc/tcc-container
2026-09-10 06:24:22,951 INFO o.a.j.JMeter: PWD       =/home/avituo/projects/tcc/tcc-container
2026-09-10 06:24:22,962 INFO o.a.j.JMeter: IP: 192.168.1.16 Name: pop-os FullName: pop-os.home
2026-09-10 06:24:22,974 INFO o.a.j.s.FileServer: Default base='/home/avituo/projects/tcc/tcc-container'
2026-09-10 06:24:22,976 INFO o.a.j.s.FileServer: Set new base='/home/avituo/projects/tcc/tcc-container/benchmark/jmeter'
2026-09-10 06:24:23,149 INFO o.a.j.s.SaveService: Testplan (JMX) version: 2.2. Testlog (JTL) version: 2.2
2026-09-10 06:24:23,175 INFO o.a.j.s.SaveService: Using SaveService properties version 5.0
2026-09-10 06:24:23,178 INFO o.a.j.s.SaveService: Using SaveService properties file encoding UTF-8
2026-09-10 06:24:23,183 INFO o.a.j.s.SaveService: Loading file: /home/avituo/projects/tcc/tcc-container/benchmark/jmeter/tcc-order-show-v1.jmx
2026-09-10 06:24:23,234 INFO o.a.j.p.h.s.HTTPSamplerBase: Parser for text/html is org.apache.jmeter.protocol.http.parser.LagartoBasedHtmlParser
2026-09-10 06:24:23,235 INFO o.a.j.p.h.s.HTTPSamplerBase: Parser for application/xhtml+xml is org.apache.jmeter.protocol.http.parser.LagartoBasedHtmlParser
2026-09-10 06:24:23,235 INFO o.a.j.p.h.s.HTTPSamplerBase: Parser for application/xml is org.apache.jmeter.protocol.http.parser.LagartoBasedHtmlParser
2026-09-10 06:24:23,235 INFO o.a.j.p.h.s.HTTPSamplerBase: Parser for text/xml is org.apache.jmeter.protocol.http.parser.LagartoBasedHtmlParser
2026-09-10 06:24:23,235 INFO o.a.j.p.h.s.HTTPSamplerBase: Parser for text/vnd.wap.wml is org.apache.jmeter.protocol.http.parser.RegexpHTMLParser
2026-09-10 06:24:23,235 INFO o.a.j.p.h.s.HTTPSamplerBase: Parser for text/css is org.apache.jmeter.protocol.http.parser.CssParser
2026-09-10 06:24:23,264 INFO o.a.j.JMeter: Creating summariser <summary>
2026-09-10 06:24:23,282 INFO o.a.j.e.StandardJMeterEngine: Running the test!
2026-09-10 06:24:23,283 INFO o.a.j.s.SampleEvent: List of sample_variables: []
2026-09-10 06:24:23,283 INFO o.a.j.s.SampleEvent: List of sample_variables: []
2026-09-10 06:24:23,287 INFO o.a.j.e.u.CompoundVariable: Note: Function class names must contain the string: '.functions.'
2026-09-10 06:24:23,288 INFO o.a.j.e.u.CompoundVariable: Note: Function class names must not contain the string: '.gui.'
2026-09-10 06:24:23,546 INFO o.a.j.JMeter: Running test (1789032263546)
2026-09-10 06:24:23,568 INFO o.a.j.e.StandardJMeterEngine: Starting ThreadGroup: 1 : TCC order-show
2026-09-10 06:24:23,568 INFO o.a.j.e.StandardJMeterEngine: Starting 25 threads for group TCC order-show.
2026-09-10 06:24:23,568 INFO o.a.j.e.StandardJMeterEngine: Thread will continue on error
2026-09-10 06:24:23,569 INFO o.a.j.t.ThreadGroup: Starting thread group... number=1 threads=25 ramp-up=0 delayedStart=false
2026-09-10 06:24:23,575 INFO o.a.j.t.JMeterThread: Thread started: TCC order-show 1-3
2026-09-10 06:24:23,575 INFO o.a.j.t.JMeterThread: Thread started: TCC order-show 1-5
2026-09-10 06:24:23,576 INFO o.a.j.t.JMeterThread: Thread started: TCC order-show 1-6
2026-09-10 06:24:23,575 INFO o.a.j.t.JMeterThread: Thread started: TCC order-show 1-4
2026-09-10 06:24:23,575 INFO o.a.j.t.JMeterThread: Thread started: TCC order-show 1-2
2026-09-10 06:24:23,575 INFO o.a.j.t.JMeterThread: Thread started: TCC order-show 1-1
2026-09-10 06:24:23,577 INFO o.a.j.t.JMeterThread: Thread started: TCC order-show 1-7
2026-09-10 06:24:23,577 INFO o.a.j.t.JMeterThread: Thread started: TCC order-show 1-8
2026-09-10 06:24:23,578 INFO o.a.j.t.JMeterThread: Thread started: TCC order-show 1-9
2026-09-10 06:24:23,579 INFO o.a.j.t.JMeterThread: Thread started: TCC order-show 1-10
2026-09-10 06:24:23,581 INFO o.a.j.t.JMeterThread: Thread started: TCC order-show 1-11
2026-09-10 06:24:23,581 INFO o.a.j.t.JMeterThread: Thread started: TCC order-show 1-12
2026-09-10 06:24:23,582 INFO o.a.j.t.JMeterThread: Thread started: TCC order-show 1-13
2026-09-10 06:24:23,583 INFO o.a.j.t.JMeterThread: Thread started: TCC order-show 1-14
2026-09-10 06:24:23,584 INFO o.a.j.t.JMeterThread: Thread started: TCC order-show 1-15
2026-09-10 06:24:23,585 INFO o.a.j.t.JMeterThread: Thread started: TCC order-show 1-16
2026-09-10 06:24:23,586 INFO o.a.j.t.JMeterThread: Thread started: TCC order-show 1-17
2026-09-10 06:24:23,587 INFO o.a.j.t.JMeterThread: Thread started: TCC order-show 1-18
2026-09-10 06:24:23,587 INFO o.a.j.t.JMeterThread: Thread started: TCC order-show 1-19
2026-09-10 06:24:23,588 INFO o.a.j.t.JMeterThread: Thread started: TCC order-show 1-20
2026-09-10 06:24:23,589 INFO o.a.j.t.JMeterThread: Thread started: TCC order-show 1-21
2026-09-10 06:24:23,589 INFO o.a.j.t.JMeterThread: Thread started: TCC order-show 1-22
2026-09-10 06:24:23,590 INFO o.a.j.t.JMeterThread: Thread started: TCC order-show 1-23
2026-09-10 06:24:23,590 INFO o.a.j.t.ThreadGroup: Started thread group number 1
2026-09-10 06:24:23,591 INFO o.a.j.e.StandardJMeterEngine: All thread groups have been started
2026-09-10 06:24:23,590 INFO o.a.j.t.JMeterThread: Thread started: TCC order-show 1-24
2026-09-10 06:24:23,591 INFO o.a.j.t.JMeterThread: Thread started: TCC order-show 1-25
2026-09-10 06:24:23,598 INFO o.a.j.p.h.s.HTTPHCAbstractImpl: Local host = pop-os
2026-09-10 06:24:23,604 INFO o.a.j.p.h.s.HTTPHC4Impl: HTTP request retry count = 0
2026-09-10 06:24:23,605 INFO o.a.j.s.SampleResult: Note: Sample TimeStamps are START times
2026-09-10 06:24:23,605 INFO o.a.j.s.SampleResult: sampleresult.default.encoding is set to UTF-8
2026-09-10 06:24:23,605 INFO o.a.j.s.SampleResult: sampleresult.useNanoTime=true
2026-09-10 06:24:23,605 INFO o.a.j.s.SampleResult: sampleresult.nanoThreadSleep=5000
2026-09-10 06:24:30,003 INFO o.a.j.r.Summariser: summary +    747 in 00:00:06 =  115.7/s Avg:   181 Min:    20 Max:   341 Err:     0 (0.00%) Active: 25 Started: 25 Finished: 0
2026-09-10 06:25:00,001 INFO o.a.j.r.Summariser: summary +   4217 in 00:00:30 =  140.6/s Avg:   177 Min:   165 Max:   207 Err:     0 (0.00%) Active: 25 Started: 25 Finished: 0
2026-09-10 06:25:00,002 INFO o.a.j.r.Summariser: summary =   4964 in 00:00:36 =  136.2/s Avg:   177 Min:    20 Max:   341 Err:     0 (0.00%)
2026-09-10 06:25:30,006 INFO o.a.j.r.Summariser: summary +   4293 in 00:00:30 =  143.1/s Avg:   174 Min:   161 Max:   197 Err:     0 (0.00%) Active: 25 Started: 25 Finished: 0
2026-09-10 06:25:30,007 INFO o.a.j.r.Summariser: summary =   9257 in 00:01:06 =  139.3/s Avg:   176 Min:    20 Max:   341 Err:     0 (0.00%)
2026-09-10 06:26:00,001 INFO o.a.j.r.Summariser: summary +   4296 in 00:00:30 =  143.2/s Avg:   174 Min:   163 Max:   246 Err:     0 (0.00%) Active: 25 Started: 25 Finished: 0
2026-09-10 06:26:00,001 INFO o.a.j.r.Summariser: summary =  13553 in 00:01:36 =  140.5/s Avg:   175 Min:    20 Max:   341 Err:     0 (0.00%)
2026-09-10 06:26:23,586 INFO o.a.j.t.JMeterThread: Stopping because end time detected by thread: TCC order-show 1-10
2026-09-10 06:26:23,586 INFO o.a.j.t.JMeterThread: Thread finished: TCC order-show 1-10
2026-09-10 06:26:23,592 INFO o.a.j.t.JMeterThread: Stopping because end time detected by thread: TCC order-show 1-25
2026-09-10 06:26:23,592 INFO o.a.j.t.JMeterThread: Thread finished: TCC order-show 1-25
2026-09-10 06:26:23,599 INFO o.a.j.t.JMeterThread: Stopping because end time detected by thread: TCC order-show 1-4
2026-09-10 06:26:23,599 INFO o.a.j.t.JMeterThread: Thread finished: TCC order-show 1-4
2026-09-10 06:26:23,606 INFO o.a.j.t.JMeterThread: Stopping because end time detected by thread: TCC order-show 1-8
2026-09-10 06:26:23,606 INFO o.a.j.t.JMeterThread: Thread finished: TCC order-show 1-8
2026-09-10 06:26:23,612 INFO o.a.j.t.JMeterThread: Stopping because end time detected by thread: TCC order-show 1-21
2026-09-10 06:26:23,612 INFO o.a.j.t.JMeterThread: Thread finished: TCC order-show 1-21
2026-09-10 06:26:23,619 INFO o.a.j.t.JMeterThread: Stopping because end time detected by thread: TCC order-show 1-5
2026-09-10 06:26:23,619 INFO o.a.j.t.JMeterThread: Thread finished: TCC order-show 1-5
2026-09-10 06:26:23,626 INFO o.a.j.t.JMeterThread: Stopping because end time detected by thread: TCC order-show 1-19
2026-09-10 06:26:23,626 INFO o.a.j.t.JMeterThread: Thread finished: TCC order-show 1-19
2026-09-10 06:26:23,633 INFO o.a.j.t.JMeterThread: Stopping because end time detected by thread: TCC order-show 1-9
2026-09-10 06:26:23,633 INFO o.a.j.t.JMeterThread: Thread finished: TCC order-show 1-9
2026-09-10 06:26:23,640 INFO o.a.j.t.JMeterThread: Stopping because end time detected by thread: TCC order-show 1-17
2026-09-10 06:26:23,640 INFO o.a.j.t.JMeterThread: Thread finished: TCC order-show 1-17
2026-09-10 06:26:23,647 INFO o.a.j.t.JMeterThread: Stopping because end time detected by thread: TCC order-show 1-3
2026-09-10 06:26:23,647 INFO o.a.j.t.JMeterThread: Thread finished: TCC order-show 1-3
2026-09-10 06:26:23,654 INFO o.a.j.t.JMeterThread: Stopping because end time detected by thread: TCC order-show 1-16
2026-09-10 06:26:23,654 INFO o.a.j.t.JMeterThread: Thread finished: TCC order-show 1-16
2026-09-10 06:26:23,661 INFO o.a.j.t.JMeterThread: Stopping because end time detected by thread: TCC order-show 1-11
2026-09-10 06:26:23,661 INFO o.a.j.t.JMeterThread: Thread finished: TCC order-show 1-11
2026-09-10 06:26:23,667 INFO o.a.j.t.JMeterThread: Stopping because end time detected by thread: TCC order-show 1-15
2026-09-10 06:26:23,667 INFO o.a.j.t.JMeterThread: Thread finished: TCC order-show 1-15
2026-09-10 06:26:23,674 INFO o.a.j.t.JMeterThread: Stopping because end time detected by thread: TCC order-show 1-2
2026-09-10 06:26:23,674 INFO o.a.j.t.JMeterThread: Thread finished: TCC order-show 1-2
2026-09-10 06:26:23,681 INFO o.a.j.t.JMeterThread: Stopping because end time detected by thread: TCC order-show 1-1
2026-09-10 06:26:23,681 INFO o.a.j.t.JMeterThread: Thread finished: TCC order-show 1-1
2026-09-10 06:26:23,687 INFO o.a.j.t.JMeterThread: Stopping because end time detected by thread: TCC order-show 1-22
2026-09-10 06:26:23,688 INFO o.a.j.t.JMeterThread: Thread finished: TCC order-show 1-22
2026-09-10 06:26:23,695 INFO o.a.j.t.JMeterThread: Stopping because end time detected by thread: TCC order-show 1-20
2026-09-10 06:26:23,695 INFO o.a.j.t.JMeterThread: Thread finished: TCC order-show 1-20
2026-09-10 06:26:23,701 INFO o.a.j.t.JMeterThread: Stopping because end time detected by thread: TCC order-show 1-14
2026-09-10 06:26:23,702 INFO o.a.j.t.JMeterThread: Thread finished: TCC order-show 1-14
2026-09-10 06:26:23,708 INFO o.a.j.t.JMeterThread: Stopping because end time detected by thread: TCC order-show 1-7
2026-09-10 06:26:23,709 INFO o.a.j.t.JMeterThread: Thread finished: TCC order-show 1-7
2026-09-10 06:26:23,715 INFO o.a.j.t.JMeterThread: Stopping because end time detected by thread: TCC order-show 1-6
2026-09-10 06:26:23,715 INFO o.a.j.t.JMeterThread: Thread finished: TCC order-show 1-6
2026-09-10 06:26:23,722 INFO o.a.j.t.JMeterThread: Stopping because end time detected by thread: TCC order-show 1-12
2026-09-10 06:26:23,722 INFO o.a.j.t.JMeterThread: Thread finished: TCC order-show 1-12
2026-09-10 06:26:23,728 INFO o.a.j.t.JMeterThread: Stopping because end time detected by thread: TCC order-show 1-23
2026-09-10 06:26:23,728 INFO o.a.j.t.JMeterThread: Thread finished: TCC order-show 1-23
2026-09-10 06:26:23,735 INFO o.a.j.t.JMeterThread: Stopping because end time detected by thread: TCC order-show 1-24
2026-09-10 06:26:23,735 INFO o.a.j.t.JMeterThread: Thread finished: TCC order-show 1-24
2026-09-10 06:26:23,742 INFO o.a.j.t.JMeterThread: Stopping because end time detected by thread: TCC order-show 1-18
2026-09-10 06:26:23,742 INFO o.a.j.t.JMeterThread: Thread finished: TCC order-show 1-18
2026-09-10 06:26:23,749 INFO o.a.j.t.JMeterThread: Stopping because end time detected by thread: TCC order-show 1-13
2026-09-10 06:26:23,749 INFO o.a.j.t.JMeterThread: Thread finished: TCC order-show 1-13
2026-09-10 06:26:23,749 INFO o.a.j.e.StandardJMeterEngine: Notifying test listeners of end of test
2026-09-10 06:26:23,753 INFO o.a.j.r.Summariser: summary +   3411 in 00:00:24 =  143.6/s Avg:   173 Min:   163 Max:   242 Err:     0 (0.00%) Active: 0 Started: 25 Finished: 25
2026-09-10 06:26:23,753 INFO o.a.j.r.Summariser: summary =  16964 in 00:02:00 =  141.1/s Avg:   175 Min:    20 Max:   341 Err:     0 (0.00%)
