2026-09-10 06:23:47,795 INFO o.a.j.u.JMeterUtils: Setting Locale to en_EN
2026-09-10 06:23:47,814 INFO o.a.j.JMeter: Loading user properties from: /home/avituo/projects/tcc/tcc-container/.tools/apache-jmeter-5.6.3/bin/user.properties
2026-09-10 06:23:47,814 INFO o.a.j.JMeter: Loading system properties from: /home/avituo/projects/tcc/tcc-container/.tools/apache-jmeter-5.6.3/bin/system.properties
2026-09-10 06:23:47,814 INFO o.a.j.JMeter: Loading additional properties from: /home/avituo/projects/tcc/tcc-container/benchmark/jmeter/benchmark.properties
2026-09-10 06:23:47,815 INFO o.a.j.JMeter: Loading additional properties from: /tmp/tcc-benchmark-auth.bn7nsY/auth.properties
2026-09-10 06:23:47,815 INFO o.a.j.JMeter: Setting JMeter property: threads=25
2026-09-10 06:23:47,815 INFO o.a.j.JMeter: Setting JMeter property: duration_seconds=30
2026-09-10 06:23:47,815 INFO o.a.j.JMeter: Setting JMeter property: target_host=localhost
2026-09-10 06:23:47,815 INFO o.a.j.JMeter: Setting JMeter property: target_port=18080
2026-09-10 06:23:47,815 INFO o.a.j.JMeter: Setting JMeter property: tcc.order.id=20000000-0000-4000-8000-000000000001
2026-09-10 06:23:47,815 INFO o.a.j.JMeter: Setting JMeter property: repetition=2
2026-09-10 06:23:47,821 INFO o.a.j.JMeter: Copyright (c) 1998-2024 The Apache Software Foundation
2026-09-10 06:23:47,822 INFO o.a.j.JMeter: Version 5.6.3
2026-09-10 06:23:47,822 INFO o.a.j.JMeter: java.version=21.0.11
2026-09-10 06:23:47,822 INFO o.a.j.JMeter: java.vm.name=OpenJDK 64-Bit Server VM
2026-09-10 06:23:47,822 INFO o.a.j.JMeter: os.name=Linux
2026-09-10 06:23:47,822 INFO o.a.j.JMeter: os.arch=amd64
2026-09-10 06:23:47,822 INFO o.a.j.JMeter: os.version=7.0.11-76070011-generic
2026-09-10 06:23:47,822 INFO o.a.j.JMeter: file.encoding=UTF-8
2026-09-10 06:23:47,822 INFO o.a.j.JMeter: java.awt.headless=true
2026-09-10 06:23:47,822 INFO o.a.j.JMeter: Max memory     =1073741824
2026-09-10 06:23:47,822 INFO o.a.j.JMeter: Available Processors =16
2026-09-10 06:23:47,831 INFO o.a.j.JMeter: Default Locale=English (EN)
2026-09-10 06:23:47,831 INFO o.a.j.JMeter: JMeter  Locale=English (EN)
2026-09-10 06:23:47,831 INFO o.a.j.JMeter: JMeterHome=/home/avituo/projects/tcc/tcc-container/.tools/apache-jmeter-5.6.3
2026-09-10 06:23:47,831 INFO o.a.j.JMeter: user.dir  =/home/avituo/projects/tcc/tcc-container
2026-09-10 06:23:47,831 INFO o.a.j.JMeter: PWD       =/home/avituo/projects/tcc/tcc-container
2026-09-10 06:23:47,843 INFO o.a.j.JMeter: IP: 192.168.1.16 Name: pop-os FullName: pop-os.home
2026-09-10 06:23:47,855 INFO o.a.j.s.FileServer: Default base='/home/avituo/projects/tcc/tcc-container'
2026-09-10 06:23:47,857 INFO o.a.j.s.FileServer: Set new base='/home/avituo/projects/tcc/tcc-container/benchmark/jmeter'
2026-09-10 06:23:48,037 INFO o.a.j.s.SaveService: Testplan (JMX) version: 2.2. Testlog (JTL) version: 2.2
2026-09-10 06:23:48,064 INFO o.a.j.s.SaveService: Using SaveService properties version 5.0
2026-09-10 06:23:48,068 INFO o.a.j.s.SaveService: Using SaveService properties file encoding UTF-8
2026-09-10 06:23:48,071 INFO o.a.j.s.SaveService: Loading file: /home/avituo/projects/tcc/tcc-container/benchmark/jmeter/tcc-order-show-v1.jmx
2026-09-10 06:23:48,121 INFO o.a.j.p.h.s.HTTPSamplerBase: Parser for text/html is org.apache.jmeter.protocol.http.parser.LagartoBasedHtmlParser
2026-09-10 06:23:48,121 INFO o.a.j.p.h.s.HTTPSamplerBase: Parser for application/xhtml+xml is org.apache.jmeter.protocol.http.parser.LagartoBasedHtmlParser
2026-09-10 06:23:48,121 INFO o.a.j.p.h.s.HTTPSamplerBase: Parser for application/xml is org.apache.jmeter.protocol.http.parser.LagartoBasedHtmlParser
2026-09-10 06:23:48,121 INFO o.a.j.p.h.s.HTTPSamplerBase: Parser for text/xml is org.apache.jmeter.protocol.http.parser.LagartoBasedHtmlParser
2026-09-10 06:23:48,121 INFO o.a.j.p.h.s.HTTPSamplerBase: Parser for text/vnd.wap.wml is org.apache.jmeter.protocol.http.parser.RegexpHTMLParser
2026-09-10 06:23:48,122 INFO o.a.j.p.h.s.HTTPSamplerBase: Parser for text/css is org.apache.jmeter.protocol.http.parser.CssParser
2026-09-10 06:23:48,152 INFO o.a.j.JMeter: Creating summariser <summary>
2026-09-10 06:23:48,169 INFO o.a.j.e.StandardJMeterEngine: Running the test!
2026-09-10 06:23:48,170 INFO o.a.j.s.SampleEvent: List of sample_variables: []
2026-09-10 06:23:48,171 INFO o.a.j.s.SampleEvent: List of sample_variables: []
2026-09-10 06:23:48,176 INFO o.a.j.e.u.CompoundVariable: Note: Function class names must contain the string: '.functions.'
2026-09-10 06:23:48,176 INFO o.a.j.e.u.CompoundVariable: Note: Function class names must not contain the string: '.gui.'
2026-09-10 06:23:48,429 INFO o.a.j.JMeter: Running test (1789032228429)
2026-09-10 06:23:48,452 INFO o.a.j.e.StandardJMeterEngine: Starting ThreadGroup: 1 : TCC order-show
2026-09-10 06:23:48,452 INFO o.a.j.e.StandardJMeterEngine: Starting 25 threads for group TCC order-show.
2026-09-10 06:23:48,452 INFO o.a.j.e.StandardJMeterEngine: Thread will continue on error
2026-09-10 06:23:48,453 INFO o.a.j.t.ThreadGroup: Starting thread group... number=1 threads=25 ramp-up=0 delayedStart=false
2026-09-10 06:23:48,459 INFO o.a.j.t.JMeterThread: Thread started: TCC order-show 1-5
2026-09-10 06:23:48,459 INFO o.a.j.t.JMeterThread: Thread started: TCC order-show 1-6
2026-09-10 06:23:48,459 INFO o.a.j.t.JMeterThread: Thread started: TCC order-show 1-4
2026-09-10 06:23:48,459 INFO o.a.j.t.JMeterThread: Thread started: TCC order-show 1-2
2026-09-10 06:23:48,459 INFO o.a.j.t.JMeterThread: Thread started: TCC order-show 1-3
2026-09-10 06:23:48,459 INFO o.a.j.t.JMeterThread: Thread started: TCC order-show 1-1
2026-09-10 06:23:48,461 INFO o.a.j.t.JMeterThread: Thread started: TCC order-show 1-7
2026-09-10 06:23:48,461 INFO o.a.j.t.JMeterThread: Thread started: TCC order-show 1-8
2026-09-10 06:23:48,462 INFO o.a.j.t.JMeterThread: Thread started: TCC order-show 1-9
2026-09-10 06:23:48,462 INFO o.a.j.t.JMeterThread: Thread started: TCC order-show 1-10
2026-09-10 06:23:48,463 INFO o.a.j.t.JMeterThread: Thread started: TCC order-show 1-11
2026-09-10 06:23:48,464 INFO o.a.j.t.JMeterThread: Thread started: TCC order-show 1-12
2026-09-10 06:23:48,465 INFO o.a.j.t.JMeterThread: Thread started: TCC order-show 1-13
2026-09-10 06:23:48,465 INFO o.a.j.t.JMeterThread: Thread started: TCC order-show 1-14
2026-09-10 06:23:48,467 INFO o.a.j.t.JMeterThread: Thread started: TCC order-show 1-15
2026-09-10 06:23:48,468 INFO o.a.j.t.JMeterThread: Thread started: TCC order-show 1-16
2026-09-10 06:23:48,469 INFO o.a.j.t.JMeterThread: Thread started: TCC order-show 1-17
2026-09-10 06:23:48,469 INFO o.a.j.t.JMeterThread: Thread started: TCC order-show 1-18
2026-09-10 06:23:48,470 INFO o.a.j.t.JMeterThread: Thread started: TCC order-show 1-19
2026-09-10 06:23:48,470 INFO o.a.j.t.JMeterThread: Thread started: TCC order-show 1-20
2026-09-10 06:23:48,471 INFO o.a.j.t.JMeterThread: Thread started: TCC order-show 1-21
2026-09-10 06:23:48,472 INFO o.a.j.t.JMeterThread: Thread started: TCC order-show 1-23
2026-09-10 06:23:48,471 INFO o.a.j.t.JMeterThread: Thread started: TCC order-show 1-22
2026-09-10 06:23:48,472 INFO o.a.j.t.ThreadGroup: Started thread group number 1
2026-09-10 06:23:48,472 INFO o.a.j.t.JMeterThread: Thread started: TCC order-show 1-24
2026-09-10 06:23:48,472 INFO o.a.j.e.StandardJMeterEngine: All thread groups have been started
2026-09-10 06:23:48,472 INFO o.a.j.t.JMeterThread: Thread started: TCC order-show 1-25
2026-09-10 06:23:48,479 INFO o.a.j.p.h.s.HTTPHCAbstractImpl: Local host = pop-os
2026-09-10 06:23:48,485 INFO o.a.j.p.h.s.HTTPHC4Impl: HTTP request retry count = 0
2026-09-10 06:23:48,486 INFO o.a.j.s.SampleResult: Note: Sample TimeStamps are START times
2026-09-10 06:23:48,487 INFO o.a.j.s.SampleResult: sampleresult.default.encoding is set to UTF-8
2026-09-10 06:23:48,487 INFO o.a.j.s.SampleResult: sampleresult.useNanoTime=true
2026-09-10 06:23:48,487 INFO o.a.j.s.SampleResult: sampleresult.nanoThreadSleep=5000
2026-09-10 06:24:00,005 INFO o.a.j.r.Summariser: summary +   1328 in 00:00:12 =  114.7/s Avg:   197 Min:    35 Max:   446 Err:     0 (0.00%) Active: 25 Started: 25 Finished: 0
2026-09-10 06:24:18,471 INFO o.a.j.t.JMeterThread: Stopping because end time detected by thread: TCC order-show 1-15
2026-09-10 06:24:18,471 INFO o.a.j.t.JMeterThread: Thread finished: TCC order-show 1-15
2026-09-10 06:24:18,478 INFO o.a.j.t.JMeterThread: Stopping because end time detected by thread: TCC order-show 1-8
2026-09-10 06:24:18,479 INFO o.a.j.t.JMeterThread: Thread finished: TCC order-show 1-8
2026-09-10 06:24:18,485 INFO o.a.j.t.JMeterThread: Stopping because end time detected by thread: TCC order-show 1-1
2026-09-10 06:24:18,485 INFO o.a.j.t.JMeterThread: Thread finished: TCC order-show 1-1
2026-09-10 06:24:18,491 INFO o.a.j.t.JMeterThread: Stopping because end time detected by thread: TCC order-show 1-20
2026-09-10 06:24:18,491 INFO o.a.j.t.JMeterThread: Thread finished: TCC order-show 1-20
2026-09-10 06:24:18,498 INFO o.a.j.t.JMeterThread: Stopping because end time detected by thread: TCC order-show 1-18
2026-09-10 06:24:18,499 INFO o.a.j.t.JMeterThread: Thread finished: TCC order-show 1-18
2026-09-10 06:24:18,505 INFO o.a.j.t.JMeterThread: Stopping because end time detected by thread: TCC order-show 1-25
2026-09-10 06:24:18,505 INFO o.a.j.t.JMeterThread: Thread finished: TCC order-show 1-25
2026-09-10 06:24:18,512 INFO o.a.j.t.JMeterThread: Stopping because end time detected by thread: TCC order-show 1-13
2026-09-10 06:24:18,512 INFO o.a.j.t.JMeterThread: Thread finished: TCC order-show 1-13
2026-09-10 06:24:18,519 INFO o.a.j.t.JMeterThread: Stopping because end time detected by thread: TCC order-show 1-9
2026-09-10 06:24:18,519 INFO o.a.j.t.JMeterThread: Thread finished: TCC order-show 1-9
2026-09-10 06:24:18,527 INFO o.a.j.t.JMeterThread: Stopping because end time detected by thread: TCC order-show 1-11
2026-09-10 06:24:18,527 INFO o.a.j.t.JMeterThread: Thread finished: TCC order-show 1-11
2026-09-10 06:24:18,534 INFO o.a.j.t.JMeterThread: Stopping because end time detected by thread: TCC order-show 1-10
2026-09-10 06:24:18,535 INFO o.a.j.t.JMeterThread: Thread finished: TCC order-show 1-10
2026-09-10 06:24:18,542 INFO o.a.j.t.JMeterThread: Stopping because end time detected by thread: TCC order-show 1-16
2026-09-10 06:24:18,542 INFO o.a.j.t.JMeterThread: Thread finished: TCC order-show 1-16
2026-09-10 06:24:18,549 INFO o.a.j.t.JMeterThread: Stopping because end time detected by thread: TCC order-show 1-17
2026-09-10 06:24:18,549 INFO o.a.j.t.JMeterThread: Thread finished: TCC order-show 1-17
2026-09-10 06:24:18,556 INFO o.a.j.t.JMeterThread: Stopping because end time detected by thread: TCC order-show 1-12
2026-09-10 06:24:18,557 INFO o.a.j.t.JMeterThread: Thread finished: TCC order-show 1-12
2026-09-10 06:24:18,564 INFO o.a.j.t.JMeterThread: Stopping because end time detected by thread: TCC order-show 1-21
2026-09-10 06:24:18,564 INFO o.a.j.t.JMeterThread: Thread finished: TCC order-show 1-21
2026-09-10 06:24:18,571 INFO o.a.j.t.JMeterThread: Stopping because end time detected by thread: TCC order-show 1-5
2026-09-10 06:24:18,571 INFO o.a.j.t.JMeterThread: Thread finished: TCC order-show 1-5
2026-09-10 06:24:18,578 INFO o.a.j.t.JMeterThread: Stopping because end time detected by thread: TCC order-show 1-19
2026-09-10 06:24:18,578 INFO o.a.j.t.JMeterThread: Thread finished: TCC order-show 1-19
2026-09-10 06:24:18,585 INFO o.a.j.t.JMeterThread: Stopping because end time detected by thread: TCC order-show 1-2
2026-09-10 06:24:18,585 INFO o.a.j.t.JMeterThread: Thread finished: TCC order-show 1-2
2026-09-10 06:24:18,593 INFO o.a.j.t.JMeterThread: Stopping because end time detected by thread: TCC order-show 1-4
2026-09-10 06:24:18,593 INFO o.a.j.t.JMeterThread: Thread finished: TCC order-show 1-4
2026-09-10 06:24:18,599 INFO o.a.j.t.JMeterThread: Stopping because end time detected by thread: TCC order-show 1-22
2026-09-10 06:24:18,600 INFO o.a.j.t.JMeterThread: Thread finished: TCC order-show 1-22
2026-09-10 06:24:18,607 INFO o.a.j.t.JMeterThread: Stopping because end time detected by thread: TCC order-show 1-24
2026-09-10 06:24:18,607 INFO o.a.j.t.JMeterThread: Thread finished: TCC order-show 1-24
2026-09-10 06:24:18,614 INFO o.a.j.t.JMeterThread: Stopping because end time detected by thread: TCC order-show 1-14
2026-09-10 06:24:18,614 INFO o.a.j.t.JMeterThread: Thread finished: TCC order-show 1-14
2026-09-10 06:24:18,621 INFO o.a.j.t.JMeterThread: Stopping because end time detected by thread: TCC order-show 1-3
2026-09-10 06:24:18,621 INFO o.a.j.t.JMeterThread: Thread finished: TCC order-show 1-3
2026-09-10 06:24:18,628 INFO o.a.j.t.JMeterThread: Stopping because end time detected by thread: TCC order-show 1-6
2026-09-10 06:24:18,629 INFO o.a.j.t.JMeterThread: Thread finished: TCC order-show 1-6
2026-09-10 06:24:18,635 INFO o.a.j.t.JMeterThread: Stopping because end time detected by thread: TCC order-show 1-7
2026-09-10 06:24:18,635 INFO o.a.j.t.JMeterThread: Thread finished: TCC order-show 1-7
2026-09-10 06:24:18,643 INFO o.a.j.t.JMeterThread: Stopping because end time detected by thread: TCC order-show 1-23
2026-09-10 06:24:18,643 INFO o.a.j.t.JMeterThread: Thread finished: TCC order-show 1-23
2026-09-10 06:24:18,643 INFO o.a.j.e.StandardJMeterEngine: Notifying test listeners of end of test
2026-09-10 06:24:18,647 INFO o.a.j.r.Summariser: summary +   2543 in 00:00:19 =  136.4/s Avg:   182 Min:   169 Max:   223 Err:     0 (0.00%) Active: 0 Started: 25 Finished: 25
2026-09-10 06:24:18,647 INFO o.a.j.r.Summariser: summary =   3871 in 00:00:30 =  128.1/s Avg:   187 Min:    35 Max:   446 Err:     0 (0.00%)
