2026-09-10 08:32:40,044 INFO o.a.j.u.JMeterUtils: Setting Locale to en_EN
2026-09-10 08:32:40,060 INFO o.a.j.JMeter: Loading user properties from: /home/avituo/projects/tcc/tcc-container/.tools/apache-jmeter-5.6.3/bin/user.properties
2026-09-10 08:32:40,060 INFO o.a.j.JMeter: Loading system properties from: /home/avituo/projects/tcc/tcc-container/.tools/apache-jmeter-5.6.3/bin/system.properties
2026-09-10 08:32:40,060 INFO o.a.j.JMeter: Loading additional properties from: /home/avituo/projects/tcc/tcc-container/benchmark/jmeter/benchmark.properties
2026-09-10 08:32:40,061 INFO o.a.j.JMeter: Loading additional properties from: /tmp/tcc-benchmark-auth.8KJV2p/auth.properties
2026-09-10 08:32:40,061 INFO o.a.j.JMeter: Setting JMeter property: threads=10
2026-09-10 08:32:40,061 INFO o.a.j.JMeter: Setting JMeter property: duration_seconds=30
2026-09-10 08:32:40,061 INFO o.a.j.JMeter: Setting JMeter property: target_host=localhost
2026-09-10 08:32:40,061 INFO o.a.j.JMeter: Setting JMeter property: target_port=18000
2026-09-10 08:32:40,061 INFO o.a.j.JMeter: Setting JMeter property: tcc.order.id=1
2026-09-10 08:32:40,061 INFO o.a.j.JMeter: Setting JMeter property: repetition=5
2026-09-10 08:32:40,067 INFO o.a.j.JMeter: Copyright (c) 1998-2024 The Apache Software Foundation
2026-09-10 08:32:40,067 INFO o.a.j.JMeter: Version 5.6.3
2026-09-10 08:32:40,067 INFO o.a.j.JMeter: java.version=21.0.11
2026-09-10 08:32:40,067 INFO o.a.j.JMeter: java.vm.name=OpenJDK 64-Bit Server VM
2026-09-10 08:32:40,067 INFO o.a.j.JMeter: os.name=Linux
2026-09-10 08:32:40,067 INFO o.a.j.JMeter: os.arch=amd64
2026-09-10 08:32:40,067 INFO o.a.j.JMeter: os.version=7.0.11-76070011-generic
2026-09-10 08:32:40,067 INFO o.a.j.JMeter: file.encoding=UTF-8
2026-09-10 08:32:40,067 INFO o.a.j.JMeter: java.awt.headless=true
2026-09-10 08:32:40,068 INFO o.a.j.JMeter: Max memory     =1073741824
2026-09-10 08:32:40,068 INFO o.a.j.JMeter: Available Processors =16
2026-09-10 08:32:40,076 INFO o.a.j.JMeter: Default Locale=English (EN)
2026-09-10 08:32:40,076 INFO o.a.j.JMeter: JMeter  Locale=English (EN)
2026-09-10 08:32:40,076 INFO o.a.j.JMeter: JMeterHome=/home/avituo/projects/tcc/tcc-container/.tools/apache-jmeter-5.6.3
2026-09-10 08:32:40,076 INFO o.a.j.JMeter: user.dir  =/home/avituo/projects/tcc/tcc-container
2026-09-10 08:32:40,077 INFO o.a.j.JMeter: PWD       =/home/avituo/projects/tcc/tcc-container
2026-09-10 08:32:40,085 INFO o.a.j.JMeter: IP: 192.168.1.16 Name: pop-os FullName: pop-os.home
2026-09-10 08:32:40,097 INFO o.a.j.s.FileServer: Default base='/home/avituo/projects/tcc/tcc-container'
2026-09-10 08:32:40,099 INFO o.a.j.s.FileServer: Set new base='/home/avituo/projects/tcc/tcc-container/benchmark/jmeter'
2026-09-10 08:32:40,264 INFO o.a.j.s.SaveService: Testplan (JMX) version: 2.2. Testlog (JTL) version: 2.2
2026-09-10 08:32:40,289 INFO o.a.j.s.SaveService: Using SaveService properties version 5.0
2026-09-10 08:32:40,293 INFO o.a.j.s.SaveService: Using SaveService properties file encoding UTF-8
2026-09-10 08:32:40,296 INFO o.a.j.s.SaveService: Loading file: /home/avituo/projects/tcc/tcc-container/benchmark/jmeter/tcc-order-create-v1.jmx
2026-09-10 08:32:40,346 INFO o.a.j.p.h.s.HTTPSamplerBase: Parser for text/html is org.apache.jmeter.protocol.http.parser.LagartoBasedHtmlParser
2026-09-10 08:32:40,346 INFO o.a.j.p.h.s.HTTPSamplerBase: Parser for application/xhtml+xml is org.apache.jmeter.protocol.http.parser.LagartoBasedHtmlParser
2026-09-10 08:32:40,346 INFO o.a.j.p.h.s.HTTPSamplerBase: Parser for application/xml is org.apache.jmeter.protocol.http.parser.LagartoBasedHtmlParser
2026-09-10 08:32:40,346 INFO o.a.j.p.h.s.HTTPSamplerBase: Parser for text/xml is org.apache.jmeter.protocol.http.parser.LagartoBasedHtmlParser
2026-09-10 08:32:40,346 INFO o.a.j.p.h.s.HTTPSamplerBase: Parser for text/vnd.wap.wml is org.apache.jmeter.protocol.http.parser.RegexpHTMLParser
2026-09-10 08:32:40,346 INFO o.a.j.p.h.s.HTTPSamplerBase: Parser for text/css is org.apache.jmeter.protocol.http.parser.CssParser
2026-09-10 08:32:40,378 INFO o.a.j.JMeter: Creating summariser <summary>
2026-09-10 08:32:40,395 INFO o.a.j.e.StandardJMeterEngine: Running the test!
2026-09-10 08:32:40,395 INFO o.a.j.s.SampleEvent: List of sample_variables: []
2026-09-10 08:32:40,396 INFO o.a.j.s.SampleEvent: List of sample_variables: []
2026-09-10 08:32:40,400 INFO o.a.j.e.u.CompoundVariable: Note: Function class names must contain the string: '.functions.'
2026-09-10 08:32:40,400 INFO o.a.j.e.u.CompoundVariable: Note: Function class names must not contain the string: '.gui.'
2026-09-10 08:32:40,630 INFO o.a.j.JMeter: Running test (1789039960630)
2026-09-10 08:32:40,649 INFO o.a.j.e.StandardJMeterEngine: Starting ThreadGroup: 1 : TCC order-create
2026-09-10 08:32:40,650 INFO o.a.j.e.StandardJMeterEngine: Starting 10 threads for group TCC order-create.
2026-09-10 08:32:40,650 INFO o.a.j.e.StandardJMeterEngine: Thread will continue on error
2026-09-10 08:32:40,650 INFO o.a.j.t.ThreadGroup: Starting thread group... number=1 threads=10 ramp-up=0 delayedStart=false
2026-09-10 08:32:40,656 INFO o.a.j.t.JMeterThread: Thread started: TCC order-create 1-3
2026-09-10 08:32:40,656 INFO o.a.j.t.JMeterThread: Thread started: TCC order-create 1-5
2026-09-10 08:32:40,656 INFO o.a.j.t.JMeterThread: Thread started: TCC order-create 1-2
2026-09-10 08:32:40,656 INFO o.a.j.t.JMeterThread: Thread started: TCC order-create 1-4
2026-09-10 08:32:40,657 INFO o.a.j.t.JMeterThread: Thread started: TCC order-create 1-1
2026-09-10 08:32:40,657 INFO o.a.j.t.JMeterThread: Thread started: TCC order-create 1-6
2026-09-10 08:32:40,658 INFO o.a.j.t.JMeterThread: Thread started: TCC order-create 1-7
2026-09-10 08:32:40,659 INFO o.a.j.t.JMeterThread: Thread started: TCC order-create 1-8
2026-09-10 08:32:40,659 INFO o.a.j.t.JMeterThread: Thread started: TCC order-create 1-9
2026-09-10 08:32:40,660 INFO o.a.j.t.ThreadGroup: Started thread group number 1
2026-09-10 08:32:40,660 INFO o.a.j.e.StandardJMeterEngine: All thread groups have been started
2026-09-10 08:32:40,660 INFO o.a.j.t.JMeterThread: Thread started: TCC order-create 1-10
2026-09-10 08:32:41,386 INFO o.a.j.p.h.s.HTTPHCAbstractImpl: Local host = pop-os
2026-09-10 08:32:41,393 INFO o.a.j.p.h.s.HTTPHC4Impl: HTTP request retry count = 0
2026-09-10 08:32:41,395 INFO o.a.j.s.SampleResult: Note: Sample TimeStamps are START times
2026-09-10 08:32:41,395 INFO o.a.j.s.SampleResult: sampleresult.default.encoding is set to UTF-8
2026-09-10 08:32:41,395 INFO o.a.j.s.SampleResult: sampleresult.useNanoTime=true
2026-09-10 08:32:41,395 INFO o.a.j.s.SampleResult: sampleresult.nanoThreadSleep=5000
2026-09-10 08:33:00,025 INFO o.a.j.r.Summariser: summary +    691 in 00:00:19 =   35.6/s Avg:   264 Min:   101 Max:   399 Err:     0 (0.00%) Active: 10 Started: 10 Finished: 0
2026-09-10 08:33:10,663 INFO o.a.j.t.JMeterThread: Stopping because end time detected by thread: TCC order-create 1-5
2026-09-10 08:33:10,663 INFO o.a.j.t.JMeterThread: Thread finished: TCC order-create 1-5
2026-09-10 08:33:10,689 INFO o.a.j.t.JMeterThread: Stopping because end time detected by thread: TCC order-create 1-2
2026-09-10 08:33:10,689 INFO o.a.j.t.JMeterThread: Thread finished: TCC order-create 1-2
2026-09-10 08:33:10,715 INFO o.a.j.t.JMeterThread: Stopping because end time detected by thread: TCC order-create 1-7
2026-09-10 08:33:10,715 INFO o.a.j.t.JMeterThread: Thread finished: TCC order-create 1-7
2026-09-10 08:33:10,739 INFO o.a.j.t.JMeterThread: Stopping because end time detected by thread: TCC order-create 1-3
2026-09-10 08:33:10,739 INFO o.a.j.t.JMeterThread: Thread finished: TCC order-create 1-3
2026-09-10 08:33:10,765 INFO o.a.j.t.JMeterThread: Stopping because end time detected by thread: TCC order-create 1-6
2026-09-10 08:33:10,766 INFO o.a.j.t.JMeterThread: Thread finished: TCC order-create 1-6
2026-09-10 08:33:10,791 INFO o.a.j.t.JMeterThread: Stopping because end time detected by thread: TCC order-create 1-8
2026-09-10 08:33:10,791 INFO o.a.j.t.JMeterThread: Thread finished: TCC order-create 1-8
2026-09-10 08:33:10,818 INFO o.a.j.t.JMeterThread: Stopping because end time detected by thread: TCC order-create 1-4
2026-09-10 08:33:10,818 INFO o.a.j.t.JMeterThread: Thread finished: TCC order-create 1-4
2026-09-10 08:33:10,844 INFO o.a.j.t.JMeterThread: Stopping because end time detected by thread: TCC order-create 1-1
2026-09-10 08:33:10,844 INFO o.a.j.t.JMeterThread: Thread finished: TCC order-create 1-1
2026-09-10 08:33:10,872 INFO o.a.j.t.JMeterThread: Stopping because end time detected by thread: TCC order-create 1-9
2026-09-10 08:33:10,872 INFO o.a.j.t.JMeterThread: Thread finished: TCC order-create 1-9
2026-09-10 08:33:10,897 INFO o.a.j.t.JMeterThread: Stopping because end time detected by thread: TCC order-create 1-10
2026-09-10 08:33:10,897 INFO o.a.j.t.JMeterThread: Thread finished: TCC order-create 1-10
2026-09-10 08:33:10,898 INFO o.a.j.e.StandardJMeterEngine: Notifying test listeners of end of test
2026-09-10 08:33:10,901 INFO o.a.j.r.Summariser: summary +    420 in 00:00:11 =   38.6/s Avg:   257 Min:   238 Max:   346 Err:     0 (0.00%) Active: 0 Started: 10 Finished: 10
2026-09-10 08:33:10,901 INFO o.a.j.r.Summariser: summary =   1111 in 00:00:30 =   36.7/s Avg:   262 Min:   101 Max:   399 Err:     0 (0.00%)
