2026-09-10 09:05:46,579 INFO o.a.j.u.JMeterUtils: Setting Locale to en_EN
2026-09-10 09:05:46,595 INFO o.a.j.JMeter: Loading user properties from: /home/avituo/projects/tcc/tcc-container/.tools/apache-jmeter-5.6.3/bin/user.properties
2026-09-10 09:05:46,596 INFO o.a.j.JMeter: Loading system properties from: /home/avituo/projects/tcc/tcc-container/.tools/apache-jmeter-5.6.3/bin/system.properties
2026-09-10 09:05:46,596 INFO o.a.j.JMeter: Loading additional properties from: /home/avituo/projects/tcc/tcc-container/benchmark/jmeter/benchmark.properties
2026-09-10 09:05:46,596 INFO o.a.j.JMeter: Loading additional properties from: /tmp/tcc-benchmark-auth.mIjDio/auth.properties
2026-09-10 09:05:46,596 INFO o.a.j.JMeter: Loading additional properties from: /home/avituo/projects/tcc/tcc-container/benchmark/results/laravel-13.20.0/final/order-create/c25/r4/monolith/thread-counters.properties
2026-09-10 09:05:46,597 INFO o.a.j.JMeter: Setting JMeter property: threads=25
2026-09-10 09:05:46,597 INFO o.a.j.JMeter: Setting JMeter property: duration_seconds=120
2026-09-10 09:05:46,597 INFO o.a.j.JMeter: Setting JMeter property: target_host=localhost
2026-09-10 09:05:46,597 INFO o.a.j.JMeter: Setting JMeter property: target_port=18000
2026-09-10 09:05:46,597 INFO o.a.j.JMeter: Setting JMeter property: tcc.order.id=1
2026-09-10 09:05:46,597 INFO o.a.j.JMeter: Setting JMeter property: repetition=4
2026-09-10 09:05:46,603 INFO o.a.j.JMeter: Copyright (c) 1998-2024 The Apache Software Foundation
2026-09-10 09:05:46,603 INFO o.a.j.JMeter: Version 5.6.3
2026-09-10 09:05:46,603 INFO o.a.j.JMeter: java.version=21.0.11
2026-09-10 09:05:46,603 INFO o.a.j.JMeter: java.vm.name=OpenJDK 64-Bit Server VM
2026-09-10 09:05:46,603 INFO o.a.j.JMeter: os.name=Linux
2026-09-10 09:05:46,603 INFO o.a.j.JMeter: os.arch=amd64
2026-09-10 09:05:46,603 INFO o.a.j.JMeter: os.version=7.0.11-76070011-generic
2026-09-10 09:05:46,604 INFO o.a.j.JMeter: file.encoding=UTF-8
2026-09-10 09:05:46,604 INFO o.a.j.JMeter: java.awt.headless=true
2026-09-10 09:05:46,604 INFO o.a.j.JMeter: Max memory     =1073741824
2026-09-10 09:05:46,604 INFO o.a.j.JMeter: Available Processors =16
2026-09-10 09:05:46,611 INFO o.a.j.JMeter: Default Locale=English (EN)
2026-09-10 09:05:46,612 INFO o.a.j.JMeter: JMeter  Locale=English (EN)
2026-09-10 09:05:46,612 INFO o.a.j.JMeter: JMeterHome=/home/avituo/projects/tcc/tcc-container/.tools/apache-jmeter-5.6.3
2026-09-10 09:05:46,612 INFO o.a.j.JMeter: user.dir  =/home/avituo/projects/tcc/tcc-container
2026-09-10 09:05:46,612 INFO o.a.j.JMeter: PWD       =/home/avituo/projects/tcc/tcc-container
2026-09-10 09:05:46,619 INFO o.a.j.JMeter: IP: 192.168.1.16 Name: pop-os FullName: pop-os.home
2026-09-10 09:05:46,631 INFO o.a.j.s.FileServer: Default base='/home/avituo/projects/tcc/tcc-container'
2026-09-10 09:05:46,632 INFO o.a.j.s.FileServer: Set new base='/home/avituo/projects/tcc/tcc-container/benchmark/jmeter'
2026-09-10 09:05:46,798 INFO o.a.j.s.SaveService: Testplan (JMX) version: 2.2. Testlog (JTL) version: 2.2
2026-09-10 09:05:46,822 INFO o.a.j.s.SaveService: Using SaveService properties version 5.0
2026-09-10 09:05:46,826 INFO o.a.j.s.SaveService: Using SaveService properties file encoding UTF-8
2026-09-10 09:05:46,829 INFO o.a.j.s.SaveService: Loading file: /home/avituo/projects/tcc/tcc-container/benchmark/jmeter/tcc-order-create-v1.jmx
2026-09-10 09:05:46,878 INFO o.a.j.p.h.s.HTTPSamplerBase: Parser for text/html is org.apache.jmeter.protocol.http.parser.LagartoBasedHtmlParser
2026-09-10 09:05:46,878 INFO o.a.j.p.h.s.HTTPSamplerBase: Parser for application/xhtml+xml is org.apache.jmeter.protocol.http.parser.LagartoBasedHtmlParser
2026-09-10 09:05:46,878 INFO o.a.j.p.h.s.HTTPSamplerBase: Parser for application/xml is org.apache.jmeter.protocol.http.parser.LagartoBasedHtmlParser
2026-09-10 09:05:46,878 INFO o.a.j.p.h.s.HTTPSamplerBase: Parser for text/xml is org.apache.jmeter.protocol.http.parser.LagartoBasedHtmlParser
2026-09-10 09:05:46,878 INFO o.a.j.p.h.s.HTTPSamplerBase: Parser for text/vnd.wap.wml is org.apache.jmeter.protocol.http.parser.RegexpHTMLParser
2026-09-10 09:05:46,878 INFO o.a.j.p.h.s.HTTPSamplerBase: Parser for text/css is org.apache.jmeter.protocol.http.parser.CssParser
2026-09-10 09:05:46,909 INFO o.a.j.JMeter: Creating summariser <summary>
2026-09-10 09:05:46,930 INFO o.a.j.e.StandardJMeterEngine: Running the test!
2026-09-10 09:05:46,931 INFO o.a.j.s.SampleEvent: List of sample_variables: []
2026-09-10 09:05:46,931 INFO o.a.j.s.SampleEvent: List of sample_variables: []
2026-09-10 09:05:46,940 INFO o.a.j.e.u.CompoundVariable: Note: Function class names must contain the string: '.functions.'
2026-09-10 09:05:46,940 INFO o.a.j.e.u.CompoundVariable: Note: Function class names must not contain the string: '.gui.'
2026-09-10 09:05:47,198 INFO o.a.j.JMeter: Running test (1789041947198)
2026-09-10 09:05:47,219 INFO o.a.j.e.StandardJMeterEngine: Starting ThreadGroup: 1 : TCC order-create
2026-09-10 09:05:47,219 INFO o.a.j.e.StandardJMeterEngine: Starting 25 threads for group TCC order-create.
2026-09-10 09:05:47,219 INFO o.a.j.e.StandardJMeterEngine: Thread will continue on error
2026-09-10 09:05:47,220 INFO o.a.j.t.ThreadGroup: Starting thread group... number=1 threads=25 ramp-up=0 delayedStart=false
2026-09-10 09:05:47,227 INFO o.a.j.t.JMeterThread: Thread started: TCC order-create 1-4
2026-09-10 09:05:47,227 INFO o.a.j.t.JMeterThread: Thread started: TCC order-create 1-3
2026-09-10 09:05:47,227 INFO o.a.j.t.JMeterThread: Thread started: TCC order-create 1-2
2026-09-10 09:05:47,227 INFO o.a.j.t.JMeterThread: Thread started: TCC order-create 1-1
2026-09-10 09:05:47,227 INFO o.a.j.t.JMeterThread: Thread started: TCC order-create 1-5
2026-09-10 09:05:47,228 INFO o.a.j.t.JMeterThread: Thread started: TCC order-create 1-6
2026-09-10 09:05:47,229 INFO o.a.j.t.JMeterThread: Thread started: TCC order-create 1-7
2026-09-10 09:05:47,230 INFO o.a.j.t.JMeterThread: Thread started: TCC order-create 1-8
2026-09-10 09:05:47,230 INFO o.a.j.t.JMeterThread: Thread started: TCC order-create 1-9
2026-09-10 09:05:47,231 INFO o.a.j.t.JMeterThread: Thread started: TCC order-create 1-10
2026-09-10 09:05:47,232 INFO o.a.j.t.JMeterThread: Thread started: TCC order-create 1-11
2026-09-10 09:05:47,233 INFO o.a.j.t.JMeterThread: Thread started: TCC order-create 1-12
2026-09-10 09:05:47,234 INFO o.a.j.t.JMeterThread: Thread started: TCC order-create 1-13
2026-09-10 09:05:47,235 INFO o.a.j.t.JMeterThread: Thread started: TCC order-create 1-14
2026-09-10 09:05:47,235 INFO o.a.j.t.JMeterThread: Thread started: TCC order-create 1-15
2026-09-10 09:05:47,237 INFO o.a.j.t.JMeterThread: Thread started: TCC order-create 1-16
2026-09-10 09:05:47,238 INFO o.a.j.t.JMeterThread: Thread started: TCC order-create 1-17
2026-09-10 09:05:47,238 INFO o.a.j.t.JMeterThread: Thread started: TCC order-create 1-18
2026-09-10 09:05:47,239 INFO o.a.j.t.JMeterThread: Thread started: TCC order-create 1-19
2026-09-10 09:05:47,240 INFO o.a.j.t.JMeterThread: Thread started: TCC order-create 1-20
2026-09-10 09:05:47,241 INFO o.a.j.t.JMeterThread: Thread started: TCC order-create 1-21
2026-09-10 09:05:47,241 INFO o.a.j.t.JMeterThread: Thread started: TCC order-create 1-22
2026-09-10 09:05:47,242 INFO o.a.j.t.JMeterThread: Thread started: TCC order-create 1-23
2026-09-10 09:05:47,242 INFO o.a.j.t.JMeterThread: Thread started: TCC order-create 1-24
2026-09-10 09:05:47,243 INFO o.a.j.t.ThreadGroup: Started thread group number 1
2026-09-10 09:05:47,243 INFO o.a.j.e.StandardJMeterEngine: All thread groups have been started
2026-09-10 09:05:47,243 INFO o.a.j.t.JMeterThread: Thread started: TCC order-create 1-25
2026-09-10 09:05:48,069 INFO o.a.j.p.h.s.HTTPHCAbstractImpl: Local host = pop-os
2026-09-10 09:05:48,075 INFO o.a.j.p.h.s.HTTPHC4Impl: HTTP request retry count = 0
2026-09-10 09:05:48,076 INFO o.a.j.s.SampleResult: Note: Sample TimeStamps are START times
2026-09-10 09:05:48,077 INFO o.a.j.s.SampleResult: sampleresult.default.encoding is set to UTF-8
2026-09-10 09:05:48,077 INFO o.a.j.s.SampleResult: sampleresult.useNanoTime=true
2026-09-10 09:05:48,077 INFO o.a.j.s.SampleResult: sampleresult.nanoThreadSleep=5000
2026-09-10 09:06:00,027 INFO o.a.j.r.Summariser: summary +    396 in 00:00:13 =   30.9/s Avg:   726 Min:    78 Max:  1786 Err:     0 (0.00%) Active: 25 Started: 25 Finished: 0
2026-09-10 09:06:30,010 INFO o.a.j.r.Summariser: summary +   1140 in 00:00:30 =   38.0/s Avg:   656 Min:   612 Max:   796 Err:     0 (0.00%) Active: 25 Started: 25 Finished: 0
2026-09-10 09:06:30,011 INFO o.a.j.r.Summariser: summary =   1536 in 00:00:43 =   35.9/s Avg:   674 Min:    78 Max:  1786 Err:     0 (0.00%)
2026-09-10 09:07:00,021 INFO o.a.j.r.Summariser: summary +   1119 in 00:00:30 =   37.3/s Avg:   670 Min:   602 Max:  1569 Err:     0 (0.00%) Active: 25 Started: 25 Finished: 0
2026-09-10 09:07:00,022 INFO o.a.j.r.Summariser: summary =   2655 in 00:01:13 =   36.5/s Avg:   672 Min:    78 Max:  1786 Err:     0 (0.00%)
2026-09-10 09:07:30,013 INFO o.a.j.r.Summariser: summary +   1145 in 00:00:30 =   38.2/s Avg:   653 Min:   615 Max:   988 Err:     0 (0.00%) Active: 25 Started: 25 Finished: 0
2026-09-10 09:07:30,013 INFO o.a.j.r.Summariser: summary =   3800 in 00:01:43 =   37.0/s Avg:   667 Min:    78 Max:  1786 Err:     0 (0.00%)
2026-09-10 09:07:47,245 INFO o.a.j.t.JMeterThread: Stopping because end time detected by thread: TCC order-create 1-23
2026-09-10 09:07:47,245 INFO o.a.j.t.JMeterThread: Thread finished: TCC order-create 1-23
2026-09-10 09:07:47,272 INFO o.a.j.t.JMeterThread: Stopping because end time detected by thread: TCC order-create 1-18
2026-09-10 09:07:47,272 INFO o.a.j.t.JMeterThread: Thread finished: TCC order-create 1-18
2026-09-10 09:07:47,297 INFO o.a.j.t.JMeterThread: Stopping because end time detected by thread: TCC order-create 1-1
2026-09-10 09:07:47,297 INFO o.a.j.t.JMeterThread: Thread finished: TCC order-create 1-1
2026-09-10 09:07:47,322 INFO o.a.j.t.JMeterThread: Stopping because end time detected by thread: TCC order-create 1-12
2026-09-10 09:07:47,322 INFO o.a.j.t.JMeterThread: Thread finished: TCC order-create 1-12
2026-09-10 09:07:47,347 INFO o.a.j.t.JMeterThread: Stopping because end time detected by thread: TCC order-create 1-9
2026-09-10 09:07:47,347 INFO o.a.j.t.JMeterThread: Thread finished: TCC order-create 1-9
2026-09-10 09:07:47,374 INFO o.a.j.t.JMeterThread: Stopping because end time detected by thread: TCC order-create 1-5
2026-09-10 09:07:47,375 INFO o.a.j.t.JMeterThread: Thread finished: TCC order-create 1-5
2026-09-10 09:07:47,400 INFO o.a.j.t.JMeterThread: Stopping because end time detected by thread: TCC order-create 1-7
2026-09-10 09:07:47,400 INFO o.a.j.t.JMeterThread: Thread finished: TCC order-create 1-7
2026-09-10 09:07:47,429 INFO o.a.j.t.JMeterThread: Stopping because end time detected by thread: TCC order-create 1-2
2026-09-10 09:07:47,429 INFO o.a.j.t.JMeterThread: Thread finished: TCC order-create 1-2
2026-09-10 09:07:47,455 INFO o.a.j.t.JMeterThread: Stopping because end time detected by thread: TCC order-create 1-10
2026-09-10 09:07:47,456 INFO o.a.j.t.JMeterThread: Thread finished: TCC order-create 1-10
2026-09-10 09:07:47,481 INFO o.a.j.t.JMeterThread: Stopping because end time detected by thread: TCC order-create 1-14
2026-09-10 09:07:47,481 INFO o.a.j.t.JMeterThread: Thread finished: TCC order-create 1-14
2026-09-10 09:07:47,507 INFO o.a.j.t.JMeterThread: Stopping because end time detected by thread: TCC order-create 1-4
2026-09-10 09:07:47,507 INFO o.a.j.t.JMeterThread: Thread finished: TCC order-create 1-4
2026-09-10 09:07:47,535 INFO o.a.j.t.JMeterThread: Stopping because end time detected by thread: TCC order-create 1-16
2026-09-10 09:07:47,535 INFO o.a.j.t.JMeterThread: Thread finished: TCC order-create 1-16
2026-09-10 09:07:47,562 INFO o.a.j.t.JMeterThread: Stopping because end time detected by thread: TCC order-create 1-20
2026-09-10 09:07:47,562 INFO o.a.j.t.JMeterThread: Thread finished: TCC order-create 1-20
2026-09-10 09:07:47,590 INFO o.a.j.t.JMeterThread: Stopping because end time detected by thread: TCC order-create 1-8
2026-09-10 09:07:47,590 INFO o.a.j.t.JMeterThread: Thread finished: TCC order-create 1-8
2026-09-10 09:07:47,616 INFO o.a.j.t.JMeterThread: Stopping because end time detected by thread: TCC order-create 1-21
2026-09-10 09:07:47,616 INFO o.a.j.t.JMeterThread: Thread finished: TCC order-create 1-21
2026-09-10 09:07:47,641 INFO o.a.j.t.JMeterThread: Stopping because end time detected by thread: TCC order-create 1-3
2026-09-10 09:07:47,641 INFO o.a.j.t.JMeterThread: Thread finished: TCC order-create 1-3
2026-09-10 09:07:47,662 INFO o.a.j.t.JMeterThread: Stopping because end time detected by thread: TCC order-create 1-24
2026-09-10 09:07:47,663 INFO o.a.j.t.JMeterThread: Thread finished: TCC order-create 1-24
2026-09-10 09:07:47,688 INFO o.a.j.t.JMeterThread: Stopping because end time detected by thread: TCC order-create 1-17
2026-09-10 09:07:47,689 INFO o.a.j.t.JMeterThread: Thread finished: TCC order-create 1-17
2026-09-10 09:07:47,713 INFO o.a.j.t.JMeterThread: Stopping because end time detected by thread: TCC order-create 1-11
2026-09-10 09:07:47,714 INFO o.a.j.t.JMeterThread: Thread finished: TCC order-create 1-11
2026-09-10 09:07:47,741 INFO o.a.j.t.JMeterThread: Stopping because end time detected by thread: TCC order-create 1-22
2026-09-10 09:07:47,741 INFO o.a.j.t.JMeterThread: Thread finished: TCC order-create 1-22
2026-09-10 09:07:47,767 INFO o.a.j.t.JMeterThread: Stopping because end time detected by thread: TCC order-create 1-25
2026-09-10 09:07:47,767 INFO o.a.j.t.JMeterThread: Thread finished: TCC order-create 1-25
2026-09-10 09:07:47,794 INFO o.a.j.t.JMeterThread: Stopping because end time detected by thread: TCC order-create 1-13
2026-09-10 09:07:47,794 INFO o.a.j.t.JMeterThread: Thread finished: TCC order-create 1-13
2026-09-10 09:07:47,819 INFO o.a.j.t.JMeterThread: Stopping because end time detected by thread: TCC order-create 1-19
2026-09-10 09:07:47,819 INFO o.a.j.t.JMeterThread: Thread finished: TCC order-create 1-19
2026-09-10 09:07:47,847 INFO o.a.j.t.JMeterThread: Stopping because end time detected by thread: TCC order-create 1-6
2026-09-10 09:07:47,847 INFO o.a.j.t.JMeterThread: Thread finished: TCC order-create 1-6
2026-09-10 09:07:47,876 INFO o.a.j.t.JMeterThread: Stopping because end time detected by thread: TCC order-create 1-15
2026-09-10 09:07:47,876 INFO o.a.j.t.JMeterThread: Thread finished: TCC order-create 1-15
2026-09-10 09:07:47,876 INFO o.a.j.e.StandardJMeterEngine: Notifying test listeners of end of test
2026-09-10 09:07:47,879 INFO o.a.j.r.Summariser: summary +    654 in 00:00:18 =   36.6/s Avg:   682 Min:   641 Max:   976 Err:     0 (0.00%) Active: 0 Started: 25 Finished: 25
2026-09-10 09:07:47,879 INFO o.a.j.r.Summariser: summary =   4454 in 00:02:01 =   36.9/s Avg:   669 Min:    78 Max:  1786 Err:     0 (0.00%)
