2026-09-10 09:05:06,006 INFO o.a.j.u.JMeterUtils: Setting Locale to en_EN
2026-09-10 09:05:06,021 INFO o.a.j.JMeter: Loading user properties from: /home/avituo/projects/tcc/tcc-container/.tools/apache-jmeter-5.6.3/bin/user.properties
2026-09-10 09:05:06,021 INFO o.a.j.JMeter: Loading system properties from: /home/avituo/projects/tcc/tcc-container/.tools/apache-jmeter-5.6.3/bin/system.properties
2026-09-10 09:05:06,021 INFO o.a.j.JMeter: Loading additional properties from: /home/avituo/projects/tcc/tcc-container/benchmark/jmeter/benchmark.properties
2026-09-10 09:05:06,021 INFO o.a.j.JMeter: Loading additional properties from: /tmp/tcc-benchmark-auth.mIjDio/auth.properties
2026-09-10 09:05:06,021 INFO o.a.j.JMeter: Setting JMeter property: threads=25
2026-09-10 09:05:06,021 INFO o.a.j.JMeter: Setting JMeter property: duration_seconds=30
2026-09-10 09:05:06,022 INFO o.a.j.JMeter: Setting JMeter property: target_host=localhost
2026-09-10 09:05:06,022 INFO o.a.j.JMeter: Setting JMeter property: target_port=18000
2026-09-10 09:05:06,022 INFO o.a.j.JMeter: Setting JMeter property: tcc.order.id=1
2026-09-10 09:05:06,022 INFO o.a.j.JMeter: Setting JMeter property: repetition=4
2026-09-10 09:05:06,027 INFO o.a.j.JMeter: Copyright (c) 1998-2024 The Apache Software Foundation
2026-09-10 09:05:06,027 INFO o.a.j.JMeter: Version 5.6.3
2026-09-10 09:05:06,027 INFO o.a.j.JMeter: java.version=21.0.11
2026-09-10 09:05:06,027 INFO o.a.j.JMeter: java.vm.name=OpenJDK 64-Bit Server VM
2026-09-10 09:05:06,027 INFO o.a.j.JMeter: os.name=Linux
2026-09-10 09:05:06,027 INFO o.a.j.JMeter: os.arch=amd64
2026-09-10 09:05:06,028 INFO o.a.j.JMeter: os.version=7.0.11-76070011-generic
2026-09-10 09:05:06,028 INFO o.a.j.JMeter: file.encoding=UTF-8
2026-09-10 09:05:06,028 INFO o.a.j.JMeter: java.awt.headless=true
2026-09-10 09:05:06,028 INFO o.a.j.JMeter: Max memory     =1073741824
2026-09-10 09:05:06,028 INFO o.a.j.JMeter: Available Processors =16
2026-09-10 09:05:06,035 INFO o.a.j.JMeter: Default Locale=English (EN)
2026-09-10 09:05:06,036 INFO o.a.j.JMeter: JMeter  Locale=English (EN)
2026-09-10 09:05:06,036 INFO o.a.j.JMeter: JMeterHome=/home/avituo/projects/tcc/tcc-container/.tools/apache-jmeter-5.6.3
2026-09-10 09:05:06,036 INFO o.a.j.JMeter: user.dir  =/home/avituo/projects/tcc/tcc-container
2026-09-10 09:05:06,036 INFO o.a.j.JMeter: PWD       =/home/avituo/projects/tcc/tcc-container
2026-09-10 09:05:06,047 INFO o.a.j.JMeter: IP: 192.168.1.16 Name: pop-os FullName: pop-os.home
2026-09-10 09:05:06,059 INFO o.a.j.s.FileServer: Default base='/home/avituo/projects/tcc/tcc-container'
2026-09-10 09:05:06,061 INFO o.a.j.s.FileServer: Set new base='/home/avituo/projects/tcc/tcc-container/benchmark/jmeter'
2026-09-10 09:05:06,219 INFO o.a.j.s.SaveService: Testplan (JMX) version: 2.2. Testlog (JTL) version: 2.2
2026-09-10 09:05:06,243 INFO o.a.j.s.SaveService: Using SaveService properties version 5.0
2026-09-10 09:05:06,246 INFO o.a.j.s.SaveService: Using SaveService properties file encoding UTF-8
2026-09-10 09:05:06,250 INFO o.a.j.s.SaveService: Loading file: /home/avituo/projects/tcc/tcc-container/benchmark/jmeter/tcc-order-create-v1.jmx
2026-09-10 09:05:06,298 INFO o.a.j.p.h.s.HTTPSamplerBase: Parser for text/html is org.apache.jmeter.protocol.http.parser.LagartoBasedHtmlParser
2026-09-10 09:05:06,298 INFO o.a.j.p.h.s.HTTPSamplerBase: Parser for application/xhtml+xml is org.apache.jmeter.protocol.http.parser.LagartoBasedHtmlParser
2026-09-10 09:05:06,299 INFO o.a.j.p.h.s.HTTPSamplerBase: Parser for application/xml is org.apache.jmeter.protocol.http.parser.LagartoBasedHtmlParser
2026-09-10 09:05:06,299 INFO o.a.j.p.h.s.HTTPSamplerBase: Parser for text/xml is org.apache.jmeter.protocol.http.parser.LagartoBasedHtmlParser
2026-09-10 09:05:06,299 INFO o.a.j.p.h.s.HTTPSamplerBase: Parser for text/vnd.wap.wml is org.apache.jmeter.protocol.http.parser.RegexpHTMLParser
2026-09-10 09:05:06,299 INFO o.a.j.p.h.s.HTTPSamplerBase: Parser for text/css is org.apache.jmeter.protocol.http.parser.CssParser
2026-09-10 09:05:06,330 INFO o.a.j.JMeter: Creating summariser <summary>
2026-09-10 09:05:06,349 INFO o.a.j.e.StandardJMeterEngine: Running the test!
2026-09-10 09:05:06,351 INFO o.a.j.s.SampleEvent: List of sample_variables: []
2026-09-10 09:05:06,351 INFO o.a.j.s.SampleEvent: List of sample_variables: []
2026-09-10 09:05:06,356 INFO o.a.j.e.u.CompoundVariable: Note: Function class names must contain the string: '.functions.'
2026-09-10 09:05:06,356 INFO o.a.j.e.u.CompoundVariable: Note: Function class names must not contain the string: '.gui.'
2026-09-10 09:05:06,598 INFO o.a.j.JMeter: Running test (1789041906598)
2026-09-10 09:05:06,617 INFO o.a.j.e.StandardJMeterEngine: Starting ThreadGroup: 1 : TCC order-create
2026-09-10 09:05:06,618 INFO o.a.j.e.StandardJMeterEngine: Starting 25 threads for group TCC order-create.
2026-09-10 09:05:06,618 INFO o.a.j.e.StandardJMeterEngine: Thread will continue on error
2026-09-10 09:05:06,618 INFO o.a.j.t.ThreadGroup: Starting thread group... number=1 threads=25 ramp-up=0 delayedStart=false
2026-09-10 09:05:06,625 INFO o.a.j.t.JMeterThread: Thread started: TCC order-create 1-2
2026-09-10 09:05:06,625 INFO o.a.j.t.JMeterThread: Thread started: TCC order-create 1-3
2026-09-10 09:05:06,625 INFO o.a.j.t.JMeterThread: Thread started: TCC order-create 1-4
2026-09-10 09:05:06,625 INFO o.a.j.t.JMeterThread: Thread started: TCC order-create 1-5
2026-09-10 09:05:06,625 INFO o.a.j.t.JMeterThread: Thread started: TCC order-create 1-1
2026-09-10 09:05:06,626 INFO o.a.j.t.JMeterThread: Thread started: TCC order-create 1-6
2026-09-10 09:05:06,626 INFO o.a.j.t.JMeterThread: Thread started: TCC order-create 1-7
2026-09-10 09:05:06,627 INFO o.a.j.t.JMeterThread: Thread started: TCC order-create 1-8
2026-09-10 09:05:06,628 INFO o.a.j.t.JMeterThread: Thread started: TCC order-create 1-9
2026-09-10 09:05:06,628 INFO o.a.j.t.JMeterThread: Thread started: TCC order-create 1-10
2026-09-10 09:05:06,629 INFO o.a.j.t.JMeterThread: Thread started: TCC order-create 1-11
2026-09-10 09:05:06,630 INFO o.a.j.t.JMeterThread: Thread started: TCC order-create 1-12
2026-09-10 09:05:06,630 INFO o.a.j.t.JMeterThread: Thread started: TCC order-create 1-13
2026-09-10 09:05:06,631 INFO o.a.j.t.JMeterThread: Thread started: TCC order-create 1-14
2026-09-10 09:05:06,632 INFO o.a.j.t.JMeterThread: Thread started: TCC order-create 1-15
2026-09-10 09:05:06,633 INFO o.a.j.t.JMeterThread: Thread started: TCC order-create 1-16
2026-09-10 09:05:06,634 INFO o.a.j.t.JMeterThread: Thread started: TCC order-create 1-17
2026-09-10 09:05:06,634 INFO o.a.j.t.JMeterThread: Thread started: TCC order-create 1-18
2026-09-10 09:05:06,635 INFO o.a.j.t.JMeterThread: Thread started: TCC order-create 1-19
2026-09-10 09:05:06,636 INFO o.a.j.t.JMeterThread: Thread started: TCC order-create 1-20
2026-09-10 09:05:06,636 INFO o.a.j.t.JMeterThread: Thread started: TCC order-create 1-21
2026-09-10 09:05:06,637 INFO o.a.j.t.JMeterThread: Thread started: TCC order-create 1-22
2026-09-10 09:05:06,637 INFO o.a.j.t.JMeterThread: Thread started: TCC order-create 1-23
2026-09-10 09:05:06,638 INFO o.a.j.t.JMeterThread: Thread started: TCC order-create 1-24
2026-09-10 09:05:06,639 INFO o.a.j.t.ThreadGroup: Started thread group number 1
2026-09-10 09:05:06,639 INFO o.a.j.e.StandardJMeterEngine: All thread groups have been started
2026-09-10 09:05:06,639 INFO o.a.j.t.JMeterThread: Thread started: TCC order-create 1-25
2026-09-10 09:05:07,429 INFO o.a.j.p.h.s.HTTPHCAbstractImpl: Local host = pop-os
2026-09-10 09:05:07,436 INFO o.a.j.p.h.s.HTTPHC4Impl: HTTP request retry count = 0
2026-09-10 09:05:07,437 INFO o.a.j.s.SampleResult: Note: Sample TimeStamps are START times
2026-09-10 09:05:07,437 INFO o.a.j.s.SampleResult: sampleresult.default.encoding is set to UTF-8
2026-09-10 09:05:07,437 INFO o.a.j.s.SampleResult: sampleresult.useNanoTime=true
2026-09-10 09:05:07,437 INFO o.a.j.s.SampleResult: sampleresult.nanoThreadSleep=5000
2026-09-10 09:05:30,018 INFO o.a.j.r.Summariser: summary +    855 in 00:00:23 =   36.5/s Avg:   646 Min:   100 Max:   777 Err:     0 (0.00%) Active: 25 Started: 25 Finished: 0
2026-09-10 09:05:36,642 INFO o.a.j.t.JMeterThread: Stopping because end time detected by thread: TCC order-create 1-24
2026-09-10 09:05:36,642 INFO o.a.j.t.JMeterThread: Thread finished: TCC order-create 1-24
2026-09-10 09:05:36,669 INFO o.a.j.t.JMeterThread: Stopping because end time detected by thread: TCC order-create 1-4
2026-09-10 09:05:36,669 INFO o.a.j.t.JMeterThread: Thread finished: TCC order-create 1-4
2026-09-10 09:05:36,693 INFO o.a.j.t.JMeterThread: Stopping because end time detected by thread: TCC order-create 1-2
2026-09-10 09:05:36,693 INFO o.a.j.t.JMeterThread: Thread finished: TCC order-create 1-2
2026-09-10 09:05:36,717 INFO o.a.j.t.JMeterThread: Stopping because end time detected by thread: TCC order-create 1-15
2026-09-10 09:05:36,717 INFO o.a.j.t.JMeterThread: Thread finished: TCC order-create 1-15
2026-09-10 09:05:36,743 INFO o.a.j.t.JMeterThread: Stopping because end time detected by thread: TCC order-create 1-16
2026-09-10 09:05:36,743 INFO o.a.j.t.JMeterThread: Thread finished: TCC order-create 1-16
2026-09-10 09:05:36,770 INFO o.a.j.t.JMeterThread: Stopping because end time detected by thread: TCC order-create 1-17
2026-09-10 09:05:36,770 INFO o.a.j.t.JMeterThread: Thread finished: TCC order-create 1-17
2026-09-10 09:05:36,796 INFO o.a.j.t.JMeterThread: Stopping because end time detected by thread: TCC order-create 1-10
2026-09-10 09:05:36,796 INFO o.a.j.t.JMeterThread: Thread finished: TCC order-create 1-10
2026-09-10 09:05:36,820 INFO o.a.j.t.JMeterThread: Stopping because end time detected by thread: TCC order-create 1-8
2026-09-10 09:05:36,821 INFO o.a.j.t.JMeterThread: Thread finished: TCC order-create 1-8
2026-09-10 09:05:36,846 INFO o.a.j.t.JMeterThread: Stopping because end time detected by thread: TCC order-create 1-13
2026-09-10 09:05:36,846 INFO o.a.j.t.JMeterThread: Thread finished: TCC order-create 1-13
2026-09-10 09:05:36,872 INFO o.a.j.t.JMeterThread: Stopping because end time detected by thread: TCC order-create 1-12
2026-09-10 09:05:36,873 INFO o.a.j.t.JMeterThread: Thread finished: TCC order-create 1-12
2026-09-10 09:05:36,901 INFO o.a.j.t.JMeterThread: Stopping because end time detected by thread: TCC order-create 1-6
2026-09-10 09:05:36,901 INFO o.a.j.t.JMeterThread: Thread finished: TCC order-create 1-6
2026-09-10 09:05:36,927 INFO o.a.j.t.JMeterThread: Stopping because end time detected by thread: TCC order-create 1-21
2026-09-10 09:05:36,927 INFO o.a.j.t.JMeterThread: Thread finished: TCC order-create 1-21
2026-09-10 09:05:36,954 INFO o.a.j.t.JMeterThread: Stopping because end time detected by thread: TCC order-create 1-18
2026-09-10 09:05:36,954 INFO o.a.j.t.JMeterThread: Thread finished: TCC order-create 1-18
2026-09-10 09:05:36,982 INFO o.a.j.t.JMeterThread: Stopping because end time detected by thread: TCC order-create 1-11
2026-09-10 09:05:36,983 INFO o.a.j.t.JMeterThread: Thread finished: TCC order-create 1-11
2026-09-10 09:05:37,015 INFO o.a.j.t.JMeterThread: Stopping because end time detected by thread: TCC order-create 1-20
2026-09-10 09:05:37,015 INFO o.a.j.t.JMeterThread: Thread finished: TCC order-create 1-20
2026-09-10 09:05:37,043 INFO o.a.j.t.JMeterThread: Stopping because end time detected by thread: TCC order-create 1-19
2026-09-10 09:05:37,043 INFO o.a.j.t.JMeterThread: Thread finished: TCC order-create 1-19
2026-09-10 09:05:37,070 INFO o.a.j.t.JMeterThread: Stopping because end time detected by thread: TCC order-create 1-23
2026-09-10 09:05:37,071 INFO o.a.j.t.JMeterThread: Thread finished: TCC order-create 1-23
2026-09-10 09:05:37,097 INFO o.a.j.t.JMeterThread: Stopping because end time detected by thread: TCC order-create 1-14
2026-09-10 09:05:37,097 INFO o.a.j.t.JMeterThread: Thread finished: TCC order-create 1-14
2026-09-10 09:05:37,123 INFO o.a.j.t.JMeterThread: Stopping because end time detected by thread: TCC order-create 1-5
2026-09-10 09:05:37,123 INFO o.a.j.t.JMeterThread: Thread finished: TCC order-create 1-5
2026-09-10 09:05:37,155 INFO o.a.j.t.JMeterThread: Stopping because end time detected by thread: TCC order-create 1-1
2026-09-10 09:05:37,155 INFO o.a.j.t.JMeterThread: Thread finished: TCC order-create 1-1
2026-09-10 09:05:37,182 INFO o.a.j.t.JMeterThread: Stopping because end time detected by thread: TCC order-create 1-3
2026-09-10 09:05:37,182 INFO o.a.j.t.JMeterThread: Thread finished: TCC order-create 1-3
2026-09-10 09:05:37,208 INFO o.a.j.t.JMeterThread: Stopping because end time detected by thread: TCC order-create 1-9
2026-09-10 09:05:37,209 INFO o.a.j.t.JMeterThread: Thread finished: TCC order-create 1-9
2026-09-10 09:05:37,233 INFO o.a.j.t.JMeterThread: Stopping because end time detected by thread: TCC order-create 1-25
2026-09-10 09:05:37,233 INFO o.a.j.t.JMeterThread: Thread finished: TCC order-create 1-25
2026-09-10 09:05:37,258 INFO o.a.j.t.JMeterThread: Stopping because end time detected by thread: TCC order-create 1-7
2026-09-10 09:05:37,258 INFO o.a.j.t.JMeterThread: Thread finished: TCC order-create 1-7
2026-09-10 09:05:37,284 INFO o.a.j.t.JMeterThread: Stopping because end time detected by thread: TCC order-create 1-22
2026-09-10 09:05:37,284 INFO o.a.j.t.JMeterThread: Thread finished: TCC order-create 1-22
2026-09-10 09:05:37,284 INFO o.a.j.e.StandardJMeterEngine: Notifying test listeners of end of test
2026-09-10 09:05:37,287 INFO o.a.j.r.Summariser: summary +    277 in 00:00:07 =   38.1/s Avg:   655 Min:   616 Max:   685 Err:     0 (0.00%) Active: 0 Started: 25 Finished: 25
2026-09-10 09:05:37,287 INFO o.a.j.r.Summariser: summary =   1132 in 00:00:31 =   36.9/s Avg:   648 Min:   100 Max:   777 Err:     0 (0.00%)
