2026-09-10 01:15:27,476 INFO o.a.j.u.JMeterUtils: Setting Locale to en_EN
2026-09-10 01:15:27,492 INFO o.a.j.JMeter: Loading user properties from: /home/avituo/projects/tcc/tcc-container/.tools/apache-jmeter-5.6.3/bin/user.properties
2026-09-10 01:15:27,493 INFO o.a.j.JMeter: Loading system properties from: /home/avituo/projects/tcc/tcc-container/.tools/apache-jmeter-5.6.3/bin/system.properties
2026-09-10 01:15:27,493 INFO o.a.j.JMeter: Loading additional properties from: /home/avituo/projects/tcc/tcc-container/benchmark/jmeter/benchmark.properties
2026-09-10 01:15:27,493 INFO o.a.j.JMeter: Loading additional properties from: /tmp/tcc-benchmark-auth.hKeLCk/auth.properties
2026-09-10 01:15:27,493 INFO o.a.j.JMeter: Loading additional properties from: /home/avituo/projects/tcc/tcc-container/benchmark/results/laravel-13.20.0/final/products/c10/r4/microservices/thread-counters.properties
2026-09-10 01:15:27,493 INFO o.a.j.JMeter: Setting JMeter property: threads=10
2026-09-10 01:15:27,493 INFO o.a.j.JMeter: Setting JMeter property: duration_seconds=120
2026-09-10 01:15:27,493 INFO o.a.j.JMeter: Setting JMeter property: target_host=localhost
2026-09-10 01:15:27,493 INFO o.a.j.JMeter: Setting JMeter property: target_port=18080
2026-09-10 01:15:27,493 INFO o.a.j.JMeter: Setting JMeter property: tcc.order.id=20000000-0000-4000-8000-000000000001
2026-09-10 01:15:27,493 INFO o.a.j.JMeter: Setting JMeter property: repetition=4
2026-09-10 01:15:27,499 INFO o.a.j.JMeter: Copyright (c) 1998-2024 The Apache Software Foundation
2026-09-10 01:15:27,500 INFO o.a.j.JMeter: Version 5.6.3
2026-09-10 01:15:27,500 INFO o.a.j.JMeter: java.version=21.0.11
2026-09-10 01:15:27,500 INFO o.a.j.JMeter: java.vm.name=OpenJDK 64-Bit Server VM
2026-09-10 01:15:27,500 INFO o.a.j.JMeter: os.name=Linux
2026-09-10 01:15:27,500 INFO o.a.j.JMeter: os.arch=amd64
2026-09-10 01:15:27,500 INFO o.a.j.JMeter: os.version=7.0.11-76070011-generic
2026-09-10 01:15:27,500 INFO o.a.j.JMeter: file.encoding=UTF-8
2026-09-10 01:15:27,500 INFO o.a.j.JMeter: java.awt.headless=true
2026-09-10 01:15:27,500 INFO o.a.j.JMeter: Max memory     =1073741824
2026-09-10 01:15:27,500 INFO o.a.j.JMeter: Available Processors =16
2026-09-10 01:15:27,508 INFO o.a.j.JMeter: Default Locale=English (EN)
2026-09-10 01:15:27,509 INFO o.a.j.JMeter: JMeter  Locale=English (EN)
2026-09-10 01:15:27,509 INFO o.a.j.JMeter: JMeterHome=/home/avituo/projects/tcc/tcc-container/.tools/apache-jmeter-5.6.3
2026-09-10 01:15:27,509 INFO o.a.j.JMeter: user.dir  =/home/avituo/projects/tcc/tcc-container
2026-09-10 01:15:27,509 INFO o.a.j.JMeter: PWD       =/home/avituo/projects/tcc/tcc-container
2026-09-10 01:15:27,517 INFO o.a.j.JMeter: IP: 192.168.1.16 Name: pop-os FullName: pop-os.home
2026-09-10 01:15:27,529 INFO o.a.j.s.FileServer: Default base='/home/avituo/projects/tcc/tcc-container'
2026-09-10 01:15:27,531 INFO o.a.j.s.FileServer: Set new base='/home/avituo/projects/tcc/tcc-container/benchmark/jmeter'
2026-09-10 01:15:27,701 INFO o.a.j.s.SaveService: Testplan (JMX) version: 2.2. Testlog (JTL) version: 2.2
2026-09-10 01:15:27,726 INFO o.a.j.s.SaveService: Using SaveService properties version 5.0
2026-09-10 01:15:27,729 INFO o.a.j.s.SaveService: Using SaveService properties file encoding UTF-8
2026-09-10 01:15:27,734 INFO o.a.j.s.SaveService: Loading file: /home/avituo/projects/tcc/tcc-container/benchmark/jmeter/tcc-products-v1.jmx
2026-09-10 01:15:27,784 INFO o.a.j.p.h.s.HTTPSamplerBase: Parser for text/html is org.apache.jmeter.protocol.http.parser.LagartoBasedHtmlParser
2026-09-10 01:15:27,784 INFO o.a.j.p.h.s.HTTPSamplerBase: Parser for application/xhtml+xml is org.apache.jmeter.protocol.http.parser.LagartoBasedHtmlParser
2026-09-10 01:15:27,784 INFO o.a.j.p.h.s.HTTPSamplerBase: Parser for application/xml is org.apache.jmeter.protocol.http.parser.LagartoBasedHtmlParser
2026-09-10 01:15:27,784 INFO o.a.j.p.h.s.HTTPSamplerBase: Parser for text/xml is org.apache.jmeter.protocol.http.parser.LagartoBasedHtmlParser
2026-09-10 01:15:27,784 INFO o.a.j.p.h.s.HTTPSamplerBase: Parser for text/vnd.wap.wml is org.apache.jmeter.protocol.http.parser.RegexpHTMLParser
2026-09-10 01:15:27,785 INFO o.a.j.p.h.s.HTTPSamplerBase: Parser for text/css is org.apache.jmeter.protocol.http.parser.CssParser
2026-09-10 01:15:27,818 INFO o.a.j.JMeter: Creating summariser <summary>
2026-09-10 01:15:27,835 INFO o.a.j.e.StandardJMeterEngine: Running the test!
2026-09-10 01:15:27,836 INFO o.a.j.s.SampleEvent: List of sample_variables: []
2026-09-10 01:15:27,836 INFO o.a.j.s.SampleEvent: List of sample_variables: []
2026-09-10 01:15:27,841 INFO o.a.j.e.u.CompoundVariable: Note: Function class names must contain the string: '.functions.'
2026-09-10 01:15:27,842 INFO o.a.j.e.u.CompoundVariable: Note: Function class names must not contain the string: '.gui.'
2026-09-10 01:15:28,086 INFO o.a.j.JMeter: Running test (1789013728085)
2026-09-10 01:15:28,106 INFO o.a.j.e.StandardJMeterEngine: Starting ThreadGroup: 1 : TCC products
2026-09-10 01:15:28,106 INFO o.a.j.e.StandardJMeterEngine: Starting 10 threads for group TCC products.
2026-09-10 01:15:28,106 INFO o.a.j.e.StandardJMeterEngine: Thread will continue on error
2026-09-10 01:15:28,106 INFO o.a.j.t.ThreadGroup: Starting thread group... number=1 threads=10 ramp-up=0 delayedStart=false
2026-09-10 01:15:28,113 INFO o.a.j.t.JMeterThread: Thread started: TCC products 1-1
2026-09-10 01:15:28,113 INFO o.a.j.t.JMeterThread: Thread started: TCC products 1-6
2026-09-10 01:15:28,113 INFO o.a.j.t.JMeterThread: Thread started: TCC products 1-3
2026-09-10 01:15:28,113 INFO o.a.j.t.JMeterThread: Thread started: TCC products 1-4
2026-09-10 01:15:28,113 INFO o.a.j.t.JMeterThread: Thread started: TCC products 1-5
2026-09-10 01:15:28,113 INFO o.a.j.t.JMeterThread: Thread started: TCC products 1-2
2026-09-10 01:15:28,114 INFO o.a.j.t.JMeterThread: Thread started: TCC products 1-7
2026-09-10 01:15:28,115 INFO o.a.j.t.JMeterThread: Thread started: TCC products 1-8
2026-09-10 01:15:28,115 INFO o.a.j.t.JMeterThread: Thread started: TCC products 1-9
2026-09-10 01:15:28,116 INFO o.a.j.t.ThreadGroup: Started thread group number 1
2026-09-10 01:15:28,116 INFO o.a.j.e.StandardJMeterEngine: All thread groups have been started
2026-09-10 01:15:28,116 INFO o.a.j.t.JMeterThread: Thread started: TCC products 1-10
2026-09-10 01:15:28,130 INFO o.a.j.p.h.s.HTTPHCAbstractImpl: Local host = pop-os
2026-09-10 01:15:28,137 INFO o.a.j.p.h.s.HTTPHC4Impl: HTTP request retry count = 0
2026-09-10 01:15:28,138 INFO o.a.j.s.SampleResult: Note: Sample TimeStamps are START times
2026-09-10 01:15:28,138 INFO o.a.j.s.SampleResult: sampleresult.default.encoding is set to UTF-8
2026-09-10 01:15:28,138 INFO o.a.j.s.SampleResult: sampleresult.useNanoTime=true
2026-09-10 01:15:28,138 INFO o.a.j.s.SampleResult: sampleresult.nanoThreadSleep=5000
2026-09-10 01:15:30,004 INFO o.a.j.r.Summariser: summary +     99 in 00:00:02 =   51.6/s Avg:    92 Min:    15 Max:   152 Err:     0 (0.00%) Active: 10 Started: 10 Finished: 0
2026-09-10 01:16:00,005 INFO o.a.j.r.Summariser: summary +   3801 in 00:00:30 =  126.7/s Avg:    78 Min:    71 Max:   129 Err:     0 (0.00%) Active: 10 Started: 10 Finished: 0
2026-09-10 01:16:00,006 INFO o.a.j.r.Summariser: summary =   3900 in 00:00:32 =  122.2/s Avg:    78 Min:    15 Max:   152 Err:     0 (0.00%)
2026-09-10 01:16:30,001 INFO o.a.j.r.Summariser: summary +   3871 in 00:00:30 =  129.1/s Avg:    77 Min:    70 Max:    93 Err:     0 (0.00%) Active: 10 Started: 10 Finished: 0
2026-09-10 01:16:30,002 INFO o.a.j.r.Summariser: summary =   7771 in 00:01:02 =  125.5/s Avg:    77 Min:    15 Max:   152 Err:     0 (0.00%)
2026-09-10 01:17:00,005 INFO o.a.j.r.Summariser: summary +   3928 in 00:00:30 =  130.9/s Avg:    76 Min:    71 Max:    96 Err:     0 (0.00%) Active: 10 Started: 10 Finished: 0
2026-09-10 01:17:00,006 INFO o.a.j.r.Summariser: summary =  11699 in 00:01:32 =  127.3/s Avg:    77 Min:    15 Max:   152 Err:     0 (0.00%)
2026-09-10 01:17:28,113 INFO o.a.j.t.JMeterThread: Stopping because end time detected by thread: TCC products 1-1
2026-09-10 01:17:28,113 INFO o.a.j.t.JMeterThread: Thread finished: TCC products 1-1
2026-09-10 01:17:28,120 INFO o.a.j.t.JMeterThread: Stopping because end time detected by thread: TCC products 1-2
2026-09-10 01:17:28,121 INFO o.a.j.t.JMeterThread: Thread finished: TCC products 1-2
2026-09-10 01:17:28,128 INFO o.a.j.t.JMeterThread: Stopping because end time detected by thread: TCC products 1-7
2026-09-10 01:17:28,128 INFO o.a.j.t.JMeterThread: Thread finished: TCC products 1-7
2026-09-10 01:17:28,135 INFO o.a.j.t.JMeterThread: Stopping because end time detected by thread: TCC products 1-10
2026-09-10 01:17:28,136 INFO o.a.j.t.JMeterThread: Thread finished: TCC products 1-10
2026-09-10 01:17:28,142 INFO o.a.j.t.JMeterThread: Stopping because end time detected by thread: TCC products 1-6
2026-09-10 01:17:28,143 INFO o.a.j.t.JMeterThread: Thread finished: TCC products 1-6
2026-09-10 01:17:28,151 INFO o.a.j.t.JMeterThread: Stopping because end time detected by thread: TCC products 1-5
2026-09-10 01:17:28,151 INFO o.a.j.t.JMeterThread: Thread finished: TCC products 1-5
2026-09-10 01:17:28,159 INFO o.a.j.t.JMeterThread: Stopping because end time detected by thread: TCC products 1-4
2026-09-10 01:17:28,159 INFO o.a.j.t.JMeterThread: Thread finished: TCC products 1-4
2026-09-10 01:17:28,167 INFO o.a.j.t.JMeterThread: Stopping because end time detected by thread: TCC products 1-9
2026-09-10 01:17:28,167 INFO o.a.j.t.JMeterThread: Thread finished: TCC products 1-9
2026-09-10 01:17:28,174 INFO o.a.j.t.JMeterThread: Stopping because end time detected by thread: TCC products 1-8
2026-09-10 01:17:28,174 INFO o.a.j.t.JMeterThread: Thread finished: TCC products 1-8
2026-09-10 01:17:28,181 INFO o.a.j.t.JMeterThread: Stopping because end time detected by thread: TCC products 1-3
2026-09-10 01:17:28,181 INFO o.a.j.t.JMeterThread: Thread finished: TCC products 1-3
2026-09-10 01:17:28,182 INFO o.a.j.e.StandardJMeterEngine: Notifying test listeners of end of test
2026-09-10 01:17:28,184 INFO o.a.j.r.Summariser: summary +   3698 in 00:00:28 =  131.2/s Avg:    75 Min:    70 Max:    86 Err:     0 (0.00%) Active: 0 Started: 10 Finished: 10
2026-09-10 01:17:28,185 INFO o.a.j.r.Summariser: summary =  15397 in 00:02:00 =  128.2/s Avg:    76 Min:    15 Max:   152 Err:     0 (0.00%)
