2026-09-10 02:55:29,872 INFO o.a.j.u.JMeterUtils: Setting Locale to en_EN
2026-09-10 02:55:29,890 INFO o.a.j.JMeter: Loading user properties from: /home/avituo/projects/tcc/tcc-container/.tools/apache-jmeter-5.6.3/bin/user.properties
2026-09-10 02:55:29,890 INFO o.a.j.JMeter: Loading system properties from: /home/avituo/projects/tcc/tcc-container/.tools/apache-jmeter-5.6.3/bin/system.properties
2026-09-10 02:55:29,890 INFO o.a.j.JMeter: Loading additional properties from: /home/avituo/projects/tcc/tcc-container/benchmark/jmeter/benchmark.properties
2026-09-10 02:55:29,890 INFO o.a.j.JMeter: Loading additional properties from: /tmp/tcc-benchmark-auth.tsP8Lg/auth.properties
2026-09-10 02:55:29,890 INFO o.a.j.JMeter: Setting JMeter property: threads=100
2026-09-10 02:55:29,890 INFO o.a.j.JMeter: Setting JMeter property: duration_seconds=30
2026-09-10 02:55:29,891 INFO o.a.j.JMeter: Setting JMeter property: target_host=localhost
2026-09-10 02:55:29,891 INFO o.a.j.JMeter: Setting JMeter property: target_port=18000
2026-09-10 02:55:29,891 INFO o.a.j.JMeter: Setting JMeter property: tcc.order.id=1
2026-09-10 02:55:29,891 INFO o.a.j.JMeter: Setting JMeter property: repetition=3
2026-09-10 02:55:29,897 INFO o.a.j.JMeter: Copyright (c) 1998-2024 The Apache Software Foundation
2026-09-10 02:55:29,897 INFO o.a.j.JMeter: Version 5.6.3
2026-09-10 02:55:29,897 INFO o.a.j.JMeter: java.version=21.0.11
2026-09-10 02:55:29,897 INFO o.a.j.JMeter: java.vm.name=OpenJDK 64-Bit Server VM
2026-09-10 02:55:29,897 INFO o.a.j.JMeter: os.name=Linux
2026-09-10 02:55:29,897 INFO o.a.j.JMeter: os.arch=amd64
2026-09-10 02:55:29,897 INFO o.a.j.JMeter: os.version=7.0.11-76070011-generic
2026-09-10 02:55:29,897 INFO o.a.j.JMeter: file.encoding=UTF-8
2026-09-10 02:55:29,897 INFO o.a.j.JMeter: java.awt.headless=true
2026-09-10 02:55:29,897 INFO o.a.j.JMeter: Max memory     =1073741824
2026-09-10 02:55:29,897 INFO o.a.j.JMeter: Available Processors =16
2026-09-10 02:55:29,907 INFO o.a.j.JMeter: Default Locale=English (EN)
2026-09-10 02:55:29,907 INFO o.a.j.JMeter: JMeter  Locale=English (EN)
2026-09-10 02:55:29,908 INFO o.a.j.JMeter: JMeterHome=/home/avituo/projects/tcc/tcc-container/.tools/apache-jmeter-5.6.3
2026-09-10 02:55:29,908 INFO o.a.j.JMeter: user.dir  =/home/avituo/projects/tcc/tcc-container
2026-09-10 02:55:29,908 INFO o.a.j.JMeter: PWD       =/home/avituo/projects/tcc/tcc-container
2026-09-10 02:55:29,919 INFO o.a.j.JMeter: IP: 192.168.1.16 Name: pop-os FullName: pop-os.home
2026-09-10 02:55:29,932 INFO o.a.j.s.FileServer: Default base='/home/avituo/projects/tcc/tcc-container'
2026-09-10 02:55:29,935 INFO o.a.j.s.FileServer: Set new base='/home/avituo/projects/tcc/tcc-container/benchmark/jmeter'
2026-09-10 02:55:30,136 INFO o.a.j.s.SaveService: Testplan (JMX) version: 2.2. Testlog (JTL) version: 2.2
2026-09-10 02:55:30,162 INFO o.a.j.s.SaveService: Using SaveService properties version 5.0
2026-09-10 02:55:30,165 INFO o.a.j.s.SaveService: Using SaveService properties file encoding UTF-8
2026-09-10 02:55:30,169 INFO o.a.j.s.SaveService: Loading file: /home/avituo/projects/tcc/tcc-container/benchmark/jmeter/tcc-products-v1.jmx
2026-09-10 02:55:30,225 INFO o.a.j.p.h.s.HTTPSamplerBase: Parser for text/html is org.apache.jmeter.protocol.http.parser.LagartoBasedHtmlParser
2026-09-10 02:55:30,226 INFO o.a.j.p.h.s.HTTPSamplerBase: Parser for application/xhtml+xml is org.apache.jmeter.protocol.http.parser.LagartoBasedHtmlParser
2026-09-10 02:55:30,226 INFO o.a.j.p.h.s.HTTPSamplerBase: Parser for application/xml is org.apache.jmeter.protocol.http.parser.LagartoBasedHtmlParser
2026-09-10 02:55:30,226 INFO o.a.j.p.h.s.HTTPSamplerBase: Parser for text/xml is org.apache.jmeter.protocol.http.parser.LagartoBasedHtmlParser
2026-09-10 02:55:30,226 INFO o.a.j.p.h.s.HTTPSamplerBase: Parser for text/vnd.wap.wml is org.apache.jmeter.protocol.http.parser.RegexpHTMLParser
2026-09-10 02:55:30,226 INFO o.a.j.p.h.s.HTTPSamplerBase: Parser for text/css is org.apache.jmeter.protocol.http.parser.CssParser
2026-09-10 02:55:30,255 INFO o.a.j.JMeter: Creating summariser <summary>
2026-09-10 02:55:30,274 INFO o.a.j.e.StandardJMeterEngine: Running the test!
2026-09-10 02:55:30,275 INFO o.a.j.s.SampleEvent: List of sample_variables: []
2026-09-10 02:55:30,275 INFO o.a.j.s.SampleEvent: List of sample_variables: []
2026-09-10 02:55:30,278 INFO o.a.j.e.u.CompoundVariable: Note: Function class names must contain the string: '.functions.'
2026-09-10 02:55:30,279 INFO o.a.j.e.u.CompoundVariable: Note: Function class names must not contain the string: '.gui.'
2026-09-10 02:55:30,503 INFO o.a.j.JMeter: Running test (1789019730502)
2026-09-10 02:55:30,523 INFO o.a.j.e.StandardJMeterEngine: Starting ThreadGroup: 1 : TCC products
2026-09-10 02:55:30,524 INFO o.a.j.e.StandardJMeterEngine: Starting 100 threads for group TCC products.
2026-09-10 02:55:30,524 INFO o.a.j.e.StandardJMeterEngine: Thread will continue on error
2026-09-10 02:55:30,524 INFO o.a.j.t.ThreadGroup: Starting thread group... number=1 threads=100 ramp-up=0 delayedStart=false
2026-09-10 02:55:30,530 INFO o.a.j.t.JMeterThread: Thread started: TCC products 1-3
2026-09-10 02:55:30,530 INFO o.a.j.t.JMeterThread: Thread started: TCC products 1-5
2026-09-10 02:55:30,530 INFO o.a.j.t.JMeterThread: Thread started: TCC products 1-1
2026-09-10 02:55:30,530 INFO o.a.j.t.JMeterThread: Thread started: TCC products 1-2
2026-09-10 02:55:30,530 INFO o.a.j.t.JMeterThread: Thread started: TCC products 1-6
2026-09-10 02:55:30,530 INFO o.a.j.t.JMeterThread: Thread started: TCC products 1-4
2026-09-10 02:55:30,531 INFO o.a.j.t.JMeterThread: Thread started: TCC products 1-7
2026-09-10 02:55:30,532 INFO o.a.j.t.JMeterThread: Thread started: TCC products 1-8
2026-09-10 02:55:30,532 INFO o.a.j.t.JMeterThread: Thread started: TCC products 1-9
2026-09-10 02:55:30,533 INFO o.a.j.t.JMeterThread: Thread started: TCC products 1-10
2026-09-10 02:55:30,534 INFO o.a.j.t.JMeterThread: Thread started: TCC products 1-11
2026-09-10 02:55:30,535 INFO o.a.j.t.JMeterThread: Thread started: TCC products 1-12
2026-09-10 02:55:30,536 INFO o.a.j.t.JMeterThread: Thread started: TCC products 1-13
2026-09-10 02:55:30,536 INFO o.a.j.t.JMeterThread: Thread started: TCC products 1-14
2026-09-10 02:55:30,537 INFO o.a.j.t.JMeterThread: Thread started: TCC products 1-15
2026-09-10 02:55:30,538 INFO o.a.j.t.JMeterThread: Thread started: TCC products 1-16
2026-09-10 02:55:30,539 INFO o.a.j.t.JMeterThread: Thread started: TCC products 1-17
2026-09-10 02:55:30,539 INFO o.a.j.t.JMeterThread: Thread started: TCC products 1-18
2026-09-10 02:55:30,540 INFO o.a.j.t.JMeterThread: Thread started: TCC products 1-19
2026-09-10 02:55:30,540 INFO o.a.j.t.JMeterThread: Thread started: TCC products 1-20
2026-09-10 02:55:30,541 INFO o.a.j.t.JMeterThread: Thread started: TCC products 1-21
2026-09-10 02:55:30,542 INFO o.a.j.t.JMeterThread: Thread started: TCC products 1-22
2026-09-10 02:55:30,542 INFO o.a.j.t.JMeterThread: Thread started: TCC products 1-23
2026-09-10 02:55:30,543 INFO o.a.j.t.JMeterThread: Thread started: TCC products 1-24
2026-09-10 02:55:30,543 INFO o.a.j.t.JMeterThread: Thread started: TCC products 1-25
2026-09-10 02:55:30,544 INFO o.a.j.t.JMeterThread: Thread started: TCC products 1-26
2026-09-10 02:55:30,544 INFO o.a.j.t.JMeterThread: Thread started: TCC products 1-27
2026-09-10 02:55:30,545 INFO o.a.j.t.JMeterThread: Thread started: TCC products 1-28
2026-09-10 02:55:30,546 INFO o.a.j.t.JMeterThread: Thread started: TCC products 1-29
2026-09-10 02:55:30,546 INFO o.a.j.t.JMeterThread: Thread started: TCC products 1-30
2026-09-10 02:55:30,547 INFO o.a.j.t.JMeterThread: Thread started: TCC products 1-31
2026-09-10 02:55:30,547 INFO o.a.j.t.JMeterThread: Thread started: TCC products 1-32
2026-09-10 02:55:30,548 INFO o.a.j.t.JMeterThread: Thread started: TCC products 1-33
2026-09-10 02:55:30,548 INFO o.a.j.t.JMeterThread: Thread started: TCC products 1-34
2026-09-10 02:55:30,548 INFO o.a.j.t.JMeterThread: Thread started: TCC products 1-35
2026-09-10 02:55:30,549 INFO o.a.j.t.JMeterThread: Thread started: TCC products 1-36
2026-09-10 02:55:30,549 INFO o.a.j.t.JMeterThread: Thread started: TCC products 1-37
2026-09-10 02:55:30,550 INFO o.a.j.t.JMeterThread: Thread started: TCC products 1-38
2026-09-10 02:55:30,550 INFO o.a.j.t.JMeterThread: Thread started: TCC products 1-39
2026-09-10 02:55:30,550 INFO o.a.j.t.JMeterThread: Thread started: TCC products 1-40
2026-09-10 02:55:30,551 INFO o.a.j.t.JMeterThread: Thread started: TCC products 1-41
2026-09-10 02:55:30,552 INFO o.a.j.t.JMeterThread: Thread started: TCC products 1-42
2026-09-10 02:55:30,553 INFO o.a.j.t.JMeterThread: Thread started: TCC products 1-43
2026-09-10 02:55:30,553 INFO o.a.j.t.JMeterThread: Thread started: TCC products 1-44
2026-09-10 02:55:30,554 INFO o.a.j.t.JMeterThread: Thread started: TCC products 1-45
2026-09-10 02:55:30,554 INFO o.a.j.t.JMeterThread: Thread started: TCC products 1-46
2026-09-10 02:55:30,555 INFO o.a.j.t.JMeterThread: Thread started: TCC products 1-47
2026-09-10 02:55:30,555 INFO o.a.j.t.JMeterThread: Thread started: TCC products 1-48
2026-09-10 02:55:30,555 INFO o.a.j.p.h.s.HTTPHCAbstractImpl: Local host = pop-os
2026-09-10 02:55:30,555 INFO o.a.j.t.JMeterThread: Thread started: TCC products 1-49
2026-09-10 02:55:30,556 INFO o.a.j.t.JMeterThread: Thread started: TCC products 1-50
2026-09-10 02:55:30,556 INFO o.a.j.t.JMeterThread: Thread started: TCC products 1-51
2026-09-10 02:55:30,557 INFO o.a.j.t.JMeterThread: Thread started: TCC products 1-52
2026-09-10 02:55:30,557 INFO o.a.j.t.JMeterThread: Thread started: TCC products 1-53
2026-09-10 02:55:30,558 INFO o.a.j.t.JMeterThread: Thread started: TCC products 1-54
2026-09-10 02:55:30,558 INFO o.a.j.t.JMeterThread: Thread started: TCC products 1-55
2026-09-10 02:55:30,558 INFO o.a.j.t.JMeterThread: Thread started: TCC products 1-56
2026-09-10 02:55:30,559 INFO o.a.j.t.JMeterThread: Thread started: TCC products 1-57
2026-09-10 02:55:30,559 INFO o.a.j.t.JMeterThread: Thread started: TCC products 1-58
2026-09-10 02:55:30,560 INFO o.a.j.t.JMeterThread: Thread started: TCC products 1-59
2026-09-10 02:55:30,560 INFO o.a.j.t.JMeterThread: Thread started: TCC products 1-60
2026-09-10 02:55:30,561 INFO o.a.j.t.JMeterThread: Thread started: TCC products 1-61
2026-09-10 02:55:30,561 INFO o.a.j.t.JMeterThread: Thread started: TCC products 1-62
2026-09-10 02:55:30,562 INFO o.a.j.t.JMeterThread: Thread started: TCC products 1-63
2026-09-10 02:55:30,562 INFO o.a.j.t.JMeterThread: Thread started: TCC products 1-64
2026-09-10 02:55:30,563 INFO o.a.j.t.JMeterThread: Thread started: TCC products 1-65
2026-09-10 02:55:30,564 INFO o.a.j.t.JMeterThread: Thread started: TCC products 1-66
2026-09-10 02:55:30,564 INFO o.a.j.t.JMeterThread: Thread started: TCC products 1-67
2026-09-10 02:55:30,565 INFO o.a.j.t.JMeterThread: Thread started: TCC products 1-68
2026-09-10 02:55:30,565 INFO o.a.j.p.h.s.HTTPHC4Impl: HTTP request retry count = 0
2026-09-10 02:55:30,565 INFO o.a.j.t.JMeterThread: Thread started: TCC products 1-69
2026-09-10 02:55:30,565 INFO o.a.j.t.JMeterThread: Thread started: TCC products 1-70
2026-09-10 02:55:30,566 INFO o.a.j.t.JMeterThread: Thread started: TCC products 1-71
2026-09-10 02:55:30,567 INFO o.a.j.t.JMeterThread: Thread started: TCC products 1-72
2026-09-10 02:55:30,567 INFO o.a.j.s.SampleResult: Note: Sample TimeStamps are START times
2026-09-10 02:55:30,567 INFO o.a.j.s.SampleResult: sampleresult.default.encoding is set to UTF-8
2026-09-10 02:55:30,567 INFO o.a.j.s.SampleResult: sampleresult.useNanoTime=true
2026-09-10 02:55:30,567 INFO o.a.j.t.JMeterThread: Thread started: TCC products 1-73
2026-09-10 02:55:30,567 INFO o.a.j.s.SampleResult: sampleresult.nanoThreadSleep=5000
2026-09-10 02:55:30,567 INFO o.a.j.t.JMeterThread: Thread started: TCC products 1-74
2026-09-10 02:55:30,568 INFO o.a.j.t.JMeterThread: Thread started: TCC products 1-75
2026-09-10 02:55:30,569 INFO o.a.j.t.JMeterThread: Thread started: TCC products 1-76
2026-09-10 02:55:30,569 INFO o.a.j.t.JMeterThread: Thread started: TCC products 1-77
2026-09-10 02:55:30,569 INFO o.a.j.t.JMeterThread: Thread started: TCC products 1-78
2026-09-10 02:55:30,570 INFO o.a.j.t.JMeterThread: Thread started: TCC products 1-79
2026-09-10 02:55:30,570 INFO o.a.j.t.JMeterThread: Thread started: TCC products 1-80
2026-09-10 02:55:30,571 INFO o.a.j.t.JMeterThread: Thread started: TCC products 1-81
2026-09-10 02:55:30,571 INFO o.a.j.t.JMeterThread: Thread started: TCC products 1-82
2026-09-10 02:55:30,572 INFO o.a.j.t.JMeterThread: Thread started: TCC products 1-83
2026-09-10 02:55:30,572 INFO o.a.j.t.JMeterThread: Thread started: TCC products 1-84
2026-09-10 02:55:30,573 INFO o.a.j.t.JMeterThread: Thread started: TCC products 1-85
2026-09-10 02:55:30,573 INFO o.a.j.t.JMeterThread: Thread started: TCC products 1-86
2026-09-10 02:55:30,574 INFO o.a.j.t.JMeterThread: Thread started: TCC products 1-87
2026-09-10 02:55:30,574 INFO o.a.j.t.JMeterThread: Thread started: TCC products 1-88
2026-09-10 02:55:30,575 INFO o.a.j.t.JMeterThread: Thread started: TCC products 1-89
2026-09-10 02:55:30,575 INFO o.a.j.t.JMeterThread: Thread started: TCC products 1-90
2026-09-10 02:55:30,576 INFO o.a.j.t.JMeterThread: Thread started: TCC products 1-91
2026-09-10 02:55:30,576 INFO o.a.j.t.JMeterThread: Thread started: TCC products 1-92
2026-09-10 02:55:30,577 INFO o.a.j.t.JMeterThread: Thread started: TCC products 1-93
2026-09-10 02:55:30,577 INFO o.a.j.t.JMeterThread: Thread started: TCC products 1-94
2026-09-10 02:55:30,577 INFO o.a.j.t.JMeterThread: Thread started: TCC products 1-95
2026-09-10 02:55:30,578 INFO o.a.j.t.JMeterThread: Thread started: TCC products 1-96
2026-09-10 02:55:30,578 INFO o.a.j.t.JMeterThread: Thread started: TCC products 1-97
2026-09-10 02:55:30,578 INFO o.a.j.t.JMeterThread: Thread started: TCC products 1-98
2026-09-10 02:55:30,579 INFO o.a.j.t.JMeterThread: Thread started: TCC products 1-99
2026-09-10 02:55:30,579 INFO o.a.j.t.ThreadGroup: Started thread group number 1
2026-09-10 02:55:30,579 INFO o.a.j.e.StandardJMeterEngine: All thread groups have been started
2026-09-10 02:55:30,579 INFO o.a.j.t.JMeterThread: Thread started: TCC products 1-100
2026-09-10 02:55:31,670 INFO o.a.j.r.Summariser: summary +      1 in 00:00:01 =    0.9/s Avg:   146 Min:   146 Max:   146 Err:     0 (0.00%) Active: 100 Started: 100 Finished: 0
2026-09-10 02:56:00,017 INFO o.a.j.r.Summariser: summary +   2589 in 00:00:28 =   91.3/s Avg:  1101 Min:    83 Max:  1559 Err:     0 (0.00%) Active: 100 Started: 100 Finished: 0
2026-09-10 02:56:00,018 INFO o.a.j.r.Summariser: summary =   2590 in 00:00:30 =   87.8/s Avg:  1101 Min:    83 Max:  1559 Err:     0 (0.00%)
2026-09-10 02:56:00,557 INFO o.a.j.t.JMeterThread: Stopping because end time detected by thread: TCC products 1-54
2026-09-10 02:56:00,557 INFO o.a.j.t.JMeterThread: Thread finished: TCC products 1-54
2026-09-10 02:56:00,569 INFO o.a.j.t.JMeterThread: Stopping because end time detected by thread: TCC products 1-43
2026-09-10 02:56:00,569 INFO o.a.j.t.JMeterThread: Thread finished: TCC products 1-43
2026-09-10 02:56:00,579 INFO o.a.j.t.JMeterThread: Stopping because end time detected by thread: TCC products 1-11
2026-09-10 02:56:00,580 INFO o.a.j.t.JMeterThread: Thread finished: TCC products 1-11
2026-09-10 02:56:00,590 INFO o.a.j.t.JMeterThread: Stopping because end time detected by thread: TCC products 1-73
2026-09-10 02:56:00,590 INFO o.a.j.t.JMeterThread: Thread finished: TCC products 1-73
2026-09-10 02:56:00,601 INFO o.a.j.t.JMeterThread: Stopping because end time detected by thread: TCC products 1-36
2026-09-10 02:56:00,601 INFO o.a.j.t.JMeterThread: Thread finished: TCC products 1-36
2026-09-10 02:56:00,612 INFO o.a.j.t.JMeterThread: Stopping because end time detected by thread: TCC products 1-86
2026-09-10 02:56:00,613 INFO o.a.j.t.JMeterThread: Thread finished: TCC products 1-86
2026-09-10 02:56:00,623 INFO o.a.j.t.JMeterThread: Stopping because end time detected by thread: TCC products 1-17
2026-09-10 02:56:00,623 INFO o.a.j.t.JMeterThread: Thread finished: TCC products 1-17
2026-09-10 02:56:00,634 INFO o.a.j.t.JMeterThread: Stopping because end time detected by thread: TCC products 1-49
2026-09-10 02:56:00,635 INFO o.a.j.t.JMeterThread: Thread finished: TCC products 1-49
2026-09-10 02:56:00,645 INFO o.a.j.t.JMeterThread: Stopping because end time detected by thread: TCC products 1-25
2026-09-10 02:56:00,645 INFO o.a.j.t.JMeterThread: Thread finished: TCC products 1-25
2026-09-10 02:56:00,657 INFO o.a.j.t.JMeterThread: Stopping because end time detected by thread: TCC products 1-75
2026-09-10 02:56:00,658 INFO o.a.j.t.JMeterThread: Thread finished: TCC products 1-75
2026-09-10 02:56:00,669 INFO o.a.j.t.JMeterThread: Stopping because end time detected by thread: TCC products 1-9
2026-09-10 02:56:00,669 INFO o.a.j.t.JMeterThread: Thread finished: TCC products 1-9
2026-09-10 02:56:00,680 INFO o.a.j.t.JMeterThread: Stopping because end time detected by thread: TCC products 1-32
2026-09-10 02:56:00,681 INFO o.a.j.t.JMeterThread: Thread finished: TCC products 1-32
2026-09-10 02:56:00,693 INFO o.a.j.t.JMeterThread: Stopping because end time detected by thread: TCC products 1-90
2026-09-10 02:56:00,693 INFO o.a.j.t.JMeterThread: Thread finished: TCC products 1-90
2026-09-10 02:56:00,705 INFO o.a.j.t.JMeterThread: Stopping because end time detected by thread: TCC products 1-74
2026-09-10 02:56:00,705 INFO o.a.j.t.JMeterThread: Thread finished: TCC products 1-74
2026-09-10 02:56:00,717 INFO o.a.j.t.JMeterThread: Stopping because end time detected by thread: TCC products 1-14
2026-09-10 02:56:00,717 INFO o.a.j.t.JMeterThread: Thread finished: TCC products 1-14
2026-09-10 02:56:00,728 INFO o.a.j.t.JMeterThread: Stopping because end time detected by thread: TCC products 1-16
2026-09-10 02:56:00,728 INFO o.a.j.t.JMeterThread: Thread finished: TCC products 1-16
2026-09-10 02:56:00,739 INFO o.a.j.t.JMeterThread: Stopping because end time detected by thread: TCC products 1-7
2026-09-10 02:56:00,739 INFO o.a.j.t.JMeterThread: Thread finished: TCC products 1-7
2026-09-10 02:56:00,751 INFO o.a.j.t.JMeterThread: Stopping because end time detected by thread: TCC products 1-61
2026-09-10 02:56:00,751 INFO o.a.j.t.JMeterThread: Thread finished: TCC products 1-61
2026-09-10 02:56:00,761 INFO o.a.j.t.JMeterThread: Stopping because end time detected by thread: TCC products 1-66
2026-09-10 02:56:00,761 INFO o.a.j.t.JMeterThread: Thread finished: TCC products 1-66
2026-09-10 02:56:00,772 INFO o.a.j.t.JMeterThread: Stopping because end time detected by thread: TCC products 1-81
2026-09-10 02:56:00,773 INFO o.a.j.t.JMeterThread: Thread finished: TCC products 1-81
2026-09-10 02:56:00,783 INFO o.a.j.t.JMeterThread: Stopping because end time detected by thread: TCC products 1-69
2026-09-10 02:56:00,783 INFO o.a.j.t.JMeterThread: Thread finished: TCC products 1-69
2026-09-10 02:56:00,793 INFO o.a.j.t.JMeterThread: Stopping because end time detected by thread: TCC products 1-77
2026-09-10 02:56:00,794 INFO o.a.j.t.JMeterThread: Thread finished: TCC products 1-77
2026-09-10 02:56:00,803 INFO o.a.j.t.JMeterThread: Stopping because end time detected by thread: TCC products 1-70
2026-09-10 02:56:00,804 INFO o.a.j.t.JMeterThread: Thread finished: TCC products 1-70
2026-09-10 02:56:00,814 INFO o.a.j.t.JMeterThread: Stopping because end time detected by thread: TCC products 1-44
2026-09-10 02:56:00,814 INFO o.a.j.t.JMeterThread: Thread finished: TCC products 1-44
2026-09-10 02:56:00,824 INFO o.a.j.t.JMeterThread: Stopping because end time detected by thread: TCC products 1-68
2026-09-10 02:56:00,825 INFO o.a.j.t.JMeterThread: Thread finished: TCC products 1-68
2026-09-10 02:56:00,834 INFO o.a.j.t.JMeterThread: Stopping because end time detected by thread: TCC products 1-67
2026-09-10 02:56:00,835 INFO o.a.j.t.JMeterThread: Thread finished: TCC products 1-67
2026-09-10 02:56:00,845 INFO o.a.j.t.JMeterThread: Stopping because end time detected by thread: TCC products 1-99
2026-09-10 02:56:00,845 INFO o.a.j.t.JMeterThread: Thread finished: TCC products 1-99
2026-09-10 02:56:00,855 INFO o.a.j.t.JMeterThread: Stopping because end time detected by thread: TCC products 1-57
2026-09-10 02:56:00,855 INFO o.a.j.t.JMeterThread: Thread finished: TCC products 1-57
2026-09-10 02:56:00,866 INFO o.a.j.t.JMeterThread: Stopping because end time detected by thread: TCC products 1-91
2026-09-10 02:56:00,866 INFO o.a.j.t.JMeterThread: Thread finished: TCC products 1-91
2026-09-10 02:56:00,876 INFO o.a.j.t.JMeterThread: Stopping because end time detected by thread: TCC products 1-88
2026-09-10 02:56:00,876 INFO o.a.j.t.JMeterThread: Thread finished: TCC products 1-88
2026-09-10 02:56:00,887 INFO o.a.j.t.JMeterThread: Stopping because end time detected by thread: TCC products 1-51
2026-09-10 02:56:00,887 INFO o.a.j.t.JMeterThread: Thread finished: TCC products 1-51
2026-09-10 02:56:00,897 INFO o.a.j.t.JMeterThread: Stopping because end time detected by thread: TCC products 1-85
2026-09-10 02:56:00,897 INFO o.a.j.t.JMeterThread: Thread finished: TCC products 1-85
2026-09-10 02:56:00,908 INFO o.a.j.t.JMeterThread: Stopping because end time detected by thread: TCC products 1-23
2026-09-10 02:56:00,908 INFO o.a.j.t.JMeterThread: Thread finished: TCC products 1-23
2026-09-10 02:56:00,919 INFO o.a.j.t.JMeterThread: Stopping because end time detected by thread: TCC products 1-97
2026-09-10 02:56:00,919 INFO o.a.j.t.JMeterThread: Thread finished: TCC products 1-97
2026-09-10 02:56:00,929 INFO o.a.j.t.JMeterThread: Stopping because end time detected by thread: TCC products 1-87
2026-09-10 02:56:00,929 INFO o.a.j.t.JMeterThread: Thread finished: TCC products 1-87
2026-09-10 02:56:00,939 INFO o.a.j.t.JMeterThread: Stopping because end time detected by thread: TCC products 1-62
2026-09-10 02:56:00,939 INFO o.a.j.t.JMeterThread: Thread finished: TCC products 1-62
2026-09-10 02:56:00,950 INFO o.a.j.t.JMeterThread: Stopping because end time detected by thread: TCC products 1-84
2026-09-10 02:56:00,950 INFO o.a.j.t.JMeterThread: Thread finished: TCC products 1-84
2026-09-10 02:56:00,960 INFO o.a.j.t.JMeterThread: Stopping because end time detected by thread: TCC products 1-4
2026-09-10 02:56:00,961 INFO o.a.j.t.JMeterThread: Thread finished: TCC products 1-4
2026-09-10 02:56:00,971 INFO o.a.j.t.JMeterThread: Stopping because end time detected by thread: TCC products 1-72
2026-09-10 02:56:00,971 INFO o.a.j.t.JMeterThread: Thread finished: TCC products 1-72
2026-09-10 02:56:00,982 INFO o.a.j.t.JMeterThread: Stopping because end time detected by thread: TCC products 1-82
2026-09-10 02:56:00,982 INFO o.a.j.t.JMeterThread: Thread finished: TCC products 1-82
2026-09-10 02:56:00,992 INFO o.a.j.t.JMeterThread: Stopping because end time detected by thread: TCC products 1-41
2026-09-10 02:56:00,993 INFO o.a.j.t.JMeterThread: Thread finished: TCC products 1-41
2026-09-10 02:56:01,009 INFO o.a.j.t.JMeterThread: Stopping because end time detected by thread: TCC products 1-52
2026-09-10 02:56:01,010 INFO o.a.j.t.JMeterThread: Thread finished: TCC products 1-52
2026-09-10 02:56:01,020 INFO o.a.j.t.JMeterThread: Stopping because end time detected by thread: TCC products 1-98
2026-09-10 02:56:01,021 INFO o.a.j.t.JMeterThread: Thread finished: TCC products 1-98
2026-09-10 02:56:01,031 INFO o.a.j.t.JMeterThread: Stopping because end time detected by thread: TCC products 1-28
2026-09-10 02:56:01,031 INFO o.a.j.t.JMeterThread: Thread finished: TCC products 1-28
2026-09-10 02:56:01,042 INFO o.a.j.t.JMeterThread: Stopping because end time detected by thread: TCC products 1-83
2026-09-10 02:56:01,042 INFO o.a.j.t.JMeterThread: Thread finished: TCC products 1-83
2026-09-10 02:56:01,052 INFO o.a.j.t.JMeterThread: Stopping because end time detected by thread: TCC products 1-21
2026-09-10 02:56:01,053 INFO o.a.j.t.JMeterThread: Thread finished: TCC products 1-21
2026-09-10 02:56:01,064 INFO o.a.j.t.JMeterThread: Stopping because end time detected by thread: TCC products 1-38
2026-09-10 02:56:01,064 INFO o.a.j.t.JMeterThread: Thread finished: TCC products 1-38
2026-09-10 02:56:01,074 INFO o.a.j.t.JMeterThread: Stopping because end time detected by thread: TCC products 1-45
2026-09-10 02:56:01,075 INFO o.a.j.t.JMeterThread: Thread finished: TCC products 1-45
2026-09-10 02:56:01,085 INFO o.a.j.t.JMeterThread: Stopping because end time detected by thread: TCC products 1-3
2026-09-10 02:56:01,086 INFO o.a.j.t.JMeterThread: Thread finished: TCC products 1-3
2026-09-10 02:56:01,096 INFO o.a.j.t.JMeterThread: Stopping because end time detected by thread: TCC products 1-2
2026-09-10 02:56:01,097 INFO o.a.j.t.JMeterThread: Thread finished: TCC products 1-2
2026-09-10 02:56:01,108 INFO o.a.j.t.JMeterThread: Stopping because end time detected by thread: TCC products 1-22
2026-09-10 02:56:01,108 INFO o.a.j.t.JMeterThread: Thread finished: TCC products 1-22
2026-09-10 02:56:01,119 INFO o.a.j.t.JMeterThread: Stopping because end time detected by thread: TCC products 1-19
2026-09-10 02:56:01,119 INFO o.a.j.t.JMeterThread: Thread finished: TCC products 1-19
2026-09-10 02:56:01,131 INFO o.a.j.t.JMeterThread: Stopping because end time detected by thread: TCC products 1-65
2026-09-10 02:56:01,131 INFO o.a.j.t.JMeterThread: Thread finished: TCC products 1-65
2026-09-10 02:56:01,142 INFO o.a.j.t.JMeterThread: Stopping because end time detected by thread: TCC products 1-12
2026-09-10 02:56:01,142 INFO o.a.j.t.JMeterThread: Thread finished: TCC products 1-12
2026-09-10 02:56:01,152 INFO o.a.j.t.JMeterThread: Stopping because end time detected by thread: TCC products 1-24
2026-09-10 02:56:01,153 INFO o.a.j.t.JMeterThread: Thread finished: TCC products 1-24
2026-09-10 02:56:01,163 INFO o.a.j.t.JMeterThread: Stopping because end time detected by thread: TCC products 1-37
2026-09-10 02:56:01,163 INFO o.a.j.t.JMeterThread: Thread finished: TCC products 1-37
2026-09-10 02:56:01,174 INFO o.a.j.t.JMeterThread: Stopping because end time detected by thread: TCC products 1-76
2026-09-10 02:56:01,174 INFO o.a.j.t.JMeterThread: Thread finished: TCC products 1-76
2026-09-10 02:56:01,185 INFO o.a.j.t.JMeterThread: Stopping because end time detected by thread: TCC products 1-55
2026-09-10 02:56:01,185 INFO o.a.j.t.JMeterThread: Thread finished: TCC products 1-55
2026-09-10 02:56:01,196 INFO o.a.j.t.JMeterThread: Stopping because end time detected by thread: TCC products 1-20
2026-09-10 02:56:01,196 INFO o.a.j.t.JMeterThread: Thread finished: TCC products 1-20
2026-09-10 02:56:01,206 INFO o.a.j.t.JMeterThread: Stopping because end time detected by thread: TCC products 1-40
2026-09-10 02:56:01,206 INFO o.a.j.t.JMeterThread: Thread finished: TCC products 1-40
2026-09-10 02:56:01,216 INFO o.a.j.t.JMeterThread: Stopping because end time detected by thread: TCC products 1-18
2026-09-10 02:56:01,217 INFO o.a.j.t.JMeterThread: Thread finished: TCC products 1-18
2026-09-10 02:56:01,227 INFO o.a.j.t.JMeterThread: Stopping because end time detected by thread: TCC products 1-78
2026-09-10 02:56:01,227 INFO o.a.j.t.JMeterThread: Thread finished: TCC products 1-78
2026-09-10 02:56:01,238 INFO o.a.j.t.JMeterThread: Stopping because end time detected by thread: TCC products 1-59
2026-09-10 02:56:01,238 INFO o.a.j.t.JMeterThread: Thread finished: TCC products 1-59
2026-09-10 02:56:01,248 INFO o.a.j.t.JMeterThread: Stopping because end time detected by thread: TCC products 1-53
2026-09-10 02:56:01,248 INFO o.a.j.t.JMeterThread: Thread finished: TCC products 1-53
2026-09-10 02:56:01,259 INFO o.a.j.t.JMeterThread: Stopping because end time detected by thread: TCC products 1-33
2026-09-10 02:56:01,260 INFO o.a.j.t.JMeterThread: Thread finished: TCC products 1-33
2026-09-10 02:56:01,270 INFO o.a.j.t.JMeterThread: Stopping because end time detected by thread: TCC products 1-79
2026-09-10 02:56:01,270 INFO o.a.j.t.JMeterThread: Thread finished: TCC products 1-79
2026-09-10 02:56:01,281 INFO o.a.j.t.JMeterThread: Stopping because end time detected by thread: TCC products 1-96
2026-09-10 02:56:01,281 INFO o.a.j.t.JMeterThread: Thread finished: TCC products 1-96
2026-09-10 02:56:01,291 INFO o.a.j.t.JMeterThread: Stopping because end time detected by thread: TCC products 1-50
2026-09-10 02:56:01,291 INFO o.a.j.t.JMeterThread: Thread finished: TCC products 1-50
2026-09-10 02:56:01,302 INFO o.a.j.t.JMeterThread: Stopping because end time detected by thread: TCC products 1-47
2026-09-10 02:56:01,302 INFO o.a.j.t.JMeterThread: Thread finished: TCC products 1-47
2026-09-10 02:56:01,312 INFO o.a.j.t.JMeterThread: Stopping because end time detected by thread: TCC products 1-93
2026-09-10 02:56:01,312 INFO o.a.j.t.JMeterThread: Thread finished: TCC products 1-93
2026-09-10 02:56:01,323 INFO o.a.j.t.JMeterThread: Stopping because end time detected by thread: TCC products 1-46
2026-09-10 02:56:01,323 INFO o.a.j.t.JMeterThread: Thread finished: TCC products 1-46
2026-09-10 02:56:01,333 INFO o.a.j.t.JMeterThread: Stopping because end time detected by thread: TCC products 1-63
2026-09-10 02:56:01,333 INFO o.a.j.t.JMeterThread: Thread finished: TCC products 1-63
2026-09-10 02:56:01,344 INFO o.a.j.t.JMeterThread: Stopping because end time detected by thread: TCC products 1-89
2026-09-10 02:56:01,344 INFO o.a.j.t.JMeterThread: Thread finished: TCC products 1-89
2026-09-10 02:56:01,354 INFO o.a.j.t.JMeterThread: Stopping because end time detected by thread: TCC products 1-6
2026-09-10 02:56:01,354 INFO o.a.j.t.JMeterThread: Thread finished: TCC products 1-6
2026-09-10 02:56:01,365 INFO o.a.j.t.JMeterThread: Stopping because end time detected by thread: TCC products 1-56
2026-09-10 02:56:01,365 INFO o.a.j.t.JMeterThread: Thread finished: TCC products 1-56
2026-09-10 02:56:01,375 INFO o.a.j.t.JMeterThread: Stopping because end time detected by thread: TCC products 1-10
2026-09-10 02:56:01,375 INFO o.a.j.t.JMeterThread: Thread finished: TCC products 1-10
2026-09-10 02:56:01,386 INFO o.a.j.t.JMeterThread: Stopping because end time detected by thread: TCC products 1-94
2026-09-10 02:56:01,386 INFO o.a.j.t.JMeterThread: Thread finished: TCC products 1-94
2026-09-10 02:56:01,396 INFO o.a.j.t.JMeterThread: Stopping because end time detected by thread: TCC products 1-80
2026-09-10 02:56:01,396 INFO o.a.j.t.JMeterThread: Thread finished: TCC products 1-80
2026-09-10 02:56:01,407 INFO o.a.j.t.JMeterThread: Stopping because end time detected by thread: TCC products 1-100
2026-09-10 02:56:01,407 INFO o.a.j.t.JMeterThread: Thread finished: TCC products 1-100
2026-09-10 02:56:01,418 INFO o.a.j.t.JMeterThread: Stopping because end time detected by thread: TCC products 1-29
2026-09-10 02:56:01,418 INFO o.a.j.t.JMeterThread: Thread finished: TCC products 1-29
2026-09-10 02:56:01,429 INFO o.a.j.t.JMeterThread: Stopping because end time detected by thread: TCC products 1-71
2026-09-10 02:56:01,429 INFO o.a.j.t.JMeterThread: Thread finished: TCC products 1-71
2026-09-10 02:56:01,439 INFO o.a.j.t.JMeterThread: Stopping because end time detected by thread: TCC products 1-5
2026-09-10 02:56:01,439 INFO o.a.j.t.JMeterThread: Thread finished: TCC products 1-5
2026-09-10 02:56:01,450 INFO o.a.j.t.JMeterThread: Stopping because end time detected by thread: TCC products 1-48
2026-09-10 02:56:01,450 INFO o.a.j.t.JMeterThread: Thread finished: TCC products 1-48
2026-09-10 02:56:01,460 INFO o.a.j.t.JMeterThread: Stopping because end time detected by thread: TCC products 1-26
2026-09-10 02:56:01,461 INFO o.a.j.t.JMeterThread: Thread finished: TCC products 1-26
2026-09-10 02:56:01,471 INFO o.a.j.t.JMeterThread: Stopping because end time detected by thread: TCC products 1-27
2026-09-10 02:56:01,471 INFO o.a.j.t.JMeterThread: Thread finished: TCC products 1-27
2026-09-10 02:56:01,481 INFO o.a.j.t.JMeterThread: Stopping because end time detected by thread: TCC products 1-8
2026-09-10 02:56:01,481 INFO o.a.j.t.JMeterThread: Thread finished: TCC products 1-8
2026-09-10 02:56:01,492 INFO o.a.j.t.JMeterThread: Stopping because end time detected by thread: TCC products 1-42
2026-09-10 02:56:01,492 INFO o.a.j.t.JMeterThread: Thread finished: TCC products 1-42
2026-09-10 02:56:01,503 INFO o.a.j.t.JMeterThread: Stopping because end time detected by thread: TCC products 1-1
2026-09-10 02:56:01,503 INFO o.a.j.t.JMeterThread: Thread finished: TCC products 1-1
2026-09-10 02:56:01,513 INFO o.a.j.t.JMeterThread: Stopping because end time detected by thread: TCC products 1-35
2026-09-10 02:56:01,514 INFO o.a.j.t.JMeterThread: Thread finished: TCC products 1-35
2026-09-10 02:56:01,523 INFO o.a.j.t.JMeterThread: Stopping because end time detected by thread: TCC products 1-95
2026-09-10 02:56:01,524 INFO o.a.j.t.JMeterThread: Thread finished: TCC products 1-95
2026-09-10 02:56:01,534 INFO o.a.j.t.JMeterThread: Stopping because end time detected by thread: TCC products 1-13
2026-09-10 02:56:01,534 INFO o.a.j.t.JMeterThread: Thread finished: TCC products 1-13
2026-09-10 02:56:01,545 INFO o.a.j.t.JMeterThread: Stopping because end time detected by thread: TCC products 1-30
2026-09-10 02:56:01,545 INFO o.a.j.t.JMeterThread: Thread finished: TCC products 1-30
2026-09-10 02:56:01,556 INFO o.a.j.t.JMeterThread: Stopping because end time detected by thread: TCC products 1-34
2026-09-10 02:56:01,556 INFO o.a.j.t.JMeterThread: Thread finished: TCC products 1-34
2026-09-10 02:56:01,566 INFO o.a.j.t.JMeterThread: Stopping because end time detected by thread: TCC products 1-39
2026-09-10 02:56:01,567 INFO o.a.j.t.JMeterThread: Thread finished: TCC products 1-39
2026-09-10 02:56:01,577 INFO o.a.j.t.JMeterThread: Stopping because end time detected by thread: TCC products 1-58
2026-09-10 02:56:01,577 INFO o.a.j.t.JMeterThread: Thread finished: TCC products 1-58
2026-09-10 02:56:01,587 INFO o.a.j.t.JMeterThread: Stopping because end time detected by thread: TCC products 1-60
2026-09-10 02:56:01,587 INFO o.a.j.t.JMeterThread: Thread finished: TCC products 1-60
2026-09-10 02:56:01,598 INFO o.a.j.t.JMeterThread: Stopping because end time detected by thread: TCC products 1-15
2026-09-10 02:56:01,598 INFO o.a.j.t.JMeterThread: Thread finished: TCC products 1-15
2026-09-10 02:56:01,609 INFO o.a.j.t.JMeterThread: Stopping because end time detected by thread: TCC products 1-31
2026-09-10 02:56:01,609 INFO o.a.j.t.JMeterThread: Thread finished: TCC products 1-31
2026-09-10 02:56:01,619 INFO o.a.j.t.JMeterThread: Stopping because end time detected by thread: TCC products 1-64
2026-09-10 02:56:01,619 INFO o.a.j.t.JMeterThread: Thread finished: TCC products 1-64
2026-09-10 02:56:01,629 INFO o.a.j.t.JMeterThread: Stopping because end time detected by thread: TCC products 1-92
2026-09-10 02:56:01,629 INFO o.a.j.t.JMeterThread: Thread finished: TCC products 1-92
2026-09-10 02:56:01,630 INFO o.a.j.e.StandardJMeterEngine: Notifying test listeners of end of test
2026-09-10 02:56:01,632 INFO o.a.j.r.Summariser: summary +    150 in 00:00:02 =   92.9/s Avg:  1089 Min:  1075 Max:  1125 Err:     0 (0.00%) Active: 0 Started: 100 Finished: 100
2026-09-10 02:56:01,633 INFO o.a.j.r.Summariser: summary =   2740 in 00:00:31 =   88.0/s Avg:  1100 Min:    83 Max:  1559 Err:     0 (0.00%)
