2026-09-10 09:34:03,127 INFO o.a.j.u.JMeterUtils: Setting Locale to en_EN
2026-09-10 09:34:03,142 INFO o.a.j.JMeter: Loading user properties from: /home/avituo/projects/tcc/tcc-container/.tools/apache-jmeter-5.6.3/bin/user.properties
2026-09-10 09:34:03,142 INFO o.a.j.JMeter: Loading system properties from: /home/avituo/projects/tcc/tcc-container/.tools/apache-jmeter-5.6.3/bin/system.properties
2026-09-10 09:34:03,142 INFO o.a.j.JMeter: Loading additional properties from: /home/avituo/projects/tcc/tcc-container/benchmark/jmeter/benchmark.properties
2026-09-10 09:34:03,142 INFO o.a.j.JMeter: Loading additional properties from: /tmp/tcc-benchmark-auth.CDyA9r/auth.properties
2026-09-10 09:34:03,142 INFO o.a.j.JMeter: Setting JMeter property: threads=50
2026-09-10 09:34:03,143 INFO o.a.j.JMeter: Setting JMeter property: duration_seconds=30
2026-09-10 09:34:03,143 INFO o.a.j.JMeter: Setting JMeter property: target_host=localhost
2026-09-10 09:34:03,143 INFO o.a.j.JMeter: Setting JMeter property: target_port=18080
2026-09-10 09:34:03,143 INFO o.a.j.JMeter: Setting JMeter property: tcc.order.id=20000000-0000-4000-8000-000000000001
2026-09-10 09:34:03,143 INFO o.a.j.JMeter: Setting JMeter property: repetition=3
2026-09-10 09:34:03,148 INFO o.a.j.JMeter: Copyright (c) 1998-2024 The Apache Software Foundation
2026-09-10 09:34:03,148 INFO o.a.j.JMeter: Version 5.6.3
2026-09-10 09:34:03,148 INFO o.a.j.JMeter: java.version=21.0.11
2026-09-10 09:34:03,149 INFO o.a.j.JMeter: java.vm.name=OpenJDK 64-Bit Server VM
2026-09-10 09:34:03,149 INFO o.a.j.JMeter: os.name=Linux
2026-09-10 09:34:03,149 INFO o.a.j.JMeter: os.arch=amd64
2026-09-10 09:34:03,149 INFO o.a.j.JMeter: os.version=7.0.11-76070011-generic
2026-09-10 09:34:03,149 INFO o.a.j.JMeter: file.encoding=UTF-8
2026-09-10 09:34:03,149 INFO o.a.j.JMeter: java.awt.headless=true
2026-09-10 09:34:03,149 INFO o.a.j.JMeter: Max memory     =1073741824
2026-09-10 09:34:03,149 INFO o.a.j.JMeter: Available Processors =16
2026-09-10 09:34:03,157 INFO o.a.j.JMeter: Default Locale=English (EN)
2026-09-10 09:34:03,157 INFO o.a.j.JMeter: JMeter  Locale=English (EN)
2026-09-10 09:34:03,157 INFO o.a.j.JMeter: JMeterHome=/home/avituo/projects/tcc/tcc-container/.tools/apache-jmeter-5.6.3
2026-09-10 09:34:03,157 INFO o.a.j.JMeter: user.dir  =/home/avituo/projects/tcc/tcc-container
2026-09-10 09:34:03,157 INFO o.a.j.JMeter: PWD       =/home/avituo/projects/tcc/tcc-container
2026-09-10 09:34:03,165 INFO o.a.j.JMeter: IP: 192.168.1.16 Name: pop-os FullName: pop-os.home
2026-09-10 09:34:03,178 INFO o.a.j.s.FileServer: Default base='/home/avituo/projects/tcc/tcc-container'
2026-09-10 09:34:03,179 INFO o.a.j.s.FileServer: Set new base='/home/avituo/projects/tcc/tcc-container/benchmark/jmeter'
2026-09-10 09:34:03,336 INFO o.a.j.s.SaveService: Testplan (JMX) version: 2.2. Testlog (JTL) version: 2.2
2026-09-10 09:34:03,360 INFO o.a.j.s.SaveService: Using SaveService properties version 5.0
2026-09-10 09:34:03,363 INFO o.a.j.s.SaveService: Using SaveService properties file encoding UTF-8
2026-09-10 09:34:03,367 INFO o.a.j.s.SaveService: Loading file: /home/avituo/projects/tcc/tcc-container/benchmark/jmeter/tcc-order-create-v1.jmx
2026-09-10 09:34:03,417 INFO o.a.j.p.h.s.HTTPSamplerBase: Parser for text/html is org.apache.jmeter.protocol.http.parser.LagartoBasedHtmlParser
2026-09-10 09:34:03,418 INFO o.a.j.p.h.s.HTTPSamplerBase: Parser for application/xhtml+xml is org.apache.jmeter.protocol.http.parser.LagartoBasedHtmlParser
2026-09-10 09:34:03,418 INFO o.a.j.p.h.s.HTTPSamplerBase: Parser for application/xml is org.apache.jmeter.protocol.http.parser.LagartoBasedHtmlParser
2026-09-10 09:34:03,418 INFO o.a.j.p.h.s.HTTPSamplerBase: Parser for text/xml is org.apache.jmeter.protocol.http.parser.LagartoBasedHtmlParser
2026-09-10 09:34:03,418 INFO o.a.j.p.h.s.HTTPSamplerBase: Parser for text/vnd.wap.wml is org.apache.jmeter.protocol.http.parser.RegexpHTMLParser
2026-09-10 09:34:03,418 INFO o.a.j.p.h.s.HTTPSamplerBase: Parser for text/css is org.apache.jmeter.protocol.http.parser.CssParser
2026-09-10 09:34:03,449 INFO o.a.j.JMeter: Creating summariser <summary>
2026-09-10 09:34:03,468 INFO o.a.j.e.StandardJMeterEngine: Running the test!
2026-09-10 09:34:03,469 INFO o.a.j.s.SampleEvent: List of sample_variables: []
2026-09-10 09:34:03,470 INFO o.a.j.s.SampleEvent: List of sample_variables: []
2026-09-10 09:34:03,475 INFO o.a.j.e.u.CompoundVariable: Note: Function class names must contain the string: '.functions.'
2026-09-10 09:34:03,476 INFO o.a.j.e.u.CompoundVariable: Note: Function class names must not contain the string: '.gui.'
2026-09-10 09:34:03,726 INFO o.a.j.JMeter: Running test (1789043643726)
2026-09-10 09:34:03,748 INFO o.a.j.e.StandardJMeterEngine: Starting ThreadGroup: 1 : TCC order-create
2026-09-10 09:34:03,748 INFO o.a.j.e.StandardJMeterEngine: Starting 50 threads for group TCC order-create.
2026-09-10 09:34:03,748 INFO o.a.j.e.StandardJMeterEngine: Thread will continue on error
2026-09-10 09:34:03,748 INFO o.a.j.t.ThreadGroup: Starting thread group... number=1 threads=50 ramp-up=0 delayedStart=false
2026-09-10 09:34:03,754 INFO o.a.j.t.JMeterThread: Thread started: TCC order-create 1-3
2026-09-10 09:34:03,754 INFO o.a.j.t.JMeterThread: Thread started: TCC order-create 1-1
2026-09-10 09:34:03,754 INFO o.a.j.t.JMeterThread: Thread started: TCC order-create 1-2
2026-09-10 09:34:03,755 INFO o.a.j.t.JMeterThread: Thread started: TCC order-create 1-4
2026-09-10 09:34:03,755 INFO o.a.j.t.JMeterThread: Thread started: TCC order-create 1-5
2026-09-10 09:34:03,756 INFO o.a.j.t.JMeterThread: Thread started: TCC order-create 1-6
2026-09-10 09:34:03,757 INFO o.a.j.t.JMeterThread: Thread started: TCC order-create 1-7
2026-09-10 09:34:03,757 INFO o.a.j.t.JMeterThread: Thread started: TCC order-create 1-8
2026-09-10 09:34:03,758 INFO o.a.j.t.JMeterThread: Thread started: TCC order-create 1-9
2026-09-10 09:34:03,758 INFO o.a.j.t.JMeterThread: Thread started: TCC order-create 1-10
2026-09-10 09:34:03,759 INFO o.a.j.t.JMeterThread: Thread started: TCC order-create 1-11
2026-09-10 09:34:03,760 INFO o.a.j.t.JMeterThread: Thread started: TCC order-create 1-12
2026-09-10 09:34:03,761 INFO o.a.j.t.JMeterThread: Thread started: TCC order-create 1-13
2026-09-10 09:34:03,762 INFO o.a.j.t.JMeterThread: Thread started: TCC order-create 1-14
2026-09-10 09:34:03,763 INFO o.a.j.t.JMeterThread: Thread started: TCC order-create 1-15
2026-09-10 09:34:03,765 INFO o.a.j.t.JMeterThread: Thread started: TCC order-create 1-16
2026-09-10 09:34:03,765 INFO o.a.j.t.JMeterThread: Thread started: TCC order-create 1-17
2026-09-10 09:34:03,766 INFO o.a.j.t.JMeterThread: Thread started: TCC order-create 1-18
2026-09-10 09:34:03,767 INFO o.a.j.t.JMeterThread: Thread started: TCC order-create 1-19
2026-09-10 09:34:03,767 INFO o.a.j.t.JMeterThread: Thread started: TCC order-create 1-20
2026-09-10 09:34:03,768 INFO o.a.j.t.JMeterThread: Thread started: TCC order-create 1-21
2026-09-10 09:34:03,768 INFO o.a.j.t.JMeterThread: Thread started: TCC order-create 1-22
2026-09-10 09:34:03,769 INFO o.a.j.t.JMeterThread: Thread started: TCC order-create 1-23
2026-09-10 09:34:03,770 INFO o.a.j.t.JMeterThread: Thread started: TCC order-create 1-24
2026-09-10 09:34:03,770 INFO o.a.j.t.JMeterThread: Thread started: TCC order-create 1-25
2026-09-10 09:34:03,771 INFO o.a.j.t.JMeterThread: Thread started: TCC order-create 1-26
2026-09-10 09:34:03,771 INFO o.a.j.t.JMeterThread: Thread started: TCC order-create 1-27
2026-09-10 09:34:03,771 INFO o.a.j.t.JMeterThread: Thread started: TCC order-create 1-28
2026-09-10 09:34:03,772 INFO o.a.j.t.JMeterThread: Thread started: TCC order-create 1-29
2026-09-10 09:34:03,772 INFO o.a.j.t.JMeterThread: Thread started: TCC order-create 1-30
2026-09-10 09:34:03,773 INFO o.a.j.t.JMeterThread: Thread started: TCC order-create 1-31
2026-09-10 09:34:03,773 INFO o.a.j.t.JMeterThread: Thread started: TCC order-create 1-32
2026-09-10 09:34:03,774 INFO o.a.j.t.JMeterThread: Thread started: TCC order-create 1-33
2026-09-10 09:34:03,774 INFO o.a.j.t.JMeterThread: Thread started: TCC order-create 1-34
2026-09-10 09:34:03,775 INFO o.a.j.t.JMeterThread: Thread started: TCC order-create 1-35
2026-09-10 09:34:03,776 INFO o.a.j.t.JMeterThread: Thread started: TCC order-create 1-36
2026-09-10 09:34:03,777 INFO o.a.j.t.JMeterThread: Thread started: TCC order-create 1-37
2026-09-10 09:34:03,778 INFO o.a.j.t.JMeterThread: Thread started: TCC order-create 1-38
2026-09-10 09:34:03,780 INFO o.a.j.t.JMeterThread: Thread started: TCC order-create 1-39
2026-09-10 09:34:03,780 INFO o.a.j.t.JMeterThread: Thread started: TCC order-create 1-40
2026-09-10 09:34:03,781 INFO o.a.j.t.JMeterThread: Thread started: TCC order-create 1-41
2026-09-10 09:34:03,782 INFO o.a.j.t.JMeterThread: Thread started: TCC order-create 1-42
2026-09-10 09:34:03,783 INFO o.a.j.t.JMeterThread: Thread started: TCC order-create 1-43
2026-09-10 09:34:03,783 INFO o.a.j.t.JMeterThread: Thread started: TCC order-create 1-44
2026-09-10 09:34:03,784 INFO o.a.j.t.JMeterThread: Thread started: TCC order-create 1-45
2026-09-10 09:34:03,784 INFO o.a.j.t.JMeterThread: Thread started: TCC order-create 1-46
2026-09-10 09:34:03,785 INFO o.a.j.t.JMeterThread: Thread started: TCC order-create 1-47
2026-09-10 09:34:03,786 INFO o.a.j.t.JMeterThread: Thread started: TCC order-create 1-48
2026-09-10 09:34:03,786 INFO o.a.j.t.JMeterThread: Thread started: TCC order-create 1-49
2026-09-10 09:34:03,787 INFO o.a.j.t.ThreadGroup: Started thread group number 1
2026-09-10 09:34:03,787 INFO o.a.j.e.StandardJMeterEngine: All thread groups have been started
2026-09-10 09:34:03,787 INFO o.a.j.t.JMeterThread: Thread started: TCC order-create 1-50
2026-09-10 09:34:04,481 INFO o.a.j.p.h.s.HTTPHCAbstractImpl: Local host = pop-os
2026-09-10 09:34:04,489 INFO o.a.j.p.h.s.HTTPHC4Impl: HTTP request retry count = 0
2026-09-10 09:34:04,490 INFO o.a.j.s.SampleResult: Note: Sample TimeStamps are START times
2026-09-10 09:34:04,491 INFO o.a.j.s.SampleResult: sampleresult.default.encoding is set to UTF-8
2026-09-10 09:34:04,491 INFO o.a.j.s.SampleResult: sampleresult.useNanoTime=true
2026-09-10 09:34:04,491 INFO o.a.j.s.SampleResult: sampleresult.nanoThreadSleep=5000
2026-09-10 09:34:05,059 INFO o.a.j.r.Summariser: summary +      1 in 00:00:01 =    0.8/s Avg:   343 Min:   343 Max:   343 Err:     0 (0.00%) Active: 50 Started: 50 Finished: 0
2026-09-10 09:34:30,040 INFO o.a.j.r.Summariser: summary +    472 in 00:00:25 =   18.9/s Avg:  2556 Min:   390 Max:  3087 Err:     0 (0.00%) Active: 50 Started: 50 Finished: 0
2026-09-10 09:34:30,040 INFO o.a.j.r.Summariser: summary =    473 in 00:00:26 =   18.0/s Avg:  2552 Min:   343 Max:  3087 Err:     0 (0.00%)
2026-09-10 09:34:33,800 INFO o.a.j.t.JMeterThread: Stopping because end time detected by thread: TCC order-create 1-14
2026-09-10 09:34:33,800 INFO o.a.j.t.JMeterThread: Thread finished: TCC order-create 1-14
2026-09-10 09:34:33,851 INFO o.a.j.t.JMeterThread: Stopping because end time detected by thread: TCC order-create 1-3
2026-09-10 09:34:33,851 INFO o.a.j.t.JMeterThread: Thread finished: TCC order-create 1-3
2026-09-10 09:34:33,905 INFO o.a.j.t.JMeterThread: Stopping because end time detected by thread: TCC order-create 1-47
2026-09-10 09:34:33,905 INFO o.a.j.t.JMeterThread: Thread finished: TCC order-create 1-47
2026-09-10 09:34:33,955 INFO o.a.j.t.JMeterThread: Stopping because end time detected by thread: TCC order-create 1-36
2026-09-10 09:34:33,955 INFO o.a.j.t.JMeterThread: Thread finished: TCC order-create 1-36
2026-09-10 09:34:34,006 INFO o.a.j.t.JMeterThread: Stopping because end time detected by thread: TCC order-create 1-10
2026-09-10 09:34:34,006 INFO o.a.j.t.JMeterThread: Thread finished: TCC order-create 1-10
2026-09-10 09:34:34,069 INFO o.a.j.t.JMeterThread: Stopping because end time detected by thread: TCC order-create 1-7
2026-09-10 09:34:34,069 INFO o.a.j.t.JMeterThread: Thread finished: TCC order-create 1-7
2026-09-10 09:34:34,119 INFO o.a.j.t.JMeterThread: Stopping because end time detected by thread: TCC order-create 1-39
2026-09-10 09:34:34,119 INFO o.a.j.t.JMeterThread: Thread finished: TCC order-create 1-39
2026-09-10 09:34:34,179 INFO o.a.j.t.JMeterThread: Stopping because end time detected by thread: TCC order-create 1-37
2026-09-10 09:34:34,179 INFO o.a.j.t.JMeterThread: Thread finished: TCC order-create 1-37
2026-09-10 09:34:34,229 INFO o.a.j.t.JMeterThread: Stopping because end time detected by thread: TCC order-create 1-4
2026-09-10 09:34:34,229 INFO o.a.j.t.JMeterThread: Thread finished: TCC order-create 1-4
2026-09-10 09:34:34,281 INFO o.a.j.t.JMeterThread: Stopping because end time detected by thread: TCC order-create 1-35
2026-09-10 09:34:34,281 INFO o.a.j.t.JMeterThread: Thread finished: TCC order-create 1-35
2026-09-10 09:34:34,335 INFO o.a.j.t.JMeterThread: Stopping because end time detected by thread: TCC order-create 1-11
2026-09-10 09:34:34,335 INFO o.a.j.t.JMeterThread: Thread finished: TCC order-create 1-11
2026-09-10 09:34:34,385 INFO o.a.j.t.JMeterThread: Stopping because end time detected by thread: TCC order-create 1-8
2026-09-10 09:34:34,385 INFO o.a.j.t.JMeterThread: Thread finished: TCC order-create 1-8
2026-09-10 09:34:34,437 INFO o.a.j.t.JMeterThread: Stopping because end time detected by thread: TCC order-create 1-21
2026-09-10 09:34:34,437 INFO o.a.j.t.JMeterThread: Thread finished: TCC order-create 1-21
2026-09-10 09:34:34,489 INFO o.a.j.t.JMeterThread: Stopping because end time detected by thread: TCC order-create 1-41
2026-09-10 09:34:34,489 INFO o.a.j.t.JMeterThread: Thread finished: TCC order-create 1-41
2026-09-10 09:34:34,542 INFO o.a.j.t.JMeterThread: Stopping because end time detected by thread: TCC order-create 1-33
2026-09-10 09:34:34,542 INFO o.a.j.t.JMeterThread: Thread finished: TCC order-create 1-33
2026-09-10 09:34:34,593 INFO o.a.j.t.JMeterThread: Stopping because end time detected by thread: TCC order-create 1-49
2026-09-10 09:34:34,594 INFO o.a.j.t.JMeterThread: Thread finished: TCC order-create 1-49
2026-09-10 09:34:34,644 INFO o.a.j.t.JMeterThread: Stopping because end time detected by thread: TCC order-create 1-18
2026-09-10 09:34:34,645 INFO o.a.j.t.JMeterThread: Thread finished: TCC order-create 1-18
2026-09-10 09:34:34,696 INFO o.a.j.t.JMeterThread: Stopping because end time detected by thread: TCC order-create 1-5
2026-09-10 09:34:34,696 INFO o.a.j.t.JMeterThread: Thread finished: TCC order-create 1-5
2026-09-10 09:34:34,748 INFO o.a.j.t.JMeterThread: Stopping because end time detected by thread: TCC order-create 1-25
2026-09-10 09:34:34,748 INFO o.a.j.t.JMeterThread: Thread finished: TCC order-create 1-25
2026-09-10 09:34:34,800 INFO o.a.j.t.JMeterThread: Stopping because end time detected by thread: TCC order-create 1-44
2026-09-10 09:34:34,800 INFO o.a.j.t.JMeterThread: Thread finished: TCC order-create 1-44
2026-09-10 09:34:34,850 INFO o.a.j.t.JMeterThread: Stopping because end time detected by thread: TCC order-create 1-32
2026-09-10 09:34:34,850 INFO o.a.j.t.JMeterThread: Thread finished: TCC order-create 1-32
2026-09-10 09:34:34,902 INFO o.a.j.t.JMeterThread: Stopping because end time detected by thread: TCC order-create 1-45
2026-09-10 09:34:34,902 INFO o.a.j.t.JMeterThread: Thread finished: TCC order-create 1-45
2026-09-10 09:34:34,953 INFO o.a.j.t.JMeterThread: Stopping because end time detected by thread: TCC order-create 1-1
2026-09-10 09:34:34,954 INFO o.a.j.t.JMeterThread: Thread finished: TCC order-create 1-1
2026-09-10 09:34:35,011 INFO o.a.j.t.JMeterThread: Stopping because end time detected by thread: TCC order-create 1-43
2026-09-10 09:34:35,012 INFO o.a.j.t.JMeterThread: Thread finished: TCC order-create 1-43
2026-09-10 09:34:35,062 INFO o.a.j.t.JMeterThread: Stopping because end time detected by thread: TCC order-create 1-30
2026-09-10 09:34:35,062 INFO o.a.j.t.JMeterThread: Thread finished: TCC order-create 1-30
2026-09-10 09:34:35,110 INFO o.a.j.t.JMeterThread: Stopping because end time detected by thread: TCC order-create 1-6
2026-09-10 09:34:35,110 INFO o.a.j.t.JMeterThread: Thread finished: TCC order-create 1-6
2026-09-10 09:34:35,159 INFO o.a.j.t.JMeterThread: Stopping because end time detected by thread: TCC order-create 1-16
2026-09-10 09:34:35,159 INFO o.a.j.t.JMeterThread: Thread finished: TCC order-create 1-16
2026-09-10 09:34:35,212 INFO o.a.j.t.JMeterThread: Stopping because end time detected by thread: TCC order-create 1-15
2026-09-10 09:34:35,212 INFO o.a.j.t.JMeterThread: Thread finished: TCC order-create 1-15
2026-09-10 09:34:35,262 INFO o.a.j.t.JMeterThread: Stopping because end time detected by thread: TCC order-create 1-34
2026-09-10 09:34:35,262 INFO o.a.j.t.JMeterThread: Thread finished: TCC order-create 1-34
2026-09-10 09:34:35,314 INFO o.a.j.t.JMeterThread: Stopping because end time detected by thread: TCC order-create 1-24
2026-09-10 09:34:35,314 INFO o.a.j.t.JMeterThread: Thread finished: TCC order-create 1-24
2026-09-10 09:34:35,367 INFO o.a.j.t.JMeterThread: Stopping because end time detected by thread: TCC order-create 1-50
2026-09-10 09:34:35,367 INFO o.a.j.t.JMeterThread: Thread finished: TCC order-create 1-50
2026-09-10 09:34:35,419 INFO o.a.j.t.JMeterThread: Stopping because end time detected by thread: TCC order-create 1-20
2026-09-10 09:34:35,419 INFO o.a.j.t.JMeterThread: Thread finished: TCC order-create 1-20
2026-09-10 09:34:35,469 INFO o.a.j.t.JMeterThread: Stopping because end time detected by thread: TCC order-create 1-31
2026-09-10 09:34:35,470 INFO o.a.j.t.JMeterThread: Thread finished: TCC order-create 1-31
2026-09-10 09:34:35,523 INFO o.a.j.t.JMeterThread: Stopping because end time detected by thread: TCC order-create 1-2
2026-09-10 09:34:35,524 INFO o.a.j.t.JMeterThread: Thread finished: TCC order-create 1-2
2026-09-10 09:34:35,580 INFO o.a.j.t.JMeterThread: Stopping because end time detected by thread: TCC order-create 1-48
2026-09-10 09:34:35,580 INFO o.a.j.t.JMeterThread: Thread finished: TCC order-create 1-48
2026-09-10 09:34:35,633 INFO o.a.j.t.JMeterThread: Stopping because end time detected by thread: TCC order-create 1-19
2026-09-10 09:34:35,633 INFO o.a.j.t.JMeterThread: Thread finished: TCC order-create 1-19
2026-09-10 09:34:35,685 INFO o.a.j.t.JMeterThread: Stopping because end time detected by thread: TCC order-create 1-22
2026-09-10 09:34:35,686 INFO o.a.j.t.JMeterThread: Thread finished: TCC order-create 1-22
2026-09-10 09:34:35,739 INFO o.a.j.t.JMeterThread: Stopping because end time detected by thread: TCC order-create 1-26
2026-09-10 09:34:35,739 INFO o.a.j.t.JMeterThread: Thread finished: TCC order-create 1-26
2026-09-10 09:34:35,790 INFO o.a.j.t.JMeterThread: Stopping because end time detected by thread: TCC order-create 1-40
2026-09-10 09:34:35,790 INFO o.a.j.t.JMeterThread: Thread finished: TCC order-create 1-40
2026-09-10 09:34:35,844 INFO o.a.j.t.JMeterThread: Stopping because end time detected by thread: TCC order-create 1-12
2026-09-10 09:34:35,844 INFO o.a.j.t.JMeterThread: Thread finished: TCC order-create 1-12
2026-09-10 09:34:35,899 INFO o.a.j.t.JMeterThread: Stopping because end time detected by thread: TCC order-create 1-9
2026-09-10 09:34:35,900 INFO o.a.j.t.JMeterThread: Thread finished: TCC order-create 1-9
2026-09-10 09:34:35,951 INFO o.a.j.t.JMeterThread: Stopping because end time detected by thread: TCC order-create 1-28
2026-09-10 09:34:35,951 INFO o.a.j.t.JMeterThread: Thread finished: TCC order-create 1-28
2026-09-10 09:34:36,004 INFO o.a.j.t.JMeterThread: Stopping because end time detected by thread: TCC order-create 1-17
2026-09-10 09:34:36,004 INFO o.a.j.t.JMeterThread: Thread finished: TCC order-create 1-17
2026-09-10 09:34:36,058 INFO o.a.j.t.JMeterThread: Stopping because end time detected by thread: TCC order-create 1-42
2026-09-10 09:34:36,058 INFO o.a.j.t.JMeterThread: Thread finished: TCC order-create 1-42
2026-09-10 09:34:36,112 INFO o.a.j.t.JMeterThread: Stopping because end time detected by thread: TCC order-create 1-46
2026-09-10 09:34:36,112 INFO o.a.j.t.JMeterThread: Thread finished: TCC order-create 1-46
2026-09-10 09:34:36,163 INFO o.a.j.t.JMeterThread: Stopping because end time detected by thread: TCC order-create 1-27
2026-09-10 09:34:36,164 INFO o.a.j.t.JMeterThread: Thread finished: TCC order-create 1-27
2026-09-10 09:34:36,217 INFO o.a.j.t.JMeterThread: Stopping because end time detected by thread: TCC order-create 1-13
2026-09-10 09:34:36,217 INFO o.a.j.t.JMeterThread: Thread finished: TCC order-create 1-13
2026-09-10 09:34:36,268 INFO o.a.j.t.JMeterThread: Stopping because end time detected by thread: TCC order-create 1-23
2026-09-10 09:34:36,268 INFO o.a.j.t.JMeterThread: Thread finished: TCC order-create 1-23
2026-09-10 09:34:36,319 INFO o.a.j.t.JMeterThread: Stopping because end time detected by thread: TCC order-create 1-29
2026-09-10 09:34:36,319 INFO o.a.j.t.JMeterThread: Thread finished: TCC order-create 1-29
2026-09-10 09:34:36,372 INFO o.a.j.t.JMeterThread: Stopping because end time detected by thread: TCC order-create 1-38
2026-09-10 09:34:36,372 INFO o.a.j.t.JMeterThread: Thread finished: TCC order-create 1-38
2026-09-10 09:34:36,373 INFO o.a.j.e.StandardJMeterEngine: Notifying test listeners of end of test
2026-09-10 09:34:36,376 INFO o.a.j.r.Summariser: summary +    120 in 00:00:06 =   18.9/s Avg:  2642 Min:  2599 Max:  2687 Err:     0 (0.00%) Active: 0 Started: 50 Finished: 50
2026-09-10 09:34:36,377 INFO o.a.j.r.Summariser: summary =    593 in 00:00:33 =   18.2/s Avg:  2570 Min:   343 Max:  3087 Err:     0 (0.00%)
