2026-09-10 03:35:00,910 INFO o.a.j.u.JMeterUtils: Setting Locale to en_EN
2026-09-10 03:35:00,927 INFO o.a.j.JMeter: Loading user properties from: /home/avituo/projects/tcc/tcc-container/.tools/apache-jmeter-5.6.3/bin/user.properties
2026-09-10 03:35:00,927 INFO o.a.j.JMeter: Loading system properties from: /home/avituo/projects/tcc/tcc-container/.tools/apache-jmeter-5.6.3/bin/system.properties
2026-09-10 03:35:00,927 INFO o.a.j.JMeter: Loading additional properties from: /home/avituo/projects/tcc/tcc-container/benchmark/jmeter/benchmark.properties
2026-09-10 03:35:00,927 INFO o.a.j.JMeter: Loading additional properties from: /tmp/tcc-benchmark-auth.Z9rVlq/auth.properties
2026-09-10 03:35:00,927 INFO o.a.j.JMeter: Setting JMeter property: threads=10
2026-09-10 03:35:00,927 INFO o.a.j.JMeter: Setting JMeter property: duration_seconds=30
2026-09-10 03:35:00,927 INFO o.a.j.JMeter: Setting JMeter property: target_host=localhost
2026-09-10 03:35:00,927 INFO o.a.j.JMeter: Setting JMeter property: target_port=18080
2026-09-10 03:35:00,927 INFO o.a.j.JMeter: Setting JMeter property: tcc.order.id=20000000-0000-4000-8000-000000000001
2026-09-10 03:35:00,928 INFO o.a.j.JMeter: Setting JMeter property: repetition=3
2026-09-10 03:35:00,934 INFO o.a.j.JMeter: Copyright (c) 1998-2024 The Apache Software Foundation
2026-09-10 03:35:00,934 INFO o.a.j.JMeter: Version 5.6.3
2026-09-10 03:35:00,934 INFO o.a.j.JMeter: java.version=21.0.11
2026-09-10 03:35:00,934 INFO o.a.j.JMeter: java.vm.name=OpenJDK 64-Bit Server VM
2026-09-10 03:35:00,934 INFO o.a.j.JMeter: os.name=Linux
2026-09-10 03:35:00,934 INFO o.a.j.JMeter: os.arch=amd64
2026-09-10 03:35:00,934 INFO o.a.j.JMeter: os.version=7.0.11-76070011-generic
2026-09-10 03:35:00,934 INFO o.a.j.JMeter: file.encoding=UTF-8
2026-09-10 03:35:00,935 INFO o.a.j.JMeter: java.awt.headless=true
2026-09-10 03:35:00,935 INFO o.a.j.JMeter: Max memory     =1073741824
2026-09-10 03:35:00,935 INFO o.a.j.JMeter: Available Processors =16
2026-09-10 03:35:00,943 INFO o.a.j.JMeter: Default Locale=English (EN)
2026-09-10 03:35:00,943 INFO o.a.j.JMeter: JMeter  Locale=English (EN)
2026-09-10 03:35:00,943 INFO o.a.j.JMeter: JMeterHome=/home/avituo/projects/tcc/tcc-container/.tools/apache-jmeter-5.6.3
2026-09-10 03:35:00,944 INFO o.a.j.JMeter: user.dir  =/home/avituo/projects/tcc/tcc-container
2026-09-10 03:35:00,944 INFO o.a.j.JMeter: PWD       =/home/avituo/projects/tcc/tcc-container
2026-09-10 03:35:00,952 INFO o.a.j.JMeter: IP: 192.168.1.16 Name: pop-os FullName: pop-os.home
2026-09-10 03:35:00,963 INFO o.a.j.s.FileServer: Default base='/home/avituo/projects/tcc/tcc-container'
2026-09-10 03:35:00,966 INFO o.a.j.s.FileServer: Set new base='/home/avituo/projects/tcc/tcc-container/benchmark/jmeter'
2026-09-10 03:35:01,135 INFO o.a.j.s.SaveService: Testplan (JMX) version: 2.2. Testlog (JTL) version: 2.2
2026-09-10 03:35:01,161 INFO o.a.j.s.SaveService: Using SaveService properties version 5.0
2026-09-10 03:35:01,164 INFO o.a.j.s.SaveService: Using SaveService properties file encoding UTF-8
2026-09-10 03:35:01,168 INFO o.a.j.s.SaveService: Loading file: /home/avituo/projects/tcc/tcc-container/benchmark/jmeter/tcc-orders-v1.jmx
2026-09-10 03:35:01,219 INFO o.a.j.p.h.s.HTTPSamplerBase: Parser for text/html is org.apache.jmeter.protocol.http.parser.LagartoBasedHtmlParser
2026-09-10 03:35:01,220 INFO o.a.j.p.h.s.HTTPSamplerBase: Parser for application/xhtml+xml is org.apache.jmeter.protocol.http.parser.LagartoBasedHtmlParser
2026-09-10 03:35:01,220 INFO o.a.j.p.h.s.HTTPSamplerBase: Parser for application/xml is org.apache.jmeter.protocol.http.parser.LagartoBasedHtmlParser
2026-09-10 03:35:01,220 INFO o.a.j.p.h.s.HTTPSamplerBase: Parser for text/xml is org.apache.jmeter.protocol.http.parser.LagartoBasedHtmlParser
2026-09-10 03:35:01,220 INFO o.a.j.p.h.s.HTTPSamplerBase: Parser for text/vnd.wap.wml is org.apache.jmeter.protocol.http.parser.RegexpHTMLParser
2026-09-10 03:35:01,220 INFO o.a.j.p.h.s.HTTPSamplerBase: Parser for text/css is org.apache.jmeter.protocol.http.parser.CssParser
2026-09-10 03:35:01,250 INFO o.a.j.JMeter: Creating summariser <summary>
2026-09-10 03:35:01,269 INFO o.a.j.e.StandardJMeterEngine: Running the test!
2026-09-10 03:35:01,270 INFO o.a.j.s.SampleEvent: List of sample_variables: []
2026-09-10 03:35:01,271 INFO o.a.j.s.SampleEvent: List of sample_variables: []
2026-09-10 03:35:01,275 INFO o.a.j.e.u.CompoundVariable: Note: Function class names must contain the string: '.functions.'
2026-09-10 03:35:01,275 INFO o.a.j.e.u.CompoundVariable: Note: Function class names must not contain the string: '.gui.'
2026-09-10 03:35:01,521 INFO o.a.j.JMeter: Running test (1789022101521)
2026-09-10 03:35:01,545 INFO o.a.j.e.StandardJMeterEngine: Starting ThreadGroup: 1 : TCC orders
2026-09-10 03:35:01,545 INFO o.a.j.e.StandardJMeterEngine: Starting 10 threads for group TCC orders.
2026-09-10 03:35:01,546 INFO o.a.j.e.StandardJMeterEngine: Thread will continue on error
2026-09-10 03:35:01,546 INFO o.a.j.t.ThreadGroup: Starting thread group... number=1 threads=10 ramp-up=0 delayedStart=false
2026-09-10 03:35:01,552 INFO o.a.j.t.JMeterThread: Thread started: TCC orders 1-6
2026-09-10 03:35:01,553 INFO o.a.j.t.JMeterThread: Thread started: TCC orders 1-5
2026-09-10 03:35:01,552 INFO o.a.j.t.JMeterThread: Thread started: TCC orders 1-1
2026-09-10 03:35:01,552 INFO o.a.j.t.JMeterThread: Thread started: TCC orders 1-3
2026-09-10 03:35:01,552 INFO o.a.j.t.JMeterThread: Thread started: TCC orders 1-2
2026-09-10 03:35:01,552 INFO o.a.j.t.JMeterThread: Thread started: TCC orders 1-4
2026-09-10 03:35:01,553 INFO o.a.j.t.JMeterThread: Thread started: TCC orders 1-7
2026-09-10 03:35:01,554 INFO o.a.j.t.JMeterThread: Thread started: TCC orders 1-8
2026-09-10 03:35:01,554 INFO o.a.j.t.JMeterThread: Thread started: TCC orders 1-9
2026-09-10 03:35:01,554 INFO o.a.j.t.ThreadGroup: Started thread group number 1
2026-09-10 03:35:01,555 INFO o.a.j.e.StandardJMeterEngine: All thread groups have been started
2026-09-10 03:35:01,555 INFO o.a.j.t.JMeterThread: Thread started: TCC orders 1-10
2026-09-10 03:35:01,570 INFO o.a.j.p.h.s.HTTPHCAbstractImpl: Local host = pop-os
2026-09-10 03:35:01,576 INFO o.a.j.p.h.s.HTTPHC4Impl: HTTP request retry count = 0
2026-09-10 03:35:01,577 INFO o.a.j.s.SampleResult: Note: Sample TimeStamps are START times
2026-09-10 03:35:01,578 INFO o.a.j.s.SampleResult: sampleresult.default.encoding is set to UTF-8
2026-09-10 03:35:01,578 INFO o.a.j.s.SampleResult: sampleresult.useNanoTime=true
2026-09-10 03:35:01,578 INFO o.a.j.s.SampleResult: sampleresult.nanoThreadSleep=5000
2026-09-10 03:35:02,599 INFO o.a.j.r.Summariser: summary +      1 in 00:00:01 =    0.9/s Avg:   198 Min:   198 Max:   198 Err:     0 (0.00%) Active: 10 Started: 10 Finished: 0
2026-09-10 03:35:30,005 INFO o.a.j.r.Summariser: summary +   3026 in 00:00:27 =  110.4/s Avg:    90 Min:    32 Max:   268 Err:     0 (0.00%) Active: 10 Started: 10 Finished: 0
2026-09-10 03:35:30,005 INFO o.a.j.r.Summariser: summary =   3027 in 00:00:28 =  106.3/s Avg:    90 Min:    32 Max:   268 Err:     0 (0.00%)
2026-09-10 03:35:31,550 INFO o.a.j.t.JMeterThread: Stopping because end time detected by thread: TCC orders 1-4
2026-09-10 03:35:31,550 INFO o.a.j.t.JMeterThread: Thread finished: TCC orders 1-4
2026-09-10 03:35:31,559 INFO o.a.j.t.JMeterThread: Stopping because end time detected by thread: TCC orders 1-5
2026-09-10 03:35:31,559 INFO o.a.j.t.JMeterThread: Thread finished: TCC orders 1-5
2026-09-10 03:35:31,567 INFO o.a.j.t.JMeterThread: Stopping because end time detected by thread: TCC orders 1-9
2026-09-10 03:35:31,567 INFO o.a.j.t.JMeterThread: Thread finished: TCC orders 1-9
2026-09-10 03:35:31,575 INFO o.a.j.t.JMeterThread: Stopping because end time detected by thread: TCC orders 1-1
2026-09-10 03:35:31,576 INFO o.a.j.t.JMeterThread: Thread finished: TCC orders 1-1
2026-09-10 03:35:31,584 INFO o.a.j.t.JMeterThread: Stopping because end time detected by thread: TCC orders 1-10
2026-09-10 03:35:31,584 INFO o.a.j.t.JMeterThread: Thread finished: TCC orders 1-10
2026-09-10 03:35:31,592 INFO o.a.j.t.JMeterThread: Stopping because end time detected by thread: TCC orders 1-3
2026-09-10 03:35:31,593 INFO o.a.j.t.JMeterThread: Thread finished: TCC orders 1-3
2026-09-10 03:35:31,601 INFO o.a.j.t.JMeterThread: Stopping because end time detected by thread: TCC orders 1-6
2026-09-10 03:35:31,602 INFO o.a.j.t.JMeterThread: Thread finished: TCC orders 1-6
2026-09-10 03:35:31,610 INFO o.a.j.t.JMeterThread: Stopping because end time detected by thread: TCC orders 1-7
2026-09-10 03:35:31,610 INFO o.a.j.t.JMeterThread: Thread finished: TCC orders 1-7
2026-09-10 03:35:31,619 INFO o.a.j.t.JMeterThread: Stopping because end time detected by thread: TCC orders 1-8
2026-09-10 03:35:31,619 INFO o.a.j.t.JMeterThread: Thread finished: TCC orders 1-8
2026-09-10 03:35:31,627 INFO o.a.j.t.JMeterThread: Stopping because end time detected by thread: TCC orders 1-2
2026-09-10 03:35:31,628 INFO o.a.j.t.JMeterThread: Thread finished: TCC orders 1-2
2026-09-10 03:35:31,628 INFO o.a.j.e.StandardJMeterEngine: Notifying test listeners of end of test
2026-09-10 03:35:31,631 INFO o.a.j.r.Summariser: summary +    185 in 00:00:02 =  113.7/s Avg:    87 Min:    81 Max:    92 Err:     0 (0.00%) Active: 0 Started: 10 Finished: 10
2026-09-10 03:35:31,631 INFO o.a.j.r.Summariser: summary =   3212 in 00:00:30 =  106.7/s Avg:    90 Min:    32 Max:   268 Err:     0 (0.00%)
