 Container tcc-monolith-experiment-monolith-1 Running 
 Container tcc-monolith-experiment-mysql-1 Running 
 Container tcc-monolith-experiment-mysql-1 Waiting 
 Container tcc-monolith-experiment-mysql-1 Healthy 
Reset target: tcc_monolith_experiment

   INFO  Clearing cached bootstrap files.  

  config ......................................................... 1.50ms DONE
  cache .......................................................... 2.20ms DONE
  compiled ....................................................... 0.54ms DONE
  events ......................................................... 0.40ms DONE
  routes ......................................................... 0.50ms DONE
  views .......................................................... 5.47ms DONE


  Dropping all tables .......................................... 309.74ms DONE

   INFO  Preparing database.  

  Creating migration table ...................................... 44.13ms DONE

   INFO  Running migrations.  

  0001_01_01_000000_create_users_table ......................... 245.29ms DONE
  0001_01_01_000001_create_cache_table ......................... 142.45ms DONE
  0001_01_01_000002_create_jobs_table .......................... 191.62ms DONE
  2024_01_01_000000_create_passkeys_table ...................... 196.59ms DONE
  2025_08_14_170933_add_two_factor_columns_to_users_table ...... 255.30ms DONE
  2026_06_07_225747_create_products_table ....................... 74.29ms DONE
  2026_06_07_230312_create_orders_table ........................ 150.97ms DONE
  2026_06_10_030037_create_order_product_table ................. 288.71ms DONE
  2026_07_22_183123_add_snapshots_and_idempotency_to_orders .... 384.42ms DONE
  2026_07_22_183124_add_snapshots_to_order_product ............. 381.15ms DONE
  2026_07_22_184119_align_commerce_schema_for_equivalence ...... 666.35ms DONE
  2026_07_29_140158_add_commerce_api_parity_columns ............ 497.63ms DONE


   INFO  Seeding database.  


   INFO  Configuration cached successfully.  


   INFO  Routes cached successfully.  

database=tcc_monolith_experiment
user_count=100
product_count=1000
order_count=5000
order_item_count=10000
status_distribution={"pending":2500,"paid":1500,"cancelled":1000}
orders_per_user_min=50
orders_per_user_max=50
logical_fingerprint=44cb257fd1b0fbd23dde712b5250ca3d002eded4c2a9e911c74c80c94eb073a7
order_mapping_1=1
order_mapping_5000=5000
benchmark_dataset=VALID
