2026-09-10 06:27:52,341 INFO o.a.j.u.JMeterUtils: Setting Locale to en_EN
2026-09-10 06:27:52,357 INFO o.a.j.JMeter: Loading user properties from: /home/avituo/projects/tcc/tcc-container/.tools/apache-jmeter-5.6.3/bin/user.properties
2026-09-10 06:27:52,358 INFO o.a.j.JMeter: Loading system properties from: /home/avituo/projects/tcc/tcc-container/.tools/apache-jmeter-5.6.3/bin/system.properties
2026-09-10 06:27:52,358 INFO o.a.j.JMeter: Loading additional properties from: /home/avituo/projects/tcc/tcc-container/benchmark/jmeter/benchmark.properties
2026-09-10 06:27:52,358 INFO o.a.j.JMeter: Loading additional properties from: /tmp/tcc-benchmark-auth.kQLc3T/auth.properties
2026-09-10 06:27:52,358 INFO o.a.j.JMeter: Loading additional properties from: /home/avituo/projects/tcc/tcc-container/benchmark/results/laravel-13.20.0/final/order-show/c25/r2/monolith/thread-counters.properties
2026-09-10 06:27:52,358 INFO o.a.j.JMeter: Setting JMeter property: threads=25
2026-09-10 06:27:52,358 INFO o.a.j.JMeter: Setting JMeter property: duration_seconds=120
2026-09-10 06:27:52,358 INFO o.a.j.JMeter: Setting JMeter property: target_host=localhost
2026-09-10 06:27:52,358 INFO o.a.j.JMeter: Setting JMeter property: target_port=18000
2026-09-10 06:27:52,358 INFO o.a.j.JMeter: Setting JMeter property: tcc.order.id=1
2026-09-10 06:27:52,358 INFO o.a.j.JMeter: Setting JMeter property: repetition=2
2026-09-10 06:27:52,365 INFO o.a.j.JMeter: Copyright (c) 1998-2024 The Apache Software Foundation
2026-09-10 06:27:52,365 INFO o.a.j.JMeter: Version 5.6.3
2026-09-10 06:27:52,365 INFO o.a.j.JMeter: java.version=21.0.11
2026-09-10 06:27:52,365 INFO o.a.j.JMeter: java.vm.name=OpenJDK 64-Bit Server VM
2026-09-10 06:27:52,365 INFO o.a.j.JMeter: os.name=Linux
2026-09-10 06:27:52,365 INFO o.a.j.JMeter: os.arch=amd64
2026-09-10 06:27:52,365 INFO o.a.j.JMeter: os.version=7.0.11-76070011-generic
2026-09-10 06:27:52,365 INFO o.a.j.JMeter: file.encoding=UTF-8
2026-09-10 06:27:52,366 INFO o.a.j.JMeter: java.awt.headless=true
2026-09-10 06:27:52,366 INFO o.a.j.JMeter: Max memory     =1073741824
2026-09-10 06:27:52,366 INFO o.a.j.JMeter: Available Processors =16
2026-09-10 06:27:52,374 INFO o.a.j.JMeter: Default Locale=English (EN)
2026-09-10 06:27:52,374 INFO o.a.j.JMeter: JMeter  Locale=English (EN)
2026-09-10 06:27:52,374 INFO o.a.j.JMeter: JMeterHome=/home/avituo/projects/tcc/tcc-container/.tools/apache-jmeter-5.6.3
2026-09-10 06:27:52,374 INFO o.a.j.JMeter: user.dir  =/home/avituo/projects/tcc/tcc-container
2026-09-10 06:27:52,374 INFO o.a.j.JMeter: PWD       =/home/avituo/projects/tcc/tcc-container
2026-09-10 06:27:52,385 INFO o.a.j.JMeter: IP: 192.168.1.16 Name: pop-os FullName: pop-os.home
2026-09-10 06:27:52,398 INFO o.a.j.s.FileServer: Default base='/home/avituo/projects/tcc/tcc-container'
2026-09-10 06:27:52,400 INFO o.a.j.s.FileServer: Set new base='/home/avituo/projects/tcc/tcc-container/benchmark/jmeter'
2026-09-10 06:27:52,559 INFO o.a.j.s.SaveService: Testplan (JMX) version: 2.2. Testlog (JTL) version: 2.2
2026-09-10 06:27:52,582 INFO o.a.j.s.SaveService: Using SaveService properties version 5.0
2026-09-10 06:27:52,586 INFO o.a.j.s.SaveService: Using SaveService properties file encoding UTF-8
2026-09-10 06:27:52,589 INFO o.a.j.s.SaveService: Loading file: /home/avituo/projects/tcc/tcc-container/benchmark/jmeter/tcc-order-show-v1.jmx
2026-09-10 06:27:52,637 INFO o.a.j.p.h.s.HTTPSamplerBase: Parser for text/html is org.apache.jmeter.protocol.http.parser.LagartoBasedHtmlParser
2026-09-10 06:27:52,637 INFO o.a.j.p.h.s.HTTPSamplerBase: Parser for application/xhtml+xml is org.apache.jmeter.protocol.http.parser.LagartoBasedHtmlParser
2026-09-10 06:27:52,637 INFO o.a.j.p.h.s.HTTPSamplerBase: Parser for application/xml is org.apache.jmeter.protocol.http.parser.LagartoBasedHtmlParser
2026-09-10 06:27:52,637 INFO o.a.j.p.h.s.HTTPSamplerBase: Parser for text/xml is org.apache.jmeter.protocol.http.parser.LagartoBasedHtmlParser
2026-09-10 06:27:52,637 INFO o.a.j.p.h.s.HTTPSamplerBase: Parser for text/vnd.wap.wml is org.apache.jmeter.protocol.http.parser.RegexpHTMLParser
2026-09-10 06:27:52,638 INFO o.a.j.p.h.s.HTTPSamplerBase: Parser for text/css is org.apache.jmeter.protocol.http.parser.CssParser
2026-09-10 06:27:52,666 INFO o.a.j.JMeter: Creating summariser <summary>
2026-09-10 06:27:52,686 INFO o.a.j.e.StandardJMeterEngine: Running the test!
2026-09-10 06:27:52,686 INFO o.a.j.s.SampleEvent: List of sample_variables: []
2026-09-10 06:27:52,686 INFO o.a.j.s.SampleEvent: List of sample_variables: []
2026-09-10 06:27:52,691 INFO o.a.j.e.u.CompoundVariable: Note: Function class names must contain the string: '.functions.'
2026-09-10 06:27:52,692 INFO o.a.j.e.u.CompoundVariable: Note: Function class names must not contain the string: '.gui.'
2026-09-10 06:27:52,936 INFO o.a.j.JMeter: Running test (1789032472936)
2026-09-10 06:27:52,955 INFO o.a.j.e.StandardJMeterEngine: Starting ThreadGroup: 1 : TCC order-show
2026-09-10 06:27:52,956 INFO o.a.j.e.StandardJMeterEngine: Starting 25 threads for group TCC order-show.
2026-09-10 06:27:52,956 INFO o.a.j.e.StandardJMeterEngine: Thread will continue on error
2026-09-10 06:27:52,956 INFO o.a.j.t.ThreadGroup: Starting thread group... number=1 threads=25 ramp-up=0 delayedStart=false
2026-09-10 06:27:52,963 INFO o.a.j.t.JMeterThread: Thread started: TCC order-show 1-3
2026-09-10 06:27:52,963 INFO o.a.j.t.JMeterThread: Thread started: TCC order-show 1-1
2026-09-10 06:27:52,963 INFO o.a.j.t.JMeterThread: Thread started: TCC order-show 1-5
2026-09-10 06:27:52,963 INFO o.a.j.t.JMeterThread: Thread started: TCC order-show 1-4
2026-09-10 06:27:52,963 INFO o.a.j.t.JMeterThread: Thread started: TCC order-show 1-2
2026-09-10 06:27:52,963 INFO o.a.j.t.JMeterThread: Thread started: TCC order-show 1-6
2026-09-10 06:27:52,963 INFO o.a.j.t.JMeterThread: Thread started: TCC order-show 1-7
2026-09-10 06:27:52,964 INFO o.a.j.t.JMeterThread: Thread started: TCC order-show 1-8
2026-09-10 06:27:52,964 INFO o.a.j.t.JMeterThread: Thread started: TCC order-show 1-9
2026-09-10 06:27:52,965 INFO o.a.j.t.JMeterThread: Thread started: TCC order-show 1-10
2026-09-10 06:27:52,966 INFO o.a.j.t.JMeterThread: Thread started: TCC order-show 1-11
2026-09-10 06:27:52,966 INFO o.a.j.t.JMeterThread: Thread started: TCC order-show 1-12
2026-09-10 06:27:52,967 INFO o.a.j.t.JMeterThread: Thread started: TCC order-show 1-13
2026-09-10 06:27:52,968 INFO o.a.j.t.JMeterThread: Thread started: TCC order-show 1-14
2026-09-10 06:27:52,969 INFO o.a.j.t.JMeterThread: Thread started: TCC order-show 1-15
2026-09-10 06:27:52,970 INFO o.a.j.t.JMeterThread: Thread started: TCC order-show 1-16
2026-09-10 06:27:52,971 INFO o.a.j.t.JMeterThread: Thread started: TCC order-show 1-17
2026-09-10 06:27:52,971 INFO o.a.j.t.JMeterThread: Thread started: TCC order-show 1-18
2026-09-10 06:27:52,972 INFO o.a.j.t.JMeterThread: Thread started: TCC order-show 1-19
2026-09-10 06:27:52,973 INFO o.a.j.t.JMeterThread: Thread started: TCC order-show 1-20
2026-09-10 06:27:52,973 INFO o.a.j.t.JMeterThread: Thread started: TCC order-show 1-21
2026-09-10 06:27:52,974 INFO o.a.j.t.JMeterThread: Thread started: TCC order-show 1-22
2026-09-10 06:27:52,975 INFO o.a.j.t.JMeterThread: Thread started: TCC order-show 1-23
2026-09-10 06:27:52,975 INFO o.a.j.t.JMeterThread: Thread started: TCC order-show 1-24
2026-09-10 06:27:52,976 INFO o.a.j.t.ThreadGroup: Started thread group number 1
2026-09-10 06:27:52,976 INFO o.a.j.e.StandardJMeterEngine: All thread groups have been started
2026-09-10 06:27:52,976 INFO o.a.j.t.JMeterThread: Thread started: TCC order-show 1-25
2026-09-10 06:27:52,982 INFO o.a.j.p.h.s.HTTPHCAbstractImpl: Local host = pop-os
2026-09-10 06:27:52,988 INFO o.a.j.p.h.s.HTTPHC4Impl: HTTP request retry count = 0
2026-09-10 06:27:52,990 INFO o.a.j.s.SampleResult: Note: Sample TimeStamps are START times
2026-09-10 06:27:52,990 INFO o.a.j.s.SampleResult: sampleresult.default.encoding is set to UTF-8
2026-09-10 06:27:52,990 INFO o.a.j.s.SampleResult: sampleresult.useNanoTime=true
2026-09-10 06:27:52,990 INFO o.a.j.s.SampleResult: sampleresult.nanoThreadSleep=5000
2026-09-10 06:28:00,013 INFO o.a.j.r.Summariser: summary +    564 in 00:00:07 =   79.7/s Avg:   271 Min:    31 Max:   494 Err:     0 (0.00%) Active: 25 Started: 25 Finished: 0
2026-09-10 06:28:30,011 INFO o.a.j.r.Summariser: summary +   2756 in 00:00:30 =   91.9/s Avg:   271 Min:   255 Max:   315 Err:     0 (0.00%) Active: 25 Started: 25 Finished: 0
2026-09-10 06:28:30,012 INFO o.a.j.r.Summariser: summary =   3320 in 00:00:37 =   89.5/s Avg:   271 Min:    31 Max:   494 Err:     0 (0.00%)
2026-09-10 06:29:00,010 INFO o.a.j.r.Summariser: summary +   2722 in 00:00:30 =   90.7/s Avg:   275 Min:   251 Max:   366 Err:     0 (0.00%) Active: 25 Started: 25 Finished: 0
2026-09-10 06:29:00,011 INFO o.a.j.r.Summariser: summary =   6042 in 00:01:07 =   90.1/s Avg:   273 Min:    31 Max:   494 Err:     0 (0.00%)
2026-09-10 06:29:30,018 INFO o.a.j.r.Summariser: summary +   2771 in 00:00:30 =   92.3/s Avg:   270 Min:   254 Max:   349 Err:     0 (0.00%) Active: 25 Started: 25 Finished: 0
2026-09-10 06:29:30,018 INFO o.a.j.r.Summariser: summary =   8813 in 00:01:37 =   90.8/s Avg:   272 Min:    31 Max:   494 Err:     0 (0.00%)
2026-09-10 06:29:52,980 INFO o.a.j.t.JMeterThread: Stopping because end time detected by thread: TCC order-show 1-21
2026-09-10 06:29:52,980 INFO o.a.j.t.JMeterThread: Thread finished: TCC order-show 1-21
2026-09-10 06:29:52,990 INFO o.a.j.t.JMeterThread: Stopping because end time detected by thread: TCC order-show 1-19
2026-09-10 06:29:52,990 INFO o.a.j.t.JMeterThread: Thread finished: TCC order-show 1-19
2026-09-10 06:29:53,000 INFO o.a.j.t.JMeterThread: Stopping because end time detected by thread: TCC order-show 1-24
2026-09-10 06:29:53,000 INFO o.a.j.t.JMeterThread: Thread finished: TCC order-show 1-24
2026-09-10 06:29:53,017 INFO o.a.j.t.JMeterThread: Stopping because end time detected by thread: TCC order-show 1-16
2026-09-10 06:29:53,017 INFO o.a.j.t.JMeterThread: Thread finished: TCC order-show 1-16
2026-09-10 06:29:53,027 INFO o.a.j.t.JMeterThread: Stopping because end time detected by thread: TCC order-show 1-5
2026-09-10 06:29:53,028 INFO o.a.j.t.JMeterThread: Thread finished: TCC order-show 1-5
2026-09-10 06:29:53,037 INFO o.a.j.t.JMeterThread: Stopping because end time detected by thread: TCC order-show 1-12
2026-09-10 06:29:53,037 INFO o.a.j.t.JMeterThread: Thread finished: TCC order-show 1-12
2026-09-10 06:29:53,048 INFO o.a.j.t.JMeterThread: Stopping because end time detected by thread: TCC order-show 1-2
2026-09-10 06:29:53,048 INFO o.a.j.t.JMeterThread: Thread finished: TCC order-show 1-2
2026-09-10 06:29:53,059 INFO o.a.j.t.JMeterThread: Stopping because end time detected by thread: TCC order-show 1-3
2026-09-10 06:29:53,059 INFO o.a.j.t.JMeterThread: Thread finished: TCC order-show 1-3
2026-09-10 06:29:53,070 INFO o.a.j.t.JMeterThread: Stopping because end time detected by thread: TCC order-show 1-17
2026-09-10 06:29:53,070 INFO o.a.j.t.JMeterThread: Thread finished: TCC order-show 1-17
2026-09-10 06:29:53,080 INFO o.a.j.t.JMeterThread: Stopping because end time detected by thread: TCC order-show 1-8
2026-09-10 06:29:53,080 INFO o.a.j.t.JMeterThread: Thread finished: TCC order-show 1-8
2026-09-10 06:29:53,090 INFO o.a.j.t.JMeterThread: Stopping because end time detected by thread: TCC order-show 1-4
2026-09-10 06:29:53,090 INFO o.a.j.t.JMeterThread: Thread finished: TCC order-show 1-4
2026-09-10 06:29:53,100 INFO o.a.j.t.JMeterThread: Stopping because end time detected by thread: TCC order-show 1-20
2026-09-10 06:29:53,100 INFO o.a.j.t.JMeterThread: Thread finished: TCC order-show 1-20
2026-09-10 06:29:53,111 INFO o.a.j.t.JMeterThread: Stopping because end time detected by thread: TCC order-show 1-1
2026-09-10 06:29:53,111 INFO o.a.j.t.JMeterThread: Thread finished: TCC order-show 1-1
2026-09-10 06:29:53,121 INFO o.a.j.t.JMeterThread: Stopping because end time detected by thread: TCC order-show 1-13
2026-09-10 06:29:53,121 INFO o.a.j.t.JMeterThread: Thread finished: TCC order-show 1-13
2026-09-10 06:29:53,131 INFO o.a.j.t.JMeterThread: Stopping because end time detected by thread: TCC order-show 1-9
2026-09-10 06:29:53,131 INFO o.a.j.t.JMeterThread: Thread finished: TCC order-show 1-9
2026-09-10 06:29:53,141 INFO o.a.j.t.JMeterThread: Stopping because end time detected by thread: TCC order-show 1-23
2026-09-10 06:29:53,141 INFO o.a.j.t.JMeterThread: Thread finished: TCC order-show 1-23
2026-09-10 06:29:53,153 INFO o.a.j.t.JMeterThread: Stopping because end time detected by thread: TCC order-show 1-6
2026-09-10 06:29:53,153 INFO o.a.j.t.JMeterThread: Thread finished: TCC order-show 1-6
2026-09-10 06:29:53,163 INFO o.a.j.t.JMeterThread: Stopping because end time detected by thread: TCC order-show 1-22
2026-09-10 06:29:53,163 INFO o.a.j.t.JMeterThread: Thread finished: TCC order-show 1-22
2026-09-10 06:29:53,174 INFO o.a.j.t.JMeterThread: Stopping because end time detected by thread: TCC order-show 1-7
2026-09-10 06:29:53,174 INFO o.a.j.t.JMeterThread: Thread finished: TCC order-show 1-7
2026-09-10 06:29:53,184 INFO o.a.j.t.JMeterThread: Stopping because end time detected by thread: TCC order-show 1-10
2026-09-10 06:29:53,184 INFO o.a.j.t.JMeterThread: Thread finished: TCC order-show 1-10
2026-09-10 06:29:53,195 INFO o.a.j.t.JMeterThread: Stopping because end time detected by thread: TCC order-show 1-11
2026-09-10 06:29:53,195 INFO o.a.j.t.JMeterThread: Thread finished: TCC order-show 1-11
2026-09-10 06:29:53,205 INFO o.a.j.t.JMeterThread: Stopping because end time detected by thread: TCC order-show 1-14
2026-09-10 06:29:53,205 INFO o.a.j.t.JMeterThread: Thread finished: TCC order-show 1-14
2026-09-10 06:29:53,215 INFO o.a.j.t.JMeterThread: Stopping because end time detected by thread: TCC order-show 1-15
2026-09-10 06:29:53,216 INFO o.a.j.t.JMeterThread: Thread finished: TCC order-show 1-15
2026-09-10 06:29:53,226 INFO o.a.j.t.JMeterThread: Stopping because end time detected by thread: TCC order-show 1-25
2026-09-10 06:29:53,226 INFO o.a.j.t.JMeterThread: Thread finished: TCC order-show 1-25
2026-09-10 06:29:53,236 INFO o.a.j.t.JMeterThread: Stopping because end time detected by thread: TCC order-show 1-18
2026-09-10 06:29:53,236 INFO o.a.j.t.JMeterThread: Thread finished: TCC order-show 1-18
2026-09-10 06:29:53,237 INFO o.a.j.e.StandardJMeterEngine: Notifying test listeners of end of test
2026-09-10 06:29:53,240 INFO o.a.j.r.Summariser: summary +   2158 in 00:00:23 =   92.9/s Avg:   268 Min:   249 Max:   302 Err:     0 (0.00%) Active: 0 Started: 25 Finished: 25
2026-09-10 06:29:53,240 INFO o.a.j.r.Summariser: summary =  10971 in 00:02:00 =   91.2/s Avg:   271 Min:    31 Max:   494 Err:     0 (0.00%)
