2026-09-10 06:27:17,099 INFO o.a.j.u.JMeterUtils: Setting Locale to en_EN
2026-09-10 06:27:17,120 INFO o.a.j.JMeter: Loading user properties from: /home/avituo/projects/tcc/tcc-container/.tools/apache-jmeter-5.6.3/bin/user.properties
2026-09-10 06:27:17,121 INFO o.a.j.JMeter: Loading system properties from: /home/avituo/projects/tcc/tcc-container/.tools/apache-jmeter-5.6.3/bin/system.properties
2026-09-10 06:27:17,121 INFO o.a.j.JMeter: Loading additional properties from: /home/avituo/projects/tcc/tcc-container/benchmark/jmeter/benchmark.properties
2026-09-10 06:27:17,125 INFO o.a.j.JMeter: Loading additional properties from: /tmp/tcc-benchmark-auth.kQLc3T/auth.properties
2026-09-10 06:27:17,126 INFO o.a.j.JMeter: Setting JMeter property: threads=25
2026-09-10 06:27:17,126 INFO o.a.j.JMeter: Setting JMeter property: duration_seconds=30
2026-09-10 06:27:17,126 INFO o.a.j.JMeter: Setting JMeter property: target_host=localhost
2026-09-10 06:27:17,126 INFO o.a.j.JMeter: Setting JMeter property: target_port=18000
2026-09-10 06:27:17,126 INFO o.a.j.JMeter: Setting JMeter property: tcc.order.id=1
2026-09-10 06:27:17,126 INFO o.a.j.JMeter: Setting JMeter property: repetition=2
2026-09-10 06:27:17,132 INFO o.a.j.JMeter: Copyright (c) 1998-2024 The Apache Software Foundation
2026-09-10 06:27:17,133 INFO o.a.j.JMeter: Version 5.6.3
2026-09-10 06:27:17,133 INFO o.a.j.JMeter: java.version=21.0.11
2026-09-10 06:27:17,133 INFO o.a.j.JMeter: java.vm.name=OpenJDK 64-Bit Server VM
2026-09-10 06:27:17,133 INFO o.a.j.JMeter: os.name=Linux
2026-09-10 06:27:17,133 INFO o.a.j.JMeter: os.arch=amd64
2026-09-10 06:27:17,133 INFO o.a.j.JMeter: os.version=7.0.11-76070011-generic
2026-09-10 06:27:17,133 INFO o.a.j.JMeter: file.encoding=UTF-8
2026-09-10 06:27:17,133 INFO o.a.j.JMeter: java.awt.headless=true
2026-09-10 06:27:17,133 INFO o.a.j.JMeter: Max memory     =1073741824
2026-09-10 06:27:17,133 INFO o.a.j.JMeter: Available Processors =16
2026-09-10 06:27:17,141 INFO o.a.j.JMeter: Default Locale=English (EN)
2026-09-10 06:27:17,141 INFO o.a.j.JMeter: JMeter  Locale=English (EN)
2026-09-10 06:27:17,141 INFO o.a.j.JMeter: JMeterHome=/home/avituo/projects/tcc/tcc-container/.tools/apache-jmeter-5.6.3
2026-09-10 06:27:17,141 INFO o.a.j.JMeter: user.dir  =/home/avituo/projects/tcc/tcc-container
2026-09-10 06:27:17,141 INFO o.a.j.JMeter: PWD       =/home/avituo/projects/tcc/tcc-container
2026-09-10 06:27:17,153 INFO o.a.j.JMeter: IP: 192.168.1.16 Name: pop-os FullName: pop-os.home
2026-09-10 06:27:17,166 INFO o.a.j.s.FileServer: Default base='/home/avituo/projects/tcc/tcc-container'
2026-09-10 06:27:17,168 INFO o.a.j.s.FileServer: Set new base='/home/avituo/projects/tcc/tcc-container/benchmark/jmeter'
2026-09-10 06:27:17,348 INFO o.a.j.s.SaveService: Testplan (JMX) version: 2.2. Testlog (JTL) version: 2.2
2026-09-10 06:27:17,378 INFO o.a.j.s.SaveService: Using SaveService properties version 5.0
2026-09-10 06:27:17,381 INFO o.a.j.s.SaveService: Using SaveService properties file encoding UTF-8
2026-09-10 06:27:17,386 INFO o.a.j.s.SaveService: Loading file: /home/avituo/projects/tcc/tcc-container/benchmark/jmeter/tcc-order-show-v1.jmx
2026-09-10 06:27:17,442 INFO o.a.j.p.h.s.HTTPSamplerBase: Parser for text/html is org.apache.jmeter.protocol.http.parser.LagartoBasedHtmlParser
2026-09-10 06:27:17,442 INFO o.a.j.p.h.s.HTTPSamplerBase: Parser for application/xhtml+xml is org.apache.jmeter.protocol.http.parser.LagartoBasedHtmlParser
2026-09-10 06:27:17,442 INFO o.a.j.p.h.s.HTTPSamplerBase: Parser for application/xml is org.apache.jmeter.protocol.http.parser.LagartoBasedHtmlParser
2026-09-10 06:27:17,442 INFO o.a.j.p.h.s.HTTPSamplerBase: Parser for text/xml is org.apache.jmeter.protocol.http.parser.LagartoBasedHtmlParser
2026-09-10 06:27:17,443 INFO o.a.j.p.h.s.HTTPSamplerBase: Parser for text/vnd.wap.wml is org.apache.jmeter.protocol.http.parser.RegexpHTMLParser
2026-09-10 06:27:17,443 INFO o.a.j.p.h.s.HTTPSamplerBase: Parser for text/css is org.apache.jmeter.protocol.http.parser.CssParser
2026-09-10 06:27:17,475 INFO o.a.j.JMeter: Creating summariser <summary>
2026-09-10 06:27:17,498 INFO o.a.j.e.StandardJMeterEngine: Running the test!
2026-09-10 06:27:17,499 INFO o.a.j.s.SampleEvent: List of sample_variables: []
2026-09-10 06:27:17,499 INFO o.a.j.s.SampleEvent: List of sample_variables: []
2026-09-10 06:27:17,504 INFO o.a.j.e.u.CompoundVariable: Note: Function class names must contain the string: '.functions.'
2026-09-10 06:27:17,504 INFO o.a.j.e.u.CompoundVariable: Note: Function class names must not contain the string: '.gui.'
2026-09-10 06:27:17,769 INFO o.a.j.JMeter: Running test (1789032437769)
2026-09-10 06:27:17,789 INFO o.a.j.e.StandardJMeterEngine: Starting ThreadGroup: 1 : TCC order-show
2026-09-10 06:27:17,790 INFO o.a.j.e.StandardJMeterEngine: Starting 25 threads for group TCC order-show.
2026-09-10 06:27:17,790 INFO o.a.j.e.StandardJMeterEngine: Thread will continue on error
2026-09-10 06:27:17,790 INFO o.a.j.t.ThreadGroup: Starting thread group... number=1 threads=25 ramp-up=0 delayedStart=false
2026-09-10 06:27:17,797 INFO o.a.j.t.JMeterThread: Thread started: TCC order-show 1-6
2026-09-10 06:27:17,797 INFO o.a.j.t.JMeterThread: Thread started: TCC order-show 1-4
2026-09-10 06:27:17,797 INFO o.a.j.t.JMeterThread: Thread started: TCC order-show 1-3
2026-09-10 06:27:17,796 INFO o.a.j.t.JMeterThread: Thread started: TCC order-show 1-2
2026-09-10 06:27:17,797 INFO o.a.j.t.JMeterThread: Thread started: TCC order-show 1-5
2026-09-10 06:27:17,796 INFO o.a.j.t.JMeterThread: Thread started: TCC order-show 1-1
2026-09-10 06:27:17,797 INFO o.a.j.t.JMeterThread: Thread started: TCC order-show 1-7
2026-09-10 06:27:17,798 INFO o.a.j.t.JMeterThread: Thread started: TCC order-show 1-8
2026-09-10 06:27:17,798 INFO o.a.j.t.JMeterThread: Thread started: TCC order-show 1-9
2026-09-10 06:27:17,799 INFO o.a.j.t.JMeterThread: Thread started: TCC order-show 1-10
2026-09-10 06:27:17,800 INFO o.a.j.t.JMeterThread: Thread started: TCC order-show 1-11
2026-09-10 06:27:17,800 INFO o.a.j.t.JMeterThread: Thread started: TCC order-show 1-12
2026-09-10 06:27:17,801 INFO o.a.j.t.JMeterThread: Thread started: TCC order-show 1-13
2026-09-10 06:27:17,802 INFO o.a.j.t.JMeterThread: Thread started: TCC order-show 1-14
2026-09-10 06:27:17,802 INFO o.a.j.t.JMeterThread: Thread started: TCC order-show 1-15
2026-09-10 06:27:17,804 INFO o.a.j.t.JMeterThread: Thread started: TCC order-show 1-16
2026-09-10 06:27:17,806 INFO o.a.j.t.JMeterThread: Thread started: TCC order-show 1-17
2026-09-10 06:27:17,806 INFO o.a.j.t.JMeterThread: Thread started: TCC order-show 1-18
2026-09-10 06:27:17,807 INFO o.a.j.t.JMeterThread: Thread started: TCC order-show 1-19
2026-09-10 06:27:17,808 INFO o.a.j.t.JMeterThread: Thread started: TCC order-show 1-20
2026-09-10 06:27:17,808 INFO o.a.j.t.JMeterThread: Thread started: TCC order-show 1-21
2026-09-10 06:27:17,810 INFO o.a.j.t.JMeterThread: Thread started: TCC order-show 1-22
2026-09-10 06:27:17,810 INFO o.a.j.t.JMeterThread: Thread started: TCC order-show 1-23
2026-09-10 06:27:17,811 INFO o.a.j.t.JMeterThread: Thread started: TCC order-show 1-24
2026-09-10 06:27:17,811 INFO o.a.j.t.ThreadGroup: Started thread group number 1
2026-09-10 06:27:17,811 INFO o.a.j.e.StandardJMeterEngine: All thread groups have been started
2026-09-10 06:27:17,811 INFO o.a.j.t.JMeterThread: Thread started: TCC order-show 1-25
2026-09-10 06:27:17,819 INFO o.a.j.p.h.s.HTTPHCAbstractImpl: Local host = pop-os
2026-09-10 06:27:17,826 INFO o.a.j.p.h.s.HTTPHC4Impl: HTTP request retry count = 0
2026-09-10 06:27:17,827 INFO o.a.j.s.SampleResult: Note: Sample TimeStamps are START times
2026-09-10 06:27:17,827 INFO o.a.j.s.SampleResult: sampleresult.default.encoding is set to UTF-8
2026-09-10 06:27:17,827 INFO o.a.j.s.SampleResult: sampleresult.useNanoTime=true
2026-09-10 06:27:17,827 INFO o.a.j.s.SampleResult: sampleresult.nanoThreadSleep=5000
2026-09-10 06:27:30,002 INFO o.a.j.r.Summariser: summary +   1031 in 00:00:12 =   84.3/s Avg:   271 Min:    21 Max:   496 Err:     0 (0.00%) Active: 25 Started: 25 Finished: 0
2026-09-10 06:27:47,806 INFO o.a.j.t.JMeterThread: Stopping because end time detected by thread: TCC order-show 1-6
2026-09-10 06:27:47,806 INFO o.a.j.t.JMeterThread: Thread finished: TCC order-show 1-6
2026-09-10 06:27:47,817 INFO o.a.j.t.JMeterThread: Stopping because end time detected by thread: TCC order-show 1-4
2026-09-10 06:27:47,817 INFO o.a.j.t.JMeterThread: Thread finished: TCC order-show 1-4
2026-09-10 06:27:47,827 INFO o.a.j.t.JMeterThread: Stopping because end time detected by thread: TCC order-show 1-21
2026-09-10 06:27:47,827 INFO o.a.j.t.JMeterThread: Thread finished: TCC order-show 1-21
2026-09-10 06:27:47,838 INFO o.a.j.t.JMeterThread: Stopping because end time detected by thread: TCC order-show 1-10
2026-09-10 06:27:47,838 INFO o.a.j.t.JMeterThread: Thread finished: TCC order-show 1-10
2026-09-10 06:27:47,848 INFO o.a.j.t.JMeterThread: Stopping because end time detected by thread: TCC order-show 1-22
2026-09-10 06:27:47,848 INFO o.a.j.t.JMeterThread: Thread finished: TCC order-show 1-22
2026-09-10 06:27:47,859 INFO o.a.j.t.JMeterThread: Stopping because end time detected by thread: TCC order-show 1-2
2026-09-10 06:27:47,859 INFO o.a.j.t.JMeterThread: Thread finished: TCC order-show 1-2
2026-09-10 06:27:47,869 INFO o.a.j.t.JMeterThread: Stopping because end time detected by thread: TCC order-show 1-19
2026-09-10 06:27:47,869 INFO o.a.j.t.JMeterThread: Thread finished: TCC order-show 1-19
2026-09-10 06:27:47,880 INFO o.a.j.t.JMeterThread: Stopping because end time detected by thread: TCC order-show 1-24
2026-09-10 06:27:47,880 INFO o.a.j.t.JMeterThread: Thread finished: TCC order-show 1-24
2026-09-10 06:27:47,891 INFO o.a.j.t.JMeterThread: Stopping because end time detected by thread: TCC order-show 1-8
2026-09-10 06:27:47,891 INFO o.a.j.t.JMeterThread: Thread finished: TCC order-show 1-8
2026-09-10 06:27:47,903 INFO o.a.j.t.JMeterThread: Stopping because end time detected by thread: TCC order-show 1-20
2026-09-10 06:27:47,903 INFO o.a.j.t.JMeterThread: Thread finished: TCC order-show 1-20
2026-09-10 06:27:47,914 INFO o.a.j.t.JMeterThread: Stopping because end time detected by thread: TCC order-show 1-7
2026-09-10 06:27:47,914 INFO o.a.j.t.JMeterThread: Thread finished: TCC order-show 1-7
2026-09-10 06:27:47,927 INFO o.a.j.t.JMeterThread: Stopping because end time detected by thread: TCC order-show 1-1
2026-09-10 06:27:47,927 INFO o.a.j.t.JMeterThread: Thread finished: TCC order-show 1-1
2026-09-10 06:27:47,939 INFO o.a.j.t.JMeterThread: Stopping because end time detected by thread: TCC order-show 1-16
2026-09-10 06:27:47,939 INFO o.a.j.t.JMeterThread: Thread finished: TCC order-show 1-16
2026-09-10 06:27:47,951 INFO o.a.j.t.JMeterThread: Stopping because end time detected by thread: TCC order-show 1-11
2026-09-10 06:27:47,951 INFO o.a.j.t.JMeterThread: Thread finished: TCC order-show 1-11
2026-09-10 06:27:47,962 INFO o.a.j.t.JMeterThread: Stopping because end time detected by thread: TCC order-show 1-3
2026-09-10 06:27:47,962 INFO o.a.j.t.JMeterThread: Thread finished: TCC order-show 1-3
2026-09-10 06:27:47,974 INFO o.a.j.t.JMeterThread: Stopping because end time detected by thread: TCC order-show 1-23
2026-09-10 06:27:47,974 INFO o.a.j.t.JMeterThread: Thread finished: TCC order-show 1-23
2026-09-10 06:27:47,986 INFO o.a.j.t.JMeterThread: Stopping because end time detected by thread: TCC order-show 1-14
2026-09-10 06:27:47,986 INFO o.a.j.t.JMeterThread: Thread finished: TCC order-show 1-14
2026-09-10 06:27:47,998 INFO o.a.j.t.JMeterThread: Stopping because end time detected by thread: TCC order-show 1-25
2026-09-10 06:27:47,999 INFO o.a.j.t.JMeterThread: Thread finished: TCC order-show 1-25
2026-09-10 06:27:48,017 INFO o.a.j.t.JMeterThread: Stopping because end time detected by thread: TCC order-show 1-9
2026-09-10 06:27:48,017 INFO o.a.j.t.JMeterThread: Thread finished: TCC order-show 1-9
2026-09-10 06:27:48,029 INFO o.a.j.t.JMeterThread: Stopping because end time detected by thread: TCC order-show 1-5
2026-09-10 06:27:48,029 INFO o.a.j.t.JMeterThread: Thread finished: TCC order-show 1-5
2026-09-10 06:27:48,041 INFO o.a.j.t.JMeterThread: Stopping because end time detected by thread: TCC order-show 1-13
2026-09-10 06:27:48,042 INFO o.a.j.t.JMeterThread: Thread finished: TCC order-show 1-13
2026-09-10 06:27:48,061 INFO o.a.j.t.JMeterThread: Stopping because end time detected by thread: TCC order-show 1-17
2026-09-10 06:27:48,061 INFO o.a.j.t.JMeterThread: Thread finished: TCC order-show 1-17
2026-09-10 06:27:48,078 INFO o.a.j.t.JMeterThread: Stopping because end time detected by thread: TCC order-show 1-15
2026-09-10 06:27:48,078 INFO o.a.j.t.JMeterThread: Thread finished: TCC order-show 1-15
2026-09-10 06:27:48,093 INFO o.a.j.t.JMeterThread: Stopping because end time detected by thread: TCC order-show 1-12
2026-09-10 06:27:48,093 INFO o.a.j.t.JMeterThread: Thread finished: TCC order-show 1-12
2026-09-10 06:27:48,109 INFO o.a.j.t.JMeterThread: Stopping because end time detected by thread: TCC order-show 1-18
2026-09-10 06:27:48,109 INFO o.a.j.t.JMeterThread: Thread finished: TCC order-show 1-18
2026-09-10 06:27:48,109 INFO o.a.j.e.StandardJMeterEngine: Notifying test listeners of end of test
2026-09-10 06:27:48,114 INFO o.a.j.r.Summariser: summary +   1662 in 00:00:18 =   91.8/s Avg:   271 Min:   251 Max:   326 Err:     0 (0.00%) Active: 0 Started: 25 Finished: 25
2026-09-10 06:27:48,114 INFO o.a.j.r.Summariser: summary =   2693 in 00:00:30 =   88.7/s Avg:   271 Min:    21 Max:   496 Err:     0 (0.00%)
