2026-09-10 06:42:08,397 INFO o.a.j.u.JMeterUtils: Setting Locale to en_EN
2026-09-10 06:42:08,416 INFO o.a.j.JMeter: Loading user properties from: /home/avituo/projects/tcc/tcc-container/.tools/apache-jmeter-5.6.3/bin/user.properties
2026-09-10 06:42:08,416 INFO o.a.j.JMeter: Loading system properties from: /home/avituo/projects/tcc/tcc-container/.tools/apache-jmeter-5.6.3/bin/system.properties
2026-09-10 06:42:08,416 INFO o.a.j.JMeter: Loading additional properties from: /home/avituo/projects/tcc/tcc-container/benchmark/jmeter/benchmark.properties
2026-09-10 06:42:08,416 INFO o.a.j.JMeter: Loading additional properties from: /tmp/tcc-benchmark-auth.GreUCG/auth.properties
2026-09-10 06:42:08,416 INFO o.a.j.JMeter: Loading additional properties from: /home/avituo/projects/tcc/tcc-container/benchmark/results/laravel-13.20.0/final/order-show/c25/r4/monolith/thread-counters.properties
2026-09-10 06:42:08,417 INFO o.a.j.JMeter: Setting JMeter property: threads=25
2026-09-10 06:42:08,417 INFO o.a.j.JMeter: Setting JMeter property: duration_seconds=120
2026-09-10 06:42:08,417 INFO o.a.j.JMeter: Setting JMeter property: target_host=localhost
2026-09-10 06:42:08,417 INFO o.a.j.JMeter: Setting JMeter property: target_port=18000
2026-09-10 06:42:08,417 INFO o.a.j.JMeter: Setting JMeter property: tcc.order.id=1
2026-09-10 06:42:08,417 INFO o.a.j.JMeter: Setting JMeter property: repetition=4
2026-09-10 06:42:08,425 INFO o.a.j.JMeter: Copyright (c) 1998-2024 The Apache Software Foundation
2026-09-10 06:42:08,425 INFO o.a.j.JMeter: Version 5.6.3
2026-09-10 06:42:08,425 INFO o.a.j.JMeter: java.version=21.0.11
2026-09-10 06:42:08,425 INFO o.a.j.JMeter: java.vm.name=OpenJDK 64-Bit Server VM
2026-09-10 06:42:08,425 INFO o.a.j.JMeter: os.name=Linux
2026-09-10 06:42:08,425 INFO o.a.j.JMeter: os.arch=amd64
2026-09-10 06:42:08,425 INFO o.a.j.JMeter: os.version=7.0.11-76070011-generic
2026-09-10 06:42:08,425 INFO o.a.j.JMeter: file.encoding=UTF-8
2026-09-10 06:42:08,425 INFO o.a.j.JMeter: java.awt.headless=true
2026-09-10 06:42:08,425 INFO o.a.j.JMeter: Max memory     =1073741824
2026-09-10 06:42:08,425 INFO o.a.j.JMeter: Available Processors =16
2026-09-10 06:42:08,434 INFO o.a.j.JMeter: Default Locale=English (EN)
2026-09-10 06:42:08,434 INFO o.a.j.JMeter: JMeter  Locale=English (EN)
2026-09-10 06:42:08,434 INFO o.a.j.JMeter: JMeterHome=/home/avituo/projects/tcc/tcc-container/.tools/apache-jmeter-5.6.3
2026-09-10 06:42:08,434 INFO o.a.j.JMeter: user.dir  =/home/avituo/projects/tcc/tcc-container
2026-09-10 06:42:08,435 INFO o.a.j.JMeter: PWD       =/home/avituo/projects/tcc/tcc-container
2026-09-10 06:42:08,449 INFO o.a.j.JMeter: IP: 192.168.1.16 Name: pop-os FullName: pop-os.home
2026-09-10 06:42:08,461 INFO o.a.j.s.FileServer: Default base='/home/avituo/projects/tcc/tcc-container'
2026-09-10 06:42:08,463 INFO o.a.j.s.FileServer: Set new base='/home/avituo/projects/tcc/tcc-container/benchmark/jmeter'
2026-09-10 06:42:08,649 INFO o.a.j.s.SaveService: Testplan (JMX) version: 2.2. Testlog (JTL) version: 2.2
2026-09-10 06:42:08,673 INFO o.a.j.s.SaveService: Using SaveService properties version 5.0
2026-09-10 06:42:08,676 INFO o.a.j.s.SaveService: Using SaveService properties file encoding UTF-8
2026-09-10 06:42:08,680 INFO o.a.j.s.SaveService: Loading file: /home/avituo/projects/tcc/tcc-container/benchmark/jmeter/tcc-order-show-v1.jmx
2026-09-10 06:42:08,729 INFO o.a.j.p.h.s.HTTPSamplerBase: Parser for text/html is org.apache.jmeter.protocol.http.parser.LagartoBasedHtmlParser
2026-09-10 06:42:08,729 INFO o.a.j.p.h.s.HTTPSamplerBase: Parser for application/xhtml+xml is org.apache.jmeter.protocol.http.parser.LagartoBasedHtmlParser
2026-09-10 06:42:08,729 INFO o.a.j.p.h.s.HTTPSamplerBase: Parser for application/xml is org.apache.jmeter.protocol.http.parser.LagartoBasedHtmlParser
2026-09-10 06:42:08,729 INFO o.a.j.p.h.s.HTTPSamplerBase: Parser for text/xml is org.apache.jmeter.protocol.http.parser.LagartoBasedHtmlParser
2026-09-10 06:42:08,729 INFO o.a.j.p.h.s.HTTPSamplerBase: Parser for text/vnd.wap.wml is org.apache.jmeter.protocol.http.parser.RegexpHTMLParser
2026-09-10 06:42:08,729 INFO o.a.j.p.h.s.HTTPSamplerBase: Parser for text/css is org.apache.jmeter.protocol.http.parser.CssParser
2026-09-10 06:42:08,756 INFO o.a.j.JMeter: Creating summariser <summary>
2026-09-10 06:42:08,772 INFO o.a.j.e.StandardJMeterEngine: Running the test!
2026-09-10 06:42:08,773 INFO o.a.j.s.SampleEvent: List of sample_variables: []
2026-09-10 06:42:08,773 INFO o.a.j.s.SampleEvent: List of sample_variables: []
2026-09-10 06:42:08,778 INFO o.a.j.e.u.CompoundVariable: Note: Function class names must contain the string: '.functions.'
2026-09-10 06:42:08,778 INFO o.a.j.e.u.CompoundVariable: Note: Function class names must not contain the string: '.gui.'
2026-09-10 06:42:09,056 INFO o.a.j.JMeter: Running test (1789033329056)
2026-09-10 06:42:09,077 INFO o.a.j.e.StandardJMeterEngine: Starting ThreadGroup: 1 : TCC order-show
2026-09-10 06:42:09,077 INFO o.a.j.e.StandardJMeterEngine: Starting 25 threads for group TCC order-show.
2026-09-10 06:42:09,077 INFO o.a.j.e.StandardJMeterEngine: Thread will continue on error
2026-09-10 06:42:09,078 INFO o.a.j.t.ThreadGroup: Starting thread group... number=1 threads=25 ramp-up=0 delayedStart=false
2026-09-10 06:42:09,084 INFO o.a.j.t.JMeterThread: Thread started: TCC order-show 1-4
2026-09-10 06:42:09,084 INFO o.a.j.t.JMeterThread: Thread started: TCC order-show 1-1
2026-09-10 06:42:09,084 INFO o.a.j.t.JMeterThread: Thread started: TCC order-show 1-3
2026-09-10 06:42:09,084 INFO o.a.j.t.JMeterThread: Thread started: TCC order-show 1-2
2026-09-10 06:42:09,085 INFO o.a.j.t.JMeterThread: Thread started: TCC order-show 1-5
2026-09-10 06:42:09,086 INFO o.a.j.t.JMeterThread: Thread started: TCC order-show 1-6
2026-09-10 06:42:09,087 INFO o.a.j.t.JMeterThread: Thread started: TCC order-show 1-7
2026-09-10 06:42:09,087 INFO o.a.j.t.JMeterThread: Thread started: TCC order-show 1-8
2026-09-10 06:42:09,088 INFO o.a.j.t.JMeterThread: Thread started: TCC order-show 1-9
2026-09-10 06:42:09,089 INFO o.a.j.t.JMeterThread: Thread started: TCC order-show 1-10
2026-09-10 06:42:09,090 INFO o.a.j.t.JMeterThread: Thread started: TCC order-show 1-11
2026-09-10 06:42:09,091 INFO o.a.j.t.JMeterThread: Thread started: TCC order-show 1-12
2026-09-10 06:42:09,092 INFO o.a.j.t.JMeterThread: Thread started: TCC order-show 1-13
2026-09-10 06:42:09,093 INFO o.a.j.t.JMeterThread: Thread started: TCC order-show 1-14
2026-09-10 06:42:09,094 INFO o.a.j.t.JMeterThread: Thread started: TCC order-show 1-15
2026-09-10 06:42:09,095 INFO o.a.j.t.JMeterThread: Thread started: TCC order-show 1-16
2026-09-10 06:42:09,096 INFO o.a.j.t.JMeterThread: Thread started: TCC order-show 1-17
2026-09-10 06:42:09,097 INFO o.a.j.t.JMeterThread: Thread started: TCC order-show 1-18
2026-09-10 06:42:09,098 INFO o.a.j.t.JMeterThread: Thread started: TCC order-show 1-19
2026-09-10 06:42:09,099 INFO o.a.j.t.JMeterThread: Thread started: TCC order-show 1-20
2026-09-10 06:42:09,099 INFO o.a.j.t.JMeterThread: Thread started: TCC order-show 1-21
2026-09-10 06:42:09,100 INFO o.a.j.t.JMeterThread: Thread started: TCC order-show 1-22
2026-09-10 06:42:09,101 INFO o.a.j.t.JMeterThread: Thread started: TCC order-show 1-23
2026-09-10 06:42:09,101 INFO o.a.j.t.JMeterThread: Thread started: TCC order-show 1-24
2026-09-10 06:42:09,102 INFO o.a.j.t.ThreadGroup: Started thread group number 1
2026-09-10 06:42:09,102 INFO o.a.j.e.StandardJMeterEngine: All thread groups have been started
2026-09-10 06:42:09,102 INFO o.a.j.t.JMeterThread: Thread started: TCC order-show 1-25
2026-09-10 06:42:09,107 INFO o.a.j.p.h.s.HTTPHCAbstractImpl: Local host = pop-os
2026-09-10 06:42:09,114 INFO o.a.j.p.h.s.HTTPHC4Impl: HTTP request retry count = 0
2026-09-10 06:42:09,115 INFO o.a.j.s.SampleResult: Note: Sample TimeStamps are START times
2026-09-10 06:42:09,115 INFO o.a.j.s.SampleResult: sampleresult.default.encoding is set to UTF-8
2026-09-10 06:42:09,115 INFO o.a.j.s.SampleResult: sampleresult.useNanoTime=true
2026-09-10 06:42:09,116 INFO o.a.j.s.SampleResult: sampleresult.nanoThreadSleep=5000
2026-09-10 06:42:30,016 INFO o.a.j.r.Summariser: summary +   1846 in 00:00:21 =   88.1/s Avg:   269 Min:    22 Max:   538 Err:     0 (0.00%) Active: 25 Started: 25 Finished: 0
2026-09-10 06:43:00,015 INFO o.a.j.r.Summariser: summary +   2769 in 00:00:30 =   92.3/s Avg:   270 Min:   254 Max:   293 Err:     0 (0.00%) Active: 25 Started: 25 Finished: 0
2026-09-10 06:43:00,015 INFO o.a.j.r.Summariser: summary =   4615 in 00:00:51 =   90.6/s Avg:   269 Min:    22 Max:   538 Err:     0 (0.00%)
2026-09-10 06:43:30,016 INFO o.a.j.r.Summariser: summary +   2770 in 00:00:30 =   92.3/s Avg:   270 Min:   245 Max:   334 Err:     0 (0.00%) Active: 25 Started: 25 Finished: 0
2026-09-10 06:43:30,016 INFO o.a.j.r.Summariser: summary =   7385 in 00:01:21 =   91.2/s Avg:   270 Min:    22 Max:   538 Err:     0 (0.00%)
2026-09-10 06:44:00,000 INFO o.a.j.r.Summariser: summary +   2795 in 00:00:30 =   93.2/s Avg:   267 Min:   247 Max:   362 Err:     0 (0.00%) Active: 25 Started: 25 Finished: 0
2026-09-10 06:44:00,000 INFO o.a.j.r.Summariser: summary =  10180 in 00:01:51 =   91.8/s Avg:   269 Min:    22 Max:   538 Err:     0 (0.00%)
2026-09-10 06:44:09,095 INFO o.a.j.t.JMeterThread: Stopping because end time detected by thread: TCC order-show 1-17
2026-09-10 06:44:09,095 INFO o.a.j.t.JMeterThread: Thread finished: TCC order-show 1-17
2026-09-10 06:44:09,106 INFO o.a.j.t.JMeterThread: Stopping because end time detected by thread: TCC order-show 1-19
2026-09-10 06:44:09,106 INFO o.a.j.t.JMeterThread: Thread finished: TCC order-show 1-19
2026-09-10 06:44:09,116 INFO o.a.j.t.JMeterThread: Stopping because end time detected by thread: TCC order-show 1-6
2026-09-10 06:44:09,116 INFO o.a.j.t.JMeterThread: Thread finished: TCC order-show 1-6
2026-09-10 06:44:09,127 INFO o.a.j.t.JMeterThread: Stopping because end time detected by thread: TCC order-show 1-18
2026-09-10 06:44:09,127 INFO o.a.j.t.JMeterThread: Thread finished: TCC order-show 1-18
2026-09-10 06:44:09,138 INFO o.a.j.t.JMeterThread: Stopping because end time detected by thread: TCC order-show 1-12
2026-09-10 06:44:09,138 INFO o.a.j.t.JMeterThread: Thread finished: TCC order-show 1-12
2026-09-10 06:44:09,148 INFO o.a.j.t.JMeterThread: Stopping because end time detected by thread: TCC order-show 1-25
2026-09-10 06:44:09,148 INFO o.a.j.t.JMeterThread: Thread finished: TCC order-show 1-25
2026-09-10 06:44:09,158 INFO o.a.j.t.JMeterThread: Stopping because end time detected by thread: TCC order-show 1-20
2026-09-10 06:44:09,158 INFO o.a.j.t.JMeterThread: Thread finished: TCC order-show 1-20
2026-09-10 06:44:09,167 INFO o.a.j.t.JMeterThread: Stopping because end time detected by thread: TCC order-show 1-24
2026-09-10 06:44:09,167 INFO o.a.j.t.JMeterThread: Thread finished: TCC order-show 1-24
2026-09-10 06:44:09,177 INFO o.a.j.t.JMeterThread: Stopping because end time detected by thread: TCC order-show 1-22
2026-09-10 06:44:09,177 INFO o.a.j.t.JMeterThread: Thread finished: TCC order-show 1-22
2026-09-10 06:44:09,187 INFO o.a.j.t.JMeterThread: Stopping because end time detected by thread: TCC order-show 1-21
2026-09-10 06:44:09,187 INFO o.a.j.t.JMeterThread: Thread finished: TCC order-show 1-21
2026-09-10 06:44:09,197 INFO o.a.j.t.JMeterThread: Stopping because end time detected by thread: TCC order-show 1-10
2026-09-10 06:44:09,197 INFO o.a.j.t.JMeterThread: Thread finished: TCC order-show 1-10
2026-09-10 06:44:09,206 INFO o.a.j.t.JMeterThread: Stopping because end time detected by thread: TCC order-show 1-14
2026-09-10 06:44:09,207 INFO o.a.j.t.JMeterThread: Thread finished: TCC order-show 1-14
2026-09-10 06:44:09,217 INFO o.a.j.t.JMeterThread: Stopping because end time detected by thread: TCC order-show 1-3
2026-09-10 06:44:09,217 INFO o.a.j.t.JMeterThread: Thread finished: TCC order-show 1-3
2026-09-10 06:44:09,227 INFO o.a.j.t.JMeterThread: Stopping because end time detected by thread: TCC order-show 1-2
2026-09-10 06:44:09,227 INFO o.a.j.t.JMeterThread: Thread finished: TCC order-show 1-2
2026-09-10 06:44:09,237 INFO o.a.j.t.JMeterThread: Stopping because end time detected by thread: TCC order-show 1-23
2026-09-10 06:44:09,237 INFO o.a.j.t.JMeterThread: Thread finished: TCC order-show 1-23
2026-09-10 06:44:09,247 INFO o.a.j.t.JMeterThread: Stopping because end time detected by thread: TCC order-show 1-5
2026-09-10 06:44:09,247 INFO o.a.j.t.JMeterThread: Thread finished: TCC order-show 1-5
2026-09-10 06:44:09,258 INFO o.a.j.t.JMeterThread: Stopping because end time detected by thread: TCC order-show 1-15
2026-09-10 06:44:09,258 INFO o.a.j.t.JMeterThread: Thread finished: TCC order-show 1-15
2026-09-10 06:44:09,268 INFO o.a.j.t.JMeterThread: Stopping because end time detected by thread: TCC order-show 1-7
2026-09-10 06:44:09,268 INFO o.a.j.t.JMeterThread: Thread finished: TCC order-show 1-7
2026-09-10 06:44:09,278 INFO o.a.j.t.JMeterThread: Stopping because end time detected by thread: TCC order-show 1-11
2026-09-10 06:44:09,278 INFO o.a.j.t.JMeterThread: Thread finished: TCC order-show 1-11
2026-09-10 06:44:09,288 INFO o.a.j.t.JMeterThread: Stopping because end time detected by thread: TCC order-show 1-13
2026-09-10 06:44:09,288 INFO o.a.j.t.JMeterThread: Thread finished: TCC order-show 1-13
2026-09-10 06:44:09,298 INFO o.a.j.t.JMeterThread: Stopping because end time detected by thread: TCC order-show 1-4
2026-09-10 06:44:09,299 INFO o.a.j.t.JMeterThread: Thread finished: TCC order-show 1-4
2026-09-10 06:44:09,308 INFO o.a.j.t.JMeterThread: Stopping because end time detected by thread: TCC order-show 1-9
2026-09-10 06:44:09,308 INFO o.a.j.t.JMeterThread: Thread finished: TCC order-show 1-9
2026-09-10 06:44:09,318 INFO o.a.j.t.JMeterThread: Stopping because end time detected by thread: TCC order-show 1-1
2026-09-10 06:44:09,318 INFO o.a.j.t.JMeterThread: Thread finished: TCC order-show 1-1
2026-09-10 06:44:09,328 INFO o.a.j.t.JMeterThread: Stopping because end time detected by thread: TCC order-show 1-16
2026-09-10 06:44:09,328 INFO o.a.j.t.JMeterThread: Thread finished: TCC order-show 1-16
2026-09-10 06:44:09,338 INFO o.a.j.t.JMeterThread: Stopping because end time detected by thread: TCC order-show 1-8
2026-09-10 06:44:09,338 INFO o.a.j.t.JMeterThread: Thread finished: TCC order-show 1-8
2026-09-10 06:44:09,338 INFO o.a.j.e.StandardJMeterEngine: Notifying test listeners of end of test
2026-09-10 06:44:09,341 INFO o.a.j.r.Summariser: summary +    862 in 00:00:09 =   92.3/s Avg:   270 Min:   252 Max:   289 Err:     0 (0.00%) Active: 0 Started: 25 Finished: 25
2026-09-10 06:44:09,341 INFO o.a.j.r.Summariser: summary =  11042 in 00:02:00 =   91.8/s Avg:   269 Min:    22 Max:   538 Err:     0 (0.00%)
