2026-09-10 08:25:42,589 INFO o.a.j.u.JMeterUtils: Setting Locale to en_EN
2026-09-10 08:25:42,606 INFO o.a.j.JMeter: Loading user properties from: /home/avituo/projects/tcc/tcc-container/.tools/apache-jmeter-5.6.3/bin/user.properties
2026-09-10 08:25:42,606 INFO o.a.j.JMeter: Loading system properties from: /home/avituo/projects/tcc/tcc-container/.tools/apache-jmeter-5.6.3/bin/system.properties
2026-09-10 08:25:42,606 INFO o.a.j.JMeter: Loading additional properties from: /home/avituo/projects/tcc/tcc-container/benchmark/jmeter/benchmark.properties
2026-09-10 08:25:42,606 INFO o.a.j.JMeter: Loading additional properties from: /tmp/tcc-benchmark-auth.0mrWXU/auth.properties
2026-09-10 08:25:42,606 INFO o.a.j.JMeter: Setting JMeter property: threads=10
2026-09-10 08:25:42,606 INFO o.a.j.JMeter: Setting JMeter property: duration_seconds=30
2026-09-10 08:25:42,606 INFO o.a.j.JMeter: Setting JMeter property: target_host=localhost
2026-09-10 08:25:42,606 INFO o.a.j.JMeter: Setting JMeter property: target_port=18080
2026-09-10 08:25:42,606 INFO o.a.j.JMeter: Setting JMeter property: tcc.order.id=20000000-0000-4000-8000-000000000001
2026-09-10 08:25:42,607 INFO o.a.j.JMeter: Setting JMeter property: repetition=4
2026-09-10 08:25:42,613 INFO o.a.j.JMeter: Copyright (c) 1998-2024 The Apache Software Foundation
2026-09-10 08:25:42,613 INFO o.a.j.JMeter: Version 5.6.3
2026-09-10 08:25:42,613 INFO o.a.j.JMeter: java.version=21.0.11
2026-09-10 08:25:42,613 INFO o.a.j.JMeter: java.vm.name=OpenJDK 64-Bit Server VM
2026-09-10 08:25:42,613 INFO o.a.j.JMeter: os.name=Linux
2026-09-10 08:25:42,614 INFO o.a.j.JMeter: os.arch=amd64
2026-09-10 08:25:42,614 INFO o.a.j.JMeter: os.version=7.0.11-76070011-generic
2026-09-10 08:25:42,614 INFO o.a.j.JMeter: file.encoding=UTF-8
2026-09-10 08:25:42,614 INFO o.a.j.JMeter: java.awt.headless=true
2026-09-10 08:25:42,614 INFO o.a.j.JMeter: Max memory     =1073741824
2026-09-10 08:25:42,614 INFO o.a.j.JMeter: Available Processors =16
2026-09-10 08:25:42,623 INFO o.a.j.JMeter: Default Locale=English (EN)
2026-09-10 08:25:42,623 INFO o.a.j.JMeter: JMeter  Locale=English (EN)
2026-09-10 08:25:42,623 INFO o.a.j.JMeter: JMeterHome=/home/avituo/projects/tcc/tcc-container/.tools/apache-jmeter-5.6.3
2026-09-10 08:25:42,623 INFO o.a.j.JMeter: user.dir  =/home/avituo/projects/tcc/tcc-container
2026-09-10 08:25:42,623 INFO o.a.j.JMeter: PWD       =/home/avituo/projects/tcc/tcc-container
2026-09-10 08:25:42,631 INFO o.a.j.JMeter: IP: 192.168.1.16 Name: pop-os FullName: pop-os.home
2026-09-10 08:25:42,644 INFO o.a.j.s.FileServer: Default base='/home/avituo/projects/tcc/tcc-container'
2026-09-10 08:25:42,646 INFO o.a.j.s.FileServer: Set new base='/home/avituo/projects/tcc/tcc-container/benchmark/jmeter'
2026-09-10 08:25:42,813 INFO o.a.j.s.SaveService: Testplan (JMX) version: 2.2. Testlog (JTL) version: 2.2
2026-09-10 08:25:42,838 INFO o.a.j.s.SaveService: Using SaveService properties version 5.0
2026-09-10 08:25:42,841 INFO o.a.j.s.SaveService: Using SaveService properties file encoding UTF-8
2026-09-10 08:25:42,845 INFO o.a.j.s.SaveService: Loading file: /home/avituo/projects/tcc/tcc-container/benchmark/jmeter/tcc-order-create-v1.jmx
2026-09-10 08:25:42,896 INFO o.a.j.p.h.s.HTTPSamplerBase: Parser for text/html is org.apache.jmeter.protocol.http.parser.LagartoBasedHtmlParser
2026-09-10 08:25:42,896 INFO o.a.j.p.h.s.HTTPSamplerBase: Parser for application/xhtml+xml is org.apache.jmeter.protocol.http.parser.LagartoBasedHtmlParser
2026-09-10 08:25:42,896 INFO o.a.j.p.h.s.HTTPSamplerBase: Parser for application/xml is org.apache.jmeter.protocol.http.parser.LagartoBasedHtmlParser
2026-09-10 08:25:42,896 INFO o.a.j.p.h.s.HTTPSamplerBase: Parser for text/xml is org.apache.jmeter.protocol.http.parser.LagartoBasedHtmlParser
2026-09-10 08:25:42,896 INFO o.a.j.p.h.s.HTTPSamplerBase: Parser for text/vnd.wap.wml is org.apache.jmeter.protocol.http.parser.RegexpHTMLParser
2026-09-10 08:25:42,896 INFO o.a.j.p.h.s.HTTPSamplerBase: Parser for text/css is org.apache.jmeter.protocol.http.parser.CssParser
2026-09-10 08:25:42,932 INFO o.a.j.JMeter: Creating summariser <summary>
2026-09-10 08:25:42,950 INFO o.a.j.e.StandardJMeterEngine: Running the test!
2026-09-10 08:25:42,951 INFO o.a.j.s.SampleEvent: List of sample_variables: []
2026-09-10 08:25:42,951 INFO o.a.j.s.SampleEvent: List of sample_variables: []
2026-09-10 08:25:42,957 INFO o.a.j.e.u.CompoundVariable: Note: Function class names must contain the string: '.functions.'
2026-09-10 08:25:42,957 INFO o.a.j.e.u.CompoundVariable: Note: Function class names must not contain the string: '.gui.'
2026-09-10 08:25:43,212 INFO o.a.j.JMeter: Running test (1789039543212)
2026-09-10 08:25:43,236 INFO o.a.j.e.StandardJMeterEngine: Starting ThreadGroup: 1 : TCC order-create
2026-09-10 08:25:43,236 INFO o.a.j.e.StandardJMeterEngine: Starting 10 threads for group TCC order-create.
2026-09-10 08:25:43,236 INFO o.a.j.e.StandardJMeterEngine: Thread will continue on error
2026-09-10 08:25:43,236 INFO o.a.j.t.ThreadGroup: Starting thread group... number=1 threads=10 ramp-up=0 delayedStart=false
2026-09-10 08:25:43,243 INFO o.a.j.t.JMeterThread: Thread started: TCC order-create 1-2
2026-09-10 08:25:43,243 INFO o.a.j.t.JMeterThread: Thread started: TCC order-create 1-4
2026-09-10 08:25:43,243 INFO o.a.j.t.JMeterThread: Thread started: TCC order-create 1-1
2026-09-10 08:25:43,243 INFO o.a.j.t.JMeterThread: Thread started: TCC order-create 1-3
2026-09-10 08:25:43,244 INFO o.a.j.t.JMeterThread: Thread started: TCC order-create 1-5
2026-09-10 08:25:43,245 INFO o.a.j.t.JMeterThread: Thread started: TCC order-create 1-6
2026-09-10 08:25:43,245 INFO o.a.j.t.JMeterThread: Thread started: TCC order-create 1-7
2026-09-10 08:25:43,246 INFO o.a.j.t.JMeterThread: Thread started: TCC order-create 1-8
2026-09-10 08:25:43,247 INFO o.a.j.t.JMeterThread: Thread started: TCC order-create 1-9
2026-09-10 08:25:43,247 INFO o.a.j.t.ThreadGroup: Started thread group number 1
2026-09-10 08:25:43,247 INFO o.a.j.e.StandardJMeterEngine: All thread groups have been started
2026-09-10 08:25:43,247 INFO o.a.j.t.JMeterThread: Thread started: TCC order-create 1-10
2026-09-10 08:25:43,920 INFO o.a.j.p.h.s.HTTPHCAbstractImpl: Local host = pop-os
2026-09-10 08:25:43,926 INFO o.a.j.p.h.s.HTTPHC4Impl: HTTP request retry count = 0
2026-09-10 08:25:43,928 INFO o.a.j.s.SampleResult: Note: Sample TimeStamps are START times
2026-09-10 08:25:43,928 INFO o.a.j.s.SampleResult: sampleresult.default.encoding is set to UTF-8
2026-09-10 08:25:43,928 INFO o.a.j.s.SampleResult: sampleresult.useNanoTime=true
2026-09-10 08:25:43,928 INFO o.a.j.s.SampleResult: sampleresult.nanoThreadSleep=5000
2026-09-10 08:26:00,016 INFO o.a.j.r.Summariser: summary +    296 in 00:00:17 =   17.6/s Avg:   530 Min:   270 Max:   778 Err:     0 (0.00%) Active: 10 Started: 10 Finished: 0
2026-09-10 08:26:13,243 INFO o.a.j.t.JMeterThread: Stopping because end time detected by thread: TCC order-create 1-4
2026-09-10 08:26:13,243 INFO o.a.j.t.JMeterThread: Thread finished: TCC order-create 1-4
2026-09-10 08:26:13,298 INFO o.a.j.t.JMeterThread: Stopping because end time detected by thread: TCC order-create 1-8
2026-09-10 08:26:13,299 INFO o.a.j.t.JMeterThread: Thread finished: TCC order-create 1-8
2026-09-10 08:26:13,352 INFO o.a.j.t.JMeterThread: Stopping because end time detected by thread: TCC order-create 1-6
2026-09-10 08:26:13,352 INFO o.a.j.t.JMeterThread: Thread finished: TCC order-create 1-6
2026-09-10 08:26:13,404 INFO o.a.j.t.JMeterThread: Stopping because end time detected by thread: TCC order-create 1-7
2026-09-10 08:26:13,404 INFO o.a.j.t.JMeterThread: Thread finished: TCC order-create 1-7
2026-09-10 08:26:13,455 INFO o.a.j.t.JMeterThread: Stopping because end time detected by thread: TCC order-create 1-9
2026-09-10 08:26:13,455 INFO o.a.j.t.JMeterThread: Thread finished: TCC order-create 1-9
2026-09-10 08:26:13,510 INFO o.a.j.t.JMeterThread: Stopping because end time detected by thread: TCC order-create 1-5
2026-09-10 08:26:13,510 INFO o.a.j.t.JMeterThread: Thread finished: TCC order-create 1-5
2026-09-10 08:26:13,561 INFO o.a.j.t.JMeterThread: Stopping because end time detected by thread: TCC order-create 1-3
2026-09-10 08:26:13,561 INFO o.a.j.t.JMeterThread: Thread finished: TCC order-create 1-3
2026-09-10 08:26:13,611 INFO o.a.j.t.JMeterThread: Stopping because end time detected by thread: TCC order-create 1-2
2026-09-10 08:26:13,612 INFO o.a.j.t.JMeterThread: Thread finished: TCC order-create 1-2
2026-09-10 08:26:13,667 INFO o.a.j.t.JMeterThread: Stopping because end time detected by thread: TCC order-create 1-1
2026-09-10 08:26:13,668 INFO o.a.j.t.JMeterThread: Thread finished: TCC order-create 1-1
2026-09-10 08:26:13,717 INFO o.a.j.t.JMeterThread: Stopping because end time detected by thread: TCC order-create 1-10
2026-09-10 08:26:13,717 INFO o.a.j.t.JMeterThread: Thread finished: TCC order-create 1-10
2026-09-10 08:26:13,718 INFO o.a.j.e.StandardJMeterEngine: Notifying test listeners of end of test
2026-09-10 08:26:13,721 INFO o.a.j.r.Summariser: summary +    259 in 00:00:14 =   18.9/s Avg:   528 Min:   500 Max:   568 Err:     0 (0.00%) Active: 0 Started: 10 Finished: 10
2026-09-10 08:26:13,721 INFO o.a.j.r.Summariser: summary =    555 in 00:00:31 =   18.2/s Avg:   529 Min:   270 Max:   778 Err:     0 (0.00%)
