2026-09-10 06:17:04,082 INFO o.a.j.u.JMeterUtils: Setting Locale to en_EN
2026-09-10 06:17:04,098 INFO o.a.j.JMeter: Loading user properties from: /home/avituo/projects/tcc/tcc-container/.tools/apache-jmeter-5.6.3/bin/user.properties
2026-09-10 06:17:04,098 INFO o.a.j.JMeter: Loading system properties from: /home/avituo/projects/tcc/tcc-container/.tools/apache-jmeter-5.6.3/bin/system.properties
2026-09-10 06:17:04,098 INFO o.a.j.JMeter: Loading additional properties from: /home/avituo/projects/tcc/tcc-container/benchmark/jmeter/benchmark.properties
2026-09-10 06:17:04,099 INFO o.a.j.JMeter: Loading additional properties from: /tmp/tcc-benchmark-auth.EZ9VaT/auth.properties
2026-09-10 06:17:04,099 INFO o.a.j.JMeter: Loading additional properties from: /home/avituo/projects/tcc/tcc-container/benchmark/results/laravel-13.20.0/final/order-show/c25/r1/monolith/thread-counters.properties
2026-09-10 06:17:04,099 INFO o.a.j.JMeter: Setting JMeter property: threads=25
2026-09-10 06:17:04,099 INFO o.a.j.JMeter: Setting JMeter property: duration_seconds=120
2026-09-10 06:17:04,099 INFO o.a.j.JMeter: Setting JMeter property: target_host=localhost
2026-09-10 06:17:04,099 INFO o.a.j.JMeter: Setting JMeter property: target_port=18000
2026-09-10 06:17:04,099 INFO o.a.j.JMeter: Setting JMeter property: tcc.order.id=1
2026-09-10 06:17:04,099 INFO o.a.j.JMeter: Setting JMeter property: repetition=1
2026-09-10 06:17:04,106 INFO o.a.j.JMeter: Copyright (c) 1998-2024 The Apache Software Foundation
2026-09-10 06:17:04,106 INFO o.a.j.JMeter: Version 5.6.3
2026-09-10 06:17:04,106 INFO o.a.j.JMeter: java.version=21.0.11
2026-09-10 06:17:04,106 INFO o.a.j.JMeter: java.vm.name=OpenJDK 64-Bit Server VM
2026-09-10 06:17:04,106 INFO o.a.j.JMeter: os.name=Linux
2026-09-10 06:17:04,106 INFO o.a.j.JMeter: os.arch=amd64
2026-09-10 06:17:04,106 INFO o.a.j.JMeter: os.version=7.0.11-76070011-generic
2026-09-10 06:17:04,106 INFO o.a.j.JMeter: file.encoding=UTF-8
2026-09-10 06:17:04,106 INFO o.a.j.JMeter: java.awt.headless=true
2026-09-10 06:17:04,106 INFO o.a.j.JMeter: Max memory     =1073741824
2026-09-10 06:17:04,107 INFO o.a.j.JMeter: Available Processors =16
2026-09-10 06:17:04,115 INFO o.a.j.JMeter: Default Locale=English (EN)
2026-09-10 06:17:04,115 INFO o.a.j.JMeter: JMeter  Locale=English (EN)
2026-09-10 06:17:04,115 INFO o.a.j.JMeter: JMeterHome=/home/avituo/projects/tcc/tcc-container/.tools/apache-jmeter-5.6.3
2026-09-10 06:17:04,115 INFO o.a.j.JMeter: user.dir  =/home/avituo/projects/tcc/tcc-container
2026-09-10 06:17:04,115 INFO o.a.j.JMeter: PWD       =/home/avituo/projects/tcc/tcc-container
2026-09-10 06:17:04,126 INFO o.a.j.JMeter: IP: 192.168.1.16 Name: pop-os FullName: pop-os.home
2026-09-10 06:17:04,138 INFO o.a.j.s.FileServer: Default base='/home/avituo/projects/tcc/tcc-container'
2026-09-10 06:17:04,140 INFO o.a.j.s.FileServer: Set new base='/home/avituo/projects/tcc/tcc-container/benchmark/jmeter'
2026-09-10 06:17:04,302 INFO o.a.j.s.SaveService: Testplan (JMX) version: 2.2. Testlog (JTL) version: 2.2
2026-09-10 06:17:04,326 INFO o.a.j.s.SaveService: Using SaveService properties version 5.0
2026-09-10 06:17:04,329 INFO o.a.j.s.SaveService: Using SaveService properties file encoding UTF-8
2026-09-10 06:17:04,332 INFO o.a.j.s.SaveService: Loading file: /home/avituo/projects/tcc/tcc-container/benchmark/jmeter/tcc-order-show-v1.jmx
2026-09-10 06:17:04,381 INFO o.a.j.p.h.s.HTTPSamplerBase: Parser for text/html is org.apache.jmeter.protocol.http.parser.LagartoBasedHtmlParser
2026-09-10 06:17:04,381 INFO o.a.j.p.h.s.HTTPSamplerBase: Parser for application/xhtml+xml is org.apache.jmeter.protocol.http.parser.LagartoBasedHtmlParser
2026-09-10 06:17:04,381 INFO o.a.j.p.h.s.HTTPSamplerBase: Parser for application/xml is org.apache.jmeter.protocol.http.parser.LagartoBasedHtmlParser
2026-09-10 06:17:04,382 INFO o.a.j.p.h.s.HTTPSamplerBase: Parser for text/xml is org.apache.jmeter.protocol.http.parser.LagartoBasedHtmlParser
2026-09-10 06:17:04,382 INFO o.a.j.p.h.s.HTTPSamplerBase: Parser for text/vnd.wap.wml is org.apache.jmeter.protocol.http.parser.RegexpHTMLParser
2026-09-10 06:17:04,382 INFO o.a.j.p.h.s.HTTPSamplerBase: Parser for text/css is org.apache.jmeter.protocol.http.parser.CssParser
2026-09-10 06:17:04,408 INFO o.a.j.JMeter: Creating summariser <summary>
2026-09-10 06:17:04,425 INFO o.a.j.e.StandardJMeterEngine: Running the test!
2026-09-10 06:17:04,426 INFO o.a.j.s.SampleEvent: List of sample_variables: []
2026-09-10 06:17:04,426 INFO o.a.j.s.SampleEvent: List of sample_variables: []
2026-09-10 06:17:04,431 INFO o.a.j.e.u.CompoundVariable: Note: Function class names must contain the string: '.functions.'
2026-09-10 06:17:04,431 INFO o.a.j.e.u.CompoundVariable: Note: Function class names must not contain the string: '.gui.'
2026-09-10 06:17:04,678 INFO o.a.j.JMeter: Running test (1789031824678)
2026-09-10 06:17:04,698 INFO o.a.j.e.StandardJMeterEngine: Starting ThreadGroup: 1 : TCC order-show
2026-09-10 06:17:04,698 INFO o.a.j.e.StandardJMeterEngine: Starting 25 threads for group TCC order-show.
2026-09-10 06:17:04,698 INFO o.a.j.e.StandardJMeterEngine: Thread will continue on error
2026-09-10 06:17:04,699 INFO o.a.j.t.ThreadGroup: Starting thread group... number=1 threads=25 ramp-up=0 delayedStart=false
2026-09-10 06:17:04,705 INFO o.a.j.t.JMeterThread: Thread started: TCC order-show 1-4
2026-09-10 06:17:04,705 INFO o.a.j.t.JMeterThread: Thread started: TCC order-show 1-2
2026-09-10 06:17:04,705 INFO o.a.j.t.JMeterThread: Thread started: TCC order-show 1-1
2026-09-10 06:17:04,705 INFO o.a.j.t.JMeterThread: Thread started: TCC order-show 1-3
2026-09-10 06:17:04,705 INFO o.a.j.t.JMeterThread: Thread started: TCC order-show 1-5
2026-09-10 06:17:04,706 INFO o.a.j.t.JMeterThread: Thread started: TCC order-show 1-6
2026-09-10 06:17:04,707 INFO o.a.j.t.JMeterThread: Thread started: TCC order-show 1-7
2026-09-10 06:17:04,708 INFO o.a.j.t.JMeterThread: Thread started: TCC order-show 1-8
2026-09-10 06:17:04,708 INFO o.a.j.t.JMeterThread: Thread started: TCC order-show 1-9
2026-09-10 06:17:04,709 INFO o.a.j.t.JMeterThread: Thread started: TCC order-show 1-10
2026-09-10 06:17:04,709 INFO o.a.j.t.JMeterThread: Thread started: TCC order-show 1-11
2026-09-10 06:17:04,710 INFO o.a.j.t.JMeterThread: Thread started: TCC order-show 1-12
2026-09-10 06:17:04,712 INFO o.a.j.t.JMeterThread: Thread started: TCC order-show 1-14
2026-09-10 06:17:04,711 INFO o.a.j.t.JMeterThread: Thread started: TCC order-show 1-13
2026-09-10 06:17:04,713 INFO o.a.j.t.JMeterThread: Thread started: TCC order-show 1-15
2026-09-10 06:17:04,714 INFO o.a.j.t.JMeterThread: Thread started: TCC order-show 1-16
2026-09-10 06:17:04,715 INFO o.a.j.t.JMeterThread: Thread started: TCC order-show 1-17
2026-09-10 06:17:04,716 INFO o.a.j.t.JMeterThread: Thread started: TCC order-show 1-18
2026-09-10 06:17:04,716 INFO o.a.j.t.JMeterThread: Thread started: TCC order-show 1-19
2026-09-10 06:17:04,717 INFO o.a.j.t.JMeterThread: Thread started: TCC order-show 1-20
2026-09-10 06:17:04,717 INFO o.a.j.t.JMeterThread: Thread started: TCC order-show 1-21
2026-09-10 06:17:04,718 INFO o.a.j.t.JMeterThread: Thread started: TCC order-show 1-22
2026-09-10 06:17:04,718 INFO o.a.j.t.JMeterThread: Thread started: TCC order-show 1-23
2026-09-10 06:17:04,719 INFO o.a.j.t.ThreadGroup: Started thread group number 1
2026-09-10 06:17:04,719 INFO o.a.j.e.StandardJMeterEngine: All thread groups have been started
2026-09-10 06:17:04,719 INFO o.a.j.t.JMeterThread: Thread started: TCC order-show 1-24
2026-09-10 06:17:04,719 INFO o.a.j.t.JMeterThread: Thread started: TCC order-show 1-25
2026-09-10 06:17:04,726 INFO o.a.j.p.h.s.HTTPHCAbstractImpl: Local host = pop-os
2026-09-10 06:17:04,732 INFO o.a.j.p.h.s.HTTPHC4Impl: HTTP request retry count = 0
2026-09-10 06:17:04,733 INFO o.a.j.s.SampleResult: Note: Sample TimeStamps are START times
2026-09-10 06:17:04,733 INFO o.a.j.s.SampleResult: sampleresult.default.encoding is set to UTF-8
2026-09-10 06:17:04,733 INFO o.a.j.s.SampleResult: sampleresult.useNanoTime=true
2026-09-10 06:17:04,733 INFO o.a.j.s.SampleResult: sampleresult.nanoThreadSleep=5000
2026-09-10 06:17:05,789 INFO o.a.j.r.Summariser: summary +      1 in 00:00:01 =    0.9/s Avg:    59 Min:    59 Max:    59 Err:     0 (0.00%) Active: 25 Started: 25 Finished: 0
2026-09-10 06:17:30,000 INFO o.a.j.r.Summariser: summary +   2226 in 00:00:24 =   91.9/s Avg:   272 Min:    17 Max:   491 Err:     0 (0.00%) Active: 25 Started: 25 Finished: 0
2026-09-10 06:17:30,001 INFO o.a.j.r.Summariser: summary =   2227 in 00:00:25 =   87.9/s Avg:   272 Min:    17 Max:   491 Err:     0 (0.00%)
2026-09-10 06:18:00,016 INFO o.a.j.r.Summariser: summary +   2758 in 00:00:30 =   91.9/s Avg:   271 Min:   251 Max:   323 Err:     0 (0.00%) Active: 25 Started: 25 Finished: 0
2026-09-10 06:18:00,017 INFO o.a.j.r.Summariser: summary =   4985 in 00:00:55 =   90.1/s Avg:   271 Min:    17 Max:   491 Err:     0 (0.00%)
2026-09-10 06:18:30,011 INFO o.a.j.r.Summariser: summary +   2748 in 00:00:30 =   91.6/s Avg:   272 Min:   246 Max:   385 Err:     0 (0.00%) Active: 25 Started: 25 Finished: 0
2026-09-10 06:18:30,011 INFO o.a.j.r.Summariser: summary =   7733 in 00:01:25 =   90.6/s Avg:   272 Min:    17 Max:   491 Err:     0 (0.00%)
2026-09-10 06:19:00,010 INFO o.a.j.r.Summariser: summary +   2767 in 00:00:30 =   92.2/s Avg:   270 Min:   252 Max:   384 Err:     0 (0.00%) Active: 25 Started: 25 Finished: 0
2026-09-10 06:19:00,010 INFO o.a.j.r.Summariser: summary =  10500 in 00:01:55 =   91.0/s Avg:   271 Min:    17 Max:   491 Err:     0 (0.00%)
2026-09-10 06:19:04,720 INFO o.a.j.t.JMeterThread: Stopping because end time detected by thread: TCC order-show 1-10
2026-09-10 06:19:04,720 INFO o.a.j.t.JMeterThread: Thread finished: TCC order-show 1-10
2026-09-10 06:19:04,730 INFO o.a.j.t.JMeterThread: Stopping because end time detected by thread: TCC order-show 1-9
2026-09-10 06:19:04,730 INFO o.a.j.t.JMeterThread: Thread finished: TCC order-show 1-9
2026-09-10 06:19:04,741 INFO o.a.j.t.JMeterThread: Stopping because end time detected by thread: TCC order-show 1-23
2026-09-10 06:19:04,741 INFO o.a.j.t.JMeterThread: Thread finished: TCC order-show 1-23
2026-09-10 06:19:04,750 INFO o.a.j.t.JMeterThread: Stopping because end time detected by thread: TCC order-show 1-18
2026-09-10 06:19:04,751 INFO o.a.j.t.JMeterThread: Thread finished: TCC order-show 1-18
2026-09-10 06:19:04,760 INFO o.a.j.t.JMeterThread: Stopping because end time detected by thread: TCC order-show 1-11
2026-09-10 06:19:04,761 INFO o.a.j.t.JMeterThread: Thread finished: TCC order-show 1-11
2026-09-10 06:19:04,771 INFO o.a.j.t.JMeterThread: Stopping because end time detected by thread: TCC order-show 1-4
2026-09-10 06:19:04,771 INFO o.a.j.t.JMeterThread: Thread finished: TCC order-show 1-4
2026-09-10 06:19:04,780 INFO o.a.j.t.JMeterThread: Stopping because end time detected by thread: TCC order-show 1-2
2026-09-10 06:19:04,780 INFO o.a.j.t.JMeterThread: Thread finished: TCC order-show 1-2
2026-09-10 06:19:04,790 INFO o.a.j.t.JMeterThread: Stopping because end time detected by thread: TCC order-show 1-21
2026-09-10 06:19:04,790 INFO o.a.j.t.JMeterThread: Thread finished: TCC order-show 1-21
2026-09-10 06:19:04,800 INFO o.a.j.t.JMeterThread: Stopping because end time detected by thread: TCC order-show 1-16
2026-09-10 06:19:04,800 INFO o.a.j.t.JMeterThread: Thread finished: TCC order-show 1-16
2026-09-10 06:19:04,809 INFO o.a.j.t.JMeterThread: Stopping because end time detected by thread: TCC order-show 1-17
2026-09-10 06:19:04,810 INFO o.a.j.t.JMeterThread: Thread finished: TCC order-show 1-17
2026-09-10 06:19:04,819 INFO o.a.j.t.JMeterThread: Stopping because end time detected by thread: TCC order-show 1-13
2026-09-10 06:19:04,820 INFO o.a.j.t.JMeterThread: Thread finished: TCC order-show 1-13
2026-09-10 06:19:04,829 INFO o.a.j.t.JMeterThread: Stopping because end time detected by thread: TCC order-show 1-19
2026-09-10 06:19:04,829 INFO o.a.j.t.JMeterThread: Thread finished: TCC order-show 1-19
2026-09-10 06:19:04,839 INFO o.a.j.t.JMeterThread: Stopping because end time detected by thread: TCC order-show 1-20
2026-09-10 06:19:04,839 INFO o.a.j.t.JMeterThread: Thread finished: TCC order-show 1-20
2026-09-10 06:19:04,850 INFO o.a.j.t.JMeterThread: Stopping because end time detected by thread: TCC order-show 1-24
2026-09-10 06:19:04,850 INFO o.a.j.t.JMeterThread: Thread finished: TCC order-show 1-24
2026-09-10 06:19:04,860 INFO o.a.j.t.JMeterThread: Stopping because end time detected by thread: TCC order-show 1-1
2026-09-10 06:19:04,860 INFO o.a.j.t.JMeterThread: Thread finished: TCC order-show 1-1
2026-09-10 06:19:04,870 INFO o.a.j.t.JMeterThread: Stopping because end time detected by thread: TCC order-show 1-7
2026-09-10 06:19:04,870 INFO o.a.j.t.JMeterThread: Thread finished: TCC order-show 1-7
2026-09-10 06:19:04,879 INFO o.a.j.t.JMeterThread: Stopping because end time detected by thread: TCC order-show 1-5
2026-09-10 06:19:04,880 INFO o.a.j.t.JMeterThread: Thread finished: TCC order-show 1-5
2026-09-10 06:19:04,889 INFO o.a.j.t.JMeterThread: Stopping because end time detected by thread: TCC order-show 1-15
2026-09-10 06:19:04,890 INFO o.a.j.t.JMeterThread: Thread finished: TCC order-show 1-15
2026-09-10 06:19:04,899 INFO o.a.j.t.JMeterThread: Stopping because end time detected by thread: TCC order-show 1-14
2026-09-10 06:19:04,900 INFO o.a.j.t.JMeterThread: Thread finished: TCC order-show 1-14
2026-09-10 06:19:04,910 INFO o.a.j.t.JMeterThread: Stopping because end time detected by thread: TCC order-show 1-3
2026-09-10 06:19:04,910 INFO o.a.j.t.JMeterThread: Thread finished: TCC order-show 1-3
2026-09-10 06:19:04,920 INFO o.a.j.t.JMeterThread: Stopping because end time detected by thread: TCC order-show 1-25
2026-09-10 06:19:04,920 INFO o.a.j.t.JMeterThread: Thread finished: TCC order-show 1-25
2026-09-10 06:19:04,930 INFO o.a.j.t.JMeterThread: Stopping because end time detected by thread: TCC order-show 1-8
2026-09-10 06:19:04,930 INFO o.a.j.t.JMeterThread: Thread finished: TCC order-show 1-8
2026-09-10 06:19:04,940 INFO o.a.j.t.JMeterThread: Stopping because end time detected by thread: TCC order-show 1-12
2026-09-10 06:19:04,940 INFO o.a.j.t.JMeterThread: Thread finished: TCC order-show 1-12
2026-09-10 06:19:04,950 INFO o.a.j.t.JMeterThread: Stopping because end time detected by thread: TCC order-show 1-6
2026-09-10 06:19:04,950 INFO o.a.j.t.JMeterThread: Thread finished: TCC order-show 1-6
2026-09-10 06:19:04,961 INFO o.a.j.t.JMeterThread: Stopping because end time detected by thread: TCC order-show 1-22
2026-09-10 06:19:04,961 INFO o.a.j.t.JMeterThread: Thread finished: TCC order-show 1-22
2026-09-10 06:19:04,961 INFO o.a.j.e.StandardJMeterEngine: Notifying test listeners of end of test
2026-09-10 06:19:04,964 INFO o.a.j.r.Summariser: summary +    465 in 00:00:05 =   93.9/s Avg:   266 Min:   247 Max:   286 Err:     0 (0.00%) Active: 0 Started: 25 Finished: 25
2026-09-10 06:19:04,964 INFO o.a.j.r.Summariser: summary =  10965 in 00:02:00 =   91.2/s Avg:   271 Min:    17 Max:   491 Err:     0 (0.00%)
