2026-09-10 03:49:55,000 INFO o.a.j.u.JMeterUtils: Setting Locale to en_EN
2026-09-10 03:49:55,015 INFO o.a.j.JMeter: Loading user properties from: /home/avituo/projects/tcc/tcc-container/.tools/apache-jmeter-5.6.3/bin/user.properties
2026-09-10 03:49:55,016 INFO o.a.j.JMeter: Loading system properties from: /home/avituo/projects/tcc/tcc-container/.tools/apache-jmeter-5.6.3/bin/system.properties
2026-09-10 03:49:55,016 INFO o.a.j.JMeter: Loading additional properties from: /home/avituo/projects/tcc/tcc-container/benchmark/jmeter/benchmark.properties
2026-09-10 03:49:55,016 INFO o.a.j.JMeter: Loading additional properties from: /tmp/tcc-benchmark-auth.mxBueB/auth.properties
2026-09-10 03:49:55,016 INFO o.a.j.JMeter: Loading additional properties from: /home/avituo/projects/tcc/tcc-container/benchmark/results/laravel-13.20.0/final/orders/c10/r5/microservices/thread-counters.properties
2026-09-10 03:49:55,016 INFO o.a.j.JMeter: Setting JMeter property: threads=10
2026-09-10 03:49:55,016 INFO o.a.j.JMeter: Setting JMeter property: duration_seconds=120
2026-09-10 03:49:55,016 INFO o.a.j.JMeter: Setting JMeter property: target_host=localhost
2026-09-10 03:49:55,016 INFO o.a.j.JMeter: Setting JMeter property: target_port=18080
2026-09-10 03:49:55,016 INFO o.a.j.JMeter: Setting JMeter property: tcc.order.id=20000000-0000-4000-8000-000000000001
2026-09-10 03:49:55,017 INFO o.a.j.JMeter: Setting JMeter property: repetition=5
2026-09-10 03:49:55,023 INFO o.a.j.JMeter: Copyright (c) 1998-2024 The Apache Software Foundation
2026-09-10 03:49:55,023 INFO o.a.j.JMeter: Version 5.6.3
2026-09-10 03:49:55,023 INFO o.a.j.JMeter: java.version=21.0.11
2026-09-10 03:49:55,023 INFO o.a.j.JMeter: java.vm.name=OpenJDK 64-Bit Server VM
2026-09-10 03:49:55,023 INFO o.a.j.JMeter: os.name=Linux
2026-09-10 03:49:55,023 INFO o.a.j.JMeter: os.arch=amd64
2026-09-10 03:49:55,023 INFO o.a.j.JMeter: os.version=7.0.11-76070011-generic
2026-09-10 03:49:55,023 INFO o.a.j.JMeter: file.encoding=UTF-8
2026-09-10 03:49:55,023 INFO o.a.j.JMeter: java.awt.headless=true
2026-09-10 03:49:55,023 INFO o.a.j.JMeter: Max memory     =1073741824
2026-09-10 03:49:55,023 INFO o.a.j.JMeter: Available Processors =16
2026-09-10 03:49:55,031 INFO o.a.j.JMeter: Default Locale=English (EN)
2026-09-10 03:49:55,032 INFO o.a.j.JMeter: JMeter  Locale=English (EN)
2026-09-10 03:49:55,032 INFO o.a.j.JMeter: JMeterHome=/home/avituo/projects/tcc/tcc-container/.tools/apache-jmeter-5.6.3
2026-09-10 03:49:55,032 INFO o.a.j.JMeter: user.dir  =/home/avituo/projects/tcc/tcc-container
2026-09-10 03:49:55,032 INFO o.a.j.JMeter: PWD       =/home/avituo/projects/tcc/tcc-container
2026-09-10 03:49:55,043 INFO o.a.j.JMeter: IP: 192.168.1.16 Name: pop-os FullName: pop-os.home
2026-09-10 03:49:55,056 INFO o.a.j.s.FileServer: Default base='/home/avituo/projects/tcc/tcc-container'
2026-09-10 03:49:55,058 INFO o.a.j.s.FileServer: Set new base='/home/avituo/projects/tcc/tcc-container/benchmark/jmeter'
2026-09-10 03:49:55,220 INFO o.a.j.s.SaveService: Testplan (JMX) version: 2.2. Testlog (JTL) version: 2.2
2026-09-10 03:49:55,244 INFO o.a.j.s.SaveService: Using SaveService properties version 5.0
2026-09-10 03:49:55,248 INFO o.a.j.s.SaveService: Using SaveService properties file encoding UTF-8
2026-09-10 03:49:55,252 INFO o.a.j.s.SaveService: Loading file: /home/avituo/projects/tcc/tcc-container/benchmark/jmeter/tcc-orders-v1.jmx
2026-09-10 03:49:55,302 INFO o.a.j.p.h.s.HTTPSamplerBase: Parser for text/html is org.apache.jmeter.protocol.http.parser.LagartoBasedHtmlParser
2026-09-10 03:49:55,302 INFO o.a.j.p.h.s.HTTPSamplerBase: Parser for application/xhtml+xml is org.apache.jmeter.protocol.http.parser.LagartoBasedHtmlParser
2026-09-10 03:49:55,302 INFO o.a.j.p.h.s.HTTPSamplerBase: Parser for application/xml is org.apache.jmeter.protocol.http.parser.LagartoBasedHtmlParser
2026-09-10 03:49:55,302 INFO o.a.j.p.h.s.HTTPSamplerBase: Parser for text/xml is org.apache.jmeter.protocol.http.parser.LagartoBasedHtmlParser
2026-09-10 03:49:55,302 INFO o.a.j.p.h.s.HTTPSamplerBase: Parser for text/vnd.wap.wml is org.apache.jmeter.protocol.http.parser.RegexpHTMLParser
2026-09-10 03:49:55,302 INFO o.a.j.p.h.s.HTTPSamplerBase: Parser for text/css is org.apache.jmeter.protocol.http.parser.CssParser
2026-09-10 03:49:55,334 INFO o.a.j.JMeter: Creating summariser <summary>
2026-09-10 03:49:55,355 INFO o.a.j.e.StandardJMeterEngine: Running the test!
2026-09-10 03:49:55,356 INFO o.a.j.s.SampleEvent: List of sample_variables: []
2026-09-10 03:49:55,356 INFO o.a.j.s.SampleEvent: List of sample_variables: []
2026-09-10 03:49:55,362 INFO o.a.j.e.u.CompoundVariable: Note: Function class names must contain the string: '.functions.'
2026-09-10 03:49:55,362 INFO o.a.j.e.u.CompoundVariable: Note: Function class names must not contain the string: '.gui.'
2026-09-10 03:49:55,622 INFO o.a.j.JMeter: Running test (1789022995622)
2026-09-10 03:49:55,643 INFO o.a.j.e.StandardJMeterEngine: Starting ThreadGroup: 1 : TCC orders
2026-09-10 03:49:55,644 INFO o.a.j.e.StandardJMeterEngine: Starting 10 threads for group TCC orders.
2026-09-10 03:49:55,644 INFO o.a.j.e.StandardJMeterEngine: Thread will continue on error
2026-09-10 03:49:55,644 INFO o.a.j.t.ThreadGroup: Starting thread group... number=1 threads=10 ramp-up=0 delayedStart=false
2026-09-10 03:49:55,650 INFO o.a.j.t.JMeterThread: Thread started: TCC orders 1-2
2026-09-10 03:49:55,650 INFO o.a.j.t.JMeterThread: Thread started: TCC orders 1-5
2026-09-10 03:49:55,650 INFO o.a.j.t.JMeterThread: Thread started: TCC orders 1-1
2026-09-10 03:49:55,650 INFO o.a.j.t.JMeterThread: Thread started: TCC orders 1-3
2026-09-10 03:49:55,650 INFO o.a.j.t.JMeterThread: Thread started: TCC orders 1-4
2026-09-10 03:49:55,652 INFO o.a.j.t.JMeterThread: Thread started: TCC orders 1-6
2026-09-10 03:49:55,652 INFO o.a.j.t.JMeterThread: Thread started: TCC orders 1-7
2026-09-10 03:49:55,653 INFO o.a.j.t.JMeterThread: Thread started: TCC orders 1-8
2026-09-10 03:49:55,653 INFO o.a.j.t.JMeterThread: Thread started: TCC orders 1-9
2026-09-10 03:49:55,653 INFO o.a.j.t.ThreadGroup: Started thread group number 1
2026-09-10 03:49:55,653 INFO o.a.j.e.StandardJMeterEngine: All thread groups have been started
2026-09-10 03:49:55,654 INFO o.a.j.t.JMeterThread: Thread started: TCC orders 1-10
2026-09-10 03:49:55,668 INFO o.a.j.p.h.s.HTTPHCAbstractImpl: Local host = pop-os
2026-09-10 03:49:55,674 INFO o.a.j.p.h.s.HTTPHC4Impl: HTTP request retry count = 0
2026-09-10 03:49:55,675 INFO o.a.j.s.SampleResult: Note: Sample TimeStamps are START times
2026-09-10 03:49:55,676 INFO o.a.j.s.SampleResult: sampleresult.default.encoding is set to UTF-8
2026-09-10 03:49:55,676 INFO o.a.j.s.SampleResult: sampleresult.useNanoTime=true
2026-09-10 03:49:55,676 INFO o.a.j.s.SampleResult: sampleresult.nanoThreadSleep=5000
2026-09-10 03:50:00,003 INFO o.a.j.r.Summariser: summary +    378 in 00:00:04 =   86.3/s Avg:    89 Min:    19 Max:   178 Err:     0 (0.00%) Active: 10 Started: 10 Finished: 0
2026-09-10 03:50:30,007 INFO o.a.j.r.Summariser: summary +   3417 in 00:00:30 =  113.9/s Avg:    87 Min:    80 Max:   109 Err:     0 (0.00%) Active: 10 Started: 10 Finished: 0
2026-09-10 03:50:30,007 INFO o.a.j.r.Summariser: summary =   3795 in 00:00:34 =  110.4/s Avg:    87 Min:    19 Max:   178 Err:     0 (0.00%)
2026-09-10 03:51:00,008 INFO o.a.j.r.Summariser: summary +   3461 in 00:00:30 =  115.4/s Avg:    86 Min:    80 Max:   101 Err:     0 (0.00%) Active: 10 Started: 10 Finished: 0
2026-09-10 03:51:00,008 INFO o.a.j.r.Summariser: summary =   7256 in 00:01:04 =  112.7/s Avg:    86 Min:    19 Max:   178 Err:     0 (0.00%)
2026-09-10 03:51:30,006 INFO o.a.j.r.Summariser: summary +   3463 in 00:00:30 =  115.4/s Avg:    86 Min:    81 Max:   112 Err:     0 (0.00%) Active: 10 Started: 10 Finished: 0
2026-09-10 03:51:30,007 INFO o.a.j.r.Summariser: summary =  10719 in 00:01:34 =  113.6/s Avg:    86 Min:    19 Max:   178 Err:     0 (0.00%)
2026-09-10 03:51:55,654 INFO o.a.j.t.JMeterThread: Stopping because end time detected by thread: TCC orders 1-8
2026-09-10 03:51:55,654 INFO o.a.j.t.JMeterThread: Thread finished: TCC orders 1-8
2026-09-10 03:51:55,663 INFO o.a.j.t.JMeterThread: Stopping because end time detected by thread: TCC orders 1-4
2026-09-10 03:51:55,663 INFO o.a.j.t.JMeterThread: Thread finished: TCC orders 1-4
2026-09-10 03:51:55,672 INFO o.a.j.t.JMeterThread: Stopping because end time detected by thread: TCC orders 1-10
2026-09-10 03:51:55,672 INFO o.a.j.t.JMeterThread: Thread finished: TCC orders 1-10
2026-09-10 03:51:55,680 INFO o.a.j.t.JMeterThread: Stopping because end time detected by thread: TCC orders 1-3
2026-09-10 03:51:55,680 INFO o.a.j.t.JMeterThread: Thread finished: TCC orders 1-3
2026-09-10 03:51:55,691 INFO o.a.j.t.JMeterThread: Stopping because end time detected by thread: TCC orders 1-1
2026-09-10 03:51:55,691 INFO o.a.j.t.JMeterThread: Thread finished: TCC orders 1-1
2026-09-10 03:51:55,699 INFO o.a.j.t.JMeterThread: Stopping because end time detected by thread: TCC orders 1-9
2026-09-10 03:51:55,699 INFO o.a.j.t.JMeterThread: Thread finished: TCC orders 1-9
2026-09-10 03:51:55,708 INFO o.a.j.t.JMeterThread: Stopping because end time detected by thread: TCC orders 1-5
2026-09-10 03:51:55,708 INFO o.a.j.t.JMeterThread: Thread finished: TCC orders 1-5
2026-09-10 03:51:55,716 INFO o.a.j.t.JMeterThread: Stopping because end time detected by thread: TCC orders 1-2
2026-09-10 03:51:55,717 INFO o.a.j.t.JMeterThread: Thread finished: TCC orders 1-2
2026-09-10 03:51:55,725 INFO o.a.j.t.JMeterThread: Stopping because end time detected by thread: TCC orders 1-6
2026-09-10 03:51:55,725 INFO o.a.j.t.JMeterThread: Thread finished: TCC orders 1-6
2026-09-10 03:51:55,733 INFO o.a.j.t.JMeterThread: Stopping because end time detected by thread: TCC orders 1-7
2026-09-10 03:51:55,733 INFO o.a.j.t.JMeterThread: Thread finished: TCC orders 1-7
2026-09-10 03:51:55,734 INFO o.a.j.e.StandardJMeterEngine: Notifying test listeners of end of test
2026-09-10 03:51:55,736 INFO o.a.j.r.Summariser: summary +   3003 in 00:00:26 =  116.7/s Avg:    85 Min:    80 Max:   111 Err:     0 (0.00%) Active: 0 Started: 10 Finished: 10
2026-09-10 03:51:55,737 INFO o.a.j.r.Summariser: summary =  13722 in 00:02:00 =  114.2/s Avg:    86 Min:    19 Max:   178 Err:     0 (0.00%)
