2026-09-10 06:59:28,456 INFO o.a.j.u.JMeterUtils: Setting Locale to en_EN
2026-09-10 06:59:28,471 INFO o.a.j.JMeter: Loading user properties from: /home/avituo/projects/tcc/tcc-container/.tools/apache-jmeter-5.6.3/bin/user.properties
2026-09-10 06:59:28,472 INFO o.a.j.JMeter: Loading system properties from: /home/avituo/projects/tcc/tcc-container/.tools/apache-jmeter-5.6.3/bin/system.properties
2026-09-10 06:59:28,472 INFO o.a.j.JMeter: Loading additional properties from: /home/avituo/projects/tcc/tcc-container/benchmark/jmeter/benchmark.properties
2026-09-10 06:59:28,472 INFO o.a.j.JMeter: Loading additional properties from: /tmp/tcc-benchmark-auth.llK8FW/auth.properties
2026-09-10 06:59:28,472 INFO o.a.j.JMeter: Setting JMeter property: threads=50
2026-09-10 06:59:28,472 INFO o.a.j.JMeter: Setting JMeter property: duration_seconds=30
2026-09-10 06:59:28,472 INFO o.a.j.JMeter: Setting JMeter property: target_host=localhost
2026-09-10 06:59:28,472 INFO o.a.j.JMeter: Setting JMeter property: target_port=18080
2026-09-10 06:59:28,472 INFO o.a.j.JMeter: Setting JMeter property: tcc.order.id=20000000-0000-4000-8000-000000000001
2026-09-10 06:59:28,472 INFO o.a.j.JMeter: Setting JMeter property: repetition=2
2026-09-10 06:59:28,478 INFO o.a.j.JMeter: Copyright (c) 1998-2024 The Apache Software Foundation
2026-09-10 06:59:28,479 INFO o.a.j.JMeter: Version 5.6.3
2026-09-10 06:59:28,479 INFO o.a.j.JMeter: java.version=21.0.11
2026-09-10 06:59:28,479 INFO o.a.j.JMeter: java.vm.name=OpenJDK 64-Bit Server VM
2026-09-10 06:59:28,479 INFO o.a.j.JMeter: os.name=Linux
2026-09-10 06:59:28,479 INFO o.a.j.JMeter: os.arch=amd64
2026-09-10 06:59:28,479 INFO o.a.j.JMeter: os.version=7.0.11-76070011-generic
2026-09-10 06:59:28,479 INFO o.a.j.JMeter: file.encoding=UTF-8
2026-09-10 06:59:28,479 INFO o.a.j.JMeter: java.awt.headless=true
2026-09-10 06:59:28,479 INFO o.a.j.JMeter: Max memory     =1073741824
2026-09-10 06:59:28,479 INFO o.a.j.JMeter: Available Processors =16
2026-09-10 06:59:28,488 INFO o.a.j.JMeter: Default Locale=English (EN)
2026-09-10 06:59:28,488 INFO o.a.j.JMeter: JMeter  Locale=English (EN)
2026-09-10 06:59:28,488 INFO o.a.j.JMeter: JMeterHome=/home/avituo/projects/tcc/tcc-container/.tools/apache-jmeter-5.6.3
2026-09-10 06:59:28,488 INFO o.a.j.JMeter: user.dir  =/home/avituo/projects/tcc/tcc-container
2026-09-10 06:59:28,488 INFO o.a.j.JMeter: PWD       =/home/avituo/projects/tcc/tcc-container
2026-09-10 06:59:28,496 INFO o.a.j.JMeter: IP: 192.168.1.16 Name: pop-os FullName: pop-os.home
2026-09-10 06:59:28,508 INFO o.a.j.s.FileServer: Default base='/home/avituo/projects/tcc/tcc-container'
2026-09-10 06:59:28,510 INFO o.a.j.s.FileServer: Set new base='/home/avituo/projects/tcc/tcc-container/benchmark/jmeter'
2026-09-10 06:59:28,680 INFO o.a.j.s.SaveService: Testplan (JMX) version: 2.2. Testlog (JTL) version: 2.2
2026-09-10 06:59:28,706 INFO o.a.j.s.SaveService: Using SaveService properties version 5.0
2026-09-10 06:59:28,709 INFO o.a.j.s.SaveService: Using SaveService properties file encoding UTF-8
2026-09-10 06:59:28,713 INFO o.a.j.s.SaveService: Loading file: /home/avituo/projects/tcc/tcc-container/benchmark/jmeter/tcc-order-show-v1.jmx
2026-09-10 06:59:28,761 INFO o.a.j.p.h.s.HTTPSamplerBase: Parser for text/html is org.apache.jmeter.protocol.http.parser.LagartoBasedHtmlParser
2026-09-10 06:59:28,761 INFO o.a.j.p.h.s.HTTPSamplerBase: Parser for application/xhtml+xml is org.apache.jmeter.protocol.http.parser.LagartoBasedHtmlParser
2026-09-10 06:59:28,761 INFO o.a.j.p.h.s.HTTPSamplerBase: Parser for application/xml is org.apache.jmeter.protocol.http.parser.LagartoBasedHtmlParser
2026-09-10 06:59:28,762 INFO o.a.j.p.h.s.HTTPSamplerBase: Parser for text/xml is org.apache.jmeter.protocol.http.parser.LagartoBasedHtmlParser
2026-09-10 06:59:28,762 INFO o.a.j.p.h.s.HTTPSamplerBase: Parser for text/vnd.wap.wml is org.apache.jmeter.protocol.http.parser.RegexpHTMLParser
2026-09-10 06:59:28,762 INFO o.a.j.p.h.s.HTTPSamplerBase: Parser for text/css is org.apache.jmeter.protocol.http.parser.CssParser
2026-09-10 06:59:28,789 INFO o.a.j.JMeter: Creating summariser <summary>
2026-09-10 06:59:28,808 INFO o.a.j.e.StandardJMeterEngine: Running the test!
2026-09-10 06:59:28,809 INFO o.a.j.s.SampleEvent: List of sample_variables: []
2026-09-10 06:59:28,809 INFO o.a.j.s.SampleEvent: List of sample_variables: []
2026-09-10 06:59:28,814 INFO o.a.j.e.u.CompoundVariable: Note: Function class names must contain the string: '.functions.'
2026-09-10 06:59:28,814 INFO o.a.j.e.u.CompoundVariable: Note: Function class names must not contain the string: '.gui.'
2026-09-10 06:59:29,057 INFO o.a.j.JMeter: Running test (1789034369057)
2026-09-10 06:59:29,078 INFO o.a.j.e.StandardJMeterEngine: Starting ThreadGroup: 1 : TCC order-show
2026-09-10 06:59:29,079 INFO o.a.j.e.StandardJMeterEngine: Starting 50 threads for group TCC order-show.
2026-09-10 06:59:29,079 INFO o.a.j.e.StandardJMeterEngine: Thread will continue on error
2026-09-10 06:59:29,079 INFO o.a.j.t.ThreadGroup: Starting thread group... number=1 threads=50 ramp-up=0 delayedStart=false
2026-09-10 06:59:29,085 INFO o.a.j.t.JMeterThread: Thread started: TCC order-show 1-3
2026-09-10 06:59:29,085 INFO o.a.j.t.JMeterThread: Thread started: TCC order-show 1-2
2026-09-10 06:59:29,085 INFO o.a.j.t.JMeterThread: Thread started: TCC order-show 1-1
2026-09-10 06:59:29,086 INFO o.a.j.t.JMeterThread: Thread started: TCC order-show 1-4
2026-09-10 06:59:29,086 INFO o.a.j.t.JMeterThread: Thread started: TCC order-show 1-6
2026-09-10 06:59:29,085 INFO o.a.j.t.JMeterThread: Thread started: TCC order-show 1-5
2026-09-10 06:59:29,087 INFO o.a.j.t.JMeterThread: Thread started: TCC order-show 1-7
2026-09-10 06:59:29,087 INFO o.a.j.t.JMeterThread: Thread started: TCC order-show 1-8
2026-09-10 06:59:29,088 INFO o.a.j.t.JMeterThread: Thread started: TCC order-show 1-9
2026-09-10 06:59:29,088 INFO o.a.j.t.JMeterThread: Thread started: TCC order-show 1-10
2026-09-10 06:59:29,089 INFO o.a.j.t.JMeterThread: Thread started: TCC order-show 1-11
2026-09-10 06:59:29,090 INFO o.a.j.t.JMeterThread: Thread started: TCC order-show 1-12
2026-09-10 06:59:29,092 INFO o.a.j.t.JMeterThread: Thread started: TCC order-show 1-13
2026-09-10 06:59:29,092 INFO o.a.j.t.JMeterThread: Thread started: TCC order-show 1-14
2026-09-10 06:59:29,093 INFO o.a.j.t.JMeterThread: Thread started: TCC order-show 1-15
2026-09-10 06:59:29,095 INFO o.a.j.t.JMeterThread: Thread started: TCC order-show 1-16
2026-09-10 06:59:29,095 INFO o.a.j.t.JMeterThread: Thread started: TCC order-show 1-17
2026-09-10 06:59:29,096 INFO o.a.j.t.JMeterThread: Thread started: TCC order-show 1-18
2026-09-10 06:59:29,097 INFO o.a.j.t.JMeterThread: Thread started: TCC order-show 1-19
2026-09-10 06:59:29,098 INFO o.a.j.t.JMeterThread: Thread started: TCC order-show 1-20
2026-09-10 06:59:29,099 INFO o.a.j.t.JMeterThread: Thread started: TCC order-show 1-21
2026-09-10 06:59:29,099 INFO o.a.j.t.JMeterThread: Thread started: TCC order-show 1-22
2026-09-10 06:59:29,100 INFO o.a.j.t.JMeterThread: Thread started: TCC order-show 1-23
2026-09-10 06:59:29,101 INFO o.a.j.t.JMeterThread: Thread started: TCC order-show 1-24
2026-09-10 06:59:29,101 INFO o.a.j.t.JMeterThread: Thread started: TCC order-show 1-25
2026-09-10 06:59:29,102 INFO o.a.j.t.JMeterThread: Thread started: TCC order-show 1-26
2026-09-10 06:59:29,102 INFO o.a.j.t.JMeterThread: Thread started: TCC order-show 1-27
2026-09-10 06:59:29,103 INFO o.a.j.t.JMeterThread: Thread started: TCC order-show 1-28
2026-09-10 06:59:29,103 INFO o.a.j.t.JMeterThread: Thread started: TCC order-show 1-29
2026-09-10 06:59:29,104 INFO o.a.j.t.JMeterThread: Thread started: TCC order-show 1-30
2026-09-10 06:59:29,104 INFO o.a.j.t.JMeterThread: Thread started: TCC order-show 1-31
2026-09-10 06:59:29,105 INFO o.a.j.t.JMeterThread: Thread started: TCC order-show 1-32
2026-09-10 06:59:29,105 INFO o.a.j.t.JMeterThread: Thread started: TCC order-show 1-33
2026-09-10 06:59:29,106 INFO o.a.j.t.JMeterThread: Thread started: TCC order-show 1-34
2026-09-10 06:59:29,106 INFO o.a.j.t.JMeterThread: Thread started: TCC order-show 1-35
2026-09-10 06:59:29,107 INFO o.a.j.t.JMeterThread: Thread started: TCC order-show 1-36
2026-09-10 06:59:29,107 INFO o.a.j.t.JMeterThread: Thread started: TCC order-show 1-37
2026-09-10 06:59:29,108 INFO o.a.j.t.JMeterThread: Thread started: TCC order-show 1-38
2026-09-10 06:59:29,108 INFO o.a.j.p.h.s.HTTPHCAbstractImpl: Local host = pop-os
2026-09-10 06:59:29,108 INFO o.a.j.t.JMeterThread: Thread started: TCC order-show 1-39
2026-09-10 06:59:29,109 INFO o.a.j.t.JMeterThread: Thread started: TCC order-show 1-40
2026-09-10 06:59:29,109 INFO o.a.j.t.JMeterThread: Thread started: TCC order-show 1-41
2026-09-10 06:59:29,110 INFO o.a.j.t.JMeterThread: Thread started: TCC order-show 1-42
2026-09-10 06:59:29,111 INFO o.a.j.t.JMeterThread: Thread started: TCC order-show 1-44
2026-09-10 06:59:29,111 INFO o.a.j.t.JMeterThread: Thread started: TCC order-show 1-43
2026-09-10 06:59:29,111 INFO o.a.j.t.JMeterThread: Thread started: TCC order-show 1-45
2026-09-10 06:59:29,112 INFO o.a.j.t.JMeterThread: Thread started: TCC order-show 1-46
2026-09-10 06:59:29,112 INFO o.a.j.t.JMeterThread: Thread started: TCC order-show 1-47
2026-09-10 06:59:29,113 INFO o.a.j.t.JMeterThread: Thread started: TCC order-show 1-48
2026-09-10 06:59:29,113 INFO o.a.j.t.JMeterThread: Thread started: TCC order-show 1-49
2026-09-10 06:59:29,113 INFO o.a.j.t.ThreadGroup: Started thread group number 1
2026-09-10 06:59:29,113 INFO o.a.j.e.StandardJMeterEngine: All thread groups have been started
2026-09-10 06:59:29,113 INFO o.a.j.t.JMeterThread: Thread started: TCC order-show 1-50
2026-09-10 06:59:29,116 INFO o.a.j.p.h.s.HTTPHC4Impl: HTTP request retry count = 0
2026-09-10 06:59:29,117 INFO o.a.j.s.SampleResult: Note: Sample TimeStamps are START times
2026-09-10 06:59:29,118 INFO o.a.j.s.SampleResult: sampleresult.default.encoding is set to UTF-8
2026-09-10 06:59:29,118 INFO o.a.j.s.SampleResult: sampleresult.useNanoTime=true
2026-09-10 06:59:29,118 INFO o.a.j.s.SampleResult: sampleresult.nanoThreadSleep=5000
2026-09-10 06:59:30,348 INFO o.a.j.r.Summariser: summary +      1 in 00:00:01 =    0.8/s Avg:   260 Min:   260 Max:   260 Err:     0 (0.00%) Active: 50 Started: 50 Finished: 0
2026-09-10 06:59:59,088 INFO o.a.j.t.JMeterThread: Stopping because end time detected by thread: TCC order-show 1-1
2026-09-10 06:59:59,089 INFO o.a.j.t.JMeterThread: Thread finished: TCC order-show 1-1
2026-09-10 06:59:59,109 INFO o.a.j.t.JMeterThread: Stopping because end time detected by thread: TCC order-show 1-8
2026-09-10 06:59:59,109 INFO o.a.j.t.JMeterThread: Thread finished: TCC order-show 1-8
2026-09-10 06:59:59,116 INFO o.a.j.t.JMeterThread: Stopping because end time detected by thread: TCC order-show 1-45
2026-09-10 06:59:59,117 INFO o.a.j.t.JMeterThread: Thread finished: TCC order-show 1-45
2026-09-10 06:59:59,123 INFO o.a.j.t.JMeterThread: Stopping because end time detected by thread: TCC order-show 1-35
2026-09-10 06:59:59,123 INFO o.a.j.t.JMeterThread: Thread finished: TCC order-show 1-35
2026-09-10 06:59:59,130 INFO o.a.j.t.JMeterThread: Stopping because end time detected by thread: TCC order-show 1-13
2026-09-10 06:59:59,131 INFO o.a.j.t.JMeterThread: Thread finished: TCC order-show 1-13
2026-09-10 06:59:59,138 INFO o.a.j.t.JMeterThread: Stopping because end time detected by thread: TCC order-show 1-28
2026-09-10 06:59:59,138 INFO o.a.j.t.JMeterThread: Thread finished: TCC order-show 1-28
2026-09-10 06:59:59,145 INFO o.a.j.t.JMeterThread: Stopping because end time detected by thread: TCC order-show 1-25
2026-09-10 06:59:59,145 INFO o.a.j.t.JMeterThread: Thread finished: TCC order-show 1-25
2026-09-10 06:59:59,152 INFO o.a.j.t.JMeterThread: Stopping because end time detected by thread: TCC order-show 1-40
2026-09-10 06:59:59,152 INFO o.a.j.t.JMeterThread: Thread finished: TCC order-show 1-40
2026-09-10 06:59:59,159 INFO o.a.j.t.JMeterThread: Stopping because end time detected by thread: TCC order-show 1-9
2026-09-10 06:59:59,159 INFO o.a.j.t.JMeterThread: Thread finished: TCC order-show 1-9
2026-09-10 06:59:59,167 INFO o.a.j.t.JMeterThread: Stopping because end time detected by thread: TCC order-show 1-44
2026-09-10 06:59:59,167 INFO o.a.j.t.JMeterThread: Thread finished: TCC order-show 1-44
2026-09-10 06:59:59,174 INFO o.a.j.t.JMeterThread: Stopping because end time detected by thread: TCC order-show 1-30
2026-09-10 06:59:59,174 INFO o.a.j.t.JMeterThread: Thread finished: TCC order-show 1-30
2026-09-10 06:59:59,181 INFO o.a.j.t.JMeterThread: Stopping because end time detected by thread: TCC order-show 1-43
2026-09-10 06:59:59,181 INFO o.a.j.t.JMeterThread: Thread finished: TCC order-show 1-43
2026-09-10 06:59:59,189 INFO o.a.j.t.JMeterThread: Stopping because end time detected by thread: TCC order-show 1-23
2026-09-10 06:59:59,189 INFO o.a.j.t.JMeterThread: Thread finished: TCC order-show 1-23
2026-09-10 06:59:59,196 INFO o.a.j.t.JMeterThread: Stopping because end time detected by thread: TCC order-show 1-21
2026-09-10 06:59:59,196 INFO o.a.j.t.JMeterThread: Thread finished: TCC order-show 1-21
2026-09-10 06:59:59,203 INFO o.a.j.t.JMeterThread: Stopping because end time detected by thread: TCC order-show 1-29
2026-09-10 06:59:59,203 INFO o.a.j.t.JMeterThread: Thread finished: TCC order-show 1-29
2026-09-10 06:59:59,210 INFO o.a.j.t.JMeterThread: Stopping because end time detected by thread: TCC order-show 1-39
2026-09-10 06:59:59,210 INFO o.a.j.t.JMeterThread: Thread finished: TCC order-show 1-39
2026-09-10 06:59:59,217 INFO o.a.j.t.JMeterThread: Stopping because end time detected by thread: TCC order-show 1-4
2026-09-10 06:59:59,217 INFO o.a.j.t.JMeterThread: Thread finished: TCC order-show 1-4
2026-09-10 06:59:59,224 INFO o.a.j.t.JMeterThread: Stopping because end time detected by thread: TCC order-show 1-3
2026-09-10 06:59:59,224 INFO o.a.j.t.JMeterThread: Thread finished: TCC order-show 1-3
2026-09-10 06:59:59,231 INFO o.a.j.t.JMeterThread: Stopping because end time detected by thread: TCC order-show 1-47
2026-09-10 06:59:59,231 INFO o.a.j.t.JMeterThread: Thread finished: TCC order-show 1-47
2026-09-10 06:59:59,238 INFO o.a.j.t.JMeterThread: Stopping because end time detected by thread: TCC order-show 1-31
2026-09-10 06:59:59,238 INFO o.a.j.t.JMeterThread: Thread finished: TCC order-show 1-31
2026-09-10 06:59:59,245 INFO o.a.j.t.JMeterThread: Stopping because end time detected by thread: TCC order-show 1-37
2026-09-10 06:59:59,245 INFO o.a.j.t.JMeterThread: Thread finished: TCC order-show 1-37
2026-09-10 06:59:59,252 INFO o.a.j.t.JMeterThread: Stopping because end time detected by thread: TCC order-show 1-11
2026-09-10 06:59:59,253 INFO o.a.j.t.JMeterThread: Thread finished: TCC order-show 1-11
2026-09-10 06:59:59,260 INFO o.a.j.t.JMeterThread: Stopping because end time detected by thread: TCC order-show 1-48
2026-09-10 06:59:59,260 INFO o.a.j.t.JMeterThread: Thread finished: TCC order-show 1-48
2026-09-10 06:59:59,267 INFO o.a.j.t.JMeterThread: Stopping because end time detected by thread: TCC order-show 1-26
2026-09-10 06:59:59,267 INFO o.a.j.t.JMeterThread: Thread finished: TCC order-show 1-26
2026-09-10 06:59:59,274 INFO o.a.j.t.JMeterThread: Stopping because end time detected by thread: TCC order-show 1-36
2026-09-10 06:59:59,275 INFO o.a.j.t.JMeterThread: Thread finished: TCC order-show 1-36
2026-09-10 06:59:59,282 INFO o.a.j.t.JMeterThread: Stopping because end time detected by thread: TCC order-show 1-19
2026-09-10 06:59:59,282 INFO o.a.j.t.JMeterThread: Thread finished: TCC order-show 1-19
2026-09-10 06:59:59,289 INFO o.a.j.t.JMeterThread: Stopping because end time detected by thread: TCC order-show 1-49
2026-09-10 06:59:59,290 INFO o.a.j.t.JMeterThread: Thread finished: TCC order-show 1-49
2026-09-10 06:59:59,296 INFO o.a.j.t.JMeterThread: Stopping because end time detected by thread: TCC order-show 1-22
2026-09-10 06:59:59,297 INFO o.a.j.t.JMeterThread: Thread finished: TCC order-show 1-22
2026-09-10 06:59:59,305 INFO o.a.j.t.JMeterThread: Stopping because end time detected by thread: TCC order-show 1-6
2026-09-10 06:59:59,305 INFO o.a.j.t.JMeterThread: Thread finished: TCC order-show 1-6
2026-09-10 06:59:59,311 INFO o.a.j.t.JMeterThread: Stopping because end time detected by thread: TCC order-show 1-41
2026-09-10 06:59:59,311 INFO o.a.j.t.JMeterThread: Thread finished: TCC order-show 1-41
2026-09-10 06:59:59,318 INFO o.a.j.t.JMeterThread: Stopping because end time detected by thread: TCC order-show 1-14
2026-09-10 06:59:59,318 INFO o.a.j.t.JMeterThread: Thread finished: TCC order-show 1-14
2026-09-10 06:59:59,325 INFO o.a.j.t.JMeterThread: Stopping because end time detected by thread: TCC order-show 1-33
2026-09-10 06:59:59,325 INFO o.a.j.t.JMeterThread: Thread finished: TCC order-show 1-33
2026-09-10 06:59:59,333 INFO o.a.j.t.JMeterThread: Stopping because end time detected by thread: TCC order-show 1-12
2026-09-10 06:59:59,333 INFO o.a.j.t.JMeterThread: Thread finished: TCC order-show 1-12
2026-09-10 06:59:59,340 INFO o.a.j.t.JMeterThread: Stopping because end time detected by thread: TCC order-show 1-46
2026-09-10 06:59:59,341 INFO o.a.j.t.JMeterThread: Thread finished: TCC order-show 1-46
2026-09-10 06:59:59,348 INFO o.a.j.t.JMeterThread: Stopping because end time detected by thread: TCC order-show 1-32
2026-09-10 06:59:59,348 INFO o.a.j.t.JMeterThread: Thread finished: TCC order-show 1-32
2026-09-10 06:59:59,355 INFO o.a.j.t.JMeterThread: Stopping because end time detected by thread: TCC order-show 1-50
2026-09-10 06:59:59,355 INFO o.a.j.t.JMeterThread: Thread finished: TCC order-show 1-50
2026-09-10 06:59:59,362 INFO o.a.j.t.JMeterThread: Stopping because end time detected by thread: TCC order-show 1-20
2026-09-10 06:59:59,363 INFO o.a.j.t.JMeterThread: Thread finished: TCC order-show 1-20
2026-09-10 06:59:59,370 INFO o.a.j.t.JMeterThread: Stopping because end time detected by thread: TCC order-show 1-38
2026-09-10 06:59:59,370 INFO o.a.j.t.JMeterThread: Thread finished: TCC order-show 1-38
2026-09-10 06:59:59,377 INFO o.a.j.t.JMeterThread: Stopping because end time detected by thread: TCC order-show 1-2
2026-09-10 06:59:59,378 INFO o.a.j.t.JMeterThread: Thread finished: TCC order-show 1-2
2026-09-10 06:59:59,385 INFO o.a.j.t.JMeterThread: Stopping because end time detected by thread: TCC order-show 1-7
2026-09-10 06:59:59,385 INFO o.a.j.t.JMeterThread: Thread finished: TCC order-show 1-7
2026-09-10 06:59:59,392 INFO o.a.j.t.JMeterThread: Stopping because end time detected by thread: TCC order-show 1-15
2026-09-10 06:59:59,392 INFO o.a.j.t.JMeterThread: Thread finished: TCC order-show 1-15
2026-09-10 06:59:59,399 INFO o.a.j.t.JMeterThread: Stopping because end time detected by thread: TCC order-show 1-17
2026-09-10 06:59:59,400 INFO o.a.j.t.JMeterThread: Thread finished: TCC order-show 1-17
2026-09-10 06:59:59,407 INFO o.a.j.t.JMeterThread: Stopping because end time detected by thread: TCC order-show 1-5
2026-09-10 06:59:59,407 INFO o.a.j.t.JMeterThread: Thread finished: TCC order-show 1-5
2026-09-10 06:59:59,416 INFO o.a.j.t.JMeterThread: Stopping because end time detected by thread: TCC order-show 1-18
2026-09-10 06:59:59,416 INFO o.a.j.t.JMeterThread: Thread finished: TCC order-show 1-18
2026-09-10 06:59:59,424 INFO o.a.j.t.JMeterThread: Stopping because end time detected by thread: TCC order-show 1-16
2026-09-10 06:59:59,425 INFO o.a.j.t.JMeterThread: Thread finished: TCC order-show 1-16
2026-09-10 06:59:59,432 INFO o.a.j.t.JMeterThread: Stopping because end time detected by thread: TCC order-show 1-34
2026-09-10 06:59:59,432 INFO o.a.j.t.JMeterThread: Thread finished: TCC order-show 1-34
2026-09-10 06:59:59,439 INFO o.a.j.t.JMeterThread: Stopping because end time detected by thread: TCC order-show 1-27
2026-09-10 06:59:59,439 INFO o.a.j.t.JMeterThread: Thread finished: TCC order-show 1-27
2026-09-10 06:59:59,446 INFO o.a.j.t.JMeterThread: Stopping because end time detected by thread: TCC order-show 1-10
2026-09-10 06:59:59,446 INFO o.a.j.t.JMeterThread: Thread finished: TCC order-show 1-10
2026-09-10 06:59:59,453 INFO o.a.j.t.JMeterThread: Stopping because end time detected by thread: TCC order-show 1-24
2026-09-10 06:59:59,453 INFO o.a.j.t.JMeterThread: Thread finished: TCC order-show 1-24
2026-09-10 06:59:59,459 INFO o.a.j.t.JMeterThread: Stopping because end time detected by thread: TCC order-show 1-42
2026-09-10 06:59:59,460 INFO o.a.j.t.JMeterThread: Thread finished: TCC order-show 1-42
2026-09-10 06:59:59,460 INFO o.a.j.e.StandardJMeterEngine: Notifying test listeners of end of test
2026-09-10 06:59:59,463 INFO o.a.j.r.Summariser: summary +   3925 in 00:00:29 =  134.8/s Avg:   373 Min:    43 Max:   740 Err:     0 (0.00%) Active: 0 Started: 50 Finished: 50
2026-09-10 06:59:59,463 INFO o.a.j.r.Summariser: summary =   3926 in 00:00:30 =  129.1/s Avg:   373 Min:    43 Max:   740 Err:     0 (0.00%)
