2026-09-10 06:56:22,278 INFO o.a.j.u.JMeterUtils: Setting Locale to en_EN
2026-09-10 06:56:22,296 INFO o.a.j.JMeter: Loading user properties from: /home/avituo/projects/tcc/tcc-container/.tools/apache-jmeter-5.6.3/bin/user.properties
2026-09-10 06:56:22,296 INFO o.a.j.JMeter: Loading system properties from: /home/avituo/projects/tcc/tcc-container/.tools/apache-jmeter-5.6.3/bin/system.properties
2026-09-10 06:56:22,297 INFO o.a.j.JMeter: Loading additional properties from: /home/avituo/projects/tcc/tcc-container/benchmark/jmeter/benchmark.properties
2026-09-10 06:56:22,297 INFO o.a.j.JMeter: Loading additional properties from: /tmp/tcc-benchmark-auth.s2qIsr/auth.properties
2026-09-10 06:56:22,297 INFO o.a.j.JMeter: Loading additional properties from: /home/avituo/projects/tcc/tcc-container/benchmark/results/laravel-13.20.0/final/order-show/c50/r1/microservices/thread-counters.properties
2026-09-10 06:56:22,297 INFO o.a.j.JMeter: Setting JMeter property: threads=50
2026-09-10 06:56:22,297 INFO o.a.j.JMeter: Setting JMeter property: duration_seconds=120
2026-09-10 06:56:22,297 INFO o.a.j.JMeter: Setting JMeter property: target_host=localhost
2026-09-10 06:56:22,297 INFO o.a.j.JMeter: Setting JMeter property: target_port=18080
2026-09-10 06:56:22,297 INFO o.a.j.JMeter: Setting JMeter property: tcc.order.id=20000000-0000-4000-8000-000000000001
2026-09-10 06:56:22,297 INFO o.a.j.JMeter: Setting JMeter property: repetition=1
2026-09-10 06:56:22,305 INFO o.a.j.JMeter: Copyright (c) 1998-2024 The Apache Software Foundation
2026-09-10 06:56:22,305 INFO o.a.j.JMeter: Version 5.6.3
2026-09-10 06:56:22,305 INFO o.a.j.JMeter: java.version=21.0.11
2026-09-10 06:56:22,306 INFO o.a.j.JMeter: java.vm.name=OpenJDK 64-Bit Server VM
2026-09-10 06:56:22,306 INFO o.a.j.JMeter: os.name=Linux
2026-09-10 06:56:22,306 INFO o.a.j.JMeter: os.arch=amd64
2026-09-10 06:56:22,306 INFO o.a.j.JMeter: os.version=7.0.11-76070011-generic
2026-09-10 06:56:22,306 INFO o.a.j.JMeter: file.encoding=UTF-8
2026-09-10 06:56:22,306 INFO o.a.j.JMeter: java.awt.headless=true
2026-09-10 06:56:22,306 INFO o.a.j.JMeter: Max memory     =1073741824
2026-09-10 06:56:22,306 INFO o.a.j.JMeter: Available Processors =16
2026-09-10 06:56:22,314 INFO o.a.j.JMeter: Default Locale=English (EN)
2026-09-10 06:56:22,315 INFO o.a.j.JMeter: JMeter  Locale=English (EN)
2026-09-10 06:56:22,315 INFO o.a.j.JMeter: JMeterHome=/home/avituo/projects/tcc/tcc-container/.tools/apache-jmeter-5.6.3
2026-09-10 06:56:22,315 INFO o.a.j.JMeter: user.dir  =/home/avituo/projects/tcc/tcc-container
2026-09-10 06:56:22,315 INFO o.a.j.JMeter: PWD       =/home/avituo/projects/tcc/tcc-container
2026-09-10 06:56:22,326 INFO o.a.j.JMeter: IP: 192.168.1.16 Name: pop-os FullName: pop-os.home
2026-09-10 06:56:22,338 INFO o.a.j.s.FileServer: Default base='/home/avituo/projects/tcc/tcc-container'
2026-09-10 06:56:22,339 INFO o.a.j.s.FileServer: Set new base='/home/avituo/projects/tcc/tcc-container/benchmark/jmeter'
2026-09-10 06:56:22,506 INFO o.a.j.s.SaveService: Testplan (JMX) version: 2.2. Testlog (JTL) version: 2.2
2026-09-10 06:56:22,530 INFO o.a.j.s.SaveService: Using SaveService properties version 5.0
2026-09-10 06:56:22,533 INFO o.a.j.s.SaveService: Using SaveService properties file encoding UTF-8
2026-09-10 06:56:22,537 INFO o.a.j.s.SaveService: Loading file: /home/avituo/projects/tcc/tcc-container/benchmark/jmeter/tcc-order-show-v1.jmx
2026-09-10 06:56:22,586 INFO o.a.j.p.h.s.HTTPSamplerBase: Parser for text/html is org.apache.jmeter.protocol.http.parser.LagartoBasedHtmlParser
2026-09-10 06:56:22,586 INFO o.a.j.p.h.s.HTTPSamplerBase: Parser for application/xhtml+xml is org.apache.jmeter.protocol.http.parser.LagartoBasedHtmlParser
2026-09-10 06:56:22,586 INFO o.a.j.p.h.s.HTTPSamplerBase: Parser for application/xml is org.apache.jmeter.protocol.http.parser.LagartoBasedHtmlParser
2026-09-10 06:56:22,586 INFO o.a.j.p.h.s.HTTPSamplerBase: Parser for text/xml is org.apache.jmeter.protocol.http.parser.LagartoBasedHtmlParser
2026-09-10 06:56:22,586 INFO o.a.j.p.h.s.HTTPSamplerBase: Parser for text/vnd.wap.wml is org.apache.jmeter.protocol.http.parser.RegexpHTMLParser
2026-09-10 06:56:22,587 INFO o.a.j.p.h.s.HTTPSamplerBase: Parser for text/css is org.apache.jmeter.protocol.http.parser.CssParser
2026-09-10 06:56:22,618 INFO o.a.j.JMeter: Creating summariser <summary>
2026-09-10 06:56:22,642 INFO o.a.j.e.StandardJMeterEngine: Running the test!
2026-09-10 06:56:22,643 INFO o.a.j.s.SampleEvent: List of sample_variables: []
2026-09-10 06:56:22,643 INFO o.a.j.s.SampleEvent: List of sample_variables: []
2026-09-10 06:56:22,647 INFO o.a.j.e.u.CompoundVariable: Note: Function class names must contain the string: '.functions.'
2026-09-10 06:56:22,647 INFO o.a.j.e.u.CompoundVariable: Note: Function class names must not contain the string: '.gui.'
2026-09-10 06:56:22,899 INFO o.a.j.JMeter: Running test (1789034182899)
2026-09-10 06:56:22,923 INFO o.a.j.e.StandardJMeterEngine: Starting ThreadGroup: 1 : TCC order-show
2026-09-10 06:56:22,923 INFO o.a.j.e.StandardJMeterEngine: Starting 50 threads for group TCC order-show.
2026-09-10 06:56:22,923 INFO o.a.j.e.StandardJMeterEngine: Thread will continue on error
2026-09-10 06:56:22,923 INFO o.a.j.t.ThreadGroup: Starting thread group... number=1 threads=50 ramp-up=0 delayedStart=false
2026-09-10 06:56:22,931 INFO o.a.j.t.JMeterThread: Thread started: TCC order-show 1-4
2026-09-10 06:56:22,931 INFO o.a.j.t.JMeterThread: Thread started: TCC order-show 1-3
2026-09-10 06:56:22,931 INFO o.a.j.t.JMeterThread: Thread started: TCC order-show 1-7
2026-09-10 06:56:22,931 INFO o.a.j.t.JMeterThread: Thread started: TCC order-show 1-5
2026-09-10 06:56:22,931 INFO o.a.j.t.JMeterThread: Thread started: TCC order-show 1-6
2026-09-10 06:56:22,931 INFO o.a.j.t.JMeterThread: Thread started: TCC order-show 1-2
2026-09-10 06:56:22,931 INFO o.a.j.t.JMeterThread: Thread started: TCC order-show 1-1
2026-09-10 06:56:22,932 INFO o.a.j.t.JMeterThread: Thread started: TCC order-show 1-8
2026-09-10 06:56:22,933 INFO o.a.j.t.JMeterThread: Thread started: TCC order-show 1-9
2026-09-10 06:56:22,933 INFO o.a.j.t.JMeterThread: Thread started: TCC order-show 1-10
2026-09-10 06:56:22,934 INFO o.a.j.t.JMeterThread: Thread started: TCC order-show 1-11
2026-09-10 06:56:22,935 INFO o.a.j.t.JMeterThread: Thread started: TCC order-show 1-12
2026-09-10 06:56:22,935 INFO o.a.j.t.JMeterThread: Thread started: TCC order-show 1-13
2026-09-10 06:56:22,936 INFO o.a.j.t.JMeterThread: Thread started: TCC order-show 1-14
2026-09-10 06:56:22,937 INFO o.a.j.t.JMeterThread: Thread started: TCC order-show 1-15
2026-09-10 06:56:22,940 INFO o.a.j.t.JMeterThread: Thread started: TCC order-show 1-16
2026-09-10 06:56:22,940 INFO o.a.j.t.JMeterThread: Thread started: TCC order-show 1-17
2026-09-10 06:56:22,941 INFO o.a.j.t.JMeterThread: Thread started: TCC order-show 1-18
2026-09-10 06:56:22,943 INFO o.a.j.t.JMeterThread: Thread started: TCC order-show 1-19
2026-09-10 06:56:22,943 INFO o.a.j.t.JMeterThread: Thread started: TCC order-show 1-20
2026-09-10 06:56:22,944 INFO o.a.j.t.JMeterThread: Thread started: TCC order-show 1-21
2026-09-10 06:56:22,944 INFO o.a.j.t.JMeterThread: Thread started: TCC order-show 1-22
2026-09-10 06:56:22,945 INFO o.a.j.t.JMeterThread: Thread started: TCC order-show 1-23
2026-09-10 06:56:22,946 INFO o.a.j.t.JMeterThread: Thread started: TCC order-show 1-24
2026-09-10 06:56:22,947 INFO o.a.j.t.JMeterThread: Thread started: TCC order-show 1-25
2026-09-10 06:56:22,947 INFO o.a.j.t.JMeterThread: Thread started: TCC order-show 1-26
2026-09-10 06:56:22,948 INFO o.a.j.t.JMeterThread: Thread started: TCC order-show 1-27
2026-09-10 06:56:22,948 INFO o.a.j.t.JMeterThread: Thread started: TCC order-show 1-28
2026-09-10 06:56:22,949 INFO o.a.j.t.JMeterThread: Thread started: TCC order-show 1-29
2026-09-10 06:56:22,949 INFO o.a.j.t.JMeterThread: Thread started: TCC order-show 1-30
2026-09-10 06:56:22,950 INFO o.a.j.t.JMeterThread: Thread started: TCC order-show 1-31
2026-09-10 06:56:22,951 INFO o.a.j.t.JMeterThread: Thread started: TCC order-show 1-32
2026-09-10 06:56:22,951 INFO o.a.j.t.JMeterThread: Thread started: TCC order-show 1-33
2026-09-10 06:56:22,952 INFO o.a.j.t.JMeterThread: Thread started: TCC order-show 1-35
2026-09-10 06:56:22,952 INFO o.a.j.t.JMeterThread: Thread started: TCC order-show 1-34
2026-09-10 06:56:22,953 INFO o.a.j.t.JMeterThread: Thread started: TCC order-show 1-36
2026-09-10 06:56:22,954 INFO o.a.j.t.JMeterThread: Thread started: TCC order-show 1-37
2026-09-10 06:56:22,954 INFO o.a.j.p.h.s.HTTPHCAbstractImpl: Local host = pop-os
2026-09-10 06:56:22,954 INFO o.a.j.t.JMeterThread: Thread started: TCC order-show 1-38
2026-09-10 06:56:22,955 INFO o.a.j.t.JMeterThread: Thread started: TCC order-show 1-39
2026-09-10 06:56:22,956 INFO o.a.j.t.JMeterThread: Thread started: TCC order-show 1-40
2026-09-10 06:56:22,956 INFO o.a.j.t.JMeterThread: Thread started: TCC order-show 1-41
2026-09-10 06:56:22,957 INFO o.a.j.t.JMeterThread: Thread started: TCC order-show 1-42
2026-09-10 06:56:22,958 INFO o.a.j.t.JMeterThread: Thread started: TCC order-show 1-43
2026-09-10 06:56:22,958 INFO o.a.j.t.JMeterThread: Thread started: TCC order-show 1-44
2026-09-10 06:56:22,959 INFO o.a.j.t.JMeterThread: Thread started: TCC order-show 1-45
2026-09-10 06:56:22,959 INFO o.a.j.t.JMeterThread: Thread started: TCC order-show 1-46
2026-09-10 06:56:22,960 INFO o.a.j.t.JMeterThread: Thread started: TCC order-show 1-47
2026-09-10 06:56:22,960 INFO o.a.j.t.JMeterThread: Thread started: TCC order-show 1-48
2026-09-10 06:56:22,961 INFO o.a.j.t.ThreadGroup: Started thread group number 1
2026-09-10 06:56:22,961 INFO o.a.j.e.StandardJMeterEngine: All thread groups have been started
2026-09-10 06:56:22,961 INFO o.a.j.t.JMeterThread: Thread started: TCC order-show 1-50
2026-09-10 06:56:22,961 INFO o.a.j.t.JMeterThread: Thread started: TCC order-show 1-49
2026-09-10 06:56:22,963 INFO o.a.j.p.h.s.HTTPHC4Impl: HTTP request retry count = 0
2026-09-10 06:56:22,964 INFO o.a.j.s.SampleResult: Note: Sample TimeStamps are START times
2026-09-10 06:56:22,964 INFO o.a.j.s.SampleResult: sampleresult.default.encoding is set to UTF-8
2026-09-10 06:56:22,964 INFO o.a.j.s.SampleResult: sampleresult.useNanoTime=true
2026-09-10 06:56:22,964 INFO o.a.j.s.SampleResult: sampleresult.nanoThreadSleep=5000
2026-09-10 06:56:30,002 INFO o.a.j.r.Summariser: summary +    865 in 00:00:07 =  121.8/s Avg:   351 Min:    30 Max:   634 Err:     0 (0.00%) Active: 50 Started: 50 Finished: 0
2026-09-10 06:57:00,000 INFO o.a.j.r.Summariser: summary +   4229 in 00:00:30 =  141.0/s Avg:   354 Min:   337 Max:   392 Err:     0 (0.00%) Active: 50 Started: 50 Finished: 0
2026-09-10 06:57:00,001 INFO o.a.j.r.Summariser: summary =   5094 in 00:00:37 =  137.3/s Avg:   353 Min:    30 Max:   634 Err:     0 (0.00%)
2026-09-10 06:57:30,001 INFO o.a.j.r.Summariser: summary +   4280 in 00:00:30 =  142.7/s Avg:   350 Min:   330 Max:   409 Err:     0 (0.00%) Active: 50 Started: 50 Finished: 0
2026-09-10 06:57:30,001 INFO o.a.j.r.Summariser: summary =   9374 in 00:01:07 =  139.7/s Avg:   352 Min:    30 Max:   634 Err:     0 (0.00%)
2026-09-10 06:58:00,005 INFO o.a.j.r.Summariser: summary +   4331 in 00:00:30 =  144.3/s Avg:   346 Min:   322 Max:   376 Err:     0 (0.00%) Active: 50 Started: 50 Finished: 0
2026-09-10 06:58:00,006 INFO o.a.j.r.Summariser: summary =  13705 in 00:01:37 =  141.1/s Avg:   350 Min:    30 Max:   634 Err:     0 (0.00%)
2026-09-10 06:58:22,938 INFO o.a.j.t.JMeterThread: Stopping because end time detected by thread: TCC order-show 1-7
2026-09-10 06:58:22,939 INFO o.a.j.t.JMeterThread: Thread finished: TCC order-show 1-7
2026-09-10 06:58:22,952 INFO o.a.j.t.JMeterThread: Stopping because end time detected by thread: TCC order-show 1-10
2026-09-10 06:58:22,952 INFO o.a.j.t.JMeterThread: Thread finished: TCC order-show 1-10
2026-09-10 06:58:22,959 INFO o.a.j.t.JMeterThread: Stopping because end time detected by thread: TCC order-show 1-20
2026-09-10 06:58:22,959 INFO o.a.j.t.JMeterThread: Thread finished: TCC order-show 1-20
2026-09-10 06:58:22,966 INFO o.a.j.t.JMeterThread: Stopping because end time detected by thread: TCC order-show 1-47
2026-09-10 06:58:22,966 INFO o.a.j.t.JMeterThread: Thread finished: TCC order-show 1-47
2026-09-10 06:58:22,972 INFO o.a.j.t.JMeterThread: Stopping because end time detected by thread: TCC order-show 1-40
2026-09-10 06:58:22,973 INFO o.a.j.t.JMeterThread: Thread finished: TCC order-show 1-40
2026-09-10 06:58:22,979 INFO o.a.j.t.JMeterThread: Stopping because end time detected by thread: TCC order-show 1-1
2026-09-10 06:58:22,979 INFO o.a.j.t.JMeterThread: Thread finished: TCC order-show 1-1
2026-09-10 06:58:22,986 INFO o.a.j.t.JMeterThread: Stopping because end time detected by thread: TCC order-show 1-34
2026-09-10 06:58:22,986 INFO o.a.j.t.JMeterThread: Thread finished: TCC order-show 1-34
2026-09-10 06:58:22,992 INFO o.a.j.t.JMeterThread: Stopping because end time detected by thread: TCC order-show 1-22
2026-09-10 06:58:22,993 INFO o.a.j.t.JMeterThread: Thread finished: TCC order-show 1-22
2026-09-10 06:58:22,999 INFO o.a.j.t.JMeterThread: Stopping because end time detected by thread: TCC order-show 1-33
2026-09-10 06:58:22,999 INFO o.a.j.t.JMeterThread: Thread finished: TCC order-show 1-33
2026-09-10 06:58:23,005 INFO o.a.j.t.JMeterThread: Stopping because end time detected by thread: TCC order-show 1-23
2026-09-10 06:58:23,006 INFO o.a.j.t.JMeterThread: Thread finished: TCC order-show 1-23
2026-09-10 06:58:23,012 INFO o.a.j.t.JMeterThread: Stopping because end time detected by thread: TCC order-show 1-8
2026-09-10 06:58:23,012 INFO o.a.j.t.JMeterThread: Thread finished: TCC order-show 1-8
2026-09-10 06:58:23,019 INFO o.a.j.t.JMeterThread: Stopping because end time detected by thread: TCC order-show 1-11
2026-09-10 06:58:23,019 INFO o.a.j.t.JMeterThread: Thread finished: TCC order-show 1-11
2026-09-10 06:58:23,027 INFO o.a.j.t.JMeterThread: Stopping because end time detected by thread: TCC order-show 1-2
2026-09-10 06:58:23,027 INFO o.a.j.t.JMeterThread: Thread finished: TCC order-show 1-2
2026-09-10 06:58:23,034 INFO o.a.j.t.JMeterThread: Stopping because end time detected by thread: TCC order-show 1-43
2026-09-10 06:58:23,034 INFO o.a.j.t.JMeterThread: Thread finished: TCC order-show 1-43
2026-09-10 06:58:23,041 INFO o.a.j.t.JMeterThread: Stopping because end time detected by thread: TCC order-show 1-19
2026-09-10 06:58:23,041 INFO o.a.j.t.JMeterThread: Thread finished: TCC order-show 1-19
2026-09-10 06:58:23,048 INFO o.a.j.t.JMeterThread: Stopping because end time detected by thread: TCC order-show 1-21
2026-09-10 06:58:23,049 INFO o.a.j.t.JMeterThread: Thread finished: TCC order-show 1-21
2026-09-10 06:58:23,056 INFO o.a.j.t.JMeterThread: Stopping because end time detected by thread: TCC order-show 1-48
2026-09-10 06:58:23,057 INFO o.a.j.t.JMeterThread: Thread finished: TCC order-show 1-48
2026-09-10 06:58:23,064 INFO o.a.j.t.JMeterThread: Stopping because end time detected by thread: TCC order-show 1-25
2026-09-10 06:58:23,064 INFO o.a.j.t.JMeterThread: Thread finished: TCC order-show 1-25
2026-09-10 06:58:23,071 INFO o.a.j.t.JMeterThread: Stopping because end time detected by thread: TCC order-show 1-9
2026-09-10 06:58:23,071 INFO o.a.j.t.JMeterThread: Thread finished: TCC order-show 1-9
2026-09-10 06:58:23,077 INFO o.a.j.t.JMeterThread: Stopping because end time detected by thread: TCC order-show 1-4
2026-09-10 06:58:23,077 INFO o.a.j.t.JMeterThread: Thread finished: TCC order-show 1-4
2026-09-10 06:58:23,084 INFO o.a.j.t.JMeterThread: Stopping because end time detected by thread: TCC order-show 1-5
2026-09-10 06:58:23,084 INFO o.a.j.t.JMeterThread: Thread finished: TCC order-show 1-5
2026-09-10 06:58:23,090 INFO o.a.j.t.JMeterThread: Stopping because end time detected by thread: TCC order-show 1-46
2026-09-10 06:58:23,091 INFO o.a.j.t.JMeterThread: Thread finished: TCC order-show 1-46
2026-09-10 06:58:23,097 INFO o.a.j.t.JMeterThread: Stopping because end time detected by thread: TCC order-show 1-13
2026-09-10 06:58:23,097 INFO o.a.j.t.JMeterThread: Thread finished: TCC order-show 1-13
2026-09-10 06:58:23,104 INFO o.a.j.t.JMeterThread: Stopping because end time detected by thread: TCC order-show 1-31
2026-09-10 06:58:23,104 INFO o.a.j.t.JMeterThread: Thread finished: TCC order-show 1-31
2026-09-10 06:58:23,110 INFO o.a.j.t.JMeterThread: Stopping because end time detected by thread: TCC order-show 1-38
2026-09-10 06:58:23,111 INFO o.a.j.t.JMeterThread: Thread finished: TCC order-show 1-38
2026-09-10 06:58:23,117 INFO o.a.j.t.JMeterThread: Stopping because end time detected by thread: TCC order-show 1-27
2026-09-10 06:58:23,117 INFO o.a.j.t.JMeterThread: Thread finished: TCC order-show 1-27
2026-09-10 06:58:23,124 INFO o.a.j.t.JMeterThread: Stopping because end time detected by thread: TCC order-show 1-14
2026-09-10 06:58:23,124 INFO o.a.j.t.JMeterThread: Thread finished: TCC order-show 1-14
2026-09-10 06:58:23,130 INFO o.a.j.t.JMeterThread: Stopping because end time detected by thread: TCC order-show 1-45
2026-09-10 06:58:23,130 INFO o.a.j.t.JMeterThread: Thread finished: TCC order-show 1-45
2026-09-10 06:58:23,137 INFO o.a.j.t.JMeterThread: Stopping because end time detected by thread: TCC order-show 1-50
2026-09-10 06:58:23,137 INFO o.a.j.t.JMeterThread: Thread finished: TCC order-show 1-50
2026-09-10 06:58:23,144 INFO o.a.j.t.JMeterThread: Stopping because end time detected by thread: TCC order-show 1-30
2026-09-10 06:58:23,144 INFO o.a.j.t.JMeterThread: Thread finished: TCC order-show 1-30
2026-09-10 06:58:23,151 INFO o.a.j.t.JMeterThread: Stopping because end time detected by thread: TCC order-show 1-29
2026-09-10 06:58:23,151 INFO o.a.j.t.JMeterThread: Thread finished: TCC order-show 1-29
2026-09-10 06:58:23,158 INFO o.a.j.t.JMeterThread: Stopping because end time detected by thread: TCC order-show 1-42
2026-09-10 06:58:23,158 INFO o.a.j.t.JMeterThread: Thread finished: TCC order-show 1-42
2026-09-10 06:58:23,164 INFO o.a.j.t.JMeterThread: Stopping because end time detected by thread: TCC order-show 1-26
2026-09-10 06:58:23,165 INFO o.a.j.t.JMeterThread: Thread finished: TCC order-show 1-26
2026-09-10 06:58:23,171 INFO o.a.j.t.JMeterThread: Stopping because end time detected by thread: TCC order-show 1-12
2026-09-10 06:58:23,171 INFO o.a.j.t.JMeterThread: Thread finished: TCC order-show 1-12
2026-09-10 06:58:23,178 INFO o.a.j.t.JMeterThread: Stopping because end time detected by thread: TCC order-show 1-3
2026-09-10 06:58:23,178 INFO o.a.j.t.JMeterThread: Thread finished: TCC order-show 1-3
2026-09-10 06:58:23,185 INFO o.a.j.t.JMeterThread: Stopping because end time detected by thread: TCC order-show 1-18
2026-09-10 06:58:23,185 INFO o.a.j.t.JMeterThread: Thread finished: TCC order-show 1-18
2026-09-10 06:58:23,192 INFO o.a.j.t.JMeterThread: Stopping because end time detected by thread: TCC order-show 1-37
2026-09-10 06:58:23,192 INFO o.a.j.t.JMeterThread: Thread finished: TCC order-show 1-37
2026-09-10 06:58:23,199 INFO o.a.j.t.JMeterThread: Stopping because end time detected by thread: TCC order-show 1-24
2026-09-10 06:58:23,200 INFO o.a.j.t.JMeterThread: Thread finished: TCC order-show 1-24
2026-09-10 06:58:23,206 INFO o.a.j.t.JMeterThread: Stopping because end time detected by thread: TCC order-show 1-35
2026-09-10 06:58:23,206 INFO o.a.j.t.JMeterThread: Thread finished: TCC order-show 1-35
2026-09-10 06:58:23,213 INFO o.a.j.t.JMeterThread: Stopping because end time detected by thread: TCC order-show 1-41
2026-09-10 06:58:23,213 INFO o.a.j.t.JMeterThread: Thread finished: TCC order-show 1-41
2026-09-10 06:58:23,220 INFO o.a.j.t.JMeterThread: Stopping because end time detected by thread: TCC order-show 1-15
2026-09-10 06:58:23,220 INFO o.a.j.t.JMeterThread: Thread finished: TCC order-show 1-15
2026-09-10 06:58:23,227 INFO o.a.j.t.JMeterThread: Stopping because end time detected by thread: TCC order-show 1-6
2026-09-10 06:58:23,227 INFO o.a.j.t.JMeterThread: Thread finished: TCC order-show 1-6
2026-09-10 06:58:23,233 INFO o.a.j.t.JMeterThread: Stopping because end time detected by thread: TCC order-show 1-16
2026-09-10 06:58:23,234 INFO o.a.j.t.JMeterThread: Thread finished: TCC order-show 1-16
2026-09-10 06:58:23,240 INFO o.a.j.t.JMeterThread: Stopping because end time detected by thread: TCC order-show 1-28
2026-09-10 06:58:23,240 INFO o.a.j.t.JMeterThread: Thread finished: TCC order-show 1-28
2026-09-10 06:58:23,247 INFO o.a.j.t.JMeterThread: Stopping because end time detected by thread: TCC order-show 1-32
2026-09-10 06:58:23,247 INFO o.a.j.t.JMeterThread: Thread finished: TCC order-show 1-32
2026-09-10 06:58:23,253 INFO o.a.j.t.JMeterThread: Stopping because end time detected by thread: TCC order-show 1-39
2026-09-10 06:58:23,254 INFO o.a.j.t.JMeterThread: Thread finished: TCC order-show 1-39
2026-09-10 06:58:23,260 INFO o.a.j.t.JMeterThread: Stopping because end time detected by thread: TCC order-show 1-36
2026-09-10 06:58:23,260 INFO o.a.j.t.JMeterThread: Thread finished: TCC order-show 1-36
2026-09-10 06:58:23,267 INFO o.a.j.t.JMeterThread: Stopping because end time detected by thread: TCC order-show 1-17
2026-09-10 06:58:23,268 INFO o.a.j.t.JMeterThread: Thread finished: TCC order-show 1-17
2026-09-10 06:58:23,274 INFO o.a.j.t.JMeterThread: Stopping because end time detected by thread: TCC order-show 1-49
2026-09-10 06:58:23,274 INFO o.a.j.t.JMeterThread: Thread finished: TCC order-show 1-49
2026-09-10 06:58:23,281 INFO o.a.j.t.JMeterThread: Stopping because end time detected by thread: TCC order-show 1-44
2026-09-10 06:58:23,281 INFO o.a.j.t.JMeterThread: Thread finished: TCC order-show 1-44
2026-09-10 06:58:23,282 INFO o.a.j.e.StandardJMeterEngine: Notifying test listeners of end of test
2026-09-10 06:58:23,285 INFO o.a.j.r.Summariser: summary +   3364 in 00:00:23 =  144.5/s Avg:   345 Min:   323 Max:   360 Err:     0 (0.00%) Active: 0 Started: 50 Finished: 50
2026-09-10 06:58:23,285 INFO o.a.j.r.Summariser: summary =  17069 in 00:02:00 =  141.8/s Avg:   349 Min:    30 Max:   634 Err:     0 (0.00%)
